|* ro_ring5 transient-noise jitter accumulation -- issue #10 flagship config
|*
|* Purpose: issue #10 acceptance criterion 2. Measures period T0 (`tbar`)
|* and jitter accumulation sigma_1/sigma_2/sigma_4/sigma_8 (`sigma_N`) for
|* design/ro_ring5.spice's 5-stage starved ring (1 ro_nand2 enable/stop
|* stage + 4 ro_stage delay cells -- design/README.md's "the cheap
|* transient-noise vehicle for the jitter characterization", explicitly
|* named in design/xschem/ for exactly this purpose), across the sky130
|* PVT grid.
|*
|* This is the campaign's FULL 27-point-grid flagship configuration (the
|* full {tt,ss,ff} x {-40,27,125 degC} x {nominal +/-10% supply} grid, per
|* spec/porting-plan.md Sec 3.1/DR-0006-style reduced-grid convention).
|* design/ro_ring11.sch (the actual 11-stage array ring) is the more
|* expensive config and is only run at the 3 PVT headline points -- see
|* tb_ro_ring11_jitter.spice's own header for why, and this ring's own
|* wall-clock-cost re-measurement below.
|*
|* Method (adapted from gf180-trng's sim/tb/ro-inv-05stage-jitter/, cited by
|* spec/porting-plan.md Sec 3.2 as "device-physics testbenches (re-run on
|* sky130 devices, not ported as evidence)"): ngspice's own .tran analysis
|* does not include intrinsic BSIM4 device noise (this is a general ngspice
|* architecture fact, not a PDK-specific one -- confirmed against this
|* checkout's own ngspice build during this campaign's development: a
|* purely deterministic .tran of this same ring, no injected sources at
|* all, converges to a bit-exact repeating period with zero run-to-run
|* seed sensitivity). So every stage's input carries an explicit trnoise()
|* voltage source, in series, exactly mirroring gf180-trng's per-stage
|* injection topology (ro -> gA -> nand2 -> n1 -> gB -> stage1 -> n2 -> ...
|* -> n4 -> gE -> stage4 -> ro).
|*
|* trnoise() calibration: NA=2.0e-3 (V rms), NT=2e-10 (s) -> one-sided
|* injected PSD S_inj = 2*NA^2*NT = 1.6e-15 V^2/Hz (4.0e-08 V/sqrt(Hz)),
|* anchored to sim/ro-stage-noise-mechanism-check/records/
|* 20260825-022446-d58d709.md's own measured onoise_spectrum density near
|* 1 GHz (~4.0e-08 V/sqrt(Hz) at tt, the closest sampled frequency to this
|* ring's own oscillation band) -- the same "anchor the fixed injection
|* level to the device's own measured near-oscillation-band noise density"
|* method gf180-trng's characterization-ro-delay-cell-jitter.md documents
|* (see its "Device .noise cross-check" section), simplified here to a
|* single anchor point rather than a full new per-corner device-.noise
|* sweep (out of this issue's budget -- see this record's caveats).
|* NT=2e-10 gives an implied noise bandwidth (~1/(2*NT) = 2.5 GHz) safely
|* above every oscillation frequency measured in this campaign's own grid.
|* CAVEAT: this is a single fixed injection level, not re-measured per
|* corner -- treat every sigma_N figure below as good to a factor of
|* roughly 1.5-2x, per gf180-trng's own precedent for the same method
|* (its characterization-ro-delay-cell-jitter.md's "Safe to size against"
|* item 5).
|*
|* Wall-clock cost, re-measured for sky130 (spec/porting-plan.md Sec 2.2
|* explicitly asks for this re-measurement rather than assuming gf180-trng's
|* own ~130-150s/run figure ports). Measured on this campaign's development
|* machine (8-core x86-64, ngspice-46, sky130A c6d73a35):
|*
|*   - ~1.9 s of wall clock per simulated ns for this 5-stage ring at
|*     `.tran 5p`, i.e. ~215 s per corner point at this deck's 115 ns tstop.
|*   - That cost is set by the transient step count, NOT by trnoise(): the
|*     same ring, same tstop, same max step, with the trnoise() sources
|*     replaced by plain `dc 0` sources, measured within a few percent of
|*     the same wall clock. (An earlier draft of this header asserted a
|*     ~475x trnoise penalty at NT=1e-11; that figure did not survive
|*     re-measurement at NT=2e-10 and has been struck.)
|*   - ro_ring11 is ~2.2x the devices AND ~2.2x the period, so it costs
|*     ~5x per measured period. That is why THIS ring, not ro_ring11, is
|*     the full-27-point-grid flagship and ro_ring11 runs only the 3
|*     headline points -- exactly the DR-0006 cost/coverage trade-off,
|*     re-measured on sky130 rather than inherited.
|*
|* tstop = 115 ns is sized from a deterministic (noise-free) period probe
|* run over the grid's extremes before this deck was fixed: the slowest
|* corner measured is 4.82 ns/period (ss / -40 degC / 1.62 V; the low-supply
|* edge dominates -- ss/1.98 V runs 2.02 ns/period, a 2.4x supply swing,
|* while -40 -> +125 degC at fixed supply moves it under 2%). 21 rising
|* crossings therefore need <= 5 + 20 x 4.82 = 101 ns, and 115 ns carries
|* the margin. A single uniform tstop across all 27 points (rather than a
|* per-corner one) keeps every record's measurement window identical.
|*
|* 20 periods measured (21 rising crossings, rise=2..22; the first rising
|* edge is discarded as `.ic` startup transient, per gf180-trng's own
|* convention), NOT gf180-trng's 128 -- a budget-driven reduction, made
|* deliberately per spec/porting-plan.md Sec 2.2's prompt to re-measure
|* DR-0006's cost/coverage trade-off rather than copy it: 128 periods at
|* this ring's worst-corner 4.82 ns period would need a ~620 ns tstop, ~20
|* min per corner point, ~9 h for the 27-point grid alone. CAVEAT: with 20
|* period samples the sigma_1 estimator itself carries ~16% (1-sigma)
|* statistical error, hence ~32% on sigma_1^2 and therefore on Q -- that is
|* the resolution floor for any corner-to-corner Q comparison read off this
|* grid, and the reduction in sim/ro-array-sizing/ states it as such.
|* sigma_1/sigma_2/sigma_4/sigma_8 only (no sigma_16/sigma_32 --
|* gf180-trng's own accumulated-jitter figures at N>=16 were themselves
|* flagged as "not yet resolvable trends" even at their much larger
|* period/seed count). CAVEAT: single seed per PVT point (gf180-trng used
|* >=4) -- seed-to-seed spread is NOT characterized by this campaign; a
|* documented gap, not a silent omission. The seed is deliberately held
|* CONSTANT across every point of the grid (common random numbers), so
|* corner-to-corner Q differences are not additionally confounded by
|* seed-to-seed variation.
|*
|* This file is a TEMPLATE: sim/bin/corner-run.py substitutes /home/ubuntu/.volare/volare/sky130/versions/c6d73a35f524070e85faff4a6a9eef49553ebc2b/sky130A/libs.tech/combined/sky130.lib.spice,
|* ff (process axis), /home/ubuntu/GitHub/sky130-trng/.loom/worktrees/issue-10/design/ro_ring5.spice (unused by this file -- the ring
|* is built in place from ro_nand2/ro_stage, both defined by
|* design/ro_ring5.spice, which /home/ubuntu/GitHub/sky130-trng/.loom/worktrees/issue-10/design/ro_ring5.spice still names, so --ro-ring5's
|* default is exactly the file this deck needs .include'd), 27.0/1.62
|* (the other two PVT axes) and 1 (this run's `.option seed=`). As
|* committed here this is not a runnable deck.
|
|.option scale=1u
|.lib "/home/ubuntu/.volare/volare/sky130/versions/c6d73a35f524070e85faff4a6a9eef49553ebc2b/sky130A/libs.tech/combined/sky130.lib.spice" ff
|
|.include "/home/ubuntu/GitHub/sky130-trng/.loom/worktrees/issue-10/design/ro_ring5.spice"
|
|.temp 27.0
|.option seed=1
|
|Vddr vddr 0 dc 1.62
|Ven en 0 dc 1.62
|
|xg gA en n1 vddr 0 ro_nand2
|VnA gA ro dc 0 trnoise(2.0e-3 2e-10 0 0)
|x1 gB n2 vddr 0 ro_stage
|VnB gB n1 dc 0 trnoise(2.0e-3 2e-10 0 0)
|x2 gC n3 vddr 0 ro_stage
|VnC gC n2 dc 0 trnoise(2.0e-3 2e-10 0 0)
|x3 gD n4 vddr 0 ro_stage
|VnD gD n3 dc 0 trnoise(2.0e-3 2e-10 0 0)
|x4 gE ro vddr 0 ro_stage
|VnE gE n4 dc 0 trnoise(2.0e-3 2e-10 0 0)
|
|.ic v(ro)=0 v(n1)=1.62 v(n2)=0 v(n3)=1.62 v(n4)=0
|
|.tran 20p 115n uic
|
|.control
|run
|meas tran vmax_ss MAX v(ro) from=20n to=115n
|meas tran vmin_ss MIN v(ro) from=20n to=115n
|let swing_frac = (vmax_ss - vmin_ss) / 1.62
|let k = 2
|let tc = vector(21)
|while k <= 22
|  meas tran tk when v(ro)=0.5*1.62 rise=$&k
|  let tc[k-2] = tk
|  let k = k + 1
|end
|let tbar = (tc[20] - tc[0])/20
|let r1 = (tc[1,20] - tc[0,19]) - 1*tbar
|let r2 = (tc[2,20] - tc[0,18]) - 2*tbar
|let r4 = (tc[4,20] - tc[0,16]) - 4*tbar
|let r8 = (tc[8,20] - tc[0,12]) - 8*tbar
|let sigma_1 = sqrt(mean(r1*r1)/(1 - 1/20))
|let sigma_2 = sqrt(mean(r2*r2)/(1 - 2/20))
|let sigma_4 = sqrt(mean(r4*r4)/(1 - 4/20))
|let sigma_8 = sqrt(mean(r8*r8)/(1 - 8/20))
|print vmax_ss
|print vmin_ss
|print swing_frac
|print tbar
|print sigma_1
|print sigma_2
|print sigma_4
|print sigma_8
|.endc
|.end
|

----- stdout -----

Note: No compatibility mode selected!


Circuit: * ro_ring5 transient-noise jitter accumulation -- issue #10 flagship config

Doing analysis at TEMP = 27.000000 and TNOM = 27.000000

Using SPARSE 1.3 as Direct Linear Solver
Operating point simulation skipped by 'uic',
  now using transient initial conditions.
 Reference value :  2.00000e-13
 Reference value :  2.28488e-13
 Reference value :  3.99413e-13
 Reference value :  9.34168e-13
 Reference value :  2.77529e-12
 Reference value :  1.29112e-11
 Reference value :  2.21795e-11
 Reference value :  4.25210e-11
 Reference value :  8.25210e-11
 Reference value :  1.22521e-10
 Reference value :  1.62521e-10
 Reference value :  2.00000e-10
 Reference value :  2.14000e-10
 Reference value :  2.70000e-10
 Reference value :  3.10000e-10
 Reference value :  3.70000e-10
 Reference value :  4.02000e-10
 Reference value :  4.30000e-10
 Reference value :  5.10000e-10
 Reference value :  5.70000e-10
 Reference value :  6.00000e-10
 Reference value :  6.14000e-10
 Reference value :  6.50000e-10
 Reference value :  7.10000e-10
 Reference value :  7.70000e-10
 Reference value :  8.02000e-10
 Reference value :  8.50000e-10
 Reference value :  9.30000e-10
 Reference value :  9.85000e-10
 Reference value :  1.00600e-09
 Reference value :  1.05000e-09
 Reference value :  1.11000e-09
 Reference value :  1.17000e-09
 Reference value :  1.20200e-09
 Reference value :  1.25000e-09
 Reference value :  1.31000e-09
 Reference value :  1.37000e-09
 Reference value :  1.40600e-09
 Reference value :  1.45000e-09
 Reference value :  1.53000e-09
 Reference value :  1.60000e-09
 Reference value :  1.63000e-09
 Reference value :  1.69000e-09
 Reference value :  1.77000e-09
 Reference value :  1.80200e-09
 Reference value :  1.85000e-09
 Reference value :  1.93000e-09
 Reference value :  2.00000e-09
 Reference value :  2.05000e-09
 Reference value :  2.17000e-09
 Reference value :  2.21400e-09
 Reference value :  2.29000e-09
 Reference value :  2.37000e-09
 Reference value :  2.40600e-09
 Reference value :  2.47000e-09
 Reference value :  2.55000e-09
 Reference value :  2.60200e-09
 Reference value :  2.67000e-09
 Reference value :  2.75000e-09
 Reference value :  2.81400e-09
 Reference value :  2.87000e-09
 Reference value :  2.93000e-09
 Reference value :  2.98500e-09
 Reference value :  3.00600e-09
 Reference value :  3.05000e-09
 Reference value :  3.09000e-09
 Reference value :  3.13000e-09
 Reference value :  3.17000e-09
 Reference value :  3.20000e-09
 Reference value :  3.21400e-09
 Reference value :  3.27000e-09
 Reference value :  3.33000e-09
 Reference value :  3.40000e-09
 Reference value :  3.43000e-09
 Reference value :  3.49000e-09
 Reference value :  3.55000e-09
 Reference value :  3.60000e-09
 Reference value :  3.63000e-09
 Reference value :  3.69000e-09
 Reference value :  3.75000e-09
 Reference value :  3.80000e-09
 Reference value :  3.83000e-09
 Reference value :  3.91000e-09
 Reference value :  3.97000e-09
 Reference value :  4.00200e-09
 Reference value :  4.03000e-09
 Reference value :  4.07000e-09
 Reference value :  4.13000e-09
 Reference value :  4.20000e-09
 Reference value :  4.23000e-09
 Reference value :  4.29000e-09
 Reference value :  4.35000e-09
 Reference value :  4.40000e-09
 Reference value :  4.41400e-09
 Reference value :  4.47000e-09
 Reference value :  4.53000e-09
 Reference value :  4.57000e-09
 Reference value :  4.60200e-09
 Reference value :  4.63000e-09
 Reference value :  4.69000e-09
 Reference value :  4.75000e-09
 Reference value :  4.80000e-09
 Reference value :  4.83000e-09
 Reference value :  4.89000e-09
 Reference value :  4.95000e-09
 Reference value :  5.00000e-09
 Reference value :  5.03000e-09
 Reference value :  5.09000e-09
 Reference value :  5.13000e-09
 Reference value :  5.17000e-09
 Reference value :  5.20200e-09
 Reference value :  5.25000e-09
 Reference value :  5.31000e-09
 Reference value :  5.38500e-09
 Reference value :  5.41400e-09
 Reference value :  5.47000e-09
 Reference value :  5.53000e-09
 Reference value :  5.60000e-09
 Reference value :  5.63000e-09
 Reference value :  5.69000e-09
 Reference value :  5.73000e-09
 Reference value :  5.77000e-09
 Reference value :  5.80000e-09
 Reference value :  5.83000e-09
 Reference value :  5.89000e-09
 Reference value :  5.95000e-09
 Reference value :  5.98500e-09
 Reference value :  6.00600e-09
 Reference value :  6.03000e-09
 Reference value :  6.09000e-09
 Reference value :  6.13000e-09
 Reference value :  6.18500e-09
 Reference value :  6.20600e-09
 Reference value :  6.25000e-09
 Reference value :  6.31000e-09
 Reference value :  6.37000e-09
 Reference value :  6.40200e-09
 Reference value :  6.43000e-09
 Reference value :  6.49000e-09
 Reference value :  6.53000e-09
 Reference value :  6.57000e-09
 Reference value :  6.60000e-09
 Reference value :  6.61400e-09
 Reference value :  6.67000e-09
 Reference value :  6.71000e-09
 Reference value :  6.77000e-09
 Reference value :  6.80200e-09
 Reference value :  6.85000e-09
 Reference value :  6.91000e-09
 Reference value :  6.97000e-09
 Reference value :  7.00600e-09
 Reference value :  7.05000e-09
 Reference value :  7.09000e-09
 Reference value :  7.13000e-09
 Reference value :  7.17000e-09
 Reference value :  7.20000e-09
 Reference value :  7.21400e-09
 Reference value :  7.27000e-09
 Reference value :  7.33000e-09
 Reference value :  7.38500e-09
 Reference value :  7.40200e-09
 Reference value :  7.43000e-09
 Reference value :  7.49000e-09
 Reference value :  7.55000e-09
 Reference value :  7.60000e-09
 Reference value :  7.63000e-09
 Reference value :  7.67000e-09
 Reference value :  7.71000e-09
 Reference value :  7.77000e-09
 Reference value :  7.80600e-09
 Reference value :  7.87000e-09
 Reference value :  7.93000e-09
 Reference value :  7.98500e-09
 Reference value :  8.00600e-09
 Reference value :  8.05000e-09
 Reference value :  8.11000e-09
 Reference value :  8.17000e-09
 Reference value :  8.20200e-09
 Reference value :  8.25000e-09
 Reference value :  8.29000e-09
 Reference value :  8.33000e-09
 Reference value :  8.38500e-09
 Reference value :  8.41400e-09
 Reference value :  8.47000e-09
 Reference value :  8.53000e-09
 Reference value :  8.58500e-09
 Reference value :  8.60600e-09
 Reference value :  8.65000e-09
 Reference value :  8.69000e-09
 Reference value :  8.73000e-09
 Reference value :  8.80000e-09
 Reference value :  8.81400e-09
 Reference value :  8.85000e-09
 Reference value :  8.89000e-09
 Reference value :  8.93000e-09
 Reference value :  8.97000e-09
 Reference value :  9.00200e-09
 Reference value :  9.03000e-09
 Reference value :  9.11000e-09
 Reference value :  9.17000e-09
 Reference value :  9.20600e-09
 Reference value :  9.25000e-09
 Reference value :  9.33000e-09
 Reference value :  9.38500e-09
 Reference value :  9.40600e-09
 Reference value :  9.45000e-09
 Reference value :  9.51000e-09
 Reference value :  9.57000e-09
 Reference value :  9.60600e-09
 Reference value :  9.67000e-09
 Reference value :  9.73000e-09
 Reference value :  9.77000e-09
 Reference value :  9.80000e-09
 Reference value :  9.83000e-09
 Reference value :  9.91000e-09
 Reference value :  9.97000e-09
 Reference value :  1.00020e-08
 Reference value :  1.00300e-08
 Reference value :  1.00900e-08
 Reference value :  1.01300e-08
 Reference value :  1.01850e-08
 Reference value :  1.02140e-08
 Reference value :  1.02700e-08
 Reference value :  1.03300e-08
 Reference value :  1.03850e-08
 Reference value :  1.04060e-08
 Reference value :  1.04500e-08
 Reference value :  1.05100e-08
 Reference value :  1.05700e-08
 Reference value :  1.06020e-08
 Reference value :  1.06500e-08
 Reference value :  1.07100e-08
 Reference value :  1.07700e-08
 Reference value :  1.08020e-08
 Reference value :  1.08300e-08
 Reference value :  1.08900e-08
 Reference value :  1.09500e-08
 Reference value :  1.10000e-08
 Reference value :  1.10140e-08
 Reference value :  1.10700e-08
 Reference value :  1.11100e-08
 Reference value :  1.11700e-08
 Reference value :  1.12020e-08
 Reference value :  1.12500e-08
 Reference value :  1.13100e-08
 Reference value :  1.13850e-08
 Reference value :  1.14140e-08
 Reference value :  1.14700e-08
 Reference value :  1.15300e-08
 Reference value :  1.15700e-08
 Reference value :  1.16020e-08
 Reference value :  1.16300e-08
 Reference value :  1.16900e-08
 Reference value :  1.17500e-08
 Reference value :  1.18000e-08
 Reference value :  1.18140e-08
 Reference value :  1.18700e-08
 Reference value :  1.19500e-08
 Reference value :  1.20000e-08
 Reference value :  1.20300e-08
 Reference value :  1.20900e-08
 Reference value :  1.21300e-08
 Reference value :  1.22000e-08
 Reference value :  1.22300e-08
 Reference value :  1.22900e-08
 Reference value :  1.23300e-08
 Reference value :  1.23700e-08
 Reference value :  1.24020e-08
 Reference value :  1.24500e-08
 Reference value :  1.25300e-08
 Reference value :  1.25850e-08
 Reference value :  1.26060e-08
 Reference value :  1.26500e-08
 Reference value :  1.27100e-08
 Reference value :  1.27850e-08
 Reference value :  1.28060e-08
 Reference value :  1.28500e-08
 Reference value :  1.28900e-08
 Reference value :  1.29500e-08
 Reference value :  1.29850e-08
 Reference value :  1.30060e-08
 Reference value :  1.30700e-08
 Reference value :  1.31300e-08
 Reference value :  1.31700e-08
 Reference value :  1.32000e-08
 Reference value :  1.32300e-08
 Reference value :  1.33100e-08
 Reference value :  1.33700e-08
 Reference value :  1.34020e-08
 Reference value :  1.34300e-08
 Reference value :  1.34700e-08
 Reference value :  1.35300e-08
 Reference value :  1.35700e-08
 Reference value :  1.36020e-08
 Reference value :  1.36300e-08
 Reference value :  1.36900e-08
 Reference value :  1.37500e-08
 Reference value :  1.38000e-08
 Reference value :  1.38300e-08
 Reference value :  1.38900e-08
 Reference value :  1.39500e-08
 Reference value :  1.40000e-08
 Reference value :  1.40300e-08
 Reference value :  1.40900e-08
 Reference value :  1.41300e-08
 Reference value :  1.41850e-08
 Reference value :  1.42060e-08
 Reference value :  1.42500e-08
 Reference value :  1.43100e-08
 Reference value :  1.43500e-08
 Reference value :  1.44000e-08
 Reference value :  1.44140e-08
 Reference value :  1.44700e-08
 Reference value :  1.45500e-08
 Reference value :  1.45850e-08
 Reference value :  1.46060e-08
 Reference value :  1.46300e-08
 Reference value :  1.46700e-08
 Reference value :  1.47100e-08
 Reference value :  1.47700e-08
 Reference value :  1.48060e-08
 Reference value :  1.48700e-08
 Reference value :  1.49100e-08
 Reference value :  1.49700e-08
 Reference value :  1.50020e-08
 Reference value :  1.50300e-08
 Reference value :  1.50900e-08
 Reference value :  1.51500e-08
 Reference value :  1.52000e-08
 Reference value :  1.52300e-08
 Reference value :  1.52900e-08
 Reference value :  1.53500e-08
 Reference value :  1.54000e-08
 Reference value :  1.54300e-08
 Reference value :  1.54900e-08
 Reference value :  1.55500e-08
 Reference value :  1.56000e-08
 Reference value :  1.56140e-08
 Reference value :  1.56700e-08
 Reference value :  1.57100e-08
 Reference value :  1.57700e-08
 Reference value :  1.58000e-08
 Reference value :  1.58140e-08
 Reference value :  1.58500e-08
 Reference value :  1.59100e-08
 Reference value :  1.59700e-08
 Reference value :  1.60000e-08
 Reference value :  1.60140e-08
 Reference value :  1.60500e-08
 Reference value :  1.61100e-08
 Reference value :  1.61700e-08
 Reference value :  1.62020e-08
 Reference value :  1.62300e-08
 Reference value :  1.62700e-08
 Reference value :  1.63100e-08
 Reference value :  1.63500e-08
 Reference value :  1.64000e-08
 Reference value :  1.64140e-08
 Reference value :  1.64700e-08
 Reference value :  1.65300e-08
 Reference value :  1.65850e-08
 Reference value :  1.66060e-08
 Reference value :  1.66500e-08
 Reference value :  1.67100e-08
 Reference value :  1.67500e-08
 Reference value :  1.68000e-08
 Reference value :  1.68300e-08
 Reference value :  1.68900e-08
 Reference value :  1.69300e-08
 Reference value :  1.69700e-08
 Reference value :  1.70020e-08
 Reference value :  1.70500e-08
 Reference value :  1.71100e-08
 Reference value :  1.71700e-08
 Reference value :  1.72020e-08
 Reference value :  1.72300e-08
 Reference value :  1.72700e-08
 Reference value :  1.73300e-08
 Reference value :  1.73850e-08
 Reference value :  1.74140e-08
 Reference value :  1.74700e-08
 Reference value :  1.75100e-08
 Reference value :  1.75500e-08
 Reference value :  1.76000e-08
 Reference value :  1.76300e-08
 Reference value :  1.77100e-08
 Reference value :  1.77700e-08
 Reference value :  1.78000e-08
 Reference value :  1.78300e-08
 Reference value :  1.78900e-08
 Reference value :  1.79500e-08
 Reference value :  1.80000e-08
 Reference value :  1.80300e-08
 Reference value :  1.80700e-08
 Reference value :  1.81300e-08
 Reference value :  1.81700e-08
 Reference value :  1.82020e-08
 Reference value :  1.82300e-08
 Reference value :  1.82900e-08
 Reference value :  1.83300e-08
 Reference value :  1.83850e-08
 Reference value :  1.84060e-08
 Reference value :  1.84500e-08
 Reference value :  1.85300e-08
 Reference value :  1.85700e-08
 Reference value :  1.86000e-08
 Reference value :  1.86140e-08
 Reference value :  1.86700e-08
 Reference value :  1.87100e-08
 Reference value :  1.87700e-08
 Reference value :  1.88060e-08
 Reference value :  1.88500e-08
 Reference value :  1.89100e-08
 Reference value :  1.89700e-08
 Reference value :  1.90020e-08
 Reference value :  1.90500e-08
 Reference value :  1.91100e-08
 Reference value :  1.91500e-08
 Reference value :  1.91850e-08
 Reference value :  1.92020e-08
 Reference value :  1.92300e-08
 Reference value :  1.92900e-08
 Reference value :  1.93500e-08
 Reference value :  1.94000e-08
 Reference value :  1.94140e-08
 Reference value :  1.94700e-08
 Reference value :  1.95100e-08
 Reference value :  1.95700e-08
 Reference value :  1.96020e-08
 Reference value :  1.96300e-08
 Reference value :  1.96700e-08
 Reference value :  1.97100e-08
 Reference value :  1.97700e-08
 Reference value :  1.98000e-08
 Reference value :  1.98140e-08
 Reference value :  1.98700e-08
 Reference value :  1.99300e-08
 Reference value :  2.00000e-08
 Reference value :  2.00300e-08
 Reference value :  2.00900e-08
 Reference value :  2.01500e-08
 Reference value :  2.02000e-08
 Reference value :  2.02300e-08
 Reference value :  2.02900e-08
 Reference value :  2.03300e-08
 Reference value :  2.03850e-08
 Reference value :  2.04140e-08
 Reference value :  2.04900e-08
 Reference value :  2.05700e-08
 Reference value :  2.06060e-08
 Reference value :  2.06500e-08
 Reference value :  2.06900e-08
 Reference value :  2.07300e-08
 Reference value :  2.08000e-08
 Reference value :  2.08300e-08
 Reference value :  2.08900e-08
 Reference value :  2.09500e-08
 Reference value :  2.09850e-08
 Reference value :  2.10060e-08
 Reference value :  2.10700e-08
 Reference value :  2.11500e-08
 Reference value :  2.12000e-08
 Reference value :  2.12300e-08
 Reference value :  2.12900e-08
 Reference value :  2.13500e-08
 Reference value :  2.14000e-08
 Reference value :  2.14300e-08
 Reference value :  2.14900e-08
 Reference value :  2.15500e-08
 Reference value :  2.16000e-08
 Reference value :  2.16140e-08
 Reference value :  2.16900e-08
 Reference value :  2.17500e-08
 Reference value :  2.18000e-08
 Reference value :  2.18300e-08
 Reference value :  2.18900e-08
 Reference value :  2.19500e-08
 Reference value :  2.19850e-08
 Reference value :  2.20060e-08
 Reference value :  2.20500e-08
 Reference value :  2.20900e-08
 Reference value :  2.21500e-08
 Reference value :  2.22000e-08
 Reference value :  2.22300e-08
 Reference value :  2.22900e-08
 Reference value :  2.23300e-08
 Reference value :  2.23700e-08
 Reference value :  2.24020e-08
 Reference value :  2.24500e-08
 Reference value :  2.25100e-08
 Reference value :  2.25700e-08
 Reference value :  2.26060e-08
 Reference value :  2.26500e-08
 Reference value :  2.27100e-08
 Reference value :  2.27700e-08
 Reference value :  2.28020e-08
 Reference value :  2.28300e-08
 Reference value :  2.29100e-08
 Reference value :  2.29500e-08
 Reference value :  2.29850e-08
 Reference value :  2.30060e-08
 Reference value :  2.30500e-08
 Reference value :  2.31300e-08
 Reference value :  2.31850e-08
 Reference value :  2.32060e-08
 Reference value :  2.32500e-08
 Reference value :  2.32900e-08
 Reference value :  2.33300e-08
 Reference value :  2.33850e-08
 Reference value :  2.34140e-08
 Reference value :  2.34700e-08
 Reference value :  2.35300e-08
 Reference value :  2.35850e-08
 Reference value :  2.36140e-08
 Reference value :  2.36900e-08
 Reference value :  2.37500e-08
 Reference value :  2.38000e-08
 Reference value :  2.38300e-08
 Reference value :  2.38900e-08
 Reference value :  2.39700e-08
 Reference value :  2.40060e-08
 Reference value :  2.40500e-08
 Reference value :  2.40900e-08
 Reference value :  2.41500e-08
 Reference value :  2.42000e-08
 Reference value :  2.42300e-08
 Reference value :  2.43100e-08
 Reference value :  2.43700e-08
 Reference value :  2.44020e-08
 Reference value :  2.44300e-08
 Reference value :  2.44900e-08
 Reference value :  2.45700e-08
 Reference value :  2.46060e-08
 Reference value :  2.46500e-08
 Reference value :  2.47100e-08
 Reference value :  2.47850e-08
 Reference value :  2.48060e-08
 Reference value :  2.48500e-08
 Reference value :  2.48900e-08
 Reference value :  2.49500e-08
 Reference value :  2.49850e-08
 Reference value :  2.50140e-08
 Reference value :  2.50900e-08
 Reference value :  2.51500e-08
 Reference value :  2.52000e-08
 Reference value :  2.52140e-08
 Reference value :  2.52700e-08
 Reference value :  2.53300e-08
 Reference value :  2.53850e-08
 Reference value :  2.54060e-08
 Reference value :  2.54700e-08
 Reference value :  2.55300e-08
 Reference value :  2.55850e-08
 Reference value :  2.56140e-08
 Reference value :  2.56900e-08
 Reference value :  2.57700e-08
 Reference value :  2.58020e-08
 Reference value :  2.58300e-08
 Reference value :  2.58700e-08
 Reference value :  2.59300e-08
 Reference value :  2.60020e-08
 Reference value :  2.60300e-08
 Reference value :  2.60700e-08
 Reference value :  2.61100e-08
 Reference value :  2.61700e-08
 Reference value :  2.62020e-08
 Reference value :  2.62500e-08
 Reference value :  2.63300e-08
 Reference value :  2.63850e-08
 Reference value :  2.64060e-08
 Reference value :  2.64500e-08
 Reference value :  2.65100e-08
 Reference value :  2.65700e-08
 Reference value :  2.66000e-08
 Reference value :  2.66300e-08
 Reference value :  2.66700e-08
 Reference value :  2.67100e-08
 Reference value :  2.67700e-08
 Reference value :  2.68060e-08
 Reference value :  2.68500e-08
 Reference value :  2.69100e-08
 Reference value :  2.69500e-08
 Reference value :  2.70000e-08
 Reference value :  2.70300e-08
 Reference value :  2.71100e-08
 Reference value :  2.71700e-08
 Reference value :  2.72000e-08
 Reference value :  2.72300e-08
 Reference value :  2.72700e-08
 Reference value :  2.73300e-08
 Reference value :  2.73850e-08
 Reference value :  2.74140e-08
 Reference value :  2.74700e-08
 Reference value :  2.75100e-08
 Reference value :  2.75500e-08
 Reference value :  2.76000e-08
 Reference value :  2.76300e-08
 Reference value :  2.76900e-08
 Reference value :  2.77300e-08
 Reference value :  2.77700e-08
 Reference value :  2.78020e-08
 Reference value :  2.78300e-08
 Reference value :  2.78900e-08
 Reference value :  2.79500e-08
 Reference value :  2.80020e-08
 Reference value :  2.80300e-08
 Reference value :  2.80700e-08
 Reference value :  2.81100e-08
 Reference value :  2.81700e-08
 Reference value :  2.82020e-08
 Reference value :  2.82300e-08
 Reference value :  2.82700e-08
 Reference value :  2.83100e-08
 Reference value :  2.83500e-08
 Reference value :  2.83850e-08
 Reference value :  2.84060e-08
 Reference value :  2.84500e-08
 Reference value :  2.84900e-08
 Reference value :  2.85500e-08
 Reference value :  2.86000e-08
 Reference value :  2.86140e-08
 Reference value :  2.86500e-08
 Reference value :  2.86900e-08
 Reference value :  2.87300e-08
 Reference value :  2.87850e-08
 Reference value :  2.88060e-08
 Reference value :  2.88500e-08
 Reference value :  2.88900e-08
 Reference value :  2.89300e-08
 Reference value :  2.89700e-08
 Reference value :  2.90000e-08
 Reference value :  2.90140e-08
 Reference value :  2.90700e-08
 Reference value :  2.91300e-08
 Reference value :  2.91850e-08
 Reference value :  2.92060e-08
 Reference value :  2.92500e-08
 Reference value :  2.93100e-08
 Reference value :  2.93700e-08
 Reference value :  2.94020e-08
 Reference value :  2.94300e-08
 Reference value :  2.94700e-08
 Reference value :  2.95100e-08
 Reference value :  2.95700e-08
 Reference value :  2.96020e-08
 Reference value :  2.96300e-08
 Reference value :  2.96900e-08
 Reference value :  2.97500e-08
 Reference value :  2.97850e-08
 Reference value :  2.98060e-08
 Reference value :  2.98500e-08
 Reference value :  2.98900e-08
 Reference value :  2.99500e-08
 Reference value :  3.00000e-08
 Reference value :  3.00140e-08
 Reference value :  3.00500e-08
 Reference value :  3.01100e-08
 Reference value :  3.01500e-08
 Reference value :  3.02000e-08
 Reference value :  3.02300e-08
 Reference value :  3.02900e-08
 Reference value :  3.03500e-08
 Reference value :  3.04000e-08
 Reference value :  3.04140e-08
 Reference value :  3.04700e-08
 Reference value :  3.05300e-08
 Reference value :  3.05850e-08
 Reference value :  3.06060e-08
 Reference value :  3.06500e-08
 Reference value :  3.07100e-08
 Reference value :  3.07700e-08
 Reference value :  3.08060e-08
 Reference value :  3.08500e-08
 Reference value :  3.09100e-08
 Reference value :  3.09700e-08
 Reference value :  3.10000e-08
 Reference value :  3.10300e-08
 Reference value :  3.10700e-08
 Reference value :  3.11100e-08
 Reference value :  3.11500e-08
 Reference value :  3.12000e-08
 Reference value :  3.12300e-08
 Reference value :  3.12900e-08
 Reference value :  3.13300e-08
 Reference value :  3.13850e-08
 Reference value :  3.14140e-08
 Reference value :  3.14900e-08
 Reference value :  3.15300e-08
 Reference value :  3.15700e-08
 Reference value :  3.16020e-08
 Reference value :  3.16300e-08
 Reference value :  3.16900e-08
 Reference value :  3.17500e-08
 Reference value :  3.18000e-08
 Reference value :  3.18140e-08
 Reference value :  3.18700e-08
 Reference value :  3.19300e-08
 Reference value :  3.20000e-08
 Reference value :  3.20300e-08
 Reference value :  3.20900e-08
 Reference value :  3.21300e-08
 Reference value :  3.21700e-08
 Reference value :  3.22020e-08
 Reference value :  3.22500e-08
 Reference value :  3.23100e-08
 Reference value :  3.23500e-08
 Reference value :  3.24000e-08
 Reference value :  3.24300e-08
 Reference value :  3.24700e-08
 Reference value :  3.25100e-08
 Reference value :  3.25850e-08
 Reference value :  3.26020e-08
 Reference value :  3.26500e-08
 Reference value :  3.27100e-08
 Reference value :  3.27700e-08
 Reference value :  3.28020e-08
 Reference value :  3.28500e-08
 Reference value :  3.29100e-08
 Reference value :  3.29700e-08
 Reference value :  3.30000e-08
 Reference value :  3.30140e-08
 Reference value :  3.30500e-08
 Reference value :  3.30900e-08
 Reference value :  3.31500e-08
 Reference value :  3.32000e-08
 Reference value :  3.32140e-08
 Reference value :  3.32500e-08
 Reference value :  3.32900e-08
 Reference value :  3.33500e-08
 Reference value :  3.34000e-08
 Reference value :  3.34140e-08
 Reference value :  3.34700e-08
 Reference value :  3.35300e-08
 Reference value :  3.35850e-08
 Reference value :  3.36060e-08
 Reference value :  3.36500e-08
 Reference value :  3.37100e-08
 Reference value :  3.37500e-08
 Reference value :  3.37850e-08
 Reference value :  3.38060e-08
 Reference value :  3.38500e-08
 Reference value :  3.39100e-08
 Reference value :  3.39500e-08
 Reference value :  3.39850e-08
 Reference value :  3.40060e-08
 Reference value :  3.40500e-08
 Reference value :  3.41100e-08
 Reference value :  3.41500e-08
 Reference value :  3.42000e-08
 Reference value :  3.42140e-08
 Reference value :  3.42700e-08
 Reference value :  3.43300e-08
 Reference value :  3.43850e-08
 Reference value :  3.44060e-08
 Reference value :  3.44300e-08
 Reference value :  3.44900e-08
 Reference value :  3.45300e-08
 Reference value :  3.45850e-08
 Reference value :  3.46060e-08
 Reference value :  3.46300e-08
 Reference value :  3.46700e-08
 Reference value :  3.47100e-08
 Reference value :  3.47500e-08
 Reference value :  3.47850e-08
 Reference value :  3.48140e-08
 Reference value :  3.48900e-08
 Reference value :  3.49500e-08
 Reference value :  3.50000e-08
 Reference value :  3.50300e-08
 Reference value :  3.50900e-08
 Reference value :  3.51500e-08
 Reference value :  3.52000e-08
 Reference value :  3.52140e-08
 Reference value :  3.52500e-08
 Reference value :  3.52900e-08
 Reference value :  3.53300e-08
 Reference value :  3.53850e-08
 Reference value :  3.54060e-08
 Reference value :  3.54500e-08
 Reference value :  3.55100e-08
 Reference value :  3.55700e-08
 Reference value :  3.56020e-08
 Reference value :  3.56300e-08
 Reference value :  3.57100e-08
 Reference value :  3.57700e-08
 Reference value :  3.58000e-08
 Reference value :  3.58300e-08
 Reference value :  3.58700e-08
 Reference value :  3.59300e-08
 Reference value :  3.59850e-08
 Reference value :  3.60060e-08
 Reference value :  3.60500e-08
 Reference value :  3.60900e-08
 Reference value :  3.61300e-08
 Reference value :  3.61700e-08
 Reference value :  3.62000e-08
 Reference value :  3.62300e-08
 Reference value :  3.62900e-08
 Reference value :  3.63300e-08
 Reference value :  3.63850e-08
 Reference value :  3.64060e-08
 Reference value :  3.64700e-08
 Reference value :  3.65100e-08
 Reference value :  3.65700e-08
 Reference value :  3.66020e-08
 Reference value :  3.66300e-08
 Reference value :  3.66700e-08
 Reference value :  3.67100e-08
 Reference value :  3.67700e-08
 Reference value :  3.68020e-08
 Reference value :  3.68300e-08
 Reference value :  3.68700e-08
 Reference value :  3.69300e-08
 Reference value :  3.69850e-08
 Reference value :  3.70060e-08
 Reference value :  3.70500e-08
 Reference value :  3.70900e-08
 Reference value :  3.71700e-08
 Reference value :  3.72020e-08
 Reference value :  3.72300e-08
 Reference value :  3.72700e-08
 Reference value :  3.73100e-08
 Reference value :  3.73700e-08
 Reference value :  3.74060e-08
 Reference value :  3.74500e-08
 Reference value :  3.75100e-08
 Reference value :  3.75700e-08
 Reference value :  3.76000e-08
 Reference value :  3.76300e-08
 Reference value :  3.76700e-08
 Reference value :  3.77300e-08
 Reference value :  3.77850e-08
 Reference value :  3.78060e-08
 Reference value :  3.78300e-08
 Reference value :  3.78700e-08
 Reference value :  3.79100e-08
 Reference value :  3.79700e-08
 Reference value :  3.80060e-08
 Reference value :  3.80500e-08
 Reference value :  3.81100e-08
 Reference value :  3.81500e-08
 Reference value :  3.82000e-08
 Reference value :  3.82300e-08
 Reference value :  3.82900e-08
 Reference value :  3.83500e-08
 Reference value :  3.83850e-08
 Reference value :  3.84060e-08
 Reference value :  3.84500e-08
 Reference value :  3.85100e-08
 Reference value :  3.85700e-08
 Reference value :  3.86020e-08
 Reference value :  3.86300e-08
 Reference value :  3.86700e-08
 Reference value :  3.87100e-08
 Reference value :  3.87500e-08
 Reference value :  3.87850e-08
 Reference value :  3.88060e-08
 Reference value :  3.88500e-08
 Reference value :  3.89100e-08
 Reference value :  3.89500e-08
 Reference value :  3.89850e-08
 Reference value :  3.90060e-08
 Reference value :  3.90500e-08
 Reference value :  3.91100e-08
 Reference value :  3.91700e-08
 Reference value :  3.92000e-08
 Reference value :  3.92140e-08
 Reference value :  3.92500e-08
 Reference value :  3.92900e-08
 Reference value :  3.93300e-08
 Reference value :  3.93700e-08
 Reference value :  3.94020e-08
 Reference value :  3.94300e-08
 Reference value :  3.94900e-08
 Reference value :  3.95300e-08
 Reference value :  3.95700e-08
 Reference value :  3.96020e-08
 Reference value :  3.96300e-08
 Reference value :  3.96700e-08
 Reference value :  3.97100e-08
 Reference value :  3.97500e-08
 Reference value :  3.98000e-08
 Reference value :  3.98300e-08
 Reference value :  3.98700e-08
 Reference value :  3.99100e-08
 Reference value :  3.99500e-08
 Reference value :  3.99850e-08
 Reference value :  4.00060e-08
 Reference value :  4.00500e-08
 Reference value :  4.01100e-08
 Reference value :  4.01500e-08
 Reference value :  4.01850e-08
 Reference value :  4.02060e-08
 Reference value :  4.02500e-08
 Reference value :  4.03100e-08
 Reference value :  4.03700e-08
 Reference value :  4.04000e-08
 Reference value :  4.04140e-08
 Reference value :  4.04500e-08
 Reference value :  4.04900e-08
 Reference value :  4.05300e-08
 Reference value :  4.05850e-08
 Reference value :  4.06060e-08
 Reference value :  4.06700e-08
 Reference value :  4.07100e-08
 Reference value :  4.07500e-08
 Reference value :  4.07850e-08
 Reference value :  4.08060e-08
 Reference value :  4.08500e-08
 Reference value :  4.08900e-08
 Reference value :  4.09300e-08
 Reference value :  4.09700e-08
 Reference value :  4.10000e-08
 Reference value :  4.10140e-08
 Reference value :  4.10500e-08
 Reference value :  4.10900e-08
 Reference value :  4.11500e-08
 Reference value :  4.12000e-08
 Reference value :  4.12140e-08
 Reference value :  4.12700e-08
 Reference value :  4.13100e-08
 Reference value :  4.13500e-08
 Reference value :  4.14000e-08
 Reference value :  4.14300e-08
 Reference value :  4.14700e-08
 Reference value :  4.15100e-08
 Reference value :  4.15500e-08
 Reference value :  4.16000e-08
 Reference value :  4.16140e-08
 Reference value :  4.16700e-08
 Reference value :  4.17300e-08
 Reference value :  4.17850e-08
 Reference value :  4.18060e-08
 Reference value :  4.18300e-08
 Reference value :  4.18900e-08
 Reference value :  4.19500e-08
 Reference value :  4.20000e-08
 Reference value :  4.20140e-08
 Reference value :  4.20500e-08
 Reference value :  4.21100e-08
 Reference value :  4.21700e-08
 Reference value :  4.22060e-08
 Reference value :  4.22500e-08
 Reference value :  4.22900e-08
 Reference value :  4.23500e-08
 Reference value :  4.24000e-08
 Reference value :  4.24140e-08
 Reference value :  4.24700e-08
 Reference value :  4.25300e-08
 Reference value :  4.25850e-08
 Reference value :  4.26060e-08
 Reference value :  4.26500e-08
 Reference value :  4.26900e-08
 Reference value :  4.27500e-08
 Reference value :  4.27850e-08
 Reference value :  4.28140e-08
 Reference value :  4.28900e-08
 Reference value :  4.29500e-08
 Reference value :  4.30000e-08
 Reference value :  4.30300e-08
 Reference value :  4.30700e-08
 Reference value :  4.31300e-08
 Reference value :  4.32000e-08
 Reference value :  4.32140e-08
 Reference value :  4.32700e-08
 Reference value :  4.33100e-08
 Reference value :  4.33700e-08
 Reference value :  4.34020e-08
 Reference value :  4.34300e-08
 Reference value :  4.35100e-08
 Reference value :  4.35700e-08
 Reference value :  4.36000e-08
 Reference value :  4.36140e-08
 Reference value :  4.36700e-08
 Reference value :  4.37500e-08
 Reference value :  4.38000e-08
 Reference value :  4.38300e-08
 Reference value :  4.38700e-08
 Reference value :  4.39100e-08
 Reference value :  4.39500e-08
 Reference value :  4.40000e-08
 Reference value :  4.40140e-08
 Reference value :  4.40700e-08
 Reference value :  4.41300e-08
 Reference value :  4.41700e-08
 Reference value :  4.42020e-08
 Reference value :  4.42500e-08
 Reference value :  4.43100e-08
 Reference value :  4.43700e-08
 Reference value :  4.44020e-08
 Reference value :  4.44300e-08
 Reference value :  4.44700e-08
 Reference value :  4.45300e-08
 Reference value :  4.45850e-08
 Reference value :  4.46060e-08
 Reference value :  4.46500e-08
 Reference value :  4.46900e-08
 Reference value :  4.47500e-08
 Reference value :  4.47850e-08
 Reference value :  4.48140e-08
 Reference value :  4.48700e-08
 Reference value :  4.49300e-08
 Reference value :  4.49700e-08
 Reference value :  4.50000e-08
 Reference value :  4.50300e-08
 Reference value :  4.50900e-08
 Reference value :  4.51500e-08
 Reference value :  4.52000e-08
 Reference value :  4.52300e-08
 Reference value :  4.52700e-08
 Reference value :  4.53100e-08
 Reference value :  4.53500e-08
 Reference value :  4.54000e-08
 Reference value :  4.54140e-08
 Reference value :  4.54700e-08
 Reference value :  4.55100e-08
 Reference value :  4.55700e-08
 Reference value :  4.56000e-08
 Reference value :  4.56300e-08
 Reference value :  4.56900e-08
 Reference value :  4.57700e-08
 Reference value :  4.58060e-08
 Reference value :  4.58500e-08
 Reference value :  4.59100e-08
 Reference value :  4.59700e-08
 Reference value :  4.60060e-08
 Reference value :  4.60700e-08
 Reference value :  4.61100e-08
 Reference value :  4.61700e-08
 Reference value :  4.62020e-08
 Reference value :  4.62300e-08
 Reference value :  4.62700e-08
 Reference value :  4.63300e-08
 Reference value :  4.64000e-08
 Reference value :  4.64300e-08
 Reference value :  4.64700e-08
 Reference value :  4.65100e-08
 Reference value :  4.65700e-08
 Reference value :  4.66020e-08
 Reference value :  4.66300e-08
 Reference value :  4.66700e-08
 Reference value :  4.67100e-08
 Reference value :  4.67500e-08
 Reference value :  4.67850e-08
 Reference value :  4.68020e-08
 Reference value :  4.68300e-08
 Reference value :  4.68900e-08
 Reference value :  4.69500e-08
 Reference value :  4.70000e-08
 Reference value :  4.70300e-08
 Reference value :  4.70700e-08
 Reference value :  4.71300e-08
 Reference value :  4.71850e-08
 Reference value :  4.72020e-08
 Reference value :  4.72300e-08
 Reference value :  4.72700e-08
 Reference value :  4.73100e-08
 Reference value :  4.73500e-08
 Reference value :  4.74000e-08
 Reference value :  4.74140e-08
 Reference value :  4.74700e-08
 Reference value :  4.75300e-08
 Reference value :  4.75850e-08
 Reference value :  4.76020e-08
 Reference value :  4.76300e-08
 Reference value :  4.76900e-08
 Reference value :  4.77500e-08
 Reference value :  4.78000e-08
 Reference value :  4.78300e-08
 Reference value :  4.78900e-08
 Reference value :  4.79500e-08
 Reference value :  4.80000e-08
 Reference value :  4.80300e-08
 Reference value :  4.80900e-08
 Reference value :  4.81500e-08
 Reference value :  4.82000e-08
 Reference value :  4.82300e-08
 Reference value :  4.82900e-08
 Reference value :  4.83500e-08
 Reference value :  4.84000e-08
 Reference value :  4.84140e-08
 Reference value :  4.84500e-08
 Reference value :  4.84900e-08
 Reference value :  4.85300e-08
 Reference value :  4.85850e-08
 Reference value :  4.86140e-08
 Reference value :  4.86900e-08
 Reference value :  4.87300e-08
 Reference value :  4.87700e-08
 Reference value :  4.88000e-08
 Reference value :  4.88140e-08
 Reference value :  4.88700e-08
 Reference value :  4.89300e-08
 Reference value :  4.89700e-08
 Reference value :  4.90020e-08
 Reference value :  4.90300e-08
 Reference value :  4.90700e-08
 Reference value :  4.91100e-08
 Reference value :  4.91700e-08
 Reference value :  4.92060e-08
 Reference value :  4.92500e-08
 Reference value :  4.92900e-08
 Reference value :  4.93500e-08
 Reference value :  4.94000e-08
 Reference value :  4.94300e-08
 Reference value :  4.94900e-08
 Reference value :  4.95300e-08
 Reference value :  4.95700e-08
 Reference value :  4.96000e-08
 Reference value :  4.96140e-08
 Reference value :  4.96700e-08
 Reference value :  4.97100e-08
 Reference value :  4.97700e-08
 Reference value :  4.98020e-08
 Reference value :  4.98300e-08
 Reference value :  4.98700e-08
 Reference value :  4.99100e-08
 Reference value :  4.99500e-08
 Reference value :  4.99850e-08
 Reference value :  5.00060e-08
 Reference value :  5.00500e-08
 Reference value :  5.00900e-08
 Reference value :  5.01500e-08
 Reference value :  5.01850e-08
 Reference value :  5.02060e-08
 Reference value :  5.02500e-08
 Reference value :  5.03100e-08
 Reference value :  5.03500e-08
 Reference value :  5.04000e-08
 Reference value :  5.04140e-08
 Reference value :  5.04500e-08
 Reference value :  5.04900e-08
 Reference value :  5.05500e-08
 Reference value :  5.06000e-08
 Reference value :  5.06300e-08
 Reference value :  5.06700e-08
 Reference value :  5.07100e-08
 Reference value :  5.07500e-08
 Reference value :  5.08000e-08
 Reference value :  5.08140e-08
 Reference value :  5.08700e-08
 Reference value :  5.09300e-08
 Reference value :  5.09700e-08
 Reference value :  5.10000e-08
 Reference value :  5.10140e-08
 Reference value :  5.10500e-08
 Reference value :  5.11100e-08
 Reference value :  5.11500e-08
 Reference value :  5.11850e-08
 Reference value :  5.12060e-08
 Reference value :  5.12500e-08
 Reference value :  5.12900e-08
 Reference value :  5.13300e-08
 Reference value :  5.13850e-08
 Reference value :  5.14140e-08
 Reference value :  5.14700e-08
 Reference value :  5.15300e-08
 Reference value :  5.15850e-08
 Reference value :  5.16060e-08
 Reference value :  5.16500e-08
 Reference value :  5.16900e-08
 Reference value :  5.17500e-08
 Reference value :  5.18000e-08
 Reference value :  5.18300e-08
 Reference value :  5.18900e-08
 Reference value :  5.19300e-08
 Reference value :  5.19850e-08
 Reference value :  5.20140e-08
 Reference value :  5.20700e-08
 Reference value :  5.21300e-08
 Reference value :  5.21700e-08
 Reference value :  5.22000e-08
 Reference value :  5.22300e-08
 Reference value :  5.22700e-08
 Reference value :  5.23500e-08
 Reference value :  5.23850e-08
 Reference value :  5.24060e-08
 Reference value :  5.24500e-08
 Reference value :  5.25100e-08
 Reference value :  5.25700e-08
 Reference value :  5.26060e-08
 Reference value :  5.26500e-08
 Reference value :  5.27100e-08
 Reference value :  5.27500e-08
 Reference value :  5.27850e-08
 Reference value :  5.28060e-08
 Reference value :  5.28700e-08
 Reference value :  5.29300e-08
 Reference value :  5.29700e-08
 Reference value :  5.30000e-08
 Reference value :  5.30140e-08
 Reference value :  5.30500e-08
 Reference value :  5.30900e-08
 Reference value :  5.31300e-08
 Reference value :  5.31850e-08
 Reference value :  5.32060e-08
 Reference value :  5.32500e-08
 Reference value :  5.32900e-08
 Reference value :  5.33300e-08
 Reference value :  5.33700e-08
 Reference value :  5.34020e-08
 Reference value :  5.34300e-08
 Reference value :  5.34900e-08
 Reference value :  5.35300e-08
 Reference value :  5.35700e-08
 Reference value :  5.36020e-08
 Reference value :  5.36500e-08
 Reference value :  5.37100e-08
 Reference value :  5.37700e-08
 Reference value :  5.38060e-08
 Reference value :  5.38500e-08
 Reference value :  5.38900e-08
 Reference value :  5.39300e-08
 Reference value :  5.39850e-08
 Reference value :  5.40020e-08
 Reference value :  5.40300e-08
 Reference value :  5.40700e-08
 Reference value :  5.41100e-08
 Reference value :  5.41500e-08
 Reference value :  5.41850e-08
 Reference value :  5.42060e-08
 Reference value :  5.42500e-08
 Reference value :  5.43100e-08
 Reference value :  5.43850e-08
 Reference value :  5.44060e-08
 Reference value :  5.44500e-08
 Reference value :  5.44900e-08
 Reference value :  5.45300e-08
 Reference value :  5.45850e-08
 Reference value :  5.46140e-08
 Reference value :  5.46700e-08
 Reference value :  5.47100e-08
 Reference value :  5.47500e-08
 Reference value :  5.47850e-08
 Reference value :  5.48020e-08
 Reference value :  5.48300e-08
 Reference value :  5.48700e-08
 Reference value :  5.49300e-08
 Reference value :  5.50000e-08
 Reference value :  5.50140e-08
 Reference value :  5.50500e-08
 Reference value :  5.51100e-08
 Reference value :  5.51700e-08
 Reference value :  5.52020e-08
 Reference value :  5.52300e-08
 Reference value :  5.52700e-08
 Reference value :  5.53100e-08
 Reference value :  5.53500e-08
 Reference value :  5.53850e-08
 Reference value :  5.54060e-08
 Reference value :  5.54500e-08
 Reference value :  5.55100e-08
 Reference value :  5.55700e-08
 Reference value :  5.56000e-08
 Reference value :  5.56140e-08
 Reference value :  5.56500e-08
 Reference value :  5.57100e-08
 Reference value :  5.57700e-08
 Reference value :  5.58020e-08
 Reference value :  5.58300e-08
 Reference value :  5.58700e-08
 Reference value :  5.59100e-08
 Reference value :  5.59500e-08
 Reference value :  5.59850e-08
 Reference value :  5.60060e-08
 Reference value :  5.60500e-08
 Reference value :  5.61100e-08
 Reference value :  5.61500e-08
 Reference value :  5.61850e-08
 Reference value :  5.62060e-08
 Reference value :  5.62300e-08
 Reference value :  5.62900e-08
 Reference value :  5.63500e-08
 Reference value :  5.63850e-08
 Reference value :  5.64060e-08
 Reference value :  5.64500e-08
 Reference value :  5.65100e-08
 Reference value :  5.65500e-08
 Reference value :  5.66000e-08
 Reference value :  5.66140e-08
 Reference value :  5.66700e-08
 Reference value :  5.67100e-08
 Reference value :  5.67500e-08
 Reference value :  5.68000e-08
 Reference value :  5.68300e-08
 Reference value :  5.68900e-08
 Reference value :  5.69300e-08
 Reference value :  5.69700e-08
 Reference value :  5.70020e-08
 Reference value :  5.70300e-08
 Reference value :  5.70700e-08
 Reference value :  5.71300e-08
 Reference value :  5.71700e-08
 Reference value :  5.72020e-08
 Reference value :  5.72300e-08
 Reference value :  5.73100e-08
 Reference value :  5.73500e-08
 Reference value :  5.73850e-08
 Reference value :  5.74060e-08
 Reference value :  5.74500e-08
 Reference value :  5.75100e-08
 Reference value :  5.75700e-08
 Reference value :  5.76000e-08
 Reference value :  5.76140e-08
 Reference value :  5.76500e-08
 Reference value :  5.77100e-08
 Reference value :  5.77500e-08
 Reference value :  5.77850e-08
 Reference value :  5.78140e-08
 Reference value :  5.78700e-08
 Reference value :  5.79100e-08
 Reference value :  5.79500e-08
 Reference value :  5.79850e-08
 Reference value :  5.80060e-08
 Reference value :  5.80500e-08
 Reference value :  5.80900e-08
 Reference value :  5.81300e-08
 Reference value :  5.81700e-08
 Reference value :  5.82000e-08
 Reference value :  5.82300e-08
 Reference value :  5.82700e-08
 Reference value :  5.83100e-08
 Reference value :  5.83700e-08
 Reference value :  5.84020e-08
 Reference value :  5.84500e-08
 Reference value :  5.84900e-08
 Reference value :  5.85300e-08
 Reference value :  5.85700e-08
 Reference value :  5.86020e-08
 Reference value :  5.86300e-08
 Reference value :  5.86900e-08
 Reference value :  5.87300e-08
 Reference value :  5.87700e-08
 Reference value :  5.88000e-08
 Reference value :  5.88140e-08
 Reference value :  5.88500e-08
 Reference value :  5.88900e-08
 Reference value :  5.89500e-08
 Reference value :  5.90000e-08
 Reference value :  5.90140e-08
 Reference value :  5.90500e-08
 Reference value :  5.90900e-08
 Reference value :  5.91300e-08
 Reference value :  5.91850e-08
 Reference value :  5.92020e-08
 Reference value :  5.92300e-08
 Reference value :  5.92700e-08
 Reference value :  5.93100e-08
 Reference value :  5.93500e-08
 Reference value :  5.94000e-08
 Reference value :  5.94140e-08
 Reference value :  5.94700e-08
 Reference value :  5.95300e-08
 Reference value :  5.95700e-08
 Reference value :  5.96000e-08
 Reference value :  5.96140e-08
 Reference value :  5.96500e-08
 Reference value :  5.97100e-08
 Reference value :  5.97700e-08
 Reference value :  5.98000e-08
 Reference value :  5.98140e-08
 Reference value :  5.98700e-08
 Reference value :  5.99100e-08
 Reference value :  5.99500e-08
 Reference value :  5.99850e-08
 Reference value :  6.00140e-08
 Reference value :  6.00700e-08
 Reference value :  6.01300e-08
 Reference value :  6.01850e-08
 Reference value :  6.02060e-08
 Reference value :  6.02500e-08
 Reference value :  6.02900e-08
 Reference value :  6.03500e-08
 Reference value :  6.04000e-08
 Reference value :  6.04140e-08
 Reference value :  6.04500e-08
 Reference value :  6.04900e-08
 Reference value :  6.05300e-08
 Reference value :  6.05850e-08
 Reference value :  6.06060e-08
 Reference value :  6.06500e-08
 Reference value :  6.07100e-08
 Reference value :  6.07700e-08
 Reference value :  6.08000e-08
 Reference value :  6.08140e-08
 Reference value :  6.08700e-08
 Reference value :  6.09500e-08
 Reference value :  6.09850e-08
 Reference value :  6.10060e-08
 Reference value :  6.10500e-08
 Reference value :  6.10900e-08
 Reference value :  6.11300e-08
 Reference value :  6.11700e-08
 Reference value :  6.12020e-08
 Reference value :  6.12300e-08
 Reference value :  6.12900e-08
 Reference value :  6.13300e-08
 Reference value :  6.13700e-08
 Reference value :  6.14000e-08
 Reference value :  6.14140e-08
 Reference value :  6.14700e-08
 Reference value :  6.15300e-08
 Reference value :  6.15850e-08
 Reference value :  6.16060e-08
 Reference value :  6.16300e-08
 Reference value :  6.16900e-08
 Reference value :  6.17500e-08
 Reference value :  6.18000e-08
 Reference value :  6.18300e-08
 Reference value :  6.18900e-08
 Reference value :  6.19300e-08
 Reference value :  6.19700e-08
 Reference value :  6.20060e-08
 Reference value :  6.20700e-08
 Reference value :  6.21100e-08
 Reference value :  6.21700e-08
 Reference value :  6.22020e-08
 Reference value :  6.22300e-08
 Reference value :  6.22900e-08
 Reference value :  6.23500e-08
 Reference value :  6.24020e-08
 Reference value :  6.24300e-08
 Reference value :  6.24900e-08
 Reference value :  6.25300e-08
 Reference value :  6.26000e-08
 Reference value :  6.26140e-08
 Reference value :  6.26500e-08
 Reference value :  6.27100e-08
 Reference value :  6.27500e-08
 Reference value :  6.27850e-08
 Reference value :  6.28060e-08
 Reference value :  6.28500e-08
 Reference value :  6.28900e-08
 Reference value :  6.29500e-08
 Reference value :  6.30020e-08
 Reference value :  6.30300e-08
 Reference value :  6.30700e-08
 Reference value :  6.31100e-08
 Reference value :  6.31700e-08
 Reference value :  6.32140e-08
 Reference value :  6.32900e-08
 Reference value :  6.33300e-08
 Reference value :  6.33850e-08
 Reference value :  6.34060e-08
 Reference value :  6.34700e-08
 Reference value :  6.35300e-08
 Reference value :  6.35850e-08
 Reference value :  6.36060e-08
 Reference value :  6.36500e-08
 Reference value :  6.36900e-08
 Reference value :  6.37500e-08
 Reference value :  6.38020e-08
 Reference value :  6.38300e-08
 Reference value :  6.38900e-08
 Reference value :  6.39300e-08
 Reference value :  6.39700e-08
 Reference value :  6.40000e-08
 Reference value :  6.40140e-08
 Reference value :  6.40700e-08
 Reference value :  6.41300e-08
 Reference value :  6.41850e-08
 Reference value :  6.42060e-08
 Reference value :  6.42500e-08
 Reference value :  6.42900e-08
 Reference value :  6.43500e-08
 Reference value :  6.44000e-08
 Reference value :  6.44300e-08
 Reference value :  6.44700e-08
 Reference value :  6.45100e-08
 Reference value :  6.45500e-08
 Reference value :  6.45850e-08
 Reference value :  6.46060e-08
 Reference value :  6.46700e-08
 Reference value :  6.47300e-08
 Reference value :  6.47850e-08
 Reference value :  6.48060e-08
 Reference value :  6.48500e-08
 Reference value :  6.49100e-08
 Reference value :  6.49500e-08
 Reference value :  6.49850e-08
 Reference value :  6.50060e-08
 Reference value :  6.50500e-08
 Reference value :  6.50900e-08
 Reference value :  6.51500e-08
 Reference value :  6.52000e-08
 Reference value :  6.52140e-08
 Reference value :  6.52700e-08
 Reference value :  6.53100e-08
 Reference value :  6.53500e-08
 Reference value :  6.53850e-08
 Reference value :  6.54060e-08
 Reference value :  6.54500e-08
 Reference value :  6.54900e-08
 Reference value :  6.55300e-08
 Reference value :  6.55700e-08
 Reference value :  6.56020e-08
 Reference value :  6.56300e-08
 Reference value :  6.56700e-08
 Reference value :  6.57100e-08
 Reference value :  6.57500e-08
 Reference value :  6.58000e-08
 Reference value :  6.58140e-08
 Reference value :  6.58700e-08
 Reference value :  6.59300e-08
 Reference value :  6.59700e-08
 Reference value :  6.60000e-08
 Reference value :  6.60300e-08
 Reference value :  6.60900e-08
 Reference value :  6.61500e-08
 Reference value :  6.61850e-08
 Reference value :  6.62020e-08
 Reference value :  6.62300e-08
 Reference value :  6.62700e-08
 Reference value :  6.63100e-08
 Reference value :  6.63700e-08
 Reference value :  6.64020e-08
 Reference value :  6.64300e-08
 Reference value :  6.64900e-08
 Reference value :  6.65300e-08
 Reference value :  6.65700e-08
 Reference value :  6.66000e-08
 Reference value :  6.66300e-08
 Reference value :  6.66900e-08
 Reference value :  6.67500e-08
 Reference value :  6.67850e-08
 Reference value :  6.68020e-08
 Reference value :  6.68300e-08
 Reference value :  6.68900e-08
 Reference value :  6.69500e-08
 Reference value :  6.70020e-08
 Reference value :  6.70500e-08
 Reference value :  6.71100e-08
 Reference value :  6.71700e-08
 Reference value :  6.72060e-08
 Reference value :  6.72500e-08
 Reference value :  6.73100e-08
 Reference value :  6.73700e-08
 Reference value :  6.74020e-08
 Reference value :  6.74500e-08
 Reference value :  6.75100e-08
 Reference value :  6.75700e-08
 Reference value :  6.76020e-08
 Reference value :  6.76300e-08
 Reference value :  6.76700e-08
 Reference value :  6.77100e-08
 Reference value :  6.77700e-08
 Reference value :  6.78020e-08
 Reference value :  6.78300e-08
 Reference value :  6.78700e-08
 Reference value :  6.79100e-08
 Reference value :  6.79500e-08
 Reference value :  6.79850e-08
 Reference value :  6.80060e-08
 Reference value :  6.80500e-08
 Reference value :  6.81100e-08
 Reference value :  6.81700e-08
 Reference value :  6.82000e-08
 Reference value :  6.82140e-08
 Reference value :  6.82500e-08
 Reference value :  6.83100e-08
 Reference value :  6.83700e-08
 Reference value :  6.84000e-08
 Reference value :  6.84140e-08
 Reference value :  6.84500e-08
 Reference value :  6.84900e-08
 Reference value :  6.85300e-08
 Reference value :  6.85700e-08
 Reference value :  6.86020e-08
 Reference value :  6.86500e-08
 Reference value :  6.87100e-08
 Reference value :  6.87700e-08
 Reference value :  6.88000e-08
 Reference value :  6.88140e-08
 Reference value :  6.88500e-08
 Reference value :  6.89100e-08
 Reference value :  6.89850e-08
 Reference value :  6.90140e-08
 Reference value :  6.90700e-08
 Reference value :  6.91300e-08
 Reference value :  6.91700e-08
 Reference value :  6.92000e-08
 Reference value :  6.92140e-08
 Reference value :  6.92900e-08
 Reference value :  6.93500e-08
 Reference value :  6.93850e-08
 Reference value :  6.94060e-08
 Reference value :  6.94500e-08
 Reference value :  6.95100e-08
 Reference value :  6.95700e-08
 Reference value :  6.96000e-08
 Reference value :  6.96140e-08
 Reference value :  6.96500e-08
 Reference value :  6.97100e-08
 Reference value :  6.97500e-08
 Reference value :  6.98000e-08
 Reference value :  6.98300e-08
 Reference value :  6.99100e-08
 Reference value :  6.99500e-08
 Reference value :  6.99850e-08
 Reference value :  7.00060e-08
 Reference value :  7.00500e-08
 Reference value :  7.01100e-08
 Reference value :  7.01700e-08
 Reference value :  7.02020e-08
 Reference value :  7.02300e-08
 Reference value :  7.02700e-08
 Reference value :  7.03100e-08
 Reference value :  7.03700e-08
 Reference value :  7.04060e-08
 Reference value :  7.04500e-08
 Reference value :  7.04900e-08
 Reference value :  7.05300e-08
 Reference value :  7.05700e-08
 Reference value :  7.06000e-08
 Reference value :  7.06300e-08
 Reference value :  7.06900e-08
 Reference value :  7.07300e-08
 Reference value :  7.07700e-08
 Reference value :  7.08000e-08
 Reference value :  7.08140e-08
 Reference value :  7.08900e-08
 Reference value :  7.09500e-08
 Reference value :  7.10020e-08
 Reference value :  7.10300e-08
 Reference value :  7.10900e-08
 Reference value :  7.11300e-08
 Reference value :  7.12000e-08
 Reference value :  7.12140e-08
 Reference value :  7.12700e-08
 Reference value :  7.13300e-08
 Reference value :  7.13850e-08
 Reference value :  7.14060e-08
 Reference value :  7.14500e-08
 Reference value :  7.14900e-08
 Reference value :  7.15500e-08
 Reference value :  7.16020e-08
 Reference value :  7.16300e-08
 Reference value :  7.16900e-08
 Reference value :  7.17500e-08
 Reference value :  7.18000e-08
 Reference value :  7.18300e-08
 Reference value :  7.18900e-08
 Reference value :  7.19500e-08
 Reference value :  7.20000e-08
 Reference value :  7.20300e-08
 Reference value :  7.20900e-08
 Reference value :  7.21700e-08
 Reference value :  7.22060e-08
 Reference value :  7.22500e-08
 Reference value :  7.23100e-08
 Reference value :  7.23850e-08
 Reference value :  7.24140e-08
 Reference value :  7.24500e-08
 Reference value :  7.25100e-08
 Reference value :  7.25700e-08
 Reference value :  7.26000e-08
 Reference value :  7.26300e-08
 Reference value :  7.26900e-08
 Reference value :  7.27700e-08
 Reference value :  7.28020e-08
 Reference value :  7.28300e-08
 Reference value :  7.28900e-08
 Reference value :  7.29500e-08
 Reference value :  7.30000e-08
 Reference value :  7.30140e-08
 Reference value :  7.30500e-08
 Reference value :  7.30900e-08
 Reference value :  7.31500e-08
 Reference value :  7.32000e-08
 Reference value :  7.32300e-08
 Reference value :  7.32900e-08
 Reference value :  7.33500e-08
 Reference value :  7.34000e-08
 Reference value :  7.34300e-08
 Reference value :  7.34900e-08
 Reference value :  7.35500e-08
 Reference value :  7.35850e-08
 Reference value :  7.36060e-08
 Reference value :  7.36500e-08
 Reference value :  7.37100e-08
 Reference value :  7.37700e-08
 Reference value :  7.38020e-08
 Reference value :  7.38300e-08
 Reference value :  7.38900e-08
 Reference value :  7.39500e-08
 Reference value :  7.39850e-08
 Reference value :  7.40060e-08
 Reference value :  7.40500e-08
 Reference value :  7.40900e-08
 Reference value :  7.41300e-08
 Reference value :  7.41700e-08
 Reference value :  7.42020e-08
 Reference value :  7.42300e-08
 Reference value :  7.42700e-08
 Reference value :  7.43100e-08
 Reference value :  7.43500e-08
 Reference value :  7.44000e-08
 Reference value :  7.44140e-08
 Reference value :  7.44700e-08
 Reference value :  7.45300e-08
 Reference value :  7.45700e-08
 Reference value :  7.46000e-08
 Reference value :  7.46140e-08
 Reference value :  7.46500e-08
 Reference value :  7.46900e-08
 Reference value :  7.47500e-08
 Reference value :  7.47850e-08
 Reference value :  7.48060e-08
 Reference value :  7.48500e-08
 Reference value :  7.48900e-08
 Reference value :  7.49500e-08
 Reference value :  7.50000e-08
 Reference value :  7.50140e-08
 Reference value :  7.50700e-08
 Reference value :  7.51300e-08
 Reference value :  7.51700e-08
 Reference value :  7.52000e-08
 Reference value :  7.52140e-08
 Reference value :  7.52700e-08
 Reference value :  7.53100e-08
 Reference value :  7.53500e-08
 Reference value :  7.53850e-08
 Reference value :  7.54060e-08
 Reference value :  7.54300e-08
 Reference value :  7.54700e-08
 Reference value :  7.55100e-08
 Reference value :  7.55700e-08
 Reference value :  7.56020e-08
 Reference value :  7.56300e-08
 Reference value :  7.56700e-08
 Reference value :  7.57100e-08
 Reference value :  7.57500e-08
 Reference value :  7.57850e-08
 Reference value :  7.58140e-08
 Reference value :  7.58700e-08
 Reference value :  7.59100e-08
 Reference value :  7.59500e-08
 Reference value :  7.59850e-08
 Reference value :  7.60060e-08
 Reference value :  7.60500e-08
 Reference value :  7.60900e-08
 Reference value :  7.61500e-08
 Reference value :  7.62000e-08
 Reference value :  7.62140e-08
 Reference value :  7.62700e-08
 Reference value :  7.63100e-08
 Reference value :  7.63850e-08
 Reference value :  7.64060e-08
 Reference value :  7.64300e-08
 Reference value :  7.64700e-08
 Reference value :  7.65100e-08
 Reference value :  7.65700e-08
 Reference value :  7.66060e-08
 Reference value :  7.66700e-08
 Reference value :  7.67300e-08
 Reference value :  7.67850e-08
 Reference value :  7.68060e-08
 Reference value :  7.68500e-08
 Reference value :  7.69100e-08
 Reference value :  7.69700e-08
 Reference value :  7.70000e-08
 Reference value :  7.70300e-08
 Reference value :  7.70900e-08
 Reference value :  7.71300e-08
 Reference value :  7.71700e-08
 Reference value :  7.72020e-08
 Reference value :  7.72300e-08
 Reference value :  7.72900e-08
 Reference value :  7.73700e-08
 Reference value :  7.74020e-08
 Reference value :  7.74300e-08
 Reference value :  7.74900e-08
 Reference value :  7.75500e-08
 Reference value :  7.76020e-08
 Reference value :  7.76300e-08
 Reference value :  7.76900e-08
 Reference value :  7.77500e-08
 Reference value :  7.78000e-08
 Reference value :  7.78300e-08
 Reference value :  7.79100e-08
 Reference value :  7.79500e-08
 Reference value :  7.79850e-08
 Reference value :  7.80060e-08
 Reference value :  7.80500e-08
 Reference value :  7.81100e-08
 Reference value :  7.81700e-08
 Reference value :  7.82020e-08
 Reference value :  7.82300e-08
 Reference value :  7.82700e-08
 Reference value :  7.83100e-08
 Reference value :  7.83500e-08
 Reference value :  7.84000e-08
 Reference value :  7.84140e-08
 Reference value :  7.84700e-08
 Reference value :  7.85300e-08
 Reference value :  7.85700e-08
 Reference value :  7.86020e-08
 Reference value :  7.86300e-08
 Reference value :  7.86900e-08
 Reference value :  7.87500e-08
 Reference value :  7.88000e-08
 Reference value :  7.88140e-08
 Reference value :  7.88700e-08
 Reference value :  7.89300e-08
 Reference value :  7.89850e-08
 Reference value :  7.90060e-08
 Reference value :  7.90500e-08
 Reference value :  7.91100e-08
 Reference value :  7.91700e-08
 Reference value :  7.92020e-08
 Reference value :  7.92300e-08
 Reference value :  7.92900e-08
 Reference value :  7.93300e-08
 Reference value :  7.93700e-08
 Reference value :  7.94020e-08
 Reference value :  7.94300e-08
 Reference value :  7.94900e-08
 Reference value :  7.95500e-08
 Reference value :  7.96020e-08
 Reference value :  7.96300e-08
 Reference value :  7.96700e-08
 Reference value :  7.97300e-08
 Reference value :  7.97850e-08
 Reference value :  7.98020e-08
 Reference value :  7.98300e-08
 Reference value :  7.98700e-08
 Reference value :  7.99100e-08
 Reference value :  7.99700e-08
 Reference value :  8.00020e-08
 Reference value :  8.00300e-08
 Reference value :  8.00700e-08
 Reference value :  8.01300e-08
 Reference value :  8.01850e-08
 Reference value :  8.02140e-08
 Reference value :  8.02700e-08
 Reference value :  8.03100e-08
 Reference value :  8.03500e-08
 Reference value :  8.04000e-08
 Reference value :  8.04140e-08
 Reference value :  8.04700e-08
 Reference value :  8.05100e-08
 Reference value :  8.05500e-08
 Reference value :  8.05850e-08
 Reference value :  8.06060e-08
 Reference value :  8.06500e-08
 Reference value :  8.06900e-08
 Reference value :  8.07500e-08
 Reference value :  8.08020e-08
 Reference value :  8.08300e-08
 Reference value :  8.08700e-08
 Reference value :  8.09100e-08
 Reference value :  8.09500e-08
 Reference value :  8.10000e-08
 Reference value :  8.10140e-08
 Reference value :  8.10500e-08
 Reference value :  8.10900e-08
 Reference value :  8.11300e-08
 Reference value :  8.11700e-08
 Reference value :  8.12000e-08
 Reference value :  8.12140e-08
 Reference value :  8.12700e-08
 Reference value :  8.13300e-08
 Reference value :  8.13850e-08
 Reference value :  8.14060e-08
 Reference value :  8.14500e-08
 Reference value :  8.14900e-08
 Reference value :  8.15700e-08
 Reference value :  8.16020e-08
 Reference value :  8.16300e-08
 Reference value :  8.16900e-08
 Reference value :  8.17500e-08
 Reference value :  8.17850e-08
 Reference value :  8.18060e-08
 Reference value :  8.18500e-08
 Reference value :  8.19100e-08
 Reference value :  8.19700e-08
 Reference value :  8.20020e-08
 Reference value :  8.20300e-08
 Reference value :  8.20900e-08
 Reference value :  8.21500e-08
 Reference value :  8.22000e-08
 Reference value :  8.22300e-08
 Reference value :  8.22700e-08
 Reference value :  8.23300e-08
 Reference value :  8.23850e-08
 Reference value :  8.24060e-08
 Reference value :  8.24500e-08
 Reference value :  8.24900e-08
 Reference value :  8.25300e-08
 Reference value :  8.25850e-08
 Reference value :  8.26060e-08
 Reference value :  8.26500e-08
 Reference value :  8.27100e-08
 Reference value :  8.27700e-08
 Reference value :  8.28060e-08
 Reference value :  8.28500e-08
 Reference value :  8.29100e-08
 Reference value :  8.29700e-08
 Reference value :  8.30020e-08
 Reference value :  8.30500e-08
 Reference value :  8.31100e-08
 Reference value :  8.31500e-08
 Reference value :  8.31850e-08
 Reference value :  8.32060e-08
 Reference value :  8.32500e-08
 Reference value :  8.33100e-08
 Reference value :  8.33700e-08
 Reference value :  8.34020e-08
 Reference value :  8.34300e-08
 Reference value :  8.34900e-08
 Reference value :  8.35300e-08
 Reference value :  8.35850e-08
 Reference value :  8.36060e-08
 Reference value :  8.36500e-08
 Reference value :  8.37100e-08
 Reference value :  8.37500e-08
 Reference value :  8.37850e-08
 Reference value :  8.38060e-08
 Reference value :  8.38500e-08
 Reference value :  8.39100e-08
 Reference value :  8.39700e-08
 Reference value :  8.40000e-08
 Reference value :  8.40300e-08
 Reference value :  8.40900e-08
 Reference value :  8.41500e-08
 Reference value :  8.42020e-08
 Reference value :  8.42300e-08
 Reference value :  8.42900e-08
 Reference value :  8.43300e-08
 Reference value :  8.43850e-08
 Reference value :  8.44140e-08
 Reference value :  8.44700e-08
 Reference value :  8.45300e-08
 Reference value :  8.45850e-08
 Reference value :  8.46060e-08
 Reference value :  8.46500e-08
 Reference value :  8.46900e-08
 Reference value :  8.47500e-08
 Reference value :  8.48000e-08
 Reference value :  8.48140e-08
 Reference value :  8.48700e-08
 Reference value :  8.49100e-08
 Reference value :  8.49700e-08
 Reference value :  8.50020e-08
 Reference value :  8.50300e-08
 Reference value :  8.50700e-08
 Reference value :  8.51100e-08
 Reference value :  8.51500e-08
 Reference value :  8.52000e-08
 Reference value :  8.52140e-08
 Reference value :  8.52700e-08
 Reference value :  8.53100e-08
 Reference value :  8.53500e-08
 Reference value :  8.53850e-08
 Reference value :  8.54060e-08
 Reference value :  8.54300e-08
 Reference value :  8.54900e-08
 Reference value :  8.55500e-08
 Reference value :  8.55850e-08
 Reference value :  8.56140e-08
 Reference value :  8.56700e-08
 Reference value :  8.57300e-08
 Reference value :  8.57850e-08
 Reference value :  8.58060e-08
 Reference value :  8.58500e-08
 Reference value :  8.59100e-08
 Reference value :  8.59850e-08
 Reference value :  8.60060e-08
 Reference value :  8.60500e-08
 Reference value :  8.61100e-08
 Reference value :  8.61700e-08
 Reference value :  8.62060e-08
 Reference value :  8.62500e-08
 Reference value :  8.62900e-08
 Reference value :  8.63500e-08
 Reference value :  8.63850e-08
 Reference value :  8.64060e-08
 Reference value :  8.64500e-08
 Reference value :  8.65300e-08
 Reference value :  8.65700e-08
 Reference value :  8.66000e-08
 Reference value :  8.66140e-08
 Reference value :  8.66500e-08
 Reference value :  8.67100e-08
 Reference value :  8.67700e-08
 Reference value :  8.68020e-08
 Reference value :  8.68300e-08
 Reference value :  8.68700e-08
 Reference value :  8.69100e-08
 Reference value :  8.69500e-08
 Reference value :  8.70000e-08
 Reference value :  8.70140e-08
 Reference value :  8.70700e-08
 Reference value :  8.71300e-08
 Reference value :  8.71700e-08
 Reference value :  8.72000e-08
 Reference value :  8.72300e-08
 Reference value :  8.72900e-08
 Reference value :  8.73500e-08
 Reference value :  8.74000e-08
 Reference value :  8.74140e-08
 Reference value :  8.74500e-08
 Reference value :  8.74900e-08
 Reference value :  8.75500e-08
 Reference value :  8.76000e-08
 Reference value :  8.76140e-08
 Reference value :  8.76700e-08
 Reference value :  8.77100e-08
 Reference value :  8.77500e-08
 Reference value :  8.77850e-08
 Reference value :  8.78060e-08
 Reference value :  8.78700e-08
 Reference value :  8.79100e-08
 Reference value :  8.79500e-08
 Reference value :  8.79850e-08
 Reference value :  8.80020e-08
 Reference value :  8.80300e-08
 Reference value :  8.80900e-08
 Reference value :  8.81300e-08
 Reference value :  8.81850e-08
 Reference value :  8.82140e-08
 Reference value :  8.82500e-08
 Reference value :  8.82900e-08
 Reference value :  8.83300e-08
 Reference value :  8.83850e-08
 Reference value :  8.84020e-08
 Reference value :  8.84300e-08
 Reference value :  8.84700e-08
 Reference value :  8.85300e-08
 Reference value :  8.85700e-08
 Reference value :  8.86000e-08
 Reference value :  8.86140e-08
 Reference value :  8.86700e-08
 Reference value :  8.87300e-08
 Reference value :  8.88000e-08
 Reference value :  8.88140e-08
 Reference value :  8.88700e-08
 Reference value :  8.89100e-08
 Reference value :  8.89700e-08
 Reference value :  8.90020e-08
 Reference value :  8.90500e-08
 Reference value :  8.91300e-08
 Reference value :  8.91850e-08
 Reference value :  8.92060e-08
 Reference value :  8.92500e-08
 Reference value :  8.93100e-08
 Reference value :  8.93850e-08
 Reference value :  8.94060e-08
 Reference value :  8.94500e-08
 Reference value :  8.95100e-08
 Reference value :  8.95850e-08
 Reference value :  8.96140e-08
 Reference value :  8.96700e-08
 Reference value :  8.97100e-08
 Reference value :  8.97500e-08
 Reference value :  8.98000e-08
 Reference value :  8.98140e-08
 Reference value :  8.98700e-08
 Reference value :  8.99500e-08
 Reference value :  9.00000e-08
 Reference value :  9.00140e-08
 Reference value :  9.00500e-08
 Reference value :  9.01100e-08
 Reference value :  9.01850e-08
 Reference value :  9.02140e-08
 Reference value :  9.02500e-08
 Reference value :  9.02900e-08
 Reference value :  9.03500e-08
 Reference value :  9.04000e-08
 Reference value :  9.04140e-08
 Reference value :  9.04700e-08
 Reference value :  9.05300e-08
 Reference value :  9.05700e-08
 Reference value :  9.06000e-08
 Reference value :  9.06140e-08
 Reference value :  9.06500e-08
 Reference value :  9.07300e-08
 Reference value :  9.07700e-08
 Reference value :  9.08000e-08
 Reference value :  9.08140e-08
 Reference value :  9.08500e-08
 Reference value :  9.08900e-08
 Reference value :  9.09500e-08
 Reference value :  9.10000e-08
 Reference value :  9.10140e-08
 Reference value :  9.10700e-08
 Reference value :  9.11300e-08
 Reference value :  9.11850e-08
 Reference value :  9.12060e-08
 Reference value :  9.12500e-08
 Reference value :  9.12900e-08
 Reference value :  9.13300e-08
 Reference value :  9.13700e-08
 Reference value :  9.14060e-08
 Reference value :  9.14500e-08
 Reference value :  9.15100e-08
 Reference value :  9.15700e-08
 Reference value :  9.16060e-08
 Reference value :  9.16500e-08
 Reference value :  9.17100e-08
 Reference value :  9.17700e-08
 Reference value :  9.18000e-08
 Reference value :  9.18140e-08
 Reference value :  9.18700e-08
 Reference value :  9.19500e-08
 Reference value :  9.19850e-08
 Reference value :  9.20060e-08
 Reference value :  9.20500e-08
 Reference value :  9.20900e-08
 Reference value :  9.21300e-08
 Reference value :  9.21700e-08
 Reference value :  9.22020e-08
 Reference value :  9.22300e-08
 Reference value :  9.22900e-08
 Reference value :  9.23300e-08
 Reference value :  9.23700e-08
 Reference value :  9.24000e-08
 Reference value :  9.24140e-08
 Reference value :  9.24700e-08
 Reference value :  9.25100e-08
 Reference value :  9.25500e-08
 Reference value :  9.25850e-08
 Reference value :  9.26060e-08
 Reference value :  9.26500e-08
 Reference value :  9.26900e-08
 Reference value :  9.27300e-08
 Reference value :  9.27850e-08
 Reference value :  9.28060e-08
 Reference value :  9.28500e-08
 Reference value :  9.28900e-08
 Reference value :  9.29300e-08
 Reference value :  9.29700e-08
 Reference value :  9.30020e-08
 Reference value :  9.30300e-08
 Reference value :  9.30900e-08
 Reference value :  9.31300e-08
 Reference value :  9.31700e-08
 Reference value :  9.32020e-08
 Reference value :  9.32300e-08
 Reference value :  9.32700e-08
 Reference value :  9.33500e-08
 Reference value :  9.34000e-08
 Reference value :  9.34140e-08
 Reference value :  9.34500e-08
 Reference value :  9.35100e-08
 Reference value :  9.35700e-08
 Reference value :  9.36020e-08
 Reference value :  9.36300e-08
 Reference value :  9.36700e-08
 Reference value :  9.37300e-08
 Reference value :  9.37700e-08
 Reference value :  9.38020e-08
 Reference value :  9.38300e-08
 Reference value :  9.38900e-08
 Reference value :  9.39500e-08
 Reference value :  9.39850e-08
 Reference value :  9.40060e-08
 Reference value :  9.40300e-08
 Reference value :  9.40900e-08
 Reference value :  9.41500e-08
 Reference value :  9.41850e-08
 Reference value :  9.42060e-08
 Reference value :  9.42500e-08
 Reference value :  9.42900e-08
 Reference value :  9.43300e-08
 Reference value :  9.43850e-08
 Reference value :  9.44140e-08
 Reference value :  9.44700e-08
 Reference value :  9.45300e-08
 Reference value :  9.45850e-08
 Reference value :  9.46020e-08
 Reference value :  9.46300e-08
 Reference value :  9.46700e-08
 Reference value :  9.47100e-08
 Reference value :  9.47700e-08
 Reference value :  9.48060e-08
 Reference value :  9.48500e-08
 Reference value :  9.49100e-08
 Reference value :  9.49500e-08
 Reference value :  9.49850e-08
 Reference value :  9.50020e-08
 Reference value :  9.50300e-08
 Reference value :  9.50900e-08
 Reference value :  9.51500e-08
 Reference value :  9.51850e-08
 Reference value :  9.52060e-08
 Reference value :  9.52500e-08
 Reference value :  9.53100e-08
 Reference value :  9.53700e-08
 Reference value :  9.54000e-08
 Reference value :  9.54140e-08
 Reference value :  9.54500e-08
 Reference value :  9.54900e-08
 Reference value :  9.55300e-08
 Reference value :  9.55700e-08
 Reference value :  9.56020e-08
 Reference value :  9.56300e-08
 Reference value :  9.56900e-08
 Reference value :  9.57300e-08
 Reference value :  9.57700e-08
 Reference value :  9.58000e-08
 Reference value :  9.58140e-08
 Reference value :  9.58700e-08
 Reference value :  9.59300e-08
 Reference value :  9.59700e-08
 Reference value :  9.60000e-08
 Reference value :  9.60140e-08
 Reference value :  9.60500e-08
 Reference value :  9.60900e-08
 Reference value :  9.61500e-08
 Reference value :  9.62000e-08
 Reference value :  9.62300e-08
 Reference value :  9.62900e-08
 Reference value :  9.63300e-08
 Reference value :  9.63700e-08
 Reference value :  9.64000e-08
 Reference value :  9.64140e-08
 Reference value :  9.64700e-08
 Reference value :  9.65100e-08
 Reference value :  9.65500e-08
 Reference value :  9.65850e-08
 Reference value :  9.66060e-08
 Reference value :  9.66500e-08
 Reference value :  9.67100e-08
 Reference value :  9.67700e-08
 Reference value :  9.68020e-08
 Reference value :  9.68300e-08
 Reference value :  9.68700e-08
 Reference value :  9.69300e-08
 Reference value :  9.70000e-08
 Reference value :  9.70140e-08
 Reference value :  9.70500e-08
 Reference value :  9.70900e-08
 Reference value :  9.71300e-08
 Reference value :  9.71700e-08
 Reference value :  9.72000e-08
 Reference value :  9.72140e-08
 Reference value :  9.72700e-08
 Reference value :  9.73300e-08
 Reference value :  9.73850e-08
 Reference value :  9.74060e-08
 Reference value :  9.74500e-08
 Reference value :  9.74900e-08
 Reference value :  9.75300e-08
 Reference value :  9.75700e-08
 Reference value :  9.76060e-08
 Reference value :  9.76700e-08
 Reference value :  9.77100e-08
 Reference value :  9.77500e-08
 Reference value :  9.78000e-08
 Reference value :  9.78140e-08
 Reference value :  9.78700e-08
 Reference value :  9.79300e-08
 Reference value :  9.79850e-08
 Reference value :  9.80060e-08
 Reference value :  9.80500e-08
 Reference value :  9.80900e-08
 Reference value :  9.81300e-08
 Reference value :  9.81850e-08
 Reference value :  9.82060e-08
 Reference value :  9.82500e-08
 Reference value :  9.82900e-08
 Reference value :  9.83300e-08
 Reference value :  9.83700e-08
 Reference value :  9.84000e-08
 Reference value :  9.84140e-08
 Reference value :  9.84700e-08
 Reference value :  9.85300e-08
 Reference value :  9.85700e-08
 Reference value :  9.86000e-08
 Reference value :  9.86140e-08
 Reference value :  9.86700e-08
 Reference value :  9.87300e-08
 Reference value :  9.87850e-08
 Reference value :  9.88060e-08
 Reference value :  9.88500e-08
 Reference value :  9.89100e-08
 Reference value :  9.89500e-08
 Reference value :  9.89850e-08
 Reference value :  9.90060e-08
 Reference value :  9.90500e-08
 Reference value :  9.91100e-08
 Reference value :  9.91500e-08
 Reference value :  9.91850e-08
 Reference value :  9.92060e-08
 Reference value :  9.92500e-08
 Reference value :  9.93100e-08
 Reference value :  9.93500e-08
 Reference value :  9.93850e-08
 Reference value :  9.94060e-08
 Reference value :  9.94500e-08
 Reference value :  9.94900e-08
 Reference value :  9.95500e-08
 Reference value :  9.96000e-08
 Reference value :  9.96300e-08
 Reference value :  9.96900e-08
 Reference value :  9.97500e-08
 Reference value :  9.97850e-08
 Reference value :  9.98060e-08
 Reference value :  9.98500e-08
 Reference value :  9.99100e-08
 Reference value :  9.99700e-08
 Reference value :  1.00006e-07
 Reference value :  1.00050e-07
 Reference value :  1.00090e-07
 Reference value :  1.00150e-07
 Reference value :  1.00200e-07
 Reference value :  1.00214e-07
 Reference value :  1.00270e-07
 Reference value :  1.00310e-07
 Reference value :  1.00350e-07
 Reference value :  1.00400e-07
 Reference value :  1.00414e-07
 Reference value :  1.00470e-07
 Reference value :  1.00530e-07
 Reference value :  1.00585e-07
 Reference value :  1.00606e-07
 Reference value :  1.00650e-07
 Reference value :  1.00690e-07
 Reference value :  1.00750e-07
 Reference value :  1.00800e-07
 Reference value :  1.00814e-07
 Reference value :  1.00870e-07
 Reference value :  1.00910e-07
 Reference value :  1.00970e-07
 Reference value :  1.01002e-07
 Reference value :  1.01050e-07
 Reference value :  1.01090e-07
 Reference value :  1.01130e-07
 Reference value :  1.01185e-07
 Reference value :  1.01202e-07
 Reference value :  1.01230e-07
 Reference value :  1.01290e-07
 Reference value :  1.01350e-07
 Reference value :  1.01400e-07
 Reference value :  1.01414e-07
 Reference value :  1.01470e-07
 Reference value :  1.01510e-07
 Reference value :  1.01550e-07
 Reference value :  1.01600e-07
 Reference value :  1.01614e-07
 Reference value :  1.01670e-07
 Reference value :  1.01710e-07
 Reference value :  1.01770e-07
 Reference value :  1.01802e-07
 Reference value :  1.01850e-07
 Reference value :  1.01890e-07
 Reference value :  1.01950e-07
 Reference value :  1.02000e-07
 Reference value :  1.02014e-07
 Reference value :  1.02050e-07
 Reference value :  1.02110e-07
 Reference value :  1.02170e-07
 Reference value :  1.02202e-07
 Reference value :  1.02230e-07
 Reference value :  1.02290e-07
 Reference value :  1.02350e-07
 Reference value :  1.02400e-07
 Reference value :  1.02414e-07
 Reference value :  1.02470e-07
 Reference value :  1.02530e-07
 Reference value :  1.02570e-07
 Reference value :  1.02600e-07
 Reference value :  1.02614e-07
 Reference value :  1.02670e-07
 Reference value :  1.02730e-07
 Reference value :  1.02770e-07
 Reference value :  1.02802e-07
 Reference value :  1.02850e-07
 Reference value :  1.02910e-07
 Reference value :  1.02950e-07
 Reference value :  1.02985e-07
 Reference value :  1.03006e-07
 Reference value :  1.03070e-07
 Reference value :  1.03130e-07
 Reference value :  1.03185e-07
 Reference value :  1.03206e-07
 Reference value :  1.03250e-07
 Reference value :  1.03290e-07
 Reference value :  1.03330e-07
 Reference value :  1.03385e-07
 Reference value :  1.03406e-07
 Reference value :  1.03450e-07
 Reference value :  1.03490e-07
 Reference value :  1.03530e-07
 Reference value :  1.03570e-07
 Reference value :  1.03602e-07
 Reference value :  1.03630e-07
 Reference value :  1.03690e-07
 Reference value :  1.03750e-07
 Reference value :  1.03785e-07
 Reference value :  1.03806e-07
 Reference value :  1.03830e-07
 Reference value :  1.03890e-07
 Reference value :  1.03930e-07
 Reference value :  1.03970e-07
 Reference value :  1.04000e-07
 Reference value :  1.04014e-07
 Reference value :  1.04070e-07
 Reference value :  1.04110e-07
 Reference value :  1.04150e-07
 Reference value :  1.04200e-07
 Reference value :  1.04214e-07
 Reference value :  1.04270e-07
 Reference value :  1.04330e-07
 Reference value :  1.04385e-07
 Reference value :  1.04406e-07
 Reference value :  1.04450e-07
 Reference value :  1.04530e-07
 Reference value :  1.04570e-07
 Reference value :  1.04600e-07
 Reference value :  1.04614e-07
 Reference value :  1.04650e-07
 Reference value :  1.04690e-07
 Reference value :  1.04750e-07
 Reference value :  1.04800e-07
 Reference value :  1.04814e-07
 Reference value :  1.04870e-07
 Reference value :  1.04910e-07
 Reference value :  1.04950e-07
 Reference value :  1.04985e-07
 Reference value :  1.05014e-07
 Reference value :  1.05070e-07
 Reference value :  1.05130e-07
 Reference value :  1.05185e-07
 Reference value :  1.05206e-07
 Reference value :  1.05270e-07
 Reference value :  1.05330e-07
 Reference value :  1.05385e-07
 Reference value :  1.05406e-07
 Reference value :  1.05450e-07
 Reference value :  1.05510e-07
 Reference value :  1.05570e-07
 Reference value :  1.05602e-07
 Reference value :  1.05630e-07
 Reference value :  1.05690e-07
 Reference value :  1.05750e-07
 Reference value :  1.05785e-07
 Reference value :  1.05806e-07
 Reference value :  1.05850e-07
 Reference value :  1.05890e-07
 Reference value :  1.05950e-07
 Reference value :  1.06000e-07
 Reference value :  1.06014e-07
 Reference value :  1.06070e-07
 Reference value :  1.06130e-07
 Reference value :  1.06185e-07
 Reference value :  1.06206e-07
 Reference value :  1.06270e-07
 Reference value :  1.06310e-07
 Reference value :  1.06370e-07
 Reference value :  1.06402e-07
 Reference value :  1.06430e-07
 Reference value :  1.06490e-07
 Reference value :  1.06570e-07
 Reference value :  1.06602e-07
 Reference value :  1.06630e-07
 Reference value :  1.06690e-07
 Reference value :  1.06750e-07
 Reference value :  1.06802e-07
 Reference value :  1.06830e-07
 Reference value :  1.06870e-07
 Reference value :  1.06930e-07
 Reference value :  1.06970e-07
 Reference value :  1.07000e-07
 Reference value :  1.07014e-07
 Reference value :  1.07070e-07
 Reference value :  1.07130e-07
 Reference value :  1.07185e-07
 Reference value :  1.07206e-07
 Reference value :  1.07250e-07
 Reference value :  1.07310e-07
 Reference value :  1.07370e-07
 Reference value :  1.07406e-07
 Reference value :  1.07450e-07
 Reference value :  1.07490e-07
 Reference value :  1.07550e-07
 Reference value :  1.07600e-07
 Reference value :  1.07630e-07
 Reference value :  1.07690e-07
 Reference value :  1.07750e-07
 Reference value :  1.07785e-07
 Reference value :  1.07806e-07
 Reference value :  1.07850e-07
 Reference value :  1.07910e-07
 Reference value :  1.07950e-07
 Reference value :  1.07985e-07
 Reference value :  1.08006e-07
 Reference value :  1.08050e-07
 Reference value :  1.08090e-07
 Reference value :  1.08150e-07
 Reference value :  1.08200e-07
 Reference value :  1.08214e-07
 Reference value :  1.08270e-07
 Reference value :  1.08310e-07
 Reference value :  1.08350e-07
 Reference value :  1.08385e-07
 Reference value :  1.08406e-07
 Reference value :  1.08450e-07
 Reference value :  1.08510e-07
 Reference value :  1.08570e-07
 Reference value :  1.08602e-07
 Reference value :  1.08630e-07
 Reference value :  1.08670e-07
 Reference value :  1.08710e-07
 Reference value :  1.08750e-07
 Reference value :  1.08800e-07
 Reference value :  1.08814e-07
 Reference value :  1.08870e-07
 Reference value :  1.08930e-07
 Reference value :  1.08970e-07
 Reference value :  1.09000e-07
 Reference value :  1.09014e-07
 Reference value :  1.09070e-07
 Reference value :  1.09130e-07
 Reference value :  1.09170e-07
 Reference value :  1.09200e-07
 Reference value :  1.09214e-07
 Reference value :  1.09250e-07
 Reference value :  1.09290e-07
 Reference value :  1.09330e-07
 Reference value :  1.09400e-07
 Reference value :  1.09414e-07
 Reference value :  1.09470e-07
 Reference value :  1.09530e-07
 Reference value :  1.09570e-07
 Reference value :  1.09602e-07
 Reference value :  1.09630e-07
 Reference value :  1.09690e-07
 Reference value :  1.09730e-07
 Reference value :  1.09770e-07
 Reference value :  1.09800e-07
 Reference value :  1.09814e-07
 Reference value :  1.09870e-07
 Reference value :  1.09910e-07
 Reference value :  1.09985e-07
 Reference value :  1.10014e-07
 Reference value :  1.10070e-07
 Reference value :  1.10110e-07
 Reference value :  1.10150e-07
 Reference value :  1.10185e-07
 Reference value :  1.10214e-07
 Reference value :  1.10270e-07
 Reference value :  1.10310e-07
 Reference value :  1.10350e-07
 Reference value :  1.10400e-07
 Reference value :  1.10414e-07
 Reference value :  1.10470e-07
 Reference value :  1.10510e-07
 Reference value :  1.10570e-07
 Reference value :  1.10600e-07
 Reference value :  1.10614e-07
 Reference value :  1.10650e-07
 Reference value :  1.10690e-07
 Reference value :  1.10750e-07
 Reference value :  1.10800e-07
 Reference value :  1.10830e-07
 Reference value :  1.10870e-07
 Reference value :  1.10910e-07
 Reference value :  1.10950e-07
 Reference value :  1.11000e-07
 Reference value :  1.11014e-07
 Reference value :  1.11070e-07
 Reference value :  1.11130e-07
 Reference value :  1.11185e-07
 Reference value :  1.11206e-07
 Reference value :  1.11230e-07
 Reference value :  1.11290e-07
 Reference value :  1.11350e-07
 Reference value :  1.11385e-07
 Reference value :  1.11406e-07
 Reference value :  1.11450e-07
 Reference value :  1.11490e-07
 Reference value :  1.11550e-07
 Reference value :  1.11585e-07
 Reference value :  1.11606e-07
 Reference value :  1.11650e-07
 Reference value :  1.11730e-07
 Reference value :  1.11785e-07
 Reference value :  1.11806e-07
 Reference value :  1.11830e-07
 Reference value :  1.11870e-07
 Reference value :  1.11930e-07
 Reference value :  1.11985e-07
 Reference value :  1.12014e-07
 Reference value :  1.12070e-07
 Reference value :  1.12110e-07
 Reference value :  1.12150e-07
 Reference value :  1.12185e-07
 Reference value :  1.12206e-07
 Reference value :  1.12250e-07
 Reference value :  1.12310e-07
 Reference value :  1.12350e-07
 Reference value :  1.12385e-07
 Reference value :  1.12402e-07
 Reference value :  1.12430e-07
 Reference value :  1.12470e-07
 Reference value :  1.12530e-07
 Reference value :  1.12570e-07
 Reference value :  1.12600e-07
 Reference value :  1.12614e-07
 Reference value :  1.12650e-07
 Reference value :  1.12690e-07
 Reference value :  1.12730e-07
 Reference value :  1.12770e-07
 Reference value :  1.12802e-07
 Reference value :  1.12830e-07
 Reference value :  1.12890e-07
 Reference value :  1.12930e-07
 Reference value :  1.12970e-07
 Reference value :  1.13000e-07
 Reference value :  1.13014e-07
 Reference value :  1.13070e-07
 Reference value :  1.13130e-07
 Reference value :  1.13170e-07
 Reference value :  1.13200e-07
 Reference value :  1.13214e-07
 Reference value :  1.13270e-07
 Reference value :  1.13310e-07
 Reference value :  1.13350e-07
 Reference value :  1.13400e-07
 Reference value :  1.13414e-07
 Reference value :  1.13470e-07
 Reference value :  1.13510e-07
 Reference value :  1.13550e-07
 Reference value :  1.13600e-07
 Reference value :  1.13614e-07
 Reference value :  1.13670e-07
 Reference value :  1.13710e-07
 Reference value :  1.13770e-07
 Reference value :  1.13802e-07
 Reference value :  1.13830e-07
 Reference value :  1.13890e-07
 Reference value :  1.13950e-07
 Reference value :  1.14000e-07
 Reference value :  1.14014e-07
 Reference value :  1.14050e-07
 Reference value :  1.14090e-07
 Reference value :  1.14130e-07
 Reference value :  1.14185e-07
 Reference value :  1.14202e-07
 Reference value :  1.14230e-07
 Reference value :  1.14290e-07
 Reference value :  1.14330e-07
 Reference value :  1.14370e-07
 Reference value :  1.14402e-07
 Reference value :  1.14430e-07
 Reference value :  1.14470e-07
 Reference value :  1.14530e-07
 Reference value :  1.14585e-07
 Reference value :  1.14606e-07
 Reference value :  1.14630e-07
 Reference value :  1.14670e-07
 Reference value :  1.14710e-07
 Reference value :  1.14750e-07
 Reference value :  1.14800e-07
 Reference value :  1.14830e-07
 Reference value :  1.14890e-07
 Reference value :  1.14930e-07
 Reference value :  1.14970e-07
 Reference value :  1.15000e-07
 Reference value :  1.15000e-07
No. of Data Rows : 7491
vmax_ss             =  1.43441e+00 at=  1.05150e-07
vmin_ss             =  -1.46727e-02 at=  6.36000e-08
tk                  =  3.84589e-09
tk                  =  6.71492e-09
tk                  =  9.58049e-09
tk                  =  1.24517e-08
tk                  =  1.53155e-08
tk                  =  1.81838e-08
tk                  =  2.10519e-08
tk                  =  2.39227e-08
tk                  =  2.67848e-08
tk                  =  2.96538e-08
tk                  =  3.25164e-08
tk                  =  3.53819e-08
tk                  =  3.82541e-08
tk                  =  4.11211e-08
tk                  =  4.39850e-08
tk                  =  4.68516e-08
tk                  =  4.97156e-08
tk                  =  5.25855e-08
tk                  =  5.54544e-08
tk                  =  5.83274e-08
tk                  =  6.11951e-08
vmax_ss = 1.434408e+00
vmin_ss = -1.46727e-02
swing_frac = 8.944942e-01
tbar = 2.867459e-09
sigma_1 = 3.173964e-12
sigma_2 = 4.080084e-12
sigma_4 = 5.311365e-12
sigma_8 = 7.617492e-12
Note: Simulation executed from .control section 

----- stderr -----

Checking parameters for BSIM 4.5 model x4.xmn:nshort_model.48
Warning: Eta0 = -0.0261666 is negative.

Checking parameters for BSIM 4.5 model x4.xmp:pshort_model.40
Warning: A2 = 1.0885 is larger than 1. A2 is set to 1 and A1 is set to 0.
Warning: Pdibl1 = -0.00669442 is negative.

Checking parameters for BSIM 4.5 model x3.xmn:nshort_model.48
Warning: Eta0 = -0.0261666 is negative.

Checking parameters for BSIM 4.5 model x3.xmp:pshort_model.40
Warning: A2 = 1.0885 is larger than 1. A2 is set to 1 and A1 is set to 0.
Warning: Pdibl1 = -0.00669442 is negative.

Checking parameters for BSIM 4.5 model x2.xmn:nshort_model.48
Warning: Eta0 = -0.0261666 is negative.

Checking parameters for BSIM 4.5 model x2.xmp:pshort_model.40
Warning: A2 = 1.0885 is larger than 1. A2 is set to 1 and A1 is set to 0.
Warning: Pdibl1 = -0.00669442 is negative.

Checking parameters for BSIM 4.5 model x1.xmn:nshort_model.48
Warning: Eta0 = -0.0261666 is negative.

Checking parameters for BSIM 4.5 model x1.xmp:pshort_model.40
Warning: A2 = 1.0885 is larger than 1. A2 is set to 1 and A1 is set to 0.
Warning: Pdibl1 = -0.00669442 is negative.

Checking parameters for BSIM 4.5 model xg.xmnb:nshort_model.40
Warning: Eta0 = -0.00908636 is negative.

Checking parameters for BSIM 4.5 model xg.xmna:nshort_model.40
Warning: Eta0 = -0.00908636 is negative.

Checking parameters for BSIM 4.5 model xg.xmpb:pshort_model.40
Warning: A2 = 1.0885 is larger than 1. A2 is set to 1 and A1 is set to 0.
Warning: Pdibl1 = -0.00669442 is negative.

Checking parameters for BSIM 4.5 model xg.xmpa:pshort_model.40
Warning: A2 = 1.0885 is larger than 1. A2 is set to 1 and A1 is set to 0.
Warning: Pdibl1 = -0.00669442 is negative.

