|* Post-layout sampler_core (whole composed cell), FLOATING substrate, rings
|* 2-4 PRESENT BUT STOPPED (en2/en3/en4 held at 0 for the whole run) -- the
|* sampler_core-scope sibling of
|* sim/post-layout-ro-array-core/testbench/tb_post_layout_ro_array_core_substrate_float_solo.spice,
|* now with all six sampler_dff instances present, loaded and clocked
|* identically to the sibling _float and _tied decks (the tied deck being
|* sim/post-layout-sampler-core/testbench/tb_post_layout_sampler_core.spice's
|* own post-layout half, already run and recorded).
|*
|* Purpose: separate LOADING (the floating node's own capacitance/impedance,
|* plus everything on it that is common to all three decks) from COUPLING
|* (ring 1's period moving because rings 2-4 are actually driving the same
|* shared node), the same three-way decomposition DR-0005 (ring scope) and
|* DR-0006 (array scope) used:
|*
|*   loading  = t(this deck)                              - t(tied)
|*   coupling = t(substrate_float, all 4 rings running)    - t(this deck)
|*
|* Holding the six samplers' own clk/rst_n stimulus IDENTICAL across
|* TIED/FLOAT/SOLO (rather than omitting them here) means their own
|* contribution to substrate loading is common to all three decks and
|* cancels out of BOTH differences above -- what changes between this deck
|* and the sibling _float deck is only whether rings 2-4 are switching,
|* isolating the ring-to-ring term DR-0003 section 8 actually asks about.
|*
|* Same sampler_core_pex extraction as the sibling _tied/_float decks in
|* this directory (real physical ring/buffer/xor2/sampler-bank proximity,
|* not leaf cells hand-tied to a shared node), so this is the strongest
|* available bound on the substrate mechanism this repo has produced at
|* sampler_core scope -- still not the physical answer (the extractor emits
|* no substrate or tap resistance at all; klayout-tools#1503), but bracketing
|* the terminals of a real, physically-placed layout's own shared node.
|*
|* With en2/en3/en4 held at 0, ro_nand2's own defined-output-on-disable state
|* (design/README.md; DR-0003) pins ring2/3/4's node ro_ring5 outputs high --
|* a defined, non-switching state, not a floating one -- so rn2/rn3/rn4 (and
|* therefore ro2/ro3/ro4 and the XOR tree downstream of them) settle and stay
|* put; only ring 1 free-runs. The six samplers still latch whatever settles
|* onto their own `d` pins at each clk edge -- a defined value, not floating
|* -- so this deck's own reset/capture behaviour is not separately measured
|* (that is the sibling _tied deck's own scope); only ring 1's period and the
|* substrate node's own swing are read here.
|*
|* TWO measurement windows, matching the sibling _float deck exactly (see
|* that deck's header for the full statement). `p_tr1` (rise=3 -> rise=13)
|* is the tied deck's own estimator verbatim and, at this design's
|* post-layout ring periods, falls entirely before `rst_n` releases at
|* 300 ns -- samplers loaded and placed, not switching. `p_tr1_clk` is a
|* ten-period average taken from the first rising edge past 400 ns, inside
|* the clocked window, with all six samplers actually latching; it is
|* time-gated (`TRIG`/`TARG ... TD=400n`) rather than rise-indexed because
|* the ring period varies 3.1x across this repo's PVT grid. Only the
|* `coupling` half of the decomposition can be computed on the clocked
|* estimator, since the already-minted tied records carry no counterpart to
|* it.
|*
|* Global substrate addressing, corrected from the start (see the sibling
|* _float deck's header for DR-0006's own documented `v(xarr.vsubs)` defect
|* this deck avoids): `vsubs` is `.global`, addressed as `v(vsubs)`.
|*
|* This file is a TEMPLATE: sim/bin/corner-run.py substitutes /Users/rwalters/.volare/volare/sky130/versions/c6d73a35f524070e85faff4a6a9eef49553ebc2b/sky130A/libs.tech/combined/sky130.lib.spice,
|* ss, -40.0, 1.62 and 5p. As committed it is not a
|* runnable deck. Invoke with
|* `--pex-lib layout/pex-sampler-core/sampler_core_pex.spice`.
|
|.option scale=1u
|.lib "/Users/rwalters/.volare/volare/sky130/versions/c6d73a35f524070e85faff4a6a9eef49553ebc2b/sky130A/libs.tech/combined/sky130.lib.spice" ss
|
|.include "/Users/rwalters/GitHub/sky130-trng/.loom/worktrees/issue-22/layout/pex-sampler-core/sampler_core_pex.spice"
|
|.temp -40.0
|
|* --- substrate return node: FLOATING (see header) -- no Vsub source ----
|
|Vddrp1 pvddr1 0 dc 1.62
|Vddrp2 pvddr2 0 dc 1.62
|Vddrp3 pvddr3 0 dc 1.62
|Vddrp4 pvddr4 0 dc 1.62
|Vddp pvdd 0 dc 1.62
|Venp1 pen1 0 PULSE(0 1.62 5n 100p 100p 1u 2u)
|* rings 2-4: held at 0 for the whole run -- present, but never released.
|Venp2 pen2 0 dc 0
|Venp3 pen3 0 dc 0
|Venp4 pen4 0 dc 0
|Vrstnp prst_n 0 PULSE(0 1.62 300n 100p 100p 10u 20u)
|Vclkp pclk 0 PULSE(0 1.62 320n 100p 100p 49.8n 100n)
|xarr pen1 pen2 pen3 pen4 pvddr1 pvddr2 pvddr3 pvddr4 pvdd 0 pclk prst_n
|+ praw_bit praw_valid pring_bit1 pring_bit2 pring_bit3 pring_bit4
|+ sampler_core_pex
|
|.ic v(xarr.ro1)=0 v(xarr.ro2)=0 v(xarr.ro3)=0 v(xarr.ro4)=0
|
|.save v(xarr.ro1) v(vsubs)
|
|* tstop is 600 ns, not the tied deck's 800 ns -- see the sibling _float
|* deck's own note on the same line for why that truncation is provably
|* immaterial to every number either deck reports.
|.tran 5p 600n uic
|
|.control
|run
|
|* --- primary estimator: identical to the tied and _float decks ---------
|meas tran pt1a when v(xarr.ro1)=0.5*1.62 rise=3
|meas tran pt1b when v(xarr.ro1)=0.5*1.62 rise=13
|let p_tr1 = (pt1b - pt1a)/10
|
|* --- second estimator: clocked window, time-gated (see header) ---------
|meas tran pd1_clk TRIG v(xarr.ro1) VAL=0.5*1.62 RISE=1 TD=400n
|+ TARG v(xarr.ro1) VAL=0.5*1.62 RISE=11 TD=400n
|let p_tr1_clk = pd1_clk/10
|
|* --- shared substrate node's own excursion, two windows ----------------
|meas tran vsub_rst_max MAX v(vsubs) from=100n to=300n
|meas tran vsub_rst_min MIN v(vsubs) from=100n to=300n
|let vsub_swing_rst = (vsub_rst_max - vsub_rst_min) / 1.62
|meas tran vsub_clk_max MAX v(vsubs) from=400n to=600n
|meas tran vsub_clk_min MIN v(vsubs) from=400n to=600n
|let vsub_swing_clk = (vsub_clk_max - vsub_clk_min) / 1.62
|
|print p_tr1
|print p_tr1_clk
|print vsub_swing_rst
|print vsub_swing_clk
|.endc
|.end
|

----- stdout -----

Note: Compatibility modes selected: hs a


Circuit: * post-layout sampler_core (whole composed cell), floating substrate, rings

option SCALE: Scale is set to 1e-06 for instance and model parameters
option SCALE: Scale is set to 1e-06 for instance and model parameters
option SCALE: Scale is set to 1e-06 for instance and model parameters
option SCALE: Scale is set to 1e-06 for instance and model parameters
option SCALE: Scale is set to 1e-06 for instance and model parameters
Doing analysis at TEMP = -40.000000 and TNOM = 27.000000

Using SPARSE 1.3 as Direct Linear Solver
Operating point simulation skipped by 'uic',
  now using transient initial conditions.
 Reference value :  5.00000e-14
 Reference value :  3.62173e-10
 Reference value :  8.47173e-10
 Reference value :  1.40217e-09
 Reference value :  1.95717e-09
 Reference value :  2.51217e-09
 Reference value :  3.06717e-09
 Reference value :  3.62217e-09
 Reference value :  4.18217e-09
 Reference value :  4.73717e-09
 Reference value :  5.22750e-09
 Reference value :  5.78250e-09
 Reference value :  6.35250e-09
 Reference value :  6.92750e-09
 Reference value :  7.50250e-09
 Reference value :  8.07250e-09
 Reference value :  8.63750e-09
 Reference value :  9.19750e-09
 Reference value :  9.76250e-09
 Reference value :  1.03125e-08
 Reference value :  1.08775e-08
 Reference value :  1.14225e-08
 Reference value :  1.19775e-08
 Reference value :  1.25225e-08
 Reference value :  1.30675e-08
 Reference value :  1.36125e-08
 Reference value :  1.41625e-08
 Reference value :  1.47075e-08
 Reference value :  1.52525e-08
 Reference value :  1.58025e-08
 Reference value :  1.63475e-08
 Reference value :  1.69025e-08
 Reference value :  1.74475e-08
 Reference value :  1.79975e-08
 Reference value :  1.85475e-08
 Reference value :  1.90975e-08
 Reference value :  1.96525e-08
 Reference value :  2.02075e-08
 Reference value :  2.07575e-08
 Reference value :  2.13125e-08
 Reference value :  2.18575e-08
 Reference value :  2.24175e-08
 Reference value :  2.29525e-08
 Reference value :  2.35025e-08
 Reference value :  2.40625e-08
 Reference value :  2.46175e-08
 Reference value :  2.51775e-08
 Reference value :  2.57425e-08
 Reference value :  2.62975e-08
 Reference value :  2.68525e-08
 Reference value :  2.74125e-08
 Reference value :  2.79525e-08
 Reference value :  2.84875e-08
 Reference value :  2.90275e-08
 Reference value :  2.95575e-08
 Reference value :  3.00875e-08
 Reference value :  3.06175e-08
 Reference value :  3.11575e-08
 Reference value :  3.16875e-08
 Reference value :  3.22275e-08
 Reference value :  3.27725e-08
 Reference value :  3.33075e-08
 Reference value :  3.38375e-08
 Reference value :  3.43725e-08
 Reference value :  3.49075e-08
 Reference value :  3.54525e-08
 Reference value :  3.59875e-08
 Reference value :  3.65275e-08
 Reference value :  3.70675e-08
 Reference value :  3.76075e-08
 Reference value :  3.81625e-08
 Reference value :  3.87125e-08
 Reference value :  3.92625e-08
 Reference value :  3.98125e-08
 Reference value :  4.03575e-08
 Reference value :  4.08975e-08
 Reference value :  4.14375e-08
 Reference value :  4.19725e-08
 Reference value :  4.24925e-08
 Reference value :  4.30225e-08
 Reference value :  4.35525e-08
 Reference value :  4.40875e-08
 Reference value :  4.46125e-08
 Reference value :  4.51375e-08
 Reference value :  4.56675e-08
 Reference value :  4.61925e-08
 Reference value :  4.67225e-08
 Reference value :  4.72575e-08
 Reference value :  4.77975e-08
 Reference value :  4.83275e-08
 Reference value :  4.88575e-08
 Reference value :  4.93925e-08
 Reference value :  4.99275e-08
 Reference value :  5.04575e-08
 Reference value :  5.09925e-08
 Reference value :  5.15225e-08
 Reference value :  5.20475e-08
 Reference value :  5.25725e-08
 Reference value :  5.31075e-08
 Reference value :  5.36375e-08
 Reference value :  5.41575e-08
 Reference value :  5.46825e-08
 Reference value :  5.52075e-08
 Reference value :  5.57325e-08
 Reference value :  5.62525e-08
 Reference value :  5.67825e-08
 Reference value :  5.73025e-08
 Reference value :  5.78275e-08
 Reference value :  5.83625e-08
 Reference value :  5.88925e-08
 Reference value :  5.94225e-08
 Reference value :  5.99525e-08
 Reference value :  6.04825e-08
 Reference value :  6.10125e-08
 Reference value :  6.15475e-08
 Reference value :  6.20825e-08
 Reference value :  6.26225e-08
 Reference value :  6.31575e-08
 Reference value :  6.36925e-08
 Reference value :  6.42225e-08
 Reference value :  6.47525e-08
 Reference value :  6.52775e-08
 Reference value :  6.58175e-08
 Reference value :  6.63425e-08
 Reference value :  6.68725e-08
 Reference value :  6.73975e-08
 Reference value :  6.79275e-08
 Reference value :  6.84525e-08
 Reference value :  6.89725e-08
 Reference value :  6.94975e-08
 Reference value :  7.00325e-08
 Reference value :  7.05625e-08
 Reference value :  7.10975e-08
 Reference value :  7.16325e-08
 Reference value :  7.21625e-08
 Reference value :  7.26875e-08
 Reference value :  7.32175e-08
 Reference value :  7.37475e-08
 Reference value :  7.42725e-08
 Reference value :  7.48025e-08
 Reference value :  7.53275e-08
 Reference value :  7.58525e-08
 Reference value :  7.63775e-08
 Reference value :  7.69225e-08
 Reference value :  7.74475e-08
 Reference value :  7.79725e-08
 Reference value :  7.85125e-08
 Reference value :  7.90475e-08
 Reference value :  7.95725e-08
 Reference value :  8.00975e-08
 Reference value :  8.06275e-08
 Reference value :  8.11525e-08
 Reference value :  8.16825e-08
 Reference value :  8.22225e-08
 Reference value :  8.27575e-08
 Reference value :  8.32875e-08
 Reference value :  8.38375e-08
 Reference value :  8.43675e-08
 Reference value :  8.48925e-08
 Reference value :  8.54325e-08
 Reference value :  8.59625e-08
 Reference value :  8.64925e-08
 Reference value :  8.70375e-08
 Reference value :  8.75675e-08
 Reference value :  8.80925e-08
 Reference value :  8.86225e-08
 Reference value :  8.91525e-08
 Reference value :  8.96825e-08
 Reference value :  9.02075e-08
 Reference value :  9.07325e-08
 Reference value :  9.12575e-08
 Reference value :  9.17875e-08
 Reference value :  9.23025e-08
 Reference value :  9.28225e-08
 Reference value :  9.33475e-08
 Reference value :  9.38775e-08
 Reference value :  9.44075e-08
 Reference value :  9.49325e-08
 Reference value :  9.54675e-08
 Reference value :  9.60375e-08
 Reference value :  9.65775e-08
 Reference value :  9.71075e-08
 Reference value :  9.76375e-08
 Reference value :  9.81675e-08
 Reference value :  9.86975e-08
 Reference value :  9.92275e-08
 Reference value :  9.97575e-08
 Reference value :  1.00283e-07
 Reference value :  1.00803e-07
 Reference value :  1.01338e-07
 Reference value :  1.01878e-07
 Reference value :  1.02403e-07
 Reference value :  1.02923e-07
 Reference value :  1.03453e-07
 Reference value :  1.03978e-07
 Reference value :  1.04493e-07
 Reference value :  1.05018e-07
 Reference value :  1.05548e-07
 Reference value :  1.06078e-07
 Reference value :  1.06608e-07
 Reference value :  1.07138e-07
 Reference value :  1.07683e-07
 Reference value :  1.08218e-07
 Reference value :  1.08743e-07
 Reference value :  1.09268e-07
 Reference value :  1.09798e-07
 Reference value :  1.10328e-07
 Reference value :  1.10863e-07
 Reference value :  1.11393e-07
 Reference value :  1.11918e-07
 Reference value :  1.12443e-07
 Reference value :  1.12973e-07
 Reference value :  1.13503e-07
 Reference value :  1.14038e-07
 Reference value :  1.14568e-07
 Reference value :  1.15103e-07
 Reference value :  1.15628e-07
 Reference value :  1.16153e-07
 Reference value :  1.16683e-07
 Reference value :  1.17213e-07
 Reference value :  1.17738e-07
 Reference value :  1.18263e-07
 Reference value :  1.18798e-07
 Reference value :  1.19323e-07
 Reference value :  1.19853e-07
 Reference value :  1.20383e-07
 Reference value :  1.20903e-07
 Reference value :  1.21433e-07
 Reference value :  1.21963e-07
 Reference value :  1.22488e-07
 Reference value :  1.23013e-07
 Reference value :  1.23543e-07
 Reference value :  1.24058e-07
 Reference value :  1.24583e-07
 Reference value :  1.25108e-07
 Reference value :  1.25633e-07
 Reference value :  1.26158e-07
 Reference value :  1.26683e-07
 Reference value :  1.27203e-07
 Reference value :  1.27728e-07
 Reference value :  1.28243e-07
 Reference value :  1.28768e-07
 Reference value :  1.29303e-07
 Reference value :  1.29828e-07
 Reference value :  1.30353e-07
 Reference value :  1.30883e-07
 Reference value :  1.31423e-07
 Reference value :  1.31958e-07
 Reference value :  1.32493e-07
 Reference value :  1.33038e-07
 Reference value :  1.33568e-07
 Reference value :  1.34088e-07
 Reference value :  1.34628e-07
 Reference value :  1.35153e-07
 Reference value :  1.35668e-07
 Reference value :  1.36193e-07
 Reference value :  1.36718e-07
 Reference value :  1.37248e-07
 Reference value :  1.37773e-07
 Reference value :  1.38308e-07
 Reference value :  1.38838e-07
 Reference value :  1.39358e-07
 Reference value :  1.39878e-07
 Reference value :  1.40408e-07
 Reference value :  1.41053e-07
 Reference value :  1.41603e-07
 Reference value :  1.42098e-07
 Reference value :  1.42618e-07
 Reference value :  1.43133e-07
 Reference value :  1.43653e-07
 Reference value :  1.44168e-07
 Reference value :  1.44688e-07
 Reference value :  1.45208e-07
 Reference value :  1.45723e-07
 Reference value :  1.46238e-07
 Reference value :  1.46758e-07
 Reference value :  1.47263e-07
 Reference value :  1.47773e-07
 Reference value :  1.48288e-07
 Reference value :  1.48803e-07
 Reference value :  1.49323e-07
 Reference value :  1.49843e-07
 Reference value :  1.50363e-07
 Reference value :  1.50873e-07
 Reference value :  1.51378e-07
 Reference value :  1.51898e-07
 Reference value :  1.52418e-07
 Reference value :  1.52938e-07
 Reference value :  1.53488e-07
 Reference value :  1.54013e-07
 Reference value :  1.54543e-07
 Reference value :  1.55063e-07
 Reference value :  1.55603e-07
 Reference value :  1.56133e-07
 Reference value :  1.56663e-07
 Reference value :  1.57188e-07
 Reference value :  1.57713e-07
 Reference value :  1.58303e-07
 Reference value :  1.58863e-07
 Reference value :  1.59393e-07
 Reference value :  1.59923e-07
 Reference value :  1.60448e-07
 Reference value :  1.60978e-07
 Reference value :  1.61508e-07
 Reference value :  1.62038e-07
 Reference value :  1.62553e-07
 Reference value :  1.63068e-07
 Reference value :  1.63593e-07
 Reference value :  1.64123e-07
 Reference value :  1.64648e-07
 Reference value :  1.65173e-07
 Reference value :  1.65703e-07
 Reference value :  1.66233e-07
 Reference value :  1.66763e-07
 Reference value :  1.67293e-07
 Reference value :  1.67833e-07
 Reference value :  1.68363e-07
 Reference value :  1.68893e-07
 Reference value :  1.69418e-07
 Reference value :  1.69948e-07
 Reference value :  1.70463e-07
 Reference value :  1.70988e-07
 Reference value :  1.71513e-07
 Reference value :  1.72043e-07
 Reference value :  1.72568e-07
 Reference value :  1.73088e-07
 Reference value :  1.73613e-07
 Reference value :  1.74138e-07
 Reference value :  1.74658e-07
 Reference value :  1.75183e-07
 Reference value :  1.75713e-07
 Reference value :  1.76253e-07
 Reference value :  1.76783e-07
 Reference value :  1.77313e-07
 Reference value :  1.77843e-07
 Reference value :  1.78373e-07
 Reference value :  1.78913e-07
 Reference value :  1.79443e-07
 Reference value :  1.79978e-07
 Reference value :  1.80503e-07
 Reference value :  1.81033e-07
 Reference value :  1.81563e-07
 Reference value :  1.82078e-07
 Reference value :  1.82598e-07
 Reference value :  1.83128e-07
 Reference value :  1.83658e-07
 Reference value :  1.84188e-07
 Reference value :  1.84713e-07
 Reference value :  1.85243e-07
 Reference value :  1.85768e-07
 Reference value :  1.86298e-07
 Reference value :  1.86833e-07
 Reference value :  1.87363e-07
 Reference value :  1.87888e-07
 Reference value :  1.88408e-07
 Reference value :  1.88938e-07
 Reference value :  1.89468e-07
 Reference value :  1.89998e-07
 Reference value :  1.90523e-07
 Reference value :  1.91058e-07
 Reference value :  1.91583e-07
 Reference value :  1.92108e-07
 Reference value :  1.92638e-07
 Reference value :  1.93163e-07
 Reference value :  1.93683e-07
 Reference value :  1.94208e-07
 Reference value :  1.94743e-07
 Reference value :  1.95268e-07
 Reference value :  1.95793e-07
 Reference value :  1.96318e-07
 Reference value :  1.96848e-07
 Reference value :  1.97368e-07
 Reference value :  1.97888e-07
 Reference value :  1.98413e-07
 Reference value :  1.98943e-07
 Reference value :  1.99473e-07
 Reference value :  2.00003e-07
 Reference value :  2.00538e-07
 Reference value :  2.01063e-07
 Reference value :  2.01598e-07
 Reference value :  2.02128e-07
 Reference value :  2.02658e-07
 Reference value :  2.03193e-07
 Reference value :  2.03718e-07
 Reference value :  2.04253e-07
 Reference value :  2.04783e-07
 Reference value :  2.05303e-07
 Reference value :  2.05828e-07
 Reference value :  2.06353e-07
 Reference value :  2.06888e-07
 Reference value :  2.07418e-07
 Reference value :  2.07943e-07
 Reference value :  2.08478e-07
 Reference value :  2.09003e-07
 Reference value :  2.09523e-07
 Reference value :  2.10053e-07
 Reference value :  2.10583e-07
 Reference value :  2.11118e-07
 Reference value :  2.11648e-07
 Reference value :  2.12183e-07
 Reference value :  2.12713e-07
 Reference value :  2.13243e-07
 Reference value :  2.13773e-07
 Reference value :  2.14308e-07
 Reference value :  2.14843e-07
 Reference value :  2.15358e-07
 Reference value :  2.15888e-07
 Reference value :  2.16413e-07
 Reference value :  2.16933e-07
 Reference value :  2.17458e-07
 Reference value :  2.17983e-07
 Reference value :  2.18508e-07
 Reference value :  2.19033e-07
 Reference value :  2.19563e-07
 Reference value :  2.20093e-07
 Reference value :  2.20613e-07
 Reference value :  2.21133e-07
 Reference value :  2.21658e-07
 Reference value :  2.22188e-07
 Reference value :  2.22723e-07
 Reference value :  2.23258e-07
 Reference value :  2.23788e-07
 Reference value :  2.24318e-07
 Reference value :  2.24853e-07
 Reference value :  2.25388e-07
 Reference value :  2.25913e-07
 Reference value :  2.26438e-07
 Reference value :  2.26968e-07
 Reference value :  2.27488e-07
 Reference value :  2.28013e-07
 Reference value :  2.28543e-07
 Reference value :  2.29118e-07
 Reference value :  2.29648e-07
 Reference value :  2.30178e-07
 Reference value :  2.30713e-07
 Reference value :  2.31243e-07
 Reference value :  2.31768e-07
 Reference value :  2.32303e-07
 Reference value :  2.32828e-07
 Reference value :  2.33368e-07
 Reference value :  2.33903e-07
 Reference value :  2.34438e-07
 Reference value :  2.34968e-07
 Reference value :  2.35498e-07
 Reference value :  2.36033e-07
 Reference value :  2.36563e-07
 Reference value :  2.37098e-07
 Reference value :  2.37628e-07
 Reference value :  2.38168e-07
 Reference value :  2.38693e-07
 Reference value :  2.39223e-07
 Reference value :  2.39748e-07
 Reference value :  2.40268e-07
 Reference value :  2.40798e-07
 Reference value :  2.41333e-07
 Reference value :  2.41868e-07
 Reference value :  2.42418e-07
 Reference value :  2.42953e-07
 Reference value :  2.43503e-07
 Reference value :  2.44023e-07
 Reference value :  2.44538e-07
 Reference value :  2.45068e-07
 Reference value :  2.45603e-07
 Reference value :  2.46133e-07
 Reference value :  2.46673e-07
 Reference value :  2.47198e-07
 Reference value :  2.47723e-07
 Reference value :  2.48253e-07
 Reference value :  2.48813e-07
 Reference value :  2.49348e-07
 Reference value :  2.49878e-07
 Reference value :  2.50418e-07
 Reference value :  2.50968e-07
 Reference value :  2.51498e-07
 Reference value :  2.52013e-07
 Reference value :  2.52548e-07
 Reference value :  2.53093e-07
 Reference value :  2.53623e-07
 Reference value :  2.54158e-07
 Reference value :  2.54703e-07
 Reference value :  2.55238e-07
 Reference value :  2.55758e-07
 Reference value :  2.56288e-07
 Reference value :  2.56808e-07
 Reference value :  2.57338e-07
 Reference value :  2.57873e-07
 Reference value :  2.58403e-07
 Reference value :  2.58933e-07
 Reference value :  2.59478e-07
 Reference value :  2.60008e-07
 Reference value :  2.60543e-07
 Reference value :  2.61073e-07
 Reference value :  2.61608e-07
 Reference value :  2.62138e-07
 Reference value :  2.62668e-07
 Reference value :  2.63198e-07
 Reference value :  2.63733e-07
 Reference value :  2.64308e-07
 Reference value :  2.64838e-07
 Reference value :  2.65388e-07
 Reference value :  2.65933e-07
 Reference value :  2.66453e-07
 Reference value :  2.66978e-07
 Reference value :  2.67503e-07
 Reference value :  2.68018e-07
 Reference value :  2.68548e-07
 Reference value :  2.69078e-07
 Reference value :  2.69608e-07
 Reference value :  2.70133e-07
 Reference value :  2.70658e-07
 Reference value :  2.71188e-07
 Reference value :  2.71718e-07
 Reference value :  2.72243e-07
 Reference value :  2.72773e-07
 Reference value :  2.73303e-07
 Reference value :  2.73823e-07
 Reference value :  2.74353e-07
 Reference value :  2.74868e-07
 Reference value :  2.75373e-07
 Reference value :  2.75903e-07
 Reference value :  2.76428e-07
 Reference value :  2.76963e-07
 Reference value :  2.77503e-07
 Reference value :  2.78028e-07
 Reference value :  2.78553e-07
 Reference value :  2.79078e-07
 Reference value :  2.79593e-07
 Reference value :  2.80123e-07
 Reference value :  2.80653e-07
 Reference value :  2.81183e-07
 Reference value :  2.81713e-07
 Reference value :  2.82243e-07
 Reference value :  2.82778e-07
 Reference value :  2.83308e-07
 Reference value :  2.83838e-07
 Reference value :  2.84358e-07
 Reference value :  2.84888e-07
 Reference value :  2.85417e-07
 Reference value :  2.85942e-07
 Reference value :  2.86467e-07
 Reference value :  2.86982e-07
 Reference value :  2.87507e-07
 Reference value :  2.88037e-07
 Reference value :  2.88562e-07
 Reference value :  2.89087e-07
 Reference value :  2.89607e-07
 Reference value :  2.90137e-07
 Reference value :  2.90657e-07
 Reference value :  2.91172e-07
 Reference value :  2.91702e-07
 Reference value :  2.92227e-07
 Reference value :  2.92752e-07
 Reference value :  2.93277e-07
 Reference value :  2.93812e-07
 Reference value :  2.94342e-07
 Reference value :  2.94867e-07
 Reference value :  2.95397e-07
 Reference value :  2.95927e-07
 Reference value :  2.96452e-07
 Reference value :  2.97012e-07
 Reference value :  2.97537e-07
 Reference value :  2.98067e-07
 Reference value :  2.98597e-07
 Reference value :  2.99122e-07
 Reference value :  2.99647e-07
 Reference value :  3.00113e-07
 Reference value :  3.00607e-07
 Reference value :  3.01132e-07
 Reference value :  3.01657e-07
 Reference value :  3.02177e-07
 Reference value :  3.02692e-07
 Reference value :  3.03222e-07
 Reference value :  3.03732e-07
 Reference value :  3.04257e-07
 Reference value :  3.04812e-07
 Reference value :  3.05342e-07
 Reference value :  3.05872e-07
 Reference value :  3.06402e-07
 Reference value :  3.06932e-07
 Reference value :  3.07467e-07
 Reference value :  3.07997e-07
 Reference value :  3.08537e-07
 Reference value :  3.09067e-07
 Reference value :  3.09597e-07
 Reference value :  3.10132e-07
 Reference value :  3.10647e-07
 Reference value :  3.11157e-07
 Reference value :  3.11677e-07
 Reference value :  3.12217e-07
 Reference value :  3.12747e-07
 Reference value :  3.13277e-07
 Reference value :  3.13787e-07
 Reference value :  3.14297e-07
 Reference value :  3.14822e-07
 Reference value :  3.15337e-07
 Reference value :  3.15867e-07
 Reference value :  3.16387e-07
 Reference value :  3.16917e-07
 Reference value :  3.17462e-07
 Reference value :  3.17992e-07
 Reference value :  3.18522e-07
 Reference value :  3.19052e-07
 Reference value :  3.19587e-07
 Reference value :  3.20087e-07
 Reference value :  3.20547e-07
 Reference value :  3.21077e-07
 Reference value :  3.21602e-07
 Reference value :  3.22102e-07
 Reference value :  3.22592e-07
 Reference value :  3.23127e-07
 Reference value :  3.23662e-07
 Reference value :  3.24197e-07
 Reference value :  3.24722e-07
 Reference value :  3.25247e-07
 Reference value :  3.25772e-07
 Reference value :  3.26287e-07
 Reference value :  3.26822e-07
 Reference value :  3.27347e-07
 Reference value :  3.27872e-07
 Reference value :  3.28402e-07
 Reference value :  3.28927e-07
 Reference value :  3.29457e-07
 Reference value :  3.30002e-07
 Reference value :  3.30532e-07
 Reference value :  3.31062e-07
 Reference value :  3.31597e-07
 Reference value :  3.32127e-07
 Reference value :  3.32657e-07
 Reference value :  3.33187e-07
 Reference value :  3.33707e-07
 Reference value :  3.34237e-07
 Reference value :  3.34767e-07
 Reference value :  3.35297e-07
 Reference value :  3.35832e-07
 Reference value :  3.36357e-07
 Reference value :  3.36887e-07
 Reference value :  3.37402e-07
 Reference value :  3.37912e-07
 Reference value :  3.38442e-07
 Reference value :  3.38967e-07
 Reference value :  3.39497e-07
 Reference value :  3.40032e-07
 Reference value :  3.40562e-07
 Reference value :  3.41087e-07
 Reference value :  3.41617e-07
 Reference value :  3.42152e-07
 Reference value :  3.42682e-07
 Reference value :  3.43212e-07
 Reference value :  3.43742e-07
 Reference value :  3.44272e-07
 Reference value :  3.44797e-07
 Reference value :  3.45312e-07
 Reference value :  3.45837e-07
 Reference value :  3.46367e-07
 Reference value :  3.46892e-07
 Reference value :  3.47427e-07
 Reference value :  3.47962e-07
 Reference value :  3.48502e-07
 Reference value :  3.49027e-07
 Reference value :  3.49542e-07
 Reference value :  3.50072e-07
 Reference value :  3.50602e-07
 Reference value :  3.51132e-07
 Reference value :  3.51672e-07
 Reference value :  3.52202e-07
 Reference value :  3.52732e-07
 Reference value :  3.53262e-07
 Reference value :  3.53797e-07
 Reference value :  3.54327e-07
 Reference value :  3.54862e-07
 Reference value :  3.55392e-07
 Reference value :  3.55932e-07
 Reference value :  3.56462e-07
 Reference value :  3.56982e-07
 Reference value :  3.57512e-07
 Reference value :  3.58032e-07
 Reference value :  3.58557e-07
 Reference value :  3.59087e-07
 Reference value :  3.59627e-07
 Reference value :  3.60162e-07
 Reference value :  3.60682e-07
 Reference value :  3.61207e-07
 Reference value :  3.61732e-07
 Reference value :  3.62262e-07
 Reference value :  3.62797e-07
 Reference value :  3.63342e-07
 Reference value :  3.63877e-07
 Reference value :  3.64407e-07
 Reference value :  3.64937e-07
 Reference value :  3.65467e-07
 Reference value :  3.66002e-07
 Reference value :  3.66522e-07
 Reference value :  3.67047e-07
 Reference value :  3.67577e-07
 Reference value :  3.68112e-07
 Reference value :  3.68647e-07
 Reference value :  3.69177e-07
 Reference value :  3.69707e-07
 Reference value :  3.70182e-07
 Reference value :  3.70667e-07
 Reference value :  3.71192e-07
 Reference value :  3.71717e-07
 Reference value :  3.72322e-07
 Reference value :  3.72872e-07
 Reference value :  3.73397e-07
 Reference value :  3.73912e-07
 Reference value :  3.74442e-07
 Reference value :  3.74967e-07
 Reference value :  3.75502e-07
 Reference value :  3.76027e-07
 Reference value :  3.76557e-07
 Reference value :  3.77082e-07
 Reference value :  3.77607e-07
 Reference value :  3.78137e-07
 Reference value :  3.78667e-07
 Reference value :  3.79192e-07
 Reference value :  3.79722e-07
 Reference value :  3.80232e-07
 Reference value :  3.80747e-07
 Reference value :  3.81257e-07
 Reference value :  3.81787e-07
 Reference value :  3.82317e-07
 Reference value :  3.82837e-07
 Reference value :  3.83367e-07
 Reference value :  3.83882e-07
 Reference value :  3.84412e-07
 Reference value :  3.84932e-07
 Reference value :  3.85437e-07
 Reference value :  3.85967e-07
 Reference value :  3.86502e-07
 Reference value :  3.87047e-07
 Reference value :  3.87577e-07
 Reference value :  3.88112e-07
 Reference value :  3.88642e-07
 Reference value :  3.89172e-07
 Reference value :  3.89707e-07
 Reference value :  3.90247e-07
 Reference value :  3.90782e-07
 Reference value :  3.91312e-07
 Reference value :  3.91837e-07
 Reference value :  3.92347e-07
 Reference value :  3.92842e-07
 Reference value :  3.93372e-07
 Reference value :  3.93902e-07
 Reference value :  3.94432e-07
 Reference value :  3.94962e-07
 Reference value :  3.95482e-07
 Reference value :  3.96012e-07
 Reference value :  3.96537e-07
 Reference value :  3.97047e-07
 Reference value :  3.97572e-07
 Reference value :  3.98102e-07
 Reference value :  3.98627e-07
 Reference value :  3.99152e-07
 Reference value :  3.99687e-07
 Reference value :  4.00217e-07
 Reference value :  4.00747e-07
 Reference value :  4.01282e-07
 Reference value :  4.01817e-07
 Reference value :  4.02352e-07
 Reference value :  4.02882e-07
 Reference value :  4.03417e-07
 Reference value :  4.03932e-07
 Reference value :  4.04427e-07
 Reference value :  4.04957e-07
 Reference value :  4.05492e-07
 Reference value :  4.06022e-07
 Reference value :  4.06547e-07
 Reference value :  4.07082e-07
 Reference value :  4.07612e-07
 Reference value :  4.08127e-07
 Reference value :  4.08637e-07
 Reference value :  4.09232e-07
 Reference value :  4.09757e-07
 Reference value :  4.10292e-07
 Reference value :  4.10822e-07
 Reference value :  4.11352e-07
 Reference value :  4.11882e-07
 Reference value :  4.12422e-07
 Reference value :  4.12952e-07
 Reference value :  4.13482e-07
 Reference value :  4.14012e-07
 Reference value :  4.14547e-07
 Reference value :  4.15077e-07
 Reference value :  4.15587e-07
 Reference value :  4.16077e-07
 Reference value :  4.16602e-07
 Reference value :  4.17132e-07
 Reference value :  4.17662e-07
 Reference value :  4.18192e-07
 Reference value :  4.18712e-07
 Reference value :  4.19242e-07
 Reference value :  4.19762e-07
 Reference value :  4.20227e-07
 Reference value :  4.20737e-07
 Reference value :  4.21272e-07
 Reference value :  4.21807e-07
 Reference value :  4.22332e-07
 Reference value :  4.22862e-07
 Reference value :  4.23392e-07
 Reference value :  4.23927e-07
 Reference value :  4.24522e-07
 Reference value :  4.25057e-07
 Reference value :  4.25587e-07
 Reference value :  4.26117e-07
 Reference value :  4.26662e-07
 Reference value :  4.27192e-07
 Reference value :  4.27717e-07
 Reference value :  4.28252e-07
 Reference value :  4.28792e-07
 Reference value :  4.29322e-07
 Reference value :  4.29852e-07
 Reference value :  4.30372e-07
 Reference value :  4.30882e-07
 Reference value :  4.31407e-07
 Reference value :  4.31932e-07
 Reference value :  4.32462e-07
 Reference value :  4.32982e-07
 Reference value :  4.33517e-07
 Reference value :  4.34047e-07
 Reference value :  4.34572e-07
 Reference value :  4.35097e-07
 Reference value :  4.35627e-07
 Reference value :  4.36157e-07
 Reference value :  4.36682e-07
 Reference value :  4.37202e-07
 Reference value :  4.37732e-07
 Reference value :  4.38267e-07
 Reference value :  4.38777e-07
 Reference value :  4.39302e-07
 Reference value :  4.39827e-07
 Reference value :  4.40357e-07
 Reference value :  4.40887e-07
 Reference value :  4.41412e-07
 Reference value :  4.41937e-07
 Reference value :  4.42462e-07
 Reference value :  4.42972e-07
 Reference value :  4.43507e-07
 Reference value :  4.44047e-07
 Reference value :  4.44582e-07
 Reference value :  4.45122e-07
 Reference value :  4.45647e-07
 Reference value :  4.46182e-07
 Reference value :  4.46707e-07
 Reference value :  4.47247e-07
 Reference value :  4.47787e-07
 Reference value :  4.48357e-07
 Reference value :  4.49002e-07
 Reference value :  4.49627e-07
 Reference value :  4.50262e-07
 Reference value :  4.50907e-07
 Reference value :  4.51507e-07
 Reference value :  4.52242e-07
 Reference value :  4.52947e-07
 Reference value :  4.53622e-07
 Reference value :  4.54272e-07
 Reference value :  4.54842e-07
 Reference value :  4.55442e-07
 Reference value :  4.56092e-07
 Reference value :  4.56837e-07
 Reference value :  4.57477e-07
 Reference value :  4.58082e-07
 Reference value :  4.58632e-07
 Reference value :  4.59232e-07
 Reference value :  4.59922e-07
 Reference value :  4.60522e-07
 Reference value :  4.61127e-07
 Reference value :  4.61722e-07
 Reference value :  4.62337e-07
 Reference value :  4.62972e-07
 Reference value :  4.63587e-07
 Reference value :  4.64222e-07
 Reference value :  4.64817e-07
 Reference value :  4.65412e-07
 Reference value :  4.66027e-07
 Reference value :  4.66692e-07
 Reference value :  4.67337e-07
 Reference value :  4.68037e-07
 Reference value :  4.68667e-07
 Reference value :  4.69342e-07
 Reference value :  4.69942e-07
 Reference value :  4.70507e-07
 Reference value :  4.71157e-07
 Reference value :  4.71847e-07
 Reference value :  4.72432e-07
 Reference value :  4.73052e-07
 Reference value :  4.73712e-07
 Reference value :  4.74492e-07
 Reference value :  4.75217e-07
 Reference value :  4.75967e-07
 Reference value :  4.76737e-07
 Reference value :  4.77377e-07
 Reference value :  4.78087e-07
 Reference value :  4.78862e-07
 Reference value :  4.79572e-07
 Reference value :  4.80292e-07
 Reference value :  4.80992e-07
 Reference value :  4.81653e-07
 Reference value :  4.82368e-07
 Reference value :  4.82973e-07
 Reference value :  4.83678e-07
 Reference value :  4.84328e-07
 Reference value :  4.84978e-07
 Reference value :  4.85583e-07
 Reference value :  4.86163e-07
 Reference value :  4.86763e-07
 Reference value :  4.87383e-07
 Reference value :  4.88043e-07
 Reference value :  4.88698e-07
 Reference value :  4.89303e-07
 Reference value :  4.89973e-07
 Reference value :  4.90673e-07
 Reference value :  4.91408e-07
 Reference value :  4.92128e-07
 Reference value :  4.92808e-07
 Reference value :  4.93418e-07
 Reference value :  4.94048e-07
 Reference value :  4.94598e-07
 Reference value :  4.95258e-07
 Reference value :  4.95888e-07
 Reference value :  4.96483e-07
 Reference value :  4.97118e-07
 Reference value :  4.97843e-07
 Reference value :  4.98443e-07
 Reference value :  4.99038e-07
 Reference value :  4.99653e-07
 Reference value :  5.00248e-07
 Reference value :  5.00838e-07
 Reference value :  5.01423e-07
 Reference value :  5.02013e-07
 Reference value :  5.02618e-07
 Reference value :  5.03218e-07
 Reference value :  5.03813e-07
 Reference value :  5.04413e-07
 Reference value :  5.05013e-07
 Reference value :  5.05613e-07
 Reference value :  5.06223e-07
 Reference value :  5.06823e-07
 Reference value :  5.07433e-07
 Reference value :  5.08033e-07
 Reference value :  5.08608e-07
 Reference value :  5.09178e-07
 Reference value :  5.09758e-07
 Reference value :  5.10348e-07
 Reference value :  5.10948e-07
 Reference value :  5.11553e-07
 Reference value :  5.12148e-07
 Reference value :  5.12738e-07
 Reference value :  5.13328e-07
 Reference value :  5.13888e-07
 Reference value :  5.14493e-07
 Reference value :  5.15098e-07
 Reference value :  5.15708e-07
 Reference value :  5.16308e-07
 Reference value :  5.16908e-07
 Reference value :  5.17528e-07
 Reference value :  5.18138e-07
 Reference value :  5.18743e-07
 Reference value :  5.19353e-07
 Reference value :  5.19958e-07
 Reference value :  5.20478e-07
 Reference value :  5.21053e-07
 Reference value :  5.21658e-07
 Reference value :  5.22223e-07
 Reference value :  5.22748e-07
 Reference value :  5.23273e-07
 Reference value :  5.23788e-07
 Reference value :  5.24313e-07
 Reference value :  5.24838e-07
 Reference value :  5.25363e-07
 Reference value :  5.25893e-07
 Reference value :  5.26423e-07
 Reference value :  5.26958e-07
 Reference value :  5.27483e-07
 Reference value :  5.28013e-07
 Reference value :  5.28538e-07
 Reference value :  5.29068e-07
 Reference value :  5.29598e-07
 Reference value :  5.30123e-07
 Reference value :  5.30653e-07
 Reference value :  5.31193e-07
 Reference value :  5.31713e-07
 Reference value :  5.32238e-07
 Reference value :  5.32763e-07
 Reference value :  5.33303e-07
 Reference value :  5.33828e-07
 Reference value :  5.34358e-07
 Reference value :  5.34893e-07
 Reference value :  5.35408e-07
 Reference value :  5.35923e-07
 Reference value :  5.36443e-07
 Reference value :  5.36973e-07
 Reference value :  5.37498e-07
 Reference value :  5.38028e-07
 Reference value :  5.38568e-07
 Reference value :  5.39168e-07
 Reference value :  5.39893e-07
 Reference value :  5.40508e-07
 Reference value :  5.41143e-07
 Reference value :  5.41838e-07
 Reference value :  5.42433e-07
 Reference value :  5.42963e-07
 Reference value :  5.43483e-07
 Reference value :  5.44008e-07
 Reference value :  5.44533e-07
 Reference value :  5.45073e-07
 Reference value :  5.45598e-07
 Reference value :  5.46128e-07
 Reference value :  5.46653e-07
 Reference value :  5.47173e-07
 Reference value :  5.47693e-07
 Reference value :  5.48223e-07
 Reference value :  5.48753e-07
 Reference value :  5.49288e-07
 Reference value :  5.49818e-07
 Reference value :  5.50348e-07
 Reference value :  5.50873e-07
 Reference value :  5.51428e-07
 Reference value :  5.52018e-07
 Reference value :  5.52543e-07
 Reference value :  5.53133e-07
 Reference value :  5.53853e-07
 Reference value :  5.54608e-07
 Reference value :  5.55448e-07
 Reference value :  5.56083e-07
 Reference value :  5.56718e-07
 Reference value :  5.57313e-07
 Reference value :  5.57993e-07
 Reference value :  5.58523e-07
 Reference value :  5.59053e-07
 Reference value :  5.59668e-07
 Reference value :  5.60343e-07
 Reference value :  5.61118e-07
 Reference value :  5.61848e-07
 Reference value :  5.62663e-07
 Reference value :  5.63508e-07
 Reference value :  5.64198e-07
 Reference value :  5.64718e-07
 Reference value :  5.65358e-07
 Reference value :  5.66168e-07
 Reference value :  5.66823e-07
 Reference value :  5.67708e-07
 Reference value :  5.68368e-07
 Reference value :  5.69203e-07
 Reference value :  5.69943e-07
 Reference value :  5.70433e-07
 Reference value :  5.70943e-07
 Reference value :  5.71588e-07
 Reference value :  5.72343e-07
 Reference value :  5.72958e-07
 Reference value :  5.73683e-07
 Reference value :  5.74293e-07
 Reference value :  5.74898e-07
 Reference value :  5.75493e-07
 Reference value :  5.76063e-07
 Reference value :  5.76598e-07
 Reference value :  5.77143e-07
 Reference value :  5.77868e-07
 Reference value :  5.78643e-07
 Reference value :  5.79488e-07
 Reference value :  5.80303e-07
 Reference value :  5.80938e-07
 Reference value :  5.81538e-07
 Reference value :  5.82193e-07
 Reference value :  5.82723e-07
 Reference value :  5.83263e-07
 Reference value :  5.83938e-07
 Reference value :  5.84583e-07
 Reference value :  5.85198e-07
 Reference value :  5.85843e-07
 Reference value :  5.86508e-07
 Reference value :  5.87118e-07
 Reference value :  5.87728e-07
 Reference value :  5.88313e-07
 Reference value :  5.88858e-07
 Reference value :  5.89558e-07
 Reference value :  5.90508e-07
 Reference value :  5.91308e-07
 Reference value :  5.92253e-07
 Reference value :  5.93268e-07
 Reference value :  5.93948e-07
 Reference value :  5.94738e-07
 Reference value :  5.95303e-07
 Reference value :  5.95853e-07
 Reference value :  5.96698e-07
 Reference value :  5.97693e-07
 Reference value :  5.98378e-07
 Reference value :  5.98998e-07
 Reference value :  5.99638e-07
No. of Data Rows : 120066
pt1a                =  2.21362e-08
pt1b                =  1.38714e-07
pd1_clk             =  1.16567e-07 targ=  5.23493e-07 trig=  4.06926e-07
vsub_rst_max        =  7.74374e-01 at=  2.96012e-07
vsub_rst_min        =  6.70243e-01 at=  1.02983e-07
vsub_clk_max        =  9.18702e-01 at=  4.20100e-07
vsub_clk_min        =  6.59793e-01 at=  5.70000e-07
p_tr1 = 1.165777e-08
p_tr1_clk = 1.165669e-08
vsub_swing_rst = 6.427846e-02
vsub_swing_clk = 1.598205e-01
Note: Simulation executed from .control section 

----- stderr -----

Checking parameters for BSIM 4.5 model xarr.xpex.xn132:nshort_model.48
Warning: Eta0 = -0.0286127 is negative.

Checking parameters for BSIM 4.5 model xarr.xpex.xn131:nshort_model.48
Warning: Eta0 = -0.0286127 is negative.

Checking parameters for BSIM 4.5 model xarr.xpex.xn129:nshort_model.48
Warning: Eta0 = -0.0286127 is negative.

Checking parameters for BSIM 4.5 model xarr.xpex.xn127:nshort_model.48
Warning: Eta0 = -0.0286127 is negative.

Checking parameters for BSIM 4.5 model xarr.xpex.xn125:nshort_model.48
Warning: Eta0 = -0.0286127 is negative.

Checking parameters for BSIM 4.5 model xarr.xpex.xn120:nshort_model.48
Warning: Eta0 = -0.0286127 is negative.

Checking parameters for BSIM 4.5 model xarr.xpex.xn119:nshort_model.48
Warning: Eta0 = -0.0286127 is negative.

Checking parameters for BSIM 4.5 model xarr.xpex.xn117:nshort_model.48
Warning: Eta0 = -0.0286127 is negative.

Checking parameters for BSIM 4.5 model xarr.xpex.xn115:nshort_model.48
Warning: Eta0 = -0.0286127 is negative.

Checking parameters for BSIM 4.5 model xarr.xpex.xn113:nshort_model.48
Warning: Eta0 = -0.0286127 is negative.

Checking parameters for BSIM 4.5 model xarr.xpex.xn108:nshort_model.48
Warning: Eta0 = -0.0286127 is negative.

Checking parameters for BSIM 4.5 model xarr.xpex.xn107:nshort_model.48
Warning: Eta0 = -0.0286127 is negative.

Checking parameters for BSIM 4.5 model xarr.xpex.xn105:nshort_model.48
Warning: Eta0 = -0.0286127 is negative.

Checking parameters for BSIM 4.5 model xarr.xpex.xn103:nshort_model.48
Warning: Eta0 = -0.0286127 is negative.

Checking parameters for BSIM 4.5 model xarr.xpex.xn102:nshort_model.48
Warning: Eta0 = -0.0286127 is negative.

Checking parameters for BSIM 4.5 model xarr.xpex.xn98:nshort_model.48
Warning: Eta0 = -0.0286127 is negative.

Checking parameters for BSIM 4.5 model xarr.xpex.xn94:nshort_model.48
Warning: Eta0 = -0.0286127 is negative.

Checking parameters for BSIM 4.5 model xarr.xpex.xn90:nshort_model.48
Warning: Eta0 = -0.0286127 is negative.

Checking parameters for BSIM 4.5 model xarr.xpex.xn89:nshort_model.48
Warning: Eta0 = -0.0286127 is negative.

Checking parameters for BSIM 4.5 model xarr.xpex.xn86:nshort_model.48
Warning: Eta0 = -0.0286127 is negative.

Checking parameters for BSIM 4.5 model xarr.xpex.xn82:nshort_model.48
Warning: Eta0 = -0.0286127 is negative.

Checking parameters for BSIM 4.5 model xarr.xpex.xn81:nshort_model.48
Warning: Eta0 = -0.0286127 is negative.

Checking parameters for BSIM 4.5 model xarr.xpex.xn79:nshort_model.48
Warning: Eta0 = -0.0286127 is negative.

Checking parameters for BSIM 4.5 model xarr.xpex.xn78:nshort_model.48
Warning: Eta0 = -0.0286127 is negative.

Checking parameters for BSIM 4.5 model xarr.xpex.xn76:nshort_model.48
Warning: Eta0 = -0.0286127 is negative.

Checking parameters for BSIM 4.5 model xarr.xpex.xn68:nshort_model.48
Warning: Eta0 = -0.0286127 is negative.

Checking parameters for BSIM 4.5 model xarr.xpex.xn66:nshort_model.48
Warning: Eta0 = -0.0286127 is negative.

Checking parameters for BSIM 4.5 model xarr.xpex.xn65:nshort_model.48
Warning: Eta0 = -0.0286127 is negative.

Checking parameters for BSIM 4.5 model xarr.xpex.xn64:nshort_model.48
Warning: Eta0 = -0.0286127 is negative.

Checking parameters for BSIM 4.5 model xarr.xpex.xn63:nshort_model.48
Warning: Eta0 = -0.0286127 is negative.

Checking parameters for BSIM 4.5 model xarr.xpex.xn62:nshort_model.48
Warning: Eta0 = -0.0286127 is negative.

Checking parameters for BSIM 4.5 model xarr.xpex.xn61:nshort_model.48
Warning: Eta0 = -0.0286127 is negative.

Checking parameters for BSIM 4.5 model xarr.xpex.xn60:nshort_model.48
Warning: Eta0 = -0.0286127 is negative.

Checking parameters for BSIM 4.5 model xarr.xpex.xn59:nshort_model.48
Warning: Eta0 = -0.0286127 is negative.

Checking parameters for BSIM 4.5 model xarr.xpex.xn58:nshort_model.48
Warning: Eta0 = -0.0286127 is negative.

Checking parameters for BSIM 4.5 model xarr.xpex.xn57:nshort_model.48
Warning: Eta0 = -0.0286127 is negative.

Checking parameters for BSIM 4.5 model xarr.xpex.xn56:nshort_model.48
Warning: Eta0 = -0.0286127 is negative.

Checking parameters for BSIM 4.5 model xarr.xpex.xn55:nshort_model.48
Warning: Eta0 = -0.0286127 is negative.

Checking parameters for BSIM 4.5 model xarr.xpex.xn54:nshort_model.48
Warning: Eta0 = -0.0286127 is negative.

Checking parameters for BSIM 4.5 model xarr.xpex.xn53:nshort_model.48
Warning: Eta0 = -0.0286127 is negative.

Checking parameters for BSIM 4.5 model xarr.xpex.xn52:nshort_model.48
Warning: Eta0 = -0.0286127 is negative.

Checking parameters for BSIM 4.5 model xarr.xpex.xn51:nshort_model.48
Warning: Eta0 = -0.0286127 is negative.

Checking parameters for BSIM 4.5 model xarr.xpex.xn50:nshort_model.48
Warning: Eta0 = -0.0286127 is negative.

Checking parameters for BSIM 4.5 model xarr.xpex.xn49:nshort_model.48
Warning: Eta0 = -0.0286127 is negative.

Checking parameters for BSIM 4.5 model xarr.xpex.xn48:nshort_model.48
Warning: Eta0 = -0.0286127 is negative.

Checking parameters for BSIM 4.5 model xarr.xpex.xn47:nshort_model.48
Warning: Eta0 = -0.0286127 is negative.

Checking parameters for BSIM 4.5 model xarr.xpex.xn46:nshort_model.48
Warning: Eta0 = -0.0286127 is negative.

Checking parameters for BSIM 4.5 model xarr.xpex.xn45:nshort_model.48
Warning: Eta0 = -0.0286127 is negative.

Checking parameters for BSIM 4.5 model xarr.xpex.xn44:nshort_model.48
Warning: Eta0 = -0.0286127 is negative.

Checking parameters for BSIM 4.5 model xarr.xpex.xn43:nshort_model.48
Warning: Eta0 = -0.0286127 is negative.

Checking parameters for BSIM 4.5 model xarr.xpex.xn42:nshort_model.48
Warning: Eta0 = -0.0286127 is negative.

Checking parameters for BSIM 4.5 model xarr.xpex.xn41:nshort_model.48
Warning: Eta0 = -0.0286127 is negative.

Checking parameters for BSIM 4.5 model xarr.xpex.xn40:nshort_model.48
Warning: Eta0 = -0.0286127 is negative.

Checking parameters for BSIM 4.5 model xarr.xpex.xn39:nshort_model.48
Warning: Eta0 = -0.0286127 is negative.

Checking parameters for BSIM 4.5 model xarr.xpex.xn38:nshort_model.48
Warning: Eta0 = -0.0286127 is negative.

Checking parameters for BSIM 4.5 model xarr.xpex.xn37:nshort_model.48
Warning: Eta0 = -0.0286127 is negative.

Checking parameters for BSIM 4.5 model xarr.xpex.xn36:nshort_model.48
Warning: Eta0 = -0.0286127 is negative.

Checking parameters for BSIM 4.5 model xarr.xpex.xn35:nshort_model.48
Warning: Eta0 = -0.0286127 is negative.

Checking parameters for BSIM 4.5 model xarr.xpex.xn34:nshort_model.48
Warning: Eta0 = -0.0286127 is negative.

Checking parameters for BSIM 4.5 model xarr.xpex.xn33:nshort_model.48
Warning: Eta0 = -0.0286127 is negative.

Checking parameters for BSIM 4.5 model xarr.xpex.xn32:nshort_model.48
Warning: Eta0 = -0.0286127 is negative.

Checking parameters for BSIM 4.5 model xarr.xpex.xn31:nshort_model.48
Warning: Eta0 = -0.0286127 is negative.

Checking parameters for BSIM 4.5 model xarr.xpex.xn30:nshort_model.48
Warning: Eta0 = -0.0286127 is negative.

Checking parameters for BSIM 4.5 model xarr.xpex.xn29:nshort_model.48
Warning: Eta0 = -0.0286127 is negative.

Checking parameters for BSIM 4.5 model xarr.xpex.xn28:nshort_model.48
Warning: Eta0 = -0.0286127 is negative.

Checking parameters for BSIM 4.5 model xarr.xpex.xn27:nshort_model.48
Warning: Eta0 = -0.0286127 is negative.

Checking parameters for BSIM 4.5 model xarr.xpex.xn26:nshort_model.48
Warning: Eta0 = -0.0286127 is negative.

Checking parameters for BSIM 4.5 model xarr.xpex.xn25:nshort_model.48
Warning: Eta0 = -0.0286127 is negative.

