|* Post-layout sampler_core (whole composed cell -- four skewed rings, four
|* output buffers, the three-xor2 combining tree, AND all six sampler_dff
|* instances) with the shared substrate node left FLOATING -- the
|* sampler_core-scope sibling of
|* sim/post-layout-ro-array-core/testbench/tb_post_layout_ro_array_core_substrate_float.spice,
|* now with the six-instance digitizer bank physically present on the same
|* shared substrate for the first time (the array-scope deck it extends from
|* has no samplers at all, in its netlist or in its extraction).
|*
|* Purpose (DR-0003 section 8's inter-ring decorrelation gap; DR-0006's own
|* "Follow-up required" section names sampler_core as the one remaining
|* hierarchy level with no substrate-coupling measurement of its own). This
|* deck differs from
|* sim/post-layout-sampler-core/testbench/tb_post_layout_sampler_core.spice's
|* post-layout half in exactly one respect: that deck ties `vsubs` hard to 0
|* (`Vsub vsubs 0 dc 0`), this one does not tie it at all, leaving it on
|* layout/pex-sampler-core/sampler_core_pex.spice's own
|* `Rvsubs_dctie vsubs 0 1e+12` (klayout-tools#1503). The pair brackets the
|* real answer the same way DR-0005 (ring scope) and DR-0006 (array scope)
|* did:
|*
|*   TIED   (sim/post-layout-sampler-core/'s own already-landed records) --
|*          ideal zero-impedance substrate, no inter-ring coupling possible
|*          by construction.
|*   FLOAT  (this deck) -- ideal infinite-impedance shared substrate: every
|*          ring's (and every sampler's) switching current is forced through
|*          the shared node's capacitance and into every other block sharing
|*          it.
|*
|* No pre-layout control: a pre-layout netlist has no substrate node, so it
|* has nothing to say about this question (same choice every prior
|* substrate-bracket deck in this repo makes). Dropping the pre-layout half
|* is also what makes this deck roughly half the cost of the tied deck it is
|* compared against, at no loss of comparability -- the tied deck's own
|* post-layout measurements are taken on the same nodes, with the same
|* estimators, in the same deck-local time windows.
|*
|* Stimulus is copied verbatim from tb_post_layout_sampler_core.spice's own
|* post-layout half (same en1-4/rst_n/clk timeline), so the six samplers see
|* an identical reset-release and clock history in TIED/FLOAT/SOLO. Their own
|* switching activity is then common to all three decks and cancels out of
|* the loading/coupling decomposition the sibling _solo deck computes,
|* isolating the ring-to-ring term DR-0003 section 8 actually asks about.
|*
|* TWO measurement windows, and the honest statement of what each contains.
|* The primary period estimator (`p_tr1`-`p_tr4`, rise=3 -> rise=13) is
|* copied verbatim from the tied deck so the three decks are comparable line
|* for line -- but at this design's post-layout ring periods (3.8-11.7 ns,
|* per the tied deck's own committed records) those thirteen rising edges all
|* fall inside the first ~100 ns of the run, i.e. BEFORE `rst_n` releases at
|* 300 ns and before `clk` starts at 320 ns. In that window the six samplers
|* are held in reset: their real `d`-pin fan-out load, their real extracted
|* capacitance to the shared substrate, and their real physical placement
|* beside the array are all present, but they are not switching. That window
|* is therefore a strictly-larger-scope repeat of DR-0006's array-scope
|* bracket (same measurement, more silicon on the shared node), not a
|* measurement of a new mechanism.
|*
|* The second estimator (`p_tr1_clk`-`p_tr4_clk`) is the new one: a
|* ten-period average taken from the first rising edge after 400 ns, i.e.
|* squarely inside the clocked window (clk rises at 320/420/520/620/720 ns),
|* with all six sampler_dff instances actually latching. It is written with
|* `TRIG`/`TARG ... TD=400n` rather than a fixed rise index on purpose: the
|* ring period varies 3.1x across this repo's PVT grid, so no single rise
|* index lands inside the clocked window at every corner, while a
|* time-gated trigger does. There is no TIED counterpart for this second
|* estimator (the tied records are already minted and are not re-run here),
|* so it yields a `coupling` figure -- float minus solo, both measured here
|* -- but no `loading` figure. That asymmetry is stated in the record rather
|* than papered over.
|*
|* Global substrate addressing, corrected. DR-0006's own array-scope
|* discovery ("A testbench defect, caught and documented rather than
|* silently fixed"): `vsubs` is `.global`-declared in
|* layout/pex-sampler-core/sampler_core_pex.spice (klayout-tools#1503's own
|* workaround), so it is the SAME node everywhere in this deck and must be
|* addressed as `v(vsubs)` directly, never `v(xarr.vsubs)` -- the
|* hierarchical form silently resolves to "no such vector" and DR-0006's own
|* array-scope float/solo decks paid that cost (their own substrate swing
|* measurement did not resolve). This deck uses the corrected form from the
|* start, and splits the swing into two windows so the reset-held one
|* (100-300 ns: rings running, samplers static) is directly comparable with
|* DR-0005's own ring-scope figures, while the clocked one (400-600 ns) adds
|* what the digitizer bank's own switching puts onto the same node.
|*
|* Window / memory. Without an explicit `.save`, ngspice retains a
|* full-resolution trace for every parasitic-star leg node this flat
|* extraction introduces -- confirmed to exhaust available process memory
|* outright during the tied deck's own development. `.save` below keeps only
|* the traces the `.meas` statements read.
|*
|* This file is a TEMPLATE: sim/bin/corner-run.py substitutes /Users/rwalters/.volare/volare/sky130/versions/c6d73a35f524070e85faff4a6a9eef49553ebc2b/sky130A/libs.tech/combined/sky130.lib.spice,
|* tt, 27.0, 1.8 and 5p. As committed it is not a
|* runnable deck. Invoke with
|* `--pex-lib layout/pex-sampler-core/sampler_core_pex.spice` (no
|* --ro-ring5 needed: this deck includes only the post-layout library).
|
|.option scale=1u
|.lib "/Users/rwalters/.volare/volare/sky130/versions/c6d73a35f524070e85faff4a6a9eef49553ebc2b/sky130A/libs.tech/combined/sky130.lib.spice" tt
|
|* post-layout WHOLE-CELL subcircuit library only -- no pre-layout control,
|* see header for why.
|.include "/Users/rwalters/GitHub/sky130-trng/.loom/worktrees/issue-22/layout/pex-sampler-core/sampler_core_pex.spice"
|
|.temp 27.0
|
|* --- substrate return node: FLOATING (see header) -- no Vsub source ----
|
|Vddrp1 pvddr1 0 dc 1.8
|Vddrp2 pvddr2 0 dc 1.8
|Vddrp3 pvddr3 0 dc 1.8
|Vddrp4 pvddr4 0 dc 1.8
|Vddp pvdd 0 dc 1.8
|Venp1 pen1 0 PULSE(0 1.8 5n 100p 100p 1u 2u)
|Venp2 pen2 0 PULSE(0 1.8 5n 100p 100p 1u 2u)
|Venp3 pen3 0 PULSE(0 1.8 5n 100p 100p 1u 2u)
|Venp4 pen4 0 PULSE(0 1.8 5n 100p 100p 1u 2u)
|Vrstnp prst_n 0 PULSE(0 1.8 300n 100p 100p 10u 20u)
|Vclkp pclk 0 PULSE(0 1.8 320n 100p 100p 49.8n 100n)
|xarr pen1 pen2 pen3 pen4 pvddr1 pvddr2 pvddr3 pvddr4 pvdd 0 pclk prst_n
|+ praw_bit praw_valid pring_bit1 pring_bit2 pring_bit3 pring_bit4
|+ sampler_core_pex
|
|.ic v(xarr.ro1)=0 v(xarr.ro2)=0 v(xarr.ro3)=0 v(xarr.ro4)=0
|
|.save v(xarr.ro1) v(xarr.ro2) v(xarr.ro3) v(xarr.ro4) v(vsubs)
|
|* tstop is 600 ns, not the tied deck's 800 ns: every measurement below
|* completes by ~530 ns even at the slowest corner on this repo's grid
|* (`ss` / -40 degC / 1.62 V, post-layout ring period 11.7 ns per the tied
|* deck's own records: first rising edge past 400 ns, plus ten periods).
|* A transient is causal, so truncating the run after the last measurement
|* cannot move any number this deck reports -- in particular `p_tr1`-`p_tr4`,
|* which are measured before 100 ns and are therefore bit-for-bit the same
|* quantity the tied deck's own 800 ns run measured. The truncation buys
|* back ~25% of a run that costs ~an hour per corner under load.
|.tran 5p 600n uic
|
|.control
|run
|
|* --- primary estimator: identical to the tied deck's own p_tr1-p_tr4, so
|* the tied/float/solo bracket is comparable line for line. Reset-held
|* window (see header): samplers loaded and placed, not switching. -------
|meas tran pt1a when v(xarr.ro1)=0.5*1.8 rise=3
|meas tran pt1b when v(xarr.ro1)=0.5*1.8 rise=13
|let p_tr1 = (pt1b - pt1a)/10
|meas tran pt2a when v(xarr.ro2)=0.5*1.8 rise=3
|meas tran pt2b when v(xarr.ro2)=0.5*1.8 rise=13
|let p_tr2 = (pt2b - pt2a)/10
|meas tran pt3a when v(xarr.ro3)=0.5*1.8 rise=3
|meas tran pt3b when v(xarr.ro3)=0.5*1.8 rise=13
|let p_tr3 = (pt3b - pt3a)/10
|meas tran pt4a when v(xarr.ro4)=0.5*1.8 rise=3
|meas tran pt4b when v(xarr.ro4)=0.5*1.8 rise=13
|let p_tr4 = (pt4b - pt4a)/10
|let p_skew_span = p_tr1/p_tr4
|
|* --- second estimator: ten periods from the first rising edge past 400 ns,
|* i.e. inside the clocked window, all six samplers latching. Time-gated
|* (TD=400n) rather than rise-indexed, because the ring period varies 3.1x
|* across this repo's PVT grid (see header). ------------------------------
|meas tran pd1_clk TRIG v(xarr.ro1) VAL=0.5*1.8 RISE=1 TD=400n
|+ TARG v(xarr.ro1) VAL=0.5*1.8 RISE=11 TD=400n
|let p_tr1_clk = pd1_clk/10
|meas tran pd2_clk TRIG v(xarr.ro2) VAL=0.5*1.8 RISE=1 TD=400n
|+ TARG v(xarr.ro2) VAL=0.5*1.8 RISE=11 TD=400n
|let p_tr2_clk = pd2_clk/10
|meas tran pd3_clk TRIG v(xarr.ro3) VAL=0.5*1.8 RISE=1 TD=400n
|+ TARG v(xarr.ro3) VAL=0.5*1.8 RISE=11 TD=400n
|let p_tr3_clk = pd3_clk/10
|meas tran pd4_clk TRIG v(xarr.ro4) VAL=0.5*1.8 RISE=1 TD=400n
|+ TARG v(xarr.ro4) VAL=0.5*1.8 RISE=11 TD=400n
|let p_tr4_clk = pd4_clk/10
|let p_skew_span_clk = p_tr1_clk/p_tr4_clk
|
|* --- shared substrate node's own excursion, two windows (see header) ----
|meas tran vsub_rst_max MAX v(vsubs) from=100n to=300n
|meas tran vsub_rst_min MIN v(vsubs) from=100n to=300n
|let vsub_swing_rst = (vsub_rst_max - vsub_rst_min) / 1.8
|meas tran vsub_clk_max MAX v(vsubs) from=400n to=600n
|meas tran vsub_clk_min MIN v(vsubs) from=400n to=600n
|let vsub_swing_clk = (vsub_clk_max - vsub_clk_min) / 1.8
|
|print p_tr1
|print p_tr2
|print p_tr3
|print p_tr4
|print p_skew_span
|print p_tr1_clk
|print p_tr2_clk
|print p_tr3_clk
|print p_tr4_clk
|print p_skew_span_clk
|print vsub_swing_rst
|print vsub_swing_clk
|.endc
|.end
|

----- stdout -----

Note: Compatibility modes selected: hs a


Circuit: * post-layout sampler_core (whole composed cell -- four skewed rings, four

option SCALE: Scale is set to 1e-06 for instance and model parameters
option SCALE: Scale is set to 1e-06 for instance and model parameters
option SCALE: Scale is set to 1e-06 for instance and model parameters
option SCALE: Scale is set to 1e-06 for instance and model parameters
option SCALE: Scale is set to 1e-06 for instance and model parameters
Doing analysis at TEMP = 27.000000 and TNOM = 27.000000

Using SPARSE 1.3 as Direct Linear Solver
Operating point simulation skipped by 'uic',
  now using transient initial conditions.
 Reference value :  5.00000e-14
 Reference value :  3.97395e-10
 Reference value :  9.42395e-10
 Reference value :  1.44740e-09
 Reference value :  1.95740e-09
 Reference value :  2.43740e-09
 Reference value :  2.94240e-09
 Reference value :  3.45240e-09
 Reference value :  3.97740e-09
 Reference value :  4.47740e-09
 Reference value :  4.99620e-09
 Reference value :  5.44250e-09
 Reference value :  5.95250e-09
 Reference value :  6.44750e-09
 Reference value :  6.95250e-09
 Reference value :  7.43250e-09
 Reference value :  7.89250e-09
 Reference value :  8.38250e-09
 Reference value :  8.87750e-09
 Reference value :  9.34250e-09
 Reference value :  9.81750e-09
 Reference value :  1.02825e-08
 Reference value :  1.07425e-08
 Reference value :  1.12125e-08
 Reference value :  1.16975e-08
 Reference value :  1.21825e-08
 Reference value :  1.26525e-08
 Reference value :  1.31925e-08
 Reference value :  1.36425e-08
 Reference value :  1.41125e-08
 Reference value :  1.46075e-08
 Reference value :  1.50875e-08
 Reference value :  1.55625e-08
 Reference value :  1.61225e-08
 Reference value :  1.65975e-08
 Reference value :  1.70525e-08
 Reference value :  1.74975e-08
 Reference value :  1.79725e-08
 Reference value :  1.84475e-08
 Reference value :  1.88925e-08
 Reference value :  1.93275e-08
 Reference value :  1.97875e-08
 Reference value :  2.02425e-08
 Reference value :  2.07075e-08
 Reference value :  2.11525e-08
 Reference value :  2.16175e-08
 Reference value :  2.20725e-08
 Reference value :  2.25325e-08
 Reference value :  2.30075e-08
 Reference value :  2.34875e-08
 Reference value :  2.39225e-08
 Reference value :  2.44975e-08
 Reference value :  2.49975e-08
 Reference value :  2.54625e-08
 Reference value :  2.59175e-08
 Reference value :  2.63625e-08
 Reference value :  2.68025e-08
 Reference value :  2.72175e-08
 Reference value :  2.76375e-08
 Reference value :  2.81025e-08
 Reference value :  2.85825e-08
 Reference value :  2.90475e-08
 Reference value :  2.94975e-08
 Reference value :  2.99725e-08
 Reference value :  3.04675e-08
 Reference value :  3.09225e-08
 Reference value :  3.13625e-08
 Reference value :  3.18075e-08
 Reference value :  3.22875e-08
 Reference value :  3.27475e-08
 Reference value :  3.31925e-08
 Reference value :  3.36125e-08
 Reference value :  3.40675e-08
 Reference value :  3.45025e-08
 Reference value :  3.49575e-08
 Reference value :  3.54025e-08
 Reference value :  3.58675e-08
 Reference value :  3.63525e-08
 Reference value :  3.68125e-08
 Reference value :  3.72575e-08
 Reference value :  3.77225e-08
 Reference value :  3.81875e-08
 Reference value :  3.86525e-08
 Reference value :  3.91025e-08
 Reference value :  3.95125e-08
 Reference value :  3.99725e-08
 Reference value :  4.04075e-08
 Reference value :  4.08425e-08
 Reference value :  4.12975e-08
 Reference value :  4.17325e-08
 Reference value :  4.21825e-08
 Reference value :  4.26425e-08
 Reference value :  4.30825e-08
 Reference value :  4.35475e-08
 Reference value :  4.40325e-08
 Reference value :  4.45475e-08
 Reference value :  4.50625e-08
 Reference value :  4.54775e-08
 Reference value :  4.58675e-08
 Reference value :  4.63025e-08
 Reference value :  4.67675e-08
 Reference value :  4.71925e-08
 Reference value :  4.76675e-08
 Reference value :  4.81325e-08
 Reference value :  4.85775e-08
 Reference value :  4.89975e-08
 Reference value :  4.94625e-08
 Reference value :  4.99975e-08
 Reference value :  5.05475e-08
 Reference value :  5.10825e-08
 Reference value :  5.16125e-08
 Reference value :  5.20875e-08
 Reference value :  5.26375e-08
 Reference value :  5.31175e-08
 Reference value :  5.36725e-08
 Reference value :  5.42225e-08
 Reference value :  5.47625e-08
 Reference value :  5.53025e-08
 Reference value :  5.58425e-08
 Reference value :  5.63975e-08
 Reference value :  5.69525e-08
 Reference value :  5.74475e-08
 Reference value :  5.79925e-08
 Reference value :  5.85325e-08
 Reference value :  5.90675e-08
 Reference value :  5.96025e-08
 Reference value :  6.01525e-08
 Reference value :  6.06925e-08
 Reference value :  6.12275e-08
 Reference value :  6.17625e-08
 Reference value :  6.23075e-08
 Reference value :  6.28575e-08
 Reference value :  6.33775e-08
 Reference value :  6.39125e-08
 Reference value :  6.44425e-08
 Reference value :  6.49875e-08
 Reference value :  6.55325e-08
 Reference value :  6.60975e-08
 Reference value :  6.66275e-08
 Reference value :  6.71725e-08
 Reference value :  6.77275e-08
 Reference value :  6.82775e-08
 Reference value :  6.88225e-08
 Reference value :  6.93725e-08
 Reference value :  6.98775e-08
 Reference value :  7.04125e-08
 Reference value :  7.09675e-08
 Reference value :  7.15225e-08
 Reference value :  7.20625e-08
 Reference value :  7.26025e-08
 Reference value :  7.31425e-08
 Reference value :  7.36875e-08
 Reference value :  7.42325e-08
 Reference value :  7.47825e-08
 Reference value :  7.53025e-08
 Reference value :  7.58325e-08
 Reference value :  7.63375e-08
 Reference value :  7.68925e-08
 Reference value :  7.74425e-08
 Reference value :  7.79925e-08
 Reference value :  7.85175e-08
 Reference value :  7.90625e-08
 Reference value :  7.95825e-08
 Reference value :  8.01275e-08
 Reference value :  8.06725e-08
 Reference value :  8.12225e-08
 Reference value :  8.17575e-08
 Reference value :  8.22425e-08
 Reference value :  8.27725e-08
 Reference value :  8.33125e-08
 Reference value :  8.38625e-08
 Reference value :  8.43925e-08
 Reference value :  8.48925e-08
 Reference value :  8.54325e-08
 Reference value :  8.59725e-08
 Reference value :  8.65175e-08
 Reference value :  8.70625e-08
 Reference value :  8.76025e-08
 Reference value :  8.81375e-08
 Reference value :  8.86475e-08
 Reference value :  8.91875e-08
 Reference value :  8.97375e-08
 Reference value :  9.02575e-08
 Reference value :  9.07825e-08
 Reference value :  9.13125e-08
 Reference value :  9.18325e-08
 Reference value :  9.23725e-08
 Reference value :  9.29175e-08
 Reference value :  9.34525e-08
 Reference value :  9.39875e-08
 Reference value :  9.45325e-08
 Reference value :  9.50625e-08
 Reference value :  9.56175e-08
 Reference value :  9.61325e-08
 Reference value :  9.65825e-08
 Reference value :  9.71025e-08
 Reference value :  9.75775e-08
 Reference value :  9.81275e-08
 Reference value :  9.86825e-08
 Reference value :  9.92225e-08
 Reference value :  9.97275e-08
 Reference value :  1.00278e-07
 Reference value :  1.00828e-07
 Reference value :  1.01368e-07
 Reference value :  1.01873e-07
 Reference value :  1.02363e-07
 Reference value :  1.02808e-07
 Reference value :  1.03333e-07
 Reference value :  1.03853e-07
 Reference value :  1.04403e-07
 Reference value :  1.04948e-07
 Reference value :  1.05463e-07
 Reference value :  1.05998e-07
 Reference value :  1.06543e-07
 Reference value :  1.07083e-07
 Reference value :  1.07618e-07
 Reference value :  1.08113e-07
 Reference value :  1.08613e-07
 Reference value :  1.09083e-07
 Reference value :  1.09623e-07
 Reference value :  1.10148e-07
 Reference value :  1.10698e-07
 Reference value :  1.11248e-07
 Reference value :  1.11778e-07
 Reference value :  1.12313e-07
 Reference value :  1.12863e-07
 Reference value :  1.13408e-07
 Reference value :  1.13918e-07
 Reference value :  1.14443e-07
 Reference value :  1.14968e-07
 Reference value :  1.15518e-07
 Reference value :  1.16063e-07
 Reference value :  1.16593e-07
 Reference value :  1.17143e-07
 Reference value :  1.17658e-07
 Reference value :  1.18198e-07
 Reference value :  1.18748e-07
 Reference value :  1.19293e-07
 Reference value :  1.19798e-07
 Reference value :  1.20243e-07
 Reference value :  1.20763e-07
 Reference value :  1.21303e-07
 Reference value :  1.21808e-07
 Reference value :  1.22363e-07
 Reference value :  1.22888e-07
 Reference value :  1.23408e-07
 Reference value :  1.23943e-07
 Reference value :  1.24503e-07
 Reference value :  1.25053e-07
 Reference value :  1.25568e-07
 Reference value :  1.26103e-07
 Reference value :  1.26638e-07
 Reference value :  1.27188e-07
 Reference value :  1.27743e-07
 Reference value :  1.28273e-07
 Reference value :  1.28823e-07
 Reference value :  1.29338e-07
 Reference value :  1.29883e-07
 Reference value :  1.30428e-07
 Reference value :  1.30973e-07
 Reference value :  1.31488e-07
 Reference value :  1.32033e-07
 Reference value :  1.32578e-07
 Reference value :  1.33113e-07
 Reference value :  1.33663e-07
 Reference value :  1.34183e-07
 Reference value :  1.34708e-07
 Reference value :  1.35233e-07
 Reference value :  1.35743e-07
 Reference value :  1.36288e-07
 Reference value :  1.36843e-07
 Reference value :  1.37363e-07
 Reference value :  1.37908e-07
 Reference value :  1.38453e-07
 Reference value :  1.38988e-07
 Reference value :  1.39533e-07
 Reference value :  1.40053e-07
 Reference value :  1.40603e-07
 Reference value :  1.41138e-07
 Reference value :  1.41663e-07
 Reference value :  1.42188e-07
 Reference value :  1.42738e-07
 Reference value :  1.43283e-07
 Reference value :  1.43828e-07
 Reference value :  1.44393e-07
 Reference value :  1.44938e-07
 Reference value :  1.45473e-07
 Reference value :  1.46008e-07
 Reference value :  1.46558e-07
 Reference value :  1.47093e-07
 Reference value :  1.47593e-07
 Reference value :  1.48138e-07
 Reference value :  1.48688e-07
 Reference value :  1.49233e-07
 Reference value :  1.49763e-07
 Reference value :  1.50313e-07
 Reference value :  1.50863e-07
 Reference value :  1.51408e-07
 Reference value :  1.51948e-07
 Reference value :  1.52488e-07
 Reference value :  1.53033e-07
 Reference value :  1.53558e-07
 Reference value :  1.54108e-07
 Reference value :  1.54653e-07
 Reference value :  1.55183e-07
 Reference value :  1.55708e-07
 Reference value :  1.56258e-07
 Reference value :  1.56813e-07
 Reference value :  1.57358e-07
 Reference value :  1.57908e-07
 Reference value :  1.58443e-07
 Reference value :  1.58983e-07
 Reference value :  1.59513e-07
 Reference value :  1.60063e-07
 Reference value :  1.60608e-07
 Reference value :  1.61143e-07
 Reference value :  1.61668e-07
 Reference value :  1.62218e-07
 Reference value :  1.62768e-07
 Reference value :  1.63318e-07
 Reference value :  1.63863e-07
 Reference value :  1.64403e-07
 Reference value :  1.64938e-07
 Reference value :  1.65478e-07
 Reference value :  1.66033e-07
 Reference value :  1.66568e-07
 Reference value :  1.67113e-07
 Reference value :  1.67623e-07
 Reference value :  1.68178e-07
 Reference value :  1.68723e-07
 Reference value :  1.69273e-07
 Reference value :  1.69828e-07
 Reference value :  1.70368e-07
 Reference value :  1.70908e-07
 Reference value :  1.71398e-07
 Reference value :  1.71903e-07
 Reference value :  1.72428e-07
 Reference value :  1.72973e-07
 Reference value :  1.73488e-07
 Reference value :  1.74023e-07
 Reference value :  1.74553e-07
 Reference value :  1.75098e-07
 Reference value :  1.75643e-07
 Reference value :  1.76178e-07
 Reference value :  1.76728e-07
 Reference value :  1.77258e-07
 Reference value :  1.77798e-07
 Reference value :  1.78323e-07
 Reference value :  1.78848e-07
 Reference value :  1.79343e-07
 Reference value :  1.79898e-07
 Reference value :  1.80438e-07
 Reference value :  1.80968e-07
 Reference value :  1.81518e-07
 Reference value :  1.82043e-07
 Reference value :  1.82583e-07
 Reference value :  1.83118e-07
 Reference value :  1.83648e-07
 Reference value :  1.84178e-07
 Reference value :  1.84703e-07
 Reference value :  1.85218e-07
 Reference value :  1.85758e-07
 Reference value :  1.86288e-07
 Reference value :  1.86843e-07
 Reference value :  1.87393e-07
 Reference value :  1.87918e-07
 Reference value :  1.88453e-07
 Reference value :  1.88983e-07
 Reference value :  1.89513e-07
 Reference value :  1.90048e-07
 Reference value :  1.90558e-07
 Reference value :  1.91098e-07
 Reference value :  1.91643e-07
 Reference value :  1.92178e-07
 Reference value :  1.92728e-07
 Reference value :  1.93268e-07
 Reference value :  1.93818e-07
 Reference value :  1.94338e-07
 Reference value :  1.94883e-07
 Reference value :  1.95433e-07
 Reference value :  1.95988e-07
 Reference value :  1.96528e-07
 Reference value :  1.97053e-07
 Reference value :  1.97593e-07
 Reference value :  1.98138e-07
 Reference value :  1.98653e-07
 Reference value :  1.99188e-07
 Reference value :  1.99743e-07
 Reference value :  2.00298e-07
 Reference value :  2.00813e-07
 Reference value :  2.01363e-07
 Reference value :  2.01903e-07
 Reference value :  2.02433e-07
 Reference value :  2.02973e-07
 Reference value :  2.03503e-07
 Reference value :  2.04048e-07
 Reference value :  2.04603e-07
 Reference value :  2.05128e-07
 Reference value :  2.05648e-07
 Reference value :  2.06198e-07
 Reference value :  2.06753e-07
 Reference value :  2.07273e-07
 Reference value :  2.07818e-07
 Reference value :  2.08378e-07
 Reference value :  2.08923e-07
 Reference value :  2.09433e-07
 Reference value :  2.09973e-07
 Reference value :  2.10543e-07
 Reference value :  2.11088e-07
 Reference value :  2.11603e-07
 Reference value :  2.12108e-07
 Reference value :  2.12658e-07
 Reference value :  2.13198e-07
 Reference value :  2.13748e-07
 Reference value :  2.14283e-07
 Reference value :  2.14833e-07
 Reference value :  2.15383e-07
 Reference value :  2.15903e-07
 Reference value :  2.16458e-07
 Reference value :  2.17003e-07
 Reference value :  2.17553e-07
 Reference value :  2.18093e-07
 Reference value :  2.18608e-07
 Reference value :  2.19158e-07
 Reference value :  2.19703e-07
 Reference value :  2.20243e-07
 Reference value :  2.20778e-07
 Reference value :  2.21328e-07
 Reference value :  2.21853e-07
 Reference value :  2.22388e-07
 Reference value :  2.22938e-07
 Reference value :  2.23478e-07
 Reference value :  2.24013e-07
 Reference value :  2.24523e-07
 Reference value :  2.25073e-07
 Reference value :  2.25618e-07
 Reference value :  2.26153e-07
 Reference value :  2.26693e-07
 Reference value :  2.27233e-07
 Reference value :  2.27783e-07
 Reference value :  2.28303e-07
 Reference value :  2.28858e-07
 Reference value :  2.29393e-07
 Reference value :  2.29928e-07
 Reference value :  2.30438e-07
 Reference value :  2.30978e-07
 Reference value :  2.31503e-07
 Reference value :  2.32038e-07
 Reference value :  2.32573e-07
 Reference value :  2.33123e-07
 Reference value :  2.33663e-07
 Reference value :  2.34178e-07
 Reference value :  2.34713e-07
 Reference value :  2.35228e-07
 Reference value :  2.35788e-07
 Reference value :  2.36333e-07
 Reference value :  2.36848e-07
 Reference value :  2.37373e-07
 Reference value :  2.37913e-07
 Reference value :  2.38448e-07
 Reference value :  2.38978e-07
 Reference value :  2.39523e-07
 Reference value :  2.40073e-07
 Reference value :  2.40608e-07
 Reference value :  2.41113e-07
 Reference value :  2.41648e-07
 Reference value :  2.42188e-07
 Reference value :  2.42698e-07
 Reference value :  2.43213e-07
 Reference value :  2.43748e-07
 Reference value :  2.44293e-07
 Reference value :  2.44803e-07
 Reference value :  2.45353e-07
 Reference value :  2.45903e-07
 Reference value :  2.46448e-07
 Reference value :  2.46953e-07
 Reference value :  2.47498e-07
 Reference value :  2.48043e-07
 Reference value :  2.48593e-07
 Reference value :  2.49088e-07
 Reference value :  2.49613e-07
 Reference value :  2.50163e-07
 Reference value :  2.50708e-07
 Reference value :  2.51228e-07
 Reference value :  2.51778e-07
 Reference value :  2.52323e-07
 Reference value :  2.52863e-07
 Reference value :  2.53383e-07
 Reference value :  2.53928e-07
 Reference value :  2.54473e-07
 Reference value :  2.55013e-07
 Reference value :  2.55533e-07
 Reference value :  2.56078e-07
 Reference value :  2.56628e-07
 Reference value :  2.57168e-07
 Reference value :  2.57708e-07
 Reference value :  2.58263e-07
 Reference value :  2.58783e-07
 Reference value :  2.59318e-07
 Reference value :  2.59848e-07
 Reference value :  2.60368e-07
 Reference value :  2.60963e-07
 Reference value :  2.61508e-07
 Reference value :  2.62033e-07
 Reference value :  2.62583e-07
 Reference value :  2.63118e-07
 Reference value :  2.63638e-07
 Reference value :  2.64158e-07
 Reference value :  2.64678e-07
 Reference value :  2.65228e-07
 Reference value :  2.65768e-07
 Reference value :  2.66293e-07
 Reference value :  2.66813e-07
 Reference value :  2.67353e-07
 Reference value :  2.67898e-07
 Reference value :  2.68418e-07
 Reference value :  2.68978e-07
 Reference value :  2.69498e-07
 Reference value :  2.70028e-07
 Reference value :  2.70568e-07
 Reference value :  2.71113e-07
 Reference value :  2.71653e-07
 Reference value :  2.72183e-07
 Reference value :  2.72708e-07
 Reference value :  2.73248e-07
 Reference value :  2.73753e-07
 Reference value :  2.74303e-07
 Reference value :  2.74828e-07
 Reference value :  2.75373e-07
 Reference value :  2.75893e-07
 Reference value :  2.76448e-07
 Reference value :  2.76993e-07
 Reference value :  2.77538e-07
 Reference value :  2.78063e-07
 Reference value :  2.78583e-07
 Reference value :  2.79118e-07
 Reference value :  2.79643e-07
 Reference value :  2.80183e-07
 Reference value :  2.80723e-07
 Reference value :  2.81253e-07
 Reference value :  2.81798e-07
 Reference value :  2.82348e-07
 Reference value :  2.82898e-07
 Reference value :  2.83443e-07
 Reference value :  2.83943e-07
 Reference value :  2.84418e-07
 Reference value :  2.84923e-07
 Reference value :  2.85462e-07
 Reference value :  2.85997e-07
 Reference value :  2.86532e-07
 Reference value :  2.87072e-07
 Reference value :  2.87602e-07
 Reference value :  2.88147e-07
 Reference value :  2.88692e-07
 Reference value :  2.89247e-07
 Reference value :  2.89772e-07
 Reference value :  2.90322e-07
 Reference value :  2.90847e-07
 Reference value :  2.91387e-07
 Reference value :  2.91922e-07
 Reference value :  2.92467e-07
 Reference value :  2.93012e-07
 Reference value :  2.93542e-07
 Reference value :  2.94097e-07
 Reference value :  2.94642e-07
 Reference value :  2.95192e-07
 Reference value :  2.95727e-07
 Reference value :  2.96277e-07
 Reference value :  2.96827e-07
 Reference value :  2.97357e-07
 Reference value :  2.97887e-07
 Reference value :  2.98437e-07
 Reference value :  2.98982e-07
 Reference value :  2.99527e-07
 Reference value :  3.00052e-07
 Reference value :  3.00507e-07
 Reference value :  3.01052e-07
 Reference value :  3.01587e-07
 Reference value :  3.02072e-07
 Reference value :  3.02622e-07
 Reference value :  3.03177e-07
 Reference value :  3.03687e-07
 Reference value :  3.04192e-07
 Reference value :  3.04732e-07
 Reference value :  3.05277e-07
 Reference value :  3.05792e-07
 Reference value :  3.06312e-07
 Reference value :  3.06867e-07
 Reference value :  3.07422e-07
 Reference value :  3.07927e-07
 Reference value :  3.08452e-07
 Reference value :  3.09007e-07
 Reference value :  3.09552e-07
 Reference value :  3.10067e-07
 Reference value :  3.10582e-07
 Reference value :  3.11127e-07
 Reference value :  3.11642e-07
 Reference value :  3.12182e-07
 Reference value :  3.12722e-07
 Reference value :  3.13267e-07
 Reference value :  3.13772e-07
 Reference value :  3.14292e-07
 Reference value :  3.14847e-07
 Reference value :  3.15397e-07
 Reference value :  3.15927e-07
 Reference value :  3.16422e-07
 Reference value :  3.16922e-07
 Reference value :  3.17442e-07
 Reference value :  3.17927e-07
 Reference value :  3.18472e-07
 Reference value :  3.19007e-07
 Reference value :  3.19512e-07
 Reference value :  3.20001e-07
 Reference value :  3.20442e-07
 Reference value :  3.21002e-07
 Reference value :  3.21557e-07
 Reference value :  3.22092e-07
 Reference value :  3.22632e-07
 Reference value :  3.23162e-07
 Reference value :  3.23667e-07
 Reference value :  3.24182e-07
 Reference value :  3.24717e-07
 Reference value :  3.25252e-07
 Reference value :  3.25772e-07
 Reference value :  3.26312e-07
 Reference value :  3.26862e-07
 Reference value :  3.27427e-07
 Reference value :  3.27952e-07
 Reference value :  3.28507e-07
 Reference value :  3.29032e-07
 Reference value :  3.29557e-07
 Reference value :  3.30082e-07
 Reference value :  3.30627e-07
 Reference value :  3.31152e-07
 Reference value :  3.31652e-07
 Reference value :  3.32197e-07
 Reference value :  3.32737e-07
 Reference value :  3.33287e-07
 Reference value :  3.33817e-07
 Reference value :  3.34362e-07
 Reference value :  3.34897e-07
 Reference value :  3.35407e-07
 Reference value :  3.35927e-07
 Reference value :  3.36467e-07
 Reference value :  3.36982e-07
 Reference value :  3.37482e-07
 Reference value :  3.38022e-07
 Reference value :  3.38567e-07
 Reference value :  3.39107e-07
 Reference value :  3.39617e-07
 Reference value :  3.40162e-07
 Reference value :  3.40712e-07
 Reference value :  3.41217e-07
 Reference value :  3.41762e-07
 Reference value :  3.42272e-07
 Reference value :  3.42822e-07
 Reference value :  3.43347e-07
 Reference value :  3.43857e-07
 Reference value :  3.44392e-07
 Reference value :  3.44947e-07
 Reference value :  3.45482e-07
 Reference value :  3.46017e-07
 Reference value :  3.46567e-07
 Reference value :  3.47087e-07
 Reference value :  3.47647e-07
 Reference value :  3.48177e-07
 Reference value :  3.48712e-07
 Reference value :  3.49227e-07
 Reference value :  3.49707e-07
 Reference value :  3.50217e-07
 Reference value :  3.50732e-07
 Reference value :  3.51277e-07
 Reference value :  3.51812e-07
 Reference value :  3.52362e-07
 Reference value :  3.52867e-07
 Reference value :  3.53417e-07
 Reference value :  3.53962e-07
 Reference value :  3.54502e-07
 Reference value :  3.55022e-07
 Reference value :  3.55577e-07
 Reference value :  3.56127e-07
 Reference value :  3.56642e-07
 Reference value :  3.57172e-07
 Reference value :  3.57707e-07
 Reference value :  3.58252e-07
 Reference value :  3.58762e-07
 Reference value :  3.59302e-07
 Reference value :  3.59857e-07
 Reference value :  3.60402e-07
 Reference value :  3.60912e-07
 Reference value :  3.61432e-07
 Reference value :  3.61982e-07
 Reference value :  3.62532e-07
 Reference value :  3.63057e-07
 Reference value :  3.63597e-07
 Reference value :  3.64152e-07
 Reference value :  3.64672e-07
 Reference value :  3.65227e-07
 Reference value :  3.65767e-07
 Reference value :  3.66307e-07
 Reference value :  3.66827e-07
 Reference value :  3.67342e-07
 Reference value :  3.67887e-07
 Reference value :  3.68442e-07
 Reference value :  3.68997e-07
 Reference value :  3.69532e-07
 Reference value :  3.70017e-07
 Reference value :  3.70512e-07
 Reference value :  3.70992e-07
 Reference value :  3.71532e-07
 Reference value :  3.72062e-07
 Reference value :  3.72567e-07
 Reference value :  3.73052e-07
 Reference value :  3.73567e-07
 Reference value :  3.74082e-07
 Reference value :  3.74617e-07
 Reference value :  3.75167e-07
 Reference value :  3.75712e-07
 Reference value :  3.76227e-07
 Reference value :  3.76717e-07
 Reference value :  3.77237e-07
 Reference value :  3.77762e-07
 Reference value :  3.78297e-07
 Reference value :  3.78837e-07
 Reference value :  3.79327e-07
 Reference value :  3.79807e-07
 Reference value :  3.80327e-07
 Reference value :  3.80862e-07
 Reference value :  3.81407e-07
 Reference value :  3.81937e-07
 Reference value :  3.82422e-07
 Reference value :  3.82942e-07
 Reference value :  3.83462e-07
 Reference value :  3.84007e-07
 Reference value :  3.84552e-07
 Reference value :  3.85097e-07
 Reference value :  3.85622e-07
 Reference value :  3.86122e-07
 Reference value :  3.86672e-07
 Reference value :  3.87222e-07
 Reference value :  3.87767e-07
 Reference value :  3.88262e-07
 Reference value :  3.88752e-07
 Reference value :  3.89297e-07
 Reference value :  3.89842e-07
 Reference value :  3.90332e-07
 Reference value :  3.90852e-07
 Reference value :  3.91397e-07
 Reference value :  3.91952e-07
 Reference value :  3.92392e-07
 Reference value :  3.92942e-07
 Reference value :  3.93487e-07
 Reference value :  3.94007e-07
 Reference value :  3.94512e-07
 Reference value :  3.95017e-07
 Reference value :  3.95572e-07
 Reference value :  3.96102e-07
 Reference value :  3.96627e-07
 Reference value :  3.97157e-07
 Reference value :  3.97682e-07
 Reference value :  3.98232e-07
 Reference value :  3.98747e-07
 Reference value :  3.99242e-07
 Reference value :  3.99752e-07
 Reference value :  4.00267e-07
 Reference value :  4.00777e-07
 Reference value :  4.01292e-07
 Reference value :  4.01837e-07
 Reference value :  4.02377e-07
 Reference value :  4.02937e-07
 Reference value :  4.03457e-07
 Reference value :  4.03962e-07
 Reference value :  4.04502e-07
 Reference value :  4.05017e-07
 Reference value :  4.05522e-07
 Reference value :  4.06022e-07
 Reference value :  4.06532e-07
 Reference value :  4.07022e-07
 Reference value :  4.07542e-07
 Reference value :  4.08072e-07
 Reference value :  4.08602e-07
 Reference value :  4.09152e-07
 Reference value :  4.09682e-07
 Reference value :  4.10207e-07
 Reference value :  4.10727e-07
 Reference value :  4.11257e-07
 Reference value :  4.11777e-07
 Reference value :  4.12362e-07
 Reference value :  4.12902e-07
 Reference value :  4.13517e-07
 Reference value :  4.14032e-07
 Reference value :  4.14537e-07
 Reference value :  4.15047e-07
 Reference value :  4.15597e-07
 Reference value :  4.16167e-07
 Reference value :  4.16682e-07
 Reference value :  4.17197e-07
 Reference value :  4.17712e-07
 Reference value :  4.18267e-07
 Reference value :  4.18762e-07
 Reference value :  4.19267e-07
 Reference value :  4.19762e-07
 Reference value :  4.20232e-07
 Reference value :  4.20722e-07
 Reference value :  4.21267e-07
 Reference value :  4.21802e-07
 Reference value :  4.22362e-07
 Reference value :  4.22897e-07
 Reference value :  4.23457e-07
 Reference value :  4.23992e-07
 Reference value :  4.24517e-07
 Reference value :  4.25062e-07
 Reference value :  4.25592e-07
 Reference value :  4.26132e-07
 Reference value :  4.26657e-07
 Reference value :  4.27207e-07
 Reference value :  4.27762e-07
 Reference value :  4.28312e-07
 Reference value :  4.28852e-07
 Reference value :  4.29387e-07
 Reference value :  4.29892e-07
 Reference value :  4.30452e-07
 Reference value :  4.30962e-07
 Reference value :  4.31497e-07
 Reference value :  4.32052e-07
 Reference value :  4.32592e-07
 Reference value :  4.33117e-07
 Reference value :  4.33667e-07
 Reference value :  4.34222e-07
 Reference value :  4.34757e-07
 Reference value :  4.35297e-07
 Reference value :  4.35842e-07
 Reference value :  4.36387e-07
 Reference value :  4.36892e-07
 Reference value :  4.37422e-07
 Reference value :  4.37972e-07
 Reference value :  4.38527e-07
 Reference value :  4.39047e-07
 Reference value :  4.39597e-07
 Reference value :  4.40142e-07
 Reference value :  4.40672e-07
 Reference value :  4.41222e-07
 Reference value :  4.41772e-07
 Reference value :  4.42322e-07
 Reference value :  4.42862e-07
 Reference value :  4.43412e-07
 Reference value :  4.43957e-07
 Reference value :  4.44517e-07
 Reference value :  4.45042e-07
 Reference value :  4.45592e-07
 Reference value :  4.46127e-07
 Reference value :  4.46667e-07
 Reference value :  4.47212e-07
 Reference value :  4.47762e-07
 Reference value :  4.48302e-07
 Reference value :  4.48847e-07
 Reference value :  4.49382e-07
 Reference value :  4.49927e-07
 Reference value :  4.50477e-07
 Reference value :  4.50992e-07
 Reference value :  4.51532e-07
 Reference value :  4.52042e-07
 Reference value :  4.52587e-07
 Reference value :  4.53132e-07
 Reference value :  4.53692e-07
 Reference value :  4.54227e-07
 Reference value :  4.54787e-07
 Reference value :  4.55327e-07
 Reference value :  4.55862e-07
 Reference value :  4.56392e-07
 Reference value :  4.56927e-07
 Reference value :  4.57442e-07
 Reference value :  4.57957e-07
 Reference value :  4.58487e-07
 Reference value :  4.59032e-07
 Reference value :  4.59577e-07
 Reference value :  4.60122e-07
 Reference value :  4.60677e-07
 Reference value :  4.61227e-07
 Reference value :  4.61762e-07
 Reference value :  4.62307e-07
 Reference value :  4.62817e-07
 Reference value :  4.63347e-07
 Reference value :  4.63867e-07
 Reference value :  4.64377e-07
 Reference value :  4.64927e-07
 Reference value :  4.65462e-07
 Reference value :  4.66012e-07
 Reference value :  4.66562e-07
 Reference value :  4.67127e-07
 Reference value :  4.67657e-07
 Reference value :  4.68242e-07
 Reference value :  4.68797e-07
 Reference value :  4.69367e-07
 Reference value :  4.69908e-07
 Reference value :  4.70337e-07
 Reference value :  4.70832e-07
 Reference value :  4.71377e-07
 Reference value :  4.71897e-07
 Reference value :  4.72412e-07
 Reference value :  4.72937e-07
 Reference value :  4.73442e-07
 Reference value :  4.73982e-07
 Reference value :  4.74497e-07
 Reference value :  4.75002e-07
 Reference value :  4.75487e-07
 Reference value :  4.76002e-07
 Reference value :  4.76507e-07
 Reference value :  4.77027e-07
 Reference value :  4.77567e-07
 Reference value :  4.78077e-07
 Reference value :  4.78557e-07
 Reference value :  4.79042e-07
 Reference value :  4.79562e-07
 Reference value :  4.80102e-07
 Reference value :  4.80622e-07
 Reference value :  4.81132e-07
 Reference value :  4.81633e-07
 Reference value :  4.82163e-07
 Reference value :  4.82668e-07
 Reference value :  4.83203e-07
 Reference value :  4.83728e-07
 Reference value :  4.84243e-07
 Reference value :  4.84793e-07
 Reference value :  4.85303e-07
 Reference value :  4.85853e-07
 Reference value :  4.86398e-07
 Reference value :  4.86908e-07
 Reference value :  4.87408e-07
 Reference value :  4.87908e-07
 Reference value :  4.88463e-07
 Reference value :  4.88998e-07
 Reference value :  4.89493e-07
 Reference value :  4.89978e-07
 Reference value :  4.90418e-07
 Reference value :  4.90918e-07
 Reference value :  4.91423e-07
 Reference value :  4.91938e-07
 Reference value :  4.92463e-07
 Reference value :  4.92998e-07
 Reference value :  4.93498e-07
 Reference value :  4.94003e-07
 Reference value :  4.94563e-07
 Reference value :  4.95108e-07
 Reference value :  4.95608e-07
 Reference value :  4.96063e-07
 Reference value :  4.96578e-07
 Reference value :  4.97103e-07
 Reference value :  4.97608e-07
 Reference value :  4.98163e-07
 Reference value :  4.98683e-07
 Reference value :  4.99153e-07
 Reference value :  4.99628e-07
 Reference value :  5.00138e-07
 Reference value :  5.00688e-07
 Reference value :  5.01233e-07
 Reference value :  5.01743e-07
 Reference value :  5.02258e-07
 Reference value :  5.02748e-07
 Reference value :  5.03308e-07
 Reference value :  5.03858e-07
 Reference value :  5.04448e-07
 Reference value :  5.04973e-07
 Reference value :  5.05498e-07
 Reference value :  5.06038e-07
 Reference value :  5.06613e-07
 Reference value :  5.07183e-07
 Reference value :  5.07668e-07
 Reference value :  5.08148e-07
 Reference value :  5.08663e-07
 Reference value :  5.09138e-07
 Reference value :  5.09673e-07
 Reference value :  5.10228e-07
 Reference value :  5.10778e-07
 Reference value :  5.11298e-07
 Reference value :  5.11808e-07
 Reference value :  5.12308e-07
 Reference value :  5.12823e-07
 Reference value :  5.13333e-07
 Reference value :  5.13858e-07
 Reference value :  5.14398e-07
 Reference value :  5.14903e-07
 Reference value :  5.15398e-07
 Reference value :  5.15908e-07
 Reference value :  5.16418e-07
 Reference value :  5.16958e-07
 Reference value :  5.17478e-07
 Reference value :  5.18023e-07
 Reference value :  5.18513e-07
 Reference value :  5.19038e-07
 Reference value :  5.19538e-07
 Reference value :  5.20038e-07
 Reference value :  5.20503e-07
 Reference value :  5.21023e-07
 Reference value :  5.21568e-07
 Reference value :  5.22118e-07
 Reference value :  5.22658e-07
 Reference value :  5.23173e-07
 Reference value :  5.23733e-07
 Reference value :  5.24288e-07
 Reference value :  5.24838e-07
 Reference value :  5.25368e-07
 Reference value :  5.25918e-07
 Reference value :  5.26478e-07
 Reference value :  5.27018e-07
 Reference value :  5.27553e-07
 Reference value :  5.28103e-07
 Reference value :  5.28643e-07
 Reference value :  5.29148e-07
 Reference value :  5.29693e-07
 Reference value :  5.30253e-07
 Reference value :  5.30783e-07
 Reference value :  5.31288e-07
 Reference value :  5.31843e-07
 Reference value :  5.32393e-07
 Reference value :  5.32933e-07
 Reference value :  5.33478e-07
 Reference value :  5.34033e-07
 Reference value :  5.34568e-07
 Reference value :  5.35078e-07
 Reference value :  5.35618e-07
 Reference value :  5.36153e-07
 Reference value :  5.36693e-07
 Reference value :  5.37193e-07
 Reference value :  5.37703e-07
 Reference value :  5.38218e-07
 Reference value :  5.38763e-07
 Reference value :  5.39303e-07
 Reference value :  5.39868e-07
 Reference value :  5.40423e-07
 Reference value :  5.40958e-07
 Reference value :  5.41543e-07
 Reference value :  5.42123e-07
 Reference value :  5.42668e-07
 Reference value :  5.43208e-07
 Reference value :  5.43803e-07
 Reference value :  5.44408e-07
 Reference value :  5.44938e-07
 Reference value :  5.45478e-07
 Reference value :  5.46018e-07
 Reference value :  5.46533e-07
 Reference value :  5.47073e-07
 Reference value :  5.47608e-07
 Reference value :  5.48158e-07
 Reference value :  5.48683e-07
 Reference value :  5.49233e-07
 Reference value :  5.49793e-07
 Reference value :  5.50328e-07
 Reference value :  5.50878e-07
 Reference value :  5.51383e-07
 Reference value :  5.51923e-07
 Reference value :  5.52463e-07
 Reference value :  5.53008e-07
 Reference value :  5.53553e-07
 Reference value :  5.54098e-07
 Reference value :  5.54628e-07
 Reference value :  5.55173e-07
 Reference value :  5.55708e-07
 Reference value :  5.56253e-07
 Reference value :  5.56793e-07
 Reference value :  5.57328e-07
 Reference value :  5.57868e-07
 Reference value :  5.58383e-07
 Reference value :  5.58888e-07
 Reference value :  5.59443e-07
 Reference value :  5.59983e-07
 Reference value :  5.60523e-07
 Reference value :  5.61063e-07
 Reference value :  5.61613e-07
 Reference value :  5.62153e-07
 Reference value :  5.62698e-07
 Reference value :  5.63238e-07
 Reference value :  5.63763e-07
 Reference value :  5.64293e-07
 Reference value :  5.64808e-07
 Reference value :  5.65323e-07
 Reference value :  5.65853e-07
 Reference value :  5.66388e-07
 Reference value :  5.66908e-07
 Reference value :  5.67458e-07
 Reference value :  5.68008e-07
 Reference value :  5.68538e-07
 Reference value :  5.69078e-07
 Reference value :  5.69603e-07
 Reference value :  5.70088e-07
 Reference value :  5.70563e-07
 Reference value :  5.71073e-07
 Reference value :  5.71553e-07
 Reference value :  5.72078e-07
 Reference value :  5.72538e-07
 Reference value :  5.73053e-07
 Reference value :  5.73608e-07
 Reference value :  5.74153e-07
 Reference value :  5.74703e-07
 Reference value :  5.75238e-07
 Reference value :  5.75753e-07
 Reference value :  5.76273e-07
 Reference value :  5.76798e-07
 Reference value :  5.77328e-07
 Reference value :  5.77858e-07
 Reference value :  5.78378e-07
 Reference value :  5.78878e-07
 Reference value :  5.79423e-07
 Reference value :  5.79978e-07
 Reference value :  5.80533e-07
 Reference value :  5.81083e-07
 Reference value :  5.81628e-07
 Reference value :  5.82148e-07
 Reference value :  5.82658e-07
 Reference value :  5.83188e-07
 Reference value :  5.83728e-07
 Reference value :  5.84258e-07
 Reference value :  5.84723e-07
 Reference value :  5.85268e-07
 Reference value :  5.85823e-07
 Reference value :  5.86373e-07
 Reference value :  5.86923e-07
 Reference value :  5.87473e-07
 Reference value :  5.87978e-07
 Reference value :  5.88503e-07
 Reference value :  5.89053e-07
 Reference value :  5.89598e-07
 Reference value :  5.90128e-07
 Reference value :  5.90648e-07
 Reference value :  5.91218e-07
 Reference value :  5.91763e-07
 Reference value :  5.92313e-07
 Reference value :  5.92873e-07
 Reference value :  5.93433e-07
 Reference value :  5.93978e-07
 Reference value :  5.94463e-07
 Reference value :  5.95028e-07
 Reference value :  5.95563e-07
 Reference value :  5.96113e-07
 Reference value :  5.96663e-07
 Reference value :  5.97243e-07
 Reference value :  5.97743e-07
 Reference value :  5.98278e-07
 Reference value :  5.98838e-07
 Reference value :  5.99408e-07
 Reference value :  5.99938e-07
No. of Data Rows : 120066
pt1a                =  1.50590e-08
pt1b                =  8.14379e-08
pt2a                =  2.09961e-08
pt2b                =  8.44093e-08
pt3a                =  2.03606e-08
pt3b                =  8.10718e-08
pt4a                =  1.97413e-08
pt4b                =  7.78754e-08
pd1_clk             =  6.61844e-08 targ=  4.71479e-07 trig=  4.05295e-07
pd2_clk             =  6.30293e-08 targ=  4.63381e-07 trig=  4.00352e-07
pd3_clk             =  6.07038e-08 targ=  4.62538e-07 trig=  4.01834e-07
pd4_clk             =  5.82388e-08 targ=  4.59747e-07 trig=  4.01508e-07
vsub_rst_max        =  1.01010e+00 at=  1.80543e-07
vsub_rst_min        =  7.38359e-01 at=  1.65383e-07
vsub_clk_max        =  1.10291e+00 at=  4.20100e-07
vsub_clk_min        =  7.58686e-01 at=  5.70000e-07
p_tr1 = 6.637896e-09
p_tr2 = 6.341321e-09
p_tr3 = 6.071122e-09
p_tr4 = 5.813406e-09
p_skew_span = 1.141826e+00
p_tr1_clk = 6.618445e-09
p_tr2_clk = 6.302935e-09
p_tr3_clk = 6.070377e-09
p_tr4_clk = 5.823883e-09
p_skew_span_clk = 1.136432e+00
vsub_swing_rst = 1.509672e-01
vsub_swing_clk = 1.912343e-01
Note: Simulation executed from .control section 

----- stderr -----

