OpenROAD 26Q3-1510-g6cb3f2b704 
Features included (+) or not (-): +GPU +GUI +Python
This program is licensed under the BSD-3 license. See the LICENSE file for details.
Components of this program may be licensed under more restrictive licenses which must be honored.
[INFO ODB-0227] LEF file: /home/ubuntu/.volare/sky130A/libs.ref/sky130_fd_sc_hd/techlef/sky130_fd_sc_hd__nom.tlef, created 14 layers, 25 vias
[WARNING ODB-0220] WARNING (LEFPARS-2008): NOWIREEXTENSIONATPIN statement is obsolete in version 5.6 or later.
The NOWIREEXTENSIONATPIN statement will be ignored. See file /home/ubuntu/.volare/sky130A/libs.ref/sky130_fd_sc_hd/lef/sky130_fd_sc_hd.lef at line 2.

[INFO ODB-0227] LEF file: /home/ubuntu/.volare/sky130A/libs.ref/sky130_fd_sc_hd/lef/sky130_fd_sc_hd.lef, created 437 library cells
[INFO IFP-0107] Defining die area using utilization: 55.00% and aspect ratio: 1.
[WARNING IFP-0028] Core area lower left (5.000, 5.000) snapped to (5.060, 5.440).
[INFO IFP-0001] Added 73 rows of 435 site unithd.
[INFO IFP-0100] Die BBox:  (  0.000  0.000 ) ( 210.455 210.455 ) um
[INFO IFP-0101] Core BBox: (  5.060  5.440 ) ( 205.160 204.000 ) um
[INFO IFP-0102] Core area:                        39731.856 um^2
[INFO IFP-0103] Total instances area:             22099.946 um^2
[INFO IFP-0104] Effective utilization:                0.556
[INFO IFP-0105] Number of instances:                   2320
[INFO TAP-0005] Inserted 525 tapcells.
[INFO PDN-0001] Inserting grid: grid
[INFO PDN-0500] Runtime: 0.02s
