|* Post-layout ro_ring5 ladder with the shared substrate node left FLOATING
|* -- the inter-ring coupling bound DR-0003 section 8 could not measure at
|* the netlist level.
|*
|* Purpose (issue #22, acceptance criterion 4). DR-0003 section 8 records
|* that the skew fraction which actually DECORRELATES two sky130 rings is
|* unmeasured, and states why: "the array as drawn has no shared supply
|* impedance and no substrate model, so a netlist-level correlation
|* measurement over it can only confirm the absence of a coupling path the
|* netlist does not contain". Extracted parasitics change that. Every
|* post-layout cell's net-to-substrate capacitance returns to one shared
|* node (`vsubs`, .global -- see layout/bin/pex-netlist.py's docstring and
|* klayout-tools#1503), so four post-layout rings on four independent
|* supplies still share exactly one physical node: the substrate.
|*
|* This deck is the sibling of tb_post_layout_ro_ring5.spice and differs
|* from it in ONE line: that deck ties `vsubs` hard to 0 (`Vsub vsubs 0 dc
|* 0`), this one does not tie it at all, leaving it on the extractor's own
|* `Rvsubs_dctie vsubs 0 1e+12` inside each cell. The two runs therefore
|* bracket the real answer:
|*
|*   TIED   (sibling deck) -- an ideal, zero-impedance substrate. No
|*          inter-ring coupling through the substrate is possible, by
|*          construction. This is the optimistic bound, and the one the
|*          composed cells' own psub guard rings are drawn to approach.
|*   FLOAT  (this deck)    -- an ideal, INFINITE-impedance shared substrate:
|*          every ring's switching current is forced through the shared
|*          node's capacitance and straight into every other ring. This is
|*          the pessimistic bound.
|*
|* Neither is the physical answer, and this deck does not claim to produce
|* one: the extractor models no substrate resistance and no tap-to-substrate
|* contact resistance at all, so the real impedance between a cell's psub
|* tap and the substrate node it strapping is not in this netlist to be
|* used. What the pair of runs DOES establish is how much the answer can
|* move across the whole range of that unmodelled impedance -- which is the
|* thing a bare netlist-level run could not bound at all, because it had no
|* shared node whatsoever.
|*
|* Measured here: each ring's own period (comparable line for line against
|* the sibling deck's `t_pex_*` at the same corner, temperature and supply),
|* the ladder span, and the substrate node's own peak-to-peak excursion,
|* which is zero by construction in the tied deck and is the direct measure
|* of how hard the rings are driving each other here.
|*
|* Topology: the same four post-layout rings as the sibling deck, wstv =
|* 0.42 / 0.44 / 0.46 / 0.48 um, one physical layout cell per ring, each on
|* its own independent supply source. No pre-layout control rings: a
|* pre-layout netlist has no substrate node, so it has nothing to say about
|* this question.
|*
|* This file is a TEMPLATE: sim/bin/corner-run.py substitutes /Users/rwalters/.volare/volare/sky130/versions/c6d73a35f524070e85faff4a6a9eef49553ebc2b/sky130A/libs.tech/combined/sky130.lib.spice,
|* ff, /Users/rwalters/GitHub/sky130-trng/.loom/worktrees/issue-22/layout/pex/ro_ring5_pex.spice, -40.0, 1.98 and 5p. As committed it
|* is not a runnable deck.
|
|.option scale=1u
|.lib "/Users/rwalters/.volare/volare/sky130/versions/c6d73a35f524070e85faff4a6a9eef49553ebc2b/sky130A/libs.tech/combined/sky130.lib.spice" ff
|
|* post-layout subcircuit library only (see header)
|.include "/Users/rwalters/GitHub/sky130-trng/.loom/worktrees/issue-22/layout/pex/ro_ring5_pex.spice"
|
|.temp -40.0
|
|* NOTE: no `Vsub vsubs 0` tie here -- that is the entire difference from
|* tb_post_layout_ro_ring5.spice. See the header.
|
|Vddrp1 vddrp1 0 dc 1.98
|Venp1 enp1 0 dc 1.98
|xgp1 p1o enp1 p1a vddrp1 0 ro_nand2_pex_wstv0p42
|x1p1 p1a p1b vddrp1 0 ro_stage_pex_wstv0p42
|x2p1 p1b p1c vddrp1 0 ro_stage_pex_wstv0p42
|x3p1 p1c p1d vddrp1 0 ro_stage_pex_wstv0p42
|x4p1 p1d p1o vddrp1 0 ro_stage_pex_wstv0p42
|
|Vddrp2 vddrp2 0 dc 1.98
|Venp2 enp2 0 dc 1.98
|xgp2 p2o enp2 p2a vddrp2 0 ro_nand2_pex_wstv0p44
|x1p2 p2a p2b vddrp2 0 ro_stage_pex_wstv0p44
|x2p2 p2b p2c vddrp2 0 ro_stage_pex_wstv0p44
|x3p2 p2c p2d vddrp2 0 ro_stage_pex_wstv0p44
|x4p2 p2d p2o vddrp2 0 ro_stage_pex_wstv0p44
|
|Vddrp3 vddrp3 0 dc 1.98
|Venp3 enp3 0 dc 1.98
|xgp3 p3o enp3 p3a vddrp3 0 ro_nand2_pex_wstv0p46
|x1p3 p3a p3b vddrp3 0 ro_stage_pex_wstv0p46
|x2p3 p3b p3c vddrp3 0 ro_stage_pex_wstv0p46
|x3p3 p3c p3d vddrp3 0 ro_stage_pex_wstv0p46
|x4p3 p3d p3o vddrp3 0 ro_stage_pex_wstv0p46
|
|Vddrp4 vddrp4 0 dc 1.98
|Venp4 enp4 0 dc 1.98
|xgp4 p4o enp4 p4a vddrp4 0 ro_nand2_pex_wstv0p48
|x1p4 p4a p4b vddrp4 0 ro_stage_pex_wstv0p48
|x2p4 p4b p4c vddrp4 0 ro_stage_pex_wstv0p48
|x3p4 p4c p4d vddrp4 0 ro_stage_pex_wstv0p48
|x4p4 p4d p4o vddrp4 0 ro_stage_pex_wstv0p48
|
|* --- output buffers, one per ring, on a shared block supply ------------
|* Present so this deck's loading matches tb_post_layout_ro_ring5.spice's
|* exactly -- the whole point of this deck is to difference against that
|* one, which is only meaningful if the two rings are equally loaded.
|Vddp vddp 0 dc 1.98
|xbp1 p1o p1ob vddp 0 ro_buf_pex
|xbp2 p2o p2ob vddp 0 ro_buf_pex
|xbp3 p3o p3ob vddp 0 ro_buf_pex
|xbp4 p4o p4ob vddp 0 ro_buf_pex
|
|.ic v(p1o)=0 v(p1a)=1.98 v(p1b)=0 v(p1c)=1.98 v(p1d)=0
|.ic v(p2o)=0 v(p2a)=1.98 v(p2b)=0 v(p2c)=1.98 v(p2d)=0
|.ic v(p3o)=0 v(p3a)=1.98 v(p3b)=0 v(p3c)=1.98 v(p3d)=0
|.ic v(p4o)=0 v(p4a)=1.98 v(p4b)=0 v(p4c)=1.98 v(p4d)=0
|.ic v(vsubs)=0
|
|.tran 5p 160n uic
|
|.control
|run
|
|meas tran tp1a when v(p1o)=0.5*1.98 rise=3
|meas tran tp1b when v(p1o)=0.5*1.98 rise=11
|let t_float_wstv0p42 = (tp1b - tp1a)/8
|meas tran tp2a when v(p2o)=0.5*1.98 rise=3
|meas tran tp2b when v(p2o)=0.5*1.98 rise=11
|let t_float_wstv0p44 = (tp2b - tp2a)/8
|meas tran tp3a when v(p3o)=0.5*1.98 rise=3
|meas tran tp3b when v(p3o)=0.5*1.98 rise=11
|let t_float_wstv0p46 = (tp3b - tp3a)/8
|meas tran tp4a when v(p4o)=0.5*1.98 rise=3
|meas tran tp4b when v(p4o)=0.5*1.98 rise=11
|let t_float_wstv0p48 = (tp4b - tp4a)/8
|
|let skew_span_float = t_float_wstv0p42 / t_float_wstv0p48
|
|* How hard are the rings driving the shared node? Zero by construction in
|* the tied deck; here it is the coupling itself, in volts.
|meas tran vsubmax MAX v(vsubs) from=20n to=160n
|meas tran vsubmin MIN v(vsubs) from=20n to=160n
|let vsubs_pp = vsubmax - vsubmin
|let vsubs_pp_frac = (vsubmax - vsubmin) / 1.98
|
|* Ring-node swing on the slowest and fastest ring, to confirm the rings are
|* still running normally rather than being dragged into a degenerate state.
|meas tran vmaxp1 MAX v(p1o) from=20n to=160n
|meas tran vminp1 MIN v(p1o) from=20n to=160n
|meas tran vmaxp4 MAX v(p4o) from=20n to=160n
|meas tran vminp4 MIN v(p4o) from=20n to=160n
|let swing_frac_float_wstv0p42 = (vmaxp1 - vminp1) / 1.98
|let swing_frac_float_wstv0p48 = (vmaxp4 - vminp4) / 1.98
|
|print t_float_wstv0p42
|print t_float_wstv0p44
|print t_float_wstv0p46
|print t_float_wstv0p48
|print skew_span_float
|print vsubs_pp
|print vsubs_pp_frac
|print swing_frac_float_wstv0p42
|print swing_frac_float_wstv0p48
|.endc
|.end
|

----- stdout -----

Note: Compatibility modes selected: hs a


Circuit: * post-layout ro_ring5 ladder with the shared substrate node left floating

option SCALE: Scale is set to 1e-06 for instance and model parameters
option SCALE: Scale is set to 1e-06 for instance and model parameters
option SCALE: Scale is set to 1e-06 for instance and model parameters
option SCALE: Scale is set to 1e-06 for instance and model parameters
option SCALE: Scale is set to 1e-06 for instance and model parameters
Doing analysis at TEMP = -40.000000 and TNOM = 27.000000

Using SPARSE 1.3 as Direct Linear Solver
Operating point simulation skipped by 'uic',
  now using transient initial conditions.
 Reference value :  5.00000e-14
 Reference value :  1.74208e-09
 Reference value :  3.82708e-09
 Reference value :  5.75208e-09
 Reference value :  7.84208e-09
 Reference value :  9.83208e-09
 Reference value :  1.16671e-08
 Reference value :  1.36121e-08
 Reference value :  1.55421e-08
 Reference value :  1.73771e-08
 Reference value :  1.92971e-08
 Reference value :  2.11471e-08
 Reference value :  2.31271e-08
 Reference value :  2.49971e-08
 Reference value :  2.68621e-08
 Reference value :  2.87071e-08
 Reference value :  3.06221e-08
 Reference value :  3.24571e-08
 Reference value :  3.43221e-08
 Reference value :  3.62071e-08
 Reference value :  3.83071e-08
 Reference value :  4.02821e-08
 Reference value :  4.22071e-08
 Reference value :  4.41371e-08
 Reference value :  4.61021e-08
 Reference value :  4.80721e-08
 Reference value :  5.00671e-08
 Reference value :  5.19971e-08
 Reference value :  5.39271e-08
 Reference value :  5.58671e-08
 Reference value :  5.78021e-08
 Reference value :  5.96871e-08
 Reference value :  6.16021e-08
 Reference value :  6.34821e-08
 Reference value :  6.53571e-08
 Reference value :  6.73121e-08
 Reference value :  6.93171e-08
 Reference value :  7.12171e-08
 Reference value :  7.30521e-08
 Reference value :  7.49521e-08
 Reference value :  7.68921e-08
 Reference value :  7.88021e-08
 Reference value :  8.06621e-08
 Reference value :  8.25471e-08
 Reference value :  8.45521e-08
 Reference value :  8.64821e-08
 Reference value :  8.84421e-08
 Reference value :  9.03621e-08
 Reference value :  9.22821e-08
 Reference value :  9.42621e-08
 Reference value :  9.62171e-08
 Reference value :  9.81721e-08
 Reference value :  1.00167e-07
 Reference value :  1.02122e-07
 Reference value :  1.04067e-07
 Reference value :  1.05942e-07
 Reference value :  1.07832e-07
 Reference value :  1.09712e-07
 Reference value :  1.11627e-07
 Reference value :  1.13532e-07
 Reference value :  1.15477e-07
 Reference value :  1.17322e-07
 Reference value :  1.19167e-07
 Reference value :  1.21087e-07
 Reference value :  1.22987e-07
 Reference value :  1.24947e-07
 Reference value :  1.26817e-07
 Reference value :  1.28797e-07
 Reference value :  1.30832e-07
 Reference value :  1.32802e-07
 Reference value :  1.34672e-07
 Reference value :  1.36617e-07
 Reference value :  1.38522e-07
 Reference value :  1.40472e-07
 Reference value :  1.42442e-07
 Reference value :  1.44427e-07
 Reference value :  1.46462e-07
 Reference value :  1.48322e-07
 Reference value :  1.50237e-07
 Reference value :  1.52142e-07
 Reference value :  1.54042e-07
 Reference value :  1.55962e-07
 Reference value :  1.57887e-07
 Reference value :  1.59897e-07
No. of Data Rows : 32015
tp1a                =  7.02029e-09
tp1b                =  2.50968e-08
tp2a                =  6.73085e-09
tp2b                =  2.40104e-08
tp3a                =  6.45850e-09
tp3b                =  2.29915e-08
tp4a                =  6.20494e-09
tp4b                =  2.20332e-08
vsubmax             =  8.84869e-01 at=  4.76171e-08
vsubmin             =  8.30295e-01 at=  4.82821e-08
vmaxp1              =  1.63638e+00 at=  8.22671e-08
vminp1              =  -1.33468e-02 at=  1.21722e-07
vmaxp4              =  1.59717e+00 at=  3.84471e-08
vminp4              =  -1.14030e-02 at=  1.26387e-07
t_float_wstv0p42 = 2.259567e-09
t_float_wstv0p44 = 2.159939e-09
t_float_wstv0p46 = 2.066623e-09
t_float_wstv0p48 = 1.978533e-09
skew_span_float = 1.142042e+00
vsubs_pp = 5.457380e-02
vsubs_pp_frac = 2.756253e-02
swing_frac_float_wstv0p42 = 8.331973e-01
swing_frac_float_wstv0p48 = 8.124086e-01
Note: Simulation executed from .control section 

----- stderr -----

Checking parameters for BSIM 4.5 model xbp4.xpex.xn2:pshort_model.40
Warning: A2 = 1.0885 is larger than 1. A2 is set to 1 and A1 is set to 0.
Warning: Pdibl1 = -0.00669442 is negative.

Checking parameters for BSIM 4.5 model xbp4.xpex.xn1:nshort_model.48
Warning: Eta0 = -0.0261666 is negative.

Checking parameters for BSIM 4.5 model xbp3.xpex.xn2:pshort_model.40
Warning: A2 = 1.0885 is larger than 1. A2 is set to 1 and A1 is set to 0.
Warning: Pdibl1 = -0.00669442 is negative.

Checking parameters for BSIM 4.5 model xbp3.xpex.xn1:nshort_model.48
Warning: Eta0 = -0.0261666 is negative.

Checking parameters for BSIM 4.5 model xbp2.xpex.xn2:pshort_model.40
Warning: A2 = 1.0885 is larger than 1. A2 is set to 1 and A1 is set to 0.
Warning: Pdibl1 = -0.00669442 is negative.

Checking parameters for BSIM 4.5 model xbp2.xpex.xn1:nshort_model.48
Warning: Eta0 = -0.0261666 is negative.

Checking parameters for BSIM 4.5 model xbp1.xpex.xn2:pshort_model.40
Warning: A2 = 1.0885 is larger than 1. A2 is set to 1 and A1 is set to 0.
Warning: Pdibl1 = -0.00669442 is negative.

Checking parameters for BSIM 4.5 model xbp1.xpex.xn1:nshort_model.48
Warning: Eta0 = -0.0261666 is negative.

Checking parameters for BSIM 4.5 model x4p4.xpex.xn4:pshort_model.40
Warning: A2 = 1.0885 is larger than 1. A2 is set to 1 and A1 is set to 0.
Warning: Pdibl1 = -0.00669442 is negative.

Checking parameters for BSIM 4.5 model x4p4.xpex.xn3:pshort_model.43
Warning: Eta0 = -0.000373202 is negative.

Checking parameters for BSIM 4.5 model x4p4.xpex.xn1:nshort_model.48
Warning: Eta0 = -0.0261666 is negative.

Checking parameters for BSIM 4.5 model x3p4.xpex.xn4:pshort_model.40
Warning: A2 = 1.0885 is larger than 1. A2 is set to 1 and A1 is set to 0.
Warning: Pdibl1 = -0.00669442 is negative.

Checking parameters for BSIM 4.5 model x3p4.xpex.xn3:pshort_model.43
Warning: Eta0 = -0.000373202 is negative.

Checking parameters for BSIM 4.5 model x3p4.xpex.xn1:nshort_model.48
Warning: Eta0 = -0.0261666 is negative.

Checking parameters for BSIM 4.5 model x2p4.xpex.xn4:pshort_model.40
Warning: A2 = 1.0885 is larger than 1. A2 is set to 1 and A1 is set to 0.
Warning: Pdibl1 = -0.00669442 is negative.

Checking parameters for BSIM 4.5 model x2p4.xpex.xn3:pshort_model.43
Warning: Eta0 = -0.000373202 is negative.

Checking parameters for BSIM 4.5 model x2p4.xpex.xn1:nshort_model.48
Warning: Eta0 = -0.0261666 is negative.

Checking parameters for BSIM 4.5 model x1p4.xpex.xn4:pshort_model.40
Warning: A2 = 1.0885 is larger than 1. A2 is set to 1 and A1 is set to 0.
Warning: Pdibl1 = -0.00669442 is negative.

Checking parameters for BSIM 4.5 model x1p4.xpex.xn3:pshort_model.43
Warning: Eta0 = -0.000373202 is negative.

Checking parameters for BSIM 4.5 model x1p4.xpex.xn1:nshort_model.48
Warning: Eta0 = -0.0261666 is negative.

Checking parameters for BSIM 4.5 model xgp4.xpex.xn6:pshort_model.40
Warning: A2 = 1.0885 is larger than 1. A2 is set to 1 and A1 is set to 0.
Warning: Pdibl1 = -0.00669442 is negative.

Checking parameters for BSIM 4.5 model xgp4.xpex.xn5:pshort_model.40
Warning: A2 = 1.0885 is larger than 1. A2 is set to 1 and A1 is set to 0.
Warning: Pdibl1 = -0.00669442 is negative.

Checking parameters for BSIM 4.5 model xgp4.xpex.xn4:pshort_model.43
Warning: Eta0 = -0.000373202 is negative.

Checking parameters for BSIM 4.5 model xgp4.xpex.xn3:nshort_model.40
Warning: Eta0 = -0.00908636 is negative.

Checking parameters for BSIM 4.5 model xgp4.xpex.xn2:nshort_model.40
Warning: Eta0 = -0.00908636 is negative.

Checking parameters for BSIM 4.5 model x4p3.xpex.xn4:pshort_model.40
Warning: A2 = 1.0885 is larger than 1. A2 is set to 1 and A1 is set to 0.
Warning: Pdibl1 = -0.00669442 is negative.

Checking parameters for BSIM 4.5 model x4p3.xpex.xn3:pshort_model.43
Warning: Eta0 = -0.000373202 is negative.

Checking parameters for BSIM 4.5 model x4p3.xpex.xn1:nshort_model.48
Warning: Eta0 = -0.0261666 is negative.

Checking parameters for BSIM 4.5 model x3p3.xpex.xn4:pshort_model.40
Warning: A2 = 1.0885 is larger than 1. A2 is set to 1 and A1 is set to 0.
Warning: Pdibl1 = -0.00669442 is negative.

Checking parameters for BSIM 4.5 model x3p3.xpex.xn3:pshort_model.43
Warning: Eta0 = -0.000373202 is negative.

Checking parameters for BSIM 4.5 model x3p3.xpex.xn1:nshort_model.48
Warning: Eta0 = -0.0261666 is negative.

Checking parameters for BSIM 4.5 model x2p3.xpex.xn4:pshort_model.40
Warning: A2 = 1.0885 is larger than 1. A2 is set to 1 and A1 is set to 0.
Warning: Pdibl1 = -0.00669442 is negative.

Checking parameters for BSIM 4.5 model x2p3.xpex.xn3:pshort_model.43
Warning: Eta0 = -0.000373202 is negative.

Checking parameters for BSIM 4.5 model x2p3.xpex.xn1:nshort_model.48
Warning: Eta0 = -0.0261666 is negative.

Checking parameters for BSIM 4.5 model x1p3.xpex.xn4:pshort_model.40
Warning: A2 = 1.0885 is larger than 1. A2 is set to 1 and A1 is set to 0.
Warning: Pdibl1 = -0.00669442 is negative.

Checking parameters for BSIM 4.5 model x1p3.xpex.xn3:pshort_model.43
Warning: Eta0 = -0.000373202 is negative.

Checking parameters for BSIM 4.5 model x1p3.xpex.xn1:nshort_model.48
Warning: Eta0 = -0.0261666 is negative.

Checking parameters for BSIM 4.5 model xgp3.xpex.xn6:pshort_model.40
Warning: A2 = 1.0885 is larger than 1. A2 is set to 1 and A1 is set to 0.
Warning: Pdibl1 = -0.00669442 is negative.

Checking parameters for BSIM 4.5 model xgp3.xpex.xn5:pshort_model.40
Warning: A2 = 1.0885 is larger than 1. A2 is set to 1 and A1 is set to 0.
Warning: Pdibl1 = -0.00669442 is negative.

Checking parameters for BSIM 4.5 model xgp3.xpex.xn4:pshort_model.43
Warning: Eta0 = -0.000373202 is negative.

Checking parameters for BSIM 4.5 model xgp3.xpex.xn3:nshort_model.40
Warning: Eta0 = -0.00908636 is negative.

Checking parameters for BSIM 4.5 model xgp3.xpex.xn2:nshort_model.40
Warning: Eta0 = -0.00908636 is negative.

Checking parameters for BSIM 4.5 model x4p2.xpex.xn4:pshort_model.40
Warning: A2 = 1.0885 is larger than 1. A2 is set to 1 and A1 is set to 0.
Warning: Pdibl1 = -0.00669442 is negative.

Checking parameters for BSIM 4.5 model x4p2.xpex.xn3:pshort_model.43
Warning: Eta0 = -0.000373202 is negative.

Checking parameters for BSIM 4.5 model x4p2.xpex.xn1:nshort_model.48
Warning: Eta0 = -0.0261666 is negative.

Checking parameters for BSIM 4.5 model x3p2.xpex.xn4:pshort_model.40
Warning: A2 = 1.0885 is larger than 1. A2 is set to 1 and A1 is set to 0.
Warning: Pdibl1 = -0.00669442 is negative.

Checking parameters for BSIM 4.5 model x3p2.xpex.xn3:pshort_model.43
Warning: Eta0 = -0.000373202 is negative.

Checking parameters for BSIM 4.5 model x3p2.xpex.xn1:nshort_model.48
Warning: Eta0 = -0.0261666 is negative.

Checking parameters for BSIM 4.5 model x2p2.xpex.xn4:pshort_model.40
Warning: A2 = 1.0885 is larger than 1. A2 is set to 1 and A1 is set to 0.
Warning: Pdibl1 = -0.00669442 is negative.

Checking parameters for BSIM 4.5 model x2p2.xpex.xn3:pshort_model.43
Warning: Eta0 = -0.000373202 is negative.

Checking parameters for BSIM 4.5 model x2p2.xpex.xn1:nshort_model.48
Warning: Eta0 = -0.0261666 is negative.

Checking parameters for BSIM 4.5 model x1p2.xpex.xn4:pshort_model.40
Warning: A2 = 1.0885 is larger than 1. A2 is set to 1 and A1 is set to 0.
Warning: Pdibl1 = -0.00669442 is negative.

Checking parameters for BSIM 4.5 model x1p2.xpex.xn3:pshort_model.43
Warning: Eta0 = -0.000373202 is negative.

Checking parameters for BSIM 4.5 model x1p2.xpex.xn1:nshort_model.48
Warning: Eta0 = -0.0261666 is negative.

Checking parameters for BSIM 4.5 model xgp2.xpex.xn6:pshort_model.40
Warning: A2 = 1.0885 is larger than 1. A2 is set to 1 and A1 is set to 0.
Warning: Pdibl1 = -0.00669442 is negative.

Checking parameters for BSIM 4.5 model xgp2.xpex.xn5:pshort_model.40
Warning: A2 = 1.0885 is larger than 1. A2 is set to 1 and A1 is set to 0.
Warning: Pdibl1 = -0.00669442 is negative.

Checking parameters for BSIM 4.5 model xgp2.xpex.xn4:pshort_model.43
Warning: Eta0 = -0.000373202 is negative.

Checking parameters for BSIM 4.5 model xgp2.xpex.xn3:nshort_model.40
Warning: Eta0 = -0.00908636 is negative.

Checking parameters for BSIM 4.5 model xgp2.xpex.xn2:nshort_model.40
Warning: Eta0 = -0.00908636 is negative.

Checking parameters for BSIM 4.5 model x4p1.xpex.xn4:pshort_model.40
Warning: A2 = 1.0885 is larger than 1. A2 is set to 1 and A1 is set to 0.
Warning: Pdibl1 = -0.00669442 is negative.

Checking parameters for BSIM 4.5 model x4p1.xpex.xn3:pshort_model.43
Warning: Eta0 = -0.000373202 is negative.

Checking parameters for BSIM 4.5 model x4p1.xpex.xn2:nshort_model.48
Warning: Eta0 = -0.0261666 is negative.

Checking parameters for BSIM 4.5 model x3p1.xpex.xn4:pshort_model.40
Warning: A2 = 1.0885 is larger than 1. A2 is set to 1 and A1 is set to 0.
Warning: Pdibl1 = -0.00669442 is negative.

Checking parameters for BSIM 4.5 model x3p1.xpex.xn3:pshort_model.43
Warning: Eta0 = -0.000373202 is negative.

Checking parameters for BSIM 4.5 model x3p1.xpex.xn2:nshort_model.48
Warning: Eta0 = -0.0261666 is negative.

Checking parameters for BSIM 4.5 model x2p1.xpex.xn4:pshort_model.40
Warning: A2 = 1.0885 is larger than 1. A2 is set to 1 and A1 is set to 0.
Warning: Pdibl1 = -0.00669442 is negative.

Checking parameters for BSIM 4.5 model x2p1.xpex.xn3:pshort_model.43
Warning: Eta0 = -0.000373202 is negative.

Checking parameters for BSIM 4.5 model x2p1.xpex.xn2:nshort_model.48
Warning: Eta0 = -0.0261666 is negative.

Checking parameters for BSIM 4.5 model x1p1.xpex.xn4:pshort_model.40
Warning: A2 = 1.0885 is larger than 1. A2 is set to 1 and A1 is set to 0.
Warning: Pdibl1 = -0.00669442 is negative.

Checking parameters for BSIM 4.5 model x1p1.xpex.xn3:pshort_model.43
Warning: Eta0 = -0.000373202 is negative.

Checking parameters for BSIM 4.5 model x1p1.xpex.xn2:nshort_model.48
Warning: Eta0 = -0.0261666 is negative.

Checking parameters for BSIM 4.5 model xgp1.xpex.xn6:pshort_model.40
Warning: A2 = 1.0885 is larger than 1. A2 is set to 1 and A1 is set to 0.
Warning: Pdibl1 = -0.00669442 is negative.

Checking parameters for BSIM 4.5 model xgp1.xpex.xn5:pshort_model.40
Warning: A2 = 1.0885 is larger than 1. A2 is set to 1 and A1 is set to 0.
Warning: Pdibl1 = -0.00669442 is negative.

Checking parameters for BSIM 4.5 model xgp1.xpex.xn4:pshort_model.43
Warning: Eta0 = -0.000373202 is negative.

Checking parameters for BSIM 4.5 model xgp1.xpex.xn3:nshort_model.40
Warning: Eta0 = -0.00908636 is negative.

Checking parameters for BSIM 4.5 model xgp1.xpex.xn2:nshort_model.40
Warning: Eta0 = -0.00908636 is negative.

