|* Post-layout ro_array_core (whole array, real inter-ring wiring), FLOATING
|* substrate, rings 2-4 PRESENT BUT STOPPED (en2/en3/en4 held at 0 for the
|* whole run) -- the array-scale sibling of
|* sim/post-layout-ro-ring5/testbench/tb_post_layout_substrate_float_solo.spice.
|*
|* Purpose: separate LOADING (the floating node's own capacitance/impedance,
|* present even with no other ring switching) from COUPLING (ring 1's period
|* moving because rings 2-4 are actually driving the same shared node), the
|* same three-way decomposition DR-0005 finding 3 used at ring scope:
|*
|*   loading  = t(this deck)                         - t(tied, sibling deck)
|*   coupling = t(substrate_float, all 4 running)     - t(this deck)
|*
|* Same array GDS extraction as the other two decks in this directory (real
|* physical ring-to-ring proximity, not four separately-placed leaf cells),
|* so this is the strongest available bound on the substrate mechanism this
|* repo has produced -- still not the physical answer (the extractor emits
|* no substrate or tap resistance at all; klayout-tools#1503), but bracketing
|* the terminals of a real, physically-placed layout's own shared node
|* rather than a hand-tied approximation of one.
|*
|* With en2/en3/en4 held at 0, ro_nand2's own defined-output-on-disable state
|* (design/README.md; DR-0003) pins ring2/3/4's node ro_ring5 outputs high --
|* a defined, non-switching state, not a floating one -- so rn2/rn3/rn4 (and
|* therefore ro2/ro3/ro4 and the XOR tree downstream of them) settle and stay
|* put; only ring 1 free-runs.
|*
|* This file is a TEMPLATE: sim/bin/corner-run.py substitutes /Users/rwalters/.volare/volare/sky130/versions/c6d73a35f524070e85faff4a6a9eef49553ebc2b/sky130A/libs.tech/combined/sky130.lib.spice,
|* tt, /Users/rwalters/GitHub/sky130-trng/.loom/worktrees/issue-22/layout/pex-array/ro_array_core_pex.spice, -40.0 and 1.98. As committed it is not a
|* runnable deck. Invoke with
|* `--pex-lib layout/pex-array/ro_array_core_pex.spice`.
|
|.option scale=1u
|.lib "/Users/rwalters/.volare/volare/sky130/versions/c6d73a35f524070e85faff4a6a9eef49553ebc2b/sky130A/libs.tech/combined/sky130.lib.spice" tt
|
|.include "/Users/rwalters/GitHub/sky130-trng/.loom/worktrees/issue-22/layout/pex-array/ro_array_core_pex.spice"
|
|.temp -40.0
|
|* --- substrate return node: FLOATING (see header) -- no Vsub source ----
|
|Vddrp1 pvddr1 0 dc 1.98
|Vddrp2 pvddr2 0 dc 1.98
|Vddrp3 pvddr3 0 dc 1.98
|Vddrp4 pvddr4 0 dc 1.98
|Vddp pvdd 0 dc 1.98
|Venp1 pen1 0 PULSE(0 1.98 5n 100p 100p 1u 2u)
|* rings 2-4: held at 0 for the whole run -- present, but never released.
|Venp2 pen2 0 dc 0
|Venp3 pen3 0 dc 0
|Venp4 pen4 0 dc 0
|xarr pen1 pen2 pen3 pen4 pvddr1 pvddr2 pvddr3 pvddr4 pvdd 0 pxo pro1 pro2 pro3 pro4 ro_array_core_pex
|
|.ic v(pro1)=0
|.ic v(pro2)=0
|.ic v(pro3)=0
|.ic v(pro4)=0
|
|.save v(pro1) v(xarr.vsubs)
|.save i(Vddrp1)
|
|.tran 5p 800n uic
|
|.control
|run
|
|meas tran pt1a when v(pro1)=0.5*1.98 rise=3
|meas tran pt1b when v(pro1)=0.5*1.98 rise=13
|let p_tr1 = (pt1b - pt1a)/10
|
|meas tran vsub_max MAX v(xarr.vsubs) from=100n to=800n
|meas tran vsub_min MIN v(xarr.vsubs) from=100n to=800n
|let vsub_swing_frac = (vsub_max - vsub_min) / 1.98
|
|print p_tr1
|print vsub_swing_frac
|.endc
|.end
|

----- stdout -----

Note: Compatibility modes selected: hs a


Circuit: * post-layout ro_array_core (whole array, real inter-ring wiring), floating

option SCALE: Scale is set to 1e-06 for instance and model parameters
option SCALE: Scale is set to 1e-06 for instance and model parameters
option SCALE: Scale is set to 1e-06 for instance and model parameters
option SCALE: Scale is set to 1e-06 for instance and model parameters
option SCALE: Scale is set to 1e-06 for instance and model parameters
Doing analysis at TEMP = -40.000000 and TNOM = 27.000000

Using SPARSE 1.3 as Direct Linear Solver
Operating point simulation skipped by 'uic',
  now using transient initial conditions.
 Reference value :  5.00000e-14
 Reference value :  1.00206e-09
 Reference value :  2.28206e-09
 Reference value :  3.58206e-09
 Reference value :  4.84706e-09
 Reference value :  5.98750e-09
 Reference value :  7.22750e-09
 Reference value :  8.40250e-09
 Reference value :  9.64750e-09
 Reference value :  1.08125e-08
 Reference value :  1.19975e-08
 Reference value :  1.31975e-08
 Reference value :  1.44475e-08
 Reference value :  1.56075e-08
 Reference value :  1.67475e-08
 Reference value :  1.79675e-08
 Reference value :  1.91675e-08
 Reference value :  2.03225e-08
 Reference value :  2.14975e-08
 Reference value :  2.27425e-08
 Reference value :  2.38875e-08
 Reference value :  2.50425e-08
 Reference value :  2.62025e-08
 Reference value :  2.74325e-08
 Reference value :  2.85825e-08
 Reference value :  2.97775e-08
 Reference value :  3.09725e-08
 Reference value :  3.22025e-08
 Reference value :  3.34375e-08
 Reference value :  3.45875e-08
 Reference value :  3.58175e-08
 Reference value :  3.70125e-08
 Reference value :  3.81725e-08
 Reference value :  3.93275e-08
 Reference value :  4.05675e-08
 Reference value :  4.16725e-08
 Reference value :  4.28675e-08
 Reference value :  4.40125e-08
 Reference value :  4.51525e-08
 Reference value :  4.63325e-08
 Reference value :  4.75175e-08
 Reference value :  4.86825e-08
 Reference value :  4.99175e-08
 Reference value :  5.10275e-08
 Reference value :  5.21925e-08
 Reference value :  5.34075e-08
 Reference value :  5.46225e-08
 Reference value :  5.57275e-08
 Reference value :  5.68825e-08
 Reference value :  5.81025e-08
 Reference value :  5.92725e-08
 Reference value :  6.04475e-08
 Reference value :  6.16175e-08
 Reference value :  6.28575e-08
 Reference value :  6.40275e-08
 Reference value :  6.52225e-08
 Reference value :  6.64075e-08
 Reference value :  6.76025e-08
 Reference value :  6.86875e-08
 Reference value :  6.98175e-08
 Reference value :  7.10275e-08
 Reference value :  7.22425e-08
 Reference value :  7.33475e-08
 Reference value :  7.44775e-08
 Reference value :  7.56775e-08
 Reference value :  7.68625e-08
 Reference value :  7.79825e-08
 Reference value :  7.91475e-08
 Reference value :  8.03575e-08
 Reference value :  8.15325e-08
 Reference value :  8.27675e-08
 Reference value :  8.39275e-08
 Reference value :  8.51725e-08
 Reference value :  8.63125e-08
 Reference value :  8.74925e-08
 Reference value :  8.86775e-08
 Reference value :  8.99025e-08
 Reference value :  9.10125e-08
 Reference value :  9.21675e-08
 Reference value :  9.33925e-08
 Reference value :  9.45875e-08
 Reference value :  9.57025e-08
 Reference value :  9.68725e-08
 Reference value :  9.81175e-08
 Reference value :  9.92875e-08
 Reference value :  1.00503e-07
 Reference value :  1.01658e-07
 Reference value :  1.02878e-07
 Reference value :  1.03998e-07
 Reference value :  1.05183e-07
 Reference value :  1.06363e-07
 Reference value :  1.07598e-07
 Reference value :  1.08693e-07
 Reference value :  1.09868e-07
 Reference value :  1.11083e-07
 Reference value :  1.12288e-07
 Reference value :  1.13423e-07
 Reference value :  1.14593e-07
 Reference value :  1.15828e-07
 Reference value :  1.17013e-07
 Reference value :  1.18228e-07
 Reference value :  1.19393e-07
 Reference value :  1.20643e-07
 Reference value :  1.21773e-07
 Reference value :  1.22933e-07
 Reference value :  1.24113e-07
 Reference value :  1.25333e-07
 Reference value :  1.26428e-07
 Reference value :  1.27583e-07
 Reference value :  1.28808e-07
 Reference value :  1.30028e-07
 Reference value :  1.31168e-07
 Reference value :  1.32328e-07
 Reference value :  1.33563e-07
 Reference value :  1.34748e-07
 Reference value :  1.35978e-07
 Reference value :  1.37158e-07
 Reference value :  1.38408e-07
 Reference value :  1.39528e-07
 Reference value :  1.40703e-07
 Reference value :  1.41858e-07
 Reference value :  1.43078e-07
 Reference value :  1.44198e-07
 Reference value :  1.45333e-07
 Reference value :  1.46578e-07
 Reference value :  1.47798e-07
 Reference value :  1.48943e-07
 Reference value :  1.50108e-07
 Reference value :  1.51338e-07
 Reference value :  1.52508e-07
 Reference value :  1.53723e-07
 Reference value :  1.54883e-07
 Reference value :  1.56108e-07
 Reference value :  1.57263e-07
 Reference value :  1.58438e-07
 Reference value :  1.59618e-07
 Reference value :  1.60858e-07
 Reference value :  1.61968e-07
 Reference value :  1.63118e-07
 Reference value :  1.64388e-07
 Reference value :  1.65598e-07
 Reference value :  1.66748e-07
 Reference value :  1.67903e-07
 Reference value :  1.69123e-07
 Reference value :  1.70278e-07
 Reference value :  1.71488e-07
 Reference value :  1.72653e-07
 Reference value :  1.73893e-07
 Reference value :  1.75008e-07
 Reference value :  1.76188e-07
 Reference value :  1.77373e-07
 Reference value :  1.78598e-07
 Reference value :  1.79698e-07
 Reference value :  1.80843e-07
 Reference value :  1.82073e-07
 Reference value :  1.83293e-07
 Reference value :  1.84438e-07
 Reference value :  1.85603e-07
 Reference value :  1.86828e-07
 Reference value :  1.87993e-07
 Reference value :  1.89228e-07
 Reference value :  1.90443e-07
 Reference value :  1.91648e-07
 Reference value :  1.92818e-07
 Reference value :  1.93993e-07
 Reference value :  1.95193e-07
 Reference value :  1.96408e-07
 Reference value :  1.97518e-07
 Reference value :  1.98683e-07
 Reference value :  1.99908e-07
 Reference value :  2.01123e-07
 Reference value :  2.02348e-07
 Reference value :  2.03483e-07
 Reference value :  2.04743e-07
 Reference value :  2.05893e-07
 Reference value :  2.07088e-07
 Reference value :  2.08268e-07
 Reference value :  2.09493e-07
 Reference value :  2.10608e-07
 Reference value :  2.11808e-07
 Reference value :  2.13023e-07
 Reference value :  2.14223e-07
 Reference value :  2.15308e-07
 Reference value :  2.16438e-07
 Reference value :  2.17673e-07
 Reference value :  2.18843e-07
 Reference value :  2.20023e-07
 Reference value :  2.21188e-07
 Reference value :  2.22423e-07
 Reference value :  2.23578e-07
 Reference value :  2.24793e-07
 Reference value :  2.25998e-07
 Reference value :  2.27208e-07
 Reference value :  2.28353e-07
 Reference value :  2.29498e-07
 Reference value :  2.30688e-07
 Reference value :  2.31938e-07
 Reference value :  2.33058e-07
 Reference value :  2.34213e-07
 Reference value :  2.35493e-07
 Reference value :  2.36783e-07
 Reference value :  2.37988e-07
 Reference value :  2.39138e-07
 Reference value :  2.40368e-07
 Reference value :  2.41533e-07
 Reference value :  2.42733e-07
 Reference value :  2.43943e-07
 Reference value :  2.45168e-07
 Reference value :  2.46273e-07
 Reference value :  2.47408e-07
 Reference value :  2.48618e-07
 Reference value :  2.49858e-07
 Reference value :  2.50943e-07
 Reference value :  2.52098e-07
 Reference value :  2.53278e-07
 Reference value :  2.54383e-07
 Reference value :  2.55588e-07
 Reference value :  2.56753e-07
 Reference value :  2.57993e-07
 Reference value :  2.59153e-07
 Reference value :  2.60333e-07
 Reference value :  2.61478e-07
 Reference value :  2.62693e-07
 Reference value :  2.63808e-07
 Reference value :  2.64973e-07
 Reference value :  2.66158e-07
 Reference value :  2.67388e-07
 Reference value :  2.68493e-07
 Reference value :  2.69633e-07
 Reference value :  2.70803e-07
 Reference value :  2.72013e-07
 Reference value :  2.73168e-07
 Reference value :  2.74303e-07
 Reference value :  2.75523e-07
 Reference value :  2.76688e-07
 Reference value :  2.77843e-07
 Reference value :  2.79003e-07
 Reference value :  2.80268e-07
 Reference value :  2.81403e-07
 Reference value :  2.82563e-07
 Reference value :  2.83733e-07
 Reference value :  2.84983e-07
 Reference value :  2.86082e-07
 Reference value :  2.87257e-07
 Reference value :  2.88447e-07
 Reference value :  2.89672e-07
 Reference value :  2.90837e-07
 Reference value :  2.91962e-07
 Reference value :  2.93187e-07
 Reference value :  2.94367e-07
 Reference value :  2.95562e-07
 Reference value :  2.96712e-07
 Reference value :  2.97957e-07
 Reference value :  2.99097e-07
 Reference value :  3.00267e-07
 Reference value :  3.01497e-07
 Reference value :  3.02682e-07
 Reference value :  3.03797e-07
 Reference value :  3.04962e-07
 Reference value :  3.06167e-07
 Reference value :  3.07347e-07
 Reference value :  3.08517e-07
 Reference value :  3.09797e-07
 Reference value :  3.11032e-07
 Reference value :  3.12192e-07
 Reference value :  3.13397e-07
 Reference value :  3.14507e-07
 Reference value :  3.15702e-07
 Reference value :  3.16837e-07
 Reference value :  3.18002e-07
 Reference value :  3.19177e-07
 Reference value :  3.20402e-07
 Reference value :  3.21532e-07
 Reference value :  3.22712e-07
 Reference value :  3.23892e-07
 Reference value :  3.25127e-07
 Reference value :  3.26307e-07
 Reference value :  3.27462e-07
 Reference value :  3.28667e-07
 Reference value :  3.29867e-07
 Reference value :  3.31062e-07
 Reference value :  3.32212e-07
 Reference value :  3.33432e-07
 Reference value :  3.34582e-07
 Reference value :  3.35812e-07
 Reference value :  3.36932e-07
 Reference value :  3.38142e-07
 Reference value :  3.39267e-07
 Reference value :  3.40432e-07
 Reference value :  3.41627e-07
 Reference value :  3.42872e-07
 Reference value :  3.44047e-07
 Reference value :  3.45162e-07
 Reference value :  3.46402e-07
 Reference value :  3.47597e-07
 Reference value :  3.48732e-07
 Reference value :  3.49882e-07
 Reference value :  3.51127e-07
 Reference value :  3.52287e-07
 Reference value :  3.53447e-07
 Reference value :  3.54597e-07
 Reference value :  3.55857e-07
 Reference value :  3.56997e-07
 Reference value :  3.58177e-07
 Reference value :  3.59367e-07
 Reference value :  3.60602e-07
 Reference value :  3.61777e-07
 Reference value :  3.62932e-07
 Reference value :  3.64177e-07
 Reference value :  3.65372e-07
 Reference value :  3.66682e-07
 Reference value :  3.67832e-07
 Reference value :  3.69062e-07
 Reference value :  3.70197e-07
 Reference value :  3.71497e-07
 Reference value :  3.72692e-07
 Reference value :  3.73922e-07
 Reference value :  3.75032e-07
 Reference value :  3.76187e-07
 Reference value :  3.77457e-07
 Reference value :  3.78842e-07
 Reference value :  3.80062e-07
 Reference value :  3.81247e-07
 Reference value :  3.82477e-07
 Reference value :  3.83622e-07
 Reference value :  3.84812e-07
 Reference value :  3.85982e-07
 Reference value :  3.87212e-07
 Reference value :  3.88337e-07
 Reference value :  3.89747e-07
 Reference value :  3.90957e-07
 Reference value :  3.92117e-07
 Reference value :  3.93272e-07
 Reference value :  3.94557e-07
 Reference value :  3.95792e-07
 Reference value :  3.96932e-07
 Reference value :  3.98132e-07
 Reference value :  3.99362e-07
 Reference value :  4.00622e-07
 Reference value :  4.01732e-07
 Reference value :  4.02877e-07
 Reference value :  4.04097e-07
 Reference value :  4.05452e-07
 Reference value :  4.06587e-07
 Reference value :  4.07742e-07
 Reference value :  4.08952e-07
 Reference value :  4.10072e-07
 Reference value :  4.11247e-07
 Reference value :  4.12402e-07
 Reference value :  4.13647e-07
 Reference value :  4.14987e-07
 Reference value :  4.16162e-07
 Reference value :  4.17402e-07
 Reference value :  4.18567e-07
 Reference value :  4.19717e-07
 Reference value :  4.20887e-07
 Reference value :  4.22107e-07
 Reference value :  4.23277e-07
 Reference value :  4.24417e-07
 Reference value :  4.25737e-07
 Reference value :  4.26982e-07
 Reference value :  4.28127e-07
 Reference value :  4.29337e-07
 Reference value :  4.30577e-07
 Reference value :  4.31832e-07
 Reference value :  4.33022e-07
 Reference value :  4.34167e-07
 Reference value :  4.35382e-07
 Reference value :  4.36642e-07
 Reference value :  4.37952e-07
 Reference value :  4.39117e-07
 Reference value :  4.40317e-07
 Reference value :  4.41422e-07
 Reference value :  4.42592e-07
 Reference value :  4.43802e-07
 Reference value :  4.45032e-07
 Reference value :  4.46167e-07
 Reference value :  4.47317e-07
 Reference value :  4.48557e-07
 Reference value :  4.49712e-07
 Reference value :  4.50892e-07
 Reference value :  4.52037e-07
 Reference value :  4.53252e-07
 Reference value :  4.54392e-07
 Reference value :  4.55567e-07
 Reference value :  4.56702e-07
 Reference value :  4.57912e-07
 Reference value :  4.59022e-07
 Reference value :  4.60192e-07
 Reference value :  4.61377e-07
 Reference value :  4.62612e-07
 Reference value :  4.63752e-07
 Reference value :  4.64857e-07
 Reference value :  4.66117e-07
 Reference value :  4.67317e-07
 Reference value :  4.68487e-07
 Reference value :  4.69637e-07
 Reference value :  4.70887e-07
 Reference value :  4.72057e-07
 Reference value :  4.73187e-07
 Reference value :  4.74342e-07
 Reference value :  4.75582e-07
 Reference value :  4.76682e-07
 Reference value :  4.77857e-07
 Reference value :  4.79042e-07
 Reference value :  4.80302e-07
 Reference value :  4.81452e-07
 Reference value :  4.82762e-07
 Reference value :  4.83997e-07
 Reference value :  4.85182e-07
 Reference value :  4.86392e-07
 Reference value :  4.87557e-07
 Reference value :  4.88787e-07
 Reference value :  4.89937e-07
 Reference value :  4.91092e-07
 Reference value :  4.92267e-07
 Reference value :  4.93492e-07
 Reference value :  4.94622e-07
 Reference value :  4.95767e-07
 Reference value :  4.96952e-07
 Reference value :  4.98217e-07
 Reference value :  4.99312e-07
 Reference value :  5.00587e-07
 Reference value :  5.01962e-07
 Reference value :  5.03232e-07
 Reference value :  5.04517e-07
 Reference value :  5.05822e-07
 Reference value :  5.07187e-07
 Reference value :  5.08437e-07
 Reference value :  5.09697e-07
 Reference value :  5.11017e-07
 Reference value :  5.12257e-07
 Reference value :  5.13537e-07
 Reference value :  5.14832e-07
 Reference value :  5.16162e-07
 Reference value :  5.17442e-07
 Reference value :  5.18717e-07
 Reference value :  5.20067e-07
 Reference value :  5.21362e-07
 Reference value :  5.22627e-07
 Reference value :  5.23977e-07
 Reference value :  5.25267e-07
 Reference value :  5.26537e-07
 Reference value :  5.27817e-07
 Reference value :  5.29162e-07
 Reference value :  5.30392e-07
 Reference value :  5.31657e-07
 Reference value :  5.33007e-07
 Reference value :  5.34337e-07
 Reference value :  5.35667e-07
 Reference value :  5.36992e-07
 Reference value :  5.38342e-07
 Reference value :  5.39607e-07
 Reference value :  5.40832e-07
 Reference value :  5.42172e-07
 Reference value :  5.43392e-07
 Reference value :  5.44677e-07
 Reference value :  5.46027e-07
 Reference value :  5.47347e-07
 Reference value :  5.48652e-07
 Reference value :  5.49932e-07
 Reference value :  5.51287e-07
 Reference value :  5.52582e-07
 Reference value :  5.53867e-07
 Reference value :  5.55202e-07
 Reference value :  5.56482e-07
 Reference value :  5.57772e-07
 Reference value :  5.59062e-07
 Reference value :  5.60417e-07
 Reference value :  5.61662e-07
 Reference value :  5.62917e-07
 Reference value :  5.64352e-07
 Reference value :  5.65677e-07
 Reference value :  5.66992e-07
 Reference value :  5.68407e-07
 Reference value :  5.69717e-07
 Reference value :  5.71092e-07
 Reference value :  5.72487e-07
 Reference value :  5.73987e-07
 Reference value :  5.75257e-07
 Reference value :  5.76547e-07
 Reference value :  5.77907e-07
 Reference value :  5.79127e-07
 Reference value :  5.80407e-07
 Reference value :  5.81742e-07
 Reference value :  5.83037e-07
 Reference value :  5.84307e-07
 Reference value :  5.85587e-07
 Reference value :  5.86952e-07
 Reference value :  5.88222e-07
 Reference value :  5.89507e-07
 Reference value :  5.90867e-07
 Reference value :  5.92132e-07
 Reference value :  5.93417e-07
 Reference value :  5.94732e-07
 Reference value :  5.96062e-07
 Reference value :  5.97282e-07
 Reference value :  5.98547e-07
 Reference value :  5.99912e-07
 Reference value :  6.01158e-07
 Reference value :  6.02433e-07
 Reference value :  6.03783e-07
 Reference value :  6.05083e-07
 Reference value :  6.06403e-07
 Reference value :  6.07663e-07
 Reference value :  6.09003e-07
 Reference value :  6.10293e-07
 Reference value :  6.11548e-07
 Reference value :  6.12868e-07
 Reference value :  6.14138e-07
 Reference value :  6.15393e-07
 Reference value :  6.16653e-07
 Reference value :  6.17983e-07
 Reference value :  6.19188e-07
 Reference value :  6.20458e-07
 Reference value :  6.21808e-07
 Reference value :  6.23148e-07
 Reference value :  6.24533e-07
 Reference value :  6.25978e-07
 Reference value :  6.27318e-07
 Reference value :  6.28568e-07
 Reference value :  6.29853e-07
 Reference value :  6.31203e-07
 Reference value :  6.32403e-07
 Reference value :  6.33698e-07
 Reference value :  6.35043e-07
 Reference value :  6.36318e-07
 Reference value :  6.37583e-07
 Reference value :  6.38863e-07
 Reference value :  6.40208e-07
 Reference value :  6.41488e-07
 Reference value :  6.42758e-07
 Reference value :  6.44123e-07
 Reference value :  6.45368e-07
 Reference value :  6.46618e-07
 Reference value :  6.47928e-07
 Reference value :  6.49248e-07
 Reference value :  6.50438e-07
 Reference value :  6.51688e-07
 Reference value :  6.53028e-07
 Reference value :  6.54273e-07
 Reference value :  6.55563e-07
 Reference value :  6.56858e-07
 Reference value :  6.58203e-07
 Reference value :  6.59498e-07
 Reference value :  6.60803e-07
 Reference value :  6.62148e-07
 Reference value :  6.63353e-07
 Reference value :  6.64593e-07
 Reference value :  6.65923e-07
 Reference value :  6.67208e-07
 Reference value :  6.68418e-07
 Reference value :  6.69648e-07
 Reference value :  6.71028e-07
 Reference value :  6.72233e-07
 Reference value :  6.73493e-07
 Reference value :  6.74823e-07
 Reference value :  6.76153e-07
 Reference value :  6.77528e-07
 Reference value :  6.78813e-07
 Reference value :  6.80188e-07
 Reference value :  6.81463e-07
 Reference value :  6.82798e-07
 Reference value :  6.84193e-07
 Reference value :  6.85523e-07
 Reference value :  6.86868e-07
 Reference value :  6.88208e-07
 Reference value :  6.89493e-07
 Reference value :  6.90818e-07
 Reference value :  6.92103e-07
 Reference value :  6.93433e-07
 Reference value :  6.94693e-07
 Reference value :  6.95973e-07
 Reference value :  6.97353e-07
 Reference value :  6.98608e-07
 Reference value :  6.99883e-07
 Reference value :  7.01193e-07
 Reference value :  7.02533e-07
 Reference value :  7.03758e-07
 Reference value :  7.04998e-07
 Reference value :  7.06333e-07
 Reference value :  7.07683e-07
 Reference value :  7.08948e-07
 Reference value :  7.10268e-07
 Reference value :  7.11568e-07
 Reference value :  7.12873e-07
 Reference value :  7.14143e-07
 Reference value :  7.15463e-07
 Reference value :  7.16663e-07
 Reference value :  7.17898e-07
 Reference value :  7.19253e-07
 Reference value :  7.20533e-07
 Reference value :  7.21778e-07
 Reference value :  7.23043e-07
 Reference value :  7.24378e-07
 Reference value :  7.25618e-07
 Reference value :  7.26873e-07
 Reference value :  7.28223e-07
 Reference value :  7.29483e-07
 Reference value :  7.30768e-07
 Reference value :  7.32023e-07
 Reference value :  7.33368e-07
 Reference value :  7.34578e-07
 Reference value :  7.35818e-07
 Reference value :  7.37218e-07
 Reference value :  7.38483e-07
 Reference value :  7.39718e-07
 Reference value :  7.41028e-07
 Reference value :  7.42333e-07
 Reference value :  7.43573e-07
 Reference value :  7.44828e-07
 Reference value :  7.46173e-07
 Reference value :  7.47433e-07
 Reference value :  7.48713e-07
 Reference value :  7.50003e-07
 Reference value :  7.51348e-07
 Reference value :  7.52588e-07
 Reference value :  7.53838e-07
 Reference value :  7.55178e-07
 Reference value :  7.56418e-07
 Reference value :  7.57678e-07
 Reference value :  7.58973e-07
 Reference value :  7.60318e-07
 Reference value :  7.61593e-07
 Reference value :  7.62908e-07
 Reference value :  7.64238e-07
 Reference value :  7.65483e-07
 Reference value :  7.66728e-07
 Reference value :  7.68073e-07
 Reference value :  7.69348e-07
 Reference value :  7.70613e-07
 Reference value :  7.71868e-07
 Reference value :  7.73198e-07
 Reference value :  7.74453e-07
 Reference value :  7.75678e-07
 Reference value :  7.77003e-07
 Reference value :  7.78268e-07
 Reference value :  7.79588e-07
 Reference value :  7.80873e-07
 Reference value :  7.82203e-07
 Reference value :  7.83448e-07
 Reference value :  7.84733e-07
 Reference value :  7.86058e-07
 Reference value :  7.87308e-07
 Reference value :  7.88618e-07
 Reference value :  7.90043e-07
 Reference value :  7.91403e-07
 Reference value :  7.92648e-07
 Reference value :  7.93923e-07
 Reference value :  7.95283e-07
 Reference value :  7.96683e-07
 Reference value :  7.97973e-07
 Reference value :  7.99328e-07
No. of Data Rows : 160024
pt1a                =  1.16663e-08
pt1b                =  5.60536e-08
 meas tran vsub_max max v(xarr.vsubs) from=100n to=800n failed!

 meas tran vsub_min min v(xarr.vsubs) from=100n to=800n failed!

p_tr1 = 4.438729e-09
Note: Simulation executed from .control section 

----- stderr -----

Error: measure  vsub_max  max(TRIG) : no such vector as 'v(xarr.vsubs)'

Error: measure  vsub_min  min(TRIG) : no such vector as 'v(xarr.vsubs)'
Warning from checkvalid: vector vsub_max is not available or has zero length.
Error: RHS "(vsub_max - vsub_min) / 1.98" invalid
Warning from checkvalid: vector vsub_swing_frac is not available or has zero length.

