|* Post-layout ro_array_core (whole array, real inter-ring wiring) with the
|* shared substrate node left FLOATING -- the array-scale sibling of
|* sim/post-layout-ro-ring5/testbench/tb_post_layout_substrate_float.spice,
|* now over the REAL composed array GDS (real physical ring-to-ring
|* proximity, well spacing and shared psub geometry, not four separately
|* extracted leaf cells hand-tied to a shared node as if placed at infinite
|* separation -- see DR-0005's own "Proximity" limitation, which this deck
|* closes for the substrate mechanism specifically).
|*
|* Purpose (DR-0003 section 8's inter-ring decorrelation gap; DR-0005's own
|* "Follow-up required" section: "Findings 1 and 3 should be re-run against
|* the assembled block when it exists"). This deck differs from
|* tb_post_layout_ro_array_core.spice's post-layout half in exactly one
|* respect: that deck ties `vsubs` hard to 0 (`Vsub vsubs 0 dc 0`), this one
|* does not tie it at all, leaving it on
|* layout/pex-array/ro_array_core_pex.spice's own
|* `Rvsubs_dctie vsubs 0 1e+12` (klayout-tools#1503). The pair brackets the
|* real answer the same way DR-0005's ring-level pair did:
|*
|*   TIED   (sibling deck, already run) -- ideal zero-impedance substrate,
|*          no inter-ring coupling possible by construction.
|*   FLOAT  (this deck) -- ideal infinite-impedance shared substrate: every
|*          ring's switching current is forced through the shared node's
|*          capacitance and into every other ring.
|*
|* No pre-layout control: a pre-layout netlist has no substrate node, so it
|* has nothing to say about this question (same choice
|* tb_post_layout_substrate_float.spice made at ring scope).
|*
|* Measured: each ring's own period (line for line comparable against the
|* sibling tied deck's p_tr1-p_tr4 at the same corner/temp/vdd), the array
|* skew span, and the substrate node's own peak-to-peak excursion -- the
|* direct measure of how hard the four rings (now WITH the buffer + XOR tree
|* load, both riding the same block vdd, also present) are driving each
|* other through it.
|*
|* This file is a TEMPLATE: sim/bin/corner-run.py substitutes /Users/rwalters/.volare/volare/sky130/versions/c6d73a35f524070e85faff4a6a9eef49553ebc2b/sky130A/libs.tech/combined/sky130.lib.spice,
|* ff, /Users/rwalters/GitHub/sky130-trng/.loom/worktrees/issue-22/layout/pex-array/ro_array_core_pex.spice, 27.0 and 1.8. As committed it is not a
|* runnable deck. Invoke with
|* `--pex-lib layout/pex-array/ro_array_core_pex.spice` (no --ro-ring5
|* needed: this deck includes only the post-layout library).
|
|.option scale=1u
|.lib "/Users/rwalters/.volare/volare/sky130/versions/c6d73a35f524070e85faff4a6a9eef49553ebc2b/sky130A/libs.tech/combined/sky130.lib.spice" ff
|
|* post-layout ARRAY subcircuit library only -- no pre-layout control, see
|* header for why.
|.include "/Users/rwalters/GitHub/sky130-trng/.loom/worktrees/issue-22/layout/pex-array/ro_array_core_pex.spice"
|
|.temp 27.0
|
|* --- substrate return node: FLOATING (see header) -- no Vsub source ----
|
|Vddrp1 pvddr1 0 dc 1.8
|Vddrp2 pvddr2 0 dc 1.8
|Vddrp3 pvddr3 0 dc 1.8
|Vddrp4 pvddr4 0 dc 1.8
|Vddp pvdd 0 dc 1.8
|Venp1 pen1 0 PULSE(0 1.8 5n 100p 100p 1u 2u)
|Venp2 pen2 0 PULSE(0 1.8 5n 100p 100p 1u 2u)
|Venp3 pen3 0 PULSE(0 1.8 5n 100p 100p 1u 2u)
|Venp4 pen4 0 PULSE(0 1.8 5n 100p 100p 1u 2u)
|xarr pen1 pen2 pen3 pen4 pvddr1 pvddr2 pvddr3 pvddr4 pvdd 0 pxo pro1 pro2 pro3 pro4 ro_array_core_pex
|
|.ic v(pro1)=0
|.ic v(pro2)=0
|.ic v(pro3)=0
|.ic v(pro4)=0
|
|.save v(pro1) v(pro2) v(pro3) v(pro4) v(xarr.vsubs)
|.save i(Vddrp1) i(Vddrp2) i(Vddrp3) i(Vddrp4) i(Vddp)
|
|.tran 5p 800n uic
|
|.control
|run
|
|meas tran pt1a when v(pro1)=0.5*1.8 rise=3
|meas tran pt1b when v(pro1)=0.5*1.8 rise=13
|let p_tr1 = (pt1b - pt1a)/10
|meas tran pt2a when v(pro2)=0.5*1.8 rise=3
|meas tran pt2b when v(pro2)=0.5*1.8 rise=13
|let p_tr2 = (pt2b - pt2a)/10
|meas tran pt3a when v(pro3)=0.5*1.8 rise=3
|meas tran pt3b when v(pro3)=0.5*1.8 rise=13
|let p_tr3 = (pt3b - pt3a)/10
|meas tran pt4a when v(pro4)=0.5*1.8 rise=3
|meas tran pt4b when v(pro4)=0.5*1.8 rise=13
|let p_tr4 = (pt4b - pt4a)/10
|let p_skew_span = p_tr1/p_tr4
|
|meas tran vsub_max MAX v(xarr.vsubs) from=100n to=800n
|meas tran vsub_min MIN v(xarr.vsubs) from=100n to=800n
|let vsub_swing_frac = (vsub_max - vsub_min) / 1.8
|
|print p_tr1
|print p_tr2
|print p_tr3
|print p_tr4
|print p_skew_span
|print vsub_swing_frac
|.endc
|.end
|

----- stdout -----

Note: Compatibility modes selected: hs a


Circuit: * post-layout ro_array_core (whole array, real inter-ring wiring) with the

option SCALE: Scale is set to 1e-06 for instance and model parameters
option SCALE: Scale is set to 1e-06 for instance and model parameters
option SCALE: Scale is set to 1e-06 for instance and model parameters
option SCALE: Scale is set to 1e-06 for instance and model parameters
option SCALE: Scale is set to 1e-06 for instance and model parameters
Doing analysis at TEMP = 27.000000 and TNOM = 27.000000

Using SPARSE 1.3 as Direct Linear Solver
Operating point simulation skipped by 'uic',
  now using transient initial conditions.
 Reference value :  5.00000e-14
 Reference value :  1.39714e-09
 Reference value :  2.88714e-09
 Reference value :  4.38214e-09
 Reference value :  5.81750e-09
 Reference value :  7.33750e-09
 Reference value :  8.93750e-09
 Reference value :  1.04225e-08
 Reference value :  1.18625e-08
 Reference value :  1.33275e-08
 Reference value :  1.49375e-08
 Reference value :  1.63475e-08
 Reference value :  1.76975e-08
 Reference value :  1.90825e-08
 Reference value :  2.05225e-08
 Reference value :  2.19075e-08
 Reference value :  2.32875e-08
 Reference value :  2.46725e-08
 Reference value :  2.60175e-08
 Reference value :  2.74125e-08
 Reference value :  2.87575e-08
 Reference value :  3.02325e-08
 Reference value :  3.17025e-08
 Reference value :  3.30475e-08
 Reference value :  3.44675e-08
 Reference value :  3.58225e-08
 Reference value :  3.72075e-08
 Reference value :  3.85975e-08
 Reference value :  3.99025e-08
 Reference value :  4.13475e-08
 Reference value :  4.26825e-08
 Reference value :  4.40525e-08
 Reference value :  4.52675e-08
 Reference value :  4.67075e-08
 Reference value :  4.81425e-08
 Reference value :  4.95025e-08
 Reference value :  5.08825e-08
 Reference value :  5.24075e-08
 Reference value :  5.38575e-08
 Reference value :  5.52025e-08
 Reference value :  5.65825e-08
 Reference value :  5.80175e-08
 Reference value :  5.93875e-08
 Reference value :  6.07575e-08
 Reference value :  6.21375e-08
 Reference value :  6.36225e-08
 Reference value :  6.49625e-08
 Reference value :  6.64225e-08
 Reference value :  6.78275e-08
 Reference value :  6.92625e-08
 Reference value :  7.06025e-08
 Reference value :  7.20075e-08
 Reference value :  7.33925e-08
 Reference value :  7.48525e-08
 Reference value :  7.61825e-08
 Reference value :  7.75375e-08
 Reference value :  7.89775e-08
 Reference value :  8.03975e-08
 Reference value :  8.17125e-08
 Reference value :  8.30775e-08
 Reference value :  8.45425e-08
 Reference value :  8.59925e-08
 Reference value :  8.72875e-08
 Reference value :  8.86475e-08
 Reference value :  8.99675e-08
 Reference value :  9.13325e-08
 Reference value :  9.27075e-08
 Reference value :  9.41125e-08
 Reference value :  9.54675e-08
 Reference value :  9.68925e-08
 Reference value :  9.82425e-08
 Reference value :  9.96275e-08
 Reference value :  1.00918e-07
 Reference value :  1.02348e-07
 Reference value :  1.03713e-07
 Reference value :  1.05058e-07
 Reference value :  1.06468e-07
 Reference value :  1.07823e-07
 Reference value :  1.09198e-07
 Reference value :  1.10588e-07
 Reference value :  1.12008e-07
 Reference value :  1.13438e-07
 Reference value :  1.14798e-07
 Reference value :  1.16228e-07
 Reference value :  1.17643e-07
 Reference value :  1.19253e-07
 Reference value :  1.20618e-07
 Reference value :  1.21948e-07
 Reference value :  1.23283e-07
 Reference value :  1.24633e-07
 Reference value :  1.25953e-07
 Reference value :  1.27418e-07
 Reference value :  1.28993e-07
 Reference value :  1.30403e-07
 Reference value :  1.31813e-07
 Reference value :  1.33343e-07
 Reference value :  1.34733e-07
 Reference value :  1.36153e-07
 Reference value :  1.37558e-07
 Reference value :  1.39013e-07
 Reference value :  1.40713e-07
 Reference value :  1.42208e-07
 Reference value :  1.43658e-07
 Reference value :  1.45063e-07
 Reference value :  1.46438e-07
 Reference value :  1.47813e-07
 Reference value :  1.49263e-07
 Reference value :  1.50613e-07
 Reference value :  1.51988e-07
 Reference value :  1.53423e-07
 Reference value :  1.54863e-07
 Reference value :  1.56278e-07
 Reference value :  1.57693e-07
 Reference value :  1.59103e-07
 Reference value :  1.60468e-07
 Reference value :  1.61903e-07
 Reference value :  1.63268e-07
 Reference value :  1.64513e-07
 Reference value :  1.65878e-07
 Reference value :  1.67323e-07
 Reference value :  1.68868e-07
 Reference value :  1.70178e-07
 Reference value :  1.71518e-07
 Reference value :  1.72873e-07
 Reference value :  1.74248e-07
 Reference value :  1.75628e-07
 Reference value :  1.76958e-07
 Reference value :  1.78283e-07
 Reference value :  1.79613e-07
 Reference value :  1.80993e-07
 Reference value :  1.82308e-07
 Reference value :  1.83673e-07
 Reference value :  1.85023e-07
 Reference value :  1.86283e-07
 Reference value :  1.87658e-07
 Reference value :  1.89063e-07
 Reference value :  1.90423e-07
 Reference value :  1.91773e-07
 Reference value :  1.93078e-07
 Reference value :  1.94373e-07
 Reference value :  1.95773e-07
 Reference value :  1.97213e-07
 Reference value :  1.98508e-07
 Reference value :  1.99913e-07
 Reference value :  2.01318e-07
 Reference value :  2.02693e-07
 Reference value :  2.04013e-07
 Reference value :  2.05398e-07
 Reference value :  2.06768e-07
 Reference value :  2.08148e-07
 Reference value :  2.09448e-07
 Reference value :  2.10708e-07
 Reference value :  2.12063e-07
 Reference value :  2.13428e-07
 Reference value :  2.14863e-07
 Reference value :  2.16203e-07
 Reference value :  2.17598e-07
 Reference value :  2.18938e-07
 Reference value :  2.20293e-07
 Reference value :  2.21658e-07
 Reference value :  2.23103e-07
 Reference value :  2.24498e-07
 Reference value :  2.25743e-07
 Reference value :  2.27143e-07
 Reference value :  2.28588e-07
 Reference value :  2.29978e-07
 Reference value :  2.31298e-07
 Reference value :  2.32713e-07
 Reference value :  2.34153e-07
 Reference value :  2.35563e-07
 Reference value :  2.36878e-07
 Reference value :  2.38303e-07
 Reference value :  2.39668e-07
 Reference value :  2.40998e-07
 Reference value :  2.42338e-07
 Reference value :  2.43663e-07
 Reference value :  2.45038e-07
 Reference value :  2.46358e-07
 Reference value :  2.47808e-07
 Reference value :  2.49163e-07
 Reference value :  2.50603e-07
 Reference value :  2.51978e-07
 Reference value :  2.53318e-07
 Reference value :  2.54818e-07
 Reference value :  2.56223e-07
 Reference value :  2.57623e-07
 Reference value :  2.58948e-07
 Reference value :  2.60328e-07
 Reference value :  2.61738e-07
 Reference value :  2.63173e-07
 Reference value :  2.64528e-07
 Reference value :  2.65953e-07
 Reference value :  2.67373e-07
 Reference value :  2.68688e-07
 Reference value :  2.70078e-07
 Reference value :  2.71553e-07
 Reference value :  2.73028e-07
 Reference value :  2.74508e-07
 Reference value :  2.75953e-07
 Reference value :  2.77458e-07
 Reference value :  2.78868e-07
 Reference value :  2.80298e-07
 Reference value :  2.81963e-07
 Reference value :  2.83363e-07
 Reference value :  2.84833e-07
 Reference value :  2.86297e-07
 Reference value :  2.87822e-07
 Reference value :  2.89157e-07
 Reference value :  2.90617e-07
 Reference value :  2.92092e-07
 Reference value :  2.93722e-07
 Reference value :  2.95217e-07
 Reference value :  2.96602e-07
 Reference value :  2.98087e-07
 Reference value :  2.99582e-07
 Reference value :  3.00977e-07
 Reference value :  3.02402e-07
 Reference value :  3.03797e-07
 Reference value :  3.05372e-07
 Reference value :  3.06792e-07
 Reference value :  3.08247e-07
 Reference value :  3.09722e-07
 Reference value :  3.11112e-07
 Reference value :  3.12552e-07
 Reference value :  3.13927e-07
 Reference value :  3.15377e-07
 Reference value :  3.16887e-07
 Reference value :  3.18302e-07
 Reference value :  3.19722e-07
 Reference value :  3.21157e-07
 Reference value :  3.22482e-07
 Reference value :  3.23822e-07
 Reference value :  3.25192e-07
 Reference value :  3.26632e-07
 Reference value :  3.28107e-07
 Reference value :  3.29517e-07
 Reference value :  3.30982e-07
 Reference value :  3.32212e-07
 Reference value :  3.33692e-07
 Reference value :  3.35197e-07
 Reference value :  3.36657e-07
 Reference value :  3.38167e-07
 Reference value :  3.39712e-07
 Reference value :  3.41177e-07
 Reference value :  3.42532e-07
 Reference value :  3.44037e-07
 Reference value :  3.45582e-07
 Reference value :  3.46992e-07
 Reference value :  3.48477e-07
 Reference value :  3.49927e-07
 Reference value :  3.51502e-07
 Reference value :  3.53042e-07
 Reference value :  3.54497e-07
 Reference value :  3.56047e-07
 Reference value :  3.57727e-07
 Reference value :  3.59262e-07
 Reference value :  3.60762e-07
 Reference value :  3.62582e-07
 Reference value :  3.64232e-07
 Reference value :  3.65837e-07
 Reference value :  3.67427e-07
 Reference value :  3.69002e-07
 Reference value :  3.70412e-07
 Reference value :  3.71897e-07
 Reference value :  3.73542e-07
 Reference value :  3.74932e-07
 Reference value :  3.76327e-07
 Reference value :  3.77817e-07
 Reference value :  3.79292e-07
 Reference value :  3.80642e-07
 Reference value :  3.82097e-07
 Reference value :  3.83607e-07
 Reference value :  3.85017e-07
 Reference value :  3.86542e-07
 Reference value :  3.88142e-07
 Reference value :  3.89592e-07
 Reference value :  3.91052e-07
 Reference value :  3.92587e-07
 Reference value :  3.94182e-07
 Reference value :  3.95717e-07
 Reference value :  3.97092e-07
 Reference value :  3.98572e-07
 Reference value :  4.00002e-07
 Reference value :  4.01417e-07
 Reference value :  4.02887e-07
 Reference value :  4.04342e-07
 Reference value :  4.05812e-07
 Reference value :  4.07142e-07
 Reference value :  4.08587e-07
 Reference value :  4.10087e-07
 Reference value :  4.11602e-07
 Reference value :  4.13027e-07
 Reference value :  4.14492e-07
 Reference value :  4.15977e-07
 Reference value :  4.17387e-07
 Reference value :  4.18757e-07
 Reference value :  4.20257e-07
 Reference value :  4.21742e-07
 Reference value :  4.23182e-07
 Reference value :  4.24552e-07
 Reference value :  4.25987e-07
 Reference value :  4.27302e-07
 Reference value :  4.28627e-07
 Reference value :  4.30012e-07
 Reference value :  4.31462e-07
 Reference value :  4.32847e-07
 Reference value :  4.34177e-07
 Reference value :  4.35517e-07
 Reference value :  4.36957e-07
 Reference value :  4.38317e-07
 Reference value :  4.39707e-07
 Reference value :  4.41162e-07
 Reference value :  4.42667e-07
 Reference value :  4.44037e-07
 Reference value :  4.45412e-07
 Reference value :  4.46742e-07
 Reference value :  4.48192e-07
 Reference value :  4.49607e-07
 Reference value :  4.51052e-07
 Reference value :  4.52502e-07
 Reference value :  4.53952e-07
 Reference value :  4.55497e-07
 Reference value :  4.56927e-07
 Reference value :  4.58337e-07
 Reference value :  4.59777e-07
 Reference value :  4.61187e-07
 Reference value :  4.62582e-07
 Reference value :  4.63982e-07
 Reference value :  4.65387e-07
 Reference value :  4.66637e-07
 Reference value :  4.68042e-07
 Reference value :  4.69462e-07
 Reference value :  4.70862e-07
 Reference value :  4.72262e-07
 Reference value :  4.73652e-07
 Reference value :  4.74967e-07
 Reference value :  4.76507e-07
 Reference value :  4.77937e-07
 Reference value :  4.79457e-07
 Reference value :  4.80782e-07
 Reference value :  4.82222e-07
 Reference value :  4.83682e-07
 Reference value :  4.85127e-07
 Reference value :  4.86562e-07
 Reference value :  4.88097e-07
 Reference value :  4.89557e-07
 Reference value :  4.90897e-07
 Reference value :  4.92332e-07
 Reference value :  4.93697e-07
 Reference value :  4.95182e-07
 Reference value :  4.96597e-07
 Reference value :  4.98077e-07
 Reference value :  4.99527e-07
 Reference value :  5.00972e-07
 Reference value :  5.02382e-07
 Reference value :  5.03797e-07
 Reference value :  5.05282e-07
 Reference value :  5.06707e-07
 Reference value :  5.08117e-07
 Reference value :  5.09597e-07
 Reference value :  5.11082e-07
 Reference value :  5.12487e-07
 Reference value :  5.13792e-07
 Reference value :  5.15252e-07
 Reference value :  5.16662e-07
 Reference value :  5.18102e-07
 Reference value :  5.19472e-07
 Reference value :  5.20912e-07
 Reference value :  5.22557e-07
 Reference value :  5.23987e-07
 Reference value :  5.25437e-07
 Reference value :  5.26857e-07
 Reference value :  5.28262e-07
 Reference value :  5.29697e-07
 Reference value :  5.31097e-07
 Reference value :  5.32602e-07
 Reference value :  5.34092e-07
 Reference value :  5.35507e-07
 Reference value :  5.37012e-07
 Reference value :  5.38547e-07
 Reference value :  5.40022e-07
 Reference value :  5.41457e-07
 Reference value :  5.42937e-07
 Reference value :  5.44462e-07
 Reference value :  5.45917e-07
 Reference value :  5.47432e-07
 Reference value :  5.48962e-07
 Reference value :  5.50427e-07
 Reference value :  5.51842e-07
 Reference value :  5.53352e-07
 Reference value :  5.54832e-07
 Reference value :  5.56422e-07
 Reference value :  5.57782e-07
 Reference value :  5.59292e-07
 Reference value :  5.60637e-07
 Reference value :  5.62107e-07
 Reference value :  5.63562e-07
 Reference value :  5.65077e-07
 Reference value :  5.66462e-07
 Reference value :  5.67962e-07
 Reference value :  5.69462e-07
 Reference value :  5.70812e-07
 Reference value :  5.72247e-07
 Reference value :  5.73677e-07
 Reference value :  5.75157e-07
 Reference value :  5.76592e-07
 Reference value :  5.78037e-07
 Reference value :  5.79537e-07
 Reference value :  5.81022e-07
 Reference value :  5.82472e-07
 Reference value :  5.83922e-07
 Reference value :  5.85417e-07
 Reference value :  5.86887e-07
 Reference value :  5.88372e-07
 Reference value :  5.89822e-07
 Reference value :  5.91347e-07
 Reference value :  5.92742e-07
 Reference value :  5.94197e-07
 Reference value :  5.95577e-07
 Reference value :  5.96982e-07
 Reference value :  5.98382e-07
 Reference value :  5.99777e-07
 Reference value :  6.01248e-07
 Reference value :  6.02703e-07
 Reference value :  6.03998e-07
 Reference value :  6.05303e-07
 Reference value :  6.06778e-07
 Reference value :  6.08218e-07
 Reference value :  6.09733e-07
 Reference value :  6.11193e-07
 Reference value :  6.12643e-07
 Reference value :  6.14183e-07
 Reference value :  6.15643e-07
 Reference value :  6.17078e-07
 Reference value :  6.18548e-07
 Reference value :  6.19963e-07
 Reference value :  6.21393e-07
 Reference value :  6.22818e-07
 Reference value :  6.24223e-07
 Reference value :  6.25783e-07
 Reference value :  6.27238e-07
 Reference value :  6.28693e-07
 Reference value :  6.30128e-07
 Reference value :  6.31588e-07
 Reference value :  6.33008e-07
 Reference value :  6.34358e-07
 Reference value :  6.35733e-07
 Reference value :  6.37108e-07
 Reference value :  6.38633e-07
 Reference value :  6.40093e-07
 Reference value :  6.41653e-07
 Reference value :  6.43223e-07
 Reference value :  6.44723e-07
 Reference value :  6.46113e-07
 Reference value :  6.47523e-07
 Reference value :  6.49083e-07
 Reference value :  6.50528e-07
 Reference value :  6.51908e-07
 Reference value :  6.53438e-07
 Reference value :  6.54933e-07
 Reference value :  6.56333e-07
 Reference value :  6.57768e-07
 Reference value :  6.59188e-07
 Reference value :  6.60733e-07
 Reference value :  6.62078e-07
 Reference value :  6.63443e-07
 Reference value :  6.64763e-07
 Reference value :  6.66198e-07
 Reference value :  6.67658e-07
 Reference value :  6.69013e-07
 Reference value :  6.70448e-07
 Reference value :  6.71888e-07
 Reference value :  6.73253e-07
 Reference value :  6.74658e-07
 Reference value :  6.76063e-07
 Reference value :  6.77538e-07
 Reference value :  6.78968e-07
 Reference value :  6.80408e-07
 Reference value :  6.81848e-07
 Reference value :  6.83393e-07
 Reference value :  6.84873e-07
 Reference value :  6.86368e-07
 Reference value :  6.87878e-07
 Reference value :  6.89328e-07
 Reference value :  6.90833e-07
 Reference value :  6.92348e-07
 Reference value :  6.93803e-07
 Reference value :  6.95278e-07
 Reference value :  6.96748e-07
 Reference value :  6.98248e-07
 Reference value :  6.99613e-07
 Reference value :  7.01133e-07
 Reference value :  7.02618e-07
 Reference value :  7.04048e-07
 Reference value :  7.05568e-07
 Reference value :  7.07068e-07
 Reference value :  7.08563e-07
 Reference value :  7.09998e-07
 Reference value :  7.11383e-07
 Reference value :  7.12823e-07
 Reference value :  7.14443e-07
 Reference value :  7.15893e-07
 Reference value :  7.17328e-07
 Reference value :  7.18778e-07
 Reference value :  7.20193e-07
 Reference value :  7.21673e-07
 Reference value :  7.23118e-07
 Reference value :  7.24513e-07
 Reference value :  7.25943e-07
 Reference value :  7.27403e-07
 Reference value :  7.28998e-07
 Reference value :  7.30458e-07
 Reference value :  7.31883e-07
 Reference value :  7.33243e-07
 Reference value :  7.34583e-07
 Reference value :  7.35988e-07
 Reference value :  7.37248e-07
 Reference value :  7.38573e-07
 Reference value :  7.40108e-07
 Reference value :  7.41558e-07
 Reference value :  7.43163e-07
 Reference value :  7.44543e-07
 Reference value :  7.45963e-07
 Reference value :  7.47418e-07
 Reference value :  7.48803e-07
 Reference value :  7.50248e-07
 Reference value :  7.51733e-07
 Reference value :  7.53093e-07
 Reference value :  7.54588e-07
 Reference value :  7.56093e-07
 Reference value :  7.57508e-07
 Reference value :  7.58938e-07
 Reference value :  7.60343e-07
 Reference value :  7.61848e-07
 Reference value :  7.63283e-07
 Reference value :  7.64748e-07
 Reference value :  7.66213e-07
 Reference value :  7.67603e-07
 Reference value :  7.69113e-07
 Reference value :  7.70523e-07
 Reference value :  7.72033e-07
 Reference value :  7.73408e-07
 Reference value :  7.74903e-07
 Reference value :  7.76353e-07
 Reference value :  7.77803e-07
 Reference value :  7.79218e-07
 Reference value :  7.80533e-07
 Reference value :  7.82003e-07
 Reference value :  7.83468e-07
 Reference value :  7.84803e-07
 Reference value :  7.86238e-07
 Reference value :  7.87703e-07
 Reference value :  7.89063e-07
 Reference value :  7.90403e-07
 Reference value :  7.91833e-07
 Reference value :  7.93288e-07
 Reference value :  7.94663e-07
 Reference value :  7.96068e-07
 Reference value :  7.97613e-07
 Reference value :  7.99083e-07
No. of Data Rows : 160024
pt1a                =  1.89780e-08
pt1b                =  7.44245e-08
pt2a                =  1.82857e-08
pt2b                =  7.17227e-08
pt3a                =  1.78534e-08
pt3b                =  6.92457e-08
pt4a                =  1.73628e-08
pt4b                =  6.65019e-08
 meas tran vsub_max max v(xarr.vsubs) from=100n to=800n failed!

 meas tran vsub_min min v(xarr.vsubs) from=100n to=800n failed!

p_tr1 = 5.544643e-09
p_tr2 = 5.343703e-09
p_tr3 = 5.139236e-09
p_tr4 = 4.913915e-09
p_skew_span = 1.128355e+00
Note: Simulation executed from .control section 

----- stderr -----

Checking parameters for BSIM 4.5 model xarr.xpex.xn132:pshort_model.43
Warning: Eta0 = -0.000373202 is negative.

Checking parameters for BSIM 4.5 model xarr.xpex.xn131:pshort_model.43
Warning: Eta0 = -0.000373202 is negative.

Checking parameters for BSIM 4.5 model xarr.xpex.xn130:pshort_model.43
Warning: Eta0 = -0.000373202 is negative.

Checking parameters for BSIM 4.5 model xarr.xpex.xn129:pshort_model.43
Warning: Eta0 = -0.000373202 is negative.

Checking parameters for BSIM 4.5 model xarr.xpex.xn128:pshort_model.43
Warning: Eta0 = -0.000373202 is negative.

Checking parameters for BSIM 4.5 model xarr.xpex.xn127:pshort_model.43
Warning: Eta0 = -0.000373202 is negative.

Checking parameters for BSIM 4.5 model xarr.xpex.xn126:pshort_model.43
Warning: Eta0 = -0.000373202 is negative.

Checking parameters for BSIM 4.5 model xarr.xpex.xn125:pshort_model.43
Warning: Eta0 = -0.000373202 is negative.

Checking parameters for BSIM 4.5 model xarr.xpex.xn124:pshort_model.43
Warning: Eta0 = -0.000373202 is negative.

Checking parameters for BSIM 4.5 model xarr.xpex.xn123:pshort_model.43
Warning: Eta0 = -0.000373202 is negative.

Checking parameters for BSIM 4.5 model xarr.xpex.xn122:pshort_model.43
Warning: Eta0 = -0.000373202 is negative.

Checking parameters for BSIM 4.5 model xarr.xpex.xn121:pshort_model.43
Warning: Eta0 = -0.000373202 is negative.

Checking parameters for BSIM 4.5 model xarr.xpex.xn120:pshort_model.40
Warning: A2 = 1.0885 is larger than 1. A2 is set to 1 and A1 is set to 0.
Warning: Pdibl1 = -0.00669442 is negative.

Checking parameters for BSIM 4.5 model xarr.xpex.xn119:pshort_model.43
Warning: Eta0 = -0.000373202 is negative.

Checking parameters for BSIM 4.5 model xarr.xpex.xn118:pshort_model.32
Warning: A2 = 1.14662 is larger than 1. A2 is set to 1 and A1 is set to 0.
Warning: Pdibl1 = -0.0493749 is negative.
Warning: Pdibl2 = -0.000925472 is negative.

Checking parameters for BSIM 4.5 model xarr.xpex.xn117:pshort_model.32
Warning: A2 = 1.14662 is larger than 1. A2 is set to 1 and A1 is set to 0.
Warning: Pdibl1 = -0.0493749 is negative.
Warning: Pdibl2 = -0.000925472 is negative.

Checking parameters for BSIM 4.5 model xarr.xpex.xn116:pshort_model.43
Warning: Eta0 = -0.000373202 is negative.

Checking parameters for BSIM 4.5 model xarr.xpex.xn115:pshort_model.32
Warning: A2 = 1.14662 is larger than 1. A2 is set to 1 and A1 is set to 0.
Warning: Pdibl1 = -0.0493749 is negative.
Warning: Pdibl2 = -0.000925472 is negative.

Checking parameters for BSIM 4.5 model xarr.xpex.xn114:pshort_model.32
Warning: A2 = 1.14662 is larger than 1. A2 is set to 1 and A1 is set to 0.
Warning: Pdibl1 = -0.0493749 is negative.
Warning: Pdibl2 = -0.000925472 is negative.

Checking parameters for BSIM 4.5 model xarr.xpex.xn113:pshort_model.40
Warning: A2 = 1.0885 is larger than 1. A2 is set to 1 and A1 is set to 0.
Warning: Pdibl1 = -0.00669442 is negative.

Checking parameters for BSIM 4.5 model xarr.xpex.xn112:pshort_model.43
Warning: Eta0 = -0.000373202 is negative.

Checking parameters for BSIM 4.5 model xarr.xpex.xn111:pshort_model.40
Warning: A2 = 1.0885 is larger than 1. A2 is set to 1 and A1 is set to 0.
Warning: Pdibl1 = -0.00669442 is negative.

Checking parameters for BSIM 4.5 model xarr.xpex.xn110:pshort_model.32
Warning: A2 = 1.14662 is larger than 1. A2 is set to 1 and A1 is set to 0.
Warning: Pdibl1 = -0.0493749 is negative.
Warning: Pdibl2 = -0.000925472 is negative.

Checking parameters for BSIM 4.5 model xarr.xpex.xn109:pshort_model.32
Warning: A2 = 1.14662 is larger than 1. A2 is set to 1 and A1 is set to 0.
Warning: Pdibl1 = -0.0493749 is negative.
Warning: Pdibl2 = -0.000925472 is negative.

Checking parameters for BSIM 4.5 model xarr.xpex.xn108:pshort_model.43
Warning: Eta0 = -0.000373202 is negative.

Checking parameters for BSIM 4.5 model xarr.xpex.xn107:pshort_model.32
Warning: A2 = 1.14662 is larger than 1. A2 is set to 1 and A1 is set to 0.
Warning: Pdibl1 = -0.0493749 is negative.
Warning: Pdibl2 = -0.000925472 is negative.

Checking parameters for BSIM 4.5 model xarr.xpex.xn106:pshort_model.32
Warning: A2 = 1.14662 is larger than 1. A2 is set to 1 and A1 is set to 0.
Warning: Pdibl1 = -0.0493749 is negative.
Warning: Pdibl2 = -0.000925472 is negative.

Checking parameters for BSIM 4.5 model xarr.xpex.xn105:pshort_model.40
Warning: A2 = 1.0885 is larger than 1. A2 is set to 1 and A1 is set to 0.
Warning: Pdibl1 = -0.00669442 is negative.

Checking parameters for BSIM 4.5 model xarr.xpex.xn104:pshort_model.43
Warning: Eta0 = -0.000373202 is negative.

Checking parameters for BSIM 4.5 model xarr.xpex.xn103:pshort_model.40
Warning: A2 = 1.0885 is larger than 1. A2 is set to 1 and A1 is set to 0.
Warning: Pdibl1 = -0.00669442 is negative.

Checking parameters for BSIM 4.5 model xarr.xpex.xn102:pshort_model.43
Warning: Eta0 = -0.000373202 is negative.

Checking parameters for BSIM 4.5 model xarr.xpex.xn101:pshort_model.32
Warning: A2 = 1.14662 is larger than 1. A2 is set to 1 and A1 is set to 0.
Warning: Pdibl1 = -0.0493749 is negative.
Warning: Pdibl2 = -0.000925472 is negative.

Checking parameters for BSIM 4.5 model xarr.xpex.xn100:pshort_model.32
Warning: A2 = 1.14662 is larger than 1. A2 is set to 1 and A1 is set to 0.
Warning: Pdibl1 = -0.0493749 is negative.
Warning: Pdibl2 = -0.000925472 is negative.

Checking parameters for BSIM 4.5 model xarr.xpex.xn99:pshort_model.43
Warning: Eta0 = -0.000373202 is negative.

Checking parameters for BSIM 4.5 model xarr.xpex.xn98:pshort_model.32
Warning: A2 = 1.14662 is larger than 1. A2 is set to 1 and A1 is set to 0.
Warning: Pdibl1 = -0.0493749 is negative.
Warning: Pdibl2 = -0.000925472 is negative.

Checking parameters for BSIM 4.5 model xarr.xpex.xn97:pshort_model.32
Warning: A2 = 1.14662 is larger than 1. A2 is set to 1 and A1 is set to 0.
Warning: Pdibl1 = -0.0493749 is negative.
Warning: Pdibl2 = -0.000925472 is negative.

Checking parameters for BSIM 4.5 model xarr.xpex.xn96:pshort_model.40
Warning: A2 = 1.0885 is larger than 1. A2 is set to 1 and A1 is set to 0.
Warning: Pdibl1 = -0.00669442 is negative.

Checking parameters for BSIM 4.5 model xarr.xpex.xn95:pshort_model.43
Warning: Eta0 = -0.000373202 is negative.

Checking parameters for BSIM 4.5 model xarr.xpex.xn94:pshort_model.40
Warning: A2 = 1.0885 is larger than 1. A2 is set to 1 and A1 is set to 0.
Warning: Pdibl1 = -0.00669442 is negative.

Checking parameters for BSIM 4.5 model xarr.xpex.xn93:pshort_model.40
Warning: A2 = 1.0885 is larger than 1. A2 is set to 1 and A1 is set to 0.
Warning: Pdibl1 = -0.00669442 is negative.

Checking parameters for BSIM 4.5 model xarr.xpex.xn92:pshort_model.40
Warning: A2 = 1.0885 is larger than 1. A2 is set to 1 and A1 is set to 0.
Warning: Pdibl1 = -0.00669442 is negative.

Checking parameters for BSIM 4.5 model xarr.xpex.xn91:pshort_model.40
Warning: A2 = 1.0885 is larger than 1. A2 is set to 1 and A1 is set to 0.
Warning: Pdibl1 = -0.00669442 is negative.

Checking parameters for BSIM 4.5 model xarr.xpex.xn90:pshort_model.40
Warning: A2 = 1.0885 is larger than 1. A2 is set to 1 and A1 is set to 0.
Warning: Pdibl1 = -0.00669442 is negative.

Checking parameters for BSIM 4.5 model xarr.xpex.xn89:pshort_model.40
Warning: A2 = 1.0885 is larger than 1. A2 is set to 1 and A1 is set to 0.
Warning: Pdibl1 = -0.00669442 is negative.

Checking parameters for BSIM 4.5 model xarr.xpex.xn88:pshort_model.40
Warning: A2 = 1.0885 is larger than 1. A2 is set to 1 and A1 is set to 0.
Warning: Pdibl1 = -0.00669442 is negative.

Checking parameters for BSIM 4.5 model xarr.xpex.xn87:pshort_model.40
Warning: A2 = 1.0885 is larger than 1. A2 is set to 1 and A1 is set to 0.
Warning: Pdibl1 = -0.00669442 is negative.

Checking parameters for BSIM 4.5 model xarr.xpex.xn86:pshort_model.40
Warning: A2 = 1.0885 is larger than 1. A2 is set to 1 and A1 is set to 0.
Warning: Pdibl1 = -0.00669442 is negative.

Checking parameters for BSIM 4.5 model xarr.xpex.xn85:pshort_model.40
Warning: A2 = 1.0885 is larger than 1. A2 is set to 1 and A1 is set to 0.
Warning: Pdibl1 = -0.00669442 is negative.

Checking parameters for BSIM 4.5 model xarr.xpex.xn84:pshort_model.40
Warning: A2 = 1.0885 is larger than 1. A2 is set to 1 and A1 is set to 0.
Warning: Pdibl1 = -0.00669442 is negative.

Checking parameters for BSIM 4.5 model xarr.xpex.xn83:pshort_model.40
Warning: A2 = 1.0885 is larger than 1. A2 is set to 1 and A1 is set to 0.
Warning: Pdibl1 = -0.00669442 is negative.

Checking parameters for BSIM 4.5 model xarr.xpex.xn82:pshort_model.40
Warning: A2 = 1.0885 is larger than 1. A2 is set to 1 and A1 is set to 0.
Warning: Pdibl1 = -0.00669442 is negative.

Checking parameters for BSIM 4.5 model xarr.xpex.xn81:pshort_model.40
Warning: A2 = 1.0885 is larger than 1. A2 is set to 1 and A1 is set to 0.
Warning: Pdibl1 = -0.00669442 is negative.

Checking parameters for BSIM 4.5 model xarr.xpex.xn80:pshort_model.40
Warning: A2 = 1.0885 is larger than 1. A2 is set to 1 and A1 is set to 0.
Warning: Pdibl1 = -0.00669442 is negative.

Checking parameters for BSIM 4.5 model xarr.xpex.xn79:pshort_model.40
Warning: A2 = 1.0885 is larger than 1. A2 is set to 1 and A1 is set to 0.
Warning: Pdibl1 = -0.00669442 is negative.

Checking parameters for BSIM 4.5 model xarr.xpex.xn78:pshort_model.40
Warning: A2 = 1.0885 is larger than 1. A2 is set to 1 and A1 is set to 0.
Warning: Pdibl1 = -0.00669442 is negative.

Checking parameters for BSIM 4.5 model xarr.xpex.xn77:pshort_model.40
Warning: A2 = 1.0885 is larger than 1. A2 is set to 1 and A1 is set to 0.
Warning: Pdibl1 = -0.00669442 is negative.

Checking parameters for BSIM 4.5 model xarr.xpex.xn76:pshort_model.40
Warning: A2 = 1.0885 is larger than 1. A2 is set to 1 and A1 is set to 0.
Warning: Pdibl1 = -0.00669442 is negative.

Checking parameters for BSIM 4.5 model xarr.xpex.xn75:pshort_model.40
Warning: A2 = 1.0885 is larger than 1. A2 is set to 1 and A1 is set to 0.
Warning: Pdibl1 = -0.00669442 is negative.

Checking parameters for BSIM 4.5 model xarr.xpex.xn74:pshort_model.40
Warning: A2 = 1.0885 is larger than 1. A2 is set to 1 and A1 is set to 0.
Warning: Pdibl1 = -0.00669442 is negative.

Checking parameters for BSIM 4.5 model xarr.xpex.xn73:pshort_model.40
Warning: A2 = 1.0885 is larger than 1. A2 is set to 1 and A1 is set to 0.
Warning: Pdibl1 = -0.00669442 is negative.

Checking parameters for BSIM 4.5 model xarr.xpex.xn72:pshort_model.40
Warning: A2 = 1.0885 is larger than 1. A2 is set to 1 and A1 is set to 0.
Warning: Pdibl1 = -0.00669442 is negative.

Checking parameters for BSIM 4.5 model xarr.xpex.xn71:pshort_model.40
Warning: A2 = 1.0885 is larger than 1. A2 is set to 1 and A1 is set to 0.
Warning: Pdibl1 = -0.00669442 is negative.

Checking parameters for BSIM 4.5 model xarr.xpex.xn70:pshort_model.40
Warning: A2 = 1.0885 is larger than 1. A2 is set to 1 and A1 is set to 0.
Warning: Pdibl1 = -0.00669442 is negative.

Checking parameters for BSIM 4.5 model xarr.xpex.xn69:pshort_model.40
Warning: A2 = 1.0885 is larger than 1. A2 is set to 1 and A1 is set to 0.
Warning: Pdibl1 = -0.00669442 is negative.

Checking parameters for BSIM 4.5 model xarr.xpex.xn68:pshort_model.40
Warning: A2 = 1.0885 is larger than 1. A2 is set to 1 and A1 is set to 0.
Warning: Pdibl1 = -0.00669442 is negative.

Checking parameters for BSIM 4.5 model xarr.xpex.xn67:pshort_model.40
Warning: A2 = 1.0885 is larger than 1. A2 is set to 1 and A1 is set to 0.
Warning: Pdibl1 = -0.00669442 is negative.

Checking parameters for BSIM 4.5 model xarr.xpex.xn66:nshort_model.48
Warning: Eta0 = -0.0261666 is negative.

Checking parameters for BSIM 4.5 model xarr.xpex.xn65:nshort_model.40
Warning: Eta0 = -0.00908636 is negative.

Checking parameters for BSIM 4.5 model xarr.xpex.xn64:nshort_model.40
Warning: Eta0 = -0.00908636 is negative.

Checking parameters for BSIM 4.5 model xarr.xpex.xn63:nshort_model.40
Warning: Eta0 = -0.00908636 is negative.

Checking parameters for BSIM 4.5 model xarr.xpex.xn62:nshort_model.40
Warning: Eta0 = -0.00908636 is negative.

Checking parameters for BSIM 4.5 model xarr.xpex.xn61:nshort_model.48
Warning: Eta0 = -0.0261666 is negative.

Checking parameters for BSIM 4.5 model xarr.xpex.xn60:nshort_model.48
Warning: Eta0 = -0.0261666 is negative.

Checking parameters for BSIM 4.5 model xarr.xpex.xn59:nshort_model.40
Warning: Eta0 = -0.00908636 is negative.

Checking parameters for BSIM 4.5 model xarr.xpex.xn58:nshort_model.40
Warning: Eta0 = -0.00908636 is negative.

Checking parameters for BSIM 4.5 model xarr.xpex.xn57:nshort_model.40
Warning: Eta0 = -0.00908636 is negative.

Checking parameters for BSIM 4.5 model xarr.xpex.xn56:nshort_model.40
Warning: Eta0 = -0.00908636 is negative.

Checking parameters for BSIM 4.5 model xarr.xpex.xn55:nshort_model.48
Warning: Eta0 = -0.0261666 is negative.

Checking parameters for BSIM 4.5 model xarr.xpex.xn54:nshort_model.48
Warning: Eta0 = -0.0261666 is negative.

Checking parameters for BSIM 4.5 model xarr.xpex.xn53:nshort_model.40
Warning: Eta0 = -0.00908636 is negative.

Checking parameters for BSIM 4.5 model xarr.xpex.xn52:nshort_model.40
Warning: Eta0 = -0.00908636 is negative.

Checking parameters for BSIM 4.5 model xarr.xpex.xn51:nshort_model.40
Warning: Eta0 = -0.00908636 is negative.

Checking parameters for BSIM 4.5 model xarr.xpex.xn50:nshort_model.40
Warning: Eta0 = -0.00908636 is negative.

Checking parameters for BSIM 4.5 model xarr.xpex.xn49:nshort_model.48
Warning: Eta0 = -0.0261666 is negative.

Checking parameters for BSIM 4.5 model xarr.xpex.xn48:nshort_model.48
Warning: Eta0 = -0.0261666 is negative.

Checking parameters for BSIM 4.5 model xarr.xpex.xn47:nshort_model.48
Warning: Eta0 = -0.0261666 is negative.

Checking parameters for BSIM 4.5 model xarr.xpex.xn46:nshort_model.48
Warning: Eta0 = -0.0261666 is negative.

Checking parameters for BSIM 4.5 model xarr.xpex.xn45:nshort_model.48
Warning: Eta0 = -0.0261666 is negative.

Checking parameters for BSIM 4.5 model xarr.xpex.xn44:nshort_model.48
Warning: Eta0 = -0.0261666 is negative.

Checking parameters for BSIM 4.5 model xarr.xpex.xn43:nshort_model.48
Warning: Eta0 = -0.0261666 is negative.

Checking parameters for BSIM 4.5 model xarr.xpex.xn42:nshort_model.48
Warning: Eta0 = -0.0261666 is negative.

Checking parameters for BSIM 4.5 model xarr.xpex.xn41:nshort_model.48
Warning: Eta0 = -0.0261666 is negative.

Checking parameters for BSIM 4.5 model xarr.xpex.xn40:nshort_model.48
Warning: Eta0 = -0.0261666 is negative.

Checking parameters for BSIM 4.5 model xarr.xpex.xn39:nshort_model.48
Warning: Eta0 = -0.0261666 is negative.

Checking parameters for BSIM 4.5 model xarr.xpex.xn38:nshort_model.48
Warning: Eta0 = -0.0261666 is negative.

Checking parameters for BSIM 4.5 model xarr.xpex.xn37:nshort_model.48
Warning: Eta0 = -0.0261666 is negative.

Checking parameters for BSIM 4.5 model xarr.xpex.xn35:nshort_model.48
Warning: Eta0 = -0.0261666 is negative.

Checking parameters for BSIM 4.5 model xarr.xpex.xn33:nshort_model.48
Warning: Eta0 = -0.0261666 is negative.

Checking parameters for BSIM 4.5 model xarr.xpex.xn31:nshort_model.48
Warning: Eta0 = -0.0261666 is negative.

Checking parameters for BSIM 4.5 model xarr.xpex.xn28:nshort_model.48
Warning: Eta0 = -0.0261666 is negative.

Checking parameters for BSIM 4.5 model xarr.xpex.xn27:nshort_model.48
Warning: Eta0 = -0.0261666 is negative.

Checking parameters for BSIM 4.5 model xarr.xpex.xn25:nshort_model.48
Warning: Eta0 = -0.0261666 is negative.

Checking parameters for BSIM 4.5 model xarr.xpex.xn23:nshort_model.48
Warning: Eta0 = -0.0261666 is negative.

Checking parameters for BSIM 4.5 model xarr.xpex.xn21:nshort_model.48
Warning: Eta0 = -0.0261666 is negative.

Checking parameters for BSIM 4.5 model xarr.xpex.xn8:nshort_model.40
Warning: Eta0 = -0.00908636 is negative.

Checking parameters for BSIM 4.5 model xarr.xpex.xn7:nshort_model.40
Warning: Eta0 = -0.00908636 is negative.

Checking parameters for BSIM 4.5 model xarr.xpex.xn6:nshort_model.40
Warning: Eta0 = -0.00908636 is negative.

Checking parameters for BSIM 4.5 model xarr.xpex.xn5:nshort_model.40
Warning: Eta0 = -0.00908636 is negative.

Checking parameters for BSIM 4.5 model xarr.xpex.xn4:nshort_model.40
Warning: Eta0 = -0.00908636 is negative.

Checking parameters for BSIM 4.5 model xarr.xpex.xn3:nshort_model.40
Warning: Eta0 = -0.00908636 is negative.

Checking parameters for BSIM 4.5 model xarr.xpex.xn2:nshort_model.40
Warning: Eta0 = -0.00908636 is negative.

Checking parameters for BSIM 4.5 model xarr.xpex.xn1:nshort_model.40
Warning: Eta0 = -0.00908636 is negative.

Error: measure  vsub_max  max(TRIG) : no such vector as 'v(xarr.vsubs)'

Error: measure  vsub_min  min(TRIG) : no such vector as 'v(xarr.vsubs)'
Warning from checkvalid: vector vsub_max is not available or has zero length.
Error: RHS "(vsub_max - vsub_min) / 1.8" invalid
Warning from checkvalid: vector vsub_swing_frac is not available or has zero length.

