|* Post-layout ro_ring5 with the shared substrate floating and only ONE ring
|* running -- the control that separates capacitive LOADING from inter-ring
|* COUPLING.
|*
|* Purpose (issue #22, acceptance criterion 4). The sibling deck
|* tb_post_layout_substrate_float.spice runs all four post-layout rings with
|* the extracted substrate node `vsubs` left floating, and its slowest ring
|* (wstv = 0.42 um) comes out measurably FASTER than in the hard-tied deck.
|* Two different mechanisms could produce that, and they mean opposite
|* things:
|*
|*   LOADING  -- a floating `vsubs` is not a ground. Every net-to-substrate
|*               capacitance stops being a capacitance to ground and becomes
|*               part of a series network between nets, so each net's own
|*               effective load falls and EVERY ring speeds up a little.
|*               This is an artifact of the unmodelled substrate tie, not a
|*               statement about ring independence.
|*   COUPLING -- the four rings share one node, so each ring's switching
|*               current is injected into every other ring, pulling their
|*               frequencies toward each other. THIS is the quantity
|*               DR-0003 section 8 flags as unmeasured and entropy-relevant.
|*
|* This deck holds rings 2/3/4 at en = 0 while leaving them physically
|* present -- same instances, same extracted capacitance on the shared node,
|* simply not switching. Ring 1's period here is therefore its
|* floating-substrate period with the LOADING mechanism fully present and
|* the COUPLING mechanism removed. Differencing the three decks at the same
|* corner separates them:
|*
|*   loading  = t(this deck)                 - t(hard-tied, 4 running)
|*   coupling = t(float deck, 4 running)     - t(this deck)
|*
|* Without this control the float deck's numbers cannot be attributed, and
|* an attribution is exactly what DR-0003 section 8 asks for.
|*
|* Topology: identical to tb_post_layout_substrate_float.spice -- four
|* post-layout rings, wstv = 0.42/0.44/0.46/0.48 um, one physical layout
|* cell per ring, each on its own supply, `vsubs` untied -- except that
|* Venp2/Venp3/Venp4 sit at 0 V instead of 1.62. Ring 1's measurements
|* are named identically to the float deck's so the two records difference
|* line for line.
|*
|* This file is a TEMPLATE: sim/bin/corner-run.py substitutes /Users/rwalters/.volare/volare/sky130/versions/c6d73a35f524070e85faff4a6a9eef49553ebc2b/sky130A/libs.tech/combined/sky130.lib.spice,
|* ff, /Users/rwalters/GitHub/sky130-trng/.loom/worktrees/issue-22/layout/pex/ro_ring5_pex.spice, -40.0, 1.62 and 5p. As committed it
|* is not a runnable deck.
|
|.option scale=1u
|.lib "/Users/rwalters/.volare/volare/sky130/versions/c6d73a35f524070e85faff4a6a9eef49553ebc2b/sky130A/libs.tech/combined/sky130.lib.spice" ff
|
|* post-layout subcircuit library only (see header)
|.include "/Users/rwalters/GitHub/sky130-trng/.loom/worktrees/issue-22/layout/pex/ro_ring5_pex.spice"
|
|.temp -40.0
|
|* NOTE: no `Vsub vsubs 0` tie here -- that is the entire difference from
|* tb_post_layout_ro_ring5.spice. See the header.
|
|Vddrp1 vddrp1 0 dc 1.62
|Venp1 enp1 0 dc 1.62
|xgp1 p1o enp1 p1a vddrp1 0 ro_nand2_pex_wstv0p42
|x1p1 p1a p1b vddrp1 0 ro_stage_pex_wstv0p42
|x2p1 p1b p1c vddrp1 0 ro_stage_pex_wstv0p42
|x3p1 p1c p1d vddrp1 0 ro_stage_pex_wstv0p42
|x4p1 p1d p1o vddrp1 0 ro_stage_pex_wstv0p42
|
|* rings 2/3/4: physically present (their extracted capacitance still loads
|* the shared substrate node) but held stopped -- see the header.
|Vddrp2 vddrp2 0 dc 1.62
|Venp2 enp2 0 dc 0
|xgp2 p2o enp2 p2a vddrp2 0 ro_nand2_pex_wstv0p44
|x1p2 p2a p2b vddrp2 0 ro_stage_pex_wstv0p44
|x2p2 p2b p2c vddrp2 0 ro_stage_pex_wstv0p44
|x3p2 p2c p2d vddrp2 0 ro_stage_pex_wstv0p44
|x4p2 p2d p2o vddrp2 0 ro_stage_pex_wstv0p44
|
|Vddrp3 vddrp3 0 dc 1.62
|Venp3 enp3 0 dc 0
|xgp3 p3o enp3 p3a vddrp3 0 ro_nand2_pex_wstv0p46
|x1p3 p3a p3b vddrp3 0 ro_stage_pex_wstv0p46
|x2p3 p3b p3c vddrp3 0 ro_stage_pex_wstv0p46
|x3p3 p3c p3d vddrp3 0 ro_stage_pex_wstv0p46
|x4p3 p3d p3o vddrp3 0 ro_stage_pex_wstv0p46
|
|Vddrp4 vddrp4 0 dc 1.62
|Venp4 enp4 0 dc 0
|xgp4 p4o enp4 p4a vddrp4 0 ro_nand2_pex_wstv0p48
|x1p4 p4a p4b vddrp4 0 ro_stage_pex_wstv0p48
|x2p4 p4b p4c vddrp4 0 ro_stage_pex_wstv0p48
|x3p4 p4c p4d vddrp4 0 ro_stage_pex_wstv0p48
|x4p4 p4d p4o vddrp4 0 ro_stage_pex_wstv0p48
|
|* --- output buffers, one per ring, on a shared block supply ------------
|* Present so this deck's loading matches tb_post_layout_ro_ring5.spice's
|* exactly -- the whole point of this deck is to difference against that
|* one, which is only meaningful if the two rings are equally loaded.
|Vddp vddp 0 dc 1.62
|xbp1 p1o p1ob vddp 0 ro_buf_pex
|xbp2 p2o p2ob vddp 0 ro_buf_pex
|xbp3 p3o p3ob vddp 0 ro_buf_pex
|xbp4 p4o p4ob vddp 0 ro_buf_pex
|
|.ic v(p1o)=0 v(p1a)=1.62 v(p1b)=0 v(p1c)=1.62 v(p1d)=0
|.ic v(p2o)=0 v(p2a)=1.62 v(p2b)=0 v(p2c)=1.62 v(p2d)=0
|.ic v(p3o)=0 v(p3a)=1.62 v(p3b)=0 v(p3c)=1.62 v(p3d)=0
|.ic v(p4o)=0 v(p4a)=1.62 v(p4b)=0 v(p4c)=1.62 v(p4d)=0
|.ic v(vsubs)=0
|
|.tran 5p 160n uic
|
|.control
|run
|
|meas tran tp1a when v(p1o)=0.5*1.62 rise=3
|meas tran tp1b when v(p1o)=0.5*1.62 rise=11
|let t_solo_wstv0p42 = (tp1b - tp1a)/8
|* No ladder span here: rings 2/3/4 are stopped, so there is no ladder.
|
|* How hard is ONE ring driving the shared node? Compare against the float
|* deck's own vsubs_pp, where four rings drive it.
|meas tran vsubmax MAX v(vsubs) from=20n to=160n
|meas tran vsubmin MIN v(vsubs) from=20n to=160n
|let vsubs_pp_solo = vsubmax - vsubmin
|let vsubs_pp_solo_frac = (vsubmax - vsubmin) / 1.62
|
|* Ring-node swing on the one running ring, to confirm it is still running
|* normally with its three stopped neighbours' capacitance on the node.
|meas tran vmaxp1 MAX v(p1o) from=20n to=160n
|meas tran vminp1 MIN v(p1o) from=20n to=160n
|let swing_frac_solo_wstv0p42 = (vmaxp1 - vminp1) / 1.62
|
|print t_solo_wstv0p42
|print vsubs_pp_solo
|print vsubs_pp_solo_frac
|print swing_frac_solo_wstv0p42
|.endc
|.end
|

----- stdout -----

Note: Compatibility modes selected: hs a


Circuit: * post-layout ro_ring5 with the shared substrate floating and only one ring

option SCALE: Scale is set to 1e-06 for instance and model parameters
option SCALE: Scale is set to 1e-06 for instance and model parameters
option SCALE: Scale is set to 1e-06 for instance and model parameters
option SCALE: Scale is set to 1e-06 for instance and model parameters
option SCALE: Scale is set to 1e-06 for instance and model parameters
Doing analysis at TEMP = -40.000000 and TNOM = 27.000000

Using SPARSE 1.3 as Direct Linear Solver
Operating point simulation skipped by 'uic',
  now using transient initial conditions.
 Reference value :  5.00000e-14
 Reference value :  1.97159e-09
 Reference value :  4.02159e-09
 Reference value :  6.10159e-09
 Reference value :  8.20159e-09
 Reference value :  1.02816e-08
 Reference value :  1.23116e-08
 Reference value :  1.43666e-08
 Reference value :  1.64016e-08
 Reference value :  1.84666e-08
 Reference value :  2.05166e-08
 Reference value :  2.26466e-08
 Reference value :  2.47766e-08
 Reference value :  2.69516e-08
 Reference value :  2.90866e-08
 Reference value :  3.11216e-08
 Reference value :  3.31516e-08
 Reference value :  3.51966e-08
 Reference value :  3.72716e-08
 Reference value :  3.94066e-08
 Reference value :  4.14316e-08
 Reference value :  4.35166e-08
 Reference value :  4.55116e-08
 Reference value :  4.76916e-08
 Reference value :  4.96566e-08
 Reference value :  5.16916e-08
 Reference value :  5.37516e-08
 Reference value :  5.58316e-08
 Reference value :  5.78616e-08
 Reference value :  5.98816e-08
 Reference value :  6.19916e-08
 Reference value :  6.42066e-08
 Reference value :  6.63966e-08
 Reference value :  6.84416e-08
 Reference value :  7.05516e-08
 Reference value :  7.26216e-08
 Reference value :  7.48366e-08
 Reference value :  7.70116e-08
 Reference value :  7.90316e-08
 Reference value :  8.10766e-08
 Reference value :  8.30416e-08
 Reference value :  8.51066e-08
 Reference value :  8.72116e-08
 Reference value :  8.92466e-08
 Reference value :  9.12316e-08
 Reference value :  9.32566e-08
 Reference value :  9.53916e-08
 Reference value :  9.74116e-08
 Reference value :  9.94666e-08
 Reference value :  1.01502e-07
 Reference value :  1.03632e-07
 Reference value :  1.05677e-07
 Reference value :  1.07732e-07
 Reference value :  1.09807e-07
 Reference value :  1.12022e-07
 Reference value :  1.14112e-07
 Reference value :  1.16122e-07
 Reference value :  1.18232e-07
 Reference value :  1.20352e-07
 Reference value :  1.22502e-07
 Reference value :  1.24542e-07
 Reference value :  1.26677e-07
 Reference value :  1.28832e-07
 Reference value :  1.30897e-07
 Reference value :  1.32952e-07
 Reference value :  1.34997e-07
 Reference value :  1.37052e-07
 Reference value :  1.39072e-07
 Reference value :  1.41112e-07
 Reference value :  1.43142e-07
 Reference value :  1.45267e-07
 Reference value :  1.47322e-07
 Reference value :  1.49372e-07
 Reference value :  1.51447e-07
 Reference value :  1.53482e-07
 Reference value :  1.55527e-07
 Reference value :  1.57577e-07
 Reference value :  1.59597e-07
No. of Data Rows : 32014
tp1a                =  1.44322e-08
tp1b                =  5.21255e-08
vsubmax             =  7.52662e-01 at=  1.55632e-07
vsubmin             =  7.37586e-01 at=  2.03716e-08
vmaxp1              =  1.41662e+00 at=  2.53616e-08
vminp1              =  -1.85712e-02 at=  1.50022e-07
t_solo_wstv0p42 = 4.711660e-09
vsubs_pp_solo = 1.507650e-02
vsubs_pp_solo_frac = 9.306481e-03
swing_frac_solo_wstv0p42 = 8.859186e-01
Note: Simulation executed from .control section 

----- stderr -----

Checking parameters for BSIM 4.5 model xbp4.xpex.xn2:pshort_model.40
Warning: A2 = 1.0885 is larger than 1. A2 is set to 1 and A1 is set to 0.
Warning: Pdibl1 = -0.00669442 is negative.

Checking parameters for BSIM 4.5 model xbp4.xpex.xn1:nshort_model.48
Warning: Eta0 = -0.0261666 is negative.

Checking parameters for BSIM 4.5 model xbp3.xpex.xn2:pshort_model.40
Warning: A2 = 1.0885 is larger than 1. A2 is set to 1 and A1 is set to 0.
Warning: Pdibl1 = -0.00669442 is negative.

Checking parameters for BSIM 4.5 model xbp3.xpex.xn1:nshort_model.48
Warning: Eta0 = -0.0261666 is negative.

Checking parameters for BSIM 4.5 model xbp2.xpex.xn2:pshort_model.40
Warning: A2 = 1.0885 is larger than 1. A2 is set to 1 and A1 is set to 0.
Warning: Pdibl1 = -0.00669442 is negative.

Checking parameters for BSIM 4.5 model xbp2.xpex.xn1:nshort_model.48
Warning: Eta0 = -0.0261666 is negative.

Checking parameters for BSIM 4.5 model xbp1.xpex.xn2:pshort_model.40
Warning: A2 = 1.0885 is larger than 1. A2 is set to 1 and A1 is set to 0.
Warning: Pdibl1 = -0.00669442 is negative.

Checking parameters for BSIM 4.5 model xbp1.xpex.xn1:nshort_model.48
Warning: Eta0 = -0.0261666 is negative.

Checking parameters for BSIM 4.5 model x4p4.xpex.xn4:pshort_model.40
Warning: A2 = 1.0885 is larger than 1. A2 is set to 1 and A1 is set to 0.
Warning: Pdibl1 = -0.00669442 is negative.

Checking parameters for BSIM 4.5 model x4p4.xpex.xn3:pshort_model.43
Warning: Eta0 = -0.000373202 is negative.

Checking parameters for BSIM 4.5 model x4p4.xpex.xn1:nshort_model.48
Warning: Eta0 = -0.0261666 is negative.

Checking parameters for BSIM 4.5 model x3p4.xpex.xn4:pshort_model.40
Warning: A2 = 1.0885 is larger than 1. A2 is set to 1 and A1 is set to 0.
Warning: Pdibl1 = -0.00669442 is negative.

Checking parameters for BSIM 4.5 model x3p4.xpex.xn3:pshort_model.43
Warning: Eta0 = -0.000373202 is negative.

Checking parameters for BSIM 4.5 model x3p4.xpex.xn1:nshort_model.48
Warning: Eta0 = -0.0261666 is negative.

Checking parameters for BSIM 4.5 model x2p4.xpex.xn4:pshort_model.40
Warning: A2 = 1.0885 is larger than 1. A2 is set to 1 and A1 is set to 0.
Warning: Pdibl1 = -0.00669442 is negative.

Checking parameters for BSIM 4.5 model x2p4.xpex.xn3:pshort_model.43
Warning: Eta0 = -0.000373202 is negative.

Checking parameters for BSIM 4.5 model x2p4.xpex.xn1:nshort_model.48
Warning: Eta0 = -0.0261666 is negative.

Checking parameters for BSIM 4.5 model x1p4.xpex.xn4:pshort_model.40
Warning: A2 = 1.0885 is larger than 1. A2 is set to 1 and A1 is set to 0.
Warning: Pdibl1 = -0.00669442 is negative.

Checking parameters for BSIM 4.5 model x1p4.xpex.xn3:pshort_model.43
Warning: Eta0 = -0.000373202 is negative.

Checking parameters for BSIM 4.5 model x1p4.xpex.xn1:nshort_model.48
Warning: Eta0 = -0.0261666 is negative.

Checking parameters for BSIM 4.5 model xgp4.xpex.xn6:pshort_model.40
Warning: A2 = 1.0885 is larger than 1. A2 is set to 1 and A1 is set to 0.
Warning: Pdibl1 = -0.00669442 is negative.

Checking parameters for BSIM 4.5 model xgp4.xpex.xn5:pshort_model.40
Warning: A2 = 1.0885 is larger than 1. A2 is set to 1 and A1 is set to 0.
Warning: Pdibl1 = -0.00669442 is negative.

Checking parameters for BSIM 4.5 model xgp4.xpex.xn4:pshort_model.43
Warning: Eta0 = -0.000373202 is negative.

Checking parameters for BSIM 4.5 model xgp4.xpex.xn3:nshort_model.40
Warning: Eta0 = -0.00908636 is negative.

Checking parameters for BSIM 4.5 model xgp4.xpex.xn2:nshort_model.40
Warning: Eta0 = -0.00908636 is negative.

Checking parameters for BSIM 4.5 model x4p3.xpex.xn4:pshort_model.40
Warning: A2 = 1.0885 is larger than 1. A2 is set to 1 and A1 is set to 0.
Warning: Pdibl1 = -0.00669442 is negative.

Checking parameters for BSIM 4.5 model x4p3.xpex.xn3:pshort_model.43
Warning: Eta0 = -0.000373202 is negative.

Checking parameters for BSIM 4.5 model x4p3.xpex.xn1:nshort_model.48
Warning: Eta0 = -0.0261666 is negative.

Checking parameters for BSIM 4.5 model x3p3.xpex.xn4:pshort_model.40
Warning: A2 = 1.0885 is larger than 1. A2 is set to 1 and A1 is set to 0.
Warning: Pdibl1 = -0.00669442 is negative.

Checking parameters for BSIM 4.5 model x3p3.xpex.xn3:pshort_model.43
Warning: Eta0 = -0.000373202 is negative.

Checking parameters for BSIM 4.5 model x3p3.xpex.xn1:nshort_model.48
Warning: Eta0 = -0.0261666 is negative.

Checking parameters for BSIM 4.5 model x2p3.xpex.xn4:pshort_model.40
Warning: A2 = 1.0885 is larger than 1. A2 is set to 1 and A1 is set to 0.
Warning: Pdibl1 = -0.00669442 is negative.

Checking parameters for BSIM 4.5 model x2p3.xpex.xn3:pshort_model.43
Warning: Eta0 = -0.000373202 is negative.

Checking parameters for BSIM 4.5 model x2p3.xpex.xn1:nshort_model.48
Warning: Eta0 = -0.0261666 is negative.

Checking parameters for BSIM 4.5 model x1p3.xpex.xn4:pshort_model.40
Warning: A2 = 1.0885 is larger than 1. A2 is set to 1 and A1 is set to 0.
Warning: Pdibl1 = -0.00669442 is negative.

Checking parameters for BSIM 4.5 model x1p3.xpex.xn3:pshort_model.43
Warning: Eta0 = -0.000373202 is negative.

Checking parameters for BSIM 4.5 model x1p3.xpex.xn1:nshort_model.48
Warning: Eta0 = -0.0261666 is negative.

Checking parameters for BSIM 4.5 model xgp3.xpex.xn6:pshort_model.40
Warning: A2 = 1.0885 is larger than 1. A2 is set to 1 and A1 is set to 0.
Warning: Pdibl1 = -0.00669442 is negative.

Checking parameters for BSIM 4.5 model xgp3.xpex.xn5:pshort_model.40
Warning: A2 = 1.0885 is larger than 1. A2 is set to 1 and A1 is set to 0.
Warning: Pdibl1 = -0.00669442 is negative.

Checking parameters for BSIM 4.5 model xgp3.xpex.xn4:pshort_model.43
Warning: Eta0 = -0.000373202 is negative.

Checking parameters for BSIM 4.5 model xgp3.xpex.xn3:nshort_model.40
Warning: Eta0 = -0.00908636 is negative.

Checking parameters for BSIM 4.5 model xgp3.xpex.xn2:nshort_model.40
Warning: Eta0 = -0.00908636 is negative.

Checking parameters for BSIM 4.5 model x4p2.xpex.xn4:pshort_model.40
Warning: A2 = 1.0885 is larger than 1. A2 is set to 1 and A1 is set to 0.
Warning: Pdibl1 = -0.00669442 is negative.

Checking parameters for BSIM 4.5 model x4p2.xpex.xn3:pshort_model.43
Warning: Eta0 = -0.000373202 is negative.

Checking parameters for BSIM 4.5 model x4p2.xpex.xn1:nshort_model.48
Warning: Eta0 = -0.0261666 is negative.

Checking parameters for BSIM 4.5 model x3p2.xpex.xn4:pshort_model.40
Warning: A2 = 1.0885 is larger than 1. A2 is set to 1 and A1 is set to 0.
Warning: Pdibl1 = -0.00669442 is negative.

Checking parameters for BSIM 4.5 model x3p2.xpex.xn3:pshort_model.43
Warning: Eta0 = -0.000373202 is negative.

Checking parameters for BSIM 4.5 model x3p2.xpex.xn1:nshort_model.48
Warning: Eta0 = -0.0261666 is negative.

Checking parameters for BSIM 4.5 model x2p2.xpex.xn4:pshort_model.40
Warning: A2 = 1.0885 is larger than 1. A2 is set to 1 and A1 is set to 0.
Warning: Pdibl1 = -0.00669442 is negative.

Checking parameters for BSIM 4.5 model x2p2.xpex.xn3:pshort_model.43
Warning: Eta0 = -0.000373202 is negative.

Checking parameters for BSIM 4.5 model x2p2.xpex.xn1:nshort_model.48
Warning: Eta0 = -0.0261666 is negative.

Checking parameters for BSIM 4.5 model x1p2.xpex.xn4:pshort_model.40
Warning: A2 = 1.0885 is larger than 1. A2 is set to 1 and A1 is set to 0.
Warning: Pdibl1 = -0.00669442 is negative.

Checking parameters for BSIM 4.5 model x1p2.xpex.xn3:pshort_model.43
Warning: Eta0 = -0.000373202 is negative.

Checking parameters for BSIM 4.5 model x1p2.xpex.xn1:nshort_model.48
Warning: Eta0 = -0.0261666 is negative.

Checking parameters for BSIM 4.5 model xgp2.xpex.xn6:pshort_model.40
Warning: A2 = 1.0885 is larger than 1. A2 is set to 1 and A1 is set to 0.
Warning: Pdibl1 = -0.00669442 is negative.

Checking parameters for BSIM 4.5 model xgp2.xpex.xn5:pshort_model.40
Warning: A2 = 1.0885 is larger than 1. A2 is set to 1 and A1 is set to 0.
Warning: Pdibl1 = -0.00669442 is negative.

Checking parameters for BSIM 4.5 model xgp2.xpex.xn4:pshort_model.43
Warning: Eta0 = -0.000373202 is negative.

Checking parameters for BSIM 4.5 model xgp2.xpex.xn3:nshort_model.40
Warning: Eta0 = -0.00908636 is negative.

Checking parameters for BSIM 4.5 model xgp2.xpex.xn2:nshort_model.40
Warning: Eta0 = -0.00908636 is negative.

Checking parameters for BSIM 4.5 model x4p1.xpex.xn4:pshort_model.40
Warning: A2 = 1.0885 is larger than 1. A2 is set to 1 and A1 is set to 0.
Warning: Pdibl1 = -0.00669442 is negative.

Checking parameters for BSIM 4.5 model x4p1.xpex.xn3:pshort_model.43
Warning: Eta0 = -0.000373202 is negative.

Checking parameters for BSIM 4.5 model x4p1.xpex.xn2:nshort_model.48
Warning: Eta0 = -0.0261666 is negative.

Checking parameters for BSIM 4.5 model x3p1.xpex.xn4:pshort_model.40
Warning: A2 = 1.0885 is larger than 1. A2 is set to 1 and A1 is set to 0.
Warning: Pdibl1 = -0.00669442 is negative.

Checking parameters for BSIM 4.5 model x3p1.xpex.xn3:pshort_model.43
Warning: Eta0 = -0.000373202 is negative.

Checking parameters for BSIM 4.5 model x3p1.xpex.xn2:nshort_model.48
Warning: Eta0 = -0.0261666 is negative.

Checking parameters for BSIM 4.5 model x2p1.xpex.xn4:pshort_model.40
Warning: A2 = 1.0885 is larger than 1. A2 is set to 1 and A1 is set to 0.
Warning: Pdibl1 = -0.00669442 is negative.

Checking parameters for BSIM 4.5 model x2p1.xpex.xn3:pshort_model.43
Warning: Eta0 = -0.000373202 is negative.

Checking parameters for BSIM 4.5 model x2p1.xpex.xn2:nshort_model.48
Warning: Eta0 = -0.0261666 is negative.

Checking parameters for BSIM 4.5 model x1p1.xpex.xn4:pshort_model.40
Warning: A2 = 1.0885 is larger than 1. A2 is set to 1 and A1 is set to 0.
Warning: Pdibl1 = -0.00669442 is negative.

Checking parameters for BSIM 4.5 model x1p1.xpex.xn3:pshort_model.43
Warning: Eta0 = -0.000373202 is negative.

Checking parameters for BSIM 4.5 model x1p1.xpex.xn2:nshort_model.48
Warning: Eta0 = -0.0261666 is negative.

Checking parameters for BSIM 4.5 model xgp1.xpex.xn6:pshort_model.40
Warning: A2 = 1.0885 is larger than 1. A2 is set to 1 and A1 is set to 0.
Warning: Pdibl1 = -0.00669442 is negative.

Checking parameters for BSIM 4.5 model xgp1.xpex.xn5:pshort_model.40
Warning: A2 = 1.0885 is larger than 1. A2 is set to 1 and A1 is set to 0.
Warning: Pdibl1 = -0.00669442 is negative.

Checking parameters for BSIM 4.5 model xgp1.xpex.xn4:pshort_model.43
Warning: Eta0 = -0.000373202 is negative.

Checking parameters for BSIM 4.5 model xgp1.xpex.xn3:nshort_model.40
Warning: Eta0 = -0.00908636 is negative.

Checking parameters for BSIM 4.5 model xgp1.xpex.xn2:nshort_model.40
Warning: Eta0 = -0.00908636 is negative.

