|* ro_ring5 transient-noise jitter accumulation -- issue #10 flagship config
|*
|* Purpose: issue #10 acceptance criterion 2. Measures period T0 (`tbar`)
|* and jitter accumulation sigma_1/sigma_2/sigma_4/sigma_8 (`sigma_N`) for
|* design/ro_ring5.spice's 5-stage starved ring (1 ro_nand2 enable/stop
|* stage + 4 ro_stage delay cells -- design/README.md's "the cheap
|* transient-noise vehicle for the jitter characterization", explicitly
|* named in design/xschem/ for exactly this purpose), across the sky130
|* PVT grid.
|*
|* This is the campaign's FULL 27-point-grid flagship configuration (the
|* full {tt,ss,ff} x {-40,27,125 degC} x {nominal +/-10% supply} grid, per
|* spec/porting-plan.md Sec 3.1/DR-0006-style reduced-grid convention).
|* design/ro_ring11.sch (the actual 11-stage array ring) is the more
|* expensive config and is only run at the 3 PVT headline points -- see
|* tb_ro_ring11_jitter.spice's own header for why, and this ring's own
|* wall-clock-cost re-measurement below.
|*
|* Method (adapted from gf180-trng's sim/tb/ro-inv-05stage-jitter/, cited by
|* spec/porting-plan.md Sec 3.2 as "device-physics testbenches (re-run on
|* sky130 devices, not ported as evidence)"): ngspice's own .tran analysis
|* does not include intrinsic BSIM4 device noise (this is a general ngspice
|* architecture fact, not a PDK-specific one -- confirmed against this
|* checkout's own ngspice build during this campaign's development: a
|* purely deterministic .tran of this same ring, no injected sources at
|* all, converges to a bit-exact repeating period with zero run-to-run
|* seed sensitivity). So every stage's input carries an explicit trnoise()
|* voltage source, in series, exactly mirroring gf180-trng's per-stage
|* injection topology (ro -> gA -> nand2 -> n1 -> gB -> stage1 -> n2 -> ...
|* -> n4 -> gE -> stage4 -> ro).
|*
|* trnoise() calibration: NA=2.0e-3 (V rms), NT=2e-10 (s) -> one-sided
|* injected PSD S_inj = 2*NA^2*NT = 1.6e-15 V^2/Hz (4.0e-08 V/sqrt(Hz)),
|* anchored to sim/ro-stage-noise-mechanism-check/records/
|* 20260825-022446-d58d709.md's own measured onoise_spectrum density near
|* 1 GHz (~4.0e-08 V/sqrt(Hz) at tt, the closest sampled frequency to this
|* ring's own oscillation band) -- the same "anchor the fixed injection
|* level to the device's own measured near-oscillation-band noise density"
|* method gf180-trng's characterization-ro-delay-cell-jitter.md documents
|* (see its "Device .noise cross-check" section), simplified here to a
|* single anchor point rather than a full new per-corner device-.noise
|* sweep (out of this issue's budget -- see this record's caveats).
|* NT=2e-10 gives an implied noise bandwidth (~1/(2*NT) = 2.5 GHz) safely
|* above every oscillation frequency measured in this campaign's own grid.
|* CAVEAT: this is a single fixed injection level, not re-measured per
|* corner -- treat every sigma_N figure below as good to a factor of
|* roughly 1.5-2x, per gf180-trng's own precedent for the same method
|* (its characterization-ro-delay-cell-jitter.md's "Safe to size against"
|* item 5).
|*
|* Wall-clock cost, re-measured for sky130 (spec/porting-plan.md Sec 2.2
|* explicitly asks for this re-measurement rather than assuming gf180-trng's
|* own ~130-150s/run figure ports). Measured on this campaign's development
|* machine (8-core x86-64, ngspice-46, sky130A c6d73a35):
|*
|*   - ~1.9 s of wall clock per simulated ns for this 5-stage ring at
|*     `.tran 5p`, i.e. ~215 s per corner point at this deck's 115 ns tstop.
|*   - That cost is set by the transient step count, NOT by trnoise(): the
|*     same ring, same tstop, same max step, with the trnoise() sources
|*     replaced by plain `dc 0` sources, measured within a few percent of
|*     the same wall clock. (An earlier draft of this header asserted a
|*     ~475x trnoise penalty at NT=1e-11; that figure did not survive
|*     re-measurement at NT=2e-10 and has been struck.)
|*   - ro_ring11 is ~2.2x the devices AND ~2.2x the period, so it costs
|*     ~5x per measured period. That is why THIS ring, not ro_ring11, is
|*     the full-27-point-grid flagship and ro_ring11 runs only the 3
|*     headline points -- exactly the DR-0006 cost/coverage trade-off,
|*     re-measured on sky130 rather than inherited.
|*
|* tstop = 115 ns is sized from a deterministic (noise-free) period probe
|* run over the grid's extremes before this deck was fixed: the slowest
|* corner measured is 4.82 ns/period (ss / -40 degC / 1.62 V; the low-supply
|* edge dominates -- ss/1.98 V runs 2.02 ns/period, a 2.4x supply swing,
|* while -40 -> +125 degC at fixed supply moves it under 2%). 21 rising
|* crossings therefore need <= 5 + 20 x 4.82 = 101 ns, and 115 ns carries
|* the margin. A single uniform tstop across all 27 points (rather than a
|* per-corner one) keeps every record's measurement window identical.
|*
|* 20 periods measured (21 rising crossings, rise=2..22; the first rising
|* edge is discarded as `.ic` startup transient, per gf180-trng's own
|* convention), NOT gf180-trng's 128 -- a budget-driven reduction, made
|* deliberately per spec/porting-plan.md Sec 2.2's prompt to re-measure
|* DR-0006's cost/coverage trade-off rather than copy it: 128 periods at
|* this ring's worst-corner 4.82 ns period would need a ~620 ns tstop, ~20
|* min per corner point, ~9 h for the 27-point grid alone. CAVEAT: with 20
|* period samples the sigma_1 estimator itself carries ~16% (1-sigma)
|* statistical error, hence ~32% on sigma_1^2 and therefore on Q -- that is
|* the resolution floor for any corner-to-corner Q comparison read off this
|* grid, and the reduction in sim/ro-array-sizing/ states it as such.
|* sigma_1/sigma_2/sigma_4/sigma_8 only (no sigma_16/sigma_32 --
|* gf180-trng's own accumulated-jitter figures at N>=16 were themselves
|* flagged as "not yet resolvable trends" even at their much larger
|* period/seed count). CAVEAT: single seed per PVT point (gf180-trng used
|* >=4) -- seed-to-seed spread is NOT characterized by this campaign; a
|* documented gap, not a silent omission. The seed is deliberately held
|* CONSTANT across every point of the grid (common random numbers), so
|* corner-to-corner Q differences are not additionally confounded by
|* seed-to-seed variation.
|*
|* This file is a TEMPLATE: sim/bin/corner-run.py substitutes /home/ubuntu/.volare/volare/sky130/versions/c6d73a35f524070e85faff4a6a9eef49553ebc2b/sky130A/libs.tech/combined/sky130.lib.spice,
|* tt (process axis), /home/ubuntu/GitHub/sky130-trng/.loom/worktrees/issue-10/design/ro_ring5.spice (unused by this file -- the ring
|* is built in place from ro_nand2/ro_stage, both defined by
|* design/ro_ring5.spice, which /home/ubuntu/GitHub/sky130-trng/.loom/worktrees/issue-10/design/ro_ring5.spice still names, so --ro-ring5's
|* default is exactly the file this deck needs .include'd), 125.0/1.62
|* (the other two PVT axes) and 1 (this run's `.option seed=`). As
|* committed here this is not a runnable deck.
|
|.option scale=1u
|.lib "/home/ubuntu/.volare/volare/sky130/versions/c6d73a35f524070e85faff4a6a9eef49553ebc2b/sky130A/libs.tech/combined/sky130.lib.spice" tt
|
|.include "/home/ubuntu/GitHub/sky130-trng/.loom/worktrees/issue-10/design/ro_ring5.spice"
|
|.temp 125.0
|.option seed=1
|
|Vddr vddr 0 dc 1.62
|Ven en 0 dc 1.62
|
|xg gA en n1 vddr 0 ro_nand2
|VnA gA ro dc 0 trnoise(2.0e-3 2e-10 0 0)
|x1 gB n2 vddr 0 ro_stage
|VnB gB n1 dc 0 trnoise(2.0e-3 2e-10 0 0)
|x2 gC n3 vddr 0 ro_stage
|VnC gC n2 dc 0 trnoise(2.0e-3 2e-10 0 0)
|x3 gD n4 vddr 0 ro_stage
|VnD gD n3 dc 0 trnoise(2.0e-3 2e-10 0 0)
|x4 gE ro vddr 0 ro_stage
|VnE gE n4 dc 0 trnoise(2.0e-3 2e-10 0 0)
|
|.ic v(ro)=0 v(n1)=1.62 v(n2)=0 v(n3)=1.62 v(n4)=0
|
|.tran 20p 115n uic
|
|.control
|run
|meas tran vmax_ss MAX v(ro) from=20n to=115n
|meas tran vmin_ss MIN v(ro) from=20n to=115n
|let swing_frac = (vmax_ss - vmin_ss) / 1.62
|let k = 2
|let tc = vector(21)
|while k <= 22
|  meas tran tk when v(ro)=0.5*1.62 rise=$&k
|  let tc[k-2] = tk
|  let k = k + 1
|end
|let tbar = (tc[20] - tc[0])/20
|let r1 = (tc[1,20] - tc[0,19]) - 1*tbar
|let r2 = (tc[2,20] - tc[0,18]) - 2*tbar
|let r4 = (tc[4,20] - tc[0,16]) - 4*tbar
|let r8 = (tc[8,20] - tc[0,12]) - 8*tbar
|let sigma_1 = sqrt(mean(r1*r1)/(1 - 1/20))
|let sigma_2 = sqrt(mean(r2*r2)/(1 - 2/20))
|let sigma_4 = sqrt(mean(r4*r4)/(1 - 4/20))
|let sigma_8 = sqrt(mean(r8*r8)/(1 - 8/20))
|print vmax_ss
|print vmin_ss
|print swing_frac
|print tbar
|print sigma_1
|print sigma_2
|print sigma_4
|print sigma_8
|.endc
|.end
|

----- stdout -----

Note: No compatibility mode selected!


Circuit: * ro_ring5 transient-noise jitter accumulation -- issue #10 flagship config

Doing analysis at TEMP = 125.000000 and TNOM = 27.000000

Using SPARSE 1.3 as Direct Linear Solver
Operating point simulation skipped by 'uic',
  now using transient initial conditions.
 Reference value :  2.00000e-13
 Reference value :  2.27665e-13
 Reference value :  3.93653e-13
 Reference value :  9.10737e-13
 Reference value :  2.68534e-12
 Reference value :  8.05258e-12
 Reference value :  2.00000e-11
 Reference value :  2.52194e-11
 Reference value :  4.31147e-11
 Reference value :  8.31147e-11
 Reference value :  1.03115e-10
 Reference value :  1.43115e-10
 Reference value :  2.00000e-10
 Reference value :  2.30000e-10
 Reference value :  2.70000e-10
 Reference value :  3.10000e-10
 Reference value :  3.50000e-10
 Reference value :  3.85000e-10
 Reference value :  4.06000e-10
 Reference value :  4.70000e-10
 Reference value :  5.30000e-10
 Reference value :  5.85000e-10
 Reference value :  6.06000e-10
 Reference value :  6.50000e-10
 Reference value :  7.10000e-10
 Reference value :  7.70000e-10
 Reference value :  8.02000e-10
 Reference value :  8.50000e-10
 Reference value :  9.10000e-10
 Reference value :  9.70000e-10
 Reference value :  1.00600e-09
 Reference value :  1.07000e-09
 Reference value :  1.13000e-09
 Reference value :  1.18500e-09
 Reference value :  1.20600e-09
 Reference value :  1.25000e-09
 Reference value :  1.31000e-09
 Reference value :  1.37000e-09
 Reference value :  1.40200e-09
 Reference value :  1.45000e-09
 Reference value :  1.53000e-09
 Reference value :  1.58500e-09
 Reference value :  1.63000e-09
 Reference value :  1.73000e-09
 Reference value :  1.80200e-09
 Reference value :  1.89000e-09
 Reference value :  1.98500e-09
 Reference value :  2.03000e-09
 Reference value :  2.09000e-09
 Reference value :  2.15000e-09
 Reference value :  2.20000e-09
 Reference value :  2.23000e-09
 Reference value :  2.31000e-09
 Reference value :  2.35000e-09
 Reference value :  2.38500e-09
 Reference value :  2.40600e-09
 Reference value :  2.45000e-09
 Reference value :  2.51000e-09
 Reference value :  2.58500e-09
 Reference value :  2.61400e-09
 Reference value :  2.69000e-09
 Reference value :  2.77000e-09
 Reference value :  2.80200e-09
 Reference value :  2.85000e-09
 Reference value :  2.89000e-09
 Reference value :  2.93000e-09
 Reference value :  2.97000e-09
 Reference value :  3.00200e-09
 Reference value :  3.05000e-09
 Reference value :  3.09000e-09
 Reference value :  3.15000e-09
 Reference value :  3.18500e-09
 Reference value :  3.20600e-09
 Reference value :  3.25000e-09
 Reference value :  3.31000e-09
 Reference value :  3.37000e-09
 Reference value :  3.40600e-09
 Reference value :  3.47000e-09
 Reference value :  3.55000e-09
 Reference value :  3.60000e-09
 Reference value :  3.63000e-09
 Reference value :  3.69000e-09
 Reference value :  3.75000e-09
 Reference value :  3.80200e-09
 Reference value :  3.85000e-09
 Reference value :  3.91000e-09
 Reference value :  3.98500e-09
 Reference value :  4.00600e-09
 Reference value :  4.05000e-09
 Reference value :  4.11000e-09
 Reference value :  4.15000e-09
 Reference value :  4.20000e-09
 Reference value :  4.21400e-09
 Reference value :  4.27000e-09
 Reference value :  4.35000e-09
 Reference value :  4.40000e-09
 Reference value :  4.41400e-09
 Reference value :  4.47000e-09
 Reference value :  4.51000e-09
 Reference value :  4.55000e-09
 Reference value :  4.58500e-09
 Reference value :  4.60600e-09
 Reference value :  4.65000e-09
 Reference value :  4.71000e-09
 Reference value :  4.77000e-09
 Reference value :  4.80000e-09
 Reference value :  4.81400e-09
 Reference value :  4.87000e-09
 Reference value :  4.93000e-09
 Reference value :  4.98500e-09
 Reference value :  5.00600e-09
 Reference value :  5.05000e-09
 Reference value :  5.11000e-09
 Reference value :  5.17000e-09
 Reference value :  5.20200e-09
 Reference value :  5.23000e-09
 Reference value :  5.27000e-09
 Reference value :  5.31000e-09
 Reference value :  5.35000e-09
 Reference value :  5.40000e-09
 Reference value :  5.41400e-09
 Reference value :  5.47000e-09
 Reference value :  5.53000e-09
 Reference value :  5.57000e-09
 Reference value :  5.60000e-09
 Reference value :  5.61400e-09
 Reference value :  5.67000e-09
 Reference value :  5.73000e-09
 Reference value :  5.78500e-09
 Reference value :  5.81400e-09
 Reference value :  5.89000e-09
 Reference value :  5.95000e-09
 Reference value :  5.98500e-09
 Reference value :  6.00600e-09
 Reference value :  6.05000e-09
 Reference value :  6.09000e-09
 Reference value :  6.15000e-09
 Reference value :  6.20000e-09
 Reference value :  6.21400e-09
 Reference value :  6.27000e-09
 Reference value :  6.31000e-09
 Reference value :  6.35000e-09
 Reference value :  6.40000e-09
 Reference value :  6.41400e-09
 Reference value :  6.47000e-09
 Reference value :  6.53000e-09
 Reference value :  6.60000e-09
 Reference value :  6.61400e-09
 Reference value :  6.69000e-09
 Reference value :  6.75000e-09
 Reference value :  6.78500e-09
 Reference value :  6.80600e-09
 Reference value :  6.85000e-09
 Reference value :  6.93000e-09
 Reference value :  6.98500e-09
 Reference value :  7.00600e-09
 Reference value :  7.05000e-09
 Reference value :  7.09000e-09
 Reference value :  7.13000e-09
 Reference value :  7.18500e-09
 Reference value :  7.20600e-09
 Reference value :  7.25000e-09
 Reference value :  7.31000e-09
 Reference value :  7.37000e-09
 Reference value :  7.40200e-09
 Reference value :  7.43000e-09
 Reference value :  7.49000e-09
 Reference value :  7.55000e-09
 Reference value :  7.60000e-09
 Reference value :  7.63000e-09
 Reference value :  7.67000e-09
 Reference value :  7.73000e-09
 Reference value :  7.78500e-09
 Reference value :  7.80600e-09
 Reference value :  7.85000e-09
 Reference value :  7.91000e-09
 Reference value :  7.97000e-09
 Reference value :  8.00200e-09
 Reference value :  8.05000e-09
 Reference value :  8.11000e-09
 Reference value :  8.18500e-09
 Reference value :  8.21400e-09
 Reference value :  8.27000e-09
 Reference value :  8.31000e-09
 Reference value :  8.35000e-09
 Reference value :  8.40000e-09
 Reference value :  8.41400e-09
 Reference value :  8.47000e-09
 Reference value :  8.51000e-09
 Reference value :  8.57000e-09
 Reference value :  8.60200e-09
 Reference value :  8.63000e-09
 Reference value :  8.67000e-09
 Reference value :  8.71000e-09
 Reference value :  8.75000e-09
 Reference value :  8.78500e-09
 Reference value :  8.80600e-09
 Reference value :  8.85000e-09
 Reference value :  8.91000e-09
 Reference value :  8.97000e-09
 Reference value :  9.00200e-09
 Reference value :  9.03000e-09
 Reference value :  9.07000e-09
 Reference value :  9.11000e-09
 Reference value :  9.15000e-09
 Reference value :  9.18500e-09
 Reference value :  9.20200e-09
 Reference value :  9.23000e-09
 Reference value :  9.29000e-09
 Reference value :  9.35000e-09
 Reference value :  9.40000e-09
 Reference value :  9.43000e-09
 Reference value :  9.47000e-09
 Reference value :  9.51000e-09
 Reference value :  9.57000e-09
 Reference value :  9.60200e-09
 Reference value :  9.63000e-09
 Reference value :  9.69000e-09
 Reference value :  9.77000e-09
 Reference value :  9.80200e-09
 Reference value :  9.85000e-09
 Reference value :  9.91000e-09
 Reference value :  9.97000e-09
 Reference value :  1.00060e-08
 Reference value :  1.00700e-08
 Reference value :  1.01100e-08
 Reference value :  1.01700e-08
 Reference value :  1.02020e-08
 Reference value :  1.02500e-08
 Reference value :  1.03100e-08
 Reference value :  1.03850e-08
 Reference value :  1.04140e-08
 Reference value :  1.04700e-08
 Reference value :  1.05300e-08
 Reference value :  1.05700e-08
 Reference value :  1.06020e-08
 Reference value :  1.06300e-08
 Reference value :  1.06700e-08
 Reference value :  1.07100e-08
 Reference value :  1.07700e-08
 Reference value :  1.08020e-08
 Reference value :  1.08300e-08
 Reference value :  1.08700e-08
 Reference value :  1.09100e-08
 Reference value :  1.09700e-08
 Reference value :  1.10020e-08
 Reference value :  1.10300e-08
 Reference value :  1.10900e-08
 Reference value :  1.11700e-08
 Reference value :  1.12020e-08
 Reference value :  1.12300e-08
 Reference value :  1.12900e-08
 Reference value :  1.13500e-08
 Reference value :  1.14000e-08
 Reference value :  1.14140e-08
 Reference value :  1.14700e-08
 Reference value :  1.15100e-08
 Reference value :  1.15500e-08
 Reference value :  1.16000e-08
 Reference value :  1.16140e-08
 Reference value :  1.16900e-08
 Reference value :  1.17500e-08
 Reference value :  1.18000e-08
 Reference value :  1.18300e-08
 Reference value :  1.18900e-08
 Reference value :  1.19700e-08
 Reference value :  1.20060e-08
 Reference value :  1.20500e-08
 Reference value :  1.21300e-08
 Reference value :  1.21850e-08
 Reference value :  1.22060e-08
 Reference value :  1.22500e-08
 Reference value :  1.22900e-08
 Reference value :  1.23500e-08
 Reference value :  1.24020e-08
 Reference value :  1.24500e-08
 Reference value :  1.24900e-08
 Reference value :  1.25500e-08
 Reference value :  1.26000e-08
 Reference value :  1.26140e-08
 Reference value :  1.26700e-08
 Reference value :  1.27300e-08
 Reference value :  1.28000e-08
 Reference value :  1.28300e-08
 Reference value :  1.28900e-08
 Reference value :  1.29300e-08
 Reference value :  1.29700e-08
 Reference value :  1.30020e-08
 Reference value :  1.30300e-08
 Reference value :  1.30700e-08
 Reference value :  1.31300e-08
 Reference value :  1.31850e-08
 Reference value :  1.32060e-08
 Reference value :  1.32500e-08
 Reference value :  1.32900e-08
 Reference value :  1.33300e-08
 Reference value :  1.33700e-08
 Reference value :  1.34020e-08
 Reference value :  1.34300e-08
 Reference value :  1.34900e-08
 Reference value :  1.35700e-08
 Reference value :  1.36060e-08
 Reference value :  1.36500e-08
 Reference value :  1.37100e-08
 Reference value :  1.37500e-08
 Reference value :  1.38000e-08
 Reference value :  1.38140e-08
 Reference value :  1.38900e-08
 Reference value :  1.39500e-08
 Reference value :  1.39850e-08
 Reference value :  1.40020e-08
 Reference value :  1.40300e-08
 Reference value :  1.40700e-08
 Reference value :  1.41100e-08
 Reference value :  1.41700e-08
 Reference value :  1.42020e-08
 Reference value :  1.42300e-08
 Reference value :  1.43100e-08
 Reference value :  1.43700e-08
 Reference value :  1.44020e-08
 Reference value :  1.44300e-08
 Reference value :  1.44700e-08
 Reference value :  1.45300e-08
 Reference value :  1.46000e-08
 Reference value :  1.46140e-08
 Reference value :  1.46700e-08
 Reference value :  1.47300e-08
 Reference value :  1.47850e-08
 Reference value :  1.48060e-08
 Reference value :  1.48500e-08
 Reference value :  1.49100e-08
 Reference value :  1.49700e-08
 Reference value :  1.50020e-08
 Reference value :  1.50300e-08
 Reference value :  1.51100e-08
 Reference value :  1.51700e-08
 Reference value :  1.52060e-08
 Reference value :  1.52500e-08
 Reference value :  1.52900e-08
 Reference value :  1.53300e-08
 Reference value :  1.53700e-08
 Reference value :  1.54020e-08
 Reference value :  1.54300e-08
 Reference value :  1.55100e-08
 Reference value :  1.55700e-08
 Reference value :  1.56020e-08
 Reference value :  1.56500e-08
 Reference value :  1.56900e-08
 Reference value :  1.57500e-08
 Reference value :  1.58000e-08
 Reference value :  1.58300e-08
 Reference value :  1.58900e-08
 Reference value :  1.59700e-08
 Reference value :  1.60020e-08
 Reference value :  1.60500e-08
 Reference value :  1.60900e-08
 Reference value :  1.61300e-08
 Reference value :  1.61700e-08
 Reference value :  1.62020e-08
 Reference value :  1.62500e-08
 Reference value :  1.62900e-08
 Reference value :  1.63300e-08
 Reference value :  1.63700e-08
 Reference value :  1.64020e-08
 Reference value :  1.64300e-08
 Reference value :  1.64900e-08
 Reference value :  1.65700e-08
 Reference value :  1.66060e-08
 Reference value :  1.66700e-08
 Reference value :  1.67300e-08
 Reference value :  1.67700e-08
 Reference value :  1.68020e-08
 Reference value :  1.68500e-08
 Reference value :  1.68900e-08
 Reference value :  1.69700e-08
 Reference value :  1.70020e-08
 Reference value :  1.70300e-08
 Reference value :  1.70700e-08
 Reference value :  1.71300e-08
 Reference value :  1.71850e-08
 Reference value :  1.72140e-08
 Reference value :  1.72700e-08
 Reference value :  1.73300e-08
 Reference value :  1.74000e-08
 Reference value :  1.74140e-08
 Reference value :  1.74700e-08
 Reference value :  1.75300e-08
 Reference value :  1.75850e-08
 Reference value :  1.76060e-08
 Reference value :  1.76500e-08
 Reference value :  1.77100e-08
 Reference value :  1.77700e-08
 Reference value :  1.78000e-08
 Reference value :  1.78140e-08
 Reference value :  1.78500e-08
 Reference value :  1.78900e-08
 Reference value :  1.79500e-08
 Reference value :  1.80000e-08
 Reference value :  1.80140e-08
 Reference value :  1.80900e-08
 Reference value :  1.81700e-08
 Reference value :  1.82020e-08
 Reference value :  1.82300e-08
 Reference value :  1.82700e-08
 Reference value :  1.83100e-08
 Reference value :  1.83500e-08
 Reference value :  1.84000e-08
 Reference value :  1.84300e-08
 Reference value :  1.84900e-08
 Reference value :  1.85500e-08
 Reference value :  1.85850e-08
 Reference value :  1.86060e-08
 Reference value :  1.86500e-08
 Reference value :  1.87100e-08
 Reference value :  1.87850e-08
 Reference value :  1.88140e-08
 Reference value :  1.88700e-08
 Reference value :  1.89300e-08
 Reference value :  1.90000e-08
 Reference value :  1.90140e-08
 Reference value :  1.90700e-08
 Reference value :  1.91100e-08
 Reference value :  1.91500e-08
 Reference value :  1.91850e-08
 Reference value :  1.92060e-08
 Reference value :  1.92500e-08
 Reference value :  1.93100e-08
 Reference value :  1.93700e-08
 Reference value :  1.94020e-08
 Reference value :  1.94300e-08
 Reference value :  1.94700e-08
 Reference value :  1.95300e-08
 Reference value :  1.95850e-08
 Reference value :  1.96060e-08
 Reference value :  1.96500e-08
 Reference value :  1.97300e-08
 Reference value :  1.98000e-08
 Reference value :  1.98140e-08
 Reference value :  1.98700e-08
 Reference value :  1.99300e-08
 Reference value :  1.99700e-08
 Reference value :  2.00020e-08
 Reference value :  2.00300e-08
 Reference value :  2.00900e-08
 Reference value :  2.01300e-08
 Reference value :  2.01850e-08
 Reference value :  2.02060e-08
 Reference value :  2.02500e-08
 Reference value :  2.03100e-08
 Reference value :  2.03850e-08
 Reference value :  2.04140e-08
 Reference value :  2.04700e-08
 Reference value :  2.05300e-08
 Reference value :  2.05850e-08
 Reference value :  2.06060e-08
 Reference value :  2.06500e-08
 Reference value :  2.07100e-08
 Reference value :  2.07700e-08
 Reference value :  2.08060e-08
 Reference value :  2.08500e-08
 Reference value :  2.08900e-08
 Reference value :  2.09300e-08
 Reference value :  2.09700e-08
 Reference value :  2.10020e-08
 Reference value :  2.10300e-08
 Reference value :  2.10900e-08
 Reference value :  2.11500e-08
 Reference value :  2.12000e-08
 Reference value :  2.12300e-08
 Reference value :  2.13100e-08
 Reference value :  2.13500e-08
 Reference value :  2.14000e-08
 Reference value :  2.14140e-08
 Reference value :  2.14700e-08
 Reference value :  2.15300e-08
 Reference value :  2.15850e-08
 Reference value :  2.16060e-08
 Reference value :  2.16500e-08
 Reference value :  2.16900e-08
 Reference value :  2.17300e-08
 Reference value :  2.17850e-08
 Reference value :  2.18060e-08
 Reference value :  2.18500e-08
 Reference value :  2.19300e-08
 Reference value :  2.19850e-08
 Reference value :  2.20060e-08
 Reference value :  2.20500e-08
 Reference value :  2.20900e-08
 Reference value :  2.21500e-08
 Reference value :  2.21850e-08
 Reference value :  2.22020e-08
 Reference value :  2.22500e-08
 Reference value :  2.23100e-08
 Reference value :  2.23500e-08
 Reference value :  2.23850e-08
 Reference value :  2.24060e-08
 Reference value :  2.24300e-08
 Reference value :  2.24700e-08
 Reference value :  2.25100e-08
 Reference value :  2.25500e-08
 Reference value :  2.26000e-08
 Reference value :  2.26140e-08
 Reference value :  2.26900e-08
 Reference value :  2.27500e-08
 Reference value :  2.28000e-08
 Reference value :  2.28140e-08
 Reference value :  2.28700e-08
 Reference value :  2.29300e-08
 Reference value :  2.29700e-08
 Reference value :  2.30060e-08
 Reference value :  2.30500e-08
 Reference value :  2.30900e-08
 Reference value :  2.31500e-08
 Reference value :  2.32000e-08
 Reference value :  2.32140e-08
 Reference value :  2.32700e-08
 Reference value :  2.33100e-08
 Reference value :  2.33500e-08
 Reference value :  2.34000e-08
 Reference value :  2.34140e-08
 Reference value :  2.34900e-08
 Reference value :  2.35500e-08
 Reference value :  2.36000e-08
 Reference value :  2.36140e-08
 Reference value :  2.36700e-08
 Reference value :  2.37300e-08
 Reference value :  2.37700e-08
 Reference value :  2.38020e-08
 Reference value :  2.38300e-08
 Reference value :  2.38900e-08
 Reference value :  2.39500e-08
 Reference value :  2.40000e-08
 Reference value :  2.40300e-08
 Reference value :  2.40700e-08
 Reference value :  2.41100e-08
 Reference value :  2.41500e-08
 Reference value :  2.42000e-08
 Reference value :  2.42140e-08
 Reference value :  2.42700e-08
 Reference value :  2.43500e-08
 Reference value :  2.44020e-08
 Reference value :  2.44300e-08
 Reference value :  2.44900e-08
 Reference value :  2.45300e-08
 Reference value :  2.45850e-08
 Reference value :  2.46140e-08
 Reference value :  2.46700e-08
 Reference value :  2.47300e-08
 Reference value :  2.47700e-08
 Reference value :  2.48000e-08
 Reference value :  2.48140e-08
 Reference value :  2.48500e-08
 Reference value :  2.48900e-08
 Reference value :  2.49500e-08
 Reference value :  2.50000e-08
 Reference value :  2.50140e-08
 Reference value :  2.50700e-08
 Reference value :  2.51300e-08
 Reference value :  2.51850e-08
 Reference value :  2.52060e-08
 Reference value :  2.52500e-08
 Reference value :  2.52900e-08
 Reference value :  2.53500e-08
 Reference value :  2.54000e-08
 Reference value :  2.54140e-08
 Reference value :  2.54700e-08
 Reference value :  2.55100e-08
 Reference value :  2.55500e-08
 Reference value :  2.56000e-08
 Reference value :  2.56140e-08
 Reference value :  2.56700e-08
 Reference value :  2.57300e-08
 Reference value :  2.57850e-08
 Reference value :  2.58060e-08
 Reference value :  2.58500e-08
 Reference value :  2.59100e-08
 Reference value :  2.59500e-08
 Reference value :  2.60000e-08
 Reference value :  2.60300e-08
 Reference value :  2.60900e-08
 Reference value :  2.61500e-08
 Reference value :  2.61850e-08
 Reference value :  2.62020e-08
 Reference value :  2.62300e-08
 Reference value :  2.62900e-08
 Reference value :  2.63300e-08
 Reference value :  2.63700e-08
 Reference value :  2.64020e-08
 Reference value :  2.64500e-08
 Reference value :  2.65300e-08
 Reference value :  2.66000e-08
 Reference value :  2.66140e-08
 Reference value :  2.66700e-08
 Reference value :  2.67300e-08
 Reference value :  2.67700e-08
 Reference value :  2.68060e-08
 Reference value :  2.68500e-08
 Reference value :  2.68900e-08
 Reference value :  2.69300e-08
 Reference value :  2.69850e-08
 Reference value :  2.70060e-08
 Reference value :  2.70700e-08
 Reference value :  2.71100e-08
 Reference value :  2.71500e-08
 Reference value :  2.71850e-08
 Reference value :  2.72060e-08
 Reference value :  2.72500e-08
 Reference value :  2.73100e-08
 Reference value :  2.73700e-08
 Reference value :  2.74020e-08
 Reference value :  2.74300e-08
 Reference value :  2.74900e-08
 Reference value :  2.75300e-08
 Reference value :  2.75700e-08
 Reference value :  2.76020e-08
 Reference value :  2.76300e-08
 Reference value :  2.76700e-08
 Reference value :  2.77300e-08
 Reference value :  2.77850e-08
 Reference value :  2.78060e-08
 Reference value :  2.78500e-08
 Reference value :  2.78900e-08
 Reference value :  2.79300e-08
 Reference value :  2.79700e-08
 Reference value :  2.80020e-08
 Reference value :  2.80300e-08
 Reference value :  2.80900e-08
 Reference value :  2.81500e-08
 Reference value :  2.82000e-08
 Reference value :  2.82140e-08
 Reference value :  2.82700e-08
 Reference value :  2.83100e-08
 Reference value :  2.83500e-08
 Reference value :  2.83850e-08
 Reference value :  2.84060e-08
 Reference value :  2.84500e-08
 Reference value :  2.85100e-08
 Reference value :  2.85500e-08
 Reference value :  2.85850e-08
 Reference value :  2.86020e-08
 Reference value :  2.86300e-08
 Reference value :  2.86700e-08
 Reference value :  2.87100e-08
 Reference value :  2.87700e-08
 Reference value :  2.88020e-08
 Reference value :  2.88300e-08
 Reference value :  2.88900e-08
 Reference value :  2.89500e-08
 Reference value :  2.89850e-08
 Reference value :  2.90060e-08
 Reference value :  2.90500e-08
 Reference value :  2.90900e-08
 Reference value :  2.91500e-08
 Reference value :  2.92000e-08
 Reference value :  2.92300e-08
 Reference value :  2.92900e-08
 Reference value :  2.93300e-08
 Reference value :  2.93700e-08
 Reference value :  2.94000e-08
 Reference value :  2.94140e-08
 Reference value :  2.94700e-08
 Reference value :  2.95300e-08
 Reference value :  2.95850e-08
 Reference value :  2.96060e-08
 Reference value :  2.96500e-08
 Reference value :  2.97100e-08
 Reference value :  2.97500e-08
 Reference value :  2.97850e-08
 Reference value :  2.98020e-08
 Reference value :  2.98140e-08
 Reference value :  2.98500e-08
 Reference value :  2.98900e-08
 Reference value :  2.99500e-08
 Reference value :  3.00000e-08
 Reference value :  3.00140e-08
 Reference value :  3.00500e-08
 Reference value :  3.00900e-08
 Reference value :  3.01500e-08
 Reference value :  3.02000e-08
 Reference value :  3.02300e-08
 Reference value :  3.02900e-08
 Reference value :  3.03500e-08
 Reference value :  3.04000e-08
 Reference value :  3.04140e-08
 Reference value :  3.04700e-08
 Reference value :  3.05500e-08
 Reference value :  3.06000e-08
 Reference value :  3.06300e-08
 Reference value :  3.06900e-08
 Reference value :  3.07500e-08
 Reference value :  3.08000e-08
 Reference value :  3.08300e-08
 Reference value :  3.09100e-08
 Reference value :  3.09700e-08
 Reference value :  3.10020e-08
 Reference value :  3.10300e-08
 Reference value :  3.10900e-08
 Reference value :  3.11700e-08
 Reference value :  3.12020e-08
 Reference value :  3.12300e-08
 Reference value :  3.12900e-08
 Reference value :  3.13500e-08
 Reference value :  3.14000e-08
 Reference value :  3.14140e-08
 Reference value :  3.14700e-08
 Reference value :  3.15100e-08
 Reference value :  3.15700e-08
 Reference value :  3.16020e-08
 Reference value :  3.16300e-08
 Reference value :  3.16700e-08
 Reference value :  3.17100e-08
 Reference value :  3.17700e-08
 Reference value :  3.18000e-08
 Reference value :  3.18300e-08
 Reference value :  3.19100e-08
 Reference value :  3.19850e-08
 Reference value :  3.20060e-08
 Reference value :  3.20700e-08
 Reference value :  3.21100e-08
 Reference value :  3.21500e-08
 Reference value :  3.22000e-08
 Reference value :  3.22140e-08
 Reference value :  3.22700e-08
 Reference value :  3.23300e-08
 Reference value :  3.23850e-08
 Reference value :  3.24060e-08
 Reference value :  3.24500e-08
 Reference value :  3.25100e-08
 Reference value :  3.25500e-08
 Reference value :  3.26000e-08
 Reference value :  3.26140e-08
 Reference value :  3.26900e-08
 Reference value :  3.27500e-08
 Reference value :  3.28000e-08
 Reference value :  3.28140e-08
 Reference value :  3.28700e-08
 Reference value :  3.29100e-08
 Reference value :  3.29500e-08
 Reference value :  3.29850e-08
 Reference value :  3.30060e-08
 Reference value :  3.30500e-08
 Reference value :  3.31100e-08
 Reference value :  3.31500e-08
 Reference value :  3.32000e-08
 Reference value :  3.32140e-08
 Reference value :  3.32500e-08
 Reference value :  3.33100e-08
 Reference value :  3.33850e-08
 Reference value :  3.34060e-08
 Reference value :  3.34500e-08
 Reference value :  3.35100e-08
 Reference value :  3.35700e-08
 Reference value :  3.36020e-08
 Reference value :  3.36300e-08
 Reference value :  3.36700e-08
 Reference value :  3.37100e-08
 Reference value :  3.37700e-08
 Reference value :  3.38020e-08
 Reference value :  3.38300e-08
 Reference value :  3.38900e-08
 Reference value :  3.39500e-08
 Reference value :  3.39850e-08
 Reference value :  3.40020e-08
 Reference value :  3.40300e-08
 Reference value :  3.40700e-08
 Reference value :  3.41300e-08
 Reference value :  3.41850e-08
 Reference value :  3.42060e-08
 Reference value :  3.42700e-08
 Reference value :  3.43500e-08
 Reference value :  3.44020e-08
 Reference value :  3.44500e-08
 Reference value :  3.44900e-08
 Reference value :  3.45500e-08
 Reference value :  3.45850e-08
 Reference value :  3.46020e-08
 Reference value :  3.46300e-08
 Reference value :  3.46900e-08
 Reference value :  3.47500e-08
 Reference value :  3.47850e-08
 Reference value :  3.48140e-08
 Reference value :  3.48700e-08
 Reference value :  3.49300e-08
 Reference value :  3.49850e-08
 Reference value :  3.50140e-08
 Reference value :  3.50900e-08
 Reference value :  3.51700e-08
 Reference value :  3.52060e-08
 Reference value :  3.52500e-08
 Reference value :  3.52900e-08
 Reference value :  3.53300e-08
 Reference value :  3.53700e-08
 Reference value :  3.54020e-08
 Reference value :  3.54500e-08
 Reference value :  3.55100e-08
 Reference value :  3.55500e-08
 Reference value :  3.55850e-08
 Reference value :  3.56020e-08
 Reference value :  3.56300e-08
 Reference value :  3.56700e-08
 Reference value :  3.57300e-08
 Reference value :  3.57850e-08
 Reference value :  3.58140e-08
 Reference value :  3.58700e-08
 Reference value :  3.59300e-08
 Reference value :  3.59700e-08
 Reference value :  3.60020e-08
 Reference value :  3.60300e-08
 Reference value :  3.60700e-08
 Reference value :  3.61100e-08
 Reference value :  3.61850e-08
 Reference value :  3.62060e-08
 Reference value :  3.62500e-08
 Reference value :  3.62900e-08
 Reference value :  3.63300e-08
 Reference value :  3.63700e-08
 Reference value :  3.64020e-08
 Reference value :  3.64300e-08
 Reference value :  3.64900e-08
 Reference value :  3.65500e-08
 Reference value :  3.66020e-08
 Reference value :  3.66300e-08
 Reference value :  3.66900e-08
 Reference value :  3.67300e-08
 Reference value :  3.67700e-08
 Reference value :  3.68000e-08
 Reference value :  3.68140e-08
 Reference value :  3.68700e-08
 Reference value :  3.69500e-08
 Reference value :  3.69850e-08
 Reference value :  3.70060e-08
 Reference value :  3.70500e-08
 Reference value :  3.70900e-08
 Reference value :  3.71500e-08
 Reference value :  3.72000e-08
 Reference value :  3.72140e-08
 Reference value :  3.72700e-08
 Reference value :  3.73500e-08
 Reference value :  3.74020e-08
 Reference value :  3.74300e-08
 Reference value :  3.74700e-08
 Reference value :  3.75100e-08
 Reference value :  3.75500e-08
 Reference value :  3.75850e-08
 Reference value :  3.76060e-08
 Reference value :  3.76500e-08
 Reference value :  3.77100e-08
 Reference value :  3.77500e-08
 Reference value :  3.77850e-08
 Reference value :  3.78060e-08
 Reference value :  3.78500e-08
 Reference value :  3.78900e-08
 Reference value :  3.79300e-08
 Reference value :  3.79850e-08
 Reference value :  3.80060e-08
 Reference value :  3.80500e-08
 Reference value :  3.81300e-08
 Reference value :  3.82000e-08
 Reference value :  3.82300e-08
 Reference value :  3.82900e-08
 Reference value :  3.83300e-08
 Reference value :  3.83700e-08
 Reference value :  3.84060e-08
 Reference value :  3.84500e-08
 Reference value :  3.85100e-08
 Reference value :  3.85700e-08
 Reference value :  3.86060e-08
 Reference value :  3.86500e-08
 Reference value :  3.86900e-08
 Reference value :  3.87300e-08
 Reference value :  3.87700e-08
 Reference value :  3.88020e-08
 Reference value :  3.88300e-08
 Reference value :  3.88900e-08
 Reference value :  3.89500e-08
 Reference value :  3.90000e-08
 Reference value :  3.90140e-08
 Reference value :  3.90500e-08
 Reference value :  3.90900e-08
 Reference value :  3.91300e-08
 Reference value :  3.91700e-08
 Reference value :  3.92000e-08
 Reference value :  3.92140e-08
 Reference value :  3.92700e-08
 Reference value :  3.93300e-08
 Reference value :  3.93700e-08
 Reference value :  3.94000e-08
 Reference value :  3.94300e-08
 Reference value :  3.94900e-08
 Reference value :  3.95300e-08
 Reference value :  3.96000e-08
 Reference value :  3.96140e-08
 Reference value :  3.96900e-08
 Reference value :  3.97500e-08
 Reference value :  3.98000e-08
 Reference value :  3.98300e-08
 Reference value :  3.98700e-08
 Reference value :  3.99100e-08
 Reference value :  3.99500e-08
 Reference value :  4.00020e-08
 Reference value :  4.00500e-08
 Reference value :  4.00900e-08
 Reference value :  4.01300e-08
 Reference value :  4.01700e-08
 Reference value :  4.02000e-08
 Reference value :  4.02300e-08
 Reference value :  4.02700e-08
 Reference value :  4.03300e-08
 Reference value :  4.03850e-08
 Reference value :  4.04060e-08
 Reference value :  4.04500e-08
 Reference value :  4.05100e-08
 Reference value :  4.05500e-08
 Reference value :  4.05850e-08
 Reference value :  4.06140e-08
 Reference value :  4.06500e-08
 Reference value :  4.07100e-08
 Reference value :  4.07700e-08
 Reference value :  4.08020e-08
 Reference value :  4.08300e-08
 Reference value :  4.08900e-08
 Reference value :  4.09300e-08
 Reference value :  4.09700e-08
 Reference value :  4.10020e-08
 Reference value :  4.10500e-08
 Reference value :  4.11100e-08
 Reference value :  4.11850e-08
 Reference value :  4.12060e-08
 Reference value :  4.12500e-08
 Reference value :  4.12900e-08
 Reference value :  4.13500e-08
 Reference value :  4.13850e-08
 Reference value :  4.14060e-08
 Reference value :  4.14500e-08
 Reference value :  4.15300e-08
 Reference value :  4.15700e-08
 Reference value :  4.16020e-08
 Reference value :  4.16300e-08
 Reference value :  4.16700e-08
 Reference value :  4.17100e-08
 Reference value :  4.17500e-08
 Reference value :  4.18000e-08
 Reference value :  4.18140e-08
 Reference value :  4.18700e-08
 Reference value :  4.19500e-08
 Reference value :  4.20000e-08
 Reference value :  4.20300e-08
 Reference value :  4.20900e-08
 Reference value :  4.21500e-08
 Reference value :  4.22000e-08
 Reference value :  4.22140e-08
 Reference value :  4.22700e-08
 Reference value :  4.23300e-08
 Reference value :  4.24000e-08
 Reference value :  4.24300e-08
 Reference value :  4.24900e-08
 Reference value :  4.25300e-08
 Reference value :  4.25850e-08
 Reference value :  4.26140e-08
 Reference value :  4.26700e-08
 Reference value :  4.27500e-08
 Reference value :  4.28000e-08
 Reference value :  4.28140e-08
 Reference value :  4.28700e-08
 Reference value :  4.29100e-08
 Reference value :  4.29500e-08
 Reference value :  4.30000e-08
 Reference value :  4.30300e-08
 Reference value :  4.30700e-08
 Reference value :  4.31500e-08
 Reference value :  4.31850e-08
 Reference value :  4.32060e-08
 Reference value :  4.32500e-08
 Reference value :  4.32900e-08
 Reference value :  4.33300e-08
 Reference value :  4.33850e-08
 Reference value :  4.34060e-08
 Reference value :  4.34700e-08
 Reference value :  4.35300e-08
 Reference value :  4.35850e-08
 Reference value :  4.36060e-08
 Reference value :  4.36500e-08
 Reference value :  4.36900e-08
 Reference value :  4.37300e-08
 Reference value :  4.37700e-08
 Reference value :  4.38020e-08
 Reference value :  4.38300e-08
 Reference value :  4.38900e-08
 Reference value :  4.39500e-08
 Reference value :  4.39850e-08
 Reference value :  4.40060e-08
 Reference value :  4.40300e-08
 Reference value :  4.40700e-08
 Reference value :  4.41100e-08
 Reference value :  4.41700e-08
 Reference value :  4.42020e-08
 Reference value :  4.42300e-08
 Reference value :  4.42900e-08
 Reference value :  4.43500e-08
 Reference value :  4.43850e-08
 Reference value :  4.44060e-08
 Reference value :  4.44500e-08
 Reference value :  4.44900e-08
 Reference value :  4.45300e-08
 Reference value :  4.45850e-08
 Reference value :  4.46060e-08
 Reference value :  4.46500e-08
 Reference value :  4.47100e-08
 Reference value :  4.47500e-08
 Reference value :  4.47850e-08
 Reference value :  4.48060e-08
 Reference value :  4.48500e-08
 Reference value :  4.49100e-08
 Reference value :  4.49700e-08
 Reference value :  4.50020e-08
 Reference value :  4.50500e-08
 Reference value :  4.51100e-08
 Reference value :  4.51500e-08
 Reference value :  4.51850e-08
 Reference value :  4.52060e-08
 Reference value :  4.52500e-08
 Reference value :  4.53100e-08
 Reference value :  4.53700e-08
 Reference value :  4.54000e-08
 Reference value :  4.54140e-08
 Reference value :  4.54500e-08
 Reference value :  4.54900e-08
 Reference value :  4.55300e-08
 Reference value :  4.55700e-08
 Reference value :  4.56020e-08
 Reference value :  4.56300e-08
 Reference value :  4.56900e-08
 Reference value :  4.57500e-08
 Reference value :  4.58000e-08
 Reference value :  4.58140e-08
 Reference value :  4.58700e-08
 Reference value :  4.59300e-08
 Reference value :  4.59850e-08
 Reference value :  4.60060e-08
 Reference value :  4.60500e-08
 Reference value :  4.60900e-08
 Reference value :  4.61300e-08
 Reference value :  4.61850e-08
 Reference value :  4.62060e-08
 Reference value :  4.62500e-08
 Reference value :  4.62900e-08
 Reference value :  4.63300e-08
 Reference value :  4.63700e-08
 Reference value :  4.64000e-08
 Reference value :  4.64140e-08
 Reference value :  4.64900e-08
 Reference value :  4.65500e-08
 Reference value :  4.66000e-08
 Reference value :  4.66140e-08
 Reference value :  4.66700e-08
 Reference value :  4.67300e-08
 Reference value :  4.67700e-08
 Reference value :  4.68020e-08
 Reference value :  4.68500e-08
 Reference value :  4.69100e-08
 Reference value :  4.69700e-08
 Reference value :  4.70020e-08
 Reference value :  4.70300e-08
 Reference value :  4.70700e-08
 Reference value :  4.71100e-08
 Reference value :  4.71500e-08
 Reference value :  4.72000e-08
 Reference value :  4.72300e-08
 Reference value :  4.72900e-08
 Reference value :  4.73500e-08
 Reference value :  4.74000e-08
 Reference value :  4.74140e-08
 Reference value :  4.74700e-08
 Reference value :  4.75100e-08
 Reference value :  4.75500e-08
 Reference value :  4.76000e-08
 Reference value :  4.76140e-08
 Reference value :  4.76700e-08
 Reference value :  4.77300e-08
 Reference value :  4.77850e-08
 Reference value :  4.78060e-08
 Reference value :  4.78500e-08
 Reference value :  4.78900e-08
 Reference value :  4.79300e-08
 Reference value :  4.79850e-08
 Reference value :  4.80060e-08
 Reference value :  4.80500e-08
 Reference value :  4.81300e-08
 Reference value :  4.81850e-08
 Reference value :  4.82060e-08
 Reference value :  4.82500e-08
 Reference value :  4.82900e-08
 Reference value :  4.83300e-08
 Reference value :  4.83850e-08
 Reference value :  4.84060e-08
 Reference value :  4.84700e-08
 Reference value :  4.85100e-08
 Reference value :  4.85700e-08
 Reference value :  4.86020e-08
 Reference value :  4.86300e-08
 Reference value :  4.86900e-08
 Reference value :  4.87500e-08
 Reference value :  4.88020e-08
 Reference value :  4.88300e-08
 Reference value :  4.88900e-08
 Reference value :  4.89500e-08
 Reference value :  4.89850e-08
 Reference value :  4.90020e-08
 Reference value :  4.90300e-08
 Reference value :  4.90700e-08
 Reference value :  4.91100e-08
 Reference value :  4.91700e-08
 Reference value :  4.92020e-08
 Reference value :  4.92300e-08
 Reference value :  4.92900e-08
 Reference value :  4.93500e-08
 Reference value :  4.93850e-08
 Reference value :  4.94060e-08
 Reference value :  4.94500e-08
 Reference value :  4.95100e-08
 Reference value :  4.95700e-08
 Reference value :  4.96020e-08
 Reference value :  4.96300e-08
 Reference value :  4.96900e-08
 Reference value :  4.97500e-08
 Reference value :  4.98000e-08
 Reference value :  4.98140e-08
 Reference value :  4.98500e-08
 Reference value :  4.98900e-08
 Reference value :  4.99300e-08
 Reference value :  4.99700e-08
 Reference value :  5.00020e-08
 Reference value :  5.00300e-08
 Reference value :  5.00900e-08
 Reference value :  5.01500e-08
 Reference value :  5.02000e-08
 Reference value :  5.02140e-08
 Reference value :  5.02500e-08
 Reference value :  5.02900e-08
 Reference value :  5.03500e-08
 Reference value :  5.04000e-08
 Reference value :  5.04140e-08
 Reference value :  5.04700e-08
 Reference value :  5.05300e-08
 Reference value :  5.05850e-08
 Reference value :  5.06140e-08
 Reference value :  5.06700e-08
 Reference value :  5.07100e-08
 Reference value :  5.07500e-08
 Reference value :  5.08000e-08
 Reference value :  5.08300e-08
 Reference value :  5.08700e-08
 Reference value :  5.09100e-08
 Reference value :  5.09500e-08
 Reference value :  5.09850e-08
 Reference value :  5.10060e-08
 Reference value :  5.10500e-08
 Reference value :  5.11100e-08
 Reference value :  5.11700e-08
 Reference value :  5.12020e-08
 Reference value :  5.12300e-08
 Reference value :  5.12900e-08
 Reference value :  5.13300e-08
 Reference value :  5.13700e-08
 Reference value :  5.14060e-08
 Reference value :  5.14500e-08
 Reference value :  5.14900e-08
 Reference value :  5.15500e-08
 Reference value :  5.16000e-08
 Reference value :  5.16140e-08
 Reference value :  5.16700e-08
 Reference value :  5.17100e-08
 Reference value :  5.17500e-08
 Reference value :  5.17850e-08
 Reference value :  5.18060e-08
 Reference value :  5.18500e-08
 Reference value :  5.19100e-08
 Reference value :  5.19700e-08
 Reference value :  5.20020e-08
 Reference value :  5.20300e-08
 Reference value :  5.20700e-08
 Reference value :  5.21100e-08
 Reference value :  5.21500e-08
 Reference value :  5.21850e-08
 Reference value :  5.22060e-08
 Reference value :  5.22500e-08
 Reference value :  5.23100e-08
 Reference value :  5.23500e-08
 Reference value :  5.23850e-08
 Reference value :  5.24020e-08
 Reference value :  5.24300e-08
 Reference value :  5.24900e-08
 Reference value :  5.25500e-08
 Reference value :  5.26020e-08
 Reference value :  5.26300e-08
 Reference value :  5.26900e-08
 Reference value :  5.27500e-08
 Reference value :  5.28000e-08
 Reference value :  5.28140e-08
 Reference value :  5.28500e-08
 Reference value :  5.28900e-08
 Reference value :  5.29300e-08
 Reference value :  5.29850e-08
 Reference value :  5.30060e-08
 Reference value :  5.30700e-08
 Reference value :  5.31100e-08
 Reference value :  5.31500e-08
 Reference value :  5.31850e-08
 Reference value :  5.32060e-08
 Reference value :  5.32300e-08
 Reference value :  5.32700e-08
 Reference value :  5.33300e-08
 Reference value :  5.33850e-08
 Reference value :  5.34060e-08
 Reference value :  5.34700e-08
 Reference value :  5.35500e-08
 Reference value :  5.36000e-08
 Reference value :  5.36300e-08
 Reference value :  5.36700e-08
 Reference value :  5.37100e-08
 Reference value :  5.37500e-08
 Reference value :  5.37850e-08
 Reference value :  5.38060e-08
 Reference value :  5.38500e-08
 Reference value :  5.39100e-08
 Reference value :  5.39700e-08
 Reference value :  5.40020e-08
 Reference value :  5.40300e-08
 Reference value :  5.40900e-08
 Reference value :  5.41500e-08
 Reference value :  5.42020e-08
 Reference value :  5.42500e-08
 Reference value :  5.43300e-08
 Reference value :  5.43850e-08
 Reference value :  5.44060e-08
 Reference value :  5.44500e-08
 Reference value :  5.45100e-08
 Reference value :  5.45500e-08
 Reference value :  5.46000e-08
 Reference value :  5.46300e-08
 Reference value :  5.46900e-08
 Reference value :  5.47300e-08
 Reference value :  5.47850e-08
 Reference value :  5.48060e-08
 Reference value :  5.48500e-08
 Reference value :  5.49100e-08
 Reference value :  5.49850e-08
 Reference value :  5.50060e-08
 Reference value :  5.50700e-08
 Reference value :  5.51500e-08
 Reference value :  5.52000e-08
 Reference value :  5.52140e-08
 Reference value :  5.52700e-08
 Reference value :  5.53100e-08
 Reference value :  5.53700e-08
 Reference value :  5.54060e-08
 Reference value :  5.54500e-08
 Reference value :  5.54900e-08
 Reference value :  5.55300e-08
 Reference value :  5.55700e-08
 Reference value :  5.56020e-08
 Reference value :  5.56300e-08
 Reference value :  5.57100e-08
 Reference value :  5.57850e-08
 Reference value :  5.58060e-08
 Reference value :  5.58500e-08
 Reference value :  5.59100e-08
 Reference value :  5.59500e-08
 Reference value :  5.59850e-08
 Reference value :  5.60060e-08
 Reference value :  5.60500e-08
 Reference value :  5.61100e-08
 Reference value :  5.61700e-08
 Reference value :  5.62000e-08
 Reference value :  5.62140e-08
 Reference value :  5.62500e-08
 Reference value :  5.62900e-08
 Reference value :  5.63300e-08
 Reference value :  5.63850e-08
 Reference value :  5.64060e-08
 Reference value :  5.64500e-08
 Reference value :  5.65100e-08
 Reference value :  5.65850e-08
 Reference value :  5.66060e-08
 Reference value :  5.66500e-08
 Reference value :  5.66900e-08
 Reference value :  5.67300e-08
 Reference value :  5.67700e-08
 Reference value :  5.68020e-08
 Reference value :  5.68300e-08
 Reference value :  5.68900e-08
 Reference value :  5.69300e-08
 Reference value :  5.69700e-08
 Reference value :  5.70000e-08
 Reference value :  5.70140e-08
 Reference value :  5.70500e-08
 Reference value :  5.70900e-08
 Reference value :  5.71500e-08
 Reference value :  5.72000e-08
 Reference value :  5.72300e-08
 Reference value :  5.72900e-08
 Reference value :  5.73500e-08
 Reference value :  5.74000e-08
 Reference value :  5.74140e-08
 Reference value :  5.74900e-08
 Reference value :  5.75300e-08
 Reference value :  5.75700e-08
 Reference value :  5.76020e-08
 Reference value :  5.76300e-08
 Reference value :  5.76700e-08
 Reference value :  5.77300e-08
 Reference value :  5.77850e-08
 Reference value :  5.78060e-08
 Reference value :  5.78500e-08
 Reference value :  5.78900e-08
 Reference value :  5.79300e-08
 Reference value :  5.79700e-08
 Reference value :  5.80060e-08
 Reference value :  5.80500e-08
 Reference value :  5.81100e-08
 Reference value :  5.81700e-08
 Reference value :  5.82020e-08
 Reference value :  5.82300e-08
 Reference value :  5.82700e-08
 Reference value :  5.83100e-08
 Reference value :  5.83700e-08
 Reference value :  5.84020e-08
 Reference value :  5.84300e-08
 Reference value :  5.85100e-08
 Reference value :  5.85500e-08
 Reference value :  5.85850e-08
 Reference value :  5.86060e-08
 Reference value :  5.86500e-08
 Reference value :  5.86900e-08
 Reference value :  5.87500e-08
 Reference value :  5.88000e-08
 Reference value :  5.88140e-08
 Reference value :  5.88700e-08
 Reference value :  5.89300e-08
 Reference value :  5.89850e-08
 Reference value :  5.90060e-08
 Reference value :  5.90500e-08
 Reference value :  5.90900e-08
 Reference value :  5.91300e-08
 Reference value :  5.91850e-08
 Reference value :  5.92060e-08
 Reference value :  5.92500e-08
 Reference value :  5.93100e-08
 Reference value :  5.93500e-08
 Reference value :  5.93850e-08
 Reference value :  5.94060e-08
 Reference value :  5.94500e-08
 Reference value :  5.95100e-08
 Reference value :  5.95700e-08
 Reference value :  5.96020e-08
 Reference value :  5.96300e-08
 Reference value :  5.96900e-08
 Reference value :  5.97500e-08
 Reference value :  5.98000e-08
 Reference value :  5.98140e-08
 Reference value :  5.98700e-08
 Reference value :  5.99300e-08
 Reference value :  5.99850e-08
 Reference value :  6.00060e-08
 Reference value :  6.00500e-08
 Reference value :  6.01100e-08
 Reference value :  6.01500e-08
 Reference value :  6.02000e-08
 Reference value :  6.02140e-08
 Reference value :  6.02700e-08
 Reference value :  6.03500e-08
 Reference value :  6.04020e-08
 Reference value :  6.04300e-08
 Reference value :  6.04900e-08
 Reference value :  6.05300e-08
 Reference value :  6.05700e-08
 Reference value :  6.06000e-08
 Reference value :  6.06140e-08
 Reference value :  6.06700e-08
 Reference value :  6.07300e-08
 Reference value :  6.07700e-08
 Reference value :  6.08000e-08
 Reference value :  6.08140e-08
 Reference value :  6.08700e-08
 Reference value :  6.09100e-08
 Reference value :  6.09500e-08
 Reference value :  6.10000e-08
 Reference value :  6.10140e-08
 Reference value :  6.10700e-08
 Reference value :  6.11500e-08
 Reference value :  6.12000e-08
 Reference value :  6.12140e-08
 Reference value :  6.12700e-08
 Reference value :  6.13300e-08
 Reference value :  6.13850e-08
 Reference value :  6.14060e-08
 Reference value :  6.14500e-08
 Reference value :  6.14900e-08
 Reference value :  6.15500e-08
 Reference value :  6.16020e-08
 Reference value :  6.16500e-08
 Reference value :  6.16900e-08
 Reference value :  6.17300e-08
 Reference value :  6.17850e-08
 Reference value :  6.18060e-08
 Reference value :  6.18500e-08
 Reference value :  6.19300e-08
 Reference value :  6.20000e-08
 Reference value :  6.20300e-08
 Reference value :  6.20900e-08
 Reference value :  6.21300e-08
 Reference value :  6.21700e-08
 Reference value :  6.22060e-08
 Reference value :  6.22500e-08
 Reference value :  6.23100e-08
 Reference value :  6.23700e-08
 Reference value :  6.24000e-08
 Reference value :  6.24140e-08
 Reference value :  6.24500e-08
 Reference value :  6.24900e-08
 Reference value :  6.25300e-08
 Reference value :  6.25700e-08
 Reference value :  6.26020e-08
 Reference value :  6.26300e-08
 Reference value :  6.26900e-08
 Reference value :  6.27500e-08
 Reference value :  6.28000e-08
 Reference value :  6.28140e-08
 Reference value :  6.28700e-08
 Reference value :  6.29100e-08
 Reference value :  6.29500e-08
 Reference value :  6.29850e-08
 Reference value :  6.30060e-08
 Reference value :  6.30700e-08
 Reference value :  6.31300e-08
 Reference value :  6.31700e-08
 Reference value :  6.32020e-08
 Reference value :  6.32300e-08
 Reference value :  6.32900e-08
 Reference value :  6.33500e-08
 Reference value :  6.34020e-08
 Reference value :  6.34500e-08
 Reference value :  6.35300e-08
 Reference value :  6.35850e-08
 Reference value :  6.36060e-08
 Reference value :  6.36500e-08
 Reference value :  6.36900e-08
 Reference value :  6.37300e-08
 Reference value :  6.37850e-08
 Reference value :  6.38140e-08
 Reference value :  6.38700e-08
 Reference value :  6.39100e-08
 Reference value :  6.39500e-08
 Reference value :  6.39850e-08
 Reference value :  6.40060e-08
 Reference value :  6.40500e-08
 Reference value :  6.41100e-08
 Reference value :  6.41850e-08
 Reference value :  6.42060e-08
 Reference value :  6.42500e-08
 Reference value :  6.43100e-08
 Reference value :  6.43700e-08
 Reference value :  6.44020e-08
 Reference value :  6.44300e-08
 Reference value :  6.44700e-08
 Reference value :  6.45300e-08
 Reference value :  6.45850e-08
 Reference value :  6.46060e-08
 Reference value :  6.46500e-08
 Reference value :  6.46900e-08
 Reference value :  6.47300e-08
 Reference value :  6.47850e-08
 Reference value :  6.48060e-08
 Reference value :  6.48500e-08
 Reference value :  6.49100e-08
 Reference value :  6.49700e-08
 Reference value :  6.50020e-08
 Reference value :  6.50300e-08
 Reference value :  6.50900e-08
 Reference value :  6.51500e-08
 Reference value :  6.51850e-08
 Reference value :  6.52140e-08
 Reference value :  6.52700e-08
 Reference value :  6.53100e-08
 Reference value :  6.53700e-08
 Reference value :  6.54060e-08
 Reference value :  6.54500e-08
 Reference value :  6.55100e-08
 Reference value :  6.55500e-08
 Reference value :  6.55850e-08
 Reference value :  6.56060e-08
 Reference value :  6.56500e-08
 Reference value :  6.57300e-08
 Reference value :  6.57850e-08
 Reference value :  6.58140e-08
 Reference value :  6.58700e-08
 Reference value :  6.59300e-08
 Reference value :  6.59700e-08
 Reference value :  6.60060e-08
 Reference value :  6.60500e-08
 Reference value :  6.60900e-08
 Reference value :  6.61500e-08
 Reference value :  6.62000e-08
 Reference value :  6.62140e-08
 Reference value :  6.62500e-08
 Reference value :  6.62900e-08
 Reference value :  6.63300e-08
 Reference value :  6.63700e-08
 Reference value :  6.64060e-08
 Reference value :  6.64500e-08
 Reference value :  6.65100e-08
 Reference value :  6.65700e-08
 Reference value :  6.66020e-08
 Reference value :  6.66300e-08
 Reference value :  6.66900e-08
 Reference value :  6.67300e-08
 Reference value :  6.67700e-08
 Reference value :  6.68020e-08
 Reference value :  6.68300e-08
 Reference value :  6.68900e-08
 Reference value :  6.69500e-08
 Reference value :  6.69850e-08
 Reference value :  6.70060e-08
 Reference value :  6.70500e-08
 Reference value :  6.70900e-08
 Reference value :  6.71300e-08
 Reference value :  6.71850e-08
 Reference value :  6.72060e-08
 Reference value :  6.72500e-08
 Reference value :  6.73300e-08
 Reference value :  6.74000e-08
 Reference value :  6.74140e-08
 Reference value :  6.74500e-08
 Reference value :  6.74900e-08
 Reference value :  6.75300e-08
 Reference value :  6.75700e-08
 Reference value :  6.76020e-08
 Reference value :  6.76300e-08
 Reference value :  6.76900e-08
 Reference value :  6.77300e-08
 Reference value :  6.77700e-08
 Reference value :  6.78000e-08
 Reference value :  6.78140e-08
 Reference value :  6.78700e-08
 Reference value :  6.79300e-08
 Reference value :  6.80000e-08
 Reference value :  6.80140e-08
 Reference value :  6.80900e-08
 Reference value :  6.81500e-08
 Reference value :  6.81850e-08
 Reference value :  6.82020e-08
 Reference value :  6.82300e-08
 Reference value :  6.82700e-08
 Reference value :  6.83100e-08
 Reference value :  6.83700e-08
 Reference value :  6.84020e-08
 Reference value :  6.84300e-08
 Reference value :  6.84900e-08
 Reference value :  6.85500e-08
 Reference value :  6.85850e-08
 Reference value :  6.86020e-08
 Reference value :  6.86300e-08
 Reference value :  6.86900e-08
 Reference value :  6.87500e-08
 Reference value :  6.88020e-08
 Reference value :  6.88300e-08
 Reference value :  6.89100e-08
 Reference value :  6.89850e-08
 Reference value :  6.90060e-08
 Reference value :  6.90500e-08
 Reference value :  6.91100e-08
 Reference value :  6.91500e-08
 Reference value :  6.91850e-08
 Reference value :  6.92060e-08
 Reference value :  6.92500e-08
 Reference value :  6.93300e-08
 Reference value :  6.93700e-08
 Reference value :  6.94000e-08
 Reference value :  6.94140e-08
 Reference value :  6.94500e-08
 Reference value :  6.94900e-08
 Reference value :  6.95500e-08
 Reference value :  6.96000e-08
 Reference value :  6.96140e-08
 Reference value :  6.96700e-08
 Reference value :  6.97300e-08
 Reference value :  6.97850e-08
 Reference value :  6.98140e-08
 Reference value :  6.98700e-08
 Reference value :  6.99300e-08
 Reference value :  6.99850e-08
 Reference value :  7.00060e-08
 Reference value :  7.00500e-08
 Reference value :  7.01100e-08
 Reference value :  7.01500e-08
 Reference value :  7.01850e-08
 Reference value :  7.02060e-08
 Reference value :  7.02500e-08
 Reference value :  7.03100e-08
 Reference value :  7.03700e-08
 Reference value :  7.04060e-08
 Reference value :  7.04500e-08
 Reference value :  7.05100e-08
 Reference value :  7.05500e-08
 Reference value :  7.06000e-08
 Reference value :  7.06140e-08
 Reference value :  7.06700e-08
 Reference value :  7.07500e-08
 Reference value :  7.08020e-08
 Reference value :  7.08500e-08
 Reference value :  7.09100e-08
 Reference value :  7.09700e-08
 Reference value :  7.10020e-08
 Reference value :  7.10300e-08
 Reference value :  7.11100e-08
 Reference value :  7.11850e-08
 Reference value :  7.12140e-08
 Reference value :  7.12700e-08
 Reference value :  7.13100e-08
 Reference value :  7.13500e-08
 Reference value :  7.14000e-08
 Reference value :  7.14300e-08
 Reference value :  7.14900e-08
 Reference value :  7.15500e-08
 Reference value :  7.16000e-08
 Reference value :  7.16300e-08
 Reference value :  7.16700e-08
 Reference value :  7.17300e-08
 Reference value :  7.18000e-08
 Reference value :  7.18300e-08
 Reference value :  7.19100e-08
 Reference value :  7.19700e-08
 Reference value :  7.20020e-08
 Reference value :  7.20300e-08
 Reference value :  7.20700e-08
 Reference value :  7.21100e-08
 Reference value :  7.21500e-08
 Reference value :  7.22000e-08
 Reference value :  7.22300e-08
 Reference value :  7.22900e-08
 Reference value :  7.23300e-08
 Reference value :  7.23850e-08
 Reference value :  7.24060e-08
 Reference value :  7.24500e-08
 Reference value :  7.24900e-08
 Reference value :  7.25500e-08
 Reference value :  7.26000e-08
 Reference value :  7.26140e-08
 Reference value :  7.26700e-08
 Reference value :  7.27300e-08
 Reference value :  7.27850e-08
 Reference value :  7.28060e-08
 Reference value :  7.28500e-08
 Reference value :  7.28900e-08
 Reference value :  7.29300e-08
 Reference value :  7.29700e-08
 Reference value :  7.30000e-08
 Reference value :  7.30140e-08
 Reference value :  7.30700e-08
 Reference value :  7.31500e-08
 Reference value :  7.31850e-08
 Reference value :  7.32060e-08
 Reference value :  7.32500e-08
 Reference value :  7.32900e-08
 Reference value :  7.33300e-08
 Reference value :  7.33850e-08
 Reference value :  7.34060e-08
 Reference value :  7.34500e-08
 Reference value :  7.35100e-08
 Reference value :  7.35850e-08
 Reference value :  7.36140e-08
 Reference value :  7.36700e-08
 Reference value :  7.37100e-08
 Reference value :  7.37500e-08
 Reference value :  7.38000e-08
 Reference value :  7.38300e-08
 Reference value :  7.38900e-08
 Reference value :  7.39300e-08
 Reference value :  7.39700e-08
 Reference value :  7.40000e-08
 Reference value :  7.40140e-08
 Reference value :  7.40500e-08
 Reference value :  7.40900e-08
 Reference value :  7.41700e-08
 Reference value :  7.42020e-08
 Reference value :  7.42300e-08
 Reference value :  7.42900e-08
 Reference value :  7.43500e-08
 Reference value :  7.43850e-08
 Reference value :  7.44140e-08
 Reference value :  7.44700e-08
 Reference value :  7.45100e-08
 Reference value :  7.45700e-08
 Reference value :  7.46020e-08
 Reference value :  7.46300e-08
 Reference value :  7.46900e-08
 Reference value :  7.47300e-08
 Reference value :  7.47700e-08
 Reference value :  7.48020e-08
 Reference value :  7.48300e-08
 Reference value :  7.48900e-08
 Reference value :  7.49500e-08
 Reference value :  7.50000e-08
 Reference value :  7.50300e-08
 Reference value :  7.50900e-08
 Reference value :  7.51300e-08
 Reference value :  7.51700e-08
 Reference value :  7.52000e-08
 Reference value :  7.52140e-08
 Reference value :  7.52500e-08
 Reference value :  7.53100e-08
 Reference value :  7.53700e-08
 Reference value :  7.54000e-08
 Reference value :  7.54140e-08
 Reference value :  7.54500e-08
 Reference value :  7.55100e-08
 Reference value :  7.55700e-08
 Reference value :  7.56060e-08
 Reference value :  7.56700e-08
 Reference value :  7.57500e-08
 Reference value :  7.58000e-08
 Reference value :  7.58140e-08
 Reference value :  7.58700e-08
 Reference value :  7.59100e-08
 Reference value :  7.59500e-08
 Reference value :  7.59850e-08
 Reference value :  7.60060e-08
 Reference value :  7.60500e-08
 Reference value :  7.61100e-08
 Reference value :  7.61500e-08
 Reference value :  7.62000e-08
 Reference value :  7.62140e-08
 Reference value :  7.62700e-08
 Reference value :  7.63100e-08
 Reference value :  7.63700e-08
 Reference value :  7.64060e-08
 Reference value :  7.64500e-08
 Reference value :  7.65100e-08
 Reference value :  7.65850e-08
 Reference value :  7.66140e-08
 Reference value :  7.66700e-08
 Reference value :  7.67100e-08
 Reference value :  7.67500e-08
 Reference value :  7.68000e-08
 Reference value :  7.68140e-08
 Reference value :  7.68500e-08
 Reference value :  7.69100e-08
 Reference value :  7.69700e-08
 Reference value :  7.70020e-08
 Reference value :  7.70300e-08
 Reference value :  7.70700e-08
 Reference value :  7.71100e-08
 Reference value :  7.71500e-08
 Reference value :  7.72000e-08
 Reference value :  7.72300e-08
 Reference value :  7.72900e-08
 Reference value :  7.73500e-08
 Reference value :  7.74020e-08
 Reference value :  7.74500e-08
 Reference value :  7.75100e-08
 Reference value :  7.75700e-08
 Reference value :  7.76000e-08
 Reference value :  7.76140e-08
 Reference value :  7.76900e-08
 Reference value :  7.77500e-08
 Reference value :  7.77850e-08
 Reference value :  7.78060e-08
 Reference value :  7.78500e-08
 Reference value :  7.79100e-08
 Reference value :  7.79700e-08
 Reference value :  7.80060e-08
 Reference value :  7.80500e-08
 Reference value :  7.81300e-08
 Reference value :  7.81850e-08
 Reference value :  7.82060e-08
 Reference value :  7.82500e-08
 Reference value :  7.82900e-08
 Reference value :  7.83300e-08
 Reference value :  7.83850e-08
 Reference value :  7.84060e-08
 Reference value :  7.84500e-08
 Reference value :  7.85100e-08
 Reference value :  7.85500e-08
 Reference value :  7.85850e-08
 Reference value :  7.86020e-08
 Reference value :  7.86300e-08
 Reference value :  7.86700e-08
 Reference value :  7.87300e-08
 Reference value :  7.88000e-08
 Reference value :  7.88300e-08
 Reference value :  7.88900e-08
 Reference value :  7.89500e-08
 Reference value :  7.90000e-08
 Reference value :  7.90140e-08
 Reference value :  7.90700e-08
 Reference value :  7.91500e-08
 Reference value :  7.92000e-08
 Reference value :  7.92140e-08
 Reference value :  7.92500e-08
 Reference value :  7.92900e-08
 Reference value :  7.93300e-08
 Reference value :  7.93850e-08
 Reference value :  7.94060e-08
 Reference value :  7.94700e-08
 Reference value :  7.95500e-08
 Reference value :  7.96020e-08
 Reference value :  7.96300e-08
 Reference value :  7.96900e-08
 Reference value :  7.97300e-08
 Reference value :  7.97700e-08
 Reference value :  7.98000e-08
 Reference value :  7.98300e-08
 Reference value :  7.98900e-08
 Reference value :  7.99500e-08
 Reference value :  7.99850e-08
 Reference value :  8.00140e-08
 Reference value :  8.00700e-08
 Reference value :  8.01300e-08
 Reference value :  8.01700e-08
 Reference value :  8.02020e-08
 Reference value :  8.02300e-08
 Reference value :  8.02900e-08
 Reference value :  8.03500e-08
 Reference value :  8.04000e-08
 Reference value :  8.04300e-08
 Reference value :  8.04900e-08
 Reference value :  8.05500e-08
 Reference value :  8.06000e-08
 Reference value :  8.06140e-08
 Reference value :  8.06700e-08
 Reference value :  8.07300e-08
 Reference value :  8.07850e-08
 Reference value :  8.08060e-08
 Reference value :  8.08500e-08
 Reference value :  8.08900e-08
 Reference value :  8.09500e-08
 Reference value :  8.10000e-08
 Reference value :  8.10140e-08
 Reference value :  8.10700e-08
 Reference value :  8.11300e-08
 Reference value :  8.11850e-08
 Reference value :  8.12060e-08
 Reference value :  8.12500e-08
 Reference value :  8.13100e-08
 Reference value :  8.13500e-08
 Reference value :  8.14000e-08
 Reference value :  8.14140e-08
 Reference value :  8.14700e-08
 Reference value :  8.15300e-08
 Reference value :  8.15850e-08
 Reference value :  8.16020e-08
 Reference value :  8.16300e-08
 Reference value :  8.16700e-08
 Reference value :  8.17100e-08
 Reference value :  8.17500e-08
 Reference value :  8.18000e-08
 Reference value :  8.18140e-08
 Reference value :  8.18700e-08
 Reference value :  8.19300e-08
 Reference value :  8.19850e-08
 Reference value :  8.20060e-08
 Reference value :  8.20500e-08
 Reference value :  8.20900e-08
 Reference value :  8.21300e-08
 Reference value :  8.21700e-08
 Reference value :  8.22020e-08
 Reference value :  8.22500e-08
 Reference value :  8.23100e-08
 Reference value :  8.23700e-08
 Reference value :  8.24000e-08
 Reference value :  8.24140e-08
 Reference value :  8.24500e-08
 Reference value :  8.24900e-08
 Reference value :  8.25500e-08
 Reference value :  8.26000e-08
 Reference value :  8.26140e-08
 Reference value :  8.26700e-08
 Reference value :  8.27300e-08
 Reference value :  8.27700e-08
 Reference value :  8.28020e-08
 Reference value :  8.28300e-08
 Reference value :  8.28700e-08
 Reference value :  8.29100e-08
 Reference value :  8.29850e-08
 Reference value :  8.30060e-08
 Reference value :  8.30500e-08
 Reference value :  8.30900e-08
 Reference value :  8.31500e-08
 Reference value :  8.31850e-08
 Reference value :  8.32060e-08
 Reference value :  8.32500e-08
 Reference value :  8.33100e-08
 Reference value :  8.33700e-08
 Reference value :  8.34020e-08
 Reference value :  8.34500e-08
 Reference value :  8.35100e-08
 Reference value :  8.35500e-08
 Reference value :  8.36000e-08
 Reference value :  8.36140e-08
 Reference value :  8.36500e-08
 Reference value :  8.37100e-08
 Reference value :  8.37700e-08
 Reference value :  8.38020e-08
 Reference value :  8.38300e-08
 Reference value :  8.38700e-08
 Reference value :  8.39300e-08
 Reference value :  8.39850e-08
 Reference value :  8.40140e-08
 Reference value :  8.40900e-08
 Reference value :  8.41700e-08
 Reference value :  8.42060e-08
 Reference value :  8.42500e-08
 Reference value :  8.43300e-08
 Reference value :  8.43850e-08
 Reference value :  8.44140e-08
 Reference value :  8.44700e-08
 Reference value :  8.45300e-08
 Reference value :  8.46000e-08
 Reference value :  8.46300e-08
 Reference value :  8.47100e-08
 Reference value :  8.47500e-08
 Reference value :  8.47850e-08
 Reference value :  8.48060e-08
 Reference value :  8.48500e-08
 Reference value :  8.49100e-08
 Reference value :  8.49700e-08
 Reference value :  8.50020e-08
 Reference value :  8.50300e-08
 Reference value :  8.50900e-08
 Reference value :  8.51500e-08
 Reference value :  8.51850e-08
 Reference value :  8.52140e-08
 Reference value :  8.52700e-08
 Reference value :  8.53100e-08
 Reference value :  8.53700e-08
 Reference value :  8.54020e-08
 Reference value :  8.54300e-08
 Reference value :  8.54700e-08
 Reference value :  8.55100e-08
 Reference value :  8.55500e-08
 Reference value :  8.56000e-08
 Reference value :  8.56140e-08
 Reference value :  8.56900e-08
 Reference value :  8.57500e-08
 Reference value :  8.58000e-08
 Reference value :  8.58140e-08
 Reference value :  8.58700e-08
 Reference value :  8.59100e-08
 Reference value :  8.59500e-08
 Reference value :  8.59850e-08
 Reference value :  8.60060e-08
 Reference value :  8.60500e-08
 Reference value :  8.61100e-08
 Reference value :  8.61700e-08
 Reference value :  8.62020e-08
 Reference value :  8.62300e-08
 Reference value :  8.62700e-08
 Reference value :  8.63100e-08
 Reference value :  8.63700e-08
 Reference value :  8.64060e-08
 Reference value :  8.64700e-08
 Reference value :  8.65500e-08
 Reference value :  8.66020e-08
 Reference value :  8.66300e-08
 Reference value :  8.66700e-08
 Reference value :  8.67300e-08
 Reference value :  8.67850e-08
 Reference value :  8.68140e-08
 Reference value :  8.68900e-08
 Reference value :  8.69500e-08
 Reference value :  8.69850e-08
 Reference value :  8.70060e-08
 Reference value :  8.70500e-08
 Reference value :  8.71100e-08
 Reference value :  8.71700e-08
 Reference value :  8.72020e-08
 Reference value :  8.72300e-08
 Reference value :  8.72900e-08
 Reference value :  8.73500e-08
 Reference value :  8.73850e-08
 Reference value :  8.74060e-08
 Reference value :  8.74500e-08
 Reference value :  8.74900e-08
 Reference value :  8.75500e-08
 Reference value :  8.76000e-08
 Reference value :  8.76140e-08
 Reference value :  8.76500e-08
 Reference value :  8.76900e-08
 Reference value :  8.77300e-08
 Reference value :  8.77700e-08
 Reference value :  8.78000e-08
 Reference value :  8.78140e-08
 Reference value :  8.78700e-08
 Reference value :  8.79300e-08
 Reference value :  8.79850e-08
 Reference value :  8.80060e-08
 Reference value :  8.80500e-08
 Reference value :  8.81100e-08
 Reference value :  8.81700e-08
 Reference value :  8.82020e-08
 Reference value :  8.82300e-08
 Reference value :  8.82700e-08
 Reference value :  8.83100e-08
 Reference value :  8.83500e-08
 Reference value :  8.83850e-08
 Reference value :  8.84060e-08
 Reference value :  8.84500e-08
 Reference value :  8.85100e-08
 Reference value :  8.85500e-08
 Reference value :  8.85850e-08
 Reference value :  8.86020e-08
 Reference value :  8.86300e-08
 Reference value :  8.86900e-08
 Reference value :  8.87500e-08
 Reference value :  8.88000e-08
 Reference value :  8.88140e-08
 Reference value :  8.88700e-08
 Reference value :  8.89300e-08
 Reference value :  8.89700e-08
 Reference value :  8.90020e-08
 Reference value :  8.90500e-08
 Reference value :  8.90900e-08
 Reference value :  8.91300e-08
 Reference value :  8.91850e-08
 Reference value :  8.92060e-08
 Reference value :  8.92500e-08
 Reference value :  8.92900e-08
 Reference value :  8.93500e-08
 Reference value :  8.93850e-08
 Reference value :  8.94060e-08
 Reference value :  8.94500e-08
 Reference value :  8.95300e-08
 Reference value :  8.95850e-08
 Reference value :  8.96060e-08
 Reference value :  8.96500e-08
 Reference value :  8.97100e-08
 Reference value :  8.97500e-08
 Reference value :  8.98000e-08
 Reference value :  8.98140e-08
 Reference value :  8.98500e-08
 Reference value :  8.99100e-08
 Reference value :  8.99700e-08
 Reference value :  9.00020e-08
 Reference value :  9.00300e-08
 Reference value :  9.00700e-08
 Reference value :  9.01100e-08
 Reference value :  9.01500e-08
 Reference value :  9.02000e-08
 Reference value :  9.02140e-08
 Reference value :  9.02700e-08
 Reference value :  9.03300e-08
 Reference value :  9.03850e-08
 Reference value :  9.04060e-08
 Reference value :  9.04500e-08
 Reference value :  9.04900e-08
 Reference value :  9.05300e-08
 Reference value :  9.05700e-08
 Reference value :  9.06000e-08
 Reference value :  9.06140e-08
 Reference value :  9.06700e-08
 Reference value :  9.07300e-08
 Reference value :  9.07700e-08
 Reference value :  9.08000e-08
 Reference value :  9.08140e-08
 Reference value :  9.08700e-08
 Reference value :  9.09300e-08
 Reference value :  9.09850e-08
 Reference value :  9.10060e-08
 Reference value :  9.10700e-08
 Reference value :  9.11300e-08
 Reference value :  9.12000e-08
 Reference value :  9.12140e-08
 Reference value :  9.12500e-08
 Reference value :  9.12900e-08
 Reference value :  9.13500e-08
 Reference value :  9.14020e-08
 Reference value :  9.14300e-08
 Reference value :  9.14900e-08
 Reference value :  9.15300e-08
 Reference value :  9.15700e-08
 Reference value :  9.16000e-08
 Reference value :  9.16140e-08
 Reference value :  9.16500e-08
 Reference value :  9.16900e-08
 Reference value :  9.17500e-08
 Reference value :  9.18000e-08
 Reference value :  9.18140e-08
 Reference value :  9.18700e-08
 Reference value :  9.19300e-08
 Reference value :  9.19850e-08
 Reference value :  9.20060e-08
 Reference value :  9.20500e-08
 Reference value :  9.20900e-08
 Reference value :  9.21300e-08
 Reference value :  9.21850e-08
 Reference value :  9.22060e-08
 Reference value :  9.22500e-08
 Reference value :  9.23300e-08
 Reference value :  9.23850e-08
 Reference value :  9.24060e-08
 Reference value :  9.24500e-08
 Reference value :  9.24900e-08
 Reference value :  9.25300e-08
 Reference value :  9.25850e-08
 Reference value :  9.26060e-08
 Reference value :  9.26500e-08
 Reference value :  9.27300e-08
 Reference value :  9.28000e-08
 Reference value :  9.28300e-08
 Reference value :  9.28700e-08
 Reference value :  9.29300e-08
 Reference value :  9.29700e-08
 Reference value :  9.30020e-08
 Reference value :  9.30300e-08
 Reference value :  9.30900e-08
 Reference value :  9.31300e-08
 Reference value :  9.31700e-08
 Reference value :  9.32000e-08
 Reference value :  9.32300e-08
 Reference value :  9.32700e-08
 Reference value :  9.33300e-08
 Reference value :  9.33850e-08
 Reference value :  9.34060e-08
 Reference value :  9.34700e-08
 Reference value :  9.35300e-08
 Reference value :  9.35700e-08
 Reference value :  9.36020e-08
 Reference value :  9.36300e-08
 Reference value :  9.36700e-08
 Reference value :  9.37100e-08
 Reference value :  9.37700e-08
 Reference value :  9.38020e-08
 Reference value :  9.38300e-08
 Reference value :  9.38700e-08
 Reference value :  9.39100e-08
 Reference value :  9.39500e-08
 Reference value :  9.39850e-08
 Reference value :  9.40060e-08
 Reference value :  9.40500e-08
 Reference value :  9.41300e-08
 Reference value :  9.41850e-08
 Reference value :  9.42060e-08
 Reference value :  9.42500e-08
 Reference value :  9.43100e-08
 Reference value :  9.43500e-08
 Reference value :  9.43850e-08
 Reference value :  9.44060e-08
 Reference value :  9.44500e-08
 Reference value :  9.45100e-08
 Reference value :  9.45700e-08
 Reference value :  9.46000e-08
 Reference value :  9.46140e-08
 Reference value :  9.46500e-08
 Reference value :  9.46900e-08
 Reference value :  9.47300e-08
 Reference value :  9.47850e-08
 Reference value :  9.48060e-08
 Reference value :  9.48500e-08
 Reference value :  9.49100e-08
 Reference value :  9.49700e-08
 Reference value :  9.50020e-08
 Reference value :  9.50500e-08
 Reference value :  9.50900e-08
 Reference value :  9.51300e-08
 Reference value :  9.51700e-08
 Reference value :  9.52000e-08
 Reference value :  9.52140e-08
 Reference value :  9.52700e-08
 Reference value :  9.53300e-08
 Reference value :  9.53850e-08
 Reference value :  9.54060e-08
 Reference value :  9.54500e-08
 Reference value :  9.54900e-08
 Reference value :  9.55300e-08
 Reference value :  9.55850e-08
 Reference value :  9.56140e-08
 Reference value :  9.56700e-08
 Reference value :  9.57300e-08
 Reference value :  9.58000e-08
 Reference value :  9.58140e-08
 Reference value :  9.58700e-08
 Reference value :  9.59100e-08
 Reference value :  9.59700e-08
 Reference value :  9.60020e-08
 Reference value :  9.60300e-08
 Reference value :  9.60900e-08
 Reference value :  9.61500e-08
 Reference value :  9.62000e-08
 Reference value :  9.62140e-08
 Reference value :  9.62500e-08
 Reference value :  9.62900e-08
 Reference value :  9.63300e-08
 Reference value :  9.63850e-08
 Reference value :  9.64060e-08
 Reference value :  9.64500e-08
 Reference value :  9.65100e-08
 Reference value :  9.65700e-08
 Reference value :  9.66060e-08
 Reference value :  9.66500e-08
 Reference value :  9.66900e-08
 Reference value :  9.67500e-08
 Reference value :  9.68000e-08
 Reference value :  9.68140e-08
 Reference value :  9.68700e-08
 Reference value :  9.69300e-08
 Reference value :  9.69700e-08
 Reference value :  9.70000e-08
 Reference value :  9.70140e-08
 Reference value :  9.70700e-08
 Reference value :  9.71300e-08
 Reference value :  9.72000e-08
 Reference value :  9.72140e-08
 Reference value :  9.72700e-08
 Reference value :  9.73300e-08
 Reference value :  9.73850e-08
 Reference value :  9.74060e-08
 Reference value :  9.74500e-08
 Reference value :  9.74900e-08
 Reference value :  9.75300e-08
 Reference value :  9.75850e-08
 Reference value :  9.76060e-08
 Reference value :  9.76700e-08
 Reference value :  9.77100e-08
 Reference value :  9.77700e-08
 Reference value :  9.78000e-08
 Reference value :  9.78300e-08
 Reference value :  9.78700e-08
 Reference value :  9.79300e-08
 Reference value :  9.79850e-08
 Reference value :  9.80060e-08
 Reference value :  9.80700e-08
 Reference value :  9.81300e-08
 Reference value :  9.81850e-08
 Reference value :  9.82060e-08
 Reference value :  9.82500e-08
 Reference value :  9.83100e-08
 Reference value :  9.83700e-08
 Reference value :  9.84020e-08
 Reference value :  9.84300e-08
 Reference value :  9.84700e-08
 Reference value :  9.85100e-08
 Reference value :  9.85500e-08
 Reference value :  9.85850e-08
 Reference value :  9.86060e-08
 Reference value :  9.86500e-08
 Reference value :  9.87100e-08
 Reference value :  9.87850e-08
 Reference value :  9.88060e-08
 Reference value :  9.88500e-08
 Reference value :  9.88900e-08
 Reference value :  9.89300e-08
 Reference value :  9.89700e-08
 Reference value :  9.90000e-08
 Reference value :  9.90140e-08
 Reference value :  9.90900e-08
 Reference value :  9.91500e-08
 Reference value :  9.91850e-08
 Reference value :  9.92060e-08
 Reference value :  9.92500e-08
 Reference value :  9.93100e-08
 Reference value :  9.93500e-08
 Reference value :  9.94000e-08
 Reference value :  9.94140e-08
 Reference value :  9.94700e-08
 Reference value :  9.95300e-08
 Reference value :  9.95850e-08
 Reference value :  9.96060e-08
 Reference value :  9.96700e-08
 Reference value :  9.97300e-08
 Reference value :  9.97700e-08
 Reference value :  9.98060e-08
 Reference value :  9.98500e-08
 Reference value :  9.98900e-08
 Reference value :  9.99500e-08
 Reference value :  1.00000e-07
 Reference value :  1.00014e-07
 Reference value :  1.00070e-07
 Reference value :  1.00110e-07
 Reference value :  1.00150e-07
 Reference value :  1.00185e-07
 Reference value :  1.00206e-07
 Reference value :  1.00270e-07
 Reference value :  1.00350e-07
 Reference value :  1.00402e-07
 Reference value :  1.00430e-07
 Reference value :  1.00490e-07
 Reference value :  1.00530e-07
 Reference value :  1.00570e-07
 Reference value :  1.00602e-07
 Reference value :  1.00630e-07
 Reference value :  1.00670e-07
 Reference value :  1.00730e-07
 Reference value :  1.00785e-07
 Reference value :  1.00802e-07
 Reference value :  1.00830e-07
 Reference value :  1.00870e-07
 Reference value :  1.00910e-07
 Reference value :  1.00950e-07
 Reference value :  1.01000e-07
 Reference value :  1.01014e-07
 Reference value :  1.01070e-07
 Reference value :  1.01130e-07
 Reference value :  1.01185e-07
 Reference value :  1.01214e-07
 Reference value :  1.01270e-07
 Reference value :  1.01310e-07
 Reference value :  1.01350e-07
 Reference value :  1.01400e-07
 Reference value :  1.01430e-07
 Reference value :  1.01510e-07
 Reference value :  1.01570e-07
 Reference value :  1.01600e-07
 Reference value :  1.01614e-07
 Reference value :  1.01650e-07
 Reference value :  1.01690e-07
 Reference value :  1.01750e-07
 Reference value :  1.01800e-07
 Reference value :  1.01814e-07
 Reference value :  1.01870e-07
 Reference value :  1.01930e-07
 Reference value :  1.01985e-07
 Reference value :  1.02002e-07
 Reference value :  1.02050e-07
 Reference value :  1.02090e-07
 Reference value :  1.02150e-07
 Reference value :  1.02202e-07
 Reference value :  1.02230e-07
 Reference value :  1.02270e-07
 Reference value :  1.02310e-07
 Reference value :  1.02350e-07
 Reference value :  1.02385e-07
 Reference value :  1.02406e-07
 Reference value :  1.02450e-07
 Reference value :  1.02510e-07
 Reference value :  1.02570e-07
 Reference value :  1.02602e-07
 Reference value :  1.02650e-07
 Reference value :  1.02710e-07
 Reference value :  1.02750e-07
 Reference value :  1.02785e-07
 Reference value :  1.02806e-07
 Reference value :  1.02850e-07
 Reference value :  1.02910e-07
 Reference value :  1.02985e-07
 Reference value :  1.03002e-07
 Reference value :  1.03030e-07
 Reference value :  1.03070e-07
 Reference value :  1.03110e-07
 Reference value :  1.03150e-07
 Reference value :  1.03185e-07
 Reference value :  1.03206e-07
 Reference value :  1.03250e-07
 Reference value :  1.03310e-07
 Reference value :  1.03370e-07
 Reference value :  1.03402e-07
 Reference value :  1.03430e-07
 Reference value :  1.03490e-07
 Reference value :  1.03550e-07
 Reference value :  1.03585e-07
 Reference value :  1.03606e-07
 Reference value :  1.03650e-07
 Reference value :  1.03690e-07
 Reference value :  1.03730e-07
 Reference value :  1.03770e-07
 Reference value :  1.03802e-07
 Reference value :  1.03830e-07
 Reference value :  1.03890e-07
 Reference value :  1.03930e-07
 Reference value :  1.03970e-07
 Reference value :  1.04000e-07
 Reference value :  1.04014e-07
 Reference value :  1.04070e-07
 Reference value :  1.04130e-07
 Reference value :  1.04185e-07
 Reference value :  1.04206e-07
 Reference value :  1.04250e-07
 Reference value :  1.04310e-07
 Reference value :  1.04350e-07
 Reference value :  1.04385e-07
 Reference value :  1.04406e-07
 Reference value :  1.04450e-07
 Reference value :  1.04490e-07
 Reference value :  1.04550e-07
 Reference value :  1.04600e-07
 Reference value :  1.04630e-07
 Reference value :  1.04670e-07
 Reference value :  1.04710e-07
 Reference value :  1.04750e-07
 Reference value :  1.04800e-07
 Reference value :  1.04814e-07
 Reference value :  1.04870e-07
 Reference value :  1.04930e-07
 Reference value :  1.05000e-07
 Reference value :  1.05030e-07
 Reference value :  1.05090e-07
 Reference value :  1.05150e-07
 Reference value :  1.05200e-07
 Reference value :  1.05230e-07
 Reference value :  1.05290e-07
 Reference value :  1.05350e-07
 Reference value :  1.05400e-07
 Reference value :  1.05414e-07
 Reference value :  1.05450e-07
 Reference value :  1.05490e-07
 Reference value :  1.05530e-07
 Reference value :  1.05585e-07
 Reference value :  1.05606e-07
 Reference value :  1.05650e-07
 Reference value :  1.05710e-07
 Reference value :  1.05770e-07
 Reference value :  1.05802e-07
 Reference value :  1.05830e-07
 Reference value :  1.05870e-07
 Reference value :  1.05930e-07
 Reference value :  1.05985e-07
 Reference value :  1.06006e-07
 Reference value :  1.06050e-07
 Reference value :  1.06090e-07
 Reference value :  1.06130e-07
 Reference value :  1.06170e-07
 Reference value :  1.06200e-07
 Reference value :  1.06214e-07
 Reference value :  1.06270e-07
 Reference value :  1.06310e-07
 Reference value :  1.06370e-07
 Reference value :  1.06402e-07
 Reference value :  1.06430e-07
 Reference value :  1.06510e-07
 Reference value :  1.06570e-07
 Reference value :  1.06602e-07
 Reference value :  1.06630e-07
 Reference value :  1.06690e-07
 Reference value :  1.06750e-07
 Reference value :  1.06800e-07
 Reference value :  1.06830e-07
 Reference value :  1.06890e-07
 Reference value :  1.06930e-07
 Reference value :  1.06970e-07
 Reference value :  1.07000e-07
 Reference value :  1.07014e-07
 Reference value :  1.07070e-07
 Reference value :  1.07150e-07
 Reference value :  1.07200e-07
 Reference value :  1.07214e-07
 Reference value :  1.07290e-07
 Reference value :  1.07370e-07
 Reference value :  1.07402e-07
 Reference value :  1.07430e-07
 Reference value :  1.07470e-07
 Reference value :  1.07530e-07
 Reference value :  1.07585e-07
 Reference value :  1.07614e-07
 Reference value :  1.07690e-07
 Reference value :  1.07750e-07
 Reference value :  1.07800e-07
 Reference value :  1.07814e-07
 Reference value :  1.07850e-07
 Reference value :  1.07890e-07
 Reference value :  1.07950e-07
 Reference value :  1.08002e-07
 Reference value :  1.08050e-07
 Reference value :  1.08110e-07
 Reference value :  1.08170e-07
 Reference value :  1.08200e-07
 Reference value :  1.08230e-07
 Reference value :  1.08270e-07
 Reference value :  1.08310e-07
 Reference value :  1.08350e-07
 Reference value :  1.08400e-07
 Reference value :  1.08414e-07
 Reference value :  1.08470e-07
 Reference value :  1.08510e-07
 Reference value :  1.08570e-07
 Reference value :  1.08602e-07
 Reference value :  1.08630e-07
 Reference value :  1.08670e-07
 Reference value :  1.08730e-07
 Reference value :  1.08785e-07
 Reference value :  1.08814e-07
 Reference value :  1.08870e-07
 Reference value :  1.08930e-07
 Reference value :  1.08970e-07
 Reference value :  1.09002e-07
 Reference value :  1.09030e-07
 Reference value :  1.09090e-07
 Reference value :  1.09150e-07
 Reference value :  1.09200e-07
 Reference value :  1.09214e-07
 Reference value :  1.09270e-07
 Reference value :  1.09310e-07
 Reference value :  1.09350e-07
 Reference value :  1.09385e-07
 Reference value :  1.09406e-07
 Reference value :  1.09450e-07
 Reference value :  1.09510e-07
 Reference value :  1.09570e-07
 Reference value :  1.09602e-07
 Reference value :  1.09630e-07
 Reference value :  1.09670e-07
 Reference value :  1.09730e-07
 Reference value :  1.09770e-07
 Reference value :  1.09800e-07
 Reference value :  1.09814e-07
 Reference value :  1.09870e-07
 Reference value :  1.09930e-07
 Reference value :  1.09970e-07
 Reference value :  1.10000e-07
 Reference value :  1.10014e-07
 Reference value :  1.10070e-07
 Reference value :  1.10110e-07
 Reference value :  1.10170e-07
 Reference value :  1.10206e-07
 Reference value :  1.10250e-07
 Reference value :  1.10310e-07
 Reference value :  1.10370e-07
 Reference value :  1.10402e-07
 Reference value :  1.10430e-07
 Reference value :  1.10470e-07
 Reference value :  1.10510e-07
 Reference value :  1.10550e-07
 Reference value :  1.10600e-07
 Reference value :  1.10614e-07
 Reference value :  1.10670e-07
 Reference value :  1.10710e-07
 Reference value :  1.10770e-07
 Reference value :  1.10800e-07
 Reference value :  1.10814e-07
 Reference value :  1.10850e-07
 Reference value :  1.10890e-07
 Reference value :  1.10950e-07
 Reference value :  1.11000e-07
 Reference value :  1.11014e-07
 Reference value :  1.11070e-07
 Reference value :  1.11130e-07
 Reference value :  1.11185e-07
 Reference value :  1.11206e-07
 Reference value :  1.11250e-07
 Reference value :  1.11290e-07
 Reference value :  1.11350e-07
 Reference value :  1.11385e-07
 Reference value :  1.11406e-07
 Reference value :  1.11450e-07
 Reference value :  1.11510e-07
 Reference value :  1.11570e-07
 Reference value :  1.11600e-07
 Reference value :  1.11630e-07
 Reference value :  1.11670e-07
 Reference value :  1.11710e-07
 Reference value :  1.11770e-07
 Reference value :  1.11802e-07
 Reference value :  1.11830e-07
 Reference value :  1.11890e-07
 Reference value :  1.11950e-07
 Reference value :  1.12002e-07
 Reference value :  1.12030e-07
 Reference value :  1.12090e-07
 Reference value :  1.12130e-07
 Reference value :  1.12170e-07
 Reference value :  1.12200e-07
 Reference value :  1.12214e-07
 Reference value :  1.12290e-07
 Reference value :  1.12330e-07
 Reference value :  1.12370e-07
 Reference value :  1.12400e-07
 Reference value :  1.12414e-07
 Reference value :  1.12450e-07
 Reference value :  1.12510e-07
 Reference value :  1.12570e-07
 Reference value :  1.12602e-07
 Reference value :  1.12630e-07
 Reference value :  1.12690e-07
 Reference value :  1.12750e-07
 Reference value :  1.12785e-07
 Reference value :  1.12806e-07
 Reference value :  1.12850e-07
 Reference value :  1.12890e-07
 Reference value :  1.12930e-07
 Reference value :  1.12985e-07
 Reference value :  1.13006e-07
 Reference value :  1.13050e-07
 Reference value :  1.13090e-07
 Reference value :  1.13130e-07
 Reference value :  1.13170e-07
 Reference value :  1.13200e-07
 Reference value :  1.13214e-07
 Reference value :  1.13270e-07
 Reference value :  1.13350e-07
 Reference value :  1.13402e-07
 Reference value :  1.13450e-07
 Reference value :  1.13510e-07
 Reference value :  1.13550e-07
 Reference value :  1.13585e-07
 Reference value :  1.13606e-07
 Reference value :  1.13650e-07
 Reference value :  1.13710e-07
 Reference value :  1.13770e-07
 Reference value :  1.13800e-07
 Reference value :  1.13814e-07
 Reference value :  1.13870e-07
 Reference value :  1.13910e-07
 Reference value :  1.13970e-07
 Reference value :  1.14006e-07
 Reference value :  1.14070e-07
 Reference value :  1.14130e-07
 Reference value :  1.14200e-07
 Reference value :  1.14214e-07
 Reference value :  1.14270e-07
 Reference value :  1.14310e-07
 Reference value :  1.14350e-07
 Reference value :  1.14385e-07
 Reference value :  1.14406e-07
 Reference value :  1.14450e-07
 Reference value :  1.14510e-07
 Reference value :  1.14550e-07
 Reference value :  1.14600e-07
 Reference value :  1.14614e-07
 Reference value :  1.14650e-07
 Reference value :  1.14690e-07
 Reference value :  1.14730e-07
 Reference value :  1.14785e-07
 Reference value :  1.14806e-07
 Reference value :  1.14850e-07
 Reference value :  1.14910e-07
 Reference value :  1.14970e-07
 Reference value :  1.15000e-07
No. of Data Rows : 7492
vmax_ss             =  1.45384e+00 at=  4.47300e-08
vmin_ss             =  3.40832e-03 at=  7.35700e-08
tk                  =  5.00238e-09
tk                  =  8.84170e-09
tk                  =  1.26809e-08
tk                  =  1.65241e-08
tk                  =  2.03648e-08
tk                  =  2.42058e-08
tk                  =  2.80436e-08
tk                  =  3.18827e-08
tk                  =  3.57344e-08
tk                  =  3.95816e-08
tk                  =  4.34243e-08
tk                  =  4.72623e-08
tk                  =  5.11048e-08
tk                  =  5.49371e-08
tk                  =  5.87826e-08
tk                  =  6.26240e-08
tk                  =  6.64623e-08
tk                  =  7.03062e-08
tk                  =  7.41482e-08
tk                  =  7.79814e-08
tk                  =  8.18191e-08
vmax_ss = 1.453835e+00
vmin_ss = 3.408318e-03
swing_frac = 8.953251e-01
tbar = 3.840834e-09
sigma_1 = 4.453450e-12
sigma_2 = 6.699692e-12
sigma_4 = 8.897368e-12
sigma_8 = 1.342310e-11
Note: Simulation executed from .control section 

----- stderr -----

