|* ro_ring11 transient-noise jitter accumulation -- issue #10 headline points
|*
|* Purpose: issue #10 acceptance criterion 2, second configuration. Same
|* measurement as tb_ro_ring5_jitter.spice (period T0 = `tbar`, jitter
|* accumulation sigma_1/sigma_2/sigma_4, ring swing vmax_ss/vmin_ss/
|* swing_frac), run on design/xschem/ro_ring11.sch -- the 11-stage ring
|* design/xschem/ro_array_core.sch actually instantiates, and whose stage
|* count design/README.md's "Provisional, not sized" table flags as carried
|* over from gf180-trng rather than measured on sky130.
|*
|* Why this ring is NOT the 27-point flagship: it is ~2.2x the devices AND
|* ~2.2x the period of ro_ring5, so ~5x the wall clock per measured period
|* (~9 min per corner point at this deck's settings, vs ~3.5 min for
|* ro_ring5). Per spec/porting-plan.md Sec 2.2 / DR-0006's reduced-grid
|* methodology, the non-flagship configuration runs the 3 headline points
|* only: nominal (tt / 27 degC / 1.8 V), fast-cold-high-supply
|* (ff / -40 degC / 1.98 V), slow-hot-low-supply (ss / 125 degC / 1.62 V --
|* DR-0001's named risk corner).
|*
|* The comparison this configuration exists to make: the array sizing law
|* (spec/porting-plan.md Sec 1.1) is Q = sigma_1^2 * T_s / T0^3 per ring, so
|* stage count enters twice and in opposite directions. For a ring of n
|* nominally identical stages each contributing an independent per-transition
|* timing perturbation, sigma_1^2 grows ~n while T0 grows ~n, giving
|* Q ~ 1/n^2: FEWER stages should be strictly better for entropy per sample
|* at a fixed sample period T_s. That is an analytic expectation, not a
|* measurement, and issue #10's acceptance criteria explicitly forbid
|* carrying a stage-count claim on "left as-is". This deck is the
|* measurement that tests it on sky130 devices: ro_ring5 and ro_ring11 are
|* run at the same three headline points, with the same injected noise
|* level, the same seed, and the same estimator, so their Q ratio is
|* directly readable.
|*
|* Method, injection topology, trnoise() calibration, and every caveat are
|* identical to tb_ro_ring5_jitter.spice -- see that file's header for the
|* full statement (in particular: the injected level is anchored once to
|* sim/ro-stage-noise-mechanism-check's measured near-band output-noise
|* density and is NOT re-measured per corner, so every sigma figure here is
|* good to roughly 1.5-2x, and Q -- which goes as sigma^2 -- to roughly
|* 2-4x). The per-stage series trnoise() sources are wired the same way
|* around the loop: ro -> gA -> ro_nand2 -> n1 -> gB -> stage1 -> n2 -> ...
|* -> n10 -> gK -> stage10 -> ro.
|*
|* STAGE COUNT, stated explicitly because getting it wrong is silent: this
|* ring is ONE ro_nand2 plus TEN ro_stage cells = ELEVEN inverting stages,
|* matching design/ro_array_core.spice's `ro_ring11` subcircuit instance for
|* instance (`xg`, `x1`..`x10`). An even inversion count does not oscillate
|* at all -- it latches -- and ngspice reports that only as a `meas ... when
|* ... rise=N` failure buried in the log, not as an error. A twelve-stage
|* draft of this deck did exactly that during development (measured swing
|* 9.0e-04 x Vdd, i.e. a dead ring), which is why the count is spelled out
|* here and why the runner's own not-flat/finite-measurement checks are not
|* sufficient on their own: the swing_frac measurement below is the guard
|* that makes a latched ring visible in the record itself.
|*
|* Two settings differ from the ro_ring5 deck, both cost-driven and both
|* stated rather than silent:
|*
|*   - 8 periods (9 rising crossings, rise=2..10) instead of 20. The
|*     sigma_1 estimator therefore carries ~25% (1-sigma) statistical error
|*     here instead of ~16%, i.e. ~50% on Q. That is tolerable for the
|*     comparison this deck is for (a predicted ~(11/5)^2 = 4.8x Q ratio
|*     against ro_ring5), and it is NOT good enough to read a corner-to-
|*     corner minimum off ro_ring11 alone -- which is why the
|*     entropy-binding-corner search runs on the ro_ring5 flagship grid.
|*     Note a noisy sigma_1 does NOT blur the corner search on the flagship
|*     grid either: Q goes as sigma_1^2/T_0^3, T_0 is measured to ~0.2%,
|*     and T_0 ranges 2.4x across the grid (14x in T_0^3) while sigma_1^2
|*     ranges under ~2x -- so the grid's Q ordering is dominated by the
|*     precisely-measured term.
|*   - sigma_8 is dropped (only 1 independent 8-period lag exists in 8
|*     periods); sigma_1/sigma_2/sigma_4 are reported.
|*
|* tstop = 130 ns is sized from this ring's own measured nominal period
|* (6.43 ns at tt / 27 degC / 1.8 V, measured directly during this deck's
|* bring-up) scaled by the ro_ring5 grid's measured worst-corner slowdown
|* (4.82 ns vs 2.42 ns at nominal, i.e. 2.0x, driven almost entirely by the
|* 1.62 V supply edge): ~12.9 ns/period worst case, so 9 rising crossings
|* need <= 13 + 8 x 12.9 = 116 ns, and 130 ns carries the margin.
|*
|* Transient max timestep: this deck takes it from 20p rather than
|* hard-coding it, and the campaign runs it at the coarsest step
|* sim/ro-ring-timestep-convergence/ shows to be converged. See that slug's
|* record: at this ring's own edge rates a 5 ps step is far finer than the
|* jitter estimator needs, and the transient step count is the single
|* dominant cost term for a 27-point grid.
|*
|* This file is a TEMPLATE: sim/bin/corner-run.py substitutes /home/ubuntu/.volare/volare/sky130/versions/c6d73a35f524070e85faff4a6a9eef49553ebc2b/sky130A/libs.tech/combined/sky130.lib.spice,
|* ss (process axis), /home/ubuntu/GitHub/sky130-trng/.loom/worktrees/issue-10/design/ro_array_core.spice, 125.0/1.62 (the other two
|* PVT axes), 20p and 1 (this run's `.option seed=`). NOTE: this deck
|* needs ro_nand2/ro_stage from design/ro_array_core.spice (the netlist that
|* carries ro_ring11), NOT from design/ro_ring5.spice, so every invocation
|* must pass `--ro-ring5 design/ro_array_core.spice`. As committed here
|* this is not a runnable deck.
|
|.option scale=1u
|.lib "/home/ubuntu/.volare/volare/sky130/versions/c6d73a35f524070e85faff4a6a9eef49553ebc2b/sky130A/libs.tech/combined/sky130.lib.spice" ss
|
|.include "/home/ubuntu/GitHub/sky130-trng/.loom/worktrees/issue-10/design/ro_array_core.spice"
|
|.temp 125.0
|.option seed=1
|
|Vddr vddr 0 dc 1.62
|Ven en 0 dc 1.62
|
|xg gA en n1 vddr 0 ro_nand2
|VnA gA ro dc 0 trnoise(2.0e-3 2e-10 0 0)
|x1 gB n2 vddr 0 ro_stage
|VnB gB n1 dc 0 trnoise(2.0e-3 2e-10 0 0)
|x2 gC n3 vddr 0 ro_stage
|VnC gC n2 dc 0 trnoise(2.0e-3 2e-10 0 0)
|x3 gD n4 vddr 0 ro_stage
|VnD gD n3 dc 0 trnoise(2.0e-3 2e-10 0 0)
|x4 gE n5 vddr 0 ro_stage
|VnE gE n4 dc 0 trnoise(2.0e-3 2e-10 0 0)
|x5 gF n6 vddr 0 ro_stage
|VnF gF n5 dc 0 trnoise(2.0e-3 2e-10 0 0)
|x6 gG n7 vddr 0 ro_stage
|VnG gG n6 dc 0 trnoise(2.0e-3 2e-10 0 0)
|x7 gH n8 vddr 0 ro_stage
|VnH gH n7 dc 0 trnoise(2.0e-3 2e-10 0 0)
|x8 gI n9 vddr 0 ro_stage
|VnI gI n8 dc 0 trnoise(2.0e-3 2e-10 0 0)
|x9 gJ n10 vddr 0 ro_stage
|VnJ gJ n9 dc 0 trnoise(2.0e-3 2e-10 0 0)
|x10 gK ro vddr 0 ro_stage
|VnK gK n10 dc 0 trnoise(2.0e-3 2e-10 0 0)
|
|.ic v(ro)=0 v(n1)=1.62 v(n2)=0 v(n3)=1.62 v(n4)=0 v(n5)=1.62
|+ v(n6)=0 v(n7)=1.62 v(n8)=0 v(n9)=1.62 v(n10)=0
|
|.tran 20p 130n uic
|
|.control
|run
|meas tran vmax_ss MAX v(ro) from=25n to=130n
|meas tran vmin_ss MIN v(ro) from=25n to=165n
|let swing_frac = (vmax_ss - vmin_ss) / 1.62
|let k = 2
|let tc = vector(9)
|while k <= 10
|  meas tran tk when v(ro)=0.5*1.62 rise=$&k
|  let tc[k-2] = tk
|  let k = k + 1
|end
|let tbar = (tc[8] - tc[0])/8
|let r1 = (tc[1,8] - tc[0,7]) - 1*tbar
|let r2 = (tc[2,8] - tc[0,6]) - 2*tbar
|let r4 = (tc[4,8] - tc[0,4]) - 4*tbar
|let sigma_1 = sqrt(mean(r1*r1)/(1 - 1/8))
|let sigma_2 = sqrt(mean(r2*r2)/(1 - 2/8))
|let sigma_4 = sqrt(mean(r4*r4)/(1 - 4/8))
|print vmax_ss
|print vmin_ss
|print swing_frac
|print tbar
|print sigma_1
|print sigma_2
|print sigma_4
|.endc
|.end
|

----- stdout -----

Note: No compatibility mode selected!


Circuit: * ro_ring11 transient-noise jitter accumulation -- issue #10 headline points

Doing analysis at TEMP = 125.000000 and TNOM = 27.000000

Using SPARSE 1.3 as Direct Linear Solver
Operating point simulation skipped by 'uic',
  now using transient initial conditions.
 Reference value :  2.00000e-13
 Reference value :  2.26796e-13
 Reference value :  3.87569e-13
 Reference value :  8.83907e-13
 Reference value :  4.83154e-12
 Reference value :  1.61053e-11
 Reference value :  2.23368e-11
 Reference value :  4.41474e-11
 Reference value :  8.41474e-11
 Reference value :  1.24147e-10
 Reference value :  1.64147e-10
 Reference value :  2.00000e-10
 Reference value :  2.14000e-10
 Reference value :  2.50000e-10
 Reference value :  2.90000e-10
 Reference value :  3.30000e-10
 Reference value :  3.70000e-10
 Reference value :  4.00000e-10
 Reference value :  4.14000e-10
 Reference value :  4.50000e-10
 Reference value :  4.90000e-10
 Reference value :  5.50000e-10
 Reference value :  6.00000e-10
 Reference value :  6.14000e-10
 Reference value :  6.70000e-10
 Reference value :  7.30000e-10
 Reference value :  7.85000e-10
 Reference value :  8.06000e-10
 Reference value :  8.50000e-10
 Reference value :  8.90000e-10
 Reference value :  9.30000e-10
 Reference value :  1.00000e-09
 Reference value :  1.03000e-09
 Reference value :  1.11000e-09
 Reference value :  1.17000e-09
 Reference value :  1.20200e-09
 Reference value :  1.23000e-09
 Reference value :  1.29000e-09
 Reference value :  1.35000e-09
 Reference value :  1.40000e-09
 Reference value :  1.43000e-09
 Reference value :  1.49000e-09
 Reference value :  1.55000e-09
 Reference value :  1.60000e-09
 Reference value :  1.61400e-09
 Reference value :  1.67000e-09
 Reference value :  1.73000e-09
 Reference value :  1.77000e-09
 Reference value :  1.80200e-09
 Reference value :  1.85000e-09
 Reference value :  1.91000e-09
 Reference value :  1.97000e-09
 Reference value :  2.00200e-09
 Reference value :  2.05000e-09
 Reference value :  2.13000e-09
 Reference value :  2.20000e-09
 Reference value :  2.21400e-09
 Reference value :  2.29000e-09
 Reference value :  2.35000e-09
 Reference value :  2.40200e-09
 Reference value :  2.43000e-09
 Reference value :  2.51000e-09
 Reference value :  2.55000e-09
 Reference value :  2.58500e-09
 Reference value :  2.60600e-09
 Reference value :  2.65000e-09
 Reference value :  2.73000e-09
 Reference value :  2.78500e-09
 Reference value :  2.80600e-09
 Reference value :  2.85000e-09
 Reference value :  2.89000e-09
 Reference value :  2.93000e-09
 Reference value :  2.97000e-09
 Reference value :  3.00200e-09
 Reference value :  3.05000e-09
 Reference value :  3.11000e-09
 Reference value :  3.17000e-09
 Reference value :  3.20200e-09
 Reference value :  3.25000e-09
 Reference value :  3.31000e-09
 Reference value :  3.38500e-09
 Reference value :  3.40600e-09
 Reference value :  3.45000e-09
 Reference value :  3.51000e-09
 Reference value :  3.57000e-09
 Reference value :  3.60200e-09
 Reference value :  3.65000e-09
 Reference value :  3.71000e-09
 Reference value :  3.78500e-09
 Reference value :  3.80600e-09
 Reference value :  3.85000e-09
 Reference value :  3.89000e-09
 Reference value :  3.93000e-09
 Reference value :  3.97000e-09
 Reference value :  4.00200e-09
 Reference value :  4.03000e-09
 Reference value :  4.11000e-09
 Reference value :  4.17000e-09
 Reference value :  4.20200e-09
 Reference value :  4.23000e-09
 Reference value :  4.29000e-09
 Reference value :  4.35000e-09
 Reference value :  4.40000e-09
 Reference value :  4.41400e-09
 Reference value :  4.47000e-09
 Reference value :  4.53000e-09
 Reference value :  4.57000e-09
 Reference value :  4.60200e-09
 Reference value :  4.65000e-09
 Reference value :  4.71000e-09
 Reference value :  4.78500e-09
 Reference value :  4.80600e-09
 Reference value :  4.85000e-09
 Reference value :  4.89000e-09
 Reference value :  4.93000e-09
 Reference value :  4.98500e-09
 Reference value :  5.00600e-09
 Reference value :  5.05000e-09
 Reference value :  5.11000e-09
 Reference value :  5.17000e-09
 Reference value :  5.20200e-09
 Reference value :  5.23000e-09
 Reference value :  5.31000e-09
 Reference value :  5.37000e-09
 Reference value :  5.40600e-09
 Reference value :  5.45000e-09
 Reference value :  5.51000e-09
 Reference value :  5.57000e-09
 Reference value :  5.60200e-09
 Reference value :  5.63000e-09
 Reference value :  5.69000e-09
 Reference value :  5.75000e-09
 Reference value :  5.78500e-09
 Reference value :  5.80600e-09
 Reference value :  5.85000e-09
 Reference value :  5.91000e-09
 Reference value :  5.95000e-09
 Reference value :  6.00000e-09
 Reference value :  6.01400e-09
 Reference value :  6.07000e-09
 Reference value :  6.13000e-09
 Reference value :  6.18500e-09
 Reference value :  6.20600e-09
 Reference value :  6.25000e-09
 Reference value :  6.33000e-09
 Reference value :  6.40000e-09
 Reference value :  6.43000e-09
 Reference value :  6.49000e-09
 Reference value :  6.55000e-09
 Reference value :  6.60000e-09
 Reference value :  6.61400e-09
 Reference value :  6.67000e-09
 Reference value :  6.73000e-09
 Reference value :  6.78500e-09
 Reference value :  6.81400e-09
 Reference value :  6.87000e-09
 Reference value :  6.93000e-09
 Reference value :  6.97000e-09
 Reference value :  7.00600e-09
 Reference value :  7.07000e-09
 Reference value :  7.11000e-09
 Reference value :  7.17000e-09
 Reference value :  7.20200e-09
 Reference value :  7.23000e-09
 Reference value :  7.29000e-09
 Reference value :  7.35000e-09
 Reference value :  7.40000e-09
 Reference value :  7.41400e-09
 Reference value :  7.47000e-09
 Reference value :  7.53000e-09
 Reference value :  7.58500e-09
 Reference value :  7.60600e-09
 Reference value :  7.67000e-09
 Reference value :  7.73000e-09
 Reference value :  7.80000e-09
 Reference value :  7.83000e-09
 Reference value :  7.89000e-09
 Reference value :  7.95000e-09
 Reference value :  8.00000e-09
 Reference value :  8.01400e-09
 Reference value :  8.07000e-09
 Reference value :  8.11000e-09
 Reference value :  8.17000e-09
 Reference value :  8.20200e-09
 Reference value :  8.23000e-09
 Reference value :  8.29000e-09
 Reference value :  8.35000e-09
 Reference value :  8.40000e-09
 Reference value :  8.41400e-09
 Reference value :  8.47000e-09
 Reference value :  8.53000e-09
 Reference value :  8.58500e-09
 Reference value :  8.61400e-09
 Reference value :  8.67000e-09
 Reference value :  8.73000e-09
 Reference value :  8.80000e-09
 Reference value :  8.81400e-09
 Reference value :  8.87000e-09
 Reference value :  8.93000e-09
 Reference value :  8.98500e-09
 Reference value :  9.00600e-09
 Reference value :  9.05000e-09
 Reference value :  9.11000e-09
 Reference value :  9.17000e-09
 Reference value :  9.20200e-09
 Reference value :  9.23000e-09
 Reference value :  9.29000e-09
 Reference value :  9.35000e-09
 Reference value :  9.40200e-09
 Reference value :  9.45000e-09
 Reference value :  9.51000e-09
 Reference value :  9.55000e-09
 Reference value :  9.58500e-09
 Reference value :  9.60200e-09
 Reference value :  9.63000e-09
 Reference value :  9.69000e-09
 Reference value :  9.75000e-09
 Reference value :  9.80000e-09
 Reference value :  9.81400e-09
 Reference value :  9.87000e-09
 Reference value :  9.93000e-09
 Reference value :  9.98500e-09
 Reference value :  1.00060e-08
 Reference value :  1.00500e-08
 Reference value :  1.01100e-08
 Reference value :  1.01700e-08
 Reference value :  1.02000e-08
 Reference value :  1.02140e-08
 Reference value :  1.02900e-08
 Reference value :  1.03500e-08
 Reference value :  1.03850e-08
 Reference value :  1.04060e-08
 Reference value :  1.04500e-08
 Reference value :  1.05100e-08
 Reference value :  1.05700e-08
 Reference value :  1.06060e-08
 Reference value :  1.06700e-08
 Reference value :  1.07100e-08
 Reference value :  1.07500e-08
 Reference value :  1.08000e-08
 Reference value :  1.08300e-08
 Reference value :  1.09100e-08
 Reference value :  1.09700e-08
 Reference value :  1.10000e-08
 Reference value :  1.10140e-08
 Reference value :  1.10700e-08
 Reference value :  1.11300e-08
 Reference value :  1.11850e-08
 Reference value :  1.12060e-08
 Reference value :  1.12500e-08
 Reference value :  1.13100e-08
 Reference value :  1.13700e-08
 Reference value :  1.14020e-08
 Reference value :  1.14300e-08
 Reference value :  1.14700e-08
 Reference value :  1.15300e-08
 Reference value :  1.15850e-08
 Reference value :  1.16060e-08
 Reference value :  1.16500e-08
 Reference value :  1.16900e-08
 Reference value :  1.17300e-08
 Reference value :  1.17700e-08
 Reference value :  1.18020e-08
 Reference value :  1.18500e-08
 Reference value :  1.19300e-08
 Reference value :  1.19850e-08
 Reference value :  1.20140e-08
 Reference value :  1.20700e-08
 Reference value :  1.21300e-08
 Reference value :  1.21850e-08
 Reference value :  1.22140e-08
 Reference value :  1.22900e-08
 Reference value :  1.23500e-08
 Reference value :  1.24000e-08
 Reference value :  1.24140e-08
 Reference value :  1.24500e-08
 Reference value :  1.24900e-08
 Reference value :  1.25300e-08
 Reference value :  1.25850e-08
 Reference value :  1.26060e-08
 Reference value :  1.26500e-08
 Reference value :  1.26900e-08
 Reference value :  1.27300e-08
 Reference value :  1.27700e-08
 Reference value :  1.28000e-08
 Reference value :  1.28300e-08
 Reference value :  1.28900e-08
 Reference value :  1.29500e-08
 Reference value :  1.30020e-08
 Reference value :  1.30500e-08
 Reference value :  1.31300e-08
 Reference value :  1.32000e-08
 Reference value :  1.32300e-08
 Reference value :  1.32900e-08
 Reference value :  1.33700e-08
 Reference value :  1.34020e-08
 Reference value :  1.34300e-08
 Reference value :  1.34900e-08
 Reference value :  1.35500e-08
 Reference value :  1.35850e-08
 Reference value :  1.36060e-08
 Reference value :  1.36500e-08
 Reference value :  1.37300e-08
 Reference value :  1.37700e-08
 Reference value :  1.38000e-08
 Reference value :  1.38140e-08
 Reference value :  1.38700e-08
 Reference value :  1.39300e-08
 Reference value :  1.39700e-08
 Reference value :  1.40060e-08
 Reference value :  1.40700e-08
 Reference value :  1.41300e-08
 Reference value :  1.41850e-08
 Reference value :  1.42140e-08
 Reference value :  1.42700e-08
 Reference value :  1.43500e-08
 Reference value :  1.44020e-08
 Reference value :  1.44300e-08
 Reference value :  1.44900e-08
 Reference value :  1.45500e-08
 Reference value :  1.46000e-08
 Reference value :  1.46300e-08
 Reference value :  1.46700e-08
 Reference value :  1.47300e-08
 Reference value :  1.48000e-08
 Reference value :  1.48300e-08
 Reference value :  1.48700e-08
 Reference value :  1.49100e-08
 Reference value :  1.49700e-08
 Reference value :  1.50020e-08
 Reference value :  1.50300e-08
 Reference value :  1.51100e-08
 Reference value :  1.51700e-08
 Reference value :  1.52020e-08
 Reference value :  1.52500e-08
 Reference value :  1.53100e-08
 Reference value :  1.53700e-08
 Reference value :  1.54020e-08
 Reference value :  1.54300e-08
 Reference value :  1.54900e-08
 Reference value :  1.55500e-08
 Reference value :  1.56000e-08
 Reference value :  1.56140e-08
 Reference value :  1.56700e-08
 Reference value :  1.57300e-08
 Reference value :  1.57700e-08
 Reference value :  1.58020e-08
 Reference value :  1.58500e-08
 Reference value :  1.59100e-08
 Reference value :  1.59700e-08
 Reference value :  1.60020e-08
 Reference value :  1.60300e-08
 Reference value :  1.60700e-08
 Reference value :  1.61300e-08
 Reference value :  1.61850e-08
 Reference value :  1.62060e-08
 Reference value :  1.62500e-08
 Reference value :  1.63300e-08
 Reference value :  1.64000e-08
 Reference value :  1.64300e-08
 Reference value :  1.64900e-08
 Reference value :  1.65700e-08
 Reference value :  1.66020e-08
 Reference value :  1.66500e-08
 Reference value :  1.67300e-08
 Reference value :  1.67700e-08
 Reference value :  1.68020e-08
 Reference value :  1.68300e-08
 Reference value :  1.68700e-08
 Reference value :  1.69500e-08
 Reference value :  1.70000e-08
 Reference value :  1.70300e-08
 Reference value :  1.70700e-08
 Reference value :  1.71100e-08
 Reference value :  1.71500e-08
 Reference value :  1.72020e-08
 Reference value :  1.72300e-08
 Reference value :  1.72900e-08
 Reference value :  1.73500e-08
 Reference value :  1.74000e-08
 Reference value :  1.74300e-08
 Reference value :  1.74700e-08
 Reference value :  1.75500e-08
 Reference value :  1.76000e-08
 Reference value :  1.76300e-08
 Reference value :  1.76900e-08
 Reference value :  1.77700e-08
 Reference value :  1.78020e-08
 Reference value :  1.78500e-08
 Reference value :  1.79100e-08
 Reference value :  1.79700e-08
 Reference value :  1.80060e-08
 Reference value :  1.80500e-08
 Reference value :  1.80900e-08
 Reference value :  1.81500e-08
 Reference value :  1.81850e-08
 Reference value :  1.82060e-08
 Reference value :  1.82500e-08
 Reference value :  1.83300e-08
 Reference value :  1.84000e-08
 Reference value :  1.84300e-08
 Reference value :  1.84900e-08
 Reference value :  1.85700e-08
 Reference value :  1.86060e-08
 Reference value :  1.86700e-08
 Reference value :  1.87500e-08
 Reference value :  1.88000e-08
 Reference value :  1.88140e-08
 Reference value :  1.88700e-08
 Reference value :  1.89500e-08
 Reference value :  1.90000e-08
 Reference value :  1.90300e-08
 Reference value :  1.90700e-08
 Reference value :  1.91500e-08
 Reference value :  1.92000e-08
 Reference value :  1.92300e-08
 Reference value :  1.93100e-08
 Reference value :  1.93850e-08
 Reference value :  1.94140e-08
 Reference value :  1.94900e-08
 Reference value :  1.95500e-08
 Reference value :  1.96020e-08
 Reference value :  1.96300e-08
 Reference value :  1.96900e-08
 Reference value :  1.97700e-08
 Reference value :  1.98020e-08
 Reference value :  1.98500e-08
 Reference value :  1.99100e-08
 Reference value :  1.99700e-08
 Reference value :  2.00020e-08
 Reference value :  2.00300e-08
 Reference value :  2.00900e-08
 Reference value :  2.01500e-08
 Reference value :  2.02000e-08
 Reference value :  2.02300e-08
 Reference value :  2.02700e-08
 Reference value :  2.03100e-08
 Reference value :  2.03500e-08
 Reference value :  2.04000e-08
 Reference value :  2.04300e-08
 Reference value :  2.04900e-08
 Reference value :  2.05500e-08
 Reference value :  2.05850e-08
 Reference value :  2.06060e-08
 Reference value :  2.06500e-08
 Reference value :  2.06900e-08
 Reference value :  2.07500e-08
 Reference value :  2.08020e-08
 Reference value :  2.08300e-08
 Reference value :  2.09100e-08
 Reference value :  2.09700e-08
 Reference value :  2.10020e-08
 Reference value :  2.10300e-08
 Reference value :  2.10900e-08
 Reference value :  2.11500e-08
 Reference value :  2.12020e-08
 Reference value :  2.12300e-08
 Reference value :  2.12900e-08
 Reference value :  2.13500e-08
 Reference value :  2.13850e-08
 Reference value :  2.14060e-08
 Reference value :  2.14500e-08
 Reference value :  2.15100e-08
 Reference value :  2.15700e-08
 Reference value :  2.16020e-08
 Reference value :  2.16300e-08
 Reference value :  2.16900e-08
 Reference value :  2.17300e-08
 Reference value :  2.17850e-08
 Reference value :  2.18060e-08
 Reference value :  2.18500e-08
 Reference value :  2.18900e-08
 Reference value :  2.19500e-08
 Reference value :  2.20020e-08
 Reference value :  2.20500e-08
 Reference value :  2.21100e-08
 Reference value :  2.21700e-08
 Reference value :  2.22020e-08
 Reference value :  2.22140e-08
 Reference value :  2.22700e-08
 Reference value :  2.23300e-08
 Reference value :  2.23850e-08
 Reference value :  2.24060e-08
 Reference value :  2.24500e-08
 Reference value :  2.24900e-08
 Reference value :  2.25500e-08
 Reference value :  2.26000e-08
 Reference value :  2.26140e-08
 Reference value :  2.26700e-08
 Reference value :  2.27100e-08
 Reference value :  2.27500e-08
 Reference value :  2.28000e-08
 Reference value :  2.28300e-08
 Reference value :  2.28700e-08
 Reference value :  2.29300e-08
 Reference value :  2.30000e-08
 Reference value :  2.30140e-08
 Reference value :  2.30900e-08
 Reference value :  2.31500e-08
 Reference value :  2.32020e-08
 Reference value :  2.32500e-08
 Reference value :  2.33300e-08
 Reference value :  2.34000e-08
 Reference value :  2.34300e-08
 Reference value :  2.34900e-08
 Reference value :  2.35500e-08
 Reference value :  2.36000e-08
 Reference value :  2.36300e-08
 Reference value :  2.37100e-08
 Reference value :  2.37700e-08
 Reference value :  2.38060e-08
 Reference value :  2.38500e-08
 Reference value :  2.39100e-08
 Reference value :  2.39850e-08
 Reference value :  2.40060e-08
 Reference value :  2.40700e-08
 Reference value :  2.41500e-08
 Reference value :  2.42020e-08
 Reference value :  2.42500e-08
 Reference value :  2.43300e-08
 Reference value :  2.44020e-08
 Reference value :  2.44500e-08
 Reference value :  2.45300e-08
 Reference value :  2.45850e-08
 Reference value :  2.46140e-08
 Reference value :  2.46900e-08
 Reference value :  2.47700e-08
 Reference value :  2.48020e-08
 Reference value :  2.48500e-08
 Reference value :  2.49100e-08
 Reference value :  2.49700e-08
 Reference value :  2.50060e-08
 Reference value :  2.50700e-08
 Reference value :  2.51500e-08
 Reference value :  2.52020e-08
 Reference value :  2.52500e-08
 Reference value :  2.53300e-08
 Reference value :  2.53850e-08
 Reference value :  2.54140e-08
 Reference value :  2.54900e-08
 Reference value :  2.55700e-08
 Reference value :  2.56060e-08
 Reference value :  2.56700e-08
 Reference value :  2.57100e-08
 Reference value :  2.57700e-08
 Reference value :  2.58020e-08
 Reference value :  2.58300e-08
 Reference value :  2.58900e-08
 Reference value :  2.59500e-08
 Reference value :  2.60000e-08
 Reference value :  2.60140e-08
 Reference value :  2.60700e-08
 Reference value :  2.61500e-08
 Reference value :  2.62000e-08
 Reference value :  2.62300e-08
 Reference value :  2.62900e-08
 Reference value :  2.63500e-08
 Reference value :  2.64000e-08
 Reference value :  2.64300e-08
 Reference value :  2.64900e-08
 Reference value :  2.65700e-08
 Reference value :  2.66060e-08
 Reference value :  2.66700e-08
 Reference value :  2.67300e-08
 Reference value :  2.67850e-08
 Reference value :  2.68060e-08
 Reference value :  2.68700e-08
 Reference value :  2.69300e-08
 Reference value :  2.69850e-08
 Reference value :  2.70060e-08
 Reference value :  2.70700e-08
 Reference value :  2.71300e-08
 Reference value :  2.72000e-08
 Reference value :  2.72300e-08
 Reference value :  2.73100e-08
 Reference value :  2.73850e-08
 Reference value :  2.74060e-08
 Reference value :  2.74500e-08
 Reference value :  2.75100e-08
 Reference value :  2.75700e-08
 Reference value :  2.76020e-08
 Reference value :  2.76300e-08
 Reference value :  2.76900e-08
 Reference value :  2.77500e-08
 Reference value :  2.78000e-08
 Reference value :  2.78300e-08
 Reference value :  2.78900e-08
 Reference value :  2.79700e-08
 Reference value :  2.80060e-08
 Reference value :  2.80700e-08
 Reference value :  2.81300e-08
 Reference value :  2.81850e-08
 Reference value :  2.82060e-08
 Reference value :  2.82500e-08
 Reference value :  2.83300e-08
 Reference value :  2.83850e-08
 Reference value :  2.84060e-08
 Reference value :  2.84500e-08
 Reference value :  2.85100e-08
 Reference value :  2.85850e-08
 Reference value :  2.86140e-08
 Reference value :  2.86900e-08
 Reference value :  2.87500e-08
 Reference value :  2.88020e-08
 Reference value :  2.88300e-08
 Reference value :  2.88900e-08
 Reference value :  2.89500e-08
 Reference value :  2.90020e-08
 Reference value :  2.90500e-08
 Reference value :  2.90900e-08
 Reference value :  2.91500e-08
 Reference value :  2.91850e-08
 Reference value :  2.92140e-08
 Reference value :  2.92900e-08
 Reference value :  2.93700e-08
 Reference value :  2.94060e-08
 Reference value :  2.94700e-08
 Reference value :  2.95300e-08
 Reference value :  2.95700e-08
 Reference value :  2.96020e-08
 Reference value :  2.96300e-08
 Reference value :  2.96900e-08
 Reference value :  2.97700e-08
 Reference value :  2.98060e-08
 Reference value :  2.98700e-08
 Reference value :  2.99100e-08
 Reference value :  2.99700e-08
 Reference value :  3.00020e-08
 Reference value :  3.00500e-08
 Reference value :  3.01100e-08
 Reference value :  3.01500e-08
 Reference value :  3.01850e-08
 Reference value :  3.02060e-08
 Reference value :  3.02500e-08
 Reference value :  3.03100e-08
 Reference value :  3.03500e-08
 Reference value :  3.03850e-08
 Reference value :  3.04060e-08
 Reference value :  3.04500e-08
 Reference value :  3.05100e-08
 Reference value :  3.05850e-08
 Reference value :  3.06060e-08
 Reference value :  3.06700e-08
 Reference value :  3.07500e-08
 Reference value :  3.08000e-08
 Reference value :  3.08300e-08
 Reference value :  3.08900e-08
 Reference value :  3.09300e-08
 Reference value :  3.10000e-08
 Reference value :  3.10140e-08
 Reference value :  3.10700e-08
 Reference value :  3.11300e-08
 Reference value :  3.11850e-08
 Reference value :  3.12140e-08
 Reference value :  3.12700e-08
 Reference value :  3.13300e-08
 Reference value :  3.13850e-08
 Reference value :  3.14060e-08
 Reference value :  3.14500e-08
 Reference value :  3.15100e-08
 Reference value :  3.15700e-08
 Reference value :  3.16060e-08
 Reference value :  3.16500e-08
 Reference value :  3.17100e-08
 Reference value :  3.17700e-08
 Reference value :  3.18020e-08
 Reference value :  3.18300e-08
 Reference value :  3.19100e-08
 Reference value :  3.19700e-08
 Reference value :  3.20060e-08
 Reference value :  3.20500e-08
 Reference value :  3.21300e-08
 Reference value :  3.22000e-08
 Reference value :  3.22300e-08
 Reference value :  3.23100e-08
 Reference value :  3.23700e-08
 Reference value :  3.24060e-08
 Reference value :  3.24500e-08
 Reference value :  3.25300e-08
 Reference value :  3.26000e-08
 Reference value :  3.26300e-08
 Reference value :  3.26900e-08
 Reference value :  3.27500e-08
 Reference value :  3.28000e-08
 Reference value :  3.28140e-08
 Reference value :  3.28700e-08
 Reference value :  3.29300e-08
 Reference value :  3.29850e-08
 Reference value :  3.30060e-08
 Reference value :  3.30500e-08
 Reference value :  3.31100e-08
 Reference value :  3.31700e-08
 Reference value :  3.32020e-08
 Reference value :  3.32300e-08
 Reference value :  3.32900e-08
 Reference value :  3.33500e-08
 Reference value :  3.34000e-08
 Reference value :  3.34140e-08
 Reference value :  3.34700e-08
 Reference value :  3.35100e-08
 Reference value :  3.35700e-08
 Reference value :  3.36020e-08
 Reference value :  3.36500e-08
 Reference value :  3.37100e-08
 Reference value :  3.37500e-08
 Reference value :  3.38000e-08
 Reference value :  3.38300e-08
 Reference value :  3.38700e-08
 Reference value :  3.39500e-08
 Reference value :  3.40020e-08
 Reference value :  3.40300e-08
 Reference value :  3.40900e-08
 Reference value :  3.41500e-08
 Reference value :  3.42000e-08
 Reference value :  3.42140e-08
 Reference value :  3.42700e-08
 Reference value :  3.43300e-08
 Reference value :  3.43850e-08
 Reference value :  3.44060e-08
 Reference value :  3.44500e-08
 Reference value :  3.45100e-08
 Reference value :  3.45700e-08
 Reference value :  3.46000e-08
 Reference value :  3.46140e-08
 Reference value :  3.46700e-08
 Reference value :  3.47300e-08
 Reference value :  3.47850e-08
 Reference value :  3.48060e-08
 Reference value :  3.48500e-08
 Reference value :  3.49100e-08
 Reference value :  3.49700e-08
 Reference value :  3.50000e-08
 Reference value :  3.50140e-08
 Reference value :  3.50700e-08
 Reference value :  3.51300e-08
 Reference value :  3.51850e-08
 Reference value :  3.52060e-08
 Reference value :  3.52500e-08
 Reference value :  3.53100e-08
 Reference value :  3.53700e-08
 Reference value :  3.54020e-08
 Reference value :  3.54500e-08
 Reference value :  3.55100e-08
 Reference value :  3.55500e-08
 Reference value :  3.56000e-08
 Reference value :  3.56300e-08
 Reference value :  3.56900e-08
 Reference value :  3.57500e-08
 Reference value :  3.58000e-08
 Reference value :  3.58140e-08
 Reference value :  3.58700e-08
 Reference value :  3.59300e-08
 Reference value :  3.60000e-08
 Reference value :  3.60300e-08
 Reference value :  3.61100e-08
 Reference value :  3.61850e-08
 Reference value :  3.62140e-08
 Reference value :  3.62700e-08
 Reference value :  3.63300e-08
 Reference value :  3.64000e-08
 Reference value :  3.64300e-08
 Reference value :  3.64900e-08
 Reference value :  3.65500e-08
 Reference value :  3.66020e-08
 Reference value :  3.66500e-08
 Reference value :  3.67100e-08
 Reference value :  3.67850e-08
 Reference value :  3.68140e-08
 Reference value :  3.68700e-08
 Reference value :  3.69100e-08
 Reference value :  3.69500e-08
 Reference value :  3.69850e-08
 Reference value :  3.70060e-08
 Reference value :  3.70500e-08
 Reference value :  3.71100e-08
 Reference value :  3.71700e-08
 Reference value :  3.72020e-08
 Reference value :  3.72300e-08
 Reference value :  3.72900e-08
 Reference value :  3.73500e-08
 Reference value :  3.74020e-08
 Reference value :  3.74500e-08
 Reference value :  3.75100e-08
 Reference value :  3.75700e-08
 Reference value :  3.76060e-08
 Reference value :  3.76700e-08
 Reference value :  3.77300e-08
 Reference value :  3.77850e-08
 Reference value :  3.78060e-08
 Reference value :  3.78700e-08
 Reference value :  3.79500e-08
 Reference value :  3.80000e-08
 Reference value :  3.80300e-08
 Reference value :  3.80900e-08
 Reference value :  3.81500e-08
 Reference value :  3.82020e-08
 Reference value :  3.82500e-08
 Reference value :  3.83300e-08
 Reference value :  3.84000e-08
 Reference value :  3.84300e-08
 Reference value :  3.85100e-08
 Reference value :  3.85850e-08
 Reference value :  3.86140e-08
 Reference value :  3.86900e-08
 Reference value :  3.87700e-08
 Reference value :  3.88020e-08
 Reference value :  3.88500e-08
 Reference value :  3.89300e-08
 Reference value :  3.90000e-08
 Reference value :  3.90300e-08
 Reference value :  3.90900e-08
 Reference value :  3.91500e-08
 Reference value :  3.92020e-08
 Reference value :  3.92500e-08
 Reference value :  3.93300e-08
 Reference value :  3.94000e-08
 Reference value :  3.94300e-08
 Reference value :  3.95100e-08
 Reference value :  3.95850e-08
 Reference value :  3.96140e-08
 Reference value :  3.96900e-08
 Reference value :  3.97700e-08
 Reference value :  3.98020e-08
 Reference value :  3.98300e-08
 Reference value :  3.98700e-08
 Reference value :  3.99100e-08
 Reference value :  3.99700e-08
 Reference value :  4.00020e-08
 Reference value :  4.00300e-08
 Reference value :  4.00700e-08
 Reference value :  4.01100e-08
 Reference value :  4.01500e-08
 Reference value :  4.02000e-08
 Reference value :  4.02300e-08
 Reference value :  4.02900e-08
 Reference value :  4.03500e-08
 Reference value :  4.04020e-08
 Reference value :  4.04500e-08
 Reference value :  4.05300e-08
 Reference value :  4.05700e-08
 Reference value :  4.06020e-08
 Reference value :  4.06500e-08
 Reference value :  4.07300e-08
 Reference value :  4.07850e-08
 Reference value :  4.08140e-08
 Reference value :  4.08700e-08
 Reference value :  4.09300e-08
 Reference value :  4.09850e-08
 Reference value :  4.10140e-08
 Reference value :  4.10900e-08
 Reference value :  4.11500e-08
 Reference value :  4.12020e-08
 Reference value :  4.12700e-08
 Reference value :  4.13300e-08
 Reference value :  4.13850e-08
 Reference value :  4.14300e-08
 Reference value :  4.15300e-08
 Reference value :  4.16000e-08
 Reference value :  4.16500e-08
 Reference value :  4.17500e-08
 Reference value :  4.18020e-08
 Reference value :  4.18500e-08
 Reference value :  4.19500e-08
 Reference value :  4.20000e-08
 Reference value :  4.20300e-08
 Reference value :  4.21300e-08
 Reference value :  4.22000e-08
 Reference value :  4.22300e-08
 Reference value :  4.22900e-08
 Reference value :  4.23500e-08
 Reference value :  4.24000e-08
 Reference value :  4.24500e-08
 Reference value :  4.25300e-08
 Reference value :  4.26000e-08
 Reference value :  4.26300e-08
 Reference value :  4.26700e-08
 Reference value :  4.27300e-08
 Reference value :  4.28000e-08
 Reference value :  4.28300e-08
 Reference value :  4.29100e-08
 Reference value :  4.29700e-08
 Reference value :  4.30060e-08
 Reference value :  4.30700e-08
 Reference value :  4.31300e-08
 Reference value :  4.31850e-08
 Reference value :  4.32060e-08
 Reference value :  4.32500e-08
 Reference value :  4.33300e-08
 Reference value :  4.33850e-08
 Reference value :  4.34140e-08
 Reference value :  4.34900e-08
 Reference value :  4.35850e-08
 Reference value :  4.36060e-08
 Reference value :  4.36700e-08
 Reference value :  4.37500e-08
 Reference value :  4.38020e-08
 Reference value :  4.38300e-08
 Reference value :  4.38900e-08
 Reference value :  4.39500e-08
 Reference value :  4.40020e-08
 Reference value :  4.40500e-08
 Reference value :  4.41300e-08
 Reference value :  4.42000e-08
 Reference value :  4.42300e-08
 Reference value :  4.43100e-08
 Reference value :  4.43850e-08
 Reference value :  4.44140e-08
 Reference value :  4.44700e-08
 Reference value :  4.45300e-08
 Reference value :  4.45850e-08
 Reference value :  4.46060e-08
 Reference value :  4.46500e-08
 Reference value :  4.47100e-08
 Reference value :  4.47500e-08
 Reference value :  4.47850e-08
 Reference value :  4.48060e-08
 Reference value :  4.48500e-08
 Reference value :  4.48900e-08
 Reference value :  4.49500e-08
 Reference value :  4.50000e-08
 Reference value :  4.50140e-08
 Reference value :  4.50700e-08
 Reference value :  4.51300e-08
 Reference value :  4.52000e-08
 Reference value :  4.52300e-08
 Reference value :  4.53100e-08
 Reference value :  4.54000e-08
 Reference value :  4.54300e-08
 Reference value :  4.54900e-08
 Reference value :  4.55500e-08
 Reference value :  4.56000e-08
 Reference value :  4.56140e-08
 Reference value :  4.56500e-08
 Reference value :  4.57100e-08
 Reference value :  4.57700e-08
 Reference value :  4.58020e-08
 Reference value :  4.58500e-08
 Reference value :  4.59100e-08
 Reference value :  4.59700e-08
 Reference value :  4.60140e-08
 Reference value :  4.60900e-08
 Reference value :  4.61850e-08
 Reference value :  4.62140e-08
 Reference value :  4.62700e-08
 Reference value :  4.63500e-08
 Reference value :  4.64020e-08
 Reference value :  4.64300e-08
 Reference value :  4.65100e-08
 Reference value :  4.65850e-08
 Reference value :  4.66060e-08
 Reference value :  4.66500e-08
 Reference value :  4.67300e-08
 Reference value :  4.68000e-08
 Reference value :  4.68300e-08
 Reference value :  4.68900e-08
 Reference value :  4.69500e-08
 Reference value :  4.70000e-08
 Reference value :  4.70300e-08
 Reference value :  4.70900e-08
 Reference value :  4.71700e-08
 Reference value :  4.72060e-08
 Reference value :  4.72700e-08
 Reference value :  4.73300e-08
 Reference value :  4.73850e-08
 Reference value :  4.74140e-08
 Reference value :  4.74900e-08
 Reference value :  4.75500e-08
 Reference value :  4.76020e-08
 Reference value :  4.76300e-08
 Reference value :  4.76700e-08
 Reference value :  4.77100e-08
 Reference value :  4.77500e-08
 Reference value :  4.78020e-08
 Reference value :  4.78500e-08
 Reference value :  4.79100e-08
 Reference value :  4.79700e-08
 Reference value :  4.80000e-08
 Reference value :  4.80140e-08
 Reference value :  4.80500e-08
 Reference value :  4.80900e-08
 Reference value :  4.81500e-08
 Reference value :  4.82000e-08
 Reference value :  4.82300e-08
 Reference value :  4.83100e-08
 Reference value :  4.83700e-08
 Reference value :  4.84060e-08
 Reference value :  4.84500e-08
 Reference value :  4.85100e-08
 Reference value :  4.85700e-08
 Reference value :  4.86140e-08
 Reference value :  4.86900e-08
 Reference value :  4.87500e-08
 Reference value :  4.88000e-08
 Reference value :  4.88300e-08
 Reference value :  4.89100e-08
 Reference value :  4.89700e-08
 Reference value :  4.90020e-08
 Reference value :  4.90500e-08
 Reference value :  4.91100e-08
 Reference value :  4.91700e-08
 Reference value :  4.92060e-08
 Reference value :  4.92500e-08
 Reference value :  4.93300e-08
 Reference value :  4.94000e-08
 Reference value :  4.94140e-08
 Reference value :  4.94700e-08
 Reference value :  4.95300e-08
 Reference value :  4.95850e-08
 Reference value :  4.96140e-08
 Reference value :  4.96700e-08
 Reference value :  4.97300e-08
 Reference value :  4.98000e-08
 Reference value :  4.98140e-08
 Reference value :  4.98700e-08
 Reference value :  4.99300e-08
 Reference value :  4.99850e-08
 Reference value :  5.00140e-08
 Reference value :  5.00700e-08
 Reference value :  5.01300e-08
 Reference value :  5.01850e-08
 Reference value :  5.02060e-08
 Reference value :  5.02500e-08
 Reference value :  5.03100e-08
 Reference value :  5.03850e-08
 Reference value :  5.04140e-08
 Reference value :  5.04700e-08
 Reference value :  5.05300e-08
 Reference value :  5.05850e-08
 Reference value :  5.06140e-08
 Reference value :  5.06900e-08
 Reference value :  5.07700e-08
 Reference value :  5.08020e-08
 Reference value :  5.08500e-08
 Reference value :  5.08900e-08
 Reference value :  5.09300e-08
 Reference value :  5.10000e-08
 Reference value :  5.10300e-08
 Reference value :  5.11100e-08
 Reference value :  5.11700e-08
 Reference value :  5.12020e-08
 Reference value :  5.12300e-08
 Reference value :  5.12900e-08
 Reference value :  5.13500e-08
 Reference value :  5.14000e-08
 Reference value :  5.14300e-08
 Reference value :  5.15100e-08
 Reference value :  5.15700e-08
 Reference value :  5.16060e-08
 Reference value :  5.16700e-08
 Reference value :  5.17300e-08
 Reference value :  5.18000e-08
 Reference value :  5.18300e-08
 Reference value :  5.18900e-08
 Reference value :  5.19300e-08
 Reference value :  5.19850e-08
 Reference value :  5.20060e-08
 Reference value :  5.20500e-08
 Reference value :  5.21100e-08
 Reference value :  5.21700e-08
 Reference value :  5.22020e-08
 Reference value :  5.22300e-08
 Reference value :  5.22900e-08
 Reference value :  5.23500e-08
 Reference value :  5.24000e-08
 Reference value :  5.24140e-08
 Reference value :  5.24700e-08
 Reference value :  5.25500e-08
 Reference value :  5.26000e-08
 Reference value :  5.26300e-08
 Reference value :  5.27100e-08
 Reference value :  5.27700e-08
 Reference value :  5.28060e-08
 Reference value :  5.28700e-08
 Reference value :  5.29300e-08
 Reference value :  5.29850e-08
 Reference value :  5.30140e-08
 Reference value :  5.30700e-08
 Reference value :  5.31300e-08
 Reference value :  5.31850e-08
 Reference value :  5.32060e-08
 Reference value :  5.32500e-08
 Reference value :  5.33100e-08
 Reference value :  5.33500e-08
 Reference value :  5.34000e-08
 Reference value :  5.34300e-08
 Reference value :  5.35100e-08
 Reference value :  5.35700e-08
 Reference value :  5.36060e-08
 Reference value :  5.36700e-08
 Reference value :  5.37300e-08
 Reference value :  5.37850e-08
 Reference value :  5.38140e-08
 Reference value :  5.38900e-08
 Reference value :  5.39500e-08
 Reference value :  5.40020e-08
 Reference value :  5.40300e-08
 Reference value :  5.40700e-08
 Reference value :  5.41100e-08
 Reference value :  5.41500e-08
 Reference value :  5.42000e-08
 Reference value :  5.42300e-08
 Reference value :  5.43100e-08
 Reference value :  5.43700e-08
 Reference value :  5.44020e-08
 Reference value :  5.44300e-08
 Reference value :  5.44900e-08
 Reference value :  5.45500e-08
 Reference value :  5.46020e-08
 Reference value :  5.46300e-08
 Reference value :  5.46900e-08
 Reference value :  5.47500e-08
 Reference value :  5.48020e-08
 Reference value :  5.48300e-08
 Reference value :  5.48900e-08
 Reference value :  5.49500e-08
 Reference value :  5.50000e-08
 Reference value :  5.50300e-08
 Reference value :  5.51100e-08
 Reference value :  5.51700e-08
 Reference value :  5.52060e-08
 Reference value :  5.52500e-08
 Reference value :  5.53100e-08
 Reference value :  5.53700e-08
 Reference value :  5.54060e-08
 Reference value :  5.54500e-08
 Reference value :  5.55100e-08
 Reference value :  5.55850e-08
 Reference value :  5.56140e-08
 Reference value :  5.56900e-08
 Reference value :  5.57700e-08
 Reference value :  5.58060e-08
 Reference value :  5.58700e-08
 Reference value :  5.59500e-08
 Reference value :  5.60020e-08
 Reference value :  5.60500e-08
 Reference value :  5.61300e-08
 Reference value :  5.62000e-08
 Reference value :  5.62300e-08
 Reference value :  5.63100e-08
 Reference value :  5.63700e-08
 Reference value :  5.64020e-08
 Reference value :  5.64500e-08
 Reference value :  5.65100e-08
 Reference value :  5.65700e-08
 Reference value :  5.66020e-08
 Reference value :  5.66500e-08
 Reference value :  5.67100e-08
 Reference value :  5.67850e-08
 Reference value :  5.68060e-08
 Reference value :  5.68500e-08
 Reference value :  5.68900e-08
 Reference value :  5.69300e-08
 Reference value :  5.69700e-08
 Reference value :  5.70020e-08
 Reference value :  5.70300e-08
 Reference value :  5.70900e-08
 Reference value :  5.71500e-08
 Reference value :  5.72000e-08
 Reference value :  5.72300e-08
 Reference value :  5.72900e-08
 Reference value :  5.73500e-08
 Reference value :  5.74020e-08
 Reference value :  5.74500e-08
 Reference value :  5.75100e-08
 Reference value :  5.75700e-08
 Reference value :  5.76060e-08
 Reference value :  5.76500e-08
 Reference value :  5.76900e-08
 Reference value :  5.77500e-08
 Reference value :  5.78000e-08
 Reference value :  5.78300e-08
 Reference value :  5.78900e-08
 Reference value :  5.79500e-08
 Reference value :  5.79850e-08
 Reference value :  5.80060e-08
 Reference value :  5.80500e-08
 Reference value :  5.81300e-08
 Reference value :  5.82000e-08
 Reference value :  5.82300e-08
 Reference value :  5.82900e-08
 Reference value :  5.83300e-08
 Reference value :  5.83850e-08
 Reference value :  5.84060e-08
 Reference value :  5.84500e-08
 Reference value :  5.85100e-08
 Reference value :  5.85850e-08
 Reference value :  5.86060e-08
 Reference value :  5.86500e-08
 Reference value :  5.87100e-08
 Reference value :  5.87500e-08
 Reference value :  5.88000e-08
 Reference value :  5.88140e-08
 Reference value :  5.88900e-08
 Reference value :  5.89300e-08
 Reference value :  5.89850e-08
 Reference value :  5.90060e-08
 Reference value :  5.90500e-08
 Reference value :  5.90900e-08
 Reference value :  5.91300e-08
 Reference value :  5.91850e-08
 Reference value :  5.92140e-08
 Reference value :  5.92700e-08
 Reference value :  5.93300e-08
 Reference value :  5.93700e-08
 Reference value :  5.94020e-08
 Reference value :  5.94300e-08
 Reference value :  5.95100e-08
 Reference value :  5.95850e-08
 Reference value :  5.96140e-08
 Reference value :  5.96900e-08
 Reference value :  5.97500e-08
 Reference value :  5.98000e-08
 Reference value :  5.98300e-08
 Reference value :  5.99100e-08
 Reference value :  5.99700e-08
 Reference value :  6.00020e-08
 Reference value :  6.00300e-08
 Reference value :  6.00700e-08
 Reference value :  6.01100e-08
 Reference value :  6.01700e-08
 Reference value :  6.02020e-08
 Reference value :  6.02300e-08
 Reference value :  6.03100e-08
 Reference value :  6.03700e-08
 Reference value :  6.04020e-08
 Reference value :  6.04300e-08
 Reference value :  6.04700e-08
 Reference value :  6.05100e-08
 Reference value :  6.05700e-08
 Reference value :  6.06060e-08
 Reference value :  6.06700e-08
 Reference value :  6.07500e-08
 Reference value :  6.08020e-08
 Reference value :  6.08300e-08
 Reference value :  6.08700e-08
 Reference value :  6.09300e-08
 Reference value :  6.09850e-08
 Reference value :  6.10060e-08
 Reference value :  6.10300e-08
 Reference value :  6.10700e-08
 Reference value :  6.11100e-08
 Reference value :  6.11500e-08
 Reference value :  6.11850e-08
 Reference value :  6.12140e-08
 Reference value :  6.12900e-08
 Reference value :  6.13500e-08
 Reference value :  6.14000e-08
 Reference value :  6.14300e-08
 Reference value :  6.15100e-08
 Reference value :  6.15700e-08
 Reference value :  6.16020e-08
 Reference value :  6.16300e-08
 Reference value :  6.16900e-08
 Reference value :  6.17700e-08
 Reference value :  6.18060e-08
 Reference value :  6.18500e-08
 Reference value :  6.19100e-08
 Reference value :  6.19700e-08
 Reference value :  6.20060e-08
 Reference value :  6.20700e-08
 Reference value :  6.21500e-08
 Reference value :  6.22000e-08
 Reference value :  6.22300e-08
 Reference value :  6.22700e-08
 Reference value :  6.23300e-08
 Reference value :  6.24000e-08
 Reference value :  6.24300e-08
 Reference value :  6.25100e-08
 Reference value :  6.25850e-08
 Reference value :  6.26140e-08
 Reference value :  6.27100e-08
 Reference value :  6.27850e-08
 Reference value :  6.28300e-08
 Reference value :  6.29100e-08
 Reference value :  6.29700e-08
 Reference value :  6.30020e-08
 Reference value :  6.30500e-08
 Reference value :  6.31500e-08
 Reference value :  6.32020e-08
 Reference value :  6.32500e-08
 Reference value :  6.33100e-08
 Reference value :  6.33700e-08
 Reference value :  6.34060e-08
 Reference value :  6.34700e-08
 Reference value :  6.35500e-08
 Reference value :  6.36020e-08
 Reference value :  6.36500e-08
 Reference value :  6.37300e-08
 Reference value :  6.38000e-08
 Reference value :  6.38140e-08
 Reference value :  6.38900e-08
 Reference value :  6.39500e-08
 Reference value :  6.40000e-08
 Reference value :  6.40300e-08
 Reference value :  6.40700e-08
 Reference value :  6.41100e-08
 Reference value :  6.41850e-08
 Reference value :  6.42140e-08
 Reference value :  6.42700e-08
 Reference value :  6.43300e-08
 Reference value :  6.43850e-08
 Reference value :  6.44060e-08
 Reference value :  6.44500e-08
 Reference value :  6.45100e-08
 Reference value :  6.45700e-08
 Reference value :  6.46020e-08
 Reference value :  6.46500e-08
 Reference value :  6.47100e-08
 Reference value :  6.47700e-08
 Reference value :  6.48020e-08
 Reference value :  6.48500e-08
 Reference value :  6.49100e-08
 Reference value :  6.49500e-08
 Reference value :  6.50000e-08
 Reference value :  6.50140e-08
 Reference value :  6.50700e-08
 Reference value :  6.51300e-08
 Reference value :  6.51700e-08
 Reference value :  6.52020e-08
 Reference value :  6.52500e-08
 Reference value :  6.53100e-08
 Reference value :  6.53700e-08
 Reference value :  6.54020e-08
 Reference value :  6.54300e-08
 Reference value :  6.54700e-08
 Reference value :  6.55100e-08
 Reference value :  6.55850e-08
 Reference value :  6.56140e-08
 Reference value :  6.56900e-08
 Reference value :  6.57700e-08
 Reference value :  6.58060e-08
 Reference value :  6.58700e-08
 Reference value :  6.59500e-08
 Reference value :  6.60020e-08
 Reference value :  6.60500e-08
 Reference value :  6.61300e-08
 Reference value :  6.61850e-08
 Reference value :  6.62060e-08
 Reference value :  6.62700e-08
 Reference value :  6.63500e-08
 Reference value :  6.64000e-08
 Reference value :  6.64300e-08
 Reference value :  6.64700e-08
 Reference value :  6.65100e-08
 Reference value :  6.65500e-08
 Reference value :  6.66000e-08
 Reference value :  6.66140e-08
 Reference value :  6.66900e-08
 Reference value :  6.67500e-08
 Reference value :  6.68020e-08
 Reference value :  6.68500e-08
 Reference value :  6.69100e-08
 Reference value :  6.69850e-08
 Reference value :  6.70140e-08
 Reference value :  6.70900e-08
 Reference value :  6.71700e-08
 Reference value :  6.72020e-08
 Reference value :  6.72500e-08
 Reference value :  6.73100e-08
 Reference value :  6.73500e-08
 Reference value :  6.73850e-08
 Reference value :  6.74060e-08
 Reference value :  6.74700e-08
 Reference value :  6.75300e-08
 Reference value :  6.75850e-08
 Reference value :  6.76140e-08
 Reference value :  6.76900e-08
 Reference value :  6.77700e-08
 Reference value :  6.78020e-08
 Reference value :  6.78500e-08
 Reference value :  6.79100e-08
 Reference value :  6.79850e-08
 Reference value :  6.80140e-08
 Reference value :  6.80900e-08
 Reference value :  6.81500e-08
 Reference value :  6.82000e-08
 Reference value :  6.82300e-08
 Reference value :  6.83100e-08
 Reference value :  6.83850e-08
 Reference value :  6.84140e-08
 Reference value :  6.84900e-08
 Reference value :  6.85500e-08
 Reference value :  6.86000e-08
 Reference value :  6.86140e-08
 Reference value :  6.86700e-08
 Reference value :  6.87100e-08
 Reference value :  6.87500e-08
 Reference value :  6.88020e-08
 Reference value :  6.88300e-08
 Reference value :  6.88900e-08
 Reference value :  6.89300e-08
 Reference value :  6.89700e-08
 Reference value :  6.90000e-08
 Reference value :  6.90140e-08
 Reference value :  6.90700e-08
 Reference value :  6.91500e-08
 Reference value :  6.92020e-08
 Reference value :  6.92500e-08
 Reference value :  6.93300e-08
 Reference value :  6.94000e-08
 Reference value :  6.94300e-08
 Reference value :  6.95100e-08
 Reference value :  6.96000e-08
 Reference value :  6.96300e-08
 Reference value :  6.96900e-08
 Reference value :  6.97500e-08
 Reference value :  6.98000e-08
 Reference value :  6.98140e-08
 Reference value :  6.98900e-08
 Reference value :  6.99500e-08
 Reference value :  7.00000e-08
 Reference value :  7.00300e-08
 Reference value :  7.00900e-08
 Reference value :  7.01500e-08
 Reference value :  7.02020e-08
 Reference value :  7.02500e-08
 Reference value :  7.03100e-08
 Reference value :  7.03700e-08
 Reference value :  7.04060e-08
 Reference value :  7.04500e-08
 Reference value :  7.05100e-08
 Reference value :  7.05850e-08
 Reference value :  7.06300e-08
 Reference value :  7.06900e-08
 Reference value :  7.07500e-08
 Reference value :  7.08000e-08
 Reference value :  7.08300e-08
 Reference value :  7.09100e-08
 Reference value :  7.09850e-08
 Reference value :  7.10140e-08
 Reference value :  7.10700e-08
 Reference value :  7.11100e-08
 Reference value :  7.11500e-08
 Reference value :  7.12000e-08
 Reference value :  7.12140e-08
 Reference value :  7.12900e-08
 Reference value :  7.13500e-08
 Reference value :  7.14000e-08
 Reference value :  7.14300e-08
 Reference value :  7.14900e-08
 Reference value :  7.15700e-08
 Reference value :  7.16020e-08
 Reference value :  7.16300e-08
 Reference value :  7.16900e-08
 Reference value :  7.17700e-08
 Reference value :  7.18020e-08
 Reference value :  7.18300e-08
 Reference value :  7.18900e-08
 Reference value :  7.19500e-08
 Reference value :  7.20000e-08
 Reference value :  7.20140e-08
 Reference value :  7.20700e-08
 Reference value :  7.21300e-08
 Reference value :  7.21850e-08
 Reference value :  7.22060e-08
 Reference value :  7.22500e-08
 Reference value :  7.23100e-08
 Reference value :  7.23700e-08
 Reference value :  7.24060e-08
 Reference value :  7.24700e-08
 Reference value :  7.25300e-08
 Reference value :  7.26000e-08
 Reference value :  7.26300e-08
 Reference value :  7.27100e-08
 Reference value :  7.27850e-08
 Reference value :  7.28140e-08
 Reference value :  7.28700e-08
 Reference value :  7.29300e-08
 Reference value :  7.29850e-08
 Reference value :  7.30140e-08
 Reference value :  7.30700e-08
 Reference value :  7.31100e-08
 Reference value :  7.31500e-08
 Reference value :  7.32000e-08
 Reference value :  7.32300e-08
 Reference value :  7.32900e-08
 Reference value :  7.33500e-08
 Reference value :  7.34020e-08
 Reference value :  7.34500e-08
 Reference value :  7.35300e-08
 Reference value :  7.36000e-08
 Reference value :  7.36140e-08
 Reference value :  7.36700e-08
 Reference value :  7.37300e-08
 Reference value :  7.38000e-08
 Reference value :  7.38140e-08
 Reference value :  7.38700e-08
 Reference value :  7.39300e-08
 Reference value :  7.39850e-08
 Reference value :  7.40140e-08
 Reference value :  7.40700e-08
 Reference value :  7.41500e-08
 Reference value :  7.42020e-08
 Reference value :  7.42300e-08
 Reference value :  7.42700e-08
 Reference value :  7.43300e-08
 Reference value :  7.43850e-08
 Reference value :  7.44060e-08
 Reference value :  7.44700e-08
 Reference value :  7.45300e-08
 Reference value :  7.45850e-08
 Reference value :  7.46140e-08
 Reference value :  7.46700e-08
 Reference value :  7.47300e-08
 Reference value :  7.47850e-08
 Reference value :  7.48060e-08
 Reference value :  7.48700e-08
 Reference value :  7.49300e-08
 Reference value :  7.49850e-08
 Reference value :  7.50140e-08
 Reference value :  7.50700e-08
 Reference value :  7.51300e-08
 Reference value :  7.51850e-08
 Reference value :  7.52060e-08
 Reference value :  7.52700e-08
 Reference value :  7.53300e-08
 Reference value :  7.53700e-08
 Reference value :  7.54020e-08
 Reference value :  7.54300e-08
 Reference value :  7.54700e-08
 Reference value :  7.55300e-08
 Reference value :  7.55850e-08
 Reference value :  7.56060e-08
 Reference value :  7.56500e-08
 Reference value :  7.57100e-08
 Reference value :  7.57700e-08
 Reference value :  7.58020e-08
 Reference value :  7.58300e-08
 Reference value :  7.58900e-08
 Reference value :  7.59500e-08
 Reference value :  7.59850e-08
 Reference value :  7.60060e-08
 Reference value :  7.60500e-08
 Reference value :  7.61100e-08
 Reference value :  7.61700e-08
 Reference value :  7.62020e-08
 Reference value :  7.62300e-08
 Reference value :  7.62900e-08
 Reference value :  7.63500e-08
 Reference value :  7.63850e-08
 Reference value :  7.64060e-08
 Reference value :  7.64500e-08
 Reference value :  7.64900e-08
 Reference value :  7.65500e-08
 Reference value :  7.66020e-08
 Reference value :  7.66300e-08
 Reference value :  7.66900e-08
 Reference value :  7.67700e-08
 Reference value :  7.68020e-08
 Reference value :  7.68500e-08
 Reference value :  7.69300e-08
 Reference value :  7.70000e-08
 Reference value :  7.70300e-08
 Reference value :  7.70900e-08
 Reference value :  7.71500e-08
 Reference value :  7.72000e-08
 Reference value :  7.72140e-08
 Reference value :  7.72700e-08
 Reference value :  7.73500e-08
 Reference value :  7.74000e-08
 Reference value :  7.74300e-08
 Reference value :  7.74900e-08
 Reference value :  7.75700e-08
 Reference value :  7.76060e-08
 Reference value :  7.76700e-08
 Reference value :  7.77700e-08
 Reference value :  7.78140e-08
 Reference value :  7.78900e-08
 Reference value :  7.79700e-08
 Reference value :  7.80060e-08
 Reference value :  7.80700e-08
 Reference value :  7.81300e-08
 Reference value :  7.82000e-08
 Reference value :  7.82300e-08
 Reference value :  7.82900e-08
 Reference value :  7.83500e-08
 Reference value :  7.84000e-08
 Reference value :  7.84300e-08
 Reference value :  7.84900e-08
 Reference value :  7.85500e-08
 Reference value :  7.86000e-08
 Reference value :  7.86300e-08
 Reference value :  7.86900e-08
 Reference value :  7.87500e-08
 Reference value :  7.88020e-08
 Reference value :  7.88500e-08
 Reference value :  7.89500e-08
 Reference value :  7.90000e-08
 Reference value :  7.90300e-08
 Reference value :  7.90900e-08
 Reference value :  7.91700e-08
 Reference value :  7.92060e-08
 Reference value :  7.92700e-08
 Reference value :  7.93300e-08
 Reference value :  7.93850e-08
 Reference value :  7.94020e-08
 Reference value :  7.94300e-08
 Reference value :  7.94700e-08
 Reference value :  7.95100e-08
 Reference value :  7.95850e-08
 Reference value :  7.96060e-08
 Reference value :  7.96500e-08
 Reference value :  7.97300e-08
 Reference value :  7.98000e-08
 Reference value :  7.98300e-08
 Reference value :  7.98900e-08
 Reference value :  7.99700e-08
 Reference value :  8.00060e-08
 Reference value :  8.00700e-08
 Reference value :  8.01500e-08
 Reference value :  8.02020e-08
 Reference value :  8.02500e-08
 Reference value :  8.03300e-08
 Reference value :  8.03850e-08
 Reference value :  8.04140e-08
 Reference value :  8.05100e-08
 Reference value :  8.05850e-08
 Reference value :  8.06060e-08
 Reference value :  8.06700e-08
 Reference value :  8.07100e-08
 Reference value :  8.07700e-08
 Reference value :  8.08020e-08
 Reference value :  8.08500e-08
 Reference value :  8.09300e-08
 Reference value :  8.09850e-08
 Reference value :  8.10140e-08
 Reference value :  8.10700e-08
 Reference value :  8.11300e-08
 Reference value :  8.11850e-08
 Reference value :  8.12060e-08
 Reference value :  8.12500e-08
 Reference value :  8.13100e-08
 Reference value :  8.13850e-08
 Reference value :  8.14140e-08
 Reference value :  8.14900e-08
 Reference value :  8.15500e-08
 Reference value :  8.16020e-08
 Reference value :  8.16300e-08
 Reference value :  8.17100e-08
 Reference value :  8.17850e-08
 Reference value :  8.18140e-08
 Reference value :  8.18700e-08
 Reference value :  8.19500e-08
 Reference value :  8.20000e-08
 Reference value :  8.20140e-08
 Reference value :  8.20500e-08
 Reference value :  8.20900e-08
 Reference value :  8.21300e-08
 Reference value :  8.21700e-08
 Reference value :  8.22000e-08
 Reference value :  8.22140e-08
 Reference value :  8.22700e-08
 Reference value :  8.23300e-08
 Reference value :  8.24000e-08
 Reference value :  8.24140e-08
 Reference value :  8.24700e-08
 Reference value :  8.25300e-08
 Reference value :  8.25850e-08
 Reference value :  8.26140e-08
 Reference value :  8.26700e-08
 Reference value :  8.27500e-08
 Reference value :  8.27850e-08
 Reference value :  8.28140e-08
 Reference value :  8.28700e-08
 Reference value :  8.29100e-08
 Reference value :  8.29850e-08
 Reference value :  8.30060e-08
 Reference value :  8.30700e-08
 Reference value :  8.31300e-08
 Reference value :  8.31850e-08
 Reference value :  8.32060e-08
 Reference value :  8.32500e-08
 Reference value :  8.32900e-08
 Reference value :  8.33500e-08
 Reference value :  8.34000e-08
 Reference value :  8.34140e-08
 Reference value :  8.34900e-08
 Reference value :  8.35300e-08
 Reference value :  8.35850e-08
 Reference value :  8.36140e-08
 Reference value :  8.36900e-08
 Reference value :  8.37700e-08
 Reference value :  8.38060e-08
 Reference value :  8.38700e-08
 Reference value :  8.39300e-08
 Reference value :  8.39850e-08
 Reference value :  8.40300e-08
 Reference value :  8.41100e-08
 Reference value :  8.41700e-08
 Reference value :  8.42060e-08
 Reference value :  8.42500e-08
 Reference value :  8.42900e-08
 Reference value :  8.43300e-08
 Reference value :  8.43850e-08
 Reference value :  8.44060e-08
 Reference value :  8.44700e-08
 Reference value :  8.45300e-08
 Reference value :  8.45700e-08
 Reference value :  8.46020e-08
 Reference value :  8.46300e-08
 Reference value :  8.46900e-08
 Reference value :  8.47500e-08
 Reference value :  8.48000e-08
 Reference value :  8.48140e-08
 Reference value :  8.48700e-08
 Reference value :  8.49500e-08
 Reference value :  8.50000e-08
 Reference value :  8.50140e-08
 Reference value :  8.50500e-08
 Reference value :  8.51100e-08
 Reference value :  8.51700e-08
 Reference value :  8.52020e-08
 Reference value :  8.52500e-08
 Reference value :  8.53100e-08
 Reference value :  8.53700e-08
 Reference value :  8.54060e-08
 Reference value :  8.54700e-08
 Reference value :  8.55500e-08
 Reference value :  8.56020e-08
 Reference value :  8.56500e-08
 Reference value :  8.57300e-08
 Reference value :  8.58000e-08
 Reference value :  8.58140e-08
 Reference value :  8.58900e-08
 Reference value :  8.59500e-08
 Reference value :  8.60020e-08
 Reference value :  8.60300e-08
 Reference value :  8.60700e-08
 Reference value :  8.61100e-08
 Reference value :  8.61500e-08
 Reference value :  8.62020e-08
 Reference value :  8.62500e-08
 Reference value :  8.63100e-08
 Reference value :  8.63700e-08
 Reference value :  8.64020e-08
 Reference value :  8.64500e-08
 Reference value :  8.65100e-08
 Reference value :  8.65850e-08
 Reference value :  8.66140e-08
 Reference value :  8.66700e-08
 Reference value :  8.67300e-08
 Reference value :  8.67850e-08
 Reference value :  8.68140e-08
 Reference value :  8.68900e-08
 Reference value :  8.69700e-08
 Reference value :  8.70020e-08
 Reference value :  8.70300e-08
 Reference value :  8.70900e-08
 Reference value :  8.71500e-08
 Reference value :  8.71850e-08
 Reference value :  8.72060e-08
 Reference value :  8.72700e-08
 Reference value :  8.73300e-08
 Reference value :  8.73700e-08
 Reference value :  8.74020e-08
 Reference value :  8.74300e-08
 Reference value :  8.74900e-08
 Reference value :  8.75300e-08
 Reference value :  8.75850e-08
 Reference value :  8.76060e-08
 Reference value :  8.76500e-08
 Reference value :  8.77100e-08
 Reference value :  8.77700e-08
 Reference value :  8.78020e-08
 Reference value :  8.78300e-08
 Reference value :  8.78900e-08
 Reference value :  8.79500e-08
 Reference value :  8.80000e-08
 Reference value :  8.80140e-08
 Reference value :  8.80700e-08
 Reference value :  8.81500e-08
 Reference value :  8.81850e-08
 Reference value :  8.82060e-08
 Reference value :  8.82500e-08
 Reference value :  8.83100e-08
 Reference value :  8.83850e-08
 Reference value :  8.84140e-08
 Reference value :  8.84700e-08
 Reference value :  8.85300e-08
 Reference value :  8.85850e-08
 Reference value :  8.86140e-08
 Reference value :  8.86900e-08
 Reference value :  8.87700e-08
 Reference value :  8.88020e-08
 Reference value :  8.88300e-08
 Reference value :  8.88900e-08
 Reference value :  8.89300e-08
 Reference value :  8.90000e-08
 Reference value :  8.90500e-08
 Reference value :  8.91500e-08
 Reference value :  8.92060e-08
 Reference value :  8.92500e-08
 Reference value :  8.93100e-08
 Reference value :  8.93850e-08
 Reference value :  8.94300e-08
 Reference value :  8.95100e-08
 Reference value :  8.95700e-08
 Reference value :  8.96000e-08
 Reference value :  8.96300e-08
 Reference value :  8.97300e-08
 Reference value :  8.98020e-08
 Reference value :  8.98700e-08
 Reference value :  8.99700e-08
 Reference value :  9.00060e-08
 Reference value :  9.00900e-08
 Reference value :  9.01850e-08
 Reference value :  9.02500e-08
 Reference value :  9.03300e-08
 Reference value :  9.03850e-08
 Reference value :  9.04140e-08
 Reference value :  9.04900e-08
 Reference value :  9.05700e-08
 Reference value :  9.06060e-08
 Reference value :  9.06700e-08
 Reference value :  9.07300e-08
 Reference value :  9.08020e-08
 Reference value :  9.08500e-08
 Reference value :  9.09300e-08
 Reference value :  9.10000e-08
 Reference value :  9.10300e-08
 Reference value :  9.11100e-08
 Reference value :  9.11700e-08
 Reference value :  9.12020e-08
 Reference value :  9.12500e-08
 Reference value :  9.13100e-08
 Reference value :  9.13700e-08
 Reference value :  9.14060e-08
 Reference value :  9.14700e-08
 Reference value :  9.15300e-08
 Reference value :  9.15850e-08
 Reference value :  9.16060e-08
 Reference value :  9.16700e-08
 Reference value :  9.17300e-08
 Reference value :  9.17850e-08
 Reference value :  9.18060e-08
 Reference value :  9.18500e-08
 Reference value :  9.19300e-08
 Reference value :  9.20000e-08
 Reference value :  9.20300e-08
 Reference value :  9.21100e-08
 Reference value :  9.21850e-08
 Reference value :  9.22140e-08
 Reference value :  9.22900e-08
 Reference value :  9.23700e-08
 Reference value :  9.24060e-08
 Reference value :  9.24500e-08
 Reference value :  9.24900e-08
 Reference value :  9.25700e-08
 Reference value :  9.26060e-08
 Reference value :  9.26700e-08
 Reference value :  9.27500e-08
 Reference value :  9.28000e-08
 Reference value :  9.28140e-08
 Reference value :  9.28500e-08
 Reference value :  9.29100e-08
 Reference value :  9.29850e-08
 Reference value :  9.30140e-08
 Reference value :  9.30900e-08
 Reference value :  9.31500e-08
 Reference value :  9.31850e-08
 Reference value :  9.32060e-08
 Reference value :  9.32500e-08
 Reference value :  9.33100e-08
 Reference value :  9.33850e-08
 Reference value :  9.34060e-08
 Reference value :  9.34500e-08
 Reference value :  9.35100e-08
 Reference value :  9.35500e-08
 Reference value :  9.36000e-08
 Reference value :  9.36300e-08
 Reference value :  9.37100e-08
 Reference value :  9.37700e-08
 Reference value :  9.38020e-08
 Reference value :  9.38300e-08
 Reference value :  9.38700e-08
 Reference value :  9.39100e-08
 Reference value :  9.39700e-08
 Reference value :  9.40020e-08
 Reference value :  9.40500e-08
 Reference value :  9.41100e-08
 Reference value :  9.41700e-08
 Reference value :  9.42020e-08
 Reference value :  9.42500e-08
 Reference value :  9.43100e-08
 Reference value :  9.43850e-08
 Reference value :  9.44140e-08
 Reference value :  9.44900e-08
 Reference value :  9.45700e-08
 Reference value :  9.46060e-08
 Reference value :  9.46700e-08
 Reference value :  9.47500e-08
 Reference value :  9.48020e-08
 Reference value :  9.48500e-08
 Reference value :  9.49100e-08
 Reference value :  9.49700e-08
 Reference value :  9.50020e-08
 Reference value :  9.50300e-08
 Reference value :  9.50900e-08
 Reference value :  9.51500e-08
 Reference value :  9.52000e-08
 Reference value :  9.52140e-08
 Reference value :  9.52700e-08
 Reference value :  9.53300e-08
 Reference value :  9.54000e-08
 Reference value :  9.54300e-08
 Reference value :  9.55300e-08
 Reference value :  9.56000e-08
 Reference value :  9.56300e-08
 Reference value :  9.57100e-08
 Reference value :  9.57850e-08
 Reference value :  9.58140e-08
 Reference value :  9.58700e-08
 Reference value :  9.59300e-08
 Reference value :  9.59850e-08
 Reference value :  9.60140e-08
 Reference value :  9.60700e-08
 Reference value :  9.61300e-08
 Reference value :  9.62000e-08
 Reference value :  9.62300e-08
 Reference value :  9.62900e-08
 Reference value :  9.63500e-08
 Reference value :  9.64000e-08
 Reference value :  9.64140e-08
 Reference value :  9.64700e-08
 Reference value :  9.65500e-08
 Reference value :  9.66020e-08
 Reference value :  9.66500e-08
 Reference value :  9.67100e-08
 Reference value :  9.67700e-08
 Reference value :  9.68020e-08
 Reference value :  9.68500e-08
 Reference value :  9.69100e-08
 Reference value :  9.69700e-08
 Reference value :  9.70060e-08
 Reference value :  9.70500e-08
 Reference value :  9.71100e-08
 Reference value :  9.71850e-08
 Reference value :  9.72140e-08
 Reference value :  9.72700e-08
 Reference value :  9.73300e-08
 Reference value :  9.73700e-08
 Reference value :  9.74000e-08
 Reference value :  9.74140e-08
 Reference value :  9.74700e-08
 Reference value :  9.75300e-08
 Reference value :  9.75850e-08
 Reference value :  9.76140e-08
 Reference value :  9.76700e-08
 Reference value :  9.77300e-08
 Reference value :  9.78000e-08
 Reference value :  9.78300e-08
 Reference value :  9.79100e-08
 Reference value :  9.79850e-08
 Reference value :  9.80140e-08
 Reference value :  9.80700e-08
 Reference value :  9.81300e-08
 Reference value :  9.81700e-08
 Reference value :  9.82000e-08
 Reference value :  9.82140e-08
 Reference value :  9.82500e-08
 Reference value :  9.83100e-08
 Reference value :  9.83700e-08
 Reference value :  9.84020e-08
 Reference value :  9.84500e-08
 Reference value :  9.85100e-08
 Reference value :  9.85700e-08
 Reference value :  9.86060e-08
 Reference value :  9.86900e-08
 Reference value :  9.87850e-08
 Reference value :  9.88300e-08
 Reference value :  9.89500e-08
 Reference value :  9.90140e-08
 Reference value :  9.91100e-08
 Reference value :  9.92020e-08
 Reference value :  9.92700e-08
 Reference value :  9.93500e-08
 Reference value :  9.94000e-08
 Reference value :  9.94300e-08
 Reference value :  9.95100e-08
 Reference value :  9.95850e-08
 Reference value :  9.96300e-08
 Reference value :  9.97300e-08
 Reference value :  9.98060e-08
 Reference value :  9.98900e-08
 Reference value :  9.99850e-08
 Reference value :  1.00030e-07
 Reference value :  1.00150e-07
 Reference value :  1.00214e-07
 Reference value :  1.00310e-07
 Reference value :  1.00385e-07
 Reference value :  1.00450e-07
 Reference value :  1.00530e-07
 Reference value :  1.00600e-07
 Reference value :  1.00650e-07
 Reference value :  1.00750e-07
 Reference value :  1.00800e-07
 Reference value :  1.00814e-07
 Reference value :  1.00870e-07
 Reference value :  1.00950e-07
 Reference value :  1.01002e-07
 Reference value :  1.01070e-07
 Reference value :  1.01170e-07
 Reference value :  1.01214e-07
 Reference value :  1.01290e-07
 Reference value :  1.01350e-07
 Reference value :  1.01400e-07
 Reference value :  1.01414e-07
 Reference value :  1.01470e-07
 Reference value :  1.01530e-07
 Reference value :  1.01585e-07
 Reference value :  1.01614e-07
 Reference value :  1.01670e-07
 Reference value :  1.01730e-07
 Reference value :  1.01785e-07
 Reference value :  1.01814e-07
 Reference value :  1.01930e-07
 Reference value :  1.02002e-07
 Reference value :  1.02030e-07
 Reference value :  1.02090e-07
 Reference value :  1.02150e-07
 Reference value :  1.02202e-07
 Reference value :  1.02250e-07
 Reference value :  1.02310e-07
 Reference value :  1.02350e-07
 Reference value :  1.02385e-07
 Reference value :  1.02406e-07
 Reference value :  1.02450e-07
 Reference value :  1.02510e-07
 Reference value :  1.02585e-07
 Reference value :  1.02606e-07
 Reference value :  1.02650e-07
 Reference value :  1.02690e-07
 Reference value :  1.02730e-07
 Reference value :  1.02785e-07
 Reference value :  1.02806e-07
 Reference value :  1.02870e-07
 Reference value :  1.02910e-07
 Reference value :  1.02985e-07
 Reference value :  1.03030e-07
 Reference value :  1.03110e-07
 Reference value :  1.03200e-07
 Reference value :  1.03230e-07
 Reference value :  1.03310e-07
 Reference value :  1.03385e-07
 Reference value :  1.03414e-07
 Reference value :  1.03470e-07
 Reference value :  1.03550e-07
 Reference value :  1.03600e-07
 Reference value :  1.03630e-07
 Reference value :  1.03690e-07
 Reference value :  1.03750e-07
 Reference value :  1.03800e-07
 Reference value :  1.03850e-07
 Reference value :  1.03970e-07
 Reference value :  1.04006e-07
 Reference value :  1.04070e-07
 Reference value :  1.04150e-07
 Reference value :  1.04202e-07
 Reference value :  1.04250e-07
 Reference value :  1.04310e-07
 Reference value :  1.04370e-07
 Reference value :  1.04406e-07
 Reference value :  1.04450e-07
 Reference value :  1.04510e-07
 Reference value :  1.04570e-07
 Reference value :  1.04602e-07
 Reference value :  1.04630e-07
 Reference value :  1.04710e-07
 Reference value :  1.04770e-07
 Reference value :  1.04814e-07
 Reference value :  1.04890e-07
 Reference value :  1.04970e-07
 Reference value :  1.05006e-07
 Reference value :  1.05090e-07
 Reference value :  1.05170e-07
 Reference value :  1.05202e-07
 Reference value :  1.05250e-07
 Reference value :  1.05310e-07
 Reference value :  1.05370e-07
 Reference value :  1.05402e-07
 Reference value :  1.05450e-07
 Reference value :  1.05530e-07
 Reference value :  1.05585e-07
 Reference value :  1.05606e-07
 Reference value :  1.05670e-07
 Reference value :  1.05785e-07
 Reference value :  1.05830e-07
 Reference value :  1.05930e-07
 Reference value :  1.06000e-07
 Reference value :  1.06050e-07
 Reference value :  1.06150e-07
 Reference value :  1.06200e-07
 Reference value :  1.06230e-07
 Reference value :  1.06290e-07
 Reference value :  1.06370e-07
 Reference value :  1.06414e-07
 Reference value :  1.06490e-07
 Reference value :  1.06570e-07
 Reference value :  1.06606e-07
 Reference value :  1.06670e-07
 Reference value :  1.06800e-07
 Reference value :  1.06830e-07
 Reference value :  1.06930e-07
 Reference value :  1.07000e-07
 Reference value :  1.07200e-07
 Reference value :  1.07230e-07
 Reference value :  1.07310e-07
 Reference value :  1.07370e-07
 Reference value :  1.07414e-07
 Reference value :  1.07530e-07
 Reference value :  1.07602e-07
 Reference value :  1.07690e-07
 Reference value :  1.07785e-07
 Reference value :  1.07830e-07
 Reference value :  1.07950e-07
 Reference value :  1.08006e-07
 Reference value :  1.08070e-07
 Reference value :  1.08130e-07
 Reference value :  1.08185e-07
 Reference value :  1.08214e-07
 Reference value :  1.08310e-07
 Reference value :  1.08370e-07
 Reference value :  1.08406e-07
 Reference value :  1.08470e-07
 Reference value :  1.08570e-07
 Reference value :  1.08614e-07
 Reference value :  1.08690e-07
 Reference value :  1.08770e-07
 Reference value :  1.08830e-07
 Reference value :  1.08890e-07
 Reference value :  1.08970e-07
 Reference value :  1.09014e-07
 Reference value :  1.09090e-07
 Reference value :  1.09150e-07
 Reference value :  1.09202e-07
 Reference value :  1.09270e-07
 Reference value :  1.09350e-07
 Reference value :  1.09402e-07
 Reference value :  1.09450e-07
 Reference value :  1.09530e-07
 Reference value :  1.09600e-07
 Reference value :  1.09650e-07
 Reference value :  1.09750e-07
 Reference value :  1.09806e-07
 Reference value :  1.09870e-07
 Reference value :  1.09950e-07
 Reference value :  1.10006e-07
 Reference value :  1.10090e-07
 Reference value :  1.10185e-07
 Reference value :  1.10250e-07
 Reference value :  1.10330e-07
 Reference value :  1.10406e-07
 Reference value :  1.10470e-07
 Reference value :  1.10510e-07
 Reference value :  1.10570e-07
 Reference value :  1.10602e-07
 Reference value :  1.10650e-07
 Reference value :  1.10710e-07
 Reference value :  1.10800e-07
 Reference value :  1.10850e-07
 Reference value :  1.10950e-07
 Reference value :  1.11006e-07
 Reference value :  1.11070e-07
 Reference value :  1.11150e-07
 Reference value :  1.11202e-07
 Reference value :  1.11250e-07
 Reference value :  1.11330e-07
 Reference value :  1.11385e-07
 Reference value :  1.11430e-07
 Reference value :  1.11510e-07
 Reference value :  1.11570e-07
 Reference value :  1.11614e-07
 Reference value :  1.11690e-07
 Reference value :  1.11785e-07
 Reference value :  1.11830e-07
 Reference value :  1.11930e-07
 Reference value :  1.12006e-07
 Reference value :  1.12110e-07
 Reference value :  1.12200e-07
 Reference value :  1.12250e-07
 Reference value :  1.12350e-07
 Reference value :  1.12402e-07
 Reference value :  1.12450e-07
 Reference value :  1.12570e-07
 Reference value :  1.12606e-07
 Reference value :  1.12690e-07
 Reference value :  1.12770e-07
 Reference value :  1.12814e-07
 Reference value :  1.12910e-07
 Reference value :  1.13000e-07
 Reference value :  1.13030e-07
 Reference value :  1.13110e-07
 Reference value :  1.13185e-07
 Reference value :  1.13214e-07
 Reference value :  1.13290e-07
 Reference value :  1.13370e-07
 Reference value :  1.13430e-07
 Reference value :  1.13510e-07
 Reference value :  1.13600e-07
 Reference value :  1.13650e-07
 Reference value :  1.13730e-07
 Reference value :  1.13785e-07
 Reference value :  1.13970e-07
 Reference value :  1.14014e-07
 Reference value :  1.14110e-07
 Reference value :  1.14170e-07
 Reference value :  1.14230e-07
 Reference value :  1.14330e-07
 Reference value :  1.14402e-07
 Reference value :  1.14450e-07
 Reference value :  1.14510e-07
 Reference value :  1.14570e-07
 Reference value :  1.14614e-07
 Reference value :  1.14690e-07
 Reference value :  1.14750e-07
 Reference value :  1.14800e-07
 Reference value :  1.14830e-07
 Reference value :  1.14890e-07
 Reference value :  1.14970e-07
 Reference value :  1.15014e-07
 Reference value :  1.15110e-07
 Reference value :  1.15200e-07
 Reference value :  1.15250e-07
 Reference value :  1.15370e-07
 Reference value :  1.15414e-07
 Reference value :  1.15490e-07
 Reference value :  1.15550e-07
 Reference value :  1.15606e-07
 Reference value :  1.15670e-07
 Reference value :  1.15730e-07
 Reference value :  1.15785e-07
 Reference value :  1.15814e-07
 Reference value :  1.15870e-07
 Reference value :  1.15930e-07
 Reference value :  1.16000e-07
 Reference value :  1.16030e-07
 Reference value :  1.16110e-07
 Reference value :  1.16185e-07
 Reference value :  1.16214e-07
 Reference value :  1.16270e-07
 Reference value :  1.16370e-07
 Reference value :  1.16414e-07
 Reference value :  1.16530e-07
 Reference value :  1.16585e-07
 Reference value :  1.16606e-07
 Reference value :  1.16670e-07
 Reference value :  1.16730e-07
 Reference value :  1.16800e-07
 Reference value :  1.16850e-07
 Reference value :  1.16950e-07
 Reference value :  1.17006e-07
 Reference value :  1.17090e-07
 Reference value :  1.17185e-07
 Reference value :  1.17250e-07
 Reference value :  1.17330e-07
 Reference value :  1.17400e-07
 Reference value :  1.17450e-07
 Reference value :  1.17550e-07
 Reference value :  1.17606e-07
 Reference value :  1.17690e-07
 Reference value :  1.17785e-07
 Reference value :  1.17830e-07
 Reference value :  1.17910e-07
 Reference value :  1.17985e-07
 Reference value :  1.18030e-07
 Reference value :  1.18090e-07
 Reference value :  1.18150e-07
 Reference value :  1.18200e-07
 Reference value :  1.18230e-07
 Reference value :  1.18290e-07
 Reference value :  1.18370e-07
 Reference value :  1.18402e-07
 Reference value :  1.18450e-07
 Reference value :  1.18530e-07
 Reference value :  1.18602e-07
 Reference value :  1.18650e-07
 Reference value :  1.18730e-07
 Reference value :  1.18800e-07
 Reference value :  1.18830e-07
 Reference value :  1.18910e-07
 Reference value :  1.18970e-07
 Reference value :  1.19006e-07
 Reference value :  1.19070e-07
 Reference value :  1.19150e-07
 Reference value :  1.19206e-07
 Reference value :  1.19270e-07
 Reference value :  1.19330e-07
 Reference value :  1.19385e-07
 Reference value :  1.19402e-07
 Reference value :  1.19430e-07
 Reference value :  1.19470e-07
 Reference value :  1.19530e-07
 Reference value :  1.19585e-07
 Reference value :  1.19630e-07
 Reference value :  1.19730e-07
 Reference value :  1.19802e-07
 Reference value :  1.19890e-07
 Reference value :  1.20000e-07
 Reference value :  1.20050e-07
 Reference value :  1.20130e-07
 Reference value :  1.20185e-07
 Reference value :  1.20214e-07
 Reference value :  1.20290e-07
 Reference value :  1.20400e-07
 Reference value :  1.20450e-07
 Reference value :  1.20510e-07
 Reference value :  1.20585e-07
 Reference value :  1.20630e-07
 Reference value :  1.20750e-07
 Reference value :  1.20806e-07
 Reference value :  1.20890e-07
 Reference value :  1.21000e-07
 Reference value :  1.21050e-07
 Reference value :  1.21150e-07
 Reference value :  1.21214e-07
 Reference value :  1.21290e-07
 Reference value :  1.21385e-07
 Reference value :  1.21414e-07
 Reference value :  1.21470e-07
 Reference value :  1.21530e-07
 Reference value :  1.21585e-07
 Reference value :  1.21606e-07
 Reference value :  1.21650e-07
 Reference value :  1.21750e-07
 Reference value :  1.21806e-07
 Reference value :  1.21870e-07
 Reference value :  1.21950e-07
 Reference value :  1.22002e-07
 Reference value :  1.22050e-07
 Reference value :  1.22110e-07
 Reference value :  1.22170e-07
 Reference value :  1.22206e-07
 Reference value :  1.22250e-07
 Reference value :  1.22310e-07
 Reference value :  1.22350e-07
 Reference value :  1.22385e-07
 Reference value :  1.22430e-07
 Reference value :  1.22510e-07
 Reference value :  1.22585e-07
 Reference value :  1.22602e-07
 Reference value :  1.22650e-07
 Reference value :  1.22710e-07
 Reference value :  1.22770e-07
 Reference value :  1.22806e-07
 Reference value :  1.22850e-07
 Reference value :  1.22930e-07
 Reference value :  1.23000e-07
 Reference value :  1.23050e-07
 Reference value :  1.23130e-07
 Reference value :  1.23202e-07
 Reference value :  1.23230e-07
 Reference value :  1.23290e-07
 Reference value :  1.23370e-07
 Reference value :  1.23406e-07
 Reference value :  1.23450e-07
 Reference value :  1.23530e-07
 Reference value :  1.23600e-07
 Reference value :  1.23630e-07
 Reference value :  1.23690e-07
 Reference value :  1.23730e-07
 Reference value :  1.23785e-07
 Reference value :  1.23814e-07
 Reference value :  1.23870e-07
 Reference value :  1.23930e-07
 Reference value :  1.24000e-07
 Reference value :  1.24030e-07
 Reference value :  1.24090e-07
 Reference value :  1.24150e-07
 Reference value :  1.24202e-07
 Reference value :  1.24250e-07
 Reference value :  1.24330e-07
 Reference value :  1.24385e-07
 Reference value :  1.24414e-07
 Reference value :  1.24490e-07
 Reference value :  1.24530e-07
 Reference value :  1.24585e-07
 Reference value :  1.24630e-07
 Reference value :  1.24690e-07
 Reference value :  1.24750e-07
 Reference value :  1.24800e-07
 Reference value :  1.24850e-07
 Reference value :  1.25310e-07
 Reference value :  1.26006e-07
 Reference value :  1.26530e-07
No. of Data Rows : 8467
vmax_ss             =  1.69650e+00 at=  1.14830e-07
vmin_ss             =  -2.85441e-02 at=  4.85700e-08
tk                  =  1.30053e-08
tk                  =  2.50993e-08
tk                  =  3.71830e-08
tk                  =  4.92717e-08
tk                  =  6.13589e-08
tk                  =  7.34368e-08
tk                  =  8.55287e-08
tk                  =  9.76069e-08
tk                  =  1.09692e-07
vmax_ss = 1.696498e+00
vmin_ss = -2.85441e-02
swing_frac = 1.064841e+00
tbar = 1.208590e-08
sigma_1 = 5.867806e-12
sigma_2 = 5.647115e-12
sigma_4 = 1.119412e-11
Note: Simulation executed from .control section 

----- stderr -----

Checking parameters for BSIM 4.5 model x10.xmn:nshort_model.48
Warning: Eta0 = -0.0286127 is negative.

Checking parameters for BSIM 4.5 model x10.xmph:pshort_model.44
Warning: Eta0 = -0.00221468 is negative.

Checking parameters for BSIM 4.5 model x9.xmn:nshort_model.48
Warning: Eta0 = -0.0286127 is negative.

Checking parameters for BSIM 4.5 model x9.xmph:pshort_model.44
Warning: Eta0 = -0.00221468 is negative.

Checking parameters for BSIM 4.5 model x8.xmn:nshort_model.48
Warning: Eta0 = -0.0286127 is negative.

Checking parameters for BSIM 4.5 model x8.xmph:pshort_model.44
Warning: Eta0 = -0.00221468 is negative.

Checking parameters for BSIM 4.5 model x7.xmn:nshort_model.48
Warning: Eta0 = -0.0286127 is negative.

Checking parameters for BSIM 4.5 model x7.xmph:pshort_model.44
Warning: Eta0 = -0.00221468 is negative.

Checking parameters for BSIM 4.5 model x6.xmn:nshort_model.48
Warning: Eta0 = -0.0286127 is negative.

Checking parameters for BSIM 4.5 model x6.xmph:pshort_model.44
Warning: Eta0 = -0.00221468 is negative.

Checking parameters for BSIM 4.5 model x5.xmn:nshort_model.48
Warning: Eta0 = -0.0286127 is negative.

Checking parameters for BSIM 4.5 model x5.xmph:pshort_model.44
Warning: Eta0 = -0.00221468 is negative.

Checking parameters for BSIM 4.5 model x4.xmn:nshort_model.48
Warning: Eta0 = -0.0286127 is negative.

Checking parameters for BSIM 4.5 model x4.xmph:pshort_model.44
Warning: Eta0 = -0.00221468 is negative.

Checking parameters for BSIM 4.5 model x3.xmn:nshort_model.48
Warning: Eta0 = -0.0286127 is negative.

Checking parameters for BSIM 4.5 model x3.xmph:pshort_model.44
Warning: Eta0 = -0.00221468 is negative.

Checking parameters for BSIM 4.5 model x2.xmn:nshort_model.48
Warning: Eta0 = -0.0286127 is negative.

Checking parameters for BSIM 4.5 model x2.xmph:pshort_model.44
Warning: Eta0 = -0.00221468 is negative.

Checking parameters for BSIM 4.5 model x1.xmn:nshort_model.48
Warning: Eta0 = -0.0286127 is negative.

Checking parameters for BSIM 4.5 model x1.xmph:pshort_model.44
Warning: Eta0 = -0.00221468 is negative.

Checking parameters for BSIM 4.5 model xg.xmph:pshort_model.44
Warning: Eta0 = -0.00221468 is negative.

