|* Post-layout ro_array_core: the whole entropy source (four non-identical
|* rings + four output buffers + the three-xor2 combining tree), extracted
|* FLAT from ONE `klt extract --parasitics` run over
|* layout/ro_array_core-placement-poc/ro_array_core_signal9_poc.gds -- the
|* same DRC-clean (0 violations), klt-lvs-MATCHING (132/132 devices, 96/96
|* nets against design/ro_array_core.spice's own .subckt ro_array_core) GDS
|* that PoC directory's own README documents ("Increment 8"). Real inter-ring
|* wiring is included for the first time: the ring->buffer signal chain, the
|* buffer->XOR fan-in, the XOR combining tree's own t1/t2 routing, and the
|* array-wide vdd bus for the four buffers + three xor2 instances -- none of
|* which sim/post-layout-ro-ring5-assembled/ (one ring at a time, ideal
|* wires between rings) could include, and none of which
|* sim/ro-array-core-combining/ (pre-layout, no physical interconnect at
|* all) could include either.
|*
|* Purpose (issue #22's acceptance bar: "Post-layout PVT simulation results
|* land under sim/, extracted parasitics included" plus the DR-0003 section
|* 8 wstv inter-ring decorrelation re-evaluation). This is a two-way,
|* same-corner comparison (post-layout array vs. pre-layout control, the
|* SAME topology sim/ro-array-core-combining/'s own testbench drives),
|* matching sim/post-layout-ro-ring5-assembled/'s own comparison discipline
|* one hierarchy level up. It reuses that record's own measurement set
|* (per-ring periods, combining fidelity in both the edge-retention and
|* value-fidelity senses, and array supply current) rather than inventing a
|* new one, so every number here is directly comparable to
|* sim/ro-array-core-combining/'s own pre-layout record by name.
|*
|* Topology, post-layout side (prefix p): xarr is ONE flat-extracted cell --
|* design/xschem/ro_array_core.sch's own hierarchy, already wired, sourced
|* from layout/pex-array/ro_array_core_pex.spice via
|* layout/bin/pex-netlist.py (shared, unmodified, with
|* layout/pex/pex.json's and layout/pex-ring/pex.json's own leaf/ring
|* descriptors). t1/t2 (the XOR tree's own inter-stage nets) are internal to
|* the wrapper subckt at the SAME literal names design/ro_array_core.spice's
|* own .subckt ro_array_core uses internally, so they are reachable exactly
|* the way sim/ro-array-core-combining/'s own testbench reaches them
|* (`v(xarr.t1)`, one level of hierarchy) -- confirmed by this deck's own
|* first successful run, not assumed.
|*
|* Topology, pre-layout side (no prefix, matching
|* sim/ro-array-core-combining/'s own testbench net names exactly): xctl is
|* the identical topology from design/ro_array_core.spice's parameterized
|* .subckt ro_array_core, same-deck same-corner control.
|*
|* The substrate tie. layout/pex-array/ro_array_core_pex.spice declares the
|* extractor's substrate return node `vsubs` .global (klayout-tools#1503,
|* same as every other post-layout deck in this repo). This deck ties it
|* HARD to 0, the same physically-motivated choice
|* sim/post-layout-ro-ring5-assembled/ and sim/post-layout-ro-ring5/ both
|* use -- every composed cell's own psub guard ring is tied to vss, and vss
|* is 0 here. Inter-ring coupling through a floating substrate is a
|* different, separately-bracketed question (spec/decision-records/DR-0005)
|* and is not re-litigated by this deck's own hard tie.
|*
|* PVT: the same four (temp, supply) points
|* sim/post-layout-ro-ring5-assembled/ uses, each bundling the tt/ss/ff
|* process axis:
|*   -40 degC / 1.62 V   the measured entropy-binding corner (ss)
|*    27 degC / 1.80 V   nominal
|*   125 degC / 1.98 V   the worst five-stage ring swing in #10's grid
|*   -40 degC / 1.98 V   the fastest ring measured anywhere in that grid
|*
|* Window. Post-layout parasitics measurably slow the array (every prior
|* post-layout ring record in this repo reports 1.4x-2.4x slowdown over
|* pre-layout, and the array adds inter-ring wiring + XOR-tree loading on
|* top), so this deck's tstop is 4x sim/ro-array-core-combining/'s own 200n
|* -- 800n -- with the same 5 ns enable-release point and the same
|* 10-period ring / 48-edge combining-node estimators (rise=3..13 for
|* periods, rise=2..50 at the combining nodes), now measured from a 700 ns
|* window (100 ns to 800 ns) rather than that deck's 60-200 ns, to keep the
|* same edge counts reachable at the slowest corner. Confirmed sufficient by
|* this deck's own first run at every corner (every meas below resolved,
|* not "no value found"), not assumed from the pre-layout deck's own margin.
|*
|* This file is a TEMPLATE: sim/bin/corner-run.py substitutes /Users/rwalters/.volare/volare/sky130/versions/c6d73a35f524070e85faff4a6a9eef49553ebc2b/sky130A/libs.tech/combined/sky130.lib.spice,
|* ff, /Users/rwalters/GitHub/sky130-trng/.loom/worktrees/issue-22/design/ro_array_core.spice, /Users/rwalters/GitHub/sky130-trng/.loom/worktrees/issue-22/layout/pex-array/ro_array_core_pex.spice, -40.0, 1.62 and 5p. As
|* committed it is not a runnable deck. Invoke with
|* `--ro-ring5 design/ro_array_core.spice` and
|* `--pex-lib layout/pex-array/ro_array_core_pex.spice`.
|
|.option scale=1u
|.lib "/Users/rwalters/.volare/volare/sky130/versions/c6d73a35f524070e85faff4a6a9eef49553ebc2b/sky130A/libs.tech/combined/sky130.lib.spice" ff
|
|* pre-layout subcircuit library (ro_array_core / ro_ring5 / ro_buf / xor2)
|.include "/Users/rwalters/GitHub/sky130-trng/.loom/worktrees/issue-22/design/ro_array_core.spice"
|* post-layout ARRAY subcircuit library (ro_array_core_pex, flat-extracted
|* from the whole composed, DRC-clean and LVS-clean array GDS)
|.include "/Users/rwalters/GitHub/sky130-trng/.loom/worktrees/issue-22/layout/pex-array/ro_array_core_pex.spice"
|
|.temp -40.0
|
|* --- substrate return node: hard tie (see header) ----------------------
|Vsub vsubs 0 dc 0
|
|* --- post-layout ARRAY, one flat-extracted cell for the whole block ----
|Vddrp1 pvddr1 0 dc 1.62
|Vddrp2 pvddr2 0 dc 1.62
|Vddrp3 pvddr3 0 dc 1.62
|Vddrp4 pvddr4 0 dc 1.62
|Vddp pvdd 0 dc 1.62
|Venp1 pen1 0 PULSE(0 1.62 5n 100p 100p 1u 2u)
|Venp2 pen2 0 PULSE(0 1.62 5n 100p 100p 1u 2u)
|Venp3 pen3 0 PULSE(0 1.62 5n 100p 100p 1u 2u)
|Venp4 pen4 0 PULSE(0 1.62 5n 100p 100p 1u 2u)
|xarr pen1 pen2 pen3 pen4 pvddr1 pvddr2 pvddr3 pvddr4 pvdd 0 pxo pro1 pro2 pro3 pro4 ro_array_core_pex
|
|* --- pre-layout control, identical topology, single-call subckt --------
|Vddr1 vddr1 0 dc 1.62
|Vddr2 vddr2 0 dc 1.62
|Vddr3 vddr3 0 dc 1.62
|Vddr4 vddr4 0 dc 1.62
|Vdd vdd 0 dc 1.62
|Ven1 en1 0 PULSE(0 1.62 5n 100p 100p 1u 2u)
|Ven2 en2 0 PULSE(0 1.62 5n 100p 100p 1u 2u)
|Ven3 en3 0 PULSE(0 1.62 5n 100p 100p 1u 2u)
|Ven4 en4 0 PULSE(0 1.62 5n 100p 100p 1u 2u)
|xctl en1 en2 en3 en4 vddr1 vddr2 vddr3 vddr4 vdd 0 xo ro1 ro2 ro3 ro4 ro_array_core
|
|.ic v(pro1)=0
|.ic v(pro2)=0
|.ic v(pro3)=0
|.ic v(pro4)=0
|.ic v(ro1)=0
|.ic v(ro2)=0
|.ic v(ro3)=0
|.ic v(ro4)=0
|
|* Limit the saved transient trace set to exactly what the .meas statements
|* below need. Without this, ngspice keeps a full-resolution voltage history
|* for every node in the deck -- including every per-terminal parasitic-star
|* leg node the flat ARRAY extraction introduces (132 devices' worth, an
|* order of magnitude more than one ring alone) -- and
|* sim/post-layout-ro-ring5-assembled/'s own header records this exhausting
|* process memory outright at the ff corner's shorter timesteps. None of
|* those internal leg voltages are read by any .meas below.
|.save v(pro1) v(pro2) v(pro3) v(pro4) v(pxo) v(xarr.t1)
|.save v(ro1) v(ro2) v(ro3) v(ro4) v(xo) v(xctl.t1)
|.save i(Vddrp1) i(Vddrp2) i(Vddrp3) i(Vddrp4) i(Vddp)
|.save i(Vddr1) i(Vddr2) i(Vddr3) i(Vddr4) i(Vdd)
|
|.tran 5p 800n uic
|
|.control
|run
|
|* --- post-layout ARRAY: per-ring periods, 10 whole periods each, first
|* two rising edges discarded as start-up ------------------------------
|meas tran pt1a when v(pro1)=0.5*1.62 rise=3
|meas tran pt1b when v(pro1)=0.5*1.62 rise=13
|let p_tr1 = (pt1b - pt1a)/10
|meas tran pt2a when v(pro2)=0.5*1.62 rise=3
|meas tran pt2b when v(pro2)=0.5*1.62 rise=13
|let p_tr2 = (pt2b - pt2a)/10
|meas tran pt3a when v(pro3)=0.5*1.62 rise=3
|meas tran pt3b when v(pro3)=0.5*1.62 rise=13
|let p_tr3 = (pt3b - pt3a)/10
|meas tran pt4a when v(pro4)=0.5*1.62 rise=3
|meas tran pt4b when v(pro4)=0.5*1.62 rise=13
|let p_tr4 = (pt4b - pt4a)/10
|let p_f_ideal2 = 1/p_tr1 + 1/p_tr2
|let p_f_ideal = 1/p_tr1 + 1/p_tr2 + 1/p_tr3 + 1/p_tr4
|let p_skew_span = p_tr1/p_tr4
|
|* --- post-layout ARRAY combining node: swing and realized edge rate ---
|meas tran pvxo_max MAX v(pxo) from=100n to=800n
|meas tran pvxo_min MIN v(pxo) from=100n to=800n
|let p_swing_frac_xo = (pvxo_max - pvxo_min) / 1.62
|meas tran ptxo_a when v(pxo)=0.5*1.62 rise=2
|meas tran ptxo_b when v(pxo)=0.5*1.62 rise=50
|let p_f_xo = 48/(ptxo_b - ptxo_a)
|let p_edge_retention = p_f_xo / p_f_ideal
|meas tran ptt1a when v(xarr.t1)=0.5*1.62 rise=2
|meas tran ptt1b when v(xarr.t1)=0.5*1.62 rise=50
|let p_f_t1 = 48/(ptt1b - ptt1a)
|let p_retention_n2 = p_f_t1 / p_f_ideal2
|let p_retention_n4 = p_edge_retention
|
|* --- post-layout ARRAY value fidelity + supply current -----------------
|meas tran pvxo_avg AVG v(pxo) from=100n to=800n
|meas tran pvt1_avg AVG v(xarr.t1) from=100n to=800n
|let p_bias_xo = pvxo_avg / 1.62
|let p_bias_t1 = pvt1_avg / 1.62
|meas tran pi1 AVG i(Vddrp1) from=100n to=800n
|meas tran pi2 AVG i(Vddrp2) from=100n to=800n
|meas tran pi3 AVG i(Vddrp3) from=100n to=800n
|meas tran pi4 AVG i(Vddrp4) from=100n to=800n
|meas tran pib AVG i(Vddp) from=100n to=800n
|let p_i_rings = -(pi1 + pi2 + pi3 + pi4)
|let p_i_block = -pib
|let p_i_array_total = p_i_rings + p_i_block
|let p_p_array_total = p_i_array_total * 1.62
|
|* --- pre-layout CONTROL: identical estimators, identical node names as
|* sim/ro-array-core-combining/'s own testbench ---------------------------
|meas tran t1a when v(ro1)=0.5*1.62 rise=3
|meas tran t1b when v(ro1)=0.5*1.62 rise=13
|let tr1 = (t1b - t1a)/10
|meas tran t2a when v(ro2)=0.5*1.62 rise=3
|meas tran t2b when v(ro2)=0.5*1.62 rise=13
|let tr2 = (t2b - t2a)/10
|meas tran t3a when v(ro3)=0.5*1.62 rise=3
|meas tran t3b when v(ro3)=0.5*1.62 rise=13
|let tr3 = (t3b - t3a)/10
|meas tran t4a when v(ro4)=0.5*1.62 rise=3
|meas tran t4b when v(ro4)=0.5*1.62 rise=13
|let tr4 = (t4b - t4a)/10
|let f_ideal2 = 1/tr1 + 1/tr2
|let f_ideal = 1/tr1 + 1/tr2 + 1/tr3 + 1/tr4
|let skew_span = tr1/tr4
|
|meas tran vxo_max MAX v(xo) from=100n to=800n
|meas tran vxo_min MIN v(xo) from=100n to=800n
|let swing_frac_xo = (vxo_max - vxo_min) / 1.62
|meas tran txo_a when v(xo)=0.5*1.62 rise=2
|meas tran txo_b when v(xo)=0.5*1.62 rise=50
|let f_xo = 48/(txo_b - txo_a)
|let edge_retention = f_xo / f_ideal
|meas tran tt1a when v(xctl.t1)=0.5*1.62 rise=2
|meas tran tt1b when v(xctl.t1)=0.5*1.62 rise=50
|let f_t1 = 48/(tt1b - tt1a)
|let retention_n2 = f_t1 / f_ideal2
|let retention_n4 = edge_retention
|
|meas tran vxo_avg AVG v(xo) from=100n to=800n
|meas tran vt1_avg AVG v(xctl.t1) from=100n to=800n
|let bias_xo = vxo_avg / 1.62
|let bias_t1 = vt1_avg / 1.62
|meas tran i1 AVG i(Vddr1) from=100n to=800n
|meas tran i2 AVG i(Vddr2) from=100n to=800n
|meas tran i3 AVG i(Vddr3) from=100n to=800n
|meas tran i4 AVG i(Vddr4) from=100n to=800n
|meas tran ib AVG i(Vdd) from=100n to=800n
|let i_rings = -(i1 + i2 + i3 + i4)
|let i_block = -ib
|let i_array_total = i_rings + i_block
|let p_array_total_pre = i_array_total * 1.62
|
|* --- headline ratios: same block, same corner, real inter-ring wiring
|* (plus real intra-cell parasitics) vs. pre-layout (no interconnect,
|* ideal devices only) ----------------------------------------------------
|let slowdown_r1 = p_tr1 / tr1
|let slowdown_r2 = p_tr2 / tr2
|let slowdown_r3 = p_tr3 / tr3
|let slowdown_r4 = p_tr4 / tr4
|
|print p_tr1
|print p_tr2
|print p_tr3
|print p_tr4
|print p_skew_span
|print p_f_ideal
|print p_f_xo
|print p_edge_retention
|print p_retention_n2
|print p_retention_n4
|print p_bias_t1
|print p_bias_xo
|print p_swing_frac_xo
|print p_i_rings
|print p_i_block
|print p_i_array_total
|print p_p_array_total
|print tr1
|print tr2
|print tr3
|print tr4
|print skew_span
|print f_ideal
|print f_xo
|print edge_retention
|print retention_n2
|print retention_n4
|print bias_t1
|print bias_xo
|print swing_frac_xo
|print i_rings
|print i_block
|print i_array_total
|print p_array_total_pre
|print slowdown_r1
|print slowdown_r2
|print slowdown_r3
|print slowdown_r4
|.endc
|.end
|

----- stdout -----

Note: Compatibility modes selected: hs a


Circuit: * post-layout ro_array_core: the whole entropy source (four non-identical

option SCALE: Scale is set to 1e-06 for instance and model parameters
option SCALE: Scale is set to 1e-06 for instance and model parameters
option SCALE: Scale is set to 1e-06 for instance and model parameters
option SCALE: Scale is set to 1e-06 for instance and model parameters
option SCALE: Scale is set to 1e-06 for instance and model parameters
Doing analysis at TEMP = -40.000000 and TNOM = 27.000000

Using SPARSE 1.3 as Direct Linear Solver
Operating point simulation skipped by 'uic',
  now using transient initial conditions.
 Reference value :  5.00000e-14
 Reference value :  4.77165e-10
 Reference value :  1.11217e-09
 Reference value :  1.77717e-09
 Reference value :  2.46217e-09
 Reference value :  3.11217e-09
 Reference value :  3.69217e-09
 Reference value :  4.26717e-09
 Reference value :  4.88217e-09
 Reference value :  5.44250e-09
 Reference value :  6.12750e-09
 Reference value :  6.74750e-09
 Reference value :  7.44750e-09
 Reference value :  8.12750e-09
 Reference value :  8.75750e-09
 Reference value :  9.36750e-09
 Reference value :  9.95250e-09
 Reference value :  1.05525e-08
 Reference value :  1.12425e-08
 Reference value :  1.18425e-08
 Reference value :  1.24075e-08
 Reference value :  1.29125e-08
 Reference value :  1.34525e-08
 Reference value :  1.40125e-08
 Reference value :  1.45425e-08
 Reference value :  1.51125e-08
 Reference value :  1.56675e-08
 Reference value :  1.62325e-08
 Reference value :  1.67425e-08
 Reference value :  1.72975e-08
 Reference value :  1.78275e-08
 Reference value :  1.83675e-08
 Reference value :  1.88725e-08
 Reference value :  1.95025e-08
 Reference value :  2.00675e-08
 Reference value :  2.06525e-08
 Reference value :  2.12325e-08
 Reference value :  2.17375e-08
 Reference value :  2.22625e-08
 Reference value :  2.27975e-08
 Reference value :  2.33475e-08
 Reference value :  2.38925e-08
 Reference value :  2.44525e-08
 Reference value :  2.50375e-08
 Reference value :  2.55825e-08
 Reference value :  2.61775e-08
 Reference value :  2.67475e-08
 Reference value :  2.73125e-08
 Reference value :  2.78725e-08
 Reference value :  2.84775e-08
 Reference value :  2.89825e-08
 Reference value :  2.94925e-08
 Reference value :  2.99925e-08
 Reference value :  3.05325e-08
 Reference value :  3.10675e-08
 Reference value :  3.16975e-08
 Reference value :  3.22125e-08
 Reference value :  3.27975e-08
 Reference value :  3.34325e-08
 Reference value :  3.40525e-08
 Reference value :  3.46775e-08
 Reference value :  3.52925e-08
 Reference value :  3.58125e-08
 Reference value :  3.63175e-08
 Reference value :  3.69275e-08
 Reference value :  3.75375e-08
 Reference value :  3.81225e-08
 Reference value :  3.86625e-08
 Reference value :  3.92875e-08
 Reference value :  3.99125e-08
 Reference value :  4.06225e-08
 Reference value :  4.11725e-08
 Reference value :  4.16775e-08
 Reference value :  4.21675e-08
 Reference value :  4.26975e-08
 Reference value :  4.32825e-08
 Reference value :  4.40175e-08
 Reference value :  4.45375e-08
 Reference value :  4.50825e-08
 Reference value :  4.56275e-08
 Reference value :  4.61675e-08
 Reference value :  4.68275e-08
 Reference value :  4.74275e-08
 Reference value :  4.79225e-08
 Reference value :  4.83925e-08
 Reference value :  4.88725e-08
 Reference value :  4.94175e-08
 Reference value :  5.00375e-08
 Reference value :  5.05875e-08
 Reference value :  5.11125e-08
 Reference value :  5.16425e-08
 Reference value :  5.21575e-08
 Reference value :  5.27375e-08
 Reference value :  5.33075e-08
 Reference value :  5.39125e-08
 Reference value :  5.44725e-08
 Reference value :  5.49725e-08
 Reference value :  5.54775e-08
 Reference value :  5.61825e-08
 Reference value :  5.67125e-08
 Reference value :  5.73825e-08
 Reference value :  5.79475e-08
 Reference value :  5.86075e-08
 Reference value :  5.92075e-08
 Reference value :  5.97425e-08
 Reference value :  6.03675e-08
 Reference value :  6.09025e-08
 Reference value :  6.14625e-08
 Reference value :  6.20475e-08
 Reference value :  6.26125e-08
 Reference value :  6.32325e-08
 Reference value :  6.37525e-08
 Reference value :  6.42925e-08
 Reference value :  6.48125e-08
 Reference value :  6.54175e-08
 Reference value :  6.59425e-08
 Reference value :  6.65125e-08
 Reference value :  6.71025e-08
 Reference value :  6.76325e-08
 Reference value :  6.81725e-08
 Reference value :  6.87075e-08
 Reference value :  6.92125e-08
 Reference value :  6.97825e-08
 Reference value :  7.03975e-08
 Reference value :  7.09775e-08
 Reference value :  7.14925e-08
 Reference value :  7.20275e-08
 Reference value :  7.25425e-08
 Reference value :  7.30475e-08
 Reference value :  7.35825e-08
 Reference value :  7.41625e-08
 Reference value :  7.47625e-08
 Reference value :  7.52775e-08
 Reference value :  7.59675e-08
 Reference value :  7.66475e-08
 Reference value :  7.71675e-08
 Reference value :  7.76225e-08
 Reference value :  7.81225e-08
 Reference value :  7.87125e-08
 Reference value :  7.93725e-08
 Reference value :  8.00525e-08
 Reference value :  8.06875e-08
 Reference value :  8.12875e-08
 Reference value :  8.19375e-08
 Reference value :  8.26225e-08
 Reference value :  8.32375e-08
 Reference value :  8.38275e-08
 Reference value :  8.44025e-08
 Reference value :  8.49725e-08
 Reference value :  8.54775e-08
 Reference value :  8.61375e-08
 Reference value :  8.67375e-08
 Reference value :  8.72675e-08
 Reference value :  8.78325e-08
 Reference value :  8.83875e-08
 Reference value :  8.90575e-08
 Reference value :  8.96325e-08
 Reference value :  9.01775e-08
 Reference value :  9.07925e-08
 Reference value :  9.13575e-08
 Reference value :  9.19525e-08
 Reference value :  9.25575e-08
 Reference value :  9.31125e-08
 Reference value :  9.36975e-08
 Reference value :  9.42325e-08
 Reference value :  9.47725e-08
 Reference value :  9.53175e-08
 Reference value :  9.58925e-08
 Reference value :  9.64125e-08
 Reference value :  9.69525e-08
 Reference value :  9.74775e-08
 Reference value :  9.80075e-08
 Reference value :  9.85775e-08
 Reference value :  9.91475e-08
 Reference value :  9.97225e-08
 Reference value :  1.00223e-07
 Reference value :  1.00813e-07
 Reference value :  1.01338e-07
 Reference value :  1.01858e-07
 Reference value :  1.02388e-07
 Reference value :  1.02988e-07
 Reference value :  1.03538e-07
 Reference value :  1.04063e-07
 Reference value :  1.04658e-07
 Reference value :  1.05263e-07
 Reference value :  1.05933e-07
 Reference value :  1.06513e-07
 Reference value :  1.07038e-07
 Reference value :  1.07573e-07
 Reference value :  1.08178e-07
 Reference value :  1.08813e-07
 Reference value :  1.09433e-07
 Reference value :  1.10033e-07
 Reference value :  1.10533e-07
 Reference value :  1.11078e-07
 Reference value :  1.11803e-07
 Reference value :  1.12408e-07
 Reference value :  1.12958e-07
 Reference value :  1.13553e-07
 Reference value :  1.14098e-07
 Reference value :  1.14733e-07
 Reference value :  1.15403e-07
 Reference value :  1.15948e-07
 Reference value :  1.16413e-07
 Reference value :  1.16938e-07
 Reference value :  1.17463e-07
 Reference value :  1.18038e-07
 Reference value :  1.18653e-07
 Reference value :  1.19168e-07
 Reference value :  1.19683e-07
 Reference value :  1.20248e-07
 Reference value :  1.20778e-07
 Reference value :  1.21408e-07
 Reference value :  1.22008e-07
 Reference value :  1.22483e-07
 Reference value :  1.22958e-07
 Reference value :  1.23448e-07
 Reference value :  1.23983e-07
 Reference value :  1.24598e-07
 Reference value :  1.25213e-07
 Reference value :  1.25838e-07
 Reference value :  1.26408e-07
 Reference value :  1.26963e-07
 Reference value :  1.27603e-07
 Reference value :  1.28158e-07
 Reference value :  1.28788e-07
 Reference value :  1.29338e-07
 Reference value :  1.29958e-07
 Reference value :  1.30528e-07
 Reference value :  1.31088e-07
 Reference value :  1.31668e-07
 Reference value :  1.32198e-07
 Reference value :  1.32763e-07
 Reference value :  1.33363e-07
 Reference value :  1.33933e-07
 Reference value :  1.34468e-07
 Reference value :  1.35048e-07
 Reference value :  1.35573e-07
 Reference value :  1.36173e-07
 Reference value :  1.36758e-07
 Reference value :  1.37318e-07
 Reference value :  1.37928e-07
 Reference value :  1.38458e-07
 Reference value :  1.39018e-07
 Reference value :  1.39628e-07
 Reference value :  1.40198e-07
 Reference value :  1.40768e-07
 Reference value :  1.41363e-07
 Reference value :  1.42033e-07
 Reference value :  1.42643e-07
 Reference value :  1.43183e-07
 Reference value :  1.43748e-07
 Reference value :  1.44273e-07
 Reference value :  1.44843e-07
 Reference value :  1.45488e-07
 Reference value :  1.46013e-07
 Reference value :  1.46588e-07
 Reference value :  1.47158e-07
 Reference value :  1.47773e-07
 Reference value :  1.48348e-07
 Reference value :  1.48903e-07
 Reference value :  1.49493e-07
 Reference value :  1.49988e-07
 Reference value :  1.50463e-07
 Reference value :  1.51038e-07
 Reference value :  1.51593e-07
 Reference value :  1.52153e-07
 Reference value :  1.52803e-07
 Reference value :  1.53458e-07
 Reference value :  1.54128e-07
 Reference value :  1.54788e-07
 Reference value :  1.55308e-07
 Reference value :  1.55823e-07
 Reference value :  1.56353e-07
 Reference value :  1.56858e-07
 Reference value :  1.57358e-07
 Reference value :  1.57928e-07
 Reference value :  1.58618e-07
 Reference value :  1.59193e-07
 Reference value :  1.59743e-07
 Reference value :  1.60218e-07
 Reference value :  1.60773e-07
 Reference value :  1.61378e-07
 Reference value :  1.61878e-07
 Reference value :  1.62438e-07
 Reference value :  1.62973e-07
 Reference value :  1.63483e-07
 Reference value :  1.64018e-07
 Reference value :  1.64593e-07
 Reference value :  1.65133e-07
 Reference value :  1.65753e-07
 Reference value :  1.66353e-07
 Reference value :  1.66913e-07
 Reference value :  1.67503e-07
 Reference value :  1.68038e-07
 Reference value :  1.68608e-07
 Reference value :  1.69123e-07
 Reference value :  1.69683e-07
 Reference value :  1.70273e-07
 Reference value :  1.70828e-07
 Reference value :  1.71363e-07
 Reference value :  1.71898e-07
 Reference value :  1.72438e-07
 Reference value :  1.72993e-07
 Reference value :  1.73528e-07
 Reference value :  1.74123e-07
 Reference value :  1.74708e-07
 Reference value :  1.75278e-07
 Reference value :  1.75818e-07
 Reference value :  1.76383e-07
 Reference value :  1.76943e-07
 Reference value :  1.77593e-07
 Reference value :  1.78123e-07
 Reference value :  1.78663e-07
 Reference value :  1.79298e-07
 Reference value :  1.79888e-07
 Reference value :  1.80493e-07
 Reference value :  1.81073e-07
 Reference value :  1.81658e-07
 Reference value :  1.82138e-07
 Reference value :  1.82668e-07
 Reference value :  1.83288e-07
 Reference value :  1.83938e-07
 Reference value :  1.84473e-07
 Reference value :  1.85093e-07
 Reference value :  1.85633e-07
 Reference value :  1.86193e-07
 Reference value :  1.86843e-07
 Reference value :  1.87413e-07
 Reference value :  1.87903e-07
 Reference value :  1.88403e-07
 Reference value :  1.88998e-07
 Reference value :  1.89593e-07
 Reference value :  1.90183e-07
 Reference value :  1.90708e-07
 Reference value :  1.91213e-07
 Reference value :  1.91778e-07
 Reference value :  1.92308e-07
 Reference value :  1.92988e-07
 Reference value :  1.93548e-07
 Reference value :  1.94203e-07
 Reference value :  1.94763e-07
 Reference value :  1.95268e-07
 Reference value :  1.95873e-07
 Reference value :  1.96498e-07
 Reference value :  1.97128e-07
 Reference value :  1.97658e-07
 Reference value :  1.98198e-07
 Reference value :  1.98748e-07
 Reference value :  1.99368e-07
 Reference value :  1.99893e-07
 Reference value :  2.00468e-07
 Reference value :  2.01073e-07
 Reference value :  2.01658e-07
 Reference value :  2.02333e-07
 Reference value :  2.02828e-07
 Reference value :  2.03473e-07
 Reference value :  2.04048e-07
 Reference value :  2.04673e-07
 Reference value :  2.05268e-07
 Reference value :  2.05798e-07
 Reference value :  2.06413e-07
 Reference value :  2.06963e-07
 Reference value :  2.07583e-07
 Reference value :  2.08143e-07
 Reference value :  2.08688e-07
 Reference value :  2.09233e-07
 Reference value :  2.09768e-07
 Reference value :  2.10303e-07
 Reference value :  2.10908e-07
 Reference value :  2.11508e-07
 Reference value :  2.12148e-07
 Reference value :  2.12693e-07
 Reference value :  2.13348e-07
 Reference value :  2.13878e-07
 Reference value :  2.14433e-07
 Reference value :  2.14973e-07
 Reference value :  2.15498e-07
 Reference value :  2.16038e-07
 Reference value :  2.16693e-07
 Reference value :  2.17183e-07
 Reference value :  2.17683e-07
 Reference value :  2.18203e-07
 Reference value :  2.18733e-07
 Reference value :  2.19338e-07
 Reference value :  2.19943e-07
 Reference value :  2.20558e-07
 Reference value :  2.21123e-07
 Reference value :  2.21713e-07
 Reference value :  2.22383e-07
 Reference value :  2.22998e-07
 Reference value :  2.23508e-07
 Reference value :  2.24083e-07
 Reference value :  2.24583e-07
 Reference value :  2.25243e-07
 Reference value :  2.25923e-07
 Reference value :  2.26458e-07
 Reference value :  2.26978e-07
 Reference value :  2.27483e-07
 Reference value :  2.28118e-07
 Reference value :  2.28773e-07
 Reference value :  2.29358e-07
 Reference value :  2.29883e-07
 Reference value :  2.30368e-07
 Reference value :  2.30903e-07
 Reference value :  2.31383e-07
 Reference value :  2.31873e-07
 Reference value :  2.32398e-07
 Reference value :  2.32988e-07
 Reference value :  2.33523e-07
 Reference value :  2.34123e-07
 Reference value :  2.34748e-07
 Reference value :  2.35388e-07
 Reference value :  2.35988e-07
 Reference value :  2.36508e-07
 Reference value :  2.37108e-07
 Reference value :  2.37638e-07
 Reference value :  2.38228e-07
 Reference value :  2.38813e-07
 Reference value :  2.39383e-07
 Reference value :  2.39998e-07
 Reference value :  2.40553e-07
 Reference value :  2.41138e-07
 Reference value :  2.41633e-07
 Reference value :  2.42178e-07
 Reference value :  2.42703e-07
 Reference value :  2.43228e-07
 Reference value :  2.43753e-07
 Reference value :  2.44288e-07
 Reference value :  2.44903e-07
 Reference value :  2.45433e-07
 Reference value :  2.46033e-07
 Reference value :  2.46568e-07
 Reference value :  2.47078e-07
 Reference value :  2.47568e-07
 Reference value :  2.48138e-07
 Reference value :  2.48678e-07
 Reference value :  2.49278e-07
 Reference value :  2.49808e-07
 Reference value :  2.50338e-07
 Reference value :  2.50998e-07
 Reference value :  2.51618e-07
 Reference value :  2.52308e-07
 Reference value :  2.52813e-07
 Reference value :  2.53313e-07
 Reference value :  2.53838e-07
 Reference value :  2.54433e-07
 Reference value :  2.55088e-07
 Reference value :  2.55683e-07
 Reference value :  2.56218e-07
 Reference value :  2.56708e-07
 Reference value :  2.57288e-07
 Reference value :  2.57893e-07
 Reference value :  2.58548e-07
 Reference value :  2.59063e-07
 Reference value :  2.59553e-07
 Reference value :  2.60128e-07
 Reference value :  2.60703e-07
 Reference value :  2.61348e-07
 Reference value :  2.62003e-07
 Reference value :  2.62538e-07
 Reference value :  2.63063e-07
 Reference value :  2.63578e-07
 Reference value :  2.64208e-07
 Reference value :  2.64813e-07
 Reference value :  2.65383e-07
 Reference value :  2.65943e-07
 Reference value :  2.66503e-07
 Reference value :  2.67083e-07
 Reference value :  2.67793e-07
 Reference value :  2.68358e-07
 Reference value :  2.69008e-07
 Reference value :  2.69488e-07
 Reference value :  2.70028e-07
 Reference value :  2.70638e-07
 Reference value :  2.71203e-07
 Reference value :  2.71748e-07
 Reference value :  2.72298e-07
 Reference value :  2.72933e-07
 Reference value :  2.73453e-07
 Reference value :  2.74028e-07
 Reference value :  2.74618e-07
 Reference value :  2.75168e-07
 Reference value :  2.75838e-07
 Reference value :  2.76423e-07
 Reference value :  2.77038e-07
 Reference value :  2.77668e-07
 Reference value :  2.78238e-07
 Reference value :  2.78913e-07
 Reference value :  2.79508e-07
 Reference value :  2.80128e-07
 Reference value :  2.80688e-07
 Reference value :  2.81253e-07
 Reference value :  2.81793e-07
 Reference value :  2.82443e-07
 Reference value :  2.82983e-07
 Reference value :  2.83568e-07
 Reference value :  2.84173e-07
 Reference value :  2.84678e-07
 Reference value :  2.85238e-07
 Reference value :  2.85817e-07
 Reference value :  2.86392e-07
 Reference value :  2.86992e-07
 Reference value :  2.87647e-07
 Reference value :  2.88242e-07
 Reference value :  2.88767e-07
 Reference value :  2.89327e-07
 Reference value :  2.89992e-07
 Reference value :  2.90652e-07
 Reference value :  2.91322e-07
 Reference value :  2.91872e-07
 Reference value :  2.92467e-07
 Reference value :  2.93042e-07
 Reference value :  2.93707e-07
 Reference value :  2.94312e-07
 Reference value :  2.94887e-07
 Reference value :  2.95447e-07
 Reference value :  2.96002e-07
 Reference value :  2.96622e-07
 Reference value :  2.97257e-07
 Reference value :  2.97842e-07
 Reference value :  2.98397e-07
 Reference value :  2.98907e-07
 Reference value :  2.99432e-07
 Reference value :  2.99982e-07
 Reference value :  3.00612e-07
 Reference value :  3.01142e-07
 Reference value :  3.01652e-07
 Reference value :  3.02147e-07
 Reference value :  3.02792e-07
 Reference value :  3.03492e-07
 Reference value :  3.04127e-07
 Reference value :  3.04662e-07
 Reference value :  3.05202e-07
 Reference value :  3.05742e-07
 Reference value :  3.06287e-07
 Reference value :  3.06922e-07
 Reference value :  3.07517e-07
 Reference value :  3.08052e-07
 Reference value :  3.08652e-07
 Reference value :  3.09157e-07
 Reference value :  3.09712e-07
 Reference value :  3.10322e-07
 Reference value :  3.10877e-07
 Reference value :  3.11422e-07
 Reference value :  3.11977e-07
 Reference value :  3.12532e-07
 Reference value :  3.13092e-07
 Reference value :  3.13652e-07
 Reference value :  3.14177e-07
 Reference value :  3.14742e-07
 Reference value :  3.15272e-07
 Reference value :  3.15827e-07
 Reference value :  3.16332e-07
 Reference value :  3.16892e-07
 Reference value :  3.17417e-07
 Reference value :  3.18017e-07
 Reference value :  3.18592e-07
 Reference value :  3.19127e-07
 Reference value :  3.19732e-07
 Reference value :  3.20347e-07
 Reference value :  3.20887e-07
 Reference value :  3.21397e-07
 Reference value :  3.21922e-07
 Reference value :  3.22432e-07
 Reference value :  3.23027e-07
 Reference value :  3.23687e-07
 Reference value :  3.24222e-07
 Reference value :  3.24742e-07
 Reference value :  3.25347e-07
 Reference value :  3.25897e-07
 Reference value :  3.26522e-07
 Reference value :  3.27102e-07
 Reference value :  3.27602e-07
 Reference value :  3.28092e-07
 Reference value :  3.28607e-07
 Reference value :  3.29177e-07
 Reference value :  3.29832e-07
 Reference value :  3.30387e-07
 Reference value :  3.30902e-07
 Reference value :  3.31457e-07
 Reference value :  3.31967e-07
 Reference value :  3.32547e-07
 Reference value :  3.33157e-07
 Reference value :  3.33652e-07
 Reference value :  3.34157e-07
 Reference value :  3.34692e-07
 Reference value :  3.35297e-07
 Reference value :  3.35912e-07
 Reference value :  3.36527e-07
 Reference value :  3.37102e-07
 Reference value :  3.37732e-07
 Reference value :  3.38227e-07
 Reference value :  3.38812e-07
 Reference value :  3.39392e-07
 Reference value :  3.39967e-07
 Reference value :  3.40577e-07
 Reference value :  3.41082e-07
 Reference value :  3.41677e-07
 Reference value :  3.42332e-07
 Reference value :  3.43082e-07
 Reference value :  3.43692e-07
 Reference value :  3.44292e-07
 Reference value :  3.44822e-07
 Reference value :  3.45427e-07
 Reference value :  3.45927e-07
 Reference value :  3.46467e-07
 Reference value :  3.46952e-07
 Reference value :  3.47442e-07
 Reference value :  3.47997e-07
 Reference value :  3.48577e-07
 Reference value :  3.49112e-07
 Reference value :  3.49672e-07
 Reference value :  3.50307e-07
 Reference value :  3.50902e-07
 Reference value :  3.51487e-07
 Reference value :  3.52012e-07
 Reference value :  3.52577e-07
 Reference value :  3.53122e-07
 Reference value :  3.53812e-07
 Reference value :  3.54342e-07
 Reference value :  3.54912e-07
 Reference value :  3.55457e-07
 Reference value :  3.56052e-07
 Reference value :  3.56617e-07
 Reference value :  3.57192e-07
 Reference value :  3.57717e-07
 Reference value :  3.58227e-07
 Reference value :  3.58752e-07
 Reference value :  3.59252e-07
 Reference value :  3.59782e-07
 Reference value :  3.60337e-07
 Reference value :  3.60887e-07
 Reference value :  3.61387e-07
 Reference value :  3.61952e-07
 Reference value :  3.62597e-07
 Reference value :  3.63142e-07
 Reference value :  3.63672e-07
 Reference value :  3.64247e-07
 Reference value :  3.64857e-07
 Reference value :  3.65487e-07
 Reference value :  3.66112e-07
 Reference value :  3.66632e-07
 Reference value :  3.67212e-07
 Reference value :  3.67752e-07
 Reference value :  3.68287e-07
 Reference value :  3.68877e-07
 Reference value :  3.69457e-07
 Reference value :  3.69987e-07
 Reference value :  3.70532e-07
 Reference value :  3.71047e-07
 Reference value :  3.71562e-07
 Reference value :  3.72167e-07
 Reference value :  3.72722e-07
 Reference value :  3.73237e-07
 Reference value :  3.73757e-07
 Reference value :  3.74277e-07
 Reference value :  3.74917e-07
 Reference value :  3.75467e-07
 Reference value :  3.75997e-07
 Reference value :  3.76587e-07
 Reference value :  3.77122e-07
 Reference value :  3.77622e-07
 Reference value :  3.78172e-07
 Reference value :  3.78752e-07
 Reference value :  3.79322e-07
 Reference value :  3.79892e-07
 Reference value :  3.80457e-07
 Reference value :  3.81077e-07
 Reference value :  3.81647e-07
 Reference value :  3.82202e-07
 Reference value :  3.82752e-07
 Reference value :  3.83322e-07
 Reference value :  3.83942e-07
 Reference value :  3.84607e-07
 Reference value :  3.85377e-07
 Reference value :  3.86232e-07
 Reference value :  3.86857e-07
 Reference value :  3.87462e-07
 Reference value :  3.88007e-07
 Reference value :  3.88557e-07
 Reference value :  3.89122e-07
 Reference value :  3.89637e-07
 Reference value :  3.90177e-07
 Reference value :  3.90707e-07
 Reference value :  3.91297e-07
 Reference value :  3.91947e-07
 Reference value :  3.92517e-07
 Reference value :  3.93007e-07
 Reference value :  3.93527e-07
 Reference value :  3.94032e-07
 Reference value :  3.94607e-07
 Reference value :  3.95212e-07
 Reference value :  3.95742e-07
 Reference value :  3.96277e-07
 Reference value :  3.96852e-07
 Reference value :  3.97457e-07
 Reference value :  3.98132e-07
 Reference value :  3.98712e-07
 Reference value :  3.99252e-07
 Reference value :  3.99757e-07
 Reference value :  4.00342e-07
 Reference value :  4.00982e-07
 Reference value :  4.01617e-07
 Reference value :  4.02122e-07
 Reference value :  4.02637e-07
 Reference value :  4.03142e-07
 Reference value :  4.03757e-07
 Reference value :  4.04512e-07
 Reference value :  4.05087e-07
 Reference value :  4.05587e-07
 Reference value :  4.06082e-07
 Reference value :  4.06972e-07
 Reference value :  4.07812e-07
 Reference value :  4.08377e-07
 Reference value :  4.08907e-07
 Reference value :  4.09477e-07
 Reference value :  4.10002e-07
 Reference value :  4.10597e-07
 Reference value :  4.11227e-07
 Reference value :  4.11787e-07
 Reference value :  4.12387e-07
 Reference value :  4.12877e-07
 Reference value :  4.13487e-07
 Reference value :  4.14097e-07
 Reference value :  4.14687e-07
 Reference value :  4.15297e-07
 Reference value :  4.15847e-07
 Reference value :  4.16442e-07
 Reference value :  4.17062e-07
 Reference value :  4.17577e-07
 Reference value :  4.18172e-07
 Reference value :  4.18672e-07
 Reference value :  4.19167e-07
 Reference value :  4.19727e-07
 Reference value :  4.20332e-07
 Reference value :  4.20877e-07
 Reference value :  4.21417e-07
 Reference value :  4.21922e-07
 Reference value :  4.22462e-07
 Reference value :  4.23107e-07
 Reference value :  4.23627e-07
 Reference value :  4.24207e-07
 Reference value :  4.24712e-07
 Reference value :  4.25227e-07
 Reference value :  4.25822e-07
 Reference value :  4.26387e-07
 Reference value :  4.26917e-07
 Reference value :  4.27447e-07
 Reference value :  4.28007e-07
 Reference value :  4.28557e-07
 Reference value :  4.29107e-07
 Reference value :  4.29682e-07
 Reference value :  4.30282e-07
 Reference value :  4.30912e-07
 Reference value :  4.31542e-07
 Reference value :  4.32082e-07
 Reference value :  4.32607e-07
 Reference value :  4.33122e-07
 Reference value :  4.33747e-07
 Reference value :  4.34327e-07
 Reference value :  4.34917e-07
 Reference value :  4.35467e-07
 Reference value :  4.36077e-07
 Reference value :  4.36692e-07
 Reference value :  4.37382e-07
 Reference value :  4.37902e-07
 Reference value :  4.38537e-07
 Reference value :  4.39172e-07
 Reference value :  4.39867e-07
 Reference value :  4.40547e-07
 Reference value :  4.41187e-07
 Reference value :  4.41822e-07
 Reference value :  4.42357e-07
 Reference value :  4.42917e-07
 Reference value :  4.43552e-07
 Reference value :  4.44117e-07
 Reference value :  4.44692e-07
 Reference value :  4.45282e-07
 Reference value :  4.45832e-07
 Reference value :  4.46397e-07
 Reference value :  4.46977e-07
 Reference value :  4.47557e-07
 Reference value :  4.48112e-07
 Reference value :  4.48657e-07
 Reference value :  4.49152e-07
 Reference value :  4.49717e-07
 Reference value :  4.50287e-07
 Reference value :  4.50837e-07
 Reference value :  4.51372e-07
 Reference value :  4.51992e-07
 Reference value :  4.52762e-07
 Reference value :  4.53347e-07
 Reference value :  4.53927e-07
 Reference value :  4.54487e-07
 Reference value :  4.55067e-07
 Reference value :  4.55717e-07
 Reference value :  4.56317e-07
 Reference value :  4.56912e-07
 Reference value :  4.57547e-07
 Reference value :  4.58137e-07
 Reference value :  4.58677e-07
 Reference value :  4.59197e-07
 Reference value :  4.59787e-07
 Reference value :  4.60337e-07
 Reference value :  4.60942e-07
 Reference value :  4.61452e-07
 Reference value :  4.62002e-07
 Reference value :  4.62652e-07
 Reference value :  4.63187e-07
 Reference value :  4.63832e-07
 Reference value :  4.64377e-07
 Reference value :  4.64947e-07
 Reference value :  4.65517e-07
 Reference value :  4.66117e-07
 Reference value :  4.66732e-07
 Reference value :  4.67317e-07
 Reference value :  4.67897e-07
 Reference value :  4.68412e-07
 Reference value :  4.69057e-07
 Reference value :  4.69757e-07
 Reference value :  4.70302e-07
 Reference value :  4.70862e-07
 Reference value :  4.71477e-07
 Reference value :  4.72092e-07
 Reference value :  4.72757e-07
 Reference value :  4.73377e-07
 Reference value :  4.73907e-07
 Reference value :  4.74397e-07
 Reference value :  4.74912e-07
 Reference value :  4.75457e-07
 Reference value :  4.76107e-07
 Reference value :  4.76632e-07
 Reference value :  4.77182e-07
 Reference value :  4.77742e-07
 Reference value :  4.78292e-07
 Reference value :  4.78917e-07
 Reference value :  4.79527e-07
 Reference value :  4.80012e-07
 Reference value :  4.80497e-07
 Reference value :  4.81057e-07
 Reference value :  4.81612e-07
 Reference value :  4.82257e-07
 Reference value :  4.82872e-07
 Reference value :  4.83412e-07
 Reference value :  4.83982e-07
 Reference value :  4.84502e-07
 Reference value :  4.85122e-07
 Reference value :  4.85707e-07
 Reference value :  4.86357e-07
 Reference value :  4.86982e-07
 Reference value :  4.87467e-07
 Reference value :  4.88027e-07
 Reference value :  4.88627e-07
 Reference value :  4.89137e-07
 Reference value :  4.89712e-07
 Reference value :  4.90267e-07
 Reference value :  4.90857e-07
 Reference value :  4.91527e-07
 Reference value :  4.92092e-07
 Reference value :  4.92672e-07
 Reference value :  4.93157e-07
 Reference value :  4.93677e-07
 Reference value :  4.94197e-07
 Reference value :  4.94782e-07
 Reference value :  4.95337e-07
 Reference value :  4.95867e-07
 Reference value :  4.96352e-07
 Reference value :  4.96872e-07
 Reference value :  4.97412e-07
 Reference value :  4.97967e-07
 Reference value :  4.98557e-07
 Reference value :  4.99137e-07
 Reference value :  4.99732e-07
 Reference value :  5.00277e-07
 Reference value :  5.00887e-07
 Reference value :  5.01442e-07
 Reference value :  5.01987e-07
 Reference value :  5.02522e-07
 Reference value :  5.03037e-07
 Reference value :  5.03547e-07
 Reference value :  5.04182e-07
 Reference value :  5.04697e-07
 Reference value :  5.05302e-07
 Reference value :  5.05847e-07
 Reference value :  5.06462e-07
 Reference value :  5.06957e-07
 Reference value :  5.07432e-07
 Reference value :  5.07957e-07
 Reference value :  5.08632e-07
 Reference value :  5.09182e-07
 Reference value :  5.09802e-07
 Reference value :  5.10417e-07
 Reference value :  5.11087e-07
 Reference value :  5.11762e-07
 Reference value :  5.12362e-07
 Reference value :  5.13017e-07
 Reference value :  5.13592e-07
 Reference value :  5.14212e-07
 Reference value :  5.14822e-07
 Reference value :  5.15432e-07
 Reference value :  5.16022e-07
 Reference value :  5.16607e-07
 Reference value :  5.17127e-07
 Reference value :  5.17657e-07
 Reference value :  5.18287e-07
 Reference value :  5.18852e-07
 Reference value :  5.19397e-07
 Reference value :  5.19947e-07
 Reference value :  5.20467e-07
 Reference value :  5.21007e-07
 Reference value :  5.21572e-07
 Reference value :  5.22157e-07
 Reference value :  5.22777e-07
 Reference value :  5.23342e-07
 Reference value :  5.24032e-07
 Reference value :  5.24647e-07
 Reference value :  5.25202e-07
 Reference value :  5.25797e-07
 Reference value :  5.26357e-07
 Reference value :  5.26877e-07
 Reference value :  5.27597e-07
 Reference value :  5.28177e-07
 Reference value :  5.28702e-07
 Reference value :  5.29292e-07
 Reference value :  5.29817e-07
 Reference value :  5.30392e-07
 Reference value :  5.30982e-07
 Reference value :  5.31572e-07
 Reference value :  5.32192e-07
 Reference value :  5.32782e-07
 Reference value :  5.33477e-07
 Reference value :  5.34002e-07
 Reference value :  5.34587e-07
 Reference value :  5.35177e-07
 Reference value :  5.35762e-07
 Reference value :  5.36332e-07
 Reference value :  5.36957e-07
 Reference value :  5.37587e-07
 Reference value :  5.38207e-07
 Reference value :  5.38802e-07
 Reference value :  5.39392e-07
 Reference value :  5.39932e-07
 Reference value :  5.40512e-07
 Reference value :  5.41132e-07
 Reference value :  5.41722e-07
 Reference value :  5.42267e-07
 Reference value :  5.42857e-07
 Reference value :  5.43572e-07
 Reference value :  5.44267e-07
 Reference value :  5.44892e-07
 Reference value :  5.45462e-07
 Reference value :  5.46002e-07
 Reference value :  5.46562e-07
 Reference value :  5.47212e-07
 Reference value :  5.47892e-07
 Reference value :  5.48472e-07
 Reference value :  5.49027e-07
 Reference value :  5.49587e-07
 Reference value :  5.50202e-07
 Reference value :  5.50842e-07
 Reference value :  5.51382e-07
 Reference value :  5.51877e-07
 Reference value :  5.52392e-07
 Reference value :  5.52982e-07
 Reference value :  5.53612e-07
 Reference value :  5.54247e-07
 Reference value :  5.54752e-07
 Reference value :  5.55272e-07
 Reference value :  5.55792e-07
 Reference value :  5.56337e-07
 Reference value :  5.57022e-07
 Reference value :  5.57582e-07
 Reference value :  5.58237e-07
 Reference value :  5.58782e-07
 Reference value :  5.59362e-07
 Reference value :  5.60047e-07
 Reference value :  5.60647e-07
 Reference value :  5.61282e-07
 Reference value :  5.61787e-07
 Reference value :  5.62312e-07
 Reference value :  5.62952e-07
 Reference value :  5.63537e-07
 Reference value :  5.64132e-07
 Reference value :  5.64717e-07
 Reference value :  5.65227e-07
 Reference value :  5.65862e-07
 Reference value :  5.66522e-07
 Reference value :  5.67122e-07
 Reference value :  5.67642e-07
 Reference value :  5.68132e-07
 Reference value :  5.68687e-07
 Reference value :  5.69282e-07
 Reference value :  5.69807e-07
 Reference value :  5.70357e-07
 Reference value :  5.70852e-07
 Reference value :  5.71367e-07
 Reference value :  5.71962e-07
 Reference value :  5.72547e-07
 Reference value :  5.73182e-07
 Reference value :  5.73782e-07
 Reference value :  5.74327e-07
 Reference value :  5.74922e-07
 Reference value :  5.75542e-07
 Reference value :  5.76147e-07
 Reference value :  5.76752e-07
 Reference value :  5.77427e-07
 Reference value :  5.78072e-07
 Reference value :  5.78657e-07
 Reference value :  5.79262e-07
 Reference value :  5.79992e-07
 Reference value :  5.80587e-07
 Reference value :  5.81257e-07
 Reference value :  5.81807e-07
 Reference value :  5.82327e-07
 Reference value :  5.83032e-07
 Reference value :  5.83672e-07
 Reference value :  5.84312e-07
 Reference value :  5.85007e-07
 Reference value :  5.85672e-07
 Reference value :  5.86337e-07
 Reference value :  5.86977e-07
 Reference value :  5.87662e-07
 Reference value :  5.88247e-07
 Reference value :  5.88822e-07
 Reference value :  5.89432e-07
 Reference value :  5.90022e-07
 Reference value :  5.90557e-07
 Reference value :  5.91152e-07
 Reference value :  5.91727e-07
 Reference value :  5.92247e-07
 Reference value :  5.92877e-07
 Reference value :  5.93517e-07
 Reference value :  5.94097e-07
 Reference value :  5.94682e-07
 Reference value :  5.95357e-07
 Reference value :  5.95992e-07
 Reference value :  5.96582e-07
 Reference value :  5.97122e-07
 Reference value :  5.97697e-07
 Reference value :  5.98362e-07
 Reference value :  5.99042e-07
 Reference value :  5.99627e-07
 Reference value :  6.00267e-07
 Reference value :  6.00823e-07
 Reference value :  6.01373e-07
 Reference value :  6.01898e-07
 Reference value :  6.02538e-07
 Reference value :  6.03118e-07
 Reference value :  6.03743e-07
 Reference value :  6.04268e-07
 Reference value :  6.04943e-07
 Reference value :  6.05488e-07
 Reference value :  6.06058e-07
 Reference value :  6.06733e-07
 Reference value :  6.07358e-07
 Reference value :  6.08033e-07
 Reference value :  6.08698e-07
 Reference value :  6.09308e-07
 Reference value :  6.10023e-07
 Reference value :  6.10613e-07
 Reference value :  6.11208e-07
 Reference value :  6.11818e-07
 Reference value :  6.12413e-07
 Reference value :  6.13053e-07
 Reference value :  6.13638e-07
 Reference value :  6.14228e-07
 Reference value :  6.14873e-07
 Reference value :  6.15528e-07
 Reference value :  6.16163e-07
 Reference value :  6.16718e-07
 Reference value :  6.17268e-07
 Reference value :  6.17883e-07
 Reference value :  6.18513e-07
 Reference value :  6.19163e-07
 Reference value :  6.19738e-07
 Reference value :  6.20273e-07
 Reference value :  6.20803e-07
 Reference value :  6.21368e-07
 Reference value :  6.22033e-07
 Reference value :  6.22648e-07
 Reference value :  6.23178e-07
 Reference value :  6.23678e-07
 Reference value :  6.24193e-07
 Reference value :  6.24763e-07
 Reference value :  6.25478e-07
 Reference value :  6.26063e-07
 Reference value :  6.26638e-07
 Reference value :  6.27223e-07
 Reference value :  6.27783e-07
 Reference value :  6.28438e-07
 Reference value :  6.29063e-07
 Reference value :  6.29583e-07
 Reference value :  6.30138e-07
 Reference value :  6.30843e-07
 Reference value :  6.31508e-07
 Reference value :  6.32093e-07
 Reference value :  6.32708e-07
 Reference value :  6.33253e-07
 Reference value :  6.33888e-07
 Reference value :  6.34513e-07
 Reference value :  6.35083e-07
 Reference value :  6.35648e-07
 Reference value :  6.36528e-07
 Reference value :  6.37378e-07
 Reference value :  6.37998e-07
 Reference value :  6.38598e-07
 Reference value :  6.39198e-07
 Reference value :  6.39748e-07
 Reference value :  6.40303e-07
 Reference value :  6.40958e-07
 Reference value :  6.41703e-07
 Reference value :  6.42228e-07
 Reference value :  6.42723e-07
 Reference value :  6.43403e-07
 Reference value :  6.44008e-07
 Reference value :  6.44523e-07
 Reference value :  6.45108e-07
 Reference value :  6.45833e-07
 Reference value :  6.46428e-07
 Reference value :  6.47013e-07
 Reference value :  6.47648e-07
 Reference value :  6.48248e-07
 Reference value :  6.48773e-07
 Reference value :  6.49478e-07
 Reference value :  6.50023e-07
 Reference value :  6.50748e-07
 Reference value :  6.51353e-07
 Reference value :  6.51978e-07
 Reference value :  6.52823e-07
 Reference value :  6.53338e-07
 Reference value :  6.53888e-07
 Reference value :  6.54673e-07
 Reference value :  6.55423e-07
 Reference value :  6.56038e-07
 Reference value :  6.56763e-07
 Reference value :  6.57373e-07
 Reference value :  6.58063e-07
 Reference value :  6.58933e-07
 Reference value :  6.59548e-07
 Reference value :  6.60208e-07
 Reference value :  6.60933e-07
 Reference value :  6.61708e-07
 Reference value :  6.62478e-07
 Reference value :  6.63158e-07
 Reference value :  6.63873e-07
 Reference value :  6.64598e-07
 Reference value :  6.65213e-07
 Reference value :  6.66003e-07
 Reference value :  6.66673e-07
 Reference value :  6.67238e-07
 Reference value :  6.67833e-07
 Reference value :  6.68508e-07
 Reference value :  6.69033e-07
 Reference value :  6.69763e-07
 Reference value :  6.70488e-07
 Reference value :  6.71058e-07
 Reference value :  6.71643e-07
 Reference value :  6.72323e-07
 Reference value :  6.72983e-07
 Reference value :  6.73678e-07
 Reference value :  6.74398e-07
 Reference value :  6.75133e-07
 Reference value :  6.75723e-07
 Reference value :  6.76403e-07
 Reference value :  6.77098e-07
 Reference value :  6.77883e-07
 Reference value :  6.78678e-07
 Reference value :  6.79238e-07
 Reference value :  6.79853e-07
 Reference value :  6.80548e-07
 Reference value :  6.81118e-07
 Reference value :  6.81768e-07
 Reference value :  6.82308e-07
 Reference value :  6.83048e-07
 Reference value :  6.83698e-07
 Reference value :  6.84368e-07
 Reference value :  6.85083e-07
 Reference value :  6.85738e-07
 Reference value :  6.86358e-07
 Reference value :  6.87143e-07
 Reference value :  6.87848e-07
 Reference value :  6.88483e-07
 Reference value :  6.89203e-07
 Reference value :  6.89948e-07
 Reference value :  6.90728e-07
 Reference value :  6.91308e-07
 Reference value :  6.91828e-07
 Reference value :  6.92348e-07
 Reference value :  6.93053e-07
 Reference value :  6.93723e-07
 Reference value :  6.94378e-07
 Reference value :  6.95033e-07
 Reference value :  6.95578e-07
 Reference value :  6.96203e-07
 Reference value :  6.96998e-07
 Reference value :  6.97553e-07
 Reference value :  6.98043e-07
 Reference value :  6.98703e-07
 Reference value :  6.99223e-07
 Reference value :  6.99868e-07
 Reference value :  7.00568e-07
 Reference value :  7.01058e-07
 Reference value :  7.01658e-07
 Reference value :  7.02213e-07
 Reference value :  7.02898e-07
 Reference value :  7.03723e-07
 Reference value :  7.04538e-07
 Reference value :  7.05268e-07
 Reference value :  7.05893e-07
 Reference value :  7.06548e-07
 Reference value :  7.07153e-07
 Reference value :  7.07743e-07
 Reference value :  7.08303e-07
 Reference value :  7.08923e-07
 Reference value :  7.09488e-07
 Reference value :  7.10043e-07
 Reference value :  7.10628e-07
 Reference value :  7.11128e-07
 Reference value :  7.11658e-07
 Reference value :  7.12348e-07
 Reference value :  7.12898e-07
 Reference value :  7.13483e-07
 Reference value :  7.13988e-07
 Reference value :  7.14538e-07
 Reference value :  7.15153e-07
 Reference value :  7.15748e-07
 Reference value :  7.16323e-07
 Reference value :  7.16858e-07
 Reference value :  7.17408e-07
 Reference value :  7.18003e-07
 Reference value :  7.18583e-07
 Reference value :  7.19198e-07
 Reference value :  7.19748e-07
 Reference value :  7.20288e-07
 Reference value :  7.20923e-07
 Reference value :  7.21453e-07
 Reference value :  7.22103e-07
 Reference value :  7.22633e-07
 Reference value :  7.23313e-07
 Reference value :  7.23998e-07
 Reference value :  7.24583e-07
 Reference value :  7.25218e-07
 Reference value :  7.25858e-07
 Reference value :  7.26478e-07
 Reference value :  7.27118e-07
 Reference value :  7.27703e-07
 Reference value :  7.28283e-07
 Reference value :  7.28913e-07
 Reference value :  7.29553e-07
 Reference value :  7.30288e-07
 Reference value :  7.30878e-07
 Reference value :  7.31458e-07
 Reference value :  7.32103e-07
 Reference value :  7.32778e-07
 Reference value :  7.33353e-07
 Reference value :  7.33923e-07
 Reference value :  7.34468e-07
 Reference value :  7.35018e-07
 Reference value :  7.35703e-07
 Reference value :  7.36318e-07
 Reference value :  7.36873e-07
 Reference value :  7.37438e-07
 Reference value :  7.38003e-07
 Reference value :  7.38548e-07
 Reference value :  7.39213e-07
 Reference value :  7.39753e-07
 Reference value :  7.40348e-07
 Reference value :  7.40918e-07
 Reference value :  7.41448e-07
 Reference value :  7.42058e-07
 Reference value :  7.42628e-07
 Reference value :  7.43198e-07
 Reference value :  7.43753e-07
 Reference value :  7.44293e-07
 Reference value :  7.44818e-07
 Reference value :  7.45418e-07
 Reference value :  7.45978e-07
 Reference value :  7.46513e-07
 Reference value :  7.47088e-07
 Reference value :  7.47668e-07
 Reference value :  7.48308e-07
 Reference value :  7.48948e-07
 Reference value :  7.49483e-07
 Reference value :  7.50088e-07
 Reference value :  7.50683e-07
 Reference value :  7.51293e-07
 Reference value :  7.51813e-07
 Reference value :  7.52363e-07
 Reference value :  7.53003e-07
 Reference value :  7.53593e-07
 Reference value :  7.54238e-07
 Reference value :  7.54923e-07
 Reference value :  7.55563e-07
 Reference value :  7.56238e-07
 Reference value :  7.56838e-07
 Reference value :  7.57423e-07
 Reference value :  7.57953e-07
 Reference value :  7.58533e-07
 Reference value :  7.59228e-07
 Reference value :  7.59818e-07
 Reference value :  7.60388e-07
 Reference value :  7.60958e-07
 Reference value :  7.61583e-07
 Reference value :  7.62208e-07
 Reference value :  7.62833e-07
 Reference value :  7.63353e-07
 Reference value :  7.63993e-07
 Reference value :  7.64558e-07
 Reference value :  7.65168e-07
 Reference value :  7.65728e-07
 Reference value :  7.66288e-07
 Reference value :  7.66843e-07
 Reference value :  7.67413e-07
 Reference value :  7.68008e-07
 Reference value :  7.68623e-07
 Reference value :  7.69198e-07
 Reference value :  7.69713e-07
 Reference value :  7.70263e-07
 Reference value :  7.70828e-07
 Reference value :  7.71508e-07
 Reference value :  7.72078e-07
 Reference value :  7.72583e-07
 Reference value :  7.73138e-07
 Reference value :  7.73728e-07
 Reference value :  7.74328e-07
 Reference value :  7.74968e-07
 Reference value :  7.75543e-07
 Reference value :  7.76118e-07
 Reference value :  7.76808e-07
 Reference value :  7.77463e-07
 Reference value :  7.78108e-07
 Reference value :  7.78703e-07
 Reference value :  7.79313e-07
 Reference value :  7.79963e-07
 Reference value :  7.80558e-07
 Reference value :  7.81183e-07
 Reference value :  7.81783e-07
 Reference value :  7.82403e-07
 Reference value :  7.82963e-07
 Reference value :  7.83583e-07
 Reference value :  7.84178e-07
 Reference value :  7.84748e-07
 Reference value :  7.85308e-07
 Reference value :  7.85838e-07
 Reference value :  7.86383e-07
 Reference value :  7.87073e-07
 Reference value :  7.87618e-07
 Reference value :  7.88178e-07
 Reference value :  7.88693e-07
 Reference value :  7.89293e-07
 Reference value :  7.89923e-07
 Reference value :  7.90503e-07
 Reference value :  7.91083e-07
 Reference value :  7.91598e-07
 Reference value :  7.92208e-07
 Reference value :  7.92793e-07
 Reference value :  7.93483e-07
 Reference value :  7.94078e-07
 Reference value :  7.94683e-07
 Reference value :  7.95363e-07
 Reference value :  7.95898e-07
 Reference value :  7.96528e-07
 Reference value :  7.97143e-07
 Reference value :  7.97828e-07
 Reference value :  7.98553e-07
 Reference value :  7.99183e-07
 Reference value :  7.99793e-07
No. of Data Rows : 160024
pt1a                =  1.60695e-08
pt1b                =  9.23733e-08
pt2a                =  1.57133e-08
pt2b                =  8.94609e-08
pt3a                =  1.55140e-08
pt3b                =  8.72595e-08
pt4a                =  1.52459e-08
pt4b                =  8.48646e-08
pvxo_max            =  1.70829e+00 at=  6.42108e-07
pvxo_min            =  -1.07757e-01 at=  2.88237e-07
ptxo_a              =  2.37212e-08
ptxo_b              =  1.35390e-07
ptt1a               =  2.34921e-08
ptt1b               =  2.44663e-07
pvxo_avg            =  6.92358e-01 from=  1.00000e-07 to=  8.00000e-07
pvt1_avg            =  7.38382e-01 from=  1.00000e-07 to=  8.00000e-07
pi1                 =  -6.78432e-06 from=  1.00000e-07 to=  8.00000e-07
pi2                 =  -6.99990e-06 from=  1.00000e-07 to=  8.00000e-07
pi3                 =  -7.19967e-06 from=  1.00000e-07 to=  8.00000e-07
pi4                 =  -7.39252e-06 from=  1.00000e-07 to=  8.00000e-07
pib                 =  -5.12457e-05 from=  1.00000e-07 to=  8.00000e-07
t1a                 =  1.35212e-08
t1b                 =  4.74710e-08
t2a                 =  1.31758e-08
t2b                 =  4.56373e-08
t3a                 =  1.28374e-08
t3b                 =  4.39603e-08
t4a                 =  1.25353e-08
t4b                 =  4.23584e-08
vxo_max             =  1.80537e+00 at=  7.76148e-07
vxo_min             =  -1.94814e-01 at=  5.63252e-07
txo_a               =  1.21649e-08
txo_b               =  6.78794e-08
tt1a                =  1.00925e-08
tt1b                =  1.04218e-07
vxo_avg             =  7.86614e-01 from=  1.00000e-07 to=  8.00000e-07
vt1_avg             =  7.42233e-01 from=  1.00000e-07 to=  8.00000e-07
i1                  =  -7.72514e-06 from=  1.00000e-07 to=  8.00000e-07
i2                  =  -8.01247e-06 from=  1.00000e-07 to=  8.00000e-07
i3                  =  -8.29858e-06 from=  1.00000e-07 to=  8.00000e-07
i4                  =  -8.59075e-06 from=  1.00000e-07 to=  8.00000e-07
ib                  =  -4.66203e-05 from=  1.00000e-07 to=  8.00000e-07
p_tr1 = 7.630380e-09
p_tr2 = 7.374758e-09
p_tr3 = 7.174552e-09
p_tr4 = 6.961868e-09
p_skew_span = 1.096025e+00
p_f_ideal = 5.496739e+08
p_f_xo = 4.298415e+08
p_edge_retention = 7.819937e-01
p_retention_n2 = 8.138931e-01
p_retention_n4 = 7.819937e-01
p_bias_t1 = 4.557915e-01
p_bias_xo = 4.273815e-01
p_swing_frac_xo = 1.121019e+00
p_i_rings = 2.837640e-05
p_i_block = 5.124568e-05
p_i_array_total = 7.962208e-05
p_p_array_total = 1.289878e-04
tr1 = 3.394982e-09
tr2 = 3.246152e-09
tr3 = 3.112290e-09
tr4 = 2.982311e-09
skew_span = 1.138373e+00
f_ideal = 1.259227e+09
f_xo = 8.615353e+08
edge_retention = 6.841781e-01
retention_n2 = 8.462448e-01
retention_n4 = 6.841781e-01
bias_t1 = 4.581686e-01
bias_xo = 4.855644e-01
swing_frac_xo = 1.234682e+00
i_rings = 3.262695e-05
i_block = 4.662034e-05
i_array_total = 7.924729e-05
p_array_total_pre = 1.283806e-04
slowdown_r1 = 2.247547e+00
slowdown_r2 = 2.271846e+00
slowdown_r3 = 2.305232e+00
slowdown_r4 = 2.334387e+00
Note: Simulation executed from .control section 

----- stderr -----

Checking parameters for BSIM 4.5 model xctl.xa3.xmn4:nshort_model.40
Warning: Eta0 = -0.00908636 is negative.

Checking parameters for BSIM 4.5 model xctl.xa3.xmn3:nshort_model.40
Warning: Eta0 = -0.00908636 is negative.

Checking parameters for BSIM 4.5 model xctl.xa3.xmn2:nshort_model.40
Warning: Eta0 = -0.00908636 is negative.

Checking parameters for BSIM 4.5 model xctl.xa3.xmn1:nshort_model.40
Warning: Eta0 = -0.00908636 is negative.

Checking parameters for BSIM 4.5 model xctl.xa3.xmp4:pshort_model.32
Warning: A2 = 1.14662 is larger than 1. A2 is set to 1 and A1 is set to 0.
Warning: Pdibl1 = -0.0493749 is negative.
Warning: Pdibl2 = -0.000925472 is negative.

Checking parameters for BSIM 4.5 model xctl.xa3.xmp3:pshort_model.32
Warning: A2 = 1.14662 is larger than 1. A2 is set to 1 and A1 is set to 0.
Warning: Pdibl1 = -0.0493749 is negative.
Warning: Pdibl2 = -0.000925472 is negative.

Checking parameters for BSIM 4.5 model xctl.xa3.xmp2:pshort_model.32
Warning: A2 = 1.14662 is larger than 1. A2 is set to 1 and A1 is set to 0.
Warning: Pdibl1 = -0.0493749 is negative.
Warning: Pdibl2 = -0.000925472 is negative.

Checking parameters for BSIM 4.5 model xctl.xa3.xmp1:pshort_model.32
Warning: A2 = 1.14662 is larger than 1. A2 is set to 1 and A1 is set to 0.
Warning: Pdibl1 = -0.0493749 is negative.
Warning: Pdibl2 = -0.000925472 is negative.

Checking parameters for BSIM 4.5 model xctl.xa3.xmnib:nshort_model.48
Warning: Eta0 = -0.0261666 is negative.

Checking parameters for BSIM 4.5 model xctl.xa3.xmpib:pshort_model.40
Warning: A2 = 1.0885 is larger than 1. A2 is set to 1 and A1 is set to 0.
Warning: Pdibl1 = -0.00669442 is negative.

Checking parameters for BSIM 4.5 model xctl.xa3.xmnia:nshort_model.48
Warning: Eta0 = -0.0261666 is negative.

Checking parameters for BSIM 4.5 model xctl.xa3.xmpia:pshort_model.40
Warning: A2 = 1.0885 is larger than 1. A2 is set to 1 and A1 is set to 0.
Warning: Pdibl1 = -0.00669442 is negative.

Checking parameters for BSIM 4.5 model xctl.xa2.xmn4:nshort_model.40
Warning: Eta0 = -0.00908636 is negative.

Checking parameters for BSIM 4.5 model xctl.xa2.xmn3:nshort_model.40
Warning: Eta0 = -0.00908636 is negative.

Checking parameters for BSIM 4.5 model xctl.xa2.xmn2:nshort_model.40
Warning: Eta0 = -0.00908636 is negative.

Checking parameters for BSIM 4.5 model xctl.xa2.xmn1:nshort_model.40
Warning: Eta0 = -0.00908636 is negative.

Checking parameters for BSIM 4.5 model xctl.xa2.xmp4:pshort_model.32
Warning: A2 = 1.14662 is larger than 1. A2 is set to 1 and A1 is set to 0.
Warning: Pdibl1 = -0.0493749 is negative.
Warning: Pdibl2 = -0.000925472 is negative.

Checking parameters for BSIM 4.5 model xctl.xa2.xmp3:pshort_model.32
Warning: A2 = 1.14662 is larger than 1. A2 is set to 1 and A1 is set to 0.
Warning: Pdibl1 = -0.0493749 is negative.
Warning: Pdibl2 = -0.000925472 is negative.

Checking parameters for BSIM 4.5 model xctl.xa2.xmp2:pshort_model.32
Warning: A2 = 1.14662 is larger than 1. A2 is set to 1 and A1 is set to 0.
Warning: Pdibl1 = -0.0493749 is negative.
Warning: Pdibl2 = -0.000925472 is negative.

Checking parameters for BSIM 4.5 model xctl.xa2.xmp1:pshort_model.32
Warning: A2 = 1.14662 is larger than 1. A2 is set to 1 and A1 is set to 0.
Warning: Pdibl1 = -0.0493749 is negative.
Warning: Pdibl2 = -0.000925472 is negative.

Checking parameters for BSIM 4.5 model xctl.xa2.xmnib:nshort_model.48
Warning: Eta0 = -0.0261666 is negative.

Checking parameters for BSIM 4.5 model xctl.xa2.xmpib:pshort_model.40
Warning: A2 = 1.0885 is larger than 1. A2 is set to 1 and A1 is set to 0.
Warning: Pdibl1 = -0.00669442 is negative.

Checking parameters for BSIM 4.5 model xctl.xa2.xmnia:nshort_model.48
Warning: Eta0 = -0.0261666 is negative.

Checking parameters for BSIM 4.5 model xctl.xa2.xmpia:pshort_model.40
Warning: A2 = 1.0885 is larger than 1. A2 is set to 1 and A1 is set to 0.
Warning: Pdibl1 = -0.00669442 is negative.

Checking parameters for BSIM 4.5 model xctl.xa1.xmn4:nshort_model.40
Warning: Eta0 = -0.00908636 is negative.

Checking parameters for BSIM 4.5 model xctl.xa1.xmn3:nshort_model.40
Warning: Eta0 = -0.00908636 is negative.

Checking parameters for BSIM 4.5 model xctl.xa1.xmn2:nshort_model.40
Warning: Eta0 = -0.00908636 is negative.

Checking parameters for BSIM 4.5 model xctl.xa1.xmn1:nshort_model.40
Warning: Eta0 = -0.00908636 is negative.

Checking parameters for BSIM 4.5 model xctl.xa1.xmp4:pshort_model.32
Warning: A2 = 1.14662 is larger than 1. A2 is set to 1 and A1 is set to 0.
Warning: Pdibl1 = -0.0493749 is negative.
Warning: Pdibl2 = -0.000925472 is negative.

Checking parameters for BSIM 4.5 model xctl.xa1.xmp3:pshort_model.32
Warning: A2 = 1.14662 is larger than 1. A2 is set to 1 and A1 is set to 0.
Warning: Pdibl1 = -0.0493749 is negative.
Warning: Pdibl2 = -0.000925472 is negative.

Checking parameters for BSIM 4.5 model xctl.xa1.xmp2:pshort_model.32
Warning: A2 = 1.14662 is larger than 1. A2 is set to 1 and A1 is set to 0.
Warning: Pdibl1 = -0.0493749 is negative.
Warning: Pdibl2 = -0.000925472 is negative.

Checking parameters for BSIM 4.5 model xctl.xa1.xmp1:pshort_model.32
Warning: A2 = 1.14662 is larger than 1. A2 is set to 1 and A1 is set to 0.
Warning: Pdibl1 = -0.0493749 is negative.
Warning: Pdibl2 = -0.000925472 is negative.

Checking parameters for BSIM 4.5 model xctl.xa1.xmnib:nshort_model.48
Warning: Eta0 = -0.0261666 is negative.

Checking parameters for BSIM 4.5 model xctl.xa1.xmpib:pshort_model.40
Warning: A2 = 1.0885 is larger than 1. A2 is set to 1 and A1 is set to 0.
Warning: Pdibl1 = -0.00669442 is negative.

Checking parameters for BSIM 4.5 model xctl.xa1.xmnia:nshort_model.48
Warning: Eta0 = -0.0261666 is negative.

Checking parameters for BSIM 4.5 model xctl.xa1.xmpia:pshort_model.40
Warning: A2 = 1.0885 is larger than 1. A2 is set to 1 and A1 is set to 0.
Warning: Pdibl1 = -0.00669442 is negative.

Checking parameters for BSIM 4.5 model xctl.xb4.xmn:nshort_model.48
Warning: Eta0 = -0.0261666 is negative.

Checking parameters for BSIM 4.5 model xctl.xb4.xmp:pshort_model.40
Warning: A2 = 1.0885 is larger than 1. A2 is set to 1 and A1 is set to 0.
Warning: Pdibl1 = -0.00669442 is negative.

Checking parameters for BSIM 4.5 model xctl.xb3.xmn:nshort_model.48
Warning: Eta0 = -0.0261666 is negative.

Checking parameters for BSIM 4.5 model xctl.xb3.xmp:pshort_model.40
Warning: A2 = 1.0885 is larger than 1. A2 is set to 1 and A1 is set to 0.
Warning: Pdibl1 = -0.00669442 is negative.

Checking parameters for BSIM 4.5 model xctl.xb2.xmn:nshort_model.48
Warning: Eta0 = -0.0261666 is negative.

Checking parameters for BSIM 4.5 model xctl.xb2.xmp:pshort_model.40
Warning: A2 = 1.0885 is larger than 1. A2 is set to 1 and A1 is set to 0.
Warning: Pdibl1 = -0.00669442 is negative.

Checking parameters for BSIM 4.5 model xctl.xb1.xmn:nshort_model.48
Warning: Eta0 = -0.0261666 is negative.

Checking parameters for BSIM 4.5 model xctl.xb1.xmp:pshort_model.40
Warning: A2 = 1.0885 is larger than 1. A2 is set to 1 and A1 is set to 0.
Warning: Pdibl1 = -0.00669442 is negative.

Checking parameters for BSIM 4.5 model xctl.xr4.x4.xmn:nshort_model.48
Warning: Eta0 = -0.0261666 is negative.

Checking parameters for BSIM 4.5 model xctl.xr4.x4.xmp:pshort_model.40
Warning: A2 = 1.0885 is larger than 1. A2 is set to 1 and A1 is set to 0.
Warning: Pdibl1 = -0.00669442 is negative.

Checking parameters for BSIM 4.5 model xctl.xr4.x3.xmn:nshort_model.48
Warning: Eta0 = -0.0261666 is negative.

Checking parameters for BSIM 4.5 model xctl.xr4.x3.xmp:pshort_model.40
Warning: A2 = 1.0885 is larger than 1. A2 is set to 1 and A1 is set to 0.
Warning: Pdibl1 = -0.00669442 is negative.

Checking parameters for BSIM 4.5 model xctl.xr4.x2.xmn:nshort_model.48
Warning: Eta0 = -0.0261666 is negative.

Checking parameters for BSIM 4.5 model xctl.xr4.x2.xmp:pshort_model.40
Warning: A2 = 1.0885 is larger than 1. A2 is set to 1 and A1 is set to 0.
Warning: Pdibl1 = -0.00669442 is negative.

Checking parameters for BSIM 4.5 model xctl.xr4.x1.xmn:nshort_model.48
Warning: Eta0 = -0.0261666 is negative.

Checking parameters for BSIM 4.5 model xctl.xr4.x1.xmp:pshort_model.40
Warning: A2 = 1.0885 is larger than 1. A2 is set to 1 and A1 is set to 0.
Warning: Pdibl1 = -0.00669442 is negative.

Checking parameters for BSIM 4.5 model xctl.xr4.xg.xmnb:nshort_model.40
Warning: Eta0 = -0.00908636 is negative.

Checking parameters for BSIM 4.5 model xctl.xr4.xg.xmna:nshort_model.40
Warning: Eta0 = -0.00908636 is negative.

Checking parameters for BSIM 4.5 model xctl.xr4.xg.xmpb:pshort_model.40
Warning: A2 = 1.0885 is larger than 1. A2 is set to 1 and A1 is set to 0.
Warning: Pdibl1 = -0.00669442 is negative.

Checking parameters for BSIM 4.5 model xctl.xr4.xg.xmpa:pshort_model.40
Warning: A2 = 1.0885 is larger than 1. A2 is set to 1 and A1 is set to 0.
Warning: Pdibl1 = -0.00669442 is negative.

Checking parameters for BSIM 4.5 model xctl.xr3.x4.xmn:nshort_model.48
Warning: Eta0 = -0.0261666 is negative.

Checking parameters for BSIM 4.5 model xctl.xr3.x4.xmp:pshort_model.40
Warning: A2 = 1.0885 is larger than 1. A2 is set to 1 and A1 is set to 0.
Warning: Pdibl1 = -0.00669442 is negative.

Checking parameters for BSIM 4.5 model xctl.xr3.x3.xmn:nshort_model.48
Warning: Eta0 = -0.0261666 is negative.

Checking parameters for BSIM 4.5 model xctl.xr3.x3.xmp:pshort_model.40
Warning: A2 = 1.0885 is larger than 1. A2 is set to 1 and A1 is set to 0.
Warning: Pdibl1 = -0.00669442 is negative.

Checking parameters for BSIM 4.5 model xctl.xr3.x2.xmn:nshort_model.48
Warning: Eta0 = -0.0261666 is negative.

Checking parameters for BSIM 4.5 model xctl.xr3.x2.xmp:pshort_model.40
Warning: A2 = 1.0885 is larger than 1. A2 is set to 1 and A1 is set to 0.
Warning: Pdibl1 = -0.00669442 is negative.

Checking parameters for BSIM 4.5 model xctl.xr3.x1.xmn:nshort_model.48
Warning: Eta0 = -0.0261666 is negative.

Checking parameters for BSIM 4.5 model xctl.xr3.x1.xmp:pshort_model.40
Warning: A2 = 1.0885 is larger than 1. A2 is set to 1 and A1 is set to 0.
Warning: Pdibl1 = -0.00669442 is negative.

Checking parameters for BSIM 4.5 model xctl.xr3.xg.xmnb:nshort_model.40
Warning: Eta0 = -0.00908636 is negative.

Checking parameters for BSIM 4.5 model xctl.xr3.xg.xmna:nshort_model.40
Warning: Eta0 = -0.00908636 is negative.

Checking parameters for BSIM 4.5 model xctl.xr3.xg.xmpb:pshort_model.40
Warning: A2 = 1.0885 is larger than 1. A2 is set to 1 and A1 is set to 0.
Warning: Pdibl1 = -0.00669442 is negative.

Checking parameters for BSIM 4.5 model xctl.xr3.xg.xmpa:pshort_model.40
Warning: A2 = 1.0885 is larger than 1. A2 is set to 1 and A1 is set to 0.
Warning: Pdibl1 = -0.00669442 is negative.

Checking parameters for BSIM 4.5 model xctl.xr2.x4.xmn:nshort_model.48
Warning: Eta0 = -0.0261666 is negative.

Checking parameters for BSIM 4.5 model xctl.xr2.x4.xmp:pshort_model.40
Warning: A2 = 1.0885 is larger than 1. A2 is set to 1 and A1 is set to 0.
Warning: Pdibl1 = -0.00669442 is negative.

Checking parameters for BSIM 4.5 model xctl.xr2.x3.xmn:nshort_model.48
Warning: Eta0 = -0.0261666 is negative.

Checking parameters for BSIM 4.5 model xctl.xr2.x3.xmp:pshort_model.40
Warning: A2 = 1.0885 is larger than 1. A2 is set to 1 and A1 is set to 0.
Warning: Pdibl1 = -0.00669442 is negative.

Checking parameters for BSIM 4.5 model xctl.xr2.x2.xmn:nshort_model.48
Warning: Eta0 = -0.0261666 is negative.

Checking parameters for BSIM 4.5 model xctl.xr2.x2.xmp:pshort_model.40
Warning: A2 = 1.0885 is larger than 1. A2 is set to 1 and A1 is set to 0.
Warning: Pdibl1 = -0.00669442 is negative.

Checking parameters for BSIM 4.5 model xctl.xr2.x1.xmn:nshort_model.48
Warning: Eta0 = -0.0261666 is negative.

Checking parameters for BSIM 4.5 model xctl.xr2.x1.xmp:pshort_model.40
Warning: A2 = 1.0885 is larger than 1. A2 is set to 1 and A1 is set to 0.
Warning: Pdibl1 = -0.00669442 is negative.

Checking parameters for BSIM 4.5 model xctl.xr2.xg.xmnb:nshort_model.40
Warning: Eta0 = -0.00908636 is negative.

Checking parameters for BSIM 4.5 model xctl.xr2.xg.xmna:nshort_model.40
Warning: Eta0 = -0.00908636 is negative.

Checking parameters for BSIM 4.5 model xctl.xr2.xg.xmpb:pshort_model.40
Warning: A2 = 1.0885 is larger than 1. A2 is set to 1 and A1 is set to 0.
Warning: Pdibl1 = -0.00669442 is negative.

Checking parameters for BSIM 4.5 model xctl.xr2.xg.xmpa:pshort_model.40
Warning: A2 = 1.0885 is larger than 1. A2 is set to 1 and A1 is set to 0.
Warning: Pdibl1 = -0.00669442 is negative.

Checking parameters for BSIM 4.5 model xctl.xr1.x4.xmn:nshort_model.48
Warning: Eta0 = -0.0261666 is negative.

Checking parameters for BSIM 4.5 model xctl.xr1.x4.xmp:pshort_model.40
Warning: A2 = 1.0885 is larger than 1. A2 is set to 1 and A1 is set to 0.
Warning: Pdibl1 = -0.00669442 is negative.

Checking parameters for BSIM 4.5 model xctl.xr1.x3.xmn:nshort_model.48
Warning: Eta0 = -0.0261666 is negative.

Checking parameters for BSIM 4.5 model xctl.xr1.x3.xmp:pshort_model.40
Warning: A2 = 1.0885 is larger than 1. A2 is set to 1 and A1 is set to 0.
Warning: Pdibl1 = -0.00669442 is negative.

Checking parameters for BSIM 4.5 model xctl.xr1.x2.xmn:nshort_model.48
Warning: Eta0 = -0.0261666 is negative.

Checking parameters for BSIM 4.5 model xctl.xr1.x2.xmp:pshort_model.40
Warning: A2 = 1.0885 is larger than 1. A2 is set to 1 and A1 is set to 0.
Warning: Pdibl1 = -0.00669442 is negative.

Checking parameters for BSIM 4.5 model xctl.xr1.x1.xmn:nshort_model.48
Warning: Eta0 = -0.0261666 is negative.

Checking parameters for BSIM 4.5 model xctl.xr1.x1.xmp:pshort_model.40
Warning: A2 = 1.0885 is larger than 1. A2 is set to 1 and A1 is set to 0.
Warning: Pdibl1 = -0.00669442 is negative.

Checking parameters for BSIM 4.5 model xctl.xr1.xg.xmnb:nshort_model.40
Warning: Eta0 = -0.00908636 is negative.

Checking parameters for BSIM 4.5 model xctl.xr1.xg.xmna:nshort_model.40
Warning: Eta0 = -0.00908636 is negative.

Checking parameters for BSIM 4.5 model xctl.xr1.xg.xmpb:pshort_model.40
Warning: A2 = 1.0885 is larger than 1. A2 is set to 1 and A1 is set to 0.
Warning: Pdibl1 = -0.00669442 is negative.

Checking parameters for BSIM 4.5 model xctl.xr1.xg.xmpa:pshort_model.40
Warning: A2 = 1.0885 is larger than 1. A2 is set to 1 and A1 is set to 0.
Warning: Pdibl1 = -0.00669442 is negative.

Checking parameters for BSIM 4.5 model xarr.xpex.xn132:pshort_model.43
Warning: Eta0 = -0.000373202 is negative.

Checking parameters for BSIM 4.5 model xarr.xpex.xn131:pshort_model.43
Warning: Eta0 = -0.000373202 is negative.

Checking parameters for BSIM 4.5 model xarr.xpex.xn130:pshort_model.43
Warning: Eta0 = -0.000373202 is negative.

Checking parameters for BSIM 4.5 model xarr.xpex.xn129:pshort_model.43
Warning: Eta0 = -0.000373202 is negative.

Checking parameters for BSIM 4.5 model xarr.xpex.xn128:pshort_model.43
Warning: Eta0 = -0.000373202 is negative.

Checking parameters for BSIM 4.5 model xarr.xpex.xn127:pshort_model.43
Warning: Eta0 = -0.000373202 is negative.

Checking parameters for BSIM 4.5 model xarr.xpex.xn126:pshort_model.43
Warning: Eta0 = -0.000373202 is negative.

Checking parameters for BSIM 4.5 model xarr.xpex.xn125:pshort_model.43
Warning: Eta0 = -0.000373202 is negative.

Checking parameters for BSIM 4.5 model xarr.xpex.xn124:pshort_model.43
Warning: Eta0 = -0.000373202 is negative.

Checking parameters for BSIM 4.5 model xarr.xpex.xn123:pshort_model.43
Warning: Eta0 = -0.000373202 is negative.

Checking parameters for BSIM 4.5 model xarr.xpex.xn122:pshort_model.43
Warning: Eta0 = -0.000373202 is negative.

Checking parameters for BSIM 4.5 model xarr.xpex.xn121:pshort_model.43
Warning: Eta0 = -0.000373202 is negative.

Checking parameters for BSIM 4.5 model xarr.xpex.xn120:pshort_model.40
Warning: A2 = 1.0885 is larger than 1. A2 is set to 1 and A1 is set to 0.
Warning: Pdibl1 = -0.00669442 is negative.

Checking parameters for BSIM 4.5 model xarr.xpex.xn119:pshort_model.43
Warning: Eta0 = -0.000373202 is negative.

Checking parameters for BSIM 4.5 model xarr.xpex.xn118:pshort_model.32
Warning: A2 = 1.14662 is larger than 1. A2 is set to 1 and A1 is set to 0.
Warning: Pdibl1 = -0.0493749 is negative.
Warning: Pdibl2 = -0.000925472 is negative.

Checking parameters for BSIM 4.5 model xarr.xpex.xn117:pshort_model.32
Warning: A2 = 1.14662 is larger than 1. A2 is set to 1 and A1 is set to 0.
Warning: Pdibl1 = -0.0493749 is negative.
Warning: Pdibl2 = -0.000925472 is negative.

Checking parameters for BSIM 4.5 model xarr.xpex.xn116:pshort_model.43
Warning: Eta0 = -0.000373202 is negative.

Checking parameters for BSIM 4.5 model xarr.xpex.xn115:pshort_model.32
Warning: A2 = 1.14662 is larger than 1. A2 is set to 1 and A1 is set to 0.
Warning: Pdibl1 = -0.0493749 is negative.
Warning: Pdibl2 = -0.000925472 is negative.

Checking parameters for BSIM 4.5 model xarr.xpex.xn114:pshort_model.32
Warning: A2 = 1.14662 is larger than 1. A2 is set to 1 and A1 is set to 0.
Warning: Pdibl1 = -0.0493749 is negative.
Warning: Pdibl2 = -0.000925472 is negative.

Checking parameters for BSIM 4.5 model xarr.xpex.xn113:pshort_model.40
Warning: A2 = 1.0885 is larger than 1. A2 is set to 1 and A1 is set to 0.
Warning: Pdibl1 = -0.00669442 is negative.

Checking parameters for BSIM 4.5 model xarr.xpex.xn112:pshort_model.43
Warning: Eta0 = -0.000373202 is negative.

Checking parameters for BSIM 4.5 model xarr.xpex.xn111:pshort_model.40
Warning: A2 = 1.0885 is larger than 1. A2 is set to 1 and A1 is set to 0.
Warning: Pdibl1 = -0.00669442 is negative.

Checking parameters for BSIM 4.5 model xarr.xpex.xn110:pshort_model.32
Warning: A2 = 1.14662 is larger than 1. A2 is set to 1 and A1 is set to 0.
Warning: Pdibl1 = -0.0493749 is negative.
Warning: Pdibl2 = -0.000925472 is negative.

Checking parameters for BSIM 4.5 model xarr.xpex.xn109:pshort_model.32
Warning: A2 = 1.14662 is larger than 1. A2 is set to 1 and A1 is set to 0.
Warning: Pdibl1 = -0.0493749 is negative.
Warning: Pdibl2 = -0.000925472 is negative.

Checking parameters for BSIM 4.5 model xarr.xpex.xn108:pshort_model.43
Warning: Eta0 = -0.000373202 is negative.

Checking parameters for BSIM 4.5 model xarr.xpex.xn107:pshort_model.32
Warning: A2 = 1.14662 is larger than 1. A2 is set to 1 and A1 is set to 0.
Warning: Pdibl1 = -0.0493749 is negative.
Warning: Pdibl2 = -0.000925472 is negative.

Checking parameters for BSIM 4.5 model xarr.xpex.xn106:pshort_model.32
Warning: A2 = 1.14662 is larger than 1. A2 is set to 1 and A1 is set to 0.
Warning: Pdibl1 = -0.0493749 is negative.
Warning: Pdibl2 = -0.000925472 is negative.

Checking parameters for BSIM 4.5 model xarr.xpex.xn105:pshort_model.40
Warning: A2 = 1.0885 is larger than 1. A2 is set to 1 and A1 is set to 0.
Warning: Pdibl1 = -0.00669442 is negative.

Checking parameters for BSIM 4.5 model xarr.xpex.xn104:pshort_model.43
Warning: Eta0 = -0.000373202 is negative.

Checking parameters for BSIM 4.5 model xarr.xpex.xn103:pshort_model.40
Warning: A2 = 1.0885 is larger than 1. A2 is set to 1 and A1 is set to 0.
Warning: Pdibl1 = -0.00669442 is negative.

Checking parameters for BSIM 4.5 model xarr.xpex.xn102:pshort_model.43
Warning: Eta0 = -0.000373202 is negative.

Checking parameters for BSIM 4.5 model xarr.xpex.xn101:pshort_model.32
Warning: A2 = 1.14662 is larger than 1. A2 is set to 1 and A1 is set to 0.
Warning: Pdibl1 = -0.0493749 is negative.
Warning: Pdibl2 = -0.000925472 is negative.

Checking parameters for BSIM 4.5 model xarr.xpex.xn100:pshort_model.32
Warning: A2 = 1.14662 is larger than 1. A2 is set to 1 and A1 is set to 0.
Warning: Pdibl1 = -0.0493749 is negative.
Warning: Pdibl2 = -0.000925472 is negative.

Checking parameters for BSIM 4.5 model xarr.xpex.xn99:pshort_model.43
Warning: Eta0 = -0.000373202 is negative.

Checking parameters for BSIM 4.5 model xarr.xpex.xn98:pshort_model.32
Warning: A2 = 1.14662 is larger than 1. A2 is set to 1 and A1 is set to 0.
Warning: Pdibl1 = -0.0493749 is negative.
Warning: Pdibl2 = -0.000925472 is negative.

Checking parameters for BSIM 4.5 model xarr.xpex.xn97:pshort_model.32
Warning: A2 = 1.14662 is larger than 1. A2 is set to 1 and A1 is set to 0.
Warning: Pdibl1 = -0.0493749 is negative.
Warning: Pdibl2 = -0.000925472 is negative.

Checking parameters for BSIM 4.5 model xarr.xpex.xn96:pshort_model.40
Warning: A2 = 1.0885 is larger than 1. A2 is set to 1 and A1 is set to 0.
Warning: Pdibl1 = -0.00669442 is negative.

Checking parameters for BSIM 4.5 model xarr.xpex.xn95:pshort_model.43
Warning: Eta0 = -0.000373202 is negative.

Checking parameters for BSIM 4.5 model xarr.xpex.xn94:pshort_model.40
Warning: A2 = 1.0885 is larger than 1. A2 is set to 1 and A1 is set to 0.
Warning: Pdibl1 = -0.00669442 is negative.

Checking parameters for BSIM 4.5 model xarr.xpex.xn93:pshort_model.40
Warning: A2 = 1.0885 is larger than 1. A2 is set to 1 and A1 is set to 0.
Warning: Pdibl1 = -0.00669442 is negative.

Checking parameters for BSIM 4.5 model xarr.xpex.xn92:pshort_model.40
Warning: A2 = 1.0885 is larger than 1. A2 is set to 1 and A1 is set to 0.
Warning: Pdibl1 = -0.00669442 is negative.

Checking parameters for BSIM 4.5 model xarr.xpex.xn91:pshort_model.40
Warning: A2 = 1.0885 is larger than 1. A2 is set to 1 and A1 is set to 0.
Warning: Pdibl1 = -0.00669442 is negative.

Checking parameters for BSIM 4.5 model xarr.xpex.xn90:pshort_model.40
Warning: A2 = 1.0885 is larger than 1. A2 is set to 1 and A1 is set to 0.
Warning: Pdibl1 = -0.00669442 is negative.

Checking parameters for BSIM 4.5 model xarr.xpex.xn89:pshort_model.40
Warning: A2 = 1.0885 is larger than 1. A2 is set to 1 and A1 is set to 0.
Warning: Pdibl1 = -0.00669442 is negative.

Checking parameters for BSIM 4.5 model xarr.xpex.xn88:pshort_model.40
Warning: A2 = 1.0885 is larger than 1. A2 is set to 1 and A1 is set to 0.
Warning: Pdibl1 = -0.00669442 is negative.

Checking parameters for BSIM 4.5 model xarr.xpex.xn87:pshort_model.40
Warning: A2 = 1.0885 is larger than 1. A2 is set to 1 and A1 is set to 0.
Warning: Pdibl1 = -0.00669442 is negative.

Checking parameters for BSIM 4.5 model xarr.xpex.xn86:pshort_model.40
Warning: A2 = 1.0885 is larger than 1. A2 is set to 1 and A1 is set to 0.
Warning: Pdibl1 = -0.00669442 is negative.

Checking parameters for BSIM 4.5 model xarr.xpex.xn85:pshort_model.40
Warning: A2 = 1.0885 is larger than 1. A2 is set to 1 and A1 is set to 0.
Warning: Pdibl1 = -0.00669442 is negative.

Checking parameters for BSIM 4.5 model xarr.xpex.xn84:pshort_model.40
Warning: A2 = 1.0885 is larger than 1. A2 is set to 1 and A1 is set to 0.
Warning: Pdibl1 = -0.00669442 is negative.

Checking parameters for BSIM 4.5 model xarr.xpex.xn83:pshort_model.40
Warning: A2 = 1.0885 is larger than 1. A2 is set to 1 and A1 is set to 0.
Warning: Pdibl1 = -0.00669442 is negative.

Checking parameters for BSIM 4.5 model xarr.xpex.xn82:pshort_model.40
Warning: A2 = 1.0885 is larger than 1. A2 is set to 1 and A1 is set to 0.
Warning: Pdibl1 = -0.00669442 is negative.

Checking parameters for BSIM 4.5 model xarr.xpex.xn81:pshort_model.40
Warning: A2 = 1.0885 is larger than 1. A2 is set to 1 and A1 is set to 0.
Warning: Pdibl1 = -0.00669442 is negative.

Checking parameters for BSIM 4.5 model xarr.xpex.xn80:pshort_model.40
Warning: A2 = 1.0885 is larger than 1. A2 is set to 1 and A1 is set to 0.
Warning: Pdibl1 = -0.00669442 is negative.

Checking parameters for BSIM 4.5 model xarr.xpex.xn79:pshort_model.40
Warning: A2 = 1.0885 is larger than 1. A2 is set to 1 and A1 is set to 0.
Warning: Pdibl1 = -0.00669442 is negative.

Checking parameters for BSIM 4.5 model xarr.xpex.xn78:pshort_model.40
Warning: A2 = 1.0885 is larger than 1. A2 is set to 1 and A1 is set to 0.
Warning: Pdibl1 = -0.00669442 is negative.

Checking parameters for BSIM 4.5 model xarr.xpex.xn77:pshort_model.40
Warning: A2 = 1.0885 is larger than 1. A2 is set to 1 and A1 is set to 0.
Warning: Pdibl1 = -0.00669442 is negative.

Checking parameters for BSIM 4.5 model xarr.xpex.xn76:pshort_model.40
Warning: A2 = 1.0885 is larger than 1. A2 is set to 1 and A1 is set to 0.
Warning: Pdibl1 = -0.00669442 is negative.

Checking parameters for BSIM 4.5 model xarr.xpex.xn75:pshort_model.40
Warning: A2 = 1.0885 is larger than 1. A2 is set to 1 and A1 is set to 0.
Warning: Pdibl1 = -0.00669442 is negative.

Checking parameters for BSIM 4.5 model xarr.xpex.xn74:pshort_model.40
Warning: A2 = 1.0885 is larger than 1. A2 is set to 1 and A1 is set to 0.
Warning: Pdibl1 = -0.00669442 is negative.

Checking parameters for BSIM 4.5 model xarr.xpex.xn73:pshort_model.40
Warning: A2 = 1.0885 is larger than 1. A2 is set to 1 and A1 is set to 0.
Warning: Pdibl1 = -0.00669442 is negative.

Checking parameters for BSIM 4.5 model xarr.xpex.xn72:pshort_model.40
Warning: A2 = 1.0885 is larger than 1. A2 is set to 1 and A1 is set to 0.
Warning: Pdibl1 = -0.00669442 is negative.

Checking parameters for BSIM 4.5 model xarr.xpex.xn71:pshort_model.40
Warning: A2 = 1.0885 is larger than 1. A2 is set to 1 and A1 is set to 0.
Warning: Pdibl1 = -0.00669442 is negative.

Checking parameters for BSIM 4.5 model xarr.xpex.xn70:pshort_model.40
Warning: A2 = 1.0885 is larger than 1. A2 is set to 1 and A1 is set to 0.
Warning: Pdibl1 = -0.00669442 is negative.

Checking parameters for BSIM 4.5 model xarr.xpex.xn69:pshort_model.40
Warning: A2 = 1.0885 is larger than 1. A2 is set to 1 and A1 is set to 0.
Warning: Pdibl1 = -0.00669442 is negative.

Checking parameters for BSIM 4.5 model xarr.xpex.xn68:pshort_model.40
Warning: A2 = 1.0885 is larger than 1. A2 is set to 1 and A1 is set to 0.
Warning: Pdibl1 = -0.00669442 is negative.

Checking parameters for BSIM 4.5 model xarr.xpex.xn67:pshort_model.40
Warning: A2 = 1.0885 is larger than 1. A2 is set to 1 and A1 is set to 0.
Warning: Pdibl1 = -0.00669442 is negative.

Checking parameters for BSIM 4.5 model xarr.xpex.xn66:nshort_model.48
Warning: Eta0 = -0.0261666 is negative.

Checking parameters for BSIM 4.5 model xarr.xpex.xn65:nshort_model.40
Warning: Eta0 = -0.00908636 is negative.

Checking parameters for BSIM 4.5 model xarr.xpex.xn64:nshort_model.40
Warning: Eta0 = -0.00908636 is negative.

Checking parameters for BSIM 4.5 model xarr.xpex.xn63:nshort_model.40
Warning: Eta0 = -0.00908636 is negative.

Checking parameters for BSIM 4.5 model xarr.xpex.xn62:nshort_model.40
Warning: Eta0 = -0.00908636 is negative.

Checking parameters for BSIM 4.5 model xarr.xpex.xn61:nshort_model.48
Warning: Eta0 = -0.0261666 is negative.

Checking parameters for BSIM 4.5 model xarr.xpex.xn60:nshort_model.48
Warning: Eta0 = -0.0261666 is negative.

Checking parameters for BSIM 4.5 model xarr.xpex.xn59:nshort_model.40
Warning: Eta0 = -0.00908636 is negative.

Checking parameters for BSIM 4.5 model xarr.xpex.xn58:nshort_model.40
Warning: Eta0 = -0.00908636 is negative.

Checking parameters for BSIM 4.5 model xarr.xpex.xn57:nshort_model.40
Warning: Eta0 = -0.00908636 is negative.

Checking parameters for BSIM 4.5 model xarr.xpex.xn56:nshort_model.40
Warning: Eta0 = -0.00908636 is negative.

Checking parameters for BSIM 4.5 model xarr.xpex.xn55:nshort_model.48
Warning: Eta0 = -0.0261666 is negative.

Checking parameters for BSIM 4.5 model xarr.xpex.xn54:nshort_model.48
Warning: Eta0 = -0.0261666 is negative.

Checking parameters for BSIM 4.5 model xarr.xpex.xn53:nshort_model.40
Warning: Eta0 = -0.00908636 is negative.

Checking parameters for BSIM 4.5 model xarr.xpex.xn52:nshort_model.40
Warning: Eta0 = -0.00908636 is negative.

Checking parameters for BSIM 4.5 model xarr.xpex.xn51:nshort_model.40
Warning: Eta0 = -0.00908636 is negative.

Checking parameters for BSIM 4.5 model xarr.xpex.xn50:nshort_model.40
Warning: Eta0 = -0.00908636 is negative.

Checking parameters for BSIM 4.5 model xarr.xpex.xn49:nshort_model.48
Warning: Eta0 = -0.0261666 is negative.

Checking parameters for BSIM 4.5 model xarr.xpex.xn48:nshort_model.48
Warning: Eta0 = -0.0261666 is negative.

Checking parameters for BSIM 4.5 model xarr.xpex.xn47:nshort_model.48
Warning: Eta0 = -0.0261666 is negative.

Checking parameters for BSIM 4.5 model xarr.xpex.xn46:nshort_model.48
Warning: Eta0 = -0.0261666 is negative.

Checking parameters for BSIM 4.5 model xarr.xpex.xn45:nshort_model.48
Warning: Eta0 = -0.0261666 is negative.

Checking parameters for BSIM 4.5 model xarr.xpex.xn44:nshort_model.48
Warning: Eta0 = -0.0261666 is negative.

Checking parameters for BSIM 4.5 model xarr.xpex.xn43:nshort_model.48
Warning: Eta0 = -0.0261666 is negative.

Checking parameters for BSIM 4.5 model xarr.xpex.xn42:nshort_model.48
Warning: Eta0 = -0.0261666 is negative.

Checking parameters for BSIM 4.5 model xarr.xpex.xn41:nshort_model.48
Warning: Eta0 = -0.0261666 is negative.

Checking parameters for BSIM 4.5 model xarr.xpex.xn40:nshort_model.48
Warning: Eta0 = -0.0261666 is negative.

Checking parameters for BSIM 4.5 model xarr.xpex.xn39:nshort_model.48
Warning: Eta0 = -0.0261666 is negative.

Checking parameters for BSIM 4.5 model xarr.xpex.xn38:nshort_model.48
Warning: Eta0 = -0.0261666 is negative.

Checking parameters for BSIM 4.5 model xarr.xpex.xn37:nshort_model.48
Warning: Eta0 = -0.0261666 is negative.

Checking parameters for BSIM 4.5 model xarr.xpex.xn35:nshort_model.48
Warning: Eta0 = -0.0261666 is negative.

Checking parameters for BSIM 4.5 model xarr.xpex.xn33:nshort_model.48
Warning: Eta0 = -0.0261666 is negative.

Checking parameters for BSIM 4.5 model xarr.xpex.xn31:nshort_model.48
Warning: Eta0 = -0.0261666 is negative.

Checking parameters for BSIM 4.5 model xarr.xpex.xn28:nshort_model.48
Warning: Eta0 = -0.0261666 is negative.

Checking parameters for BSIM 4.5 model xarr.xpex.xn27:nshort_model.48
Warning: Eta0 = -0.0261666 is negative.

Checking parameters for BSIM 4.5 model xarr.xpex.xn25:nshort_model.48
Warning: Eta0 = -0.0261666 is negative.

Checking parameters for BSIM 4.5 model xarr.xpex.xn23:nshort_model.48
Warning: Eta0 = -0.0261666 is negative.

Checking parameters for BSIM 4.5 model xarr.xpex.xn21:nshort_model.48
Warning: Eta0 = -0.0261666 is negative.

Checking parameters for BSIM 4.5 model xarr.xpex.xn8:nshort_model.40
Warning: Eta0 = -0.00908636 is negative.

Checking parameters for BSIM 4.5 model xarr.xpex.xn7:nshort_model.40
Warning: Eta0 = -0.00908636 is negative.

Checking parameters for BSIM 4.5 model xarr.xpex.xn6:nshort_model.40
Warning: Eta0 = -0.00908636 is negative.

Checking parameters for BSIM 4.5 model xarr.xpex.xn5:nshort_model.40
Warning: Eta0 = -0.00908636 is negative.

Checking parameters for BSIM 4.5 model xarr.xpex.xn4:nshort_model.40
Warning: Eta0 = -0.00908636 is negative.

Checking parameters for BSIM 4.5 model xarr.xpex.xn3:nshort_model.40
Warning: Eta0 = -0.00908636 is negative.

Checking parameters for BSIM 4.5 model xarr.xpex.xn2:nshort_model.40
Warning: Eta0 = -0.00908636 is negative.

Checking parameters for BSIM 4.5 model xarr.xpex.xn1:nshort_model.40
Warning: Eta0 = -0.00908636 is negative.

