|* Post-layout ro_array_core: the whole entropy source (four non-identical
|* rings + four output buffers + the three-xor2 combining tree), extracted
|* FLAT from ONE `klt extract --parasitics` run over
|* layout/ro_array_core-placement-poc/ro_array_core_signal9_poc.gds -- the
|* same DRC-clean (0 violations), klt-lvs-MATCHING (132/132 devices, 96/96
|* nets against design/ro_array_core.spice's own .subckt ro_array_core) GDS
|* that PoC directory's own README documents ("Increment 8"). Real inter-ring
|* wiring is included for the first time: the ring->buffer signal chain, the
|* buffer->XOR fan-in, the XOR combining tree's own t1/t2 routing, and the
|* array-wide vdd bus for the four buffers + three xor2 instances -- none of
|* which sim/post-layout-ro-ring5-assembled/ (one ring at a time, ideal
|* wires between rings) could include, and none of which
|* sim/ro-array-core-combining/ (pre-layout, no physical interconnect at
|* all) could include either.
|*
|* Purpose (issue #22's acceptance bar: "Post-layout PVT simulation results
|* land under sim/, extracted parasitics included" plus the DR-0003 section
|* 8 wstv inter-ring decorrelation re-evaluation). This is a two-way,
|* same-corner comparison (post-layout array vs. pre-layout control, the
|* SAME topology sim/ro-array-core-combining/'s own testbench drives),
|* matching sim/post-layout-ro-ring5-assembled/'s own comparison discipline
|* one hierarchy level up. It reuses that record's own measurement set
|* (per-ring periods, combining fidelity in both the edge-retention and
|* value-fidelity senses, and array supply current) rather than inventing a
|* new one, so every number here is directly comparable to
|* sim/ro-array-core-combining/'s own pre-layout record by name.
|*
|* Topology, post-layout side (prefix p): xarr is ONE flat-extracted cell --
|* design/xschem/ro_array_core.sch's own hierarchy, already wired, sourced
|* from layout/pex-array/ro_array_core_pex.spice via
|* layout/bin/pex-netlist.py (shared, unmodified, with
|* layout/pex/pex.json's and layout/pex-ring/pex.json's own leaf/ring
|* descriptors). t1/t2 (the XOR tree's own inter-stage nets) are internal to
|* the wrapper subckt at the SAME literal names design/ro_array_core.spice's
|* own .subckt ro_array_core uses internally, so they are reachable exactly
|* the way sim/ro-array-core-combining/'s own testbench reaches them
|* (`v(xarr.t1)`, one level of hierarchy) -- confirmed by this deck's own
|* first successful run, not assumed.
|*
|* Topology, pre-layout side (no prefix, matching
|* sim/ro-array-core-combining/'s own testbench net names exactly): xctl is
|* the identical topology from design/ro_array_core.spice's parameterized
|* .subckt ro_array_core, same-deck same-corner control.
|*
|* The substrate tie. layout/pex-array/ro_array_core_pex.spice declares the
|* extractor's substrate return node `vsubs` .global (klayout-tools#1503,
|* same as every other post-layout deck in this repo). This deck ties it
|* HARD to 0, the same physically-motivated choice
|* sim/post-layout-ro-ring5-assembled/ and sim/post-layout-ro-ring5/ both
|* use -- every composed cell's own psub guard ring is tied to vss, and vss
|* is 0 here. Inter-ring coupling through a floating substrate is a
|* different, separately-bracketed question (spec/decision-records/DR-0005)
|* and is not re-litigated by this deck's own hard tie.
|*
|* PVT: the same four (temp, supply) points
|* sim/post-layout-ro-ring5-assembled/ uses, each bundling the tt/ss/ff
|* process axis:
|*   -40 degC / 1.62 V   the measured entropy-binding corner (ss)
|*    27 degC / 1.80 V   nominal
|*   125 degC / 1.98 V   the worst five-stage ring swing in #10's grid
|*   -40 degC / 1.98 V   the fastest ring measured anywhere in that grid
|*
|* Window. Post-layout parasitics measurably slow the array (every prior
|* post-layout ring record in this repo reports 1.4x-2.4x slowdown over
|* pre-layout, and the array adds inter-ring wiring + XOR-tree loading on
|* top), so this deck's tstop is 4x sim/ro-array-core-combining/'s own 200n
|* -- 800n -- with the same 5 ns enable-release point and the same
|* 10-period ring / 48-edge combining-node estimators (rise=3..13 for
|* periods, rise=2..50 at the combining nodes), now measured from a 700 ns
|* window (100 ns to 800 ns) rather than that deck's 60-200 ns, to keep the
|* same edge counts reachable at the slowest corner. Confirmed sufficient by
|* this deck's own first run at every corner (every meas below resolved,
|* not "no value found"), not assumed from the pre-layout deck's own margin.
|*
|* This file is a TEMPLATE: sim/bin/corner-run.py substitutes /Users/rwalters/.volare/volare/sky130/versions/c6d73a35f524070e85faff4a6a9eef49553ebc2b/sky130A/libs.tech/combined/sky130.lib.spice,
|* ss, /Users/rwalters/GitHub/sky130-trng/.loom/worktrees/issue-22/design/ro_array_core.spice, /Users/rwalters/GitHub/sky130-trng/.loom/worktrees/issue-22/layout/pex-array/ro_array_core_pex.spice, -40.0, 1.62 and 5p. As
|* committed it is not a runnable deck. Invoke with
|* `--ro-ring5 design/ro_array_core.spice` and
|* `--pex-lib layout/pex-array/ro_array_core_pex.spice`.
|
|.option scale=1u
|.lib "/Users/rwalters/.volare/volare/sky130/versions/c6d73a35f524070e85faff4a6a9eef49553ebc2b/sky130A/libs.tech/combined/sky130.lib.spice" ss
|
|* pre-layout subcircuit library (ro_array_core / ro_ring5 / ro_buf / xor2)
|.include "/Users/rwalters/GitHub/sky130-trng/.loom/worktrees/issue-22/design/ro_array_core.spice"
|* post-layout ARRAY subcircuit library (ro_array_core_pex, flat-extracted
|* from the whole composed, DRC-clean and LVS-clean array GDS)
|.include "/Users/rwalters/GitHub/sky130-trng/.loom/worktrees/issue-22/layout/pex-array/ro_array_core_pex.spice"
|
|.temp -40.0
|
|* --- substrate return node: hard tie (see header) ----------------------
|Vsub vsubs 0 dc 0
|
|* --- post-layout ARRAY, one flat-extracted cell for the whole block ----
|Vddrp1 pvddr1 0 dc 1.62
|Vddrp2 pvddr2 0 dc 1.62
|Vddrp3 pvddr3 0 dc 1.62
|Vddrp4 pvddr4 0 dc 1.62
|Vddp pvdd 0 dc 1.62
|Venp1 pen1 0 PULSE(0 1.62 5n 100p 100p 1u 2u)
|Venp2 pen2 0 PULSE(0 1.62 5n 100p 100p 1u 2u)
|Venp3 pen3 0 PULSE(0 1.62 5n 100p 100p 1u 2u)
|Venp4 pen4 0 PULSE(0 1.62 5n 100p 100p 1u 2u)
|xarr pen1 pen2 pen3 pen4 pvddr1 pvddr2 pvddr3 pvddr4 pvdd 0 pxo pro1 pro2 pro3 pro4 ro_array_core_pex
|
|* --- pre-layout control, identical topology, single-call subckt --------
|Vddr1 vddr1 0 dc 1.62
|Vddr2 vddr2 0 dc 1.62
|Vddr3 vddr3 0 dc 1.62
|Vddr4 vddr4 0 dc 1.62
|Vdd vdd 0 dc 1.62
|Ven1 en1 0 PULSE(0 1.62 5n 100p 100p 1u 2u)
|Ven2 en2 0 PULSE(0 1.62 5n 100p 100p 1u 2u)
|Ven3 en3 0 PULSE(0 1.62 5n 100p 100p 1u 2u)
|Ven4 en4 0 PULSE(0 1.62 5n 100p 100p 1u 2u)
|xctl en1 en2 en3 en4 vddr1 vddr2 vddr3 vddr4 vdd 0 xo ro1 ro2 ro3 ro4 ro_array_core
|
|.ic v(pro1)=0
|.ic v(pro2)=0
|.ic v(pro3)=0
|.ic v(pro4)=0
|.ic v(ro1)=0
|.ic v(ro2)=0
|.ic v(ro3)=0
|.ic v(ro4)=0
|
|* Limit the saved transient trace set to exactly what the .meas statements
|* below need. Without this, ngspice keeps a full-resolution voltage history
|* for every node in the deck -- including every per-terminal parasitic-star
|* leg node the flat ARRAY extraction introduces (132 devices' worth, an
|* order of magnitude more than one ring alone) -- and
|* sim/post-layout-ro-ring5-assembled/'s own header records this exhausting
|* process memory outright at the ff corner's shorter timesteps. None of
|* those internal leg voltages are read by any .meas below.
|.save v(pro1) v(pro2) v(pro3) v(pro4) v(pxo) v(xarr.t1)
|.save v(ro1) v(ro2) v(ro3) v(ro4) v(xo) v(xctl.t1)
|.save i(Vddrp1) i(Vddrp2) i(Vddrp3) i(Vddrp4) i(Vddp)
|.save i(Vddr1) i(Vddr2) i(Vddr3) i(Vddr4) i(Vdd)
|
|.tran 5p 800n uic
|
|.control
|run
|
|* --- post-layout ARRAY: per-ring periods, 10 whole periods each, first
|* two rising edges discarded as start-up ------------------------------
|meas tran pt1a when v(pro1)=0.5*1.62 rise=3
|meas tran pt1b when v(pro1)=0.5*1.62 rise=13
|let p_tr1 = (pt1b - pt1a)/10
|meas tran pt2a when v(pro2)=0.5*1.62 rise=3
|meas tran pt2b when v(pro2)=0.5*1.62 rise=13
|let p_tr2 = (pt2b - pt2a)/10
|meas tran pt3a when v(pro3)=0.5*1.62 rise=3
|meas tran pt3b when v(pro3)=0.5*1.62 rise=13
|let p_tr3 = (pt3b - pt3a)/10
|meas tran pt4a when v(pro4)=0.5*1.62 rise=3
|meas tran pt4b when v(pro4)=0.5*1.62 rise=13
|let p_tr4 = (pt4b - pt4a)/10
|let p_f_ideal2 = 1/p_tr1 + 1/p_tr2
|let p_f_ideal = 1/p_tr1 + 1/p_tr2 + 1/p_tr3 + 1/p_tr4
|let p_skew_span = p_tr1/p_tr4
|
|* --- post-layout ARRAY combining node: swing and realized edge rate ---
|meas tran pvxo_max MAX v(pxo) from=100n to=800n
|meas tran pvxo_min MIN v(pxo) from=100n to=800n
|let p_swing_frac_xo = (pvxo_max - pvxo_min) / 1.62
|meas tran ptxo_a when v(pxo)=0.5*1.62 rise=2
|meas tran ptxo_b when v(pxo)=0.5*1.62 rise=50
|let p_f_xo = 48/(ptxo_b - ptxo_a)
|let p_edge_retention = p_f_xo / p_f_ideal
|meas tran ptt1a when v(xarr.t1)=0.5*1.62 rise=2
|meas tran ptt1b when v(xarr.t1)=0.5*1.62 rise=50
|let p_f_t1 = 48/(ptt1b - ptt1a)
|let p_retention_n2 = p_f_t1 / p_f_ideal2
|let p_retention_n4 = p_edge_retention
|
|* --- post-layout ARRAY value fidelity + supply current -----------------
|meas tran pvxo_avg AVG v(pxo) from=100n to=800n
|meas tran pvt1_avg AVG v(xarr.t1) from=100n to=800n
|let p_bias_xo = pvxo_avg / 1.62
|let p_bias_t1 = pvt1_avg / 1.62
|meas tran pi1 AVG i(Vddrp1) from=100n to=800n
|meas tran pi2 AVG i(Vddrp2) from=100n to=800n
|meas tran pi3 AVG i(Vddrp3) from=100n to=800n
|meas tran pi4 AVG i(Vddrp4) from=100n to=800n
|meas tran pib AVG i(Vddp) from=100n to=800n
|let p_i_rings = -(pi1 + pi2 + pi3 + pi4)
|let p_i_block = -pib
|let p_i_array_total = p_i_rings + p_i_block
|let p_p_array_total = p_i_array_total * 1.62
|
|* --- pre-layout CONTROL: identical estimators, identical node names as
|* sim/ro-array-core-combining/'s own testbench ---------------------------
|meas tran t1a when v(ro1)=0.5*1.62 rise=3
|meas tran t1b when v(ro1)=0.5*1.62 rise=13
|let tr1 = (t1b - t1a)/10
|meas tran t2a when v(ro2)=0.5*1.62 rise=3
|meas tran t2b when v(ro2)=0.5*1.62 rise=13
|let tr2 = (t2b - t2a)/10
|meas tran t3a when v(ro3)=0.5*1.62 rise=3
|meas tran t3b when v(ro3)=0.5*1.62 rise=13
|let tr3 = (t3b - t3a)/10
|meas tran t4a when v(ro4)=0.5*1.62 rise=3
|meas tran t4b when v(ro4)=0.5*1.62 rise=13
|let tr4 = (t4b - t4a)/10
|let f_ideal2 = 1/tr1 + 1/tr2
|let f_ideal = 1/tr1 + 1/tr2 + 1/tr3 + 1/tr4
|let skew_span = tr1/tr4
|
|meas tran vxo_max MAX v(xo) from=100n to=800n
|meas tran vxo_min MIN v(xo) from=100n to=800n
|let swing_frac_xo = (vxo_max - vxo_min) / 1.62
|meas tran txo_a when v(xo)=0.5*1.62 rise=2
|meas tran txo_b when v(xo)=0.5*1.62 rise=50
|let f_xo = 48/(txo_b - txo_a)
|let edge_retention = f_xo / f_ideal
|meas tran tt1a when v(xctl.t1)=0.5*1.62 rise=2
|meas tran tt1b when v(xctl.t1)=0.5*1.62 rise=50
|let f_t1 = 48/(tt1b - tt1a)
|let retention_n2 = f_t1 / f_ideal2
|let retention_n4 = edge_retention
|
|meas tran vxo_avg AVG v(xo) from=100n to=800n
|meas tran vt1_avg AVG v(xctl.t1) from=100n to=800n
|let bias_xo = vxo_avg / 1.62
|let bias_t1 = vt1_avg / 1.62
|meas tran i1 AVG i(Vddr1) from=100n to=800n
|meas tran i2 AVG i(Vddr2) from=100n to=800n
|meas tran i3 AVG i(Vddr3) from=100n to=800n
|meas tran i4 AVG i(Vddr4) from=100n to=800n
|meas tran ib AVG i(Vdd) from=100n to=800n
|let i_rings = -(i1 + i2 + i3 + i4)
|let i_block = -ib
|let i_array_total = i_rings + i_block
|let p_array_total_pre = i_array_total * 1.62
|
|* --- headline ratios: same block, same corner, real inter-ring wiring
|* (plus real intra-cell parasitics) vs. pre-layout (no interconnect,
|* ideal devices only) ----------------------------------------------------
|let slowdown_r1 = p_tr1 / tr1
|let slowdown_r2 = p_tr2 / tr2
|let slowdown_r3 = p_tr3 / tr3
|let slowdown_r4 = p_tr4 / tr4
|
|print p_tr1
|print p_tr2
|print p_tr3
|print p_tr4
|print p_skew_span
|print p_f_ideal
|print p_f_xo
|print p_edge_retention
|print p_retention_n2
|print p_retention_n4
|print p_bias_t1
|print p_bias_xo
|print p_swing_frac_xo
|print p_i_rings
|print p_i_block
|print p_i_array_total
|print p_p_array_total
|print tr1
|print tr2
|print tr3
|print tr4
|print skew_span
|print f_ideal
|print f_xo
|print edge_retention
|print retention_n2
|print retention_n4
|print bias_t1
|print bias_xo
|print swing_frac_xo
|print i_rings
|print i_block
|print i_array_total
|print p_array_total_pre
|print slowdown_r1
|print slowdown_r2
|print slowdown_r3
|print slowdown_r4
|.endc
|.end
|

----- stdout -----

Note: Compatibility modes selected: hs a


Circuit: * post-layout ro_array_core: the whole entropy source (four non-identical

option SCALE: Scale is set to 1e-06 for instance and model parameters
option SCALE: Scale is set to 1e-06 for instance and model parameters
option SCALE: Scale is set to 1e-06 for instance and model parameters
option SCALE: Scale is set to 1e-06 for instance and model parameters
option SCALE: Scale is set to 1e-06 for instance and model parameters
Doing analysis at TEMP = -40.000000 and TNOM = 27.000000

Using SPARSE 1.3 as Direct Linear Solver
Operating point simulation skipped by 'uic',
  now using transient initial conditions.
 Reference value :  5.00000e-14
 Reference value :  5.31930e-10
 Reference value :  1.26693e-09
 Reference value :  2.01193e-09
 Reference value :  2.75193e-09
 Reference value :  3.48693e-09
 Reference value :  4.25193e-09
 Reference value :  5.00050e-09
 Reference value :  5.64250e-09
 Reference value :  6.38250e-09
 Reference value :  7.14750e-09
 Reference value :  7.79750e-09
 Reference value :  8.61250e-09
 Reference value :  9.86750e-09
 Reference value :  1.07225e-08
 Reference value :  1.14275e-08
 Reference value :  1.21675e-08
 Reference value :  1.28525e-08
 Reference value :  1.35475e-08
 Reference value :  1.42725e-08
 Reference value :  1.51325e-08
 Reference value :  1.58475e-08
 Reference value :  1.65425e-08
 Reference value :  1.71875e-08
 Reference value :  1.78275e-08
 Reference value :  1.84675e-08
 Reference value :  1.91925e-08
 Reference value :  1.99925e-08
 Reference value :  2.06675e-08
 Reference value :  2.13325e-08
 Reference value :  2.19825e-08
 Reference value :  2.26525e-08
 Reference value :  2.33325e-08
 Reference value :  2.40175e-08
 Reference value :  2.47325e-08
 Reference value :  2.53325e-08
 Reference value :  2.59925e-08
 Reference value :  2.66475e-08
 Reference value :  2.72525e-08
 Reference value :  2.78975e-08
 Reference value :  2.86425e-08
 Reference value :  2.92925e-08
 Reference value :  2.99475e-08
 Reference value :  3.05425e-08
 Reference value :  3.12325e-08
 Reference value :  3.18775e-08
 Reference value :  3.25275e-08
 Reference value :  3.31925e-08
 Reference value :  3.38775e-08
 Reference value :  3.45725e-08
 Reference value :  3.53025e-08
 Reference value :  3.60125e-08
 Reference value :  3.66975e-08
 Reference value :  3.73325e-08
 Reference value :  3.79275e-08
 Reference value :  3.85725e-08
 Reference value :  3.91775e-08
 Reference value :  3.98225e-08
 Reference value :  4.05025e-08
 Reference value :  4.11375e-08
 Reference value :  4.17775e-08
 Reference value :  4.24425e-08
 Reference value :  4.29875e-08
 Reference value :  4.34825e-08
 Reference value :  4.41275e-08
 Reference value :  4.47075e-08
 Reference value :  4.54175e-08
 Reference value :  4.60375e-08
 Reference value :  4.66875e-08
 Reference value :  4.73775e-08
 Reference value :  4.79575e-08
 Reference value :  4.86375e-08
 Reference value :  4.92675e-08
 Reference value :  4.98225e-08
 Reference value :  5.05275e-08
 Reference value :  5.12325e-08
 Reference value :  5.19225e-08
 Reference value :  5.26225e-08
 Reference value :  5.32075e-08
 Reference value :  5.38025e-08
 Reference value :  5.43975e-08
 Reference value :  5.49475e-08
 Reference value :  5.56425e-08
 Reference value :  5.62675e-08
 Reference value :  5.69425e-08
 Reference value :  5.76625e-08
 Reference value :  5.82525e-08
 Reference value :  5.89475e-08
 Reference value :  5.95575e-08
 Reference value :  6.02425e-08
 Reference value :  6.09325e-08
 Reference value :  6.16575e-08
 Reference value :  6.23225e-08
 Reference value :  6.29925e-08
 Reference value :  6.35975e-08
 Reference value :  6.41825e-08
 Reference value :  6.49125e-08
 Reference value :  6.55675e-08
 Reference value :  6.62825e-08
 Reference value :  6.70425e-08
 Reference value :  6.77175e-08
 Reference value :  6.83275e-08
 Reference value :  6.88875e-08
 Reference value :  6.95425e-08
 Reference value :  7.02325e-08
 Reference value :  7.08675e-08
 Reference value :  7.15525e-08
 Reference value :  7.23075e-08
 Reference value :  7.29825e-08
 Reference value :  7.36525e-08
 Reference value :  7.42275e-08
 Reference value :  7.49625e-08
 Reference value :  7.56025e-08
 Reference value :  7.62925e-08
 Reference value :  7.70075e-08
 Reference value :  7.77825e-08
 Reference value :  7.84225e-08
 Reference value :  7.90175e-08
 Reference value :  7.95875e-08
 Reference value :  8.02225e-08
 Reference value :  8.07825e-08
 Reference value :  8.14225e-08
 Reference value :  8.21025e-08
 Reference value :  8.28325e-08
 Reference value :  8.33975e-08
 Reference value :  8.39725e-08
 Reference value :  8.46975e-08
 Reference value :  8.52775e-08
 Reference value :  8.58075e-08
 Reference value :  8.64525e-08
 Reference value :  8.72025e-08
 Reference value :  8.78725e-08
 Reference value :  8.85925e-08
 Reference value :  8.93025e-08
 Reference value :  8.98275e-08
 Reference value :  9.03475e-08
 Reference value :  9.09025e-08
 Reference value :  9.17975e-08
 Reference value :  9.25275e-08
 Reference value :  9.31525e-08
 Reference value :  9.38825e-08
 Reference value :  9.45275e-08
 Reference value :  9.51875e-08
 Reference value :  9.59075e-08
 Reference value :  9.65375e-08
 Reference value :  9.72325e-08
 Reference value :  9.79125e-08
 Reference value :  9.85725e-08
 Reference value :  9.92625e-08
 Reference value :  9.99275e-08
 Reference value :  1.00568e-07
 Reference value :  1.01228e-07
 Reference value :  1.01898e-07
 Reference value :  1.02588e-07
 Reference value :  1.03268e-07
 Reference value :  1.03988e-07
 Reference value :  1.04643e-07
 Reference value :  1.05328e-07
 Reference value :  1.05983e-07
 Reference value :  1.06933e-07
 Reference value :  1.07603e-07
 Reference value :  1.08263e-07
 Reference value :  1.08943e-07
 Reference value :  1.09503e-07
 Reference value :  1.10068e-07
 Reference value :  1.10743e-07
 Reference value :  1.11408e-07
 Reference value :  1.12078e-07
 Reference value :  1.12778e-07
 Reference value :  1.13433e-07
 Reference value :  1.14078e-07
 Reference value :  1.14783e-07
 Reference value :  1.15448e-07
 Reference value :  1.16078e-07
 Reference value :  1.16698e-07
 Reference value :  1.17343e-07
 Reference value :  1.17963e-07
 Reference value :  1.18593e-07
 Reference value :  1.19258e-07
 Reference value :  1.19898e-07
 Reference value :  1.20663e-07
 Reference value :  1.21343e-07
 Reference value :  1.21963e-07
 Reference value :  1.22638e-07
 Reference value :  1.23293e-07
 Reference value :  1.23903e-07
 Reference value :  1.24583e-07
 Reference value :  1.25258e-07
 Reference value :  1.25918e-07
 Reference value :  1.26553e-07
 Reference value :  1.27178e-07
 Reference value :  1.27783e-07
 Reference value :  1.28383e-07
 Reference value :  1.29088e-07
 Reference value :  1.29798e-07
 Reference value :  1.30558e-07
 Reference value :  1.31178e-07
 Reference value :  1.31738e-07
 Reference value :  1.32403e-07
 Reference value :  1.33048e-07
 Reference value :  1.33758e-07
 Reference value :  1.34468e-07
 Reference value :  1.35188e-07
 Reference value :  1.35913e-07
 Reference value :  1.36598e-07
 Reference value :  1.37403e-07
 Reference value :  1.38063e-07
 Reference value :  1.38793e-07
 Reference value :  1.39503e-07
 Reference value :  1.40248e-07
 Reference value :  1.40963e-07
 Reference value :  1.41618e-07
 Reference value :  1.42288e-07
 Reference value :  1.42968e-07
 Reference value :  1.43643e-07
 Reference value :  1.44393e-07
 Reference value :  1.45133e-07
 Reference value :  1.45898e-07
 Reference value :  1.46568e-07
 Reference value :  1.47253e-07
 Reference value :  1.47953e-07
 Reference value :  1.48628e-07
 Reference value :  1.49308e-07
 Reference value :  1.50043e-07
 Reference value :  1.50738e-07
 Reference value :  1.51393e-07
 Reference value :  1.52103e-07
 Reference value :  1.52743e-07
 Reference value :  1.53413e-07
 Reference value :  1.54138e-07
 Reference value :  1.54813e-07
 Reference value :  1.55518e-07
 Reference value :  1.56133e-07
 Reference value :  1.56788e-07
 Reference value :  1.57403e-07
 Reference value :  1.58018e-07
 Reference value :  1.58628e-07
 Reference value :  1.59233e-07
 Reference value :  1.59933e-07
 Reference value :  1.60553e-07
 Reference value :  1.61183e-07
 Reference value :  1.61828e-07
 Reference value :  1.62413e-07
 Reference value :  1.63043e-07
 Reference value :  1.63698e-07
 Reference value :  1.64363e-07
 Reference value :  1.65008e-07
 Reference value :  1.65648e-07
 Reference value :  1.66398e-07
 Reference value :  1.67028e-07
 Reference value :  1.67643e-07
 Reference value :  1.68273e-07
 Reference value :  1.68858e-07
 Reference value :  1.69418e-07
 Reference value :  1.70028e-07
 Reference value :  1.70653e-07
 Reference value :  1.71368e-07
 Reference value :  1.72028e-07
 Reference value :  1.72733e-07
 Reference value :  1.73368e-07
 Reference value :  1.73988e-07
 Reference value :  1.74603e-07
 Reference value :  1.75208e-07
 Reference value :  1.75913e-07
 Reference value :  1.76553e-07
 Reference value :  1.77248e-07
 Reference value :  1.77973e-07
 Reference value :  1.78563e-07
 Reference value :  1.79068e-07
 Reference value :  1.79683e-07
 Reference value :  1.80233e-07
 Reference value :  1.80943e-07
 Reference value :  1.81598e-07
 Reference value :  1.82373e-07
 Reference value :  1.83088e-07
 Reference value :  1.83633e-07
 Reference value :  1.84303e-07
 Reference value :  1.84883e-07
 Reference value :  1.85473e-07
 Reference value :  1.86193e-07
 Reference value :  1.86848e-07
 Reference value :  1.87563e-07
 Reference value :  1.88263e-07
 Reference value :  1.88828e-07
 Reference value :  1.89593e-07
 Reference value :  1.90758e-07
 Reference value :  1.91798e-07
 Reference value :  1.92448e-07
 Reference value :  1.93263e-07
 Reference value :  1.93978e-07
 Reference value :  1.94573e-07
 Reference value :  1.95383e-07
 Reference value :  1.96023e-07
 Reference value :  1.96663e-07
 Reference value :  1.97368e-07
 Reference value :  1.98123e-07
 Reference value :  1.98743e-07
 Reference value :  1.99373e-07
 Reference value :  2.00088e-07
 Reference value :  2.00733e-07
 Reference value :  2.01408e-07
 Reference value :  2.02108e-07
 Reference value :  2.02813e-07
 Reference value :  2.03453e-07
 Reference value :  2.04068e-07
 Reference value :  2.04628e-07
 Reference value :  2.05353e-07
 Reference value :  2.05983e-07
 Reference value :  2.06648e-07
 Reference value :  2.07373e-07
 Reference value :  2.08103e-07
 Reference value :  2.08743e-07
 Reference value :  2.09258e-07
 Reference value :  2.09933e-07
 Reference value :  2.10598e-07
 Reference value :  2.11253e-07
 Reference value :  2.11923e-07
 Reference value :  2.12613e-07
 Reference value :  2.13298e-07
 Reference value :  2.13853e-07
 Reference value :  2.14393e-07
 Reference value :  2.14948e-07
 Reference value :  2.15548e-07
 Reference value :  2.16083e-07
 Reference value :  2.16668e-07
 Reference value :  2.17433e-07
 Reference value :  2.18128e-07
 Reference value :  2.18733e-07
 Reference value :  2.19443e-07
 Reference value :  2.20103e-07
 Reference value :  2.20813e-07
 Reference value :  2.21493e-07
 Reference value :  2.22133e-07
 Reference value :  2.22838e-07
 Reference value :  2.23513e-07
 Reference value :  2.24528e-07
 Reference value :  2.25173e-07
 Reference value :  2.25893e-07
 Reference value :  2.26603e-07
 Reference value :  2.27263e-07
 Reference value :  2.27953e-07
 Reference value :  2.28593e-07
 Reference value :  2.29318e-07
 Reference value :  2.29968e-07
 Reference value :  2.30598e-07
 Reference value :  2.31318e-07
 Reference value :  2.31973e-07
 Reference value :  2.32763e-07
 Reference value :  2.33403e-07
 Reference value :  2.34038e-07
 Reference value :  2.34698e-07
 Reference value :  2.35388e-07
 Reference value :  2.36063e-07
 Reference value :  2.36758e-07
 Reference value :  2.37448e-07
 Reference value :  2.38128e-07
 Reference value :  2.38808e-07
 Reference value :  2.39458e-07
 Reference value :  2.40128e-07
 Reference value :  2.40858e-07
 Reference value :  2.41543e-07
 Reference value :  2.42243e-07
 Reference value :  2.42893e-07
 Reference value :  2.43588e-07
 Reference value :  2.44243e-07
 Reference value :  2.44898e-07
 Reference value :  2.45598e-07
 Reference value :  2.46288e-07
 Reference value :  2.46943e-07
 Reference value :  2.47628e-07
 Reference value :  2.48288e-07
 Reference value :  2.48928e-07
 Reference value :  2.49548e-07
 Reference value :  2.50223e-07
 Reference value :  2.50933e-07
 Reference value :  2.51618e-07
 Reference value :  2.52223e-07
 Reference value :  2.52813e-07
 Reference value :  2.53458e-07
 Reference value :  2.54083e-07
 Reference value :  2.54843e-07
 Reference value :  2.55543e-07
 Reference value :  2.56243e-07
 Reference value :  2.56938e-07
 Reference value :  2.57598e-07
 Reference value :  2.58268e-07
 Reference value :  2.58928e-07
 Reference value :  2.59623e-07
 Reference value :  2.60318e-07
 Reference value :  2.61003e-07
 Reference value :  2.61743e-07
 Reference value :  2.62303e-07
 Reference value :  2.62983e-07
 Reference value :  2.63608e-07
 Reference value :  2.64333e-07
 Reference value :  2.65063e-07
 Reference value :  2.65943e-07
 Reference value :  2.66588e-07
 Reference value :  2.67318e-07
 Reference value :  2.68048e-07
 Reference value :  2.68663e-07
 Reference value :  2.69418e-07
 Reference value :  2.70163e-07
 Reference value :  2.70898e-07
 Reference value :  2.71573e-07
 Reference value :  2.72213e-07
 Reference value :  2.72848e-07
 Reference value :  2.73473e-07
 Reference value :  2.74103e-07
 Reference value :  2.74838e-07
 Reference value :  2.75558e-07
 Reference value :  2.76253e-07
 Reference value :  2.76888e-07
 Reference value :  2.77553e-07
 Reference value :  2.78233e-07
 Reference value :  2.78873e-07
 Reference value :  2.79543e-07
 Reference value :  2.80248e-07
 Reference value :  2.80948e-07
 Reference value :  2.81588e-07
 Reference value :  2.82223e-07
 Reference value :  2.82953e-07
 Reference value :  2.83613e-07
 Reference value :  2.84278e-07
 Reference value :  2.84948e-07
 Reference value :  2.85567e-07
 Reference value :  2.86202e-07
 Reference value :  2.86852e-07
 Reference value :  2.87502e-07
 Reference value :  2.88087e-07
 Reference value :  2.88732e-07
 Reference value :  2.89387e-07
 Reference value :  2.90037e-07
 Reference value :  2.90862e-07
 Reference value :  2.91512e-07
 Reference value :  2.92172e-07
 Reference value :  2.92817e-07
 Reference value :  2.93457e-07
 Reference value :  2.94097e-07
 Reference value :  2.94747e-07
 Reference value :  2.95442e-07
 Reference value :  2.96107e-07
 Reference value :  2.96902e-07
 Reference value :  2.97697e-07
 Reference value :  2.98302e-07
 Reference value :  2.98937e-07
 Reference value :  2.99587e-07
 Reference value :  3.00217e-07
 Reference value :  3.00802e-07
 Reference value :  3.01512e-07
 Reference value :  3.02162e-07
 Reference value :  3.02842e-07
 Reference value :  3.03447e-07
 Reference value :  3.04022e-07
 Reference value :  3.04612e-07
 Reference value :  3.05212e-07
 Reference value :  3.05822e-07
 Reference value :  3.06487e-07
 Reference value :  3.07257e-07
 Reference value :  3.08017e-07
 Reference value :  3.08767e-07
 Reference value :  3.09377e-07
 Reference value :  3.10017e-07
 Reference value :  3.10582e-07
 Reference value :  3.11252e-07
 Reference value :  3.11892e-07
 Reference value :  3.12832e-07
 Reference value :  3.13537e-07
 Reference value :  3.14202e-07
 Reference value :  3.14882e-07
 Reference value :  3.15417e-07
 Reference value :  3.16027e-07
 Reference value :  3.16732e-07
 Reference value :  3.17392e-07
 Reference value :  3.18127e-07
 Reference value :  3.18812e-07
 Reference value :  3.19327e-07
 Reference value :  3.19892e-07
 Reference value :  3.20422e-07
 Reference value :  3.21082e-07
 Reference value :  3.21742e-07
 Reference value :  3.22442e-07
 Reference value :  3.23122e-07
 Reference value :  3.23797e-07
 Reference value :  3.24362e-07
 Reference value :  3.24932e-07
 Reference value :  3.25682e-07
 Reference value :  3.26327e-07
 Reference value :  3.26957e-07
 Reference value :  3.27717e-07
 Reference value :  3.28397e-07
 Reference value :  3.29037e-07
 Reference value :  3.29597e-07
 Reference value :  3.30252e-07
 Reference value :  3.30952e-07
 Reference value :  3.31607e-07
 Reference value :  3.32292e-07
 Reference value :  3.33022e-07
 Reference value :  3.33697e-07
 Reference value :  3.34347e-07
 Reference value :  3.34987e-07
 Reference value :  3.35697e-07
 Reference value :  3.36302e-07
 Reference value :  3.36987e-07
 Reference value :  3.37737e-07
 Reference value :  3.38457e-07
 Reference value :  3.39082e-07
 Reference value :  3.39787e-07
 Reference value :  3.40507e-07
 Reference value :  3.41122e-07
 Reference value :  3.41767e-07
 Reference value :  3.42477e-07
 Reference value :  3.43237e-07
 Reference value :  3.43907e-07
 Reference value :  3.44417e-07
 Reference value :  3.44977e-07
 Reference value :  3.45592e-07
 Reference value :  3.46152e-07
 Reference value :  3.46672e-07
 Reference value :  3.47317e-07
 Reference value :  3.48012e-07
 Reference value :  3.48767e-07
 Reference value :  3.49427e-07
 Reference value :  3.50112e-07
 Reference value :  3.50762e-07
 Reference value :  3.51487e-07
 Reference value :  3.52127e-07
 Reference value :  3.53057e-07
 Reference value :  3.53957e-07
 Reference value :  3.54807e-07
 Reference value :  3.55407e-07
 Reference value :  3.56112e-07
 Reference value :  3.56837e-07
 Reference value :  3.57717e-07
 Reference value :  3.58397e-07
 Reference value :  3.59027e-07
 Reference value :  3.59817e-07
 Reference value :  3.60457e-07
 Reference value :  3.61187e-07
 Reference value :  3.61867e-07
 Reference value :  3.62547e-07
 Reference value :  3.63252e-07
 Reference value :  3.63982e-07
 Reference value :  3.64747e-07
 Reference value :  3.65417e-07
 Reference value :  3.66062e-07
 Reference value :  3.66762e-07
 Reference value :  3.67477e-07
 Reference value :  3.68167e-07
 Reference value :  3.68852e-07
 Reference value :  3.69467e-07
 Reference value :  3.70102e-07
 Reference value :  3.70792e-07
 Reference value :  3.71457e-07
 Reference value :  3.72237e-07
 Reference value :  3.72912e-07
 Reference value :  3.73572e-07
 Reference value :  3.74262e-07
 Reference value :  3.75002e-07
 Reference value :  3.75772e-07
 Reference value :  3.76577e-07
 Reference value :  3.77267e-07
 Reference value :  3.77912e-07
 Reference value :  3.78532e-07
 Reference value :  3.79177e-07
 Reference value :  3.79832e-07
 Reference value :  3.80587e-07
 Reference value :  3.81312e-07
 Reference value :  3.81972e-07
 Reference value :  3.82592e-07
 Reference value :  3.83277e-07
 Reference value :  3.83942e-07
 Reference value :  3.84587e-07
 Reference value :  3.85302e-07
 Reference value :  3.85972e-07
 Reference value :  3.86757e-07
 Reference value :  3.87492e-07
 Reference value :  3.88417e-07
 Reference value :  3.89162e-07
 Reference value :  3.89997e-07
 Reference value :  3.90882e-07
 Reference value :  3.91747e-07
 Reference value :  3.92762e-07
 Reference value :  3.93547e-07
 Reference value :  3.94117e-07
 Reference value :  3.94742e-07
 Reference value :  3.95392e-07
 Reference value :  3.96127e-07
 Reference value :  3.96852e-07
 Reference value :  3.97462e-07
 Reference value :  3.98112e-07
 Reference value :  3.98767e-07
 Reference value :  3.99487e-07
 Reference value :  4.00337e-07
 Reference value :  4.01042e-07
 Reference value :  4.01732e-07
 Reference value :  4.02342e-07
 Reference value :  4.02987e-07
 Reference value :  4.03672e-07
 Reference value :  4.04377e-07
 Reference value :  4.05082e-07
 Reference value :  4.05782e-07
 Reference value :  4.06492e-07
 Reference value :  4.07127e-07
 Reference value :  4.07722e-07
 Reference value :  4.08362e-07
 Reference value :  4.09027e-07
 Reference value :  4.09652e-07
 Reference value :  4.10357e-07
 Reference value :  4.11052e-07
 Reference value :  4.11767e-07
 Reference value :  4.12387e-07
 Reference value :  4.13112e-07
 Reference value :  4.13712e-07
 Reference value :  4.14362e-07
 Reference value :  4.15032e-07
 Reference value :  4.15747e-07
 Reference value :  4.16432e-07
 Reference value :  4.17057e-07
 Reference value :  4.17687e-07
 Reference value :  4.18312e-07
 Reference value :  4.18937e-07
 Reference value :  4.19602e-07
 Reference value :  4.20217e-07
 Reference value :  4.20927e-07
 Reference value :  4.21542e-07
 Reference value :  4.22242e-07
 Reference value :  4.22862e-07
 Reference value :  4.23452e-07
 Reference value :  4.24157e-07
 Reference value :  4.24872e-07
 Reference value :  4.25527e-07
 Reference value :  4.26137e-07
 Reference value :  4.26822e-07
 Reference value :  4.27467e-07
 Reference value :  4.28087e-07
 Reference value :  4.28692e-07
 Reference value :  4.29322e-07
 Reference value :  4.30002e-07
 Reference value :  4.30652e-07
 Reference value :  4.31322e-07
 Reference value :  4.32027e-07
 Reference value :  4.32657e-07
 Reference value :  4.33312e-07
 Reference value :  4.34002e-07
 Reference value :  4.34642e-07
 Reference value :  4.35172e-07
 Reference value :  4.35767e-07
 Reference value :  4.36467e-07
 Reference value :  4.37162e-07
 Reference value :  4.37772e-07
 Reference value :  4.38487e-07
 Reference value :  4.39092e-07
 Reference value :  4.39647e-07
 Reference value :  4.40262e-07
 Reference value :  4.40852e-07
 Reference value :  4.41482e-07
 Reference value :  4.42187e-07
 Reference value :  4.42937e-07
 Reference value :  4.43657e-07
 Reference value :  4.44262e-07
 Reference value :  4.44882e-07
 Reference value :  4.45502e-07
 Reference value :  4.46067e-07
 Reference value :  4.46762e-07
 Reference value :  4.47432e-07
 Reference value :  4.48152e-07
 Reference value :  4.48882e-07
 Reference value :  4.49527e-07
 Reference value :  4.50262e-07
 Reference value :  4.50877e-07
 Reference value :  4.51532e-07
 Reference value :  4.52182e-07
 Reference value :  4.52867e-07
 Reference value :  4.53582e-07
 Reference value :  4.54272e-07
 Reference value :  4.54947e-07
 Reference value :  4.55627e-07
 Reference value :  4.56277e-07
 Reference value :  4.56912e-07
 Reference value :  4.57572e-07
 Reference value :  4.58242e-07
 Reference value :  4.58967e-07
 Reference value :  4.59612e-07
 Reference value :  4.60182e-07
 Reference value :  4.60837e-07
 Reference value :  4.61507e-07
 Reference value :  4.62167e-07
 Reference value :  4.62827e-07
 Reference value :  4.63582e-07
 Reference value :  4.64372e-07
 Reference value :  4.64977e-07
 Reference value :  4.65612e-07
 Reference value :  4.66327e-07
 Reference value :  4.66907e-07
 Reference value :  4.67527e-07
 Reference value :  4.68257e-07
 Reference value :  4.68952e-07
 Reference value :  4.69602e-07
 Reference value :  4.70132e-07
 Reference value :  4.70727e-07
 Reference value :  4.71447e-07
 Reference value :  4.72032e-07
 Reference value :  4.72687e-07
 Reference value :  4.73417e-07
 Reference value :  4.74162e-07
 Reference value :  4.74797e-07
 Reference value :  4.75487e-07
 Reference value :  4.76147e-07
 Reference value :  4.76697e-07
 Reference value :  4.77257e-07
 Reference value :  4.77902e-07
 Reference value :  4.78692e-07
 Reference value :  4.79327e-07
 Reference value :  4.80012e-07
 Reference value :  4.80657e-07
 Reference value :  4.81217e-07
 Reference value :  4.81912e-07
 Reference value :  4.82537e-07
 Reference value :  4.83197e-07
 Reference value :  4.83907e-07
 Reference value :  4.84562e-07
 Reference value :  4.85262e-07
 Reference value :  4.85862e-07
 Reference value :  4.86422e-07
 Reference value :  4.87117e-07
 Reference value :  4.87787e-07
 Reference value :  4.88492e-07
 Reference value :  4.89142e-07
 Reference value :  4.89812e-07
 Reference value :  4.90532e-07
 Reference value :  4.91212e-07
 Reference value :  4.91937e-07
 Reference value :  4.92647e-07
 Reference value :  4.93342e-07
 Reference value :  4.94017e-07
 Reference value :  4.94652e-07
 Reference value :  4.95347e-07
 Reference value :  4.96002e-07
 Reference value :  4.96692e-07
 Reference value :  4.97392e-07
 Reference value :  4.98052e-07
 Reference value :  4.98882e-07
 Reference value :  4.99572e-07
 Reference value :  5.00252e-07
 Reference value :  5.00952e-07
 Reference value :  5.01632e-07
 Reference value :  5.02317e-07
 Reference value :  5.03007e-07
 Reference value :  5.03657e-07
 Reference value :  5.04342e-07
 Reference value :  5.05012e-07
 Reference value :  5.05557e-07
 Reference value :  5.06117e-07
 Reference value :  5.06797e-07
 Reference value :  5.07462e-07
 Reference value :  5.08122e-07
 Reference value :  5.08762e-07
 Reference value :  5.09472e-07
 Reference value :  5.10097e-07
 Reference value :  5.10752e-07
 Reference value :  5.11447e-07
 Reference value :  5.12072e-07
 Reference value :  5.12707e-07
 Reference value :  5.13382e-07
 Reference value :  5.14032e-07
 Reference value :  5.14687e-07
 Reference value :  5.15387e-07
 Reference value :  5.16042e-07
 Reference value :  5.16737e-07
 Reference value :  5.17377e-07
 Reference value :  5.18032e-07
 Reference value :  5.18737e-07
 Reference value :  5.19442e-07
 Reference value :  5.20062e-07
 Reference value :  5.20742e-07
 Reference value :  5.21442e-07
 Reference value :  5.22172e-07
 Reference value :  5.22847e-07
 Reference value :  5.23517e-07
 Reference value :  5.24197e-07
 Reference value :  5.24872e-07
 Reference value :  5.25567e-07
 Reference value :  5.26282e-07
 Reference value :  5.27132e-07
 Reference value :  5.27747e-07
 Reference value :  5.28382e-07
 Reference value :  5.29127e-07
 Reference value :  5.29732e-07
 Reference value :  5.30452e-07
 Reference value :  5.31182e-07
 Reference value :  5.31907e-07
 Reference value :  5.32547e-07
 Reference value :  5.33167e-07
 Reference value :  5.33917e-07
 Reference value :  5.34527e-07
 Reference value :  5.35227e-07
 Reference value :  5.35937e-07
 Reference value :  5.36647e-07
 Reference value :  5.37282e-07
 Reference value :  5.37882e-07
 Reference value :  5.38407e-07
 Reference value :  5.39042e-07
 Reference value :  5.39692e-07
 Reference value :  5.40407e-07
 Reference value :  5.41122e-07
 Reference value :  5.41832e-07
 Reference value :  5.42437e-07
 Reference value :  5.43067e-07
 Reference value :  5.43797e-07
 Reference value :  5.44507e-07
 Reference value :  5.45327e-07
 Reference value :  5.46017e-07
 Reference value :  5.46717e-07
 Reference value :  5.47307e-07
 Reference value :  5.47932e-07
 Reference value :  5.48647e-07
 Reference value :  5.49252e-07
 Reference value :  5.49992e-07
 Reference value :  5.50642e-07
 Reference value :  5.51487e-07
 Reference value :  5.52157e-07
 Reference value :  5.52832e-07
 Reference value :  5.53517e-07
 Reference value :  5.54132e-07
 Reference value :  5.54757e-07
 Reference value :  5.55497e-07
 Reference value :  5.56122e-07
 Reference value :  5.56732e-07
 Reference value :  5.57532e-07
 Reference value :  5.58182e-07
 Reference value :  5.58872e-07
 Reference value :  5.59557e-07
 Reference value :  5.60167e-07
 Reference value :  5.60832e-07
 Reference value :  5.61477e-07
 Reference value :  5.62222e-07
 Reference value :  5.62917e-07
 Reference value :  5.63592e-07
 Reference value :  5.64222e-07
 Reference value :  5.64927e-07
 Reference value :  5.65597e-07
 Reference value :  5.66197e-07
 Reference value :  5.66857e-07
 Reference value :  5.67627e-07
 Reference value :  5.68302e-07
 Reference value :  5.69037e-07
 Reference value :  5.69717e-07
 Reference value :  5.70412e-07
 Reference value :  5.71067e-07
 Reference value :  5.71617e-07
 Reference value :  5.72277e-07
 Reference value :  5.73047e-07
 Reference value :  5.73782e-07
 Reference value :  5.74482e-07
 Reference value :  5.75097e-07
 Reference value :  5.75742e-07
 Reference value :  5.76327e-07
 Reference value :  5.77087e-07
 Reference value :  5.77817e-07
 Reference value :  5.78562e-07
 Reference value :  5.79317e-07
 Reference value :  5.79957e-07
 Reference value :  5.80632e-07
 Reference value :  5.81222e-07
 Reference value :  5.81877e-07
 Reference value :  5.82532e-07
 Reference value :  5.83247e-07
 Reference value :  5.83947e-07
 Reference value :  5.84837e-07
 Reference value :  5.85667e-07
 Reference value :  5.86267e-07
 Reference value :  5.86927e-07
 Reference value :  5.87517e-07
 Reference value :  5.88147e-07
 Reference value :  5.88777e-07
 Reference value :  5.89482e-07
 Reference value :  5.90092e-07
 Reference value :  5.90627e-07
 Reference value :  5.91407e-07
 Reference value :  5.92002e-07
 Reference value :  5.92567e-07
 Reference value :  5.93337e-07
 Reference value :  5.94047e-07
 Reference value :  5.94777e-07
 Reference value :  5.95382e-07
 Reference value :  5.96037e-07
 Reference value :  5.96737e-07
 Reference value :  5.97342e-07
 Reference value :  5.98017e-07
 Reference value :  5.98727e-07
 Reference value :  5.99367e-07
 Reference value :  6.00052e-07
 Reference value :  6.00552e-07
 Reference value :  6.01253e-07
 Reference value :  6.01893e-07
 Reference value :  6.02433e-07
 Reference value :  6.03033e-07
 Reference value :  6.03723e-07
 Reference value :  6.04428e-07
 Reference value :  6.05048e-07
 Reference value :  6.05733e-07
 Reference value :  6.06388e-07
 Reference value :  6.06958e-07
 Reference value :  6.07483e-07
 Reference value :  6.08098e-07
 Reference value :  6.08813e-07
 Reference value :  6.09518e-07
 Reference value :  6.10158e-07
 Reference value :  6.10818e-07
 Reference value :  6.11403e-07
 Reference value :  6.11933e-07
 Reference value :  6.12563e-07
 Reference value :  6.13208e-07
 Reference value :  6.13918e-07
 Reference value :  6.14588e-07
 Reference value :  6.15228e-07
 Reference value :  6.15908e-07
 Reference value :  6.16483e-07
 Reference value :  6.17033e-07
 Reference value :  6.17733e-07
 Reference value :  6.18413e-07
 Reference value :  6.19073e-07
 Reference value :  6.19668e-07
 Reference value :  6.20383e-07
 Reference value :  6.21093e-07
 Reference value :  6.21678e-07
 Reference value :  6.22378e-07
 Reference value :  6.23063e-07
 Reference value :  6.23798e-07
 Reference value :  6.24443e-07
 Reference value :  6.25098e-07
 Reference value :  6.25798e-07
 Reference value :  6.26538e-07
 Reference value :  6.27063e-07
 Reference value :  6.27823e-07
 Reference value :  6.28498e-07
 Reference value :  6.29098e-07
 Reference value :  6.29793e-07
 Reference value :  6.30418e-07
 Reference value :  6.31113e-07
 Reference value :  6.31783e-07
 Reference value :  6.32463e-07
 Reference value :  6.33138e-07
 Reference value :  6.33773e-07
 Reference value :  6.34408e-07
 Reference value :  6.35108e-07
 Reference value :  6.35793e-07
 Reference value :  6.36503e-07
 Reference value :  6.37213e-07
 Reference value :  6.37893e-07
 Reference value :  6.38543e-07
 Reference value :  6.39173e-07
 Reference value :  6.39818e-07
 Reference value :  6.40433e-07
 Reference value :  6.41128e-07
 Reference value :  6.41903e-07
 Reference value :  6.42593e-07
 Reference value :  6.43213e-07
 Reference value :  6.43928e-07
 Reference value :  6.44553e-07
 Reference value :  6.45218e-07
 Reference value :  6.45953e-07
 Reference value :  6.46678e-07
 Reference value :  6.47378e-07
 Reference value :  6.48048e-07
 Reference value :  6.48758e-07
 Reference value :  6.49423e-07
 Reference value :  6.50123e-07
 Reference value :  6.50813e-07
 Reference value :  6.51558e-07
 Reference value :  6.52313e-07
 Reference value :  6.53093e-07
 Reference value :  6.53728e-07
 Reference value :  6.54453e-07
 Reference value :  6.55098e-07
 Reference value :  6.55788e-07
 Reference value :  6.56503e-07
 Reference value :  6.57178e-07
 Reference value :  6.57863e-07
 Reference value :  6.58503e-07
 Reference value :  6.59193e-07
 Reference value :  6.59838e-07
 Reference value :  6.60653e-07
 Reference value :  6.61393e-07
 Reference value :  6.62118e-07
 Reference value :  6.62768e-07
 Reference value :  6.63388e-07
 Reference value :  6.64018e-07
 Reference value :  6.64663e-07
 Reference value :  6.65263e-07
 Reference value :  6.65998e-07
 Reference value :  6.66713e-07
 Reference value :  6.67418e-07
 Reference value :  6.68078e-07
 Reference value :  6.68743e-07
 Reference value :  6.69448e-07
 Reference value :  6.70078e-07
 Reference value :  6.70653e-07
 Reference value :  6.71303e-07
 Reference value :  6.71953e-07
 Reference value :  6.72628e-07
 Reference value :  6.73268e-07
 Reference value :  6.73883e-07
 Reference value :  6.74468e-07
 Reference value :  6.75158e-07
 Reference value :  6.75918e-07
 Reference value :  6.76583e-07
 Reference value :  6.77273e-07
 Reference value :  6.77883e-07
 Reference value :  6.78523e-07
 Reference value :  6.79183e-07
 Reference value :  6.79818e-07
 Reference value :  6.80513e-07
 Reference value :  6.81188e-07
 Reference value :  6.81908e-07
 Reference value :  6.82593e-07
 Reference value :  6.83253e-07
 Reference value :  6.83883e-07
 Reference value :  6.84523e-07
 Reference value :  6.85183e-07
 Reference value :  6.85878e-07
 Reference value :  6.86563e-07
 Reference value :  6.87198e-07
 Reference value :  6.87913e-07
 Reference value :  6.88598e-07
 Reference value :  6.89243e-07
 Reference value :  6.89943e-07
 Reference value :  6.90633e-07
 Reference value :  6.91328e-07
 Reference value :  6.91958e-07
 Reference value :  6.92683e-07
 Reference value :  6.93378e-07
 Reference value :  6.94068e-07
 Reference value :  6.94753e-07
 Reference value :  6.95448e-07
 Reference value :  6.96188e-07
 Reference value :  6.96823e-07
 Reference value :  6.97513e-07
 Reference value :  6.98268e-07
 Reference value :  6.99018e-07
 Reference value :  6.99718e-07
 Reference value :  7.00368e-07
 Reference value :  7.00923e-07
 Reference value :  7.01488e-07
 Reference value :  7.02018e-07
 Reference value :  7.02698e-07
 Reference value :  7.03388e-07
 Reference value :  7.04228e-07
 Reference value :  7.04858e-07
 Reference value :  7.05418e-07
 Reference value :  7.06038e-07
 Reference value :  7.06578e-07
 Reference value :  7.07123e-07
 Reference value :  7.07743e-07
 Reference value :  7.08358e-07
 Reference value :  7.09038e-07
 Reference value :  7.09743e-07
 Reference value :  7.10353e-07
 Reference value :  7.10843e-07
 Reference value :  7.11433e-07
 Reference value :  7.12063e-07
 Reference value :  7.12728e-07
 Reference value :  7.13293e-07
 Reference value :  7.13893e-07
 Reference value :  7.14568e-07
 Reference value :  7.15223e-07
 Reference value :  7.15773e-07
 Reference value :  7.16383e-07
 Reference value :  7.17023e-07
 Reference value :  7.17638e-07
 Reference value :  7.18298e-07
 Reference value :  7.18928e-07
 Reference value :  7.19623e-07
 Reference value :  7.20318e-07
 Reference value :  7.20878e-07
 Reference value :  7.21408e-07
 Reference value :  7.22078e-07
 Reference value :  7.22683e-07
 Reference value :  7.23178e-07
 Reference value :  7.23813e-07
 Reference value :  7.24513e-07
 Reference value :  7.25203e-07
 Reference value :  7.25783e-07
 Reference value :  7.26378e-07
 Reference value :  7.27058e-07
 Reference value :  7.27628e-07
 Reference value :  7.28268e-07
 Reference value :  7.28948e-07
 Reference value :  7.29598e-07
 Reference value :  7.30293e-07
 Reference value :  7.30803e-07
 Reference value :  7.31378e-07
 Reference value :  7.32053e-07
 Reference value :  7.32598e-07
 Reference value :  7.33108e-07
 Reference value :  7.33738e-07
 Reference value :  7.34423e-07
 Reference value :  7.35078e-07
 Reference value :  7.35753e-07
 Reference value :  7.36418e-07
 Reference value :  7.37038e-07
 Reference value :  7.37573e-07
 Reference value :  7.38103e-07
 Reference value :  7.38723e-07
 Reference value :  7.39408e-07
 Reference value :  7.40068e-07
 Reference value :  7.40643e-07
 Reference value :  7.41288e-07
 Reference value :  7.41898e-07
 Reference value :  7.42568e-07
 Reference value :  7.43213e-07
 Reference value :  7.43853e-07
 Reference value :  7.44538e-07
 Reference value :  7.45208e-07
 Reference value :  7.45803e-07
 Reference value :  7.46443e-07
 Reference value :  7.47043e-07
 Reference value :  7.48073e-07
 Reference value :  7.48868e-07
 Reference value :  7.49618e-07
 Reference value :  7.50403e-07
 Reference value :  7.51203e-07
 Reference value :  7.51918e-07
 Reference value :  7.52893e-07
 Reference value :  7.53618e-07
 Reference value :  7.54293e-07
 Reference value :  7.54863e-07
 Reference value :  7.55378e-07
 Reference value :  7.56038e-07
 Reference value :  7.56658e-07
 Reference value :  7.57353e-07
 Reference value :  7.58033e-07
 Reference value :  7.58698e-07
 Reference value :  7.59338e-07
 Reference value :  7.60008e-07
 Reference value :  7.60613e-07
 Reference value :  7.61283e-07
 Reference value :  7.61993e-07
 Reference value :  7.62528e-07
 Reference value :  7.63218e-07
 Reference value :  7.63853e-07
 Reference value :  7.64433e-07
 Reference value :  7.65088e-07
 Reference value :  7.65708e-07
 Reference value :  7.66353e-07
 Reference value :  7.67003e-07
 Reference value :  7.67653e-07
 Reference value :  7.68328e-07
 Reference value :  7.68958e-07
 Reference value :  7.69548e-07
 Reference value :  7.70123e-07
 Reference value :  7.70733e-07
 Reference value :  7.71373e-07
 Reference value :  7.72088e-07
 Reference value :  7.72723e-07
 Reference value :  7.73373e-07
 Reference value :  7.74013e-07
 Reference value :  7.74638e-07
 Reference value :  7.75298e-07
 Reference value :  7.75933e-07
 Reference value :  7.76588e-07
 Reference value :  7.77283e-07
 Reference value :  7.77923e-07
 Reference value :  7.78518e-07
 Reference value :  7.79213e-07
 Reference value :  7.79838e-07
 Reference value :  7.80488e-07
 Reference value :  7.81183e-07
 Reference value :  7.81853e-07
 Reference value :  7.82553e-07
 Reference value :  7.83223e-07
 Reference value :  7.83868e-07
 Reference value :  7.84543e-07
 Reference value :  7.85148e-07
 Reference value :  7.85803e-07
 Reference value :  7.86528e-07
 Reference value :  7.87243e-07
 Reference value :  7.88028e-07
 Reference value :  7.88643e-07
 Reference value :  7.89273e-07
 Reference value :  7.89958e-07
 Reference value :  7.90543e-07
 Reference value :  7.91188e-07
 Reference value :  7.91823e-07
 Reference value :  7.92498e-07
 Reference value :  7.93138e-07
 Reference value :  7.93738e-07
 Reference value :  7.94398e-07
 Reference value :  7.94993e-07
 Reference value :  7.95568e-07
 Reference value :  7.96233e-07
 Reference value :  7.96938e-07
 Reference value :  7.97648e-07
 Reference value :  7.98223e-07
 Reference value :  7.98813e-07
 Reference value :  7.99478e-07
No. of Data Rows : 160024
pt1a                =  2.19234e-08
pt1b                =  1.39034e-07
pt2a                =  2.13651e-08
pt2b                =  1.34526e-07
pt3a                =  2.10205e-08
pt3b                =  1.30987e-07
pt4a                =  2.05771e-08
pt4b                =  1.27191e-07
pvxo_max            =  1.70941e+00 at=  7.87083e-07
pvxo_min            =  -6.64488e-02 at=  5.64642e-07
ptxo_a              =  2.94057e-08
ptxo_b              =  2.26808e-07
ptt1a               =  3.33004e-08
ptt1b               =  3.72720e-07
pvxo_avg            =  6.36016e-01 from=  1.00000e-07 to=  8.00000e-07
pvt1_avg            =  7.22273e-01 from=  1.00000e-07 to=  8.00000e-07
pi1                 =  -4.47609e-06 from=  1.00000e-07 to=  8.00000e-07
pi2                 =  -4.62785e-06 from=  1.00000e-07 to=  8.00000e-07
pi3                 =  -4.77198e-06 from=  1.00000e-07 to=  8.00000e-07
pi4                 =  -4.91204e-06 from=  1.00000e-07 to=  8.00000e-07
pib                 =  -3.34276e-05 from=  1.00000e-07 to=  8.00000e-07
t1a                 =  1.84543e-08
t1b                 =  7.27254e-08
t2a                 =  1.79565e-08
t2b                 =  7.01188e-08
t3a                 =  1.74625e-08
t3b                 =  6.76502e-08
t4a                 =  1.70165e-08
t4b                 =  6.53251e-08
vxo_max             =  1.79975e+00 at=  3.23827e-07
vxo_min             =  -2.02095e-01 at=  1.81348e-07
txo_a               =  1.63297e-08
txo_b               =  1.06869e-07
tt1a                =  1.29877e-08
tt1b                =  1.62196e-07
vxo_avg             =  6.72431e-01 from=  1.00000e-07 to=  8.00000e-07
vt1_avg             =  7.23569e-01 from=  1.00000e-07 to=  8.00000e-07
i1                  =  -5.00893e-06 from=  1.00000e-07 to=  8.00000e-07
i2                  =  -5.19390e-06 from=  1.00000e-07 to=  8.00000e-07
i3                  =  -5.38070e-06 from=  1.00000e-07 to=  8.00000e-07
i4                  =  -5.57187e-06 from=  1.00000e-07 to=  8.00000e-07
ib                  =  -2.93766e-05 from=  1.00000e-07 to=  8.00000e-07
p_tr1 = 1.171105e-08
p_tr2 = 1.131605e-08
p_tr3 = 1.099663e-08
p_tr4 = 1.066142e-08
p_skew_span = 1.098452e+00
p_f_ideal = 3.584926e+08
p_f_xo = 2.431581e+08
p_edge_retention = 6.782792e-01
p_retention_n2 = 8.138721e-01
p_retention_n4 = 6.782792e-01
p_bias_t1 = 4.458478e-01
p_bias_xo = 3.926025e-01
p_swing_frac_xo = 1.096208e+00
p_i_rings = 1.878796e-05
p_i_block = 3.342762e-05
p_i_array_total = 5.221558e-05
p_p_array_total = 8.458924e-05
tr1 = 5.427104e-09
tr2 = 5.216234e-09
tr3 = 5.018778e-09
tr4 = 4.830860e-09
skew_span = 1.123424e+00
f_ideal = 7.822237e+08
f_xo = 5.301554e+08
edge_retention = 6.777542e-01
retention_n2 = 8.556480e-01
retention_n4 = 6.777542e-01
bias_t1 = 4.466478e-01
bias_xo = 4.150807e-01
swing_frac_xo = 1.235709e+00
i_rings = 2.115540e-05
i_block = 2.937661e-05
i_array_total = 5.053201e-05
p_array_total_pre = 8.186185e-05
slowdown_r1 = 2.157882e+00
slowdown_r2 = 2.169391e+00
slowdown_r3 = 2.191098e+00
slowdown_r4 = 2.206940e+00
Note: Simulation executed from .control section 

----- stderr -----

Checking parameters for BSIM 4.5 model xctl.xa3.xmnib:nshort_model.48
Warning: Eta0 = -0.0286127 is negative.

Checking parameters for BSIM 4.5 model xctl.xa3.xmnia:nshort_model.48
Warning: Eta0 = -0.0286127 is negative.

Checking parameters for BSIM 4.5 model xctl.xa2.xmnib:nshort_model.48
Warning: Eta0 = -0.0286127 is negative.

Checking parameters for BSIM 4.5 model xctl.xa2.xmnia:nshort_model.48
Warning: Eta0 = -0.0286127 is negative.

Checking parameters for BSIM 4.5 model xctl.xa1.xmnib:nshort_model.48
Warning: Eta0 = -0.0286127 is negative.

Checking parameters for BSIM 4.5 model xctl.xa1.xmnia:nshort_model.48
Warning: Eta0 = -0.0286127 is negative.

Checking parameters for BSIM 4.5 model xctl.xb4.xmn:nshort_model.48
Warning: Eta0 = -0.0286127 is negative.

Checking parameters for BSIM 4.5 model xctl.xb3.xmn:nshort_model.48
Warning: Eta0 = -0.0286127 is negative.

Checking parameters for BSIM 4.5 model xctl.xb2.xmn:nshort_model.48
Warning: Eta0 = -0.0286127 is negative.

Checking parameters for BSIM 4.5 model xctl.xb1.xmn:nshort_model.48
Warning: Eta0 = -0.0286127 is negative.

Checking parameters for BSIM 4.5 model xctl.xr4.x4.xmn:nshort_model.48
Warning: Eta0 = -0.0286127 is negative.

Checking parameters for BSIM 4.5 model xctl.xr4.x4.xmph:pshort_model.44
Warning: Eta0 = -0.00221468 is negative.

Checking parameters for BSIM 4.5 model xctl.xr4.x3.xmn:nshort_model.48
Warning: Eta0 = -0.0286127 is negative.

Checking parameters for BSIM 4.5 model xctl.xr4.x3.xmph:pshort_model.44
Warning: Eta0 = -0.00221468 is negative.

Checking parameters for BSIM 4.5 model xctl.xr4.x2.xmn:nshort_model.48
Warning: Eta0 = -0.0286127 is negative.

Checking parameters for BSIM 4.5 model xctl.xr4.x2.xmph:pshort_model.44
Warning: Eta0 = -0.00221468 is negative.

Checking parameters for BSIM 4.5 model xctl.xr4.x1.xmn:nshort_model.48
Warning: Eta0 = -0.0286127 is negative.

Checking parameters for BSIM 4.5 model xctl.xr4.x1.xmph:pshort_model.44
Warning: Eta0 = -0.00221468 is negative.

Checking parameters for BSIM 4.5 model xctl.xr4.xg.xmph:pshort_model.44
Warning: Eta0 = -0.00221468 is negative.

Checking parameters for BSIM 4.5 model xctl.xr3.x4.xmn:nshort_model.48
Warning: Eta0 = -0.0286127 is negative.

Checking parameters for BSIM 4.5 model xctl.xr3.x4.xmph:pshort_model.44
Warning: Eta0 = -0.00221468 is negative.

Checking parameters for BSIM 4.5 model xctl.xr3.x3.xmn:nshort_model.48
Warning: Eta0 = -0.0286127 is negative.

Checking parameters for BSIM 4.5 model xctl.xr3.x3.xmph:pshort_model.44
Warning: Eta0 = -0.00221468 is negative.

Checking parameters for BSIM 4.5 model xctl.xr3.x2.xmn:nshort_model.48
Warning: Eta0 = -0.0286127 is negative.

Checking parameters for BSIM 4.5 model xctl.xr3.x2.xmph:pshort_model.44
Warning: Eta0 = -0.00221468 is negative.

Checking parameters for BSIM 4.5 model xctl.xr3.x1.xmn:nshort_model.48
Warning: Eta0 = -0.0286127 is negative.

Checking parameters for BSIM 4.5 model xctl.xr3.x1.xmph:pshort_model.44
Warning: Eta0 = -0.00221468 is negative.

Checking parameters for BSIM 4.5 model xctl.xr3.xg.xmph:pshort_model.44
Warning: Eta0 = -0.00221468 is negative.

Checking parameters for BSIM 4.5 model xctl.xr2.x4.xmn:nshort_model.48
Warning: Eta0 = -0.0286127 is negative.

Checking parameters for BSIM 4.5 model xctl.xr2.x4.xmph:pshort_model.44
Warning: Eta0 = -0.00221468 is negative.

Checking parameters for BSIM 4.5 model xctl.xr2.x3.xmn:nshort_model.48
Warning: Eta0 = -0.0286127 is negative.

Checking parameters for BSIM 4.5 model xctl.xr2.x3.xmph:pshort_model.44
Warning: Eta0 = -0.00221468 is negative.

Checking parameters for BSIM 4.5 model xctl.xr2.x2.xmn:nshort_model.48
Warning: Eta0 = -0.0286127 is negative.

Checking parameters for BSIM 4.5 model xctl.xr2.x2.xmph:pshort_model.44
Warning: Eta0 = -0.00221468 is negative.

Checking parameters for BSIM 4.5 model xctl.xr2.x1.xmn:nshort_model.48
Warning: Eta0 = -0.0286127 is negative.

Checking parameters for BSIM 4.5 model xctl.xr2.x1.xmph:pshort_model.44
Warning: Eta0 = -0.00221468 is negative.

Checking parameters for BSIM 4.5 model xctl.xr2.xg.xmph:pshort_model.44
Warning: Eta0 = -0.00221468 is negative.

Checking parameters for BSIM 4.5 model xctl.xr1.x4.xmn:nshort_model.48
Warning: Eta0 = -0.0286127 is negative.

Checking parameters for BSIM 4.5 model xctl.xr1.x4.xmph:pshort_model.44
Warning: Eta0 = -0.00221468 is negative.

Checking parameters for BSIM 4.5 model xctl.xr1.x3.xmn:nshort_model.48
Warning: Eta0 = -0.0286127 is negative.

Checking parameters for BSIM 4.5 model xctl.xr1.x3.xmph:pshort_model.44
Warning: Eta0 = -0.00221468 is negative.

Checking parameters for BSIM 4.5 model xctl.xr1.x2.xmn:nshort_model.48
Warning: Eta0 = -0.0286127 is negative.

Checking parameters for BSIM 4.5 model xctl.xr1.x2.xmph:pshort_model.44
Warning: Eta0 = -0.00221468 is negative.

Checking parameters for BSIM 4.5 model xctl.xr1.x1.xmn:nshort_model.48
Warning: Eta0 = -0.0286127 is negative.

Checking parameters for BSIM 4.5 model xctl.xr1.x1.xmph:pshort_model.44
Warning: Eta0 = -0.00221468 is negative.

Checking parameters for BSIM 4.5 model xctl.xr1.xg.xmph:pshort_model.44
Warning: Eta0 = -0.00221468 is negative.

Checking parameters for BSIM 4.5 model xarr.xpex.xn66:nshort_model.48
Warning: Eta0 = -0.0286127 is negative.

Checking parameters for BSIM 4.5 model xarr.xpex.xn61:nshort_model.48
Warning: Eta0 = -0.0286127 is negative.

Checking parameters for BSIM 4.5 model xarr.xpex.xn60:nshort_model.48
Warning: Eta0 = -0.0286127 is negative.

Checking parameters for BSIM 4.5 model xarr.xpex.xn55:nshort_model.48
Warning: Eta0 = -0.0286127 is negative.

Checking parameters for BSIM 4.5 model xarr.xpex.xn54:nshort_model.48
Warning: Eta0 = -0.0286127 is negative.

Checking parameters for BSIM 4.5 model xarr.xpex.xn49:nshort_model.48
Warning: Eta0 = -0.0286127 is negative.

Checking parameters for BSIM 4.5 model xarr.xpex.xn48:nshort_model.48
Warning: Eta0 = -0.0286127 is negative.

Checking parameters for BSIM 4.5 model xarr.xpex.xn47:nshort_model.48
Warning: Eta0 = -0.0286127 is negative.

Checking parameters for BSIM 4.5 model xarr.xpex.xn46:nshort_model.48
Warning: Eta0 = -0.0286127 is negative.

Checking parameters for BSIM 4.5 model xarr.xpex.xn45:nshort_model.48
Warning: Eta0 = -0.0286127 is negative.

Checking parameters for BSIM 4.5 model xarr.xpex.xn44:nshort_model.48
Warning: Eta0 = -0.0286127 is negative.

Checking parameters for BSIM 4.5 model xarr.xpex.xn43:nshort_model.48
Warning: Eta0 = -0.0286127 is negative.

Checking parameters for BSIM 4.5 model xarr.xpex.xn42:nshort_model.48
Warning: Eta0 = -0.0286127 is negative.

Checking parameters for BSIM 4.5 model xarr.xpex.xn41:nshort_model.48
Warning: Eta0 = -0.0286127 is negative.

Checking parameters for BSIM 4.5 model xarr.xpex.xn40:nshort_model.48
Warning: Eta0 = -0.0286127 is negative.

Checking parameters for BSIM 4.5 model xarr.xpex.xn39:nshort_model.48
Warning: Eta0 = -0.0286127 is negative.

Checking parameters for BSIM 4.5 model xarr.xpex.xn38:nshort_model.48
Warning: Eta0 = -0.0286127 is negative.

Checking parameters for BSIM 4.5 model xarr.xpex.xn37:nshort_model.48
Warning: Eta0 = -0.0286127 is negative.

Checking parameters for BSIM 4.5 model xarr.xpex.xn35:nshort_model.48
Warning: Eta0 = -0.0286127 is negative.

Checking parameters for BSIM 4.5 model xarr.xpex.xn33:nshort_model.48
Warning: Eta0 = -0.0286127 is negative.

Checking parameters for BSIM 4.5 model xarr.xpex.xn31:nshort_model.48
Warning: Eta0 = -0.0286127 is negative.

Checking parameters for BSIM 4.5 model xarr.xpex.xn28:nshort_model.48
Warning: Eta0 = -0.0286127 is negative.

Checking parameters for BSIM 4.5 model xarr.xpex.xn27:nshort_model.48
Warning: Eta0 = -0.0286127 is negative.

Checking parameters for BSIM 4.5 model xarr.xpex.xn25:nshort_model.48
Warning: Eta0 = -0.0286127 is negative.

Checking parameters for BSIM 4.5 model xarr.xpex.xn23:nshort_model.48
Warning: Eta0 = -0.0286127 is negative.

Checking parameters for BSIM 4.5 model xarr.xpex.xn21:nshort_model.48
Warning: Eta0 = -0.0286127 is negative.

