|* ro_ring5 transient-noise jitter accumulation -- issue #10 flagship config
|*
|* Purpose: issue #10 acceptance criterion 2. Measures period T0 (`tbar`)
|* and jitter accumulation sigma_1/sigma_2/sigma_4/sigma_8 (`sigma_N`) for
|* design/ro_ring5.spice's 5-stage starved ring (1 ro_nand2 enable/stop
|* stage + 4 ro_stage delay cells -- design/README.md's "the cheap
|* transient-noise vehicle for the jitter characterization", explicitly
|* named in design/xschem/ for exactly this purpose), across the sky130
|* PVT grid.
|*
|* This is the campaign's FULL 27-point-grid flagship configuration (the
|* full {tt,ss,ff} x {-40,27,125 degC} x {nominal +/-10% supply} grid, per
|* spec/porting-plan.md Sec 3.1/DR-0006-style reduced-grid convention).
|* design/ro_ring11.sch (the actual 11-stage array ring) is the more
|* expensive config and is only run at the 3 PVT headline points -- see
|* tb_ro_ring11_jitter.spice's own header for why, and this ring's own
|* wall-clock-cost re-measurement below.
|*
|* Method (adapted from gf180-trng's sim/tb/ro-inv-05stage-jitter/, cited by
|* spec/porting-plan.md Sec 3.2 as "device-physics testbenches (re-run on
|* sky130 devices, not ported as evidence)"): ngspice's own .tran analysis
|* does not include intrinsic BSIM4 device noise (this is a general ngspice
|* architecture fact, not a PDK-specific one -- confirmed against this
|* checkout's own ngspice build during this campaign's development: a
|* purely deterministic .tran of this same ring, no injected sources at
|* all, converges to a bit-exact repeating period with zero run-to-run
|* seed sensitivity). So every stage's input carries an explicit trnoise()
|* voltage source, in series, exactly mirroring gf180-trng's per-stage
|* injection topology (ro -> gA -> nand2 -> n1 -> gB -> stage1 -> n2 -> ...
|* -> n4 -> gE -> stage4 -> ro).
|*
|* trnoise() calibration: NA=2.0e-3 (V rms), NT=2e-10 (s) -> one-sided
|* injected PSD S_inj = 2*NA^2*NT = 1.6e-15 V^2/Hz (4.0e-08 V/sqrt(Hz)),
|* anchored to sim/ro-stage-noise-mechanism-check/records/
|* 20260825-022446-d58d709.md's own measured onoise_spectrum density near
|* 1 GHz (~4.0e-08 V/sqrt(Hz) at tt, the closest sampled frequency to this
|* ring's own oscillation band) -- the same "anchor the fixed injection
|* level to the device's own measured near-oscillation-band noise density"
|* method gf180-trng's characterization-ro-delay-cell-jitter.md documents
|* (see its "Device .noise cross-check" section), simplified here to a
|* single anchor point rather than a full new per-corner device-.noise
|* sweep (out of this issue's budget -- see this record's caveats).
|* NT=2e-10 gives an implied noise bandwidth (~1/(2*NT) = 2.5 GHz) safely
|* above every oscillation frequency measured in this campaign's own grid.
|* CAVEAT: this is a single fixed injection level, not re-measured per
|* corner -- treat every sigma_N figure below as good to a factor of
|* roughly 1.5-2x, per gf180-trng's own precedent for the same method
|* (its characterization-ro-delay-cell-jitter.md's "Safe to size against"
|* item 5).
|*
|* Wall-clock cost, re-measured for sky130 (spec/porting-plan.md Sec 2.2
|* explicitly asks for this re-measurement rather than assuming gf180-trng's
|* own ~130-150s/run figure ports). Measured on this campaign's development
|* machine (8-core x86-64, ngspice-46, sky130A c6d73a35):
|*
|*   - ~1.9 s of wall clock per simulated ns for this 5-stage ring at
|*     `.tran 5p`, i.e. ~215 s per corner point at this deck's 115 ns tstop.
|*   - That cost is set by the transient step count, NOT by trnoise(): the
|*     same ring, same tstop, same max step, with the trnoise() sources
|*     replaced by plain `dc 0` sources, measured within a few percent of
|*     the same wall clock. (An earlier draft of this header asserted a
|*     ~475x trnoise penalty at NT=1e-11; that figure did not survive
|*     re-measurement at NT=2e-10 and has been struck.)
|*   - ro_ring11 is ~2.2x the devices AND ~2.2x the period, so it costs
|*     ~5x per measured period. That is why THIS ring, not ro_ring11, is
|*     the full-27-point-grid flagship and ro_ring11 runs only the 3
|*     headline points -- exactly the DR-0006 cost/coverage trade-off,
|*     re-measured on sky130 rather than inherited.
|*
|* tstop = 115 ns is sized from a deterministic (noise-free) period probe
|* run over the grid's extremes before this deck was fixed: the slowest
|* corner measured is 4.82 ns/period (ss / -40 degC / 1.62 V; the low-supply
|* edge dominates -- ss/1.98 V runs 2.02 ns/period, a 2.4x supply swing,
|* while -40 -> +125 degC at fixed supply moves it under 2%). 21 rising
|* crossings therefore need <= 5 + 20 x 4.82 = 101 ns, and 115 ns carries
|* the margin. A single uniform tstop across all 27 points (rather than a
|* per-corner one) keeps every record's measurement window identical.
|*
|* 20 periods measured (21 rising crossings, rise=2..22; the first rising
|* edge is discarded as `.ic` startup transient, per gf180-trng's own
|* convention), NOT gf180-trng's 128 -- a budget-driven reduction, made
|* deliberately per spec/porting-plan.md Sec 2.2's prompt to re-measure
|* DR-0006's cost/coverage trade-off rather than copy it: 128 periods at
|* this ring's worst-corner 4.82 ns period would need a ~620 ns tstop, ~20
|* min per corner point, ~9 h for the 27-point grid alone. CAVEAT: with 20
|* period samples the sigma_1 estimator itself carries ~16% (1-sigma)
|* statistical error, hence ~32% on sigma_1^2 and therefore on Q -- that is
|* the resolution floor for any corner-to-corner Q comparison read off this
|* grid, and the reduction in sim/ro-array-sizing/ states it as such.
|* sigma_1/sigma_2/sigma_4/sigma_8 only (no sigma_16/sigma_32 --
|* gf180-trng's own accumulated-jitter figures at N>=16 were themselves
|* flagged as "not yet resolvable trends" even at their much larger
|* period/seed count). CAVEAT: single seed per PVT point (gf180-trng used
|* >=4) -- seed-to-seed spread is NOT characterized by this campaign; a
|* documented gap, not a silent omission. The seed is deliberately held
|* CONSTANT across every point of the grid (common random numbers), so
|* corner-to-corner Q differences are not additionally confounded by
|* seed-to-seed variation.
|*
|* This file is a TEMPLATE: sim/bin/corner-run.py substitutes /home/ubuntu/.volare/volare/sky130/versions/c6d73a35f524070e85faff4a6a9eef49553ebc2b/sky130A/libs.tech/combined/sky130.lib.spice,
|* ss (process axis), /home/ubuntu/GitHub/sky130-trng/.loom/worktrees/issue-10/design/ro_ring5.spice (unused by this file -- the ring
|* is built in place from ro_nand2/ro_stage, both defined by
|* design/ro_ring5.spice, which /home/ubuntu/GitHub/sky130-trng/.loom/worktrees/issue-10/design/ro_ring5.spice still names, so --ro-ring5's
|* default is exactly the file this deck needs .include'd), 27.0/1.8
|* (the other two PVT axes) and 1 (this run's `.option seed=`). As
|* committed here this is not a runnable deck.
|
|.option scale=1u
|.lib "/home/ubuntu/.volare/volare/sky130/versions/c6d73a35f524070e85faff4a6a9eef49553ebc2b/sky130A/libs.tech/combined/sky130.lib.spice" ss
|
|.include "/home/ubuntu/GitHub/sky130-trng/.loom/worktrees/issue-10/design/ro_ring5.spice"
|
|.temp 27.0
|.option seed=1
|
|Vddr vddr 0 dc 1.8
|Ven en 0 dc 1.8
|
|xg gA en n1 vddr 0 ro_nand2
|VnA gA ro dc 0 trnoise(2.0e-3 2e-10 0 0)
|x1 gB n2 vddr 0 ro_stage
|VnB gB n1 dc 0 trnoise(2.0e-3 2e-10 0 0)
|x2 gC n3 vddr 0 ro_stage
|VnC gC n2 dc 0 trnoise(2.0e-3 2e-10 0 0)
|x3 gD n4 vddr 0 ro_stage
|VnD gD n3 dc 0 trnoise(2.0e-3 2e-10 0 0)
|x4 gE ro vddr 0 ro_stage
|VnE gE n4 dc 0 trnoise(2.0e-3 2e-10 0 0)
|
|.ic v(ro)=0 v(n1)=1.8 v(n2)=0 v(n3)=1.8 v(n4)=0
|
|.tran 20p 115n uic
|
|.control
|run
|meas tran vmax_ss MAX v(ro) from=20n to=115n
|meas tran vmin_ss MIN v(ro) from=20n to=115n
|let swing_frac = (vmax_ss - vmin_ss) / 1.8
|let k = 2
|let tc = vector(21)
|while k <= 22
|  meas tran tk when v(ro)=0.5*1.8 rise=$&k
|  let tc[k-2] = tk
|  let k = k + 1
|end
|let tbar = (tc[20] - tc[0])/20
|let r1 = (tc[1,20] - tc[0,19]) - 1*tbar
|let r2 = (tc[2,20] - tc[0,18]) - 2*tbar
|let r4 = (tc[4,20] - tc[0,16]) - 4*tbar
|let r8 = (tc[8,20] - tc[0,12]) - 8*tbar
|let sigma_1 = sqrt(mean(r1*r1)/(1 - 1/20))
|let sigma_2 = sqrt(mean(r2*r2)/(1 - 2/20))
|let sigma_4 = sqrt(mean(r4*r4)/(1 - 4/20))
|let sigma_8 = sqrt(mean(r8*r8)/(1 - 8/20))
|print vmax_ss
|print vmin_ss
|print swing_frac
|print tbar
|print sigma_1
|print sigma_2
|print sigma_4
|print sigma_8
|.endc
|.end
|

----- stdout -----

Note: No compatibility mode selected!


Circuit: * ro_ring5 transient-noise jitter accumulation -- issue #10 flagship config

Doing analysis at TEMP = 27.000000 and TNOM = 27.000000

Using SPARSE 1.3 as Direct Linear Solver
Operating point simulation skipped by 'uic',
  now using transient initial conditions.
 Reference value :  2.00000e-13
 Reference value :  2.24324e-13
 Reference value :  3.70270e-13
 Reference value :  8.16380e-13
 Reference value :  2.32547e-12
 Reference value :  1.09989e-11
 Reference value :  2.00000e-11
 Reference value :  2.63008e-11
 Reference value :  4.79034e-11
 Reference value :  8.79034e-11
 Reference value :  1.27903e-10
 Reference value :  1.83952e-10
 Reference value :  2.06000e-10
 Reference value :  2.50000e-10
 Reference value :  2.90000e-10
 Reference value :  3.50000e-10
 Reference value :  4.00000e-10
 Reference value :  4.14000e-10
 Reference value :  4.70000e-10
 Reference value :  5.30000e-10
 Reference value :  5.85000e-10
 Reference value :  6.06000e-10
 Reference value :  6.50000e-10
 Reference value :  7.10000e-10
 Reference value :  7.70000e-10
 Reference value :  8.02000e-10
 Reference value :  8.50000e-10
 Reference value :  9.10000e-10
 Reference value :  9.85000e-10
 Reference value :  1.03000e-09
 Reference value :  1.09000e-09
 Reference value :  1.17000e-09
 Reference value :  1.20600e-09
 Reference value :  1.25000e-09
 Reference value :  1.33000e-09
 Reference value :  1.37000e-09
 Reference value :  1.40200e-09
 Reference value :  1.45000e-09
 Reference value :  1.51000e-09
 Reference value :  1.58500e-09
 Reference value :  1.61400e-09
 Reference value :  1.67000e-09
 Reference value :  1.73000e-09
 Reference value :  1.80200e-09
 Reference value :  1.85000e-09
 Reference value :  1.91000e-09
 Reference value :  1.97000e-09
 Reference value :  2.00200e-09
 Reference value :  2.05000e-09
 Reference value :  2.09000e-09
 Reference value :  2.17000e-09
 Reference value :  2.20200e-09
 Reference value :  2.25000e-09
 Reference value :  2.31000e-09
 Reference value :  2.35000e-09
 Reference value :  2.40000e-09
 Reference value :  2.45000e-09
 Reference value :  2.51000e-09
 Reference value :  2.57000e-09
 Reference value :  2.60200e-09
 Reference value :  2.63000e-09
 Reference value :  2.67000e-09
 Reference value :  2.71000e-09
 Reference value :  2.75000e-09
 Reference value :  2.80000e-09
 Reference value :  2.81400e-09
 Reference value :  2.89000e-09
 Reference value :  2.95000e-09
 Reference value :  3.00000e-09
 Reference value :  3.03000e-09
 Reference value :  3.09000e-09
 Reference value :  3.17000e-09
 Reference value :  3.20600e-09
 Reference value :  3.25000e-09
 Reference value :  3.29000e-09
 Reference value :  3.33000e-09
 Reference value :  3.38500e-09
 Reference value :  3.40600e-09
 Reference value :  3.45000e-09
 Reference value :  3.51000e-09
 Reference value :  3.58500e-09
 Reference value :  3.61400e-09
 Reference value :  3.67000e-09
 Reference value :  3.71000e-09
 Reference value :  3.78500e-09
 Reference value :  3.80600e-09
 Reference value :  3.85000e-09
 Reference value :  3.89000e-09
 Reference value :  3.95000e-09
 Reference value :  3.98500e-09
 Reference value :  4.01400e-09
 Reference value :  4.09000e-09
 Reference value :  4.17000e-09
 Reference value :  4.20000e-09
 Reference value :  4.21400e-09
 Reference value :  4.27000e-09
 Reference value :  4.33000e-09
 Reference value :  4.38500e-09
 Reference value :  4.40600e-09
 Reference value :  4.45000e-09
 Reference value :  4.49000e-09
 Reference value :  4.55000e-09
 Reference value :  4.60000e-09
 Reference value :  4.63000e-09
 Reference value :  4.69000e-09
 Reference value :  4.75000e-09
 Reference value :  4.80000e-09
 Reference value :  4.81400e-09
 Reference value :  4.87000e-09
 Reference value :  4.93000e-09
 Reference value :  4.97000e-09
 Reference value :  5.00000e-09
 Reference value :  5.01400e-09
 Reference value :  5.07000e-09
 Reference value :  5.11000e-09
 Reference value :  5.17000e-09
 Reference value :  5.20200e-09
 Reference value :  5.25000e-09
 Reference value :  5.31000e-09
 Reference value :  5.37000e-09
 Reference value :  5.40200e-09
 Reference value :  5.43000e-09
 Reference value :  5.49000e-09
 Reference value :  5.55000e-09
 Reference value :  5.58500e-09
 Reference value :  5.60600e-09
 Reference value :  5.65000e-09
 Reference value :  5.71000e-09
 Reference value :  5.77000e-09
 Reference value :  5.80200e-09
 Reference value :  5.83000e-09
 Reference value :  5.89000e-09
 Reference value :  5.95000e-09
 Reference value :  6.00000e-09
 Reference value :  6.01400e-09
 Reference value :  6.07000e-09
 Reference value :  6.13000e-09
 Reference value :  6.18500e-09
 Reference value :  6.20600e-09
 Reference value :  6.25000e-09
 Reference value :  6.31000e-09
 Reference value :  6.37000e-09
 Reference value :  6.40200e-09
 Reference value :  6.43000e-09
 Reference value :  6.49000e-09
 Reference value :  6.55000e-09
 Reference value :  6.60200e-09
 Reference value :  6.65000e-09
 Reference value :  6.71000e-09
 Reference value :  6.77000e-09
 Reference value :  6.80200e-09
 Reference value :  6.85000e-09
 Reference value :  6.91000e-09
 Reference value :  6.97000e-09
 Reference value :  7.00000e-09
 Reference value :  7.03000e-09
 Reference value :  7.09000e-09
 Reference value :  7.15000e-09
 Reference value :  7.20000e-09
 Reference value :  7.21400e-09
 Reference value :  7.27000e-09
 Reference value :  7.33000e-09
 Reference value :  7.40000e-09
 Reference value :  7.41400e-09
 Reference value :  7.47000e-09
 Reference value :  7.53000e-09
 Reference value :  7.57000e-09
 Reference value :  7.60000e-09
 Reference value :  7.63000e-09
 Reference value :  7.69000e-09
 Reference value :  7.75000e-09
 Reference value :  7.80000e-09
 Reference value :  7.83000e-09
 Reference value :  7.89000e-09
 Reference value :  7.95000e-09
 Reference value :  8.00200e-09
 Reference value :  8.03000e-09
 Reference value :  8.09000e-09
 Reference value :  8.15000e-09
 Reference value :  8.20000e-09
 Reference value :  8.23000e-09
 Reference value :  8.29000e-09
 Reference value :  8.37000e-09
 Reference value :  8.40600e-09
 Reference value :  8.45000e-09
 Reference value :  8.51000e-09
 Reference value :  8.57000e-09
 Reference value :  8.60200e-09
 Reference value :  8.63000e-09
 Reference value :  8.67000e-09
 Reference value :  8.71000e-09
 Reference value :  8.77000e-09
 Reference value :  8.80200e-09
 Reference value :  8.83000e-09
 Reference value :  8.89000e-09
 Reference value :  8.93000e-09
 Reference value :  9.00000e-09
 Reference value :  9.01400e-09
 Reference value :  9.09000e-09
 Reference value :  9.15000e-09
 Reference value :  9.20000e-09
 Reference value :  9.23000e-09
 Reference value :  9.29000e-09
 Reference value :  9.35000e-09
 Reference value :  9.38500e-09
 Reference value :  9.41400e-09
 Reference value :  9.47000e-09
 Reference value :  9.53000e-09
 Reference value :  9.58500e-09
 Reference value :  9.61400e-09
 Reference value :  9.69000e-09
 Reference value :  9.77000e-09
 Reference value :  9.80000e-09
 Reference value :  9.81400e-09
 Reference value :  9.87000e-09
 Reference value :  9.95000e-09
 Reference value :  9.98500e-09
 Reference value :  1.00060e-08
 Reference value :  1.00500e-08
 Reference value :  1.00900e-08
 Reference value :  1.01500e-08
 Reference value :  1.02020e-08
 Reference value :  1.02700e-08
 Reference value :  1.03500e-08
 Reference value :  1.03850e-08
 Reference value :  1.04060e-08
 Reference value :  1.04700e-08
 Reference value :  1.05300e-08
 Reference value :  1.05850e-08
 Reference value :  1.06140e-08
 Reference value :  1.06700e-08
 Reference value :  1.07300e-08
 Reference value :  1.07850e-08
 Reference value :  1.08140e-08
 Reference value :  1.08700e-08
 Reference value :  1.09300e-08
 Reference value :  1.09700e-08
 Reference value :  1.10020e-08
 Reference value :  1.10500e-08
 Reference value :  1.11100e-08
 Reference value :  1.11700e-08
 Reference value :  1.12020e-08
 Reference value :  1.12300e-08
 Reference value :  1.12900e-08
 Reference value :  1.13500e-08
 Reference value :  1.14000e-08
 Reference value :  1.14140e-08
 Reference value :  1.14900e-08
 Reference value :  1.15500e-08
 Reference value :  1.15850e-08
 Reference value :  1.16060e-08
 Reference value :  1.16500e-08
 Reference value :  1.17100e-08
 Reference value :  1.17500e-08
 Reference value :  1.18000e-08
 Reference value :  1.18300e-08
 Reference value :  1.18900e-08
 Reference value :  1.19300e-08
 Reference value :  1.19850e-08
 Reference value :  1.20140e-08
 Reference value :  1.20900e-08
 Reference value :  1.21700e-08
 Reference value :  1.22060e-08
 Reference value :  1.22500e-08
 Reference value :  1.23100e-08
 Reference value :  1.23700e-08
 Reference value :  1.24060e-08
 Reference value :  1.24500e-08
 Reference value :  1.25100e-08
 Reference value :  1.25700e-08
 Reference value :  1.26000e-08
 Reference value :  1.26300e-08
 Reference value :  1.26900e-08
 Reference value :  1.27700e-08
 Reference value :  1.28020e-08
 Reference value :  1.28300e-08
 Reference value :  1.28700e-08
 Reference value :  1.29300e-08
 Reference value :  1.30000e-08
 Reference value :  1.30300e-08
 Reference value :  1.30900e-08
 Reference value :  1.31500e-08
 Reference value :  1.32000e-08
 Reference value :  1.32140e-08
 Reference value :  1.32700e-08
 Reference value :  1.33300e-08
 Reference value :  1.34000e-08
 Reference value :  1.34140e-08
 Reference value :  1.34500e-08
 Reference value :  1.35100e-08
 Reference value :  1.35700e-08
 Reference value :  1.36000e-08
 Reference value :  1.36140e-08
 Reference value :  1.36700e-08
 Reference value :  1.37300e-08
 Reference value :  1.37700e-08
 Reference value :  1.38000e-08
 Reference value :  1.38140e-08
 Reference value :  1.38700e-08
 Reference value :  1.39300e-08
 Reference value :  1.39850e-08
 Reference value :  1.40140e-08
 Reference value :  1.40500e-08
 Reference value :  1.41100e-08
 Reference value :  1.41700e-08
 Reference value :  1.42000e-08
 Reference value :  1.42300e-08
 Reference value :  1.42700e-08
 Reference value :  1.43300e-08
 Reference value :  1.43700e-08
 Reference value :  1.44060e-08
 Reference value :  1.44500e-08
 Reference value :  1.45300e-08
 Reference value :  1.45850e-08
 Reference value :  1.46060e-08
 Reference value :  1.46300e-08
 Reference value :  1.46700e-08
 Reference value :  1.47100e-08
 Reference value :  1.47700e-08
 Reference value :  1.48000e-08
 Reference value :  1.48300e-08
 Reference value :  1.48900e-08
 Reference value :  1.49500e-08
 Reference value :  1.49850e-08
 Reference value :  1.50060e-08
 Reference value :  1.50500e-08
 Reference value :  1.51100e-08
 Reference value :  1.51700e-08
 Reference value :  1.52060e-08
 Reference value :  1.52500e-08
 Reference value :  1.53300e-08
 Reference value :  1.53700e-08
 Reference value :  1.54020e-08
 Reference value :  1.54300e-08
 Reference value :  1.54900e-08
 Reference value :  1.55500e-08
 Reference value :  1.55850e-08
 Reference value :  1.56060e-08
 Reference value :  1.56500e-08
 Reference value :  1.57100e-08
 Reference value :  1.57700e-08
 Reference value :  1.58060e-08
 Reference value :  1.58700e-08
 Reference value :  1.59300e-08
 Reference value :  1.59850e-08
 Reference value :  1.60060e-08
 Reference value :  1.60700e-08
 Reference value :  1.61100e-08
 Reference value :  1.61700e-08
 Reference value :  1.62020e-08
 Reference value :  1.62300e-08
 Reference value :  1.62900e-08
 Reference value :  1.63700e-08
 Reference value :  1.64060e-08
 Reference value :  1.64700e-08
 Reference value :  1.65300e-08
 Reference value :  1.65850e-08
 Reference value :  1.66300e-08
 Reference value :  1.66900e-08
 Reference value :  1.67500e-08
 Reference value :  1.68000e-08
 Reference value :  1.68140e-08
 Reference value :  1.68500e-08
 Reference value :  1.69100e-08
 Reference value :  1.69700e-08
 Reference value :  1.70020e-08
 Reference value :  1.70500e-08
 Reference value :  1.71100e-08
 Reference value :  1.71700e-08
 Reference value :  1.72060e-08
 Reference value :  1.72500e-08
 Reference value :  1.73100e-08
 Reference value :  1.73700e-08
 Reference value :  1.74020e-08
 Reference value :  1.74500e-08
 Reference value :  1.75100e-08
 Reference value :  1.75700e-08
 Reference value :  1.76020e-08
 Reference value :  1.76300e-08
 Reference value :  1.76900e-08
 Reference value :  1.77300e-08
 Reference value :  1.77850e-08
 Reference value :  1.78060e-08
 Reference value :  1.78500e-08
 Reference value :  1.78900e-08
 Reference value :  1.79500e-08
 Reference value :  1.80020e-08
 Reference value :  1.80300e-08
 Reference value :  1.80900e-08
 Reference value :  1.81500e-08
 Reference value :  1.82000e-08
 Reference value :  1.82140e-08
 Reference value :  1.82900e-08
 Reference value :  1.83500e-08
 Reference value :  1.84000e-08
 Reference value :  1.84300e-08
 Reference value :  1.84900e-08
 Reference value :  1.85700e-08
 Reference value :  1.86020e-08
 Reference value :  1.86300e-08
 Reference value :  1.86900e-08
 Reference value :  1.87500e-08
 Reference value :  1.88000e-08
 Reference value :  1.88300e-08
 Reference value :  1.89100e-08
 Reference value :  1.89850e-08
 Reference value :  1.90140e-08
 Reference value :  1.90700e-08
 Reference value :  1.91300e-08
 Reference value :  1.91850e-08
 Reference value :  1.92060e-08
 Reference value :  1.92500e-08
 Reference value :  1.93100e-08
 Reference value :  1.93700e-08
 Reference value :  1.94060e-08
 Reference value :  1.94700e-08
 Reference value :  1.95300e-08
 Reference value :  1.95850e-08
 Reference value :  1.96140e-08
 Reference value :  1.96700e-08
 Reference value :  1.97500e-08
 Reference value :  1.98000e-08
 Reference value :  1.98140e-08
 Reference value :  1.98500e-08
 Reference value :  1.99100e-08
 Reference value :  1.99500e-08
 Reference value :  1.99850e-08
 Reference value :  2.00140e-08
 Reference value :  2.00700e-08
 Reference value :  2.01500e-08
 Reference value :  2.01850e-08
 Reference value :  2.02060e-08
 Reference value :  2.02500e-08
 Reference value :  2.03100e-08
 Reference value :  2.03500e-08
 Reference value :  2.04000e-08
 Reference value :  2.04300e-08
 Reference value :  2.04700e-08
 Reference value :  2.05300e-08
 Reference value :  2.05700e-08
 Reference value :  2.06060e-08
 Reference value :  2.06700e-08
 Reference value :  2.07300e-08
 Reference value :  2.07850e-08
 Reference value :  2.08060e-08
 Reference value :  2.08500e-08
 Reference value :  2.09100e-08
 Reference value :  2.09500e-08
 Reference value :  2.09850e-08
 Reference value :  2.10140e-08
 Reference value :  2.10900e-08
 Reference value :  2.11500e-08
 Reference value :  2.12000e-08
 Reference value :  2.12140e-08
 Reference value :  2.12900e-08
 Reference value :  2.13700e-08
 Reference value :  2.14060e-08
 Reference value :  2.14500e-08
 Reference value :  2.15100e-08
 Reference value :  2.15500e-08
 Reference value :  2.16020e-08
 Reference value :  2.16500e-08
 Reference value :  2.17100e-08
 Reference value :  2.17700e-08
 Reference value :  2.18020e-08
 Reference value :  2.18300e-08
 Reference value :  2.18700e-08
 Reference value :  2.19100e-08
 Reference value :  2.19500e-08
 Reference value :  2.20020e-08
 Reference value :  2.20300e-08
 Reference value :  2.20900e-08
 Reference value :  2.21500e-08
 Reference value :  2.22000e-08
 Reference value :  2.22300e-08
 Reference value :  2.22900e-08
 Reference value :  2.23500e-08
 Reference value :  2.24000e-08
 Reference value :  2.24300e-08
 Reference value :  2.24900e-08
 Reference value :  2.25500e-08
 Reference value :  2.26000e-08
 Reference value :  2.26140e-08
 Reference value :  2.26700e-08
 Reference value :  2.27500e-08
 Reference value :  2.28020e-08
 Reference value :  2.28300e-08
 Reference value :  2.28900e-08
 Reference value :  2.29300e-08
 Reference value :  2.29700e-08
 Reference value :  2.30020e-08
 Reference value :  2.30300e-08
 Reference value :  2.31100e-08
 Reference value :  2.31500e-08
 Reference value :  2.32020e-08
 Reference value :  2.32300e-08
 Reference value :  2.32900e-08
 Reference value :  2.33500e-08
 Reference value :  2.34000e-08
 Reference value :  2.34140e-08
 Reference value :  2.34500e-08
 Reference value :  2.35100e-08
 Reference value :  2.35500e-08
 Reference value :  2.35850e-08
 Reference value :  2.36140e-08
 Reference value :  2.36700e-08
 Reference value :  2.37300e-08
 Reference value :  2.37850e-08
 Reference value :  2.38060e-08
 Reference value :  2.38500e-08
 Reference value :  2.38900e-08
 Reference value :  2.39300e-08
 Reference value :  2.39850e-08
 Reference value :  2.40060e-08
 Reference value :  2.40300e-08
 Reference value :  2.40700e-08
 Reference value :  2.41300e-08
 Reference value :  2.41850e-08
 Reference value :  2.42060e-08
 Reference value :  2.42500e-08
 Reference value :  2.42900e-08
 Reference value :  2.43500e-08
 Reference value :  2.44020e-08
 Reference value :  2.44500e-08
 Reference value :  2.45100e-08
 Reference value :  2.45500e-08
 Reference value :  2.45850e-08
 Reference value :  2.46060e-08
 Reference value :  2.46500e-08
 Reference value :  2.47100e-08
 Reference value :  2.47700e-08
 Reference value :  2.48020e-08
 Reference value :  2.48300e-08
 Reference value :  2.48700e-08
 Reference value :  2.49100e-08
 Reference value :  2.49500e-08
 Reference value :  2.50000e-08
 Reference value :  2.50300e-08
 Reference value :  2.50900e-08
 Reference value :  2.51500e-08
 Reference value :  2.51850e-08
 Reference value :  2.52060e-08
 Reference value :  2.52500e-08
 Reference value :  2.53100e-08
 Reference value :  2.53700e-08
 Reference value :  2.54020e-08
 Reference value :  2.54500e-08
 Reference value :  2.54900e-08
 Reference value :  2.55300e-08
 Reference value :  2.55850e-08
 Reference value :  2.56140e-08
 Reference value :  2.56900e-08
 Reference value :  2.57500e-08
 Reference value :  2.58000e-08
 Reference value :  2.58300e-08
 Reference value :  2.59100e-08
 Reference value :  2.59500e-08
 Reference value :  2.60000e-08
 Reference value :  2.60140e-08
 Reference value :  2.60500e-08
 Reference value :  2.61100e-08
 Reference value :  2.61700e-08
 Reference value :  2.62060e-08
 Reference value :  2.62700e-08
 Reference value :  2.63300e-08
 Reference value :  2.63850e-08
 Reference value :  2.64060e-08
 Reference value :  2.64700e-08
 Reference value :  2.65300e-08
 Reference value :  2.65850e-08
 Reference value :  2.66060e-08
 Reference value :  2.66500e-08
 Reference value :  2.67100e-08
 Reference value :  2.67700e-08
 Reference value :  2.68020e-08
 Reference value :  2.68500e-08
 Reference value :  2.69100e-08
 Reference value :  2.69700e-08
 Reference value :  2.70000e-08
 Reference value :  2.70140e-08
 Reference value :  2.70700e-08
 Reference value :  2.71300e-08
 Reference value :  2.71850e-08
 Reference value :  2.72140e-08
 Reference value :  2.72700e-08
 Reference value :  2.73300e-08
 Reference value :  2.73700e-08
 Reference value :  2.74020e-08
 Reference value :  2.74300e-08
 Reference value :  2.74900e-08
 Reference value :  2.75500e-08
 Reference value :  2.76020e-08
 Reference value :  2.76300e-08
 Reference value :  2.76900e-08
 Reference value :  2.77500e-08
 Reference value :  2.78000e-08
 Reference value :  2.78300e-08
 Reference value :  2.78900e-08
 Reference value :  2.79500e-08
 Reference value :  2.80000e-08
 Reference value :  2.80140e-08
 Reference value :  2.80700e-08
 Reference value :  2.81300e-08
 Reference value :  2.82000e-08
 Reference value :  2.82300e-08
 Reference value :  2.82900e-08
 Reference value :  2.83500e-08
 Reference value :  2.84000e-08
 Reference value :  2.84300e-08
 Reference value :  2.84700e-08
 Reference value :  2.85300e-08
 Reference value :  2.85850e-08
 Reference value :  2.86140e-08
 Reference value :  2.86700e-08
 Reference value :  2.87300e-08
 Reference value :  2.87850e-08
 Reference value :  2.88140e-08
 Reference value :  2.88700e-08
 Reference value :  2.89300e-08
 Reference value :  2.89850e-08
 Reference value :  2.90060e-08
 Reference value :  2.90300e-08
 Reference value :  2.90900e-08
 Reference value :  2.91500e-08
 Reference value :  2.91850e-08
 Reference value :  2.92060e-08
 Reference value :  2.92700e-08
 Reference value :  2.93300e-08
 Reference value :  2.93850e-08
 Reference value :  2.94060e-08
 Reference value :  2.94500e-08
 Reference value :  2.95100e-08
 Reference value :  2.95700e-08
 Reference value :  2.96020e-08
 Reference value :  2.96300e-08
 Reference value :  2.96900e-08
 Reference value :  2.97500e-08
 Reference value :  2.98000e-08
 Reference value :  2.98300e-08
 Reference value :  2.99100e-08
 Reference value :  2.99700e-08
 Reference value :  3.00020e-08
 Reference value :  3.00300e-08
 Reference value :  3.00700e-08
 Reference value :  3.01300e-08
 Reference value :  3.01700e-08
 Reference value :  3.02020e-08
 Reference value :  3.02300e-08
 Reference value :  3.02900e-08
 Reference value :  3.03300e-08
 Reference value :  3.03700e-08
 Reference value :  3.04000e-08
 Reference value :  3.04300e-08
 Reference value :  3.04900e-08
 Reference value :  3.05700e-08
 Reference value :  3.06060e-08
 Reference value :  3.06700e-08
 Reference value :  3.07300e-08
 Reference value :  3.07700e-08
 Reference value :  3.08020e-08
 Reference value :  3.08300e-08
 Reference value :  3.08900e-08
 Reference value :  3.09300e-08
 Reference value :  3.09850e-08
 Reference value :  3.10060e-08
 Reference value :  3.10500e-08
 Reference value :  3.11100e-08
 Reference value :  3.11500e-08
 Reference value :  3.12000e-08
 Reference value :  3.12140e-08
 Reference value :  3.12900e-08
 Reference value :  3.13500e-08
 Reference value :  3.13850e-08
 Reference value :  3.14140e-08
 Reference value :  3.14700e-08
 Reference value :  3.15300e-08
 Reference value :  3.15700e-08
 Reference value :  3.16020e-08
 Reference value :  3.16300e-08
 Reference value :  3.16700e-08
 Reference value :  3.17300e-08
 Reference value :  3.17850e-08
 Reference value :  3.18140e-08
 Reference value :  3.18700e-08
 Reference value :  3.19100e-08
 Reference value :  3.19700e-08
 Reference value :  3.20060e-08
 Reference value :  3.20700e-08
 Reference value :  3.21300e-08
 Reference value :  3.21850e-08
 Reference value :  3.22140e-08
 Reference value :  3.22700e-08
 Reference value :  3.23300e-08
 Reference value :  3.23700e-08
 Reference value :  3.24060e-08
 Reference value :  3.24500e-08
 Reference value :  3.25100e-08
 Reference value :  3.25700e-08
 Reference value :  3.26060e-08
 Reference value :  3.26500e-08
 Reference value :  3.27100e-08
 Reference value :  3.27700e-08
 Reference value :  3.28020e-08
 Reference value :  3.28500e-08
 Reference value :  3.29100e-08
 Reference value :  3.29850e-08
 Reference value :  3.30140e-08
 Reference value :  3.30700e-08
 Reference value :  3.31300e-08
 Reference value :  3.31850e-08
 Reference value :  3.32060e-08
 Reference value :  3.32500e-08
 Reference value :  3.32900e-08
 Reference value :  3.33300e-08
 Reference value :  3.33850e-08
 Reference value :  3.34060e-08
 Reference value :  3.34500e-08
 Reference value :  3.35100e-08
 Reference value :  3.35500e-08
 Reference value :  3.36000e-08
 Reference value :  3.36140e-08
 Reference value :  3.36700e-08
 Reference value :  3.37300e-08
 Reference value :  3.37700e-08
 Reference value :  3.38000e-08
 Reference value :  3.38140e-08
 Reference value :  3.38500e-08
 Reference value :  3.39100e-08
 Reference value :  3.39700e-08
 Reference value :  3.40020e-08
 Reference value :  3.40300e-08
 Reference value :  3.40900e-08
 Reference value :  3.41300e-08
 Reference value :  3.41700e-08
 Reference value :  3.42060e-08
 Reference value :  3.42500e-08
 Reference value :  3.43100e-08
 Reference value :  3.43700e-08
 Reference value :  3.44000e-08
 Reference value :  3.44140e-08
 Reference value :  3.44500e-08
 Reference value :  3.44900e-08
 Reference value :  3.45500e-08
 Reference value :  3.46000e-08
 Reference value :  3.46300e-08
 Reference value :  3.46900e-08
 Reference value :  3.47300e-08
 Reference value :  3.47700e-08
 Reference value :  3.48060e-08
 Reference value :  3.48700e-08
 Reference value :  3.49300e-08
 Reference value :  3.49700e-08
 Reference value :  3.50000e-08
 Reference value :  3.50140e-08
 Reference value :  3.50500e-08
 Reference value :  3.51300e-08
 Reference value :  3.51700e-08
 Reference value :  3.52000e-08
 Reference value :  3.52300e-08
 Reference value :  3.52900e-08
 Reference value :  3.53300e-08
 Reference value :  3.53850e-08
 Reference value :  3.54060e-08
 Reference value :  3.54500e-08
 Reference value :  3.55100e-08
 Reference value :  3.55500e-08
 Reference value :  3.55850e-08
 Reference value :  3.56060e-08
 Reference value :  3.56500e-08
 Reference value :  3.57100e-08
 Reference value :  3.57500e-08
 Reference value :  3.58000e-08
 Reference value :  3.58300e-08
 Reference value :  3.58700e-08
 Reference value :  3.59300e-08
 Reference value :  3.59700e-08
 Reference value :  3.60020e-08
 Reference value :  3.60300e-08
 Reference value :  3.60900e-08
 Reference value :  3.61300e-08
 Reference value :  3.61700e-08
 Reference value :  3.62020e-08
 Reference value :  3.62140e-08
 Reference value :  3.62500e-08
 Reference value :  3.63100e-08
 Reference value :  3.63500e-08
 Reference value :  3.63850e-08
 Reference value :  3.64140e-08
 Reference value :  3.64700e-08
 Reference value :  3.65300e-08
 Reference value :  3.65700e-08
 Reference value :  3.66000e-08
 Reference value :  3.66300e-08
 Reference value :  3.67100e-08
 Reference value :  3.67700e-08
 Reference value :  3.68020e-08
 Reference value :  3.68300e-08
 Reference value :  3.68700e-08
 Reference value :  3.69300e-08
 Reference value :  3.69850e-08
 Reference value :  3.70140e-08
 Reference value :  3.70700e-08
 Reference value :  3.71100e-08
 Reference value :  3.71700e-08
 Reference value :  3.72000e-08
 Reference value :  3.72140e-08
 Reference value :  3.72700e-08
 Reference value :  3.73300e-08
 Reference value :  3.73850e-08
 Reference value :  3.74140e-08
 Reference value :  3.74700e-08
 Reference value :  3.75300e-08
 Reference value :  3.75850e-08
 Reference value :  3.76060e-08
 Reference value :  3.76500e-08
 Reference value :  3.76900e-08
 Reference value :  3.77300e-08
 Reference value :  3.77700e-08
 Reference value :  3.78000e-08
 Reference value :  3.78140e-08
 Reference value :  3.78500e-08
 Reference value :  3.79100e-08
 Reference value :  3.79700e-08
 Reference value :  3.80020e-08
 Reference value :  3.80300e-08
 Reference value :  3.80900e-08
 Reference value :  3.81500e-08
 Reference value :  3.82000e-08
 Reference value :  3.82140e-08
 Reference value :  3.82500e-08
 Reference value :  3.82900e-08
 Reference value :  3.83300e-08
 Reference value :  3.83700e-08
 Reference value :  3.84000e-08
 Reference value :  3.84140e-08
 Reference value :  3.84700e-08
 Reference value :  3.85100e-08
 Reference value :  3.85700e-08
 Reference value :  3.86020e-08
 Reference value :  3.86300e-08
 Reference value :  3.86900e-08
 Reference value :  3.87500e-08
 Reference value :  3.88000e-08
 Reference value :  3.88140e-08
 Reference value :  3.88500e-08
 Reference value :  3.88900e-08
 Reference value :  3.89300e-08
 Reference value :  3.89700e-08
 Reference value :  3.90020e-08
 Reference value :  3.90300e-08
 Reference value :  3.90700e-08
 Reference value :  3.91300e-08
 Reference value :  3.91850e-08
 Reference value :  3.92060e-08
 Reference value :  3.92500e-08
 Reference value :  3.93100e-08
 Reference value :  3.93500e-08
 Reference value :  3.94000e-08
 Reference value :  3.94140e-08
 Reference value :  3.94500e-08
 Reference value :  3.94900e-08
 Reference value :  3.95500e-08
 Reference value :  3.95850e-08
 Reference value :  3.96060e-08
 Reference value :  3.96500e-08
 Reference value :  3.96900e-08
 Reference value :  3.97500e-08
 Reference value :  3.98020e-08
 Reference value :  3.98300e-08
 Reference value :  3.99100e-08
 Reference value :  3.99500e-08
 Reference value :  4.00000e-08
 Reference value :  4.00300e-08
 Reference value :  4.00900e-08
 Reference value :  4.01500e-08
 Reference value :  4.01850e-08
 Reference value :  4.02060e-08
 Reference value :  4.02300e-08
 Reference value :  4.02700e-08
 Reference value :  4.03300e-08
 Reference value :  4.03850e-08
 Reference value :  4.04060e-08
 Reference value :  4.04700e-08
 Reference value :  4.05300e-08
 Reference value :  4.05700e-08
 Reference value :  4.06000e-08
 Reference value :  4.06300e-08
 Reference value :  4.06900e-08
 Reference value :  4.07300e-08
 Reference value :  4.07700e-08
 Reference value :  4.08000e-08
 Reference value :  4.08140e-08
 Reference value :  4.08500e-08
 Reference value :  4.08900e-08
 Reference value :  4.09500e-08
 Reference value :  4.10000e-08
 Reference value :  4.10140e-08
 Reference value :  4.10700e-08
 Reference value :  4.11100e-08
 Reference value :  4.11500e-08
 Reference value :  4.11850e-08
 Reference value :  4.12060e-08
 Reference value :  4.12700e-08
 Reference value :  4.13300e-08
 Reference value :  4.13700e-08
 Reference value :  4.14020e-08
 Reference value :  4.14300e-08
 Reference value :  4.14700e-08
 Reference value :  4.15100e-08
 Reference value :  4.15700e-08
 Reference value :  4.16020e-08
 Reference value :  4.16300e-08
 Reference value :  4.16900e-08
 Reference value :  4.17300e-08
 Reference value :  4.17700e-08
 Reference value :  4.18060e-08
 Reference value :  4.18700e-08
 Reference value :  4.19300e-08
 Reference value :  4.19700e-08
 Reference value :  4.20000e-08
 Reference value :  4.20140e-08
 Reference value :  4.20500e-08
 Reference value :  4.20900e-08
 Reference value :  4.21300e-08
 Reference value :  4.21850e-08
 Reference value :  4.22060e-08
 Reference value :  4.22500e-08
 Reference value :  4.22900e-08
 Reference value :  4.23300e-08
 Reference value :  4.23700e-08
 Reference value :  4.24020e-08
 Reference value :  4.24300e-08
 Reference value :  4.24900e-08
 Reference value :  4.25500e-08
 Reference value :  4.25850e-08
 Reference value :  4.26140e-08
 Reference value :  4.26700e-08
 Reference value :  4.27100e-08
 Reference value :  4.27700e-08
 Reference value :  4.28020e-08
 Reference value :  4.28500e-08
 Reference value :  4.29300e-08
 Reference value :  4.29850e-08
 Reference value :  4.30060e-08
 Reference value :  4.30300e-08
 Reference value :  4.30700e-08
 Reference value :  4.31300e-08
 Reference value :  4.31850e-08
 Reference value :  4.32060e-08
 Reference value :  4.32300e-08
 Reference value :  4.32700e-08
 Reference value :  4.33300e-08
 Reference value :  4.33700e-08
 Reference value :  4.34000e-08
 Reference value :  4.34140e-08
 Reference value :  4.34700e-08
 Reference value :  4.35500e-08
 Reference value :  4.36000e-08
 Reference value :  4.36140e-08
 Reference value :  4.36500e-08
 Reference value :  4.37100e-08
 Reference value :  4.37850e-08
 Reference value :  4.38060e-08
 Reference value :  4.38500e-08
 Reference value :  4.39100e-08
 Reference value :  4.39500e-08
 Reference value :  4.39850e-08
 Reference value :  4.40060e-08
 Reference value :  4.40500e-08
 Reference value :  4.41100e-08
 Reference value :  4.41700e-08
 Reference value :  4.42000e-08
 Reference value :  4.42140e-08
 Reference value :  4.42500e-08
 Reference value :  4.43100e-08
 Reference value :  4.43700e-08
 Reference value :  4.44000e-08
 Reference value :  4.44300e-08
 Reference value :  4.44900e-08
 Reference value :  4.45500e-08
 Reference value :  4.46000e-08
 Reference value :  4.46140e-08
 Reference value :  4.46700e-08
 Reference value :  4.47300e-08
 Reference value :  4.47850e-08
 Reference value :  4.48060e-08
 Reference value :  4.48500e-08
 Reference value :  4.49300e-08
 Reference value :  4.49850e-08
 Reference value :  4.50060e-08
 Reference value :  4.50500e-08
 Reference value :  4.51100e-08
 Reference value :  4.51700e-08
 Reference value :  4.52020e-08
 Reference value :  4.52500e-08
 Reference value :  4.53100e-08
 Reference value :  4.53700e-08
 Reference value :  4.54020e-08
 Reference value :  4.54300e-08
 Reference value :  4.54700e-08
 Reference value :  4.55100e-08
 Reference value :  4.55700e-08
 Reference value :  4.56060e-08
 Reference value :  4.56700e-08
 Reference value :  4.57300e-08
 Reference value :  4.57850e-08
 Reference value :  4.58140e-08
 Reference value :  4.58700e-08
 Reference value :  4.59500e-08
 Reference value :  4.60020e-08
 Reference value :  4.60300e-08
 Reference value :  4.60900e-08
 Reference value :  4.61300e-08
 Reference value :  4.61850e-08
 Reference value :  4.62060e-08
 Reference value :  4.62500e-08
 Reference value :  4.62900e-08
 Reference value :  4.63300e-08
 Reference value :  4.63700e-08
 Reference value :  4.64020e-08
 Reference value :  4.64300e-08
 Reference value :  4.64700e-08
 Reference value :  4.65100e-08
 Reference value :  4.65500e-08
 Reference value :  4.66000e-08
 Reference value :  4.66140e-08
 Reference value :  4.66900e-08
 Reference value :  4.67500e-08
 Reference value :  4.68000e-08
 Reference value :  4.68300e-08
 Reference value :  4.68700e-08
 Reference value :  4.69300e-08
 Reference value :  4.69850e-08
 Reference value :  4.70060e-08
 Reference value :  4.70500e-08
 Reference value :  4.71100e-08
 Reference value :  4.71700e-08
 Reference value :  4.72060e-08
 Reference value :  4.72500e-08
 Reference value :  4.73100e-08
 Reference value :  4.73700e-08
 Reference value :  4.74020e-08
 Reference value :  4.74500e-08
 Reference value :  4.75100e-08
 Reference value :  4.75500e-08
 Reference value :  4.75850e-08
 Reference value :  4.76060e-08
 Reference value :  4.76500e-08
 Reference value :  4.77100e-08
 Reference value :  4.77700e-08
 Reference value :  4.78060e-08
 Reference value :  4.78500e-08
 Reference value :  4.79100e-08
 Reference value :  4.79700e-08
 Reference value :  4.80060e-08
 Reference value :  4.80500e-08
 Reference value :  4.81100e-08
 Reference value :  4.81500e-08
 Reference value :  4.82000e-08
 Reference value :  4.82300e-08
 Reference value :  4.82700e-08
 Reference value :  4.83300e-08
 Reference value :  4.84000e-08
 Reference value :  4.84300e-08
 Reference value :  4.84700e-08
 Reference value :  4.85100e-08
 Reference value :  4.85500e-08
 Reference value :  4.86000e-08
 Reference value :  4.86140e-08
 Reference value :  4.86700e-08
 Reference value :  4.87300e-08
 Reference value :  4.87850e-08
 Reference value :  4.88060e-08
 Reference value :  4.88500e-08
 Reference value :  4.89100e-08
 Reference value :  4.89700e-08
 Reference value :  4.90060e-08
 Reference value :  4.90700e-08
 Reference value :  4.91300e-08
 Reference value :  4.91700e-08
 Reference value :  4.92020e-08
 Reference value :  4.92300e-08
 Reference value :  4.92900e-08
 Reference value :  4.93700e-08
 Reference value :  4.94020e-08
 Reference value :  4.94300e-08
 Reference value :  4.94700e-08
 Reference value :  4.95100e-08
 Reference value :  4.95700e-08
 Reference value :  4.96020e-08
 Reference value :  4.96500e-08
 Reference value :  4.97300e-08
 Reference value :  4.97850e-08
 Reference value :  4.98060e-08
 Reference value :  4.98500e-08
 Reference value :  4.99300e-08
 Reference value :  4.99850e-08
 Reference value :  5.00060e-08
 Reference value :  5.00500e-08
 Reference value :  5.01100e-08
 Reference value :  5.01500e-08
 Reference value :  5.02000e-08
 Reference value :  5.02300e-08
 Reference value :  5.02900e-08
 Reference value :  5.03500e-08
 Reference value :  5.04000e-08
 Reference value :  5.04300e-08
 Reference value :  5.05100e-08
 Reference value :  5.05700e-08
 Reference value :  5.06000e-08
 Reference value :  5.06300e-08
 Reference value :  5.06900e-08
 Reference value :  5.07500e-08
 Reference value :  5.08020e-08
 Reference value :  5.08500e-08
 Reference value :  5.09300e-08
 Reference value :  5.09850e-08
 Reference value :  5.10060e-08
 Reference value :  5.10700e-08
 Reference value :  5.11300e-08
 Reference value :  5.11850e-08
 Reference value :  5.12060e-08
 Reference value :  5.12300e-08
 Reference value :  5.12700e-08
 Reference value :  5.13300e-08
 Reference value :  5.13700e-08
 Reference value :  5.14020e-08
 Reference value :  5.14500e-08
 Reference value :  5.15100e-08
 Reference value :  5.15500e-08
 Reference value :  5.16000e-08
 Reference value :  5.16300e-08
 Reference value :  5.16900e-08
 Reference value :  5.17500e-08
 Reference value :  5.18000e-08
 Reference value :  5.18140e-08
 Reference value :  5.18700e-08
 Reference value :  5.19300e-08
 Reference value :  5.19850e-08
 Reference value :  5.20060e-08
 Reference value :  5.20500e-08
 Reference value :  5.21100e-08
 Reference value :  5.21850e-08
 Reference value :  5.22140e-08
 Reference value :  5.22700e-08
 Reference value :  5.23300e-08
 Reference value :  5.24000e-08
 Reference value :  5.24140e-08
 Reference value :  5.24700e-08
 Reference value :  5.25300e-08
 Reference value :  5.25700e-08
 Reference value :  5.26000e-08
 Reference value :  5.26140e-08
 Reference value :  5.26500e-08
 Reference value :  5.26900e-08
 Reference value :  5.27500e-08
 Reference value :  5.28000e-08
 Reference value :  5.28140e-08
 Reference value :  5.28700e-08
 Reference value :  5.29100e-08
 Reference value :  5.29700e-08
 Reference value :  5.30020e-08
 Reference value :  5.30300e-08
 Reference value :  5.30700e-08
 Reference value :  5.31100e-08
 Reference value :  5.31500e-08
 Reference value :  5.32000e-08
 Reference value :  5.32300e-08
 Reference value :  5.33100e-08
 Reference value :  5.33700e-08
 Reference value :  5.34020e-08
 Reference value :  5.34300e-08
 Reference value :  5.34700e-08
 Reference value :  5.35100e-08
 Reference value :  5.35700e-08
 Reference value :  5.36020e-08
 Reference value :  5.36300e-08
 Reference value :  5.36700e-08
 Reference value :  5.37300e-08
 Reference value :  5.37700e-08
 Reference value :  5.38000e-08
 Reference value :  5.38140e-08
 Reference value :  5.38700e-08
 Reference value :  5.39100e-08
 Reference value :  5.39700e-08
 Reference value :  5.40020e-08
 Reference value :  5.40300e-08
 Reference value :  5.40900e-08
 Reference value :  5.41500e-08
 Reference value :  5.41850e-08
 Reference value :  5.42140e-08
 Reference value :  5.42500e-08
 Reference value :  5.42900e-08
 Reference value :  5.43300e-08
 Reference value :  5.43850e-08
 Reference value :  5.44060e-08
 Reference value :  5.44500e-08
 Reference value :  5.45300e-08
 Reference value :  5.45850e-08
 Reference value :  5.46060e-08
 Reference value :  5.46300e-08
 Reference value :  5.46900e-08
 Reference value :  5.47500e-08
 Reference value :  5.48000e-08
 Reference value :  5.48140e-08
 Reference value :  5.48700e-08
 Reference value :  5.49300e-08
 Reference value :  5.49700e-08
 Reference value :  5.50000e-08
 Reference value :  5.50140e-08
 Reference value :  5.50700e-08
 Reference value :  5.51300e-08
 Reference value :  5.52000e-08
 Reference value :  5.52300e-08
 Reference value :  5.53100e-08
 Reference value :  5.53700e-08
 Reference value :  5.54020e-08
 Reference value :  5.54300e-08
 Reference value :  5.54900e-08
 Reference value :  5.55300e-08
 Reference value :  5.55700e-08
 Reference value :  5.56020e-08
 Reference value :  5.56300e-08
 Reference value :  5.56900e-08
 Reference value :  5.57500e-08
 Reference value :  5.58000e-08
 Reference value :  5.58300e-08
 Reference value :  5.58900e-08
 Reference value :  5.59500e-08
 Reference value :  5.59850e-08
 Reference value :  5.60060e-08
 Reference value :  5.60500e-08
 Reference value :  5.61100e-08
 Reference value :  5.61500e-08
 Reference value :  5.61850e-08
 Reference value :  5.62060e-08
 Reference value :  5.62500e-08
 Reference value :  5.62900e-08
 Reference value :  5.63300e-08
 Reference value :  5.64000e-08
 Reference value :  5.64140e-08
 Reference value :  5.64700e-08
 Reference value :  5.65300e-08
 Reference value :  5.65700e-08
 Reference value :  5.66060e-08
 Reference value :  5.66700e-08
 Reference value :  5.67300e-08
 Reference value :  5.67700e-08
 Reference value :  5.68020e-08
 Reference value :  5.68300e-08
 Reference value :  5.68900e-08
 Reference value :  5.69500e-08
 Reference value :  5.70000e-08
 Reference value :  5.70140e-08
 Reference value :  5.70700e-08
 Reference value :  5.71100e-08
 Reference value :  5.71700e-08
 Reference value :  5.72020e-08
 Reference value :  5.72500e-08
 Reference value :  5.72900e-08
 Reference value :  5.73500e-08
 Reference value :  5.73850e-08
 Reference value :  5.74060e-08
 Reference value :  5.74500e-08
 Reference value :  5.75100e-08
 Reference value :  5.75700e-08
 Reference value :  5.76060e-08
 Reference value :  5.76500e-08
 Reference value :  5.77100e-08
 Reference value :  5.77700e-08
 Reference value :  5.78060e-08
 Reference value :  5.78500e-08
 Reference value :  5.79100e-08
 Reference value :  5.79500e-08
 Reference value :  5.80020e-08
 Reference value :  5.80300e-08
 Reference value :  5.80900e-08
 Reference value :  5.81300e-08
 Reference value :  5.81850e-08
 Reference value :  5.82140e-08
 Reference value :  5.82700e-08
 Reference value :  5.83300e-08
 Reference value :  5.83850e-08
 Reference value :  5.84020e-08
 Reference value :  5.84300e-08
 Reference value :  5.84900e-08
 Reference value :  5.85700e-08
 Reference value :  5.86000e-08
 Reference value :  5.86300e-08
 Reference value :  5.86700e-08
 Reference value :  5.87100e-08
 Reference value :  5.87700e-08
 Reference value :  5.88020e-08
 Reference value :  5.88300e-08
 Reference value :  5.88900e-08
 Reference value :  5.89500e-08
 Reference value :  5.90000e-08
 Reference value :  5.90300e-08
 Reference value :  5.90900e-08
 Reference value :  5.91700e-08
 Reference value :  5.92020e-08
 Reference value :  5.92300e-08
 Reference value :  5.92700e-08
 Reference value :  5.93300e-08
 Reference value :  5.93850e-08
 Reference value :  5.94140e-08
 Reference value :  5.94900e-08
 Reference value :  5.95500e-08
 Reference value :  5.96000e-08
 Reference value :  5.96300e-08
 Reference value :  5.97100e-08
 Reference value :  5.97700e-08
 Reference value :  5.98020e-08
 Reference value :  5.98300e-08
 Reference value :  5.98900e-08
 Reference value :  5.99500e-08
 Reference value :  6.00000e-08
 Reference value :  6.00300e-08
 Reference value :  6.00900e-08
 Reference value :  6.01500e-08
 Reference value :  6.02000e-08
 Reference value :  6.02300e-08
 Reference value :  6.03100e-08
 Reference value :  6.03700e-08
 Reference value :  6.04020e-08
 Reference value :  6.04300e-08
 Reference value :  6.04900e-08
 Reference value :  6.05500e-08
 Reference value :  6.05850e-08
 Reference value :  6.06060e-08
 Reference value :  6.06700e-08
 Reference value :  6.07500e-08
 Reference value :  6.08000e-08
 Reference value :  6.08140e-08
 Reference value :  6.08700e-08
 Reference value :  6.09300e-08
 Reference value :  6.09700e-08
 Reference value :  6.10020e-08
 Reference value :  6.10500e-08
 Reference value :  6.11100e-08
 Reference value :  6.11700e-08
 Reference value :  6.12020e-08
 Reference value :  6.12500e-08
 Reference value :  6.13300e-08
 Reference value :  6.14000e-08
 Reference value :  6.14300e-08
 Reference value :  6.14700e-08
 Reference value :  6.15100e-08
 Reference value :  6.15700e-08
 Reference value :  6.16020e-08
 Reference value :  6.16300e-08
 Reference value :  6.16900e-08
 Reference value :  6.17300e-08
 Reference value :  6.17700e-08
 Reference value :  6.18000e-08
 Reference value :  6.18300e-08
 Reference value :  6.18900e-08
 Reference value :  6.19300e-08
 Reference value :  6.20000e-08
 Reference value :  6.20500e-08
 Reference value :  6.20900e-08
 Reference value :  6.21300e-08
 Reference value :  6.22000e-08
 Reference value :  6.22300e-08
 Reference value :  6.22700e-08
 Reference value :  6.23300e-08
 Reference value :  6.23850e-08
 Reference value :  6.24060e-08
 Reference value :  6.24500e-08
 Reference value :  6.25100e-08
 Reference value :  6.25700e-08
 Reference value :  6.26020e-08
 Reference value :  6.26300e-08
 Reference value :  6.26700e-08
 Reference value :  6.27100e-08
 Reference value :  6.27500e-08
 Reference value :  6.28020e-08
 Reference value :  6.28300e-08
 Reference value :  6.28900e-08
 Reference value :  6.29300e-08
 Reference value :  6.29700e-08
 Reference value :  6.30000e-08
 Reference value :  6.30140e-08
 Reference value :  6.30900e-08
 Reference value :  6.31500e-08
 Reference value :  6.32000e-08
 Reference value :  6.32300e-08
 Reference value :  6.32700e-08
 Reference value :  6.33100e-08
 Reference value :  6.33700e-08
 Reference value :  6.34020e-08
 Reference value :  6.34300e-08
 Reference value :  6.34700e-08
 Reference value :  6.35100e-08
 Reference value :  6.35500e-08
 Reference value :  6.36000e-08
 Reference value :  6.36140e-08
 Reference value :  6.36700e-08
 Reference value :  6.37300e-08
 Reference value :  6.37850e-08
 Reference value :  6.38060e-08
 Reference value :  6.38500e-08
 Reference value :  6.38900e-08
 Reference value :  6.39300e-08
 Reference value :  6.39850e-08
 Reference value :  6.40060e-08
 Reference value :  6.40500e-08
 Reference value :  6.41100e-08
 Reference value :  6.41700e-08
 Reference value :  6.42020e-08
 Reference value :  6.42500e-08
 Reference value :  6.42900e-08
 Reference value :  6.43500e-08
 Reference value :  6.44000e-08
 Reference value :  6.44140e-08
 Reference value :  6.44700e-08
 Reference value :  6.45300e-08
 Reference value :  6.45700e-08
 Reference value :  6.46000e-08
 Reference value :  6.46140e-08
 Reference value :  6.46900e-08
 Reference value :  6.47500e-08
 Reference value :  6.47850e-08
 Reference value :  6.48020e-08
 Reference value :  6.48300e-08
 Reference value :  6.48700e-08
 Reference value :  6.49300e-08
 Reference value :  6.49850e-08
 Reference value :  6.50060e-08
 Reference value :  6.50500e-08
 Reference value :  6.51300e-08
 Reference value :  6.51850e-08
 Reference value :  6.52060e-08
 Reference value :  6.52500e-08
 Reference value :  6.53100e-08
 Reference value :  6.53500e-08
 Reference value :  6.54000e-08
 Reference value :  6.54140e-08
 Reference value :  6.54500e-08
 Reference value :  6.55100e-08
 Reference value :  6.55850e-08
 Reference value :  6.56060e-08
 Reference value :  6.56700e-08
 Reference value :  6.57100e-08
 Reference value :  6.57500e-08
 Reference value :  6.57850e-08
 Reference value :  6.58060e-08
 Reference value :  6.58500e-08
 Reference value :  6.59100e-08
 Reference value :  6.59700e-08
 Reference value :  6.60000e-08
 Reference value :  6.60140e-08
 Reference value :  6.60500e-08
 Reference value :  6.61100e-08
 Reference value :  6.61700e-08
 Reference value :  6.62020e-08
 Reference value :  6.62300e-08
 Reference value :  6.62900e-08
 Reference value :  6.63300e-08
 Reference value :  6.63850e-08
 Reference value :  6.64140e-08
 Reference value :  6.64700e-08
 Reference value :  6.65300e-08
 Reference value :  6.65850e-08
 Reference value :  6.66060e-08
 Reference value :  6.66500e-08
 Reference value :  6.67100e-08
 Reference value :  6.67700e-08
 Reference value :  6.68060e-08
 Reference value :  6.68700e-08
 Reference value :  6.69100e-08
 Reference value :  6.69500e-08
 Reference value :  6.69850e-08
 Reference value :  6.70060e-08
 Reference value :  6.70500e-08
 Reference value :  6.70900e-08
 Reference value :  6.71300e-08
 Reference value :  6.71700e-08
 Reference value :  6.72020e-08
 Reference value :  6.72300e-08
 Reference value :  6.72700e-08
 Reference value :  6.73100e-08
 Reference value :  6.73500e-08
 Reference value :  6.74000e-08
 Reference value :  6.74140e-08
 Reference value :  6.74900e-08
 Reference value :  6.75700e-08
 Reference value :  6.76000e-08
 Reference value :  6.76300e-08
 Reference value :  6.76900e-08
 Reference value :  6.77700e-08
 Reference value :  6.78020e-08
 Reference value :  6.78500e-08
 Reference value :  6.79100e-08
 Reference value :  6.79700e-08
 Reference value :  6.80020e-08
 Reference value :  6.80300e-08
 Reference value :  6.80900e-08
 Reference value :  6.81700e-08
 Reference value :  6.82060e-08
 Reference value :  6.82500e-08
 Reference value :  6.83100e-08
 Reference value :  6.83850e-08
 Reference value :  6.84140e-08
 Reference value :  6.84700e-08
 Reference value :  6.85500e-08
 Reference value :  6.86000e-08
 Reference value :  6.86140e-08
 Reference value :  6.86900e-08
 Reference value :  6.87500e-08
 Reference value :  6.87850e-08
 Reference value :  6.88060e-08
 Reference value :  6.88500e-08
 Reference value :  6.89100e-08
 Reference value :  6.89700e-08
 Reference value :  6.90020e-08
 Reference value :  6.90300e-08
 Reference value :  6.90700e-08
 Reference value :  6.91100e-08
 Reference value :  6.91500e-08
 Reference value :  6.91850e-08
 Reference value :  6.92060e-08
 Reference value :  6.92700e-08
 Reference value :  6.93100e-08
 Reference value :  6.93700e-08
 Reference value :  6.94020e-08
 Reference value :  6.94300e-08
 Reference value :  6.94900e-08
 Reference value :  6.95500e-08
 Reference value :  6.96000e-08
 Reference value :  6.96300e-08
 Reference value :  6.96900e-08
 Reference value :  6.97500e-08
 Reference value :  6.98000e-08
 Reference value :  6.98300e-08
 Reference value :  6.99100e-08
 Reference value :  6.99700e-08
 Reference value :  7.00000e-08
 Reference value :  7.00140e-08
 Reference value :  7.00500e-08
 Reference value :  7.01100e-08
 Reference value :  7.01500e-08
 Reference value :  7.02000e-08
 Reference value :  7.02300e-08
 Reference value :  7.03100e-08
 Reference value :  7.03700e-08
 Reference value :  7.04020e-08
 Reference value :  7.04300e-08
 Reference value :  7.04900e-08
 Reference value :  7.05700e-08
 Reference value :  7.06060e-08
 Reference value :  7.06500e-08
 Reference value :  7.07100e-08
 Reference value :  7.07700e-08
 Reference value :  7.08060e-08
 Reference value :  7.08700e-08
 Reference value :  7.09300e-08
 Reference value :  7.09850e-08
 Reference value :  7.10140e-08
 Reference value :  7.10500e-08
 Reference value :  7.10900e-08
 Reference value :  7.11500e-08
 Reference value :  7.12020e-08
 Reference value :  7.12300e-08
 Reference value :  7.12900e-08
 Reference value :  7.13300e-08
 Reference value :  7.13850e-08
 Reference value :  7.14060e-08
 Reference value :  7.14700e-08
 Reference value :  7.15100e-08
 Reference value :  7.15500e-08
 Reference value :  7.15850e-08
 Reference value :  7.16020e-08
 Reference value :  7.16300e-08
 Reference value :  7.16900e-08
 Reference value :  7.17700e-08
 Reference value :  7.18060e-08
 Reference value :  7.18500e-08
 Reference value :  7.19100e-08
 Reference value :  7.19700e-08
 Reference value :  7.20060e-08
 Reference value :  7.20500e-08
 Reference value :  7.21100e-08
 Reference value :  7.21700e-08
 Reference value :  7.22020e-08
 Reference value :  7.22300e-08
 Reference value :  7.22900e-08
 Reference value :  7.23500e-08
 Reference value :  7.24020e-08
 Reference value :  7.24300e-08
 Reference value :  7.24900e-08
 Reference value :  7.25500e-08
 Reference value :  7.26000e-08
 Reference value :  7.26300e-08
 Reference value :  7.26700e-08
 Reference value :  7.27100e-08
 Reference value :  7.27500e-08
 Reference value :  7.28000e-08
 Reference value :  7.28140e-08
 Reference value :  7.28700e-08
 Reference value :  7.29300e-08
 Reference value :  7.29850e-08
 Reference value :  7.30020e-08
 Reference value :  7.30300e-08
 Reference value :  7.30900e-08
 Reference value :  7.31300e-08
 Reference value :  7.31850e-08
 Reference value :  7.32060e-08
 Reference value :  7.32500e-08
 Reference value :  7.32900e-08
 Reference value :  7.33500e-08
 Reference value :  7.34000e-08
 Reference value :  7.34300e-08
 Reference value :  7.34900e-08
 Reference value :  7.35300e-08
 Reference value :  7.36000e-08
 Reference value :  7.36140e-08
 Reference value :  7.36700e-08
 Reference value :  7.37300e-08
 Reference value :  7.37850e-08
 Reference value :  7.38060e-08
 Reference value :  7.38500e-08
 Reference value :  7.39300e-08
 Reference value :  7.39700e-08
 Reference value :  7.40000e-08
 Reference value :  7.40140e-08
 Reference value :  7.40700e-08
 Reference value :  7.41300e-08
 Reference value :  7.41850e-08
 Reference value :  7.42060e-08
 Reference value :  7.42500e-08
 Reference value :  7.43100e-08
 Reference value :  7.43700e-08
 Reference value :  7.44000e-08
 Reference value :  7.44300e-08
 Reference value :  7.44900e-08
 Reference value :  7.45500e-08
 Reference value :  7.46000e-08
 Reference value :  7.46300e-08
 Reference value :  7.46900e-08
 Reference value :  7.47300e-08
 Reference value :  7.47850e-08
 Reference value :  7.48060e-08
 Reference value :  7.48700e-08
 Reference value :  7.49300e-08
 Reference value :  7.49850e-08
 Reference value :  7.50060e-08
 Reference value :  7.50700e-08
 Reference value :  7.51300e-08
 Reference value :  7.51850e-08
 Reference value :  7.52060e-08
 Reference value :  7.52500e-08
 Reference value :  7.53100e-08
 Reference value :  7.53700e-08
 Reference value :  7.54060e-08
 Reference value :  7.54500e-08
 Reference value :  7.55100e-08
 Reference value :  7.55500e-08
 Reference value :  7.56000e-08
 Reference value :  7.56300e-08
 Reference value :  7.56900e-08
 Reference value :  7.57300e-08
 Reference value :  7.57700e-08
 Reference value :  7.58020e-08
 Reference value :  7.58300e-08
 Reference value :  7.58700e-08
 Reference value :  7.59300e-08
 Reference value :  7.59850e-08
 Reference value :  7.60140e-08
 Reference value :  7.60900e-08
 Reference value :  7.61500e-08
 Reference value :  7.61850e-08
 Reference value :  7.62060e-08
 Reference value :  7.62500e-08
 Reference value :  7.63100e-08
 Reference value :  7.63700e-08
 Reference value :  7.64060e-08
 Reference value :  7.64500e-08
 Reference value :  7.65100e-08
 Reference value :  7.65500e-08
 Reference value :  7.65850e-08
 Reference value :  7.66140e-08
 Reference value :  7.66700e-08
 Reference value :  7.67500e-08
 Reference value :  7.68020e-08
 Reference value :  7.68300e-08
 Reference value :  7.68900e-08
 Reference value :  7.69500e-08
 Reference value :  7.70020e-08
 Reference value :  7.70300e-08
 Reference value :  7.70900e-08
 Reference value :  7.71300e-08
 Reference value :  7.71850e-08
 Reference value :  7.72140e-08
 Reference value :  7.72700e-08
 Reference value :  7.73500e-08
 Reference value :  7.74020e-08
 Reference value :  7.74500e-08
 Reference value :  7.74900e-08
 Reference value :  7.75500e-08
 Reference value :  7.76020e-08
 Reference value :  7.76300e-08
 Reference value :  7.76700e-08
 Reference value :  7.77300e-08
 Reference value :  7.77850e-08
 Reference value :  7.78060e-08
 Reference value :  7.78700e-08
 Reference value :  7.79500e-08
 Reference value :  7.80020e-08
 Reference value :  7.80300e-08
 Reference value :  7.80700e-08
 Reference value :  7.81300e-08
 Reference value :  7.81850e-08
 Reference value :  7.82060e-08
 Reference value :  7.82300e-08
 Reference value :  7.82900e-08
 Reference value :  7.83500e-08
 Reference value :  7.83850e-08
 Reference value :  7.84060e-08
 Reference value :  7.84500e-08
 Reference value :  7.84900e-08
 Reference value :  7.85700e-08
 Reference value :  7.86000e-08
 Reference value :  7.86300e-08
 Reference value :  7.86700e-08
 Reference value :  7.87300e-08
 Reference value :  7.87850e-08
 Reference value :  7.88060e-08
 Reference value :  7.88500e-08
 Reference value :  7.89100e-08
 Reference value :  7.89700e-08
 Reference value :  7.90020e-08
 Reference value :  7.90500e-08
 Reference value :  7.91300e-08
 Reference value :  7.91850e-08
 Reference value :  7.92060e-08
 Reference value :  7.92500e-08
 Reference value :  7.93100e-08
 Reference value :  7.93500e-08
 Reference value :  7.94000e-08
 Reference value :  7.94140e-08
 Reference value :  7.94700e-08
 Reference value :  7.95300e-08
 Reference value :  7.95850e-08
 Reference value :  7.96060e-08
 Reference value :  7.96500e-08
 Reference value :  7.97100e-08
 Reference value :  7.97850e-08
 Reference value :  7.98140e-08
 Reference value :  7.98900e-08
 Reference value :  7.99500e-08
 Reference value :  7.99850e-08
 Reference value :  8.00140e-08
 Reference value :  8.00700e-08
 Reference value :  8.01100e-08
 Reference value :  8.01700e-08
 Reference value :  8.02000e-08
 Reference value :  8.02300e-08
 Reference value :  8.02900e-08
 Reference value :  8.03500e-08
 Reference value :  8.04000e-08
 Reference value :  8.04140e-08
 Reference value :  8.04900e-08
 Reference value :  8.05500e-08
 Reference value :  8.06000e-08
 Reference value :  8.06140e-08
 Reference value :  8.06700e-08
 Reference value :  8.07300e-08
 Reference value :  8.07700e-08
 Reference value :  8.08000e-08
 Reference value :  8.08300e-08
 Reference value :  8.08900e-08
 Reference value :  8.09500e-08
 Reference value :  8.10020e-08
 Reference value :  8.10500e-08
 Reference value :  8.11100e-08
 Reference value :  8.11700e-08
 Reference value :  8.12060e-08
 Reference value :  8.12500e-08
 Reference value :  8.12900e-08
 Reference value :  8.13500e-08
 Reference value :  8.14000e-08
 Reference value :  8.14300e-08
 Reference value :  8.14900e-08
 Reference value :  8.15500e-08
 Reference value :  8.15850e-08
 Reference value :  8.16060e-08
 Reference value :  8.16500e-08
 Reference value :  8.17100e-08
 Reference value :  8.17700e-08
 Reference value :  8.18060e-08
 Reference value :  8.18700e-08
 Reference value :  8.19100e-08
 Reference value :  8.19500e-08
 Reference value :  8.20000e-08
 Reference value :  8.20300e-08
 Reference value :  8.20900e-08
 Reference value :  8.21500e-08
 Reference value :  8.22020e-08
 Reference value :  8.22300e-08
 Reference value :  8.22700e-08
 Reference value :  8.23100e-08
 Reference value :  8.23500e-08
 Reference value :  8.24000e-08
 Reference value :  8.24300e-08
 Reference value :  8.24700e-08
 Reference value :  8.25100e-08
 Reference value :  8.25700e-08
 Reference value :  8.26020e-08
 Reference value :  8.26300e-08
 Reference value :  8.26700e-08
 Reference value :  8.27300e-08
 Reference value :  8.27850e-08
 Reference value :  8.28060e-08
 Reference value :  8.28700e-08
 Reference value :  8.29300e-08
 Reference value :  8.29850e-08
 Reference value :  8.30060e-08
 Reference value :  8.30300e-08
 Reference value :  8.30700e-08
 Reference value :  8.31300e-08
 Reference value :  8.31850e-08
 Reference value :  8.32060e-08
 Reference value :  8.32500e-08
 Reference value :  8.32900e-08
 Reference value :  8.33300e-08
 Reference value :  8.33850e-08
 Reference value :  8.34140e-08
 Reference value :  8.34700e-08
 Reference value :  8.35300e-08
 Reference value :  8.35850e-08
 Reference value :  8.36060e-08
 Reference value :  8.36500e-08
 Reference value :  8.37100e-08
 Reference value :  8.37700e-08
 Reference value :  8.38000e-08
 Reference value :  8.38300e-08
 Reference value :  8.38900e-08
 Reference value :  8.39300e-08
 Reference value :  8.39700e-08
 Reference value :  8.40020e-08
 Reference value :  8.40500e-08
 Reference value :  8.41100e-08
 Reference value :  8.41700e-08
 Reference value :  8.42000e-08
 Reference value :  8.42140e-08
 Reference value :  8.42700e-08
 Reference value :  8.43300e-08
 Reference value :  8.43850e-08
 Reference value :  8.44060e-08
 Reference value :  8.44300e-08
 Reference value :  8.44700e-08
 Reference value :  8.45300e-08
 Reference value :  8.45850e-08
 Reference value :  8.46060e-08
 Reference value :  8.46500e-08
 Reference value :  8.47100e-08
 Reference value :  8.47700e-08
 Reference value :  8.48020e-08
 Reference value :  8.48300e-08
 Reference value :  8.49100e-08
 Reference value :  8.49700e-08
 Reference value :  8.50020e-08
 Reference value :  8.50300e-08
 Reference value :  8.50900e-08
 Reference value :  8.51300e-08
 Reference value :  8.51850e-08
 Reference value :  8.52140e-08
 Reference value :  8.52900e-08
 Reference value :  8.53500e-08
 Reference value :  8.53850e-08
 Reference value :  8.54060e-08
 Reference value :  8.54300e-08
 Reference value :  8.54700e-08
 Reference value :  8.55300e-08
 Reference value :  8.55850e-08
 Reference value :  8.56140e-08
 Reference value :  8.56900e-08
 Reference value :  8.57500e-08
 Reference value :  8.58000e-08
 Reference value :  8.58300e-08
 Reference value :  8.59100e-08
 Reference value :  8.59850e-08
 Reference value :  8.60140e-08
 Reference value :  8.60700e-08
 Reference value :  8.61100e-08
 Reference value :  8.61700e-08
 Reference value :  8.62060e-08
 Reference value :  8.62500e-08
 Reference value :  8.63100e-08
 Reference value :  8.63500e-08
 Reference value :  8.64000e-08
 Reference value :  8.64300e-08
 Reference value :  8.64900e-08
 Reference value :  8.65700e-08
 Reference value :  8.66060e-08
 Reference value :  8.66500e-08
 Reference value :  8.66900e-08
 Reference value :  8.67500e-08
 Reference value :  8.68000e-08
 Reference value :  8.68140e-08
 Reference value :  8.68500e-08
 Reference value :  8.68900e-08
 Reference value :  8.69300e-08
 Reference value :  8.69850e-08
 Reference value :  8.70060e-08
 Reference value :  8.70500e-08
 Reference value :  8.71300e-08
 Reference value :  8.71850e-08
 Reference value :  8.72060e-08
 Reference value :  8.72500e-08
 Reference value :  8.73100e-08
 Reference value :  8.73850e-08
 Reference value :  8.74060e-08
 Reference value :  8.74500e-08
 Reference value :  8.74900e-08
 Reference value :  8.75500e-08
 Reference value :  8.76000e-08
 Reference value :  8.76300e-08
 Reference value :  8.76900e-08
 Reference value :  8.77500e-08
 Reference value :  8.78000e-08
 Reference value :  8.78140e-08
 Reference value :  8.78700e-08
 Reference value :  8.79300e-08
 Reference value :  8.79850e-08
 Reference value :  8.80060e-08
 Reference value :  8.80300e-08
 Reference value :  8.80700e-08
 Reference value :  8.81300e-08
 Reference value :  8.81850e-08
 Reference value :  8.82140e-08
 Reference value :  8.82700e-08
 Reference value :  8.83500e-08
 Reference value :  8.84000e-08
 Reference value :  8.84300e-08
 Reference value :  8.84700e-08
 Reference value :  8.85100e-08
 Reference value :  8.85500e-08
 Reference value :  8.86000e-08
 Reference value :  8.86300e-08
 Reference value :  8.86700e-08
 Reference value :  8.87300e-08
 Reference value :  8.87850e-08
 Reference value :  8.88020e-08
 Reference value :  8.88300e-08
 Reference value :  8.88900e-08
 Reference value :  8.89700e-08
 Reference value :  8.90060e-08
 Reference value :  8.90500e-08
 Reference value :  8.91100e-08
 Reference value :  8.91700e-08
 Reference value :  8.92020e-08
 Reference value :  8.92500e-08
 Reference value :  8.93300e-08
 Reference value :  8.93850e-08
 Reference value :  8.94140e-08
 Reference value :  8.94700e-08
 Reference value :  8.95300e-08
 Reference value :  8.95850e-08
 Reference value :  8.96140e-08
 Reference value :  8.96700e-08
 Reference value :  8.97500e-08
 Reference value :  8.98000e-08
 Reference value :  8.98140e-08
 Reference value :  8.98700e-08
 Reference value :  8.99300e-08
 Reference value :  8.99700e-08
 Reference value :  9.00020e-08
 Reference value :  9.00300e-08
 Reference value :  9.00900e-08
 Reference value :  9.01500e-08
 Reference value :  9.02020e-08
 Reference value :  9.02300e-08
 Reference value :  9.02900e-08
 Reference value :  9.03500e-08
 Reference value :  9.04000e-08
 Reference value :  9.04140e-08
 Reference value :  9.04700e-08
 Reference value :  9.05300e-08
 Reference value :  9.05850e-08
 Reference value :  9.06060e-08
 Reference value :  9.06500e-08
 Reference value :  9.07100e-08
 Reference value :  9.07700e-08
 Reference value :  9.08020e-08
 Reference value :  9.08500e-08
 Reference value :  9.09100e-08
 Reference value :  9.09500e-08
 Reference value :  9.10000e-08
 Reference value :  9.10140e-08
 Reference value :  9.10700e-08
 Reference value :  9.11300e-08
 Reference value :  9.11850e-08
 Reference value :  9.12060e-08
 Reference value :  9.12500e-08
 Reference value :  9.13100e-08
 Reference value :  9.13700e-08
 Reference value :  9.14020e-08
 Reference value :  9.14300e-08
 Reference value :  9.14700e-08
 Reference value :  9.15100e-08
 Reference value :  9.15700e-08
 Reference value :  9.16060e-08
 Reference value :  9.16500e-08
 Reference value :  9.16900e-08
 Reference value :  9.17300e-08
 Reference value :  9.17700e-08
 Reference value :  9.18060e-08
 Reference value :  9.18500e-08
 Reference value :  9.18900e-08
 Reference value :  9.19500e-08
 Reference value :  9.20000e-08
 Reference value :  9.20300e-08
 Reference value :  9.20900e-08
 Reference value :  9.21500e-08
 Reference value :  9.22000e-08
 Reference value :  9.22140e-08
 Reference value :  9.22500e-08
 Reference value :  9.23100e-08
 Reference value :  9.23700e-08
 Reference value :  9.24020e-08
 Reference value :  9.24300e-08
 Reference value :  9.24700e-08
 Reference value :  9.25300e-08
 Reference value :  9.25850e-08
 Reference value :  9.26020e-08
 Reference value :  9.26300e-08
 Reference value :  9.26700e-08
 Reference value :  9.27500e-08
 Reference value :  9.28000e-08
 Reference value :  9.28140e-08
 Reference value :  9.28500e-08
 Reference value :  9.29100e-08
 Reference value :  9.29700e-08
 Reference value :  9.30000e-08
 Reference value :  9.30140e-08
 Reference value :  9.30500e-08
 Reference value :  9.30900e-08
 Reference value :  9.31500e-08
 Reference value :  9.31850e-08
 Reference value :  9.32060e-08
 Reference value :  9.32700e-08
 Reference value :  9.33300e-08
 Reference value :  9.33850e-08
 Reference value :  9.34060e-08
 Reference value :  9.34500e-08
 Reference value :  9.35100e-08
 Reference value :  9.35700e-08
 Reference value :  9.36020e-08
 Reference value :  9.36300e-08
 Reference value :  9.36900e-08
 Reference value :  9.37300e-08
 Reference value :  9.37700e-08
 Reference value :  9.38020e-08
 Reference value :  9.38300e-08
 Reference value :  9.38700e-08
 Reference value :  9.39300e-08
 Reference value :  9.39700e-08
 Reference value :  9.40000e-08
 Reference value :  9.40140e-08
 Reference value :  9.40700e-08
 Reference value :  9.41500e-08
 Reference value :  9.41850e-08
 Reference value :  9.42060e-08
 Reference value :  9.42500e-08
 Reference value :  9.42900e-08
 Reference value :  9.43500e-08
 Reference value :  9.43850e-08
 Reference value :  9.44140e-08
 Reference value :  9.44900e-08
 Reference value :  9.45500e-08
 Reference value :  9.45850e-08
 Reference value :  9.46060e-08
 Reference value :  9.46500e-08
 Reference value :  9.47100e-08
 Reference value :  9.47700e-08
 Reference value :  9.48020e-08
 Reference value :  9.48500e-08
 Reference value :  9.49100e-08
 Reference value :  9.49500e-08
 Reference value :  9.49850e-08
 Reference value :  9.50060e-08
 Reference value :  9.50500e-08
 Reference value :  9.51100e-08
 Reference value :  9.51700e-08
 Reference value :  9.52060e-08
 Reference value :  9.52500e-08
 Reference value :  9.53100e-08
 Reference value :  9.53500e-08
 Reference value :  9.54000e-08
 Reference value :  9.54300e-08
 Reference value :  9.54900e-08
 Reference value :  9.55500e-08
 Reference value :  9.55850e-08
 Reference value :  9.56060e-08
 Reference value :  9.56500e-08
 Reference value :  9.56900e-08
 Reference value :  9.57500e-08
 Reference value :  9.58020e-08
 Reference value :  9.58300e-08
 Reference value :  9.58900e-08
 Reference value :  9.59500e-08
 Reference value :  9.60000e-08
 Reference value :  9.60300e-08
 Reference value :  9.60900e-08
 Reference value :  9.61500e-08
 Reference value :  9.61850e-08
 Reference value :  9.62020e-08
 Reference value :  9.62300e-08
 Reference value :  9.62900e-08
 Reference value :  9.63500e-08
 Reference value :  9.64000e-08
 Reference value :  9.64140e-08
 Reference value :  9.64700e-08
 Reference value :  9.65100e-08
 Reference value :  9.65500e-08
 Reference value :  9.66000e-08
 Reference value :  9.66140e-08
 Reference value :  9.66700e-08
 Reference value :  9.67300e-08
 Reference value :  9.67850e-08
 Reference value :  9.68060e-08
 Reference value :  9.68500e-08
 Reference value :  9.69100e-08
 Reference value :  9.69500e-08
 Reference value :  9.70000e-08
 Reference value :  9.70140e-08
 Reference value :  9.70700e-08
 Reference value :  9.71100e-08
 Reference value :  9.71700e-08
 Reference value :  9.72020e-08
 Reference value :  9.72300e-08
 Reference value :  9.72900e-08
 Reference value :  9.73500e-08
 Reference value :  9.73850e-08
 Reference value :  9.74060e-08
 Reference value :  9.74500e-08
 Reference value :  9.75100e-08
 Reference value :  9.75850e-08
 Reference value :  9.76140e-08
 Reference value :  9.76700e-08
 Reference value :  9.77300e-08
 Reference value :  9.77850e-08
 Reference value :  9.78140e-08
 Reference value :  9.78700e-08
 Reference value :  9.79300e-08
 Reference value :  9.80000e-08
 Reference value :  9.80140e-08
 Reference value :  9.80700e-08
 Reference value :  9.81300e-08
 Reference value :  9.82000e-08
 Reference value :  9.82300e-08
 Reference value :  9.82900e-08
 Reference value :  9.83500e-08
 Reference value :  9.83850e-08
 Reference value :  9.84060e-08
 Reference value :  9.84500e-08
 Reference value :  9.85300e-08
 Reference value :  9.85700e-08
 Reference value :  9.86020e-08
 Reference value :  9.86300e-08
 Reference value :  9.86900e-08
 Reference value :  9.87500e-08
 Reference value :  9.88000e-08
 Reference value :  9.88300e-08
 Reference value :  9.89100e-08
 Reference value :  9.89700e-08
 Reference value :  9.90020e-08
 Reference value :  9.90300e-08
 Reference value :  9.90900e-08
 Reference value :  9.91500e-08
 Reference value :  9.92000e-08
 Reference value :  9.92300e-08
 Reference value :  9.92700e-08
 Reference value :  9.93100e-08
 Reference value :  9.93700e-08
 Reference value :  9.94020e-08
 Reference value :  9.94300e-08
 Reference value :  9.94900e-08
 Reference value :  9.95500e-08
 Reference value :  9.96000e-08
 Reference value :  9.96300e-08
 Reference value :  9.96900e-08
 Reference value :  9.97300e-08
 Reference value :  9.97700e-08
 Reference value :  9.98000e-08
 Reference value :  9.98140e-08
 Reference value :  9.98500e-08
 Reference value :  9.99100e-08
 Reference value :  9.99700e-08
 Reference value :  1.00002e-07
 Reference value :  1.00030e-07
 Reference value :  1.00090e-07
 Reference value :  1.00130e-07
 Reference value :  1.00170e-07
 Reference value :  1.00200e-07
 Reference value :  1.00214e-07
 Reference value :  1.00270e-07
 Reference value :  1.00310e-07
 Reference value :  1.00370e-07
 Reference value :  1.00400e-07
 Reference value :  1.00414e-07
 Reference value :  1.00450e-07
 Reference value :  1.00490e-07
 Reference value :  1.00530e-07
 Reference value :  1.00585e-07
 Reference value :  1.00606e-07
 Reference value :  1.00650e-07
 Reference value :  1.00710e-07
 Reference value :  1.00750e-07
 Reference value :  1.00785e-07
 Reference value :  1.00806e-07
 Reference value :  1.00870e-07
 Reference value :  1.00910e-07
 Reference value :  1.00970e-07
 Reference value :  1.01002e-07
 Reference value :  1.01050e-07
 Reference value :  1.01110e-07
 Reference value :  1.01170e-07
 Reference value :  1.01200e-07
 Reference value :  1.01214e-07
 Reference value :  1.01290e-07
 Reference value :  1.01370e-07
 Reference value :  1.01406e-07
 Reference value :  1.01450e-07
 Reference value :  1.01510e-07
 Reference value :  1.01570e-07
 Reference value :  1.01602e-07
 Reference value :  1.01630e-07
 Reference value :  1.01690e-07
 Reference value :  1.01730e-07
 Reference value :  1.01770e-07
 Reference value :  1.01800e-07
 Reference value :  1.01814e-07
 Reference value :  1.01870e-07
 Reference value :  1.01950e-07
 Reference value :  1.02002e-07
 Reference value :  1.02030e-07
 Reference value :  1.02090e-07
 Reference value :  1.02150e-07
 Reference value :  1.02202e-07
 Reference value :  1.02230e-07
 Reference value :  1.02290e-07
 Reference value :  1.02330e-07
 Reference value :  1.02385e-07
 Reference value :  1.02406e-07
 Reference value :  1.02450e-07
 Reference value :  1.02490e-07
 Reference value :  1.02550e-07
 Reference value :  1.02600e-07
 Reference value :  1.02614e-07
 Reference value :  1.02650e-07
 Reference value :  1.02690e-07
 Reference value :  1.02750e-07
 Reference value :  1.02800e-07
 Reference value :  1.02814e-07
 Reference value :  1.02850e-07
 Reference value :  1.02890e-07
 Reference value :  1.02950e-07
 Reference value :  1.02985e-07
 Reference value :  1.03014e-07
 Reference value :  1.03070e-07
 Reference value :  1.03110e-07
 Reference value :  1.03170e-07
 Reference value :  1.03200e-07
 Reference value :  1.03230e-07
 Reference value :  1.03290e-07
 Reference value :  1.03350e-07
 Reference value :  1.03385e-07
 Reference value :  1.03406e-07
 Reference value :  1.03450e-07
 Reference value :  1.03490e-07
 Reference value :  1.03530e-07
 Reference value :  1.03600e-07
 Reference value :  1.03630e-07
 Reference value :  1.03690e-07
 Reference value :  1.03770e-07
 Reference value :  1.03802e-07
 Reference value :  1.03830e-07
 Reference value :  1.03890e-07
 Reference value :  1.03930e-07
 Reference value :  1.03970e-07
 Reference value :  1.04002e-07
 Reference value :  1.04030e-07
 Reference value :  1.04070e-07
 Reference value :  1.04130e-07
 Reference value :  1.04185e-07
 Reference value :  1.04206e-07
 Reference value :  1.04250e-07
 Reference value :  1.04310e-07
 Reference value :  1.04385e-07
 Reference value :  1.04414e-07
 Reference value :  1.04470e-07
 Reference value :  1.04510e-07
 Reference value :  1.04550e-07
 Reference value :  1.04600e-07
 Reference value :  1.04630e-07
 Reference value :  1.04690e-07
 Reference value :  1.04730e-07
 Reference value :  1.04785e-07
 Reference value :  1.04806e-07
 Reference value :  1.04850e-07
 Reference value :  1.04910e-07
 Reference value :  1.04970e-07
 Reference value :  1.05006e-07
 Reference value :  1.05050e-07
 Reference value :  1.05110e-07
 Reference value :  1.05170e-07
 Reference value :  1.05202e-07
 Reference value :  1.05230e-07
 Reference value :  1.05290e-07
 Reference value :  1.05350e-07
 Reference value :  1.05400e-07
 Reference value :  1.05430e-07
 Reference value :  1.05470e-07
 Reference value :  1.05510e-07
 Reference value :  1.05585e-07
 Reference value :  1.05606e-07
 Reference value :  1.05670e-07
 Reference value :  1.05730e-07
 Reference value :  1.05785e-07
 Reference value :  1.05814e-07
 Reference value :  1.05890e-07
 Reference value :  1.05930e-07
 Reference value :  1.05985e-07
 Reference value :  1.06006e-07
 Reference value :  1.06050e-07
 Reference value :  1.06110e-07
 Reference value :  1.06170e-07
 Reference value :  1.06206e-07
 Reference value :  1.06250e-07
 Reference value :  1.06310e-07
 Reference value :  1.06350e-07
 Reference value :  1.06402e-07
 Reference value :  1.06450e-07
 Reference value :  1.06510e-07
 Reference value :  1.06570e-07
 Reference value :  1.06602e-07
 Reference value :  1.06650e-07
 Reference value :  1.06710e-07
 Reference value :  1.06785e-07
 Reference value :  1.06814e-07
 Reference value :  1.06870e-07
 Reference value :  1.06930e-07
 Reference value :  1.06985e-07
 Reference value :  1.07014e-07
 Reference value :  1.07070e-07
 Reference value :  1.07130e-07
 Reference value :  1.07200e-07
 Reference value :  1.07230e-07
 Reference value :  1.07290e-07
 Reference value :  1.07330e-07
 Reference value :  1.07400e-07
 Reference value :  1.07430e-07
 Reference value :  1.07510e-07
 Reference value :  1.07570e-07
 Reference value :  1.07600e-07
 Reference value :  1.07630e-07
 Reference value :  1.07690e-07
 Reference value :  1.07770e-07
 Reference value :  1.07802e-07
 Reference value :  1.07830e-07
 Reference value :  1.07890e-07
 Reference value :  1.07950e-07
 Reference value :  1.08000e-07
 Reference value :  1.08014e-07
 Reference value :  1.08090e-07
 Reference value :  1.08170e-07
 Reference value :  1.08202e-07
 Reference value :  1.08230e-07
 Reference value :  1.08270e-07
 Reference value :  1.08350e-07
 Reference value :  1.08400e-07
 Reference value :  1.08430e-07
 Reference value :  1.08490e-07
 Reference value :  1.08550e-07
 Reference value :  1.08602e-07
 Reference value :  1.08630e-07
 Reference value :  1.08690e-07
 Reference value :  1.08750e-07
 Reference value :  1.08800e-07
 Reference value :  1.08830e-07
 Reference value :  1.08910e-07
 Reference value :  1.08970e-07
 Reference value :  1.09002e-07
 Reference value :  1.09050e-07
 Reference value :  1.09110e-07
 Reference value :  1.09170e-07
 Reference value :  1.09214e-07
 Reference value :  1.09270e-07
 Reference value :  1.09330e-07
 Reference value :  1.09385e-07
 Reference value :  1.09414e-07
 Reference value :  1.09490e-07
 Reference value :  1.09550e-07
 Reference value :  1.09600e-07
 Reference value :  1.09630e-07
 Reference value :  1.09690e-07
 Reference value :  1.09750e-07
 Reference value :  1.09800e-07
 Reference value :  1.09830e-07
 Reference value :  1.09910e-07
 Reference value :  1.09970e-07
 Reference value :  1.10002e-07
 Reference value :  1.10030e-07
 Reference value :  1.10110e-07
 Reference value :  1.10170e-07
 Reference value :  1.10206e-07
 Reference value :  1.10270e-07
 Reference value :  1.10330e-07
 Reference value :  1.10370e-07
 Reference value :  1.10402e-07
 Reference value :  1.10450e-07
 Reference value :  1.10530e-07
 Reference value :  1.10600e-07
 Reference value :  1.10630e-07
 Reference value :  1.10670e-07
 Reference value :  1.10710e-07
 Reference value :  1.10750e-07
 Reference value :  1.10802e-07
 Reference value :  1.10850e-07
 Reference value :  1.10910e-07
 Reference value :  1.10970e-07
 Reference value :  1.11002e-07
 Reference value :  1.11050e-07
 Reference value :  1.11110e-07
 Reference value :  1.11185e-07
 Reference value :  1.11214e-07
 Reference value :  1.11270e-07
 Reference value :  1.11330e-07
 Reference value :  1.11385e-07
 Reference value :  1.11414e-07
 Reference value :  1.11470e-07
 Reference value :  1.11530e-07
 Reference value :  1.11585e-07
 Reference value :  1.11606e-07
 Reference value :  1.11650e-07
 Reference value :  1.11730e-07
 Reference value :  1.11785e-07
 Reference value :  1.11814e-07
 Reference value :  1.11850e-07
 Reference value :  1.11910e-07
 Reference value :  1.11985e-07
 Reference value :  1.12014e-07
 Reference value :  1.12070e-07
 Reference value :  1.12130e-07
 Reference value :  1.12185e-07
 Reference value :  1.12206e-07
 Reference value :  1.12270e-07
 Reference value :  1.12330e-07
 Reference value :  1.12400e-07
 Reference value :  1.12414e-07
 Reference value :  1.12470e-07
 Reference value :  1.12510e-07
 Reference value :  1.12570e-07
 Reference value :  1.12602e-07
 Reference value :  1.12630e-07
 Reference value :  1.12690e-07
 Reference value :  1.12750e-07
 Reference value :  1.12800e-07
 Reference value :  1.12830e-07
 Reference value :  1.12890e-07
 Reference value :  1.12970e-07
 Reference value :  1.13006e-07
 Reference value :  1.13050e-07
 Reference value :  1.13110e-07
 Reference value :  1.13170e-07
 Reference value :  1.13202e-07
 Reference value :  1.13270e-07
 Reference value :  1.13330e-07
 Reference value :  1.13370e-07
 Reference value :  1.13400e-07
 Reference value :  1.13430e-07
 Reference value :  1.13490e-07
 Reference value :  1.13550e-07
 Reference value :  1.13602e-07
 Reference value :  1.13650e-07
 Reference value :  1.13730e-07
 Reference value :  1.13785e-07
 Reference value :  1.13806e-07
 Reference value :  1.13850e-07
 Reference value :  1.13910e-07
 Reference value :  1.13950e-07
 Reference value :  1.14000e-07
 Reference value :  1.14030e-07
 Reference value :  1.14070e-07
 Reference value :  1.14130e-07
 Reference value :  1.14185e-07
 Reference value :  1.14214e-07
 Reference value :  1.14270e-07
 Reference value :  1.14330e-07
 Reference value :  1.14385e-07
 Reference value :  1.14406e-07
 Reference value :  1.14470e-07
 Reference value :  1.14510e-07
 Reference value :  1.14550e-07
 Reference value :  1.14600e-07
 Reference value :  1.14614e-07
 Reference value :  1.14650e-07
 Reference value :  1.14690e-07
 Reference value :  1.14730e-07
 Reference value :  1.14800e-07
 Reference value :  1.14830e-07
 Reference value :  1.14910e-07
 Reference value :  1.14970e-07
 Reference value :  1.15000e-07
 Reference value :  1.15000e-07
No. of Data Rows : 7492
vmax_ss             =  1.64019e+00 at=  1.00402e-07
vmin_ss             =  -2.52798e-02 at=  1.02014e-07
tk                  =  4.00913e-09
tk                  =  7.08389e-09
tk                  =  1.01560e-08
tk                  =  1.32314e-08
tk                  =  1.63103e-08
tk                  =  1.93888e-08
tk                  =  2.24648e-08
tk                  =  2.55416e-08
tk                  =  2.86201e-08
tk                  =  3.16916e-08
tk                  =  3.47728e-08
tk                  =  3.78506e-08
tk                  =  4.09256e-08
tk                  =  4.40035e-08
tk                  =  4.70802e-08
tk                  =  5.01614e-08
tk                  =  5.32402e-08
tk                  =  5.63111e-08
tk                  =  5.93874e-08
tk                  =  6.24602e-08
tk                  =  6.55308e-08
vmax_ss = 1.640191e+00
vmin_ss = -2.52798e-02
swing_frac = 9.252615e-01
tbar = 3.076084e-09
sigma_1 = 3.199859e-12
sigma_2 = 4.625119e-12
sigma_4 = 6.550116e-12
sigma_8 = 9.628544e-12
Note: Simulation executed from .control section 

----- stderr -----

Checking parameters for BSIM 4.5 model x4.xmn:nshort_model.48
Warning: Eta0 = -0.0286127 is negative.

Checking parameters for BSIM 4.5 model x4.xmph:pshort_model.44
Warning: Eta0 = -0.00221468 is negative.

Checking parameters for BSIM 4.5 model x3.xmn:nshort_model.48
Warning: Eta0 = -0.0286127 is negative.

Checking parameters for BSIM 4.5 model x3.xmph:pshort_model.44
Warning: Eta0 = -0.00221468 is negative.

Checking parameters for BSIM 4.5 model x2.xmn:nshort_model.48
Warning: Eta0 = -0.0286127 is negative.

Checking parameters for BSIM 4.5 model x2.xmph:pshort_model.44
Warning: Eta0 = -0.00221468 is negative.

Checking parameters for BSIM 4.5 model x1.xmn:nshort_model.48
Warning: Eta0 = -0.0286127 is negative.

Checking parameters for BSIM 4.5 model x1.xmph:pshort_model.44
Warning: Eta0 = -0.00221468 is negative.

Checking parameters for BSIM 4.5 model xg.xmph:pshort_model.44
Warning: Eta0 = -0.00221468 is negative.

