|* ro_ring5 transient-noise jitter accumulation -- issue #10 flagship config
|*
|* Purpose: issue #10 acceptance criterion 2. Measures period T0 (`tbar`)
|* and jitter accumulation sigma_1/sigma_2/sigma_4/sigma_8 (`sigma_N`) for
|* design/ro_ring5.spice's 5-stage starved ring (1 ro_nand2 enable/stop
|* stage + 4 ro_stage delay cells -- design/README.md's "the cheap
|* transient-noise vehicle for the jitter characterization", explicitly
|* named in design/xschem/ for exactly this purpose), across the sky130
|* PVT grid.
|*
|* This is the campaign's FULL 27-point-grid flagship configuration (the
|* full {tt,ss,ff} x {-40,27,125 degC} x {nominal +/-10% supply} grid, per
|* spec/porting-plan.md Sec 3.1/DR-0006-style reduced-grid convention).
|* design/ro_ring11.sch (the actual 11-stage array ring) is the more
|* expensive config and is only run at the 3 PVT headline points -- see
|* tb_ro_ring11_jitter.spice's own header for why, and this ring's own
|* wall-clock-cost re-measurement below.
|*
|* Method (adapted from gf180-trng's sim/tb/ro-inv-05stage-jitter/, cited by
|* spec/porting-plan.md Sec 3.2 as "device-physics testbenches (re-run on
|* sky130 devices, not ported as evidence)"): ngspice's own .tran analysis
|* does not include intrinsic BSIM4 device noise (this is a general ngspice
|* architecture fact, not a PDK-specific one -- confirmed against this
|* checkout's own ngspice build during this campaign's development: a
|* purely deterministic .tran of this same ring, no injected sources at
|* all, converges to a bit-exact repeating period with zero run-to-run
|* seed sensitivity). So every stage's input carries an explicit trnoise()
|* voltage source, in series, exactly mirroring gf180-trng's per-stage
|* injection topology (ro -> gA -> nand2 -> n1 -> gB -> stage1 -> n2 -> ...
|* -> n4 -> gE -> stage4 -> ro).
|*
|* trnoise() calibration: NA=2.0e-3 (V rms), NT=2e-10 (s) -> one-sided
|* injected PSD S_inj = 2*NA^2*NT = 1.6e-15 V^2/Hz (4.0e-08 V/sqrt(Hz)),
|* anchored to sim/ro-stage-noise-mechanism-check/records/
|* 20260825-022446-d58d709.md's own measured onoise_spectrum density near
|* 1 GHz (~4.0e-08 V/sqrt(Hz) at tt, the closest sampled frequency to this
|* ring's own oscillation band) -- the same "anchor the fixed injection
|* level to the device's own measured near-oscillation-band noise density"
|* method gf180-trng's characterization-ro-delay-cell-jitter.md documents
|* (see its "Device .noise cross-check" section), simplified here to a
|* single anchor point rather than a full new per-corner device-.noise
|* sweep (out of this issue's budget -- see this record's caveats).
|* NT=2e-10 gives an implied noise bandwidth (~1/(2*NT) = 2.5 GHz) safely
|* above every oscillation frequency measured in this campaign's own grid.
|* CAVEAT: this is a single fixed injection level, not re-measured per
|* corner -- treat every sigma_N figure below as good to a factor of
|* roughly 1.5-2x, per gf180-trng's own precedent for the same method
|* (its characterization-ro-delay-cell-jitter.md's "Safe to size against"
|* item 5).
|*
|* Wall-clock cost, re-measured for sky130 (spec/porting-plan.md Sec 2.2
|* explicitly asks for this re-measurement rather than assuming gf180-trng's
|* own ~130-150s/run figure ports). Measured on this campaign's development
|* machine (8-core x86-64, ngspice-46, sky130A c6d73a35):
|*
|*   - ~1.9 s of wall clock per simulated ns for this 5-stage ring at
|*     `.tran 5p`, i.e. ~215 s per corner point at this deck's 115 ns tstop.
|*   - That cost is set by the transient step count, NOT by trnoise(): the
|*     same ring, same tstop, same max step, with the trnoise() sources
|*     replaced by plain `dc 0` sources, measured within a few percent of
|*     the same wall clock. (An earlier draft of this header asserted a
|*     ~475x trnoise penalty at NT=1e-11; that figure did not survive
|*     re-measurement at NT=2e-10 and has been struck.)
|*   - ro_ring11 is ~2.2x the devices AND ~2.2x the period, so it costs
|*     ~5x per measured period. That is why THIS ring, not ro_ring11, is
|*     the full-27-point-grid flagship and ro_ring11 runs only the 3
|*     headline points -- exactly the DR-0006 cost/coverage trade-off,
|*     re-measured on sky130 rather than inherited.
|*
|* tstop = 115 ns is sized from a deterministic (noise-free) period probe
|* run over the grid's extremes before this deck was fixed: the slowest
|* corner measured is 4.82 ns/period (ss / -40 degC / 1.62 V; the low-supply
|* edge dominates -- ss/1.98 V runs 2.02 ns/period, a 2.4x supply swing,
|* while -40 -> +125 degC at fixed supply moves it under 2%). 21 rising
|* crossings therefore need <= 5 + 20 x 4.82 = 101 ns, and 115 ns carries
|* the margin. A single uniform tstop across all 27 points (rather than a
|* per-corner one) keeps every record's measurement window identical.
|*
|* 20 periods measured (21 rising crossings, rise=2..22; the first rising
|* edge is discarded as `.ic` startup transient, per gf180-trng's own
|* convention), NOT gf180-trng's 128 -- a budget-driven reduction, made
|* deliberately per spec/porting-plan.md Sec 2.2's prompt to re-measure
|* DR-0006's cost/coverage trade-off rather than copy it: 128 periods at
|* this ring's worst-corner 4.82 ns period would need a ~620 ns tstop, ~20
|* min per corner point, ~9 h for the 27-point grid alone. CAVEAT: with 20
|* period samples the sigma_1 estimator itself carries ~16% (1-sigma)
|* statistical error, hence ~32% on sigma_1^2 and therefore on Q -- that is
|* the resolution floor for any corner-to-corner Q comparison read off this
|* grid, and the reduction in sim/ro-array-sizing/ states it as such.
|* sigma_1/sigma_2/sigma_4/sigma_8 only (no sigma_16/sigma_32 --
|* gf180-trng's own accumulated-jitter figures at N>=16 were themselves
|* flagged as "not yet resolvable trends" even at their much larger
|* period/seed count). CAVEAT: single seed per PVT point (gf180-trng used
|* >=4) -- seed-to-seed spread is NOT characterized by this campaign; a
|* documented gap, not a silent omission. The seed is deliberately held
|* CONSTANT across every point of the grid (common random numbers), so
|* corner-to-corner Q differences are not additionally confounded by
|* seed-to-seed variation.
|*
|* This file is a TEMPLATE: sim/bin/corner-run.py substitutes /home/ubuntu/.volare/volare/sky130/versions/c6d73a35f524070e85faff4a6a9eef49553ebc2b/sky130A/libs.tech/combined/sky130.lib.spice,
|* tt (process axis), /home/ubuntu/GitHub/sky130-trng/.loom/worktrees/issue-10/design/ro_ring5.spice (unused by this file -- the ring
|* is built in place from ro_nand2/ro_stage, both defined by
|* design/ro_ring5.spice, which /home/ubuntu/GitHub/sky130-trng/.loom/worktrees/issue-10/design/ro_ring5.spice still names, so --ro-ring5's
|* default is exactly the file this deck needs .include'd), 27.0/1.8
|* (the other two PVT axes) and 1 (this run's `.option seed=`). As
|* committed here this is not a runnable deck.
|
|.option scale=1u
|.lib "/home/ubuntu/.volare/volare/sky130/versions/c6d73a35f524070e85faff4a6a9eef49553ebc2b/sky130A/libs.tech/combined/sky130.lib.spice" tt
|
|.include "/home/ubuntu/GitHub/sky130-trng/.loom/worktrees/issue-10/design/ro_ring5.spice"
|
|.temp 27.0
|.option seed=1
|
|Vddr vddr 0 dc 1.8
|Ven en 0 dc 1.8
|
|xg gA en n1 vddr 0 ro_nand2
|VnA gA ro dc 0 trnoise(2.0e-3 2e-10 0 0)
|x1 gB n2 vddr 0 ro_stage
|VnB gB n1 dc 0 trnoise(2.0e-3 2e-10 0 0)
|x2 gC n3 vddr 0 ro_stage
|VnC gC n2 dc 0 trnoise(2.0e-3 2e-10 0 0)
|x3 gD n4 vddr 0 ro_stage
|VnD gD n3 dc 0 trnoise(2.0e-3 2e-10 0 0)
|x4 gE ro vddr 0 ro_stage
|VnE gE n4 dc 0 trnoise(2.0e-3 2e-10 0 0)
|
|.ic v(ro)=0 v(n1)=1.8 v(n2)=0 v(n3)=1.8 v(n4)=0
|
|.tran 20p 115n uic
|
|.control
|run
|meas tran vmax_ss MAX v(ro) from=20n to=115n
|meas tran vmin_ss MIN v(ro) from=20n to=115n
|let swing_frac = (vmax_ss - vmin_ss) / 1.8
|let k = 2
|let tc = vector(21)
|while k <= 22
|  meas tran tk when v(ro)=0.5*1.8 rise=$&k
|  let tc[k-2] = tk
|  let k = k + 1
|end
|let tbar = (tc[20] - tc[0])/20
|let r1 = (tc[1,20] - tc[0,19]) - 1*tbar
|let r2 = (tc[2,20] - tc[0,18]) - 2*tbar
|let r4 = (tc[4,20] - tc[0,16]) - 4*tbar
|let r8 = (tc[8,20] - tc[0,12]) - 8*tbar
|let sigma_1 = sqrt(mean(r1*r1)/(1 - 1/20))
|let sigma_2 = sqrt(mean(r2*r2)/(1 - 2/20))
|let sigma_4 = sqrt(mean(r4*r4)/(1 - 4/20))
|let sigma_8 = sqrt(mean(r8*r8)/(1 - 8/20))
|print vmax_ss
|print vmin_ss
|print swing_frac
|print tbar
|print sigma_1
|print sigma_2
|print sigma_4
|print sigma_8
|.endc
|.end
|

----- stdout -----

Note: No compatibility mode selected!


Circuit: * ro_ring5 transient-noise jitter accumulation -- issue #10 flagship config

Doing analysis at TEMP = 27.000000 and TNOM = 27.000000

Using SPARSE 1.3 as Direct Linear Solver
Operating point simulation skipped by 'uic',
  now using transient initial conditions.
 Reference value :  2.00000e-13
 Reference value :  2.25071e-13
 Reference value :  5.76059e-13
 Reference value :  4.51922e-12
 Reference value :  1.56205e-11
 Reference value :  3.31385e-11
 Reference value :  6.71528e-11
 Reference value :  1.07153e-10
 Reference value :  1.67153e-10
 Reference value :  2.06000e-10
 Reference value :  2.50000e-10
 Reference value :  3.30000e-10
 Reference value :  4.00000e-10
 Reference value :  4.14000e-10
 Reference value :  4.70000e-10
 Reference value :  5.30000e-10
 Reference value :  5.85000e-10
 Reference value :  6.14000e-10
 Reference value :  6.90000e-10
 Reference value :  7.85000e-10
 Reference value :  8.14000e-10
 Reference value :  8.50000e-10
 Reference value :  9.10000e-10
 Reference value :  9.85000e-10
 Reference value :  1.00600e-09
 Reference value :  1.05000e-09
 Reference value :  1.11000e-09
 Reference value :  1.17000e-09
 Reference value :  1.21400e-09
 Reference value :  1.27000e-09
 Reference value :  1.33000e-09
 Reference value :  1.40000e-09
 Reference value :  1.45000e-09
 Reference value :  1.51000e-09
 Reference value :  1.55000e-09
 Reference value :  1.60000e-09
 Reference value :  1.63000e-09
 Reference value :  1.71000e-09
 Reference value :  1.77000e-09
 Reference value :  1.81400e-09
 Reference value :  1.87000e-09
 Reference value :  1.95000e-09
 Reference value :  2.00200e-09
 Reference value :  2.07000e-09
 Reference value :  2.13000e-09
 Reference value :  2.18500e-09
 Reference value :  2.23000e-09
 Reference value :  2.31000e-09
 Reference value :  2.38500e-09
 Reference value :  2.40600e-09
 Reference value :  2.45000e-09
 Reference value :  2.49000e-09
 Reference value :  2.55000e-09
 Reference value :  2.60000e-09
 Reference value :  2.60600e-09
 Reference value :  2.65000e-09
 Reference value :  2.69000e-09
 Reference value :  2.75000e-09
 Reference value :  2.78500e-09
 Reference value :  2.80600e-09
 Reference value :  2.85000e-09
 Reference value :  2.91000e-09
 Reference value :  2.97000e-09
 Reference value :  3.00200e-09
 Reference value :  3.03000e-09
 Reference value :  3.11000e-09
 Reference value :  3.15000e-09
 Reference value :  3.18500e-09
 Reference value :  3.20600e-09
 Reference value :  3.25000e-09
 Reference value :  3.31000e-09
 Reference value :  3.35000e-09
 Reference value :  3.40200e-09
 Reference value :  3.43000e-09
 Reference value :  3.49000e-09
 Reference value :  3.55000e-09
 Reference value :  3.60000e-09
 Reference value :  3.63000e-09
 Reference value :  3.67000e-09
 Reference value :  3.73000e-09
 Reference value :  3.78500e-09
 Reference value :  3.81400e-09
 Reference value :  3.89000e-09
 Reference value :  3.95000e-09
 Reference value :  4.00200e-09
 Reference value :  4.03000e-09
 Reference value :  4.07000e-09
 Reference value :  4.13000e-09
 Reference value :  4.17000e-09
 Reference value :  4.20600e-09
 Reference value :  4.25000e-09
 Reference value :  4.29000e-09
 Reference value :  4.33000e-09
 Reference value :  4.37000e-09
 Reference value :  4.40000e-09
 Reference value :  4.41400e-09
 Reference value :  4.47000e-09
 Reference value :  4.51000e-09
 Reference value :  4.57000e-09
 Reference value :  4.60000e-09
 Reference value :  4.61400e-09
 Reference value :  4.67000e-09
 Reference value :  4.73000e-09
 Reference value :  4.78500e-09
 Reference value :  4.80600e-09
 Reference value :  4.85000e-09
 Reference value :  4.89000e-09
 Reference value :  4.93000e-09
 Reference value :  4.97000e-09
 Reference value :  5.00200e-09
 Reference value :  5.03000e-09
 Reference value :  5.07000e-09
 Reference value :  5.11000e-09
 Reference value :  5.15000e-09
 Reference value :  5.18500e-09
 Reference value :  5.20600e-09
 Reference value :  5.25000e-09
 Reference value :  5.31000e-09
 Reference value :  5.37000e-09
 Reference value :  5.40000e-09
 Reference value :  5.41400e-09
 Reference value :  5.45000e-09
 Reference value :  5.51000e-09
 Reference value :  5.55000e-09
 Reference value :  5.58500e-09
 Reference value :  5.60600e-09
 Reference value :  5.63000e-09
 Reference value :  5.67000e-09
 Reference value :  5.71000e-09
 Reference value :  5.75000e-09
 Reference value :  5.78500e-09
 Reference value :  5.80600e-09
 Reference value :  5.85000e-09
 Reference value :  5.89000e-09
 Reference value :  5.95000e-09
 Reference value :  6.00000e-09
 Reference value :  6.01400e-09
 Reference value :  6.05000e-09
 Reference value :  6.09000e-09
 Reference value :  6.13000e-09
 Reference value :  6.17000e-09
 Reference value :  6.20200e-09
 Reference value :  6.23000e-09
 Reference value :  6.27000e-09
 Reference value :  6.33000e-09
 Reference value :  6.38500e-09
 Reference value :  6.41400e-09
 Reference value :  6.47000e-09
 Reference value :  6.51000e-09
 Reference value :  6.57000e-09
 Reference value :  6.60200e-09
 Reference value :  6.63000e-09
 Reference value :  6.67000e-09
 Reference value :  6.71000e-09
 Reference value :  6.75000e-09
 Reference value :  6.78500e-09
 Reference value :  6.80600e-09
 Reference value :  6.85000e-09
 Reference value :  6.91000e-09
 Reference value :  6.95000e-09
 Reference value :  6.98500e-09
 Reference value :  7.00600e-09
 Reference value :  7.05000e-09
 Reference value :  7.09000e-09
 Reference value :  7.13000e-09
 Reference value :  7.18500e-09
 Reference value :  7.21400e-09
 Reference value :  7.27000e-09
 Reference value :  7.33000e-09
 Reference value :  7.37000e-09
 Reference value :  7.40200e-09
 Reference value :  7.43000e-09
 Reference value :  7.49000e-09
 Reference value :  7.53000e-09
 Reference value :  7.57000e-09
 Reference value :  7.60000e-09
 Reference value :  7.61400e-09
 Reference value :  7.67000e-09
 Reference value :  7.73000e-09
 Reference value :  7.78500e-09
 Reference value :  7.81400e-09
 Reference value :  7.87000e-09
 Reference value :  7.93000e-09
 Reference value :  7.97000e-09
 Reference value :  8.00000e-09
 Reference value :  8.01400e-09
 Reference value :  8.05000e-09
 Reference value :  8.09000e-09
 Reference value :  8.13000e-09
 Reference value :  8.18500e-09
 Reference value :  8.20600e-09
 Reference value :  8.25000e-09
 Reference value :  8.29000e-09
 Reference value :  8.35000e-09
 Reference value :  8.38500e-09
 Reference value :  8.41400e-09
 Reference value :  8.45000e-09
 Reference value :  8.49000e-09
 Reference value :  8.53000e-09
 Reference value :  8.57000e-09
 Reference value :  8.60200e-09
 Reference value :  8.63000e-09
 Reference value :  8.69000e-09
 Reference value :  8.73000e-09
 Reference value :  8.77000e-09
 Reference value :  8.80000e-09
 Reference value :  8.81400e-09
 Reference value :  8.87000e-09
 Reference value :  8.91000e-09
 Reference value :  8.95000e-09
 Reference value :  8.98500e-09
 Reference value :  9.00600e-09
 Reference value :  9.05000e-09
 Reference value :  9.09000e-09
 Reference value :  9.15000e-09
 Reference value :  9.20000e-09
 Reference value :  9.21400e-09
 Reference value :  9.25000e-09
 Reference value :  9.31000e-09
 Reference value :  9.35000e-09
 Reference value :  9.38500e-09
 Reference value :  9.40600e-09
 Reference value :  9.45000e-09
 Reference value :  9.51000e-09
 Reference value :  9.57000e-09
 Reference value :  9.60200e-09
 Reference value :  9.65000e-09
 Reference value :  9.71000e-09
 Reference value :  9.77000e-09
 Reference value :  9.80000e-09
 Reference value :  9.81400e-09
 Reference value :  9.85000e-09
 Reference value :  9.91000e-09
 Reference value :  9.95000e-09
 Reference value :  9.98500e-09
 Reference value :  1.00060e-08
 Reference value :  1.00500e-08
 Reference value :  1.00900e-08
 Reference value :  1.01300e-08
 Reference value :  1.01850e-08
 Reference value :  1.02060e-08
 Reference value :  1.02500e-08
 Reference value :  1.02900e-08
 Reference value :  1.03300e-08
 Reference value :  1.03850e-08
 Reference value :  1.04060e-08
 Reference value :  1.04500e-08
 Reference value :  1.05100e-08
 Reference value :  1.05500e-08
 Reference value :  1.05850e-08
 Reference value :  1.06060e-08
 Reference value :  1.06700e-08
 Reference value :  1.07100e-08
 Reference value :  1.07500e-08
 Reference value :  1.07850e-08
 Reference value :  1.08060e-08
 Reference value :  1.08500e-08
 Reference value :  1.08900e-08
 Reference value :  1.09300e-08
 Reference value :  1.09700e-08
 Reference value :  1.10020e-08
 Reference value :  1.10300e-08
 Reference value :  1.10900e-08
 Reference value :  1.11500e-08
 Reference value :  1.11850e-08
 Reference value :  1.12060e-08
 Reference value :  1.12500e-08
 Reference value :  1.13100e-08
 Reference value :  1.13500e-08
 Reference value :  1.13850e-08
 Reference value :  1.14060e-08
 Reference value :  1.14500e-08
 Reference value :  1.14900e-08
 Reference value :  1.15300e-08
 Reference value :  1.15850e-08
 Reference value :  1.16060e-08
 Reference value :  1.16500e-08
 Reference value :  1.16900e-08
 Reference value :  1.17500e-08
 Reference value :  1.18000e-08
 Reference value :  1.18140e-08
 Reference value :  1.18700e-08
 Reference value :  1.19100e-08
 Reference value :  1.19500e-08
 Reference value :  1.19850e-08
 Reference value :  1.20060e-08
 Reference value :  1.20500e-08
 Reference value :  1.21100e-08
 Reference value :  1.21700e-08
 Reference value :  1.22000e-08
 Reference value :  1.22140e-08
 Reference value :  1.22500e-08
 Reference value :  1.22900e-08
 Reference value :  1.23500e-08
 Reference value :  1.23850e-08
 Reference value :  1.24060e-08
 Reference value :  1.24300e-08
 Reference value :  1.24900e-08
 Reference value :  1.25300e-08
 Reference value :  1.25700e-08
 Reference value :  1.26020e-08
 Reference value :  1.26300e-08
 Reference value :  1.26700e-08
 Reference value :  1.27100e-08
 Reference value :  1.27500e-08
 Reference value :  1.28000e-08
 Reference value :  1.28140e-08
 Reference value :  1.28700e-08
 Reference value :  1.29100e-08
 Reference value :  1.29700e-08
 Reference value :  1.30020e-08
 Reference value :  1.30300e-08
 Reference value :  1.30900e-08
 Reference value :  1.31300e-08
 Reference value :  1.31700e-08
 Reference value :  1.32020e-08
 Reference value :  1.32300e-08
 Reference value :  1.32900e-08
 Reference value :  1.33300e-08
 Reference value :  1.33850e-08
 Reference value :  1.34060e-08
 Reference value :  1.34500e-08
 Reference value :  1.35100e-08
 Reference value :  1.35700e-08
 Reference value :  1.36000e-08
 Reference value :  1.36140e-08
 Reference value :  1.36500e-08
 Reference value :  1.37100e-08
 Reference value :  1.37500e-08
 Reference value :  1.38000e-08
 Reference value :  1.38140e-08
 Reference value :  1.38500e-08
 Reference value :  1.38900e-08
 Reference value :  1.39500e-08
 Reference value :  1.39850e-08
 Reference value :  1.40020e-08
 Reference value :  1.40300e-08
 Reference value :  1.40700e-08
 Reference value :  1.41300e-08
 Reference value :  1.41850e-08
 Reference value :  1.42020e-08
 Reference value :  1.42300e-08
 Reference value :  1.42700e-08
 Reference value :  1.43100e-08
 Reference value :  1.43500e-08
 Reference value :  1.43850e-08
 Reference value :  1.44060e-08
 Reference value :  1.44500e-08
 Reference value :  1.45100e-08
 Reference value :  1.45700e-08
 Reference value :  1.46000e-08
 Reference value :  1.46300e-08
 Reference value :  1.46700e-08
 Reference value :  1.47100e-08
 Reference value :  1.47700e-08
 Reference value :  1.48000e-08
 Reference value :  1.48300e-08
 Reference value :  1.48700e-08
 Reference value :  1.49100e-08
 Reference value :  1.49500e-08
 Reference value :  1.50000e-08
 Reference value :  1.50140e-08
 Reference value :  1.50700e-08
 Reference value :  1.51300e-08
 Reference value :  1.51850e-08
 Reference value :  1.52060e-08
 Reference value :  1.52500e-08
 Reference value :  1.52900e-08
 Reference value :  1.53300e-08
 Reference value :  1.53700e-08
 Reference value :  1.54020e-08
 Reference value :  1.54500e-08
 Reference value :  1.54900e-08
 Reference value :  1.55300e-08
 Reference value :  1.55700e-08
 Reference value :  1.56020e-08
 Reference value :  1.56300e-08
 Reference value :  1.56900e-08
 Reference value :  1.57300e-08
 Reference value :  1.57700e-08
 Reference value :  1.58000e-08
 Reference value :  1.58300e-08
 Reference value :  1.58700e-08
 Reference value :  1.59300e-08
 Reference value :  1.59850e-08
 Reference value :  1.60060e-08
 Reference value :  1.60500e-08
 Reference value :  1.61100e-08
 Reference value :  1.61700e-08
 Reference value :  1.62020e-08
 Reference value :  1.62300e-08
 Reference value :  1.62900e-08
 Reference value :  1.63300e-08
 Reference value :  1.63700e-08
 Reference value :  1.64060e-08
 Reference value :  1.64500e-08
 Reference value :  1.64900e-08
 Reference value :  1.65300e-08
 Reference value :  1.65850e-08
 Reference value :  1.66140e-08
 Reference value :  1.66700e-08
 Reference value :  1.67100e-08
 Reference value :  1.67500e-08
 Reference value :  1.68000e-08
 Reference value :  1.68140e-08
 Reference value :  1.68500e-08
 Reference value :  1.69100e-08
 Reference value :  1.69850e-08
 Reference value :  1.70060e-08
 Reference value :  1.70500e-08
 Reference value :  1.71100e-08
 Reference value :  1.71700e-08
 Reference value :  1.72020e-08
 Reference value :  1.72300e-08
 Reference value :  1.72700e-08
 Reference value :  1.73300e-08
 Reference value :  1.73700e-08
 Reference value :  1.74000e-08
 Reference value :  1.74140e-08
 Reference value :  1.74700e-08
 Reference value :  1.75300e-08
 Reference value :  1.75850e-08
 Reference value :  1.76140e-08
 Reference value :  1.76700e-08
 Reference value :  1.77300e-08
 Reference value :  1.77700e-08
 Reference value :  1.78000e-08
 Reference value :  1.78140e-08
 Reference value :  1.78700e-08
 Reference value :  1.79100e-08
 Reference value :  1.79700e-08
 Reference value :  1.80020e-08
 Reference value :  1.80300e-08
 Reference value :  1.80900e-08
 Reference value :  1.81500e-08
 Reference value :  1.81850e-08
 Reference value :  1.82060e-08
 Reference value :  1.82500e-08
 Reference value :  1.83100e-08
 Reference value :  1.83700e-08
 Reference value :  1.84020e-08
 Reference value :  1.84300e-08
 Reference value :  1.84900e-08
 Reference value :  1.85700e-08
 Reference value :  1.86000e-08
 Reference value :  1.86300e-08
 Reference value :  1.86900e-08
 Reference value :  1.87300e-08
 Reference value :  1.87850e-08
 Reference value :  1.88060e-08
 Reference value :  1.88500e-08
 Reference value :  1.89100e-08
 Reference value :  1.89500e-08
 Reference value :  1.89850e-08
 Reference value :  1.90060e-08
 Reference value :  1.90500e-08
 Reference value :  1.90900e-08
 Reference value :  1.91500e-08
 Reference value :  1.92000e-08
 Reference value :  1.92140e-08
 Reference value :  1.92700e-08
 Reference value :  1.93500e-08
 Reference value :  1.94000e-08
 Reference value :  1.94140e-08
 Reference value :  1.94700e-08
 Reference value :  1.95100e-08
 Reference value :  1.95700e-08
 Reference value :  1.96020e-08
 Reference value :  1.96300e-08
 Reference value :  1.96700e-08
 Reference value :  1.97300e-08
 Reference value :  1.97850e-08
 Reference value :  1.98060e-08
 Reference value :  1.98500e-08
 Reference value :  1.99100e-08
 Reference value :  1.99700e-08
 Reference value :  2.00020e-08
 Reference value :  2.00300e-08
 Reference value :  2.00700e-08
 Reference value :  2.01100e-08
 Reference value :  2.01700e-08
 Reference value :  2.02020e-08
 Reference value :  2.02300e-08
 Reference value :  2.02700e-08
 Reference value :  2.03300e-08
 Reference value :  2.03700e-08
 Reference value :  2.04000e-08
 Reference value :  2.04300e-08
 Reference value :  2.04700e-08
 Reference value :  2.05100e-08
 Reference value :  2.05700e-08
 Reference value :  2.06020e-08
 Reference value :  2.06300e-08
 Reference value :  2.06900e-08
 Reference value :  2.07500e-08
 Reference value :  2.08000e-08
 Reference value :  2.08300e-08
 Reference value :  2.08900e-08
 Reference value :  2.09300e-08
 Reference value :  2.09850e-08
 Reference value :  2.10060e-08
 Reference value :  2.10300e-08
 Reference value :  2.10900e-08
 Reference value :  2.11300e-08
 Reference value :  2.11850e-08
 Reference value :  2.12060e-08
 Reference value :  2.12700e-08
 Reference value :  2.13300e-08
 Reference value :  2.13850e-08
 Reference value :  2.14060e-08
 Reference value :  2.14700e-08
 Reference value :  2.15100e-08
 Reference value :  2.15500e-08
 Reference value :  2.15850e-08
 Reference value :  2.16060e-08
 Reference value :  2.16500e-08
 Reference value :  2.17100e-08
 Reference value :  2.17850e-08
 Reference value :  2.18140e-08
 Reference value :  2.18700e-08
 Reference value :  2.19100e-08
 Reference value :  2.19500e-08
 Reference value :  2.20000e-08
 Reference value :  2.20140e-08
 Reference value :  2.20700e-08
 Reference value :  2.21100e-08
 Reference value :  2.21700e-08
 Reference value :  2.22000e-08
 Reference value :  2.22140e-08
 Reference value :  2.22700e-08
 Reference value :  2.23300e-08
 Reference value :  2.23700e-08
 Reference value :  2.24000e-08
 Reference value :  2.24140e-08
 Reference value :  2.24700e-08
 Reference value :  2.25300e-08
 Reference value :  2.25700e-08
 Reference value :  2.26020e-08
 Reference value :  2.26300e-08
 Reference value :  2.26700e-08
 Reference value :  2.27300e-08
 Reference value :  2.27700e-08
 Reference value :  2.28020e-08
 Reference value :  2.28300e-08
 Reference value :  2.28700e-08
 Reference value :  2.29100e-08
 Reference value :  2.29700e-08
 Reference value :  2.30020e-08
 Reference value :  2.30300e-08
 Reference value :  2.30700e-08
 Reference value :  2.31100e-08
 Reference value :  2.31500e-08
 Reference value :  2.32000e-08
 Reference value :  2.32300e-08
 Reference value :  2.32700e-08
 Reference value :  2.33100e-08
 Reference value :  2.33700e-08
 Reference value :  2.34060e-08
 Reference value :  2.34500e-08
 Reference value :  2.35100e-08
 Reference value :  2.35500e-08
 Reference value :  2.35850e-08
 Reference value :  2.36060e-08
 Reference value :  2.36700e-08
 Reference value :  2.37300e-08
 Reference value :  2.37700e-08
 Reference value :  2.38000e-08
 Reference value :  2.38140e-08
 Reference value :  2.38500e-08
 Reference value :  2.39100e-08
 Reference value :  2.39500e-08
 Reference value :  2.40000e-08
 Reference value :  2.40140e-08
 Reference value :  2.40500e-08
 Reference value :  2.41100e-08
 Reference value :  2.41500e-08
 Reference value :  2.42020e-08
 Reference value :  2.42300e-08
 Reference value :  2.42900e-08
 Reference value :  2.43500e-08
 Reference value :  2.43850e-08
 Reference value :  2.44060e-08
 Reference value :  2.44500e-08
 Reference value :  2.44900e-08
 Reference value :  2.45300e-08
 Reference value :  2.45700e-08
 Reference value :  2.46000e-08
 Reference value :  2.46140e-08
 Reference value :  2.46500e-08
 Reference value :  2.46900e-08
 Reference value :  2.47500e-08
 Reference value :  2.47850e-08
 Reference value :  2.48060e-08
 Reference value :  2.48500e-08
 Reference value :  2.49100e-08
 Reference value :  2.49700e-08
 Reference value :  2.50000e-08
 Reference value :  2.50140e-08
 Reference value :  2.50500e-08
 Reference value :  2.50900e-08
 Reference value :  2.51300e-08
 Reference value :  2.52000e-08
 Reference value :  2.52140e-08
 Reference value :  2.52700e-08
 Reference value :  2.53100e-08
 Reference value :  2.53700e-08
 Reference value :  2.54020e-08
 Reference value :  2.54500e-08
 Reference value :  2.55100e-08
 Reference value :  2.55700e-08
 Reference value :  2.56020e-08
 Reference value :  2.56300e-08
 Reference value :  2.56900e-08
 Reference value :  2.57500e-08
 Reference value :  2.57850e-08
 Reference value :  2.58060e-08
 Reference value :  2.58500e-08
 Reference value :  2.58900e-08
 Reference value :  2.59500e-08
 Reference value :  2.60000e-08
 Reference value :  2.60140e-08
 Reference value :  2.60700e-08
 Reference value :  2.61100e-08
 Reference value :  2.61500e-08
 Reference value :  2.61850e-08
 Reference value :  2.62060e-08
 Reference value :  2.62500e-08
 Reference value :  2.63100e-08
 Reference value :  2.63500e-08
 Reference value :  2.63850e-08
 Reference value :  2.64060e-08
 Reference value :  2.64500e-08
 Reference value :  2.64900e-08
 Reference value :  2.65300e-08
 Reference value :  2.65850e-08
 Reference value :  2.66140e-08
 Reference value :  2.66900e-08
 Reference value :  2.67300e-08
 Reference value :  2.67700e-08
 Reference value :  2.68020e-08
 Reference value :  2.68300e-08
 Reference value :  2.68900e-08
 Reference value :  2.69300e-08
 Reference value :  2.69850e-08
 Reference value :  2.70060e-08
 Reference value :  2.70500e-08
 Reference value :  2.71100e-08
 Reference value :  2.71700e-08
 Reference value :  2.72000e-08
 Reference value :  2.72140e-08
 Reference value :  2.72500e-08
 Reference value :  2.73100e-08
 Reference value :  2.73700e-08
 Reference value :  2.74000e-08
 Reference value :  2.74140e-08
 Reference value :  2.74700e-08
 Reference value :  2.75300e-08
 Reference value :  2.76000e-08
 Reference value :  2.76300e-08
 Reference value :  2.76900e-08
 Reference value :  2.77500e-08
 Reference value :  2.78000e-08
 Reference value :  2.78140e-08
 Reference value :  2.78500e-08
 Reference value :  2.78900e-08
 Reference value :  2.79300e-08
 Reference value :  2.79700e-08
 Reference value :  2.80020e-08
 Reference value :  2.80500e-08
 Reference value :  2.80900e-08
 Reference value :  2.81500e-08
 Reference value :  2.81850e-08
 Reference value :  2.82020e-08
 Reference value :  2.82300e-08
 Reference value :  2.82900e-08
 Reference value :  2.83500e-08
 Reference value :  2.83850e-08
 Reference value :  2.84060e-08
 Reference value :  2.84500e-08
 Reference value :  2.84900e-08
 Reference value :  2.85500e-08
 Reference value :  2.85850e-08
 Reference value :  2.86060e-08
 Reference value :  2.86300e-08
 Reference value :  2.86700e-08
 Reference value :  2.87300e-08
 Reference value :  2.87700e-08
 Reference value :  2.88000e-08
 Reference value :  2.88140e-08
 Reference value :  2.88700e-08
 Reference value :  2.89100e-08
 Reference value :  2.89700e-08
 Reference value :  2.90020e-08
 Reference value :  2.90500e-08
 Reference value :  2.91100e-08
 Reference value :  2.91700e-08
 Reference value :  2.92020e-08
 Reference value :  2.92300e-08
 Reference value :  2.92900e-08
 Reference value :  2.93500e-08
 Reference value :  2.94000e-08
 Reference value :  2.94300e-08
 Reference value :  2.94900e-08
 Reference value :  2.95500e-08
 Reference value :  2.96000e-08
 Reference value :  2.96140e-08
 Reference value :  2.96700e-08
 Reference value :  2.97300e-08
 Reference value :  2.97850e-08
 Reference value :  2.98060e-08
 Reference value :  2.98500e-08
 Reference value :  2.99100e-08
 Reference value :  2.99700e-08
 Reference value :  3.00060e-08
 Reference value :  3.00700e-08
 Reference value :  3.01300e-08
 Reference value :  3.01700e-08
 Reference value :  3.02020e-08
 Reference value :  3.02500e-08
 Reference value :  3.03100e-08
 Reference value :  3.03700e-08
 Reference value :  3.04020e-08
 Reference value :  3.04300e-08
 Reference value :  3.04700e-08
 Reference value :  3.05300e-08
 Reference value :  3.05700e-08
 Reference value :  3.06020e-08
 Reference value :  3.06300e-08
 Reference value :  3.07100e-08
 Reference value :  3.07700e-08
 Reference value :  3.08000e-08
 Reference value :  3.08140e-08
 Reference value :  3.08700e-08
 Reference value :  3.09300e-08
 Reference value :  3.09700e-08
 Reference value :  3.10020e-08
 Reference value :  3.10300e-08
 Reference value :  3.10900e-08
 Reference value :  3.11300e-08
 Reference value :  3.11700e-08
 Reference value :  3.12000e-08
 Reference value :  3.12300e-08
 Reference value :  3.12900e-08
 Reference value :  3.13300e-08
 Reference value :  3.13850e-08
 Reference value :  3.14020e-08
 Reference value :  3.14300e-08
 Reference value :  3.14900e-08
 Reference value :  3.15500e-08
 Reference value :  3.15850e-08
 Reference value :  3.16020e-08
 Reference value :  3.16300e-08
 Reference value :  3.16700e-08
 Reference value :  3.17300e-08
 Reference value :  3.17700e-08
 Reference value :  3.18020e-08
 Reference value :  3.18300e-08
 Reference value :  3.18700e-08
 Reference value :  3.19300e-08
 Reference value :  3.19850e-08
 Reference value :  3.20140e-08
 Reference value :  3.20700e-08
 Reference value :  3.21300e-08
 Reference value :  3.21850e-08
 Reference value :  3.22060e-08
 Reference value :  3.22500e-08
 Reference value :  3.23100e-08
 Reference value :  3.23500e-08
 Reference value :  3.23850e-08
 Reference value :  3.24060e-08
 Reference value :  3.24500e-08
 Reference value :  3.25100e-08
 Reference value :  3.25700e-08
 Reference value :  3.26020e-08
 Reference value :  3.26500e-08
 Reference value :  3.27100e-08
 Reference value :  3.27700e-08
 Reference value :  3.28000e-08
 Reference value :  3.28140e-08
 Reference value :  3.28500e-08
 Reference value :  3.29100e-08
 Reference value :  3.29500e-08
 Reference value :  3.30000e-08
 Reference value :  3.30300e-08
 Reference value :  3.30700e-08
 Reference value :  3.31300e-08
 Reference value :  3.31850e-08
 Reference value :  3.32060e-08
 Reference value :  3.32300e-08
 Reference value :  3.32900e-08
 Reference value :  3.33300e-08
 Reference value :  3.33850e-08
 Reference value :  3.34140e-08
 Reference value :  3.34700e-08
 Reference value :  3.35300e-08
 Reference value :  3.35850e-08
 Reference value :  3.36060e-08
 Reference value :  3.36300e-08
 Reference value :  3.36700e-08
 Reference value :  3.37100e-08
 Reference value :  3.37700e-08
 Reference value :  3.38020e-08
 Reference value :  3.38500e-08
 Reference value :  3.39300e-08
 Reference value :  3.39850e-08
 Reference value :  3.40060e-08
 Reference value :  3.40500e-08
 Reference value :  3.40900e-08
 Reference value :  3.41500e-08
 Reference value :  3.42000e-08
 Reference value :  3.42140e-08
 Reference value :  3.42700e-08
 Reference value :  3.43300e-08
 Reference value :  3.43850e-08
 Reference value :  3.44060e-08
 Reference value :  3.44500e-08
 Reference value :  3.44900e-08
 Reference value :  3.45300e-08
 Reference value :  3.45850e-08
 Reference value :  3.46140e-08
 Reference value :  3.46700e-08
 Reference value :  3.47300e-08
 Reference value :  3.47700e-08
 Reference value :  3.48020e-08
 Reference value :  3.48300e-08
 Reference value :  3.48900e-08
 Reference value :  3.49500e-08
 Reference value :  3.49850e-08
 Reference value :  3.50140e-08
 Reference value :  3.50700e-08
 Reference value :  3.51300e-08
 Reference value :  3.51850e-08
 Reference value :  3.52060e-08
 Reference value :  3.52500e-08
 Reference value :  3.52900e-08
 Reference value :  3.53300e-08
 Reference value :  3.53700e-08
 Reference value :  3.54020e-08
 Reference value :  3.54300e-08
 Reference value :  3.54700e-08
 Reference value :  3.55300e-08
 Reference value :  3.55850e-08
 Reference value :  3.56060e-08
 Reference value :  3.56500e-08
 Reference value :  3.57100e-08
 Reference value :  3.57500e-08
 Reference value :  3.58000e-08
 Reference value :  3.58140e-08
 Reference value :  3.58700e-08
 Reference value :  3.59100e-08
 Reference value :  3.59700e-08
 Reference value :  3.60060e-08
 Reference value :  3.60300e-08
 Reference value :  3.60900e-08
 Reference value :  3.61300e-08
 Reference value :  3.61700e-08
 Reference value :  3.62000e-08
 Reference value :  3.62300e-08
 Reference value :  3.62700e-08
 Reference value :  3.63500e-08
 Reference value :  3.64000e-08
 Reference value :  3.64140e-08
 Reference value :  3.64500e-08
 Reference value :  3.64900e-08
 Reference value :  3.65500e-08
 Reference value :  3.66000e-08
 Reference value :  3.66300e-08
 Reference value :  3.66900e-08
 Reference value :  3.67500e-08
 Reference value :  3.67850e-08
 Reference value :  3.68140e-08
 Reference value :  3.68900e-08
 Reference value :  3.69300e-08
 Reference value :  3.69700e-08
 Reference value :  3.70020e-08
 Reference value :  3.70500e-08
 Reference value :  3.71100e-08
 Reference value :  3.71700e-08
 Reference value :  3.72020e-08
 Reference value :  3.72500e-08
 Reference value :  3.73100e-08
 Reference value :  3.73700e-08
 Reference value :  3.74000e-08
 Reference value :  3.74140e-08
 Reference value :  3.74500e-08
 Reference value :  3.75100e-08
 Reference value :  3.75500e-08
 Reference value :  3.75850e-08
 Reference value :  3.76060e-08
 Reference value :  3.76300e-08
 Reference value :  3.76900e-08
 Reference value :  3.77300e-08
 Reference value :  3.77700e-08
 Reference value :  3.78020e-08
 Reference value :  3.78300e-08
 Reference value :  3.78900e-08
 Reference value :  3.79500e-08
 Reference value :  3.80000e-08
 Reference value :  3.80140e-08
 Reference value :  3.80700e-08
 Reference value :  3.81300e-08
 Reference value :  3.81850e-08
 Reference value :  3.82060e-08
 Reference value :  3.82500e-08
 Reference value :  3.82900e-08
 Reference value :  3.83500e-08
 Reference value :  3.84000e-08
 Reference value :  3.84140e-08
 Reference value :  3.84500e-08
 Reference value :  3.84900e-08
 Reference value :  3.85300e-08
 Reference value :  3.85700e-08
 Reference value :  3.86020e-08
 Reference value :  3.86300e-08
 Reference value :  3.86900e-08
 Reference value :  3.87700e-08
 Reference value :  3.88060e-08
 Reference value :  3.88500e-08
 Reference value :  3.89100e-08
 Reference value :  3.89500e-08
 Reference value :  3.90000e-08
 Reference value :  3.90140e-08
 Reference value :  3.90700e-08
 Reference value :  3.91300e-08
 Reference value :  3.91850e-08
 Reference value :  3.92060e-08
 Reference value :  3.92700e-08
 Reference value :  3.93300e-08
 Reference value :  3.93700e-08
 Reference value :  3.94000e-08
 Reference value :  3.94140e-08
 Reference value :  3.94700e-08
 Reference value :  3.95300e-08
 Reference value :  3.95850e-08
 Reference value :  3.96140e-08
 Reference value :  3.96700e-08
 Reference value :  3.97300e-08
 Reference value :  3.97850e-08
 Reference value :  3.98060e-08
 Reference value :  3.98500e-08
 Reference value :  3.99100e-08
 Reference value :  3.99700e-08
 Reference value :  4.00020e-08
 Reference value :  4.00300e-08
 Reference value :  4.00900e-08
 Reference value :  4.01300e-08
 Reference value :  4.01850e-08
 Reference value :  4.02140e-08
 Reference value :  4.02700e-08
 Reference value :  4.03100e-08
 Reference value :  4.03700e-08
 Reference value :  4.04020e-08
 Reference value :  4.04300e-08
 Reference value :  4.04700e-08
 Reference value :  4.05300e-08
 Reference value :  4.05700e-08
 Reference value :  4.06020e-08
 Reference value :  4.06500e-08
 Reference value :  4.06900e-08
 Reference value :  4.07300e-08
 Reference value :  4.07700e-08
 Reference value :  4.08000e-08
 Reference value :  4.08140e-08
 Reference value :  4.08700e-08
 Reference value :  4.09300e-08
 Reference value :  4.09850e-08
 Reference value :  4.10020e-08
 Reference value :  4.10300e-08
 Reference value :  4.10700e-08
 Reference value :  4.11100e-08
 Reference value :  4.11700e-08
 Reference value :  4.12020e-08
 Reference value :  4.12300e-08
 Reference value :  4.12700e-08
 Reference value :  4.13100e-08
 Reference value :  4.13500e-08
 Reference value :  4.14000e-08
 Reference value :  4.14140e-08
 Reference value :  4.14700e-08
 Reference value :  4.15300e-08
 Reference value :  4.15850e-08
 Reference value :  4.16060e-08
 Reference value :  4.16500e-08
 Reference value :  4.17100e-08
 Reference value :  4.17700e-08
 Reference value :  4.18020e-08
 Reference value :  4.18300e-08
 Reference value :  4.18900e-08
 Reference value :  4.19300e-08
 Reference value :  4.19700e-08
 Reference value :  4.20000e-08
 Reference value :  4.20140e-08
 Reference value :  4.20500e-08
 Reference value :  4.20900e-08
 Reference value :  4.21500e-08
 Reference value :  4.22000e-08
 Reference value :  4.22140e-08
 Reference value :  4.22700e-08
 Reference value :  4.23300e-08
 Reference value :  4.23850e-08
 Reference value :  4.24060e-08
 Reference value :  4.24500e-08
 Reference value :  4.25100e-08
 Reference value :  4.25500e-08
 Reference value :  4.26000e-08
 Reference value :  4.26300e-08
 Reference value :  4.26900e-08
 Reference value :  4.27300e-08
 Reference value :  4.27700e-08
 Reference value :  4.28060e-08
 Reference value :  4.28500e-08
 Reference value :  4.28900e-08
 Reference value :  4.29300e-08
 Reference value :  4.29700e-08
 Reference value :  4.30020e-08
 Reference value :  4.30500e-08
 Reference value :  4.31100e-08
 Reference value :  4.31500e-08
 Reference value :  4.31850e-08
 Reference value :  4.32060e-08
 Reference value :  4.32500e-08
 Reference value :  4.33100e-08
 Reference value :  4.33500e-08
 Reference value :  4.33850e-08
 Reference value :  4.34060e-08
 Reference value :  4.34500e-08
 Reference value :  4.35100e-08
 Reference value :  4.35700e-08
 Reference value :  4.36020e-08
 Reference value :  4.36300e-08
 Reference value :  4.36900e-08
 Reference value :  4.37300e-08
 Reference value :  4.37700e-08
 Reference value :  4.38020e-08
 Reference value :  4.38300e-08
 Reference value :  4.38900e-08
 Reference value :  4.39300e-08
 Reference value :  4.39700e-08
 Reference value :  4.40020e-08
 Reference value :  4.40300e-08
 Reference value :  4.40900e-08
 Reference value :  4.41500e-08
 Reference value :  4.42000e-08
 Reference value :  4.42300e-08
 Reference value :  4.42700e-08
 Reference value :  4.43300e-08
 Reference value :  4.43850e-08
 Reference value :  4.44060e-08
 Reference value :  4.44300e-08
 Reference value :  4.44900e-08
 Reference value :  4.45500e-08
 Reference value :  4.46000e-08
 Reference value :  4.46300e-08
 Reference value :  4.46900e-08
 Reference value :  4.47300e-08
 Reference value :  4.47850e-08
 Reference value :  4.48060e-08
 Reference value :  4.48500e-08
 Reference value :  4.49100e-08
 Reference value :  4.49700e-08
 Reference value :  4.50060e-08
 Reference value :  4.50500e-08
 Reference value :  4.50900e-08
 Reference value :  4.51300e-08
 Reference value :  4.51850e-08
 Reference value :  4.52140e-08
 Reference value :  4.52700e-08
 Reference value :  4.53100e-08
 Reference value :  4.53500e-08
 Reference value :  4.54000e-08
 Reference value :  4.54140e-08
 Reference value :  4.54700e-08
 Reference value :  4.55300e-08
 Reference value :  4.55850e-08
 Reference value :  4.56060e-08
 Reference value :  4.56500e-08
 Reference value :  4.57100e-08
 Reference value :  4.57700e-08
 Reference value :  4.58020e-08
 Reference value :  4.58300e-08
 Reference value :  4.58700e-08
 Reference value :  4.59300e-08
 Reference value :  4.59850e-08
 Reference value :  4.60140e-08
 Reference value :  4.60900e-08
 Reference value :  4.61300e-08
 Reference value :  4.61700e-08
 Reference value :  4.62020e-08
 Reference value :  4.62500e-08
 Reference value :  4.63100e-08
 Reference value :  4.63700e-08
 Reference value :  4.64020e-08
 Reference value :  4.64500e-08
 Reference value :  4.64900e-08
 Reference value :  4.65500e-08
 Reference value :  4.66000e-08
 Reference value :  4.66300e-08
 Reference value :  4.66900e-08
 Reference value :  4.67500e-08
 Reference value :  4.68000e-08
 Reference value :  4.68140e-08
 Reference value :  4.68500e-08
 Reference value :  4.68900e-08
 Reference value :  4.69300e-08
 Reference value :  4.69850e-08
 Reference value :  4.70060e-08
 Reference value :  4.70300e-08
 Reference value :  4.70900e-08
 Reference value :  4.71300e-08
 Reference value :  4.71700e-08
 Reference value :  4.72020e-08
 Reference value :  4.72300e-08
 Reference value :  4.72900e-08
 Reference value :  4.73500e-08
 Reference value :  4.74000e-08
 Reference value :  4.74300e-08
 Reference value :  4.74700e-08
 Reference value :  4.75100e-08
 Reference value :  4.75700e-08
 Reference value :  4.76000e-08
 Reference value :  4.76140e-08
 Reference value :  4.76700e-08
 Reference value :  4.77300e-08
 Reference value :  4.77700e-08
 Reference value :  4.78020e-08
 Reference value :  4.78300e-08
 Reference value :  4.78900e-08
 Reference value :  4.79300e-08
 Reference value :  4.79850e-08
 Reference value :  4.80060e-08
 Reference value :  4.80300e-08
 Reference value :  4.80700e-08
 Reference value :  4.81300e-08
 Reference value :  4.81850e-08
 Reference value :  4.82140e-08
 Reference value :  4.82700e-08
 Reference value :  4.83300e-08
 Reference value :  4.83850e-08
 Reference value :  4.84140e-08
 Reference value :  4.84900e-08
 Reference value :  4.85300e-08
 Reference value :  4.85700e-08
 Reference value :  4.86000e-08
 Reference value :  4.86140e-08
 Reference value :  4.86700e-08
 Reference value :  4.87300e-08
 Reference value :  4.87700e-08
 Reference value :  4.88000e-08
 Reference value :  4.88140e-08
 Reference value :  4.88700e-08
 Reference value :  4.89300e-08
 Reference value :  4.90000e-08
 Reference value :  4.90300e-08
 Reference value :  4.90900e-08
 Reference value :  4.91500e-08
 Reference value :  4.91850e-08
 Reference value :  4.92060e-08
 Reference value :  4.92500e-08
 Reference value :  4.93100e-08
 Reference value :  4.93700e-08
 Reference value :  4.94060e-08
 Reference value :  4.94500e-08
 Reference value :  4.95100e-08
 Reference value :  4.95700e-08
 Reference value :  4.96060e-08
 Reference value :  4.96500e-08
 Reference value :  4.97100e-08
 Reference value :  4.97700e-08
 Reference value :  4.98000e-08
 Reference value :  4.98140e-08
 Reference value :  4.98700e-08
 Reference value :  4.99300e-08
 Reference value :  4.99850e-08
 Reference value :  5.00060e-08
 Reference value :  5.00500e-08
 Reference value :  5.01100e-08
 Reference value :  5.01500e-08
 Reference value :  5.01850e-08
 Reference value :  5.02060e-08
 Reference value :  5.02500e-08
 Reference value :  5.02900e-08
 Reference value :  5.03300e-08
 Reference value :  5.03850e-08
 Reference value :  5.04140e-08
 Reference value :  5.04700e-08
 Reference value :  5.05300e-08
 Reference value :  5.05850e-08
 Reference value :  5.06060e-08
 Reference value :  5.06500e-08
 Reference value :  5.07100e-08
 Reference value :  5.07700e-08
 Reference value :  5.08020e-08
 Reference value :  5.08700e-08
 Reference value :  5.09500e-08
 Reference value :  5.09850e-08
 Reference value :  5.10020e-08
 Reference value :  5.10300e-08
 Reference value :  5.10700e-08
 Reference value :  5.11300e-08
 Reference value :  5.11700e-08
 Reference value :  5.12020e-08
 Reference value :  5.12300e-08
 Reference value :  5.12900e-08
 Reference value :  5.13500e-08
 Reference value :  5.14000e-08
 Reference value :  5.14300e-08
 Reference value :  5.14900e-08
 Reference value :  5.15500e-08
 Reference value :  5.16000e-08
 Reference value :  5.16300e-08
 Reference value :  5.16900e-08
 Reference value :  5.17300e-08
 Reference value :  5.17700e-08
 Reference value :  5.18020e-08
 Reference value :  5.18300e-08
 Reference value :  5.18900e-08
 Reference value :  5.19500e-08
 Reference value :  5.19850e-08
 Reference value :  5.20140e-08
 Reference value :  5.20700e-08
 Reference value :  5.21300e-08
 Reference value :  5.21850e-08
 Reference value :  5.22140e-08
 Reference value :  5.22700e-08
 Reference value :  5.23300e-08
 Reference value :  5.23850e-08
 Reference value :  5.24060e-08
 Reference value :  5.24500e-08
 Reference value :  5.25300e-08
 Reference value :  5.25850e-08
 Reference value :  5.26060e-08
 Reference value :  5.26500e-08
 Reference value :  5.27100e-08
 Reference value :  5.27500e-08
 Reference value :  5.28000e-08
 Reference value :  5.28300e-08
 Reference value :  5.28900e-08
 Reference value :  5.29300e-08
 Reference value :  5.29850e-08
 Reference value :  5.30060e-08
 Reference value :  5.30500e-08
 Reference value :  5.31100e-08
 Reference value :  5.31700e-08
 Reference value :  5.32020e-08
 Reference value :  5.32500e-08
 Reference value :  5.33500e-08
 Reference value :  5.34000e-08
 Reference value :  5.34300e-08
 Reference value :  5.34900e-08
 Reference value :  5.35500e-08
 Reference value :  5.35850e-08
 Reference value :  5.36060e-08
 Reference value :  5.36500e-08
 Reference value :  5.37100e-08
 Reference value :  5.37700e-08
 Reference value :  5.38020e-08
 Reference value :  5.38300e-08
 Reference value :  5.38900e-08
 Reference value :  5.39500e-08
 Reference value :  5.40000e-08
 Reference value :  5.40300e-08
 Reference value :  5.40900e-08
 Reference value :  5.41500e-08
 Reference value :  5.41850e-08
 Reference value :  5.42140e-08
 Reference value :  5.42700e-08
 Reference value :  5.43300e-08
 Reference value :  5.43700e-08
 Reference value :  5.44020e-08
 Reference value :  5.44500e-08
 Reference value :  5.45100e-08
 Reference value :  5.45700e-08
 Reference value :  5.46020e-08
 Reference value :  5.46300e-08
 Reference value :  5.46900e-08
 Reference value :  5.47500e-08
 Reference value :  5.48000e-08
 Reference value :  5.48300e-08
 Reference value :  5.48700e-08
 Reference value :  5.49300e-08
 Reference value :  5.49700e-08
 Reference value :  5.50000e-08
 Reference value :  5.50300e-08
 Reference value :  5.50900e-08
 Reference value :  5.51500e-08
 Reference value :  5.52000e-08
 Reference value :  5.52300e-08
 Reference value :  5.52700e-08
 Reference value :  5.53100e-08
 Reference value :  5.53700e-08
 Reference value :  5.54060e-08
 Reference value :  5.54500e-08
 Reference value :  5.54900e-08
 Reference value :  5.55500e-08
 Reference value :  5.55850e-08
 Reference value :  5.56060e-08
 Reference value :  5.56500e-08
 Reference value :  5.57100e-08
 Reference value :  5.57700e-08
 Reference value :  5.58020e-08
 Reference value :  5.58300e-08
 Reference value :  5.58700e-08
 Reference value :  5.59300e-08
 Reference value :  5.59850e-08
 Reference value :  5.60060e-08
 Reference value :  5.60500e-08
 Reference value :  5.61100e-08
 Reference value :  5.61700e-08
 Reference value :  5.62060e-08
 Reference value :  5.62500e-08
 Reference value :  5.62900e-08
 Reference value :  5.63300e-08
 Reference value :  5.63700e-08
 Reference value :  5.64020e-08
 Reference value :  5.64300e-08
 Reference value :  5.64700e-08
 Reference value :  5.65300e-08
 Reference value :  5.65700e-08
 Reference value :  5.66000e-08
 Reference value :  5.66140e-08
 Reference value :  5.66700e-08
 Reference value :  5.67300e-08
 Reference value :  5.67700e-08
 Reference value :  5.68000e-08
 Reference value :  5.68140e-08
 Reference value :  5.68500e-08
 Reference value :  5.69100e-08
 Reference value :  5.69700e-08
 Reference value :  5.70020e-08
 Reference value :  5.70300e-08
 Reference value :  5.70700e-08
 Reference value :  5.71100e-08
 Reference value :  5.71700e-08
 Reference value :  5.72020e-08
 Reference value :  5.72300e-08
 Reference value :  5.72900e-08
 Reference value :  5.73500e-08
 Reference value :  5.74000e-08
 Reference value :  5.74300e-08
 Reference value :  5.74900e-08
 Reference value :  5.75500e-08
 Reference value :  5.75850e-08
 Reference value :  5.76060e-08
 Reference value :  5.76500e-08
 Reference value :  5.76900e-08
 Reference value :  5.77300e-08
 Reference value :  5.77850e-08
 Reference value :  5.78140e-08
 Reference value :  5.78500e-08
 Reference value :  5.79100e-08
 Reference value :  5.79500e-08
 Reference value :  5.79850e-08
 Reference value :  5.80060e-08
 Reference value :  5.80500e-08
 Reference value :  5.80900e-08
 Reference value :  5.81500e-08
 Reference value :  5.82000e-08
 Reference value :  5.82140e-08
 Reference value :  5.82500e-08
 Reference value :  5.82900e-08
 Reference value :  5.83300e-08
 Reference value :  5.83700e-08
 Reference value :  5.84060e-08
 Reference value :  5.84500e-08
 Reference value :  5.84900e-08
 Reference value :  5.85500e-08
 Reference value :  5.86020e-08
 Reference value :  5.86300e-08
 Reference value :  5.86900e-08
 Reference value :  5.87300e-08
 Reference value :  5.87700e-08
 Reference value :  5.88020e-08
 Reference value :  5.88500e-08
 Reference value :  5.88900e-08
 Reference value :  5.89300e-08
 Reference value :  5.89700e-08
 Reference value :  5.90000e-08
 Reference value :  5.90140e-08
 Reference value :  5.90500e-08
 Reference value :  5.91100e-08
 Reference value :  5.91500e-08
 Reference value :  5.91850e-08
 Reference value :  5.92140e-08
 Reference value :  5.92700e-08
 Reference value :  5.93300e-08
 Reference value :  5.93850e-08
 Reference value :  5.94060e-08
 Reference value :  5.94500e-08
 Reference value :  5.94900e-08
 Reference value :  5.95500e-08
 Reference value :  5.95850e-08
 Reference value :  5.96140e-08
 Reference value :  5.96500e-08
 Reference value :  5.97100e-08
 Reference value :  5.97700e-08
 Reference value :  5.98020e-08
 Reference value :  5.98300e-08
 Reference value :  5.98900e-08
 Reference value :  5.99500e-08
 Reference value :  6.00000e-08
 Reference value :  6.00140e-08
 Reference value :  6.00700e-08
 Reference value :  6.01100e-08
 Reference value :  6.01700e-08
 Reference value :  6.02020e-08
 Reference value :  6.02500e-08
 Reference value :  6.02900e-08
 Reference value :  6.03500e-08
 Reference value :  6.04000e-08
 Reference value :  6.04300e-08
 Reference value :  6.04700e-08
 Reference value :  6.05300e-08
 Reference value :  6.06000e-08
 Reference value :  6.06300e-08
 Reference value :  6.06900e-08
 Reference value :  6.07500e-08
 Reference value :  6.08000e-08
 Reference value :  6.08300e-08
 Reference value :  6.08700e-08
 Reference value :  6.09100e-08
 Reference value :  6.09500e-08
 Reference value :  6.10000e-08
 Reference value :  6.10300e-08
 Reference value :  6.10900e-08
 Reference value :  6.11500e-08
 Reference value :  6.11850e-08
 Reference value :  6.12060e-08
 Reference value :  6.12500e-08
 Reference value :  6.12900e-08
 Reference value :  6.13300e-08
 Reference value :  6.13850e-08
 Reference value :  6.14060e-08
 Reference value :  6.14500e-08
 Reference value :  6.14900e-08
 Reference value :  6.15500e-08
 Reference value :  6.16000e-08
 Reference value :  6.16140e-08
 Reference value :  6.16700e-08
 Reference value :  6.17300e-08
 Reference value :  6.17850e-08
 Reference value :  6.18060e-08
 Reference value :  6.18500e-08
 Reference value :  6.19100e-08
 Reference value :  6.19500e-08
 Reference value :  6.20000e-08
 Reference value :  6.20140e-08
 Reference value :  6.20700e-08
 Reference value :  6.21300e-08
 Reference value :  6.21850e-08
 Reference value :  6.22140e-08
 Reference value :  6.22700e-08
 Reference value :  6.23300e-08
 Reference value :  6.23850e-08
 Reference value :  6.24060e-08
 Reference value :  6.24500e-08
 Reference value :  6.25100e-08
 Reference value :  6.25700e-08
 Reference value :  6.26020e-08
 Reference value :  6.26500e-08
 Reference value :  6.27100e-08
 Reference value :  6.27500e-08
 Reference value :  6.28000e-08
 Reference value :  6.28300e-08
 Reference value :  6.28700e-08
 Reference value :  6.29300e-08
 Reference value :  6.30000e-08
 Reference value :  6.30300e-08
 Reference value :  6.30900e-08
 Reference value :  6.31300e-08
 Reference value :  6.31850e-08
 Reference value :  6.32060e-08
 Reference value :  6.32700e-08
 Reference value :  6.33300e-08
 Reference value :  6.33700e-08
 Reference value :  6.34000e-08
 Reference value :  6.34140e-08
 Reference value :  6.34700e-08
 Reference value :  6.35300e-08
 Reference value :  6.35850e-08
 Reference value :  6.36060e-08
 Reference value :  6.36500e-08
 Reference value :  6.37100e-08
 Reference value :  6.37700e-08
 Reference value :  6.38020e-08
 Reference value :  6.38300e-08
 Reference value :  6.38900e-08
 Reference value :  6.39500e-08
 Reference value :  6.40000e-08
 Reference value :  6.40300e-08
 Reference value :  6.40900e-08
 Reference value :  6.41500e-08
 Reference value :  6.42000e-08
 Reference value :  6.42140e-08
 Reference value :  6.42500e-08
 Reference value :  6.42900e-08
 Reference value :  6.43500e-08
 Reference value :  6.44020e-08
 Reference value :  6.44500e-08
 Reference value :  6.44900e-08
 Reference value :  6.45300e-08
 Reference value :  6.45850e-08
 Reference value :  6.46060e-08
 Reference value :  6.46500e-08
 Reference value :  6.47100e-08
 Reference value :  6.47500e-08
 Reference value :  6.47850e-08
 Reference value :  6.48060e-08
 Reference value :  6.48500e-08
 Reference value :  6.48900e-08
 Reference value :  6.49300e-08
 Reference value :  6.49850e-08
 Reference value :  6.50060e-08
 Reference value :  6.50500e-08
 Reference value :  6.51100e-08
 Reference value :  6.51700e-08
 Reference value :  6.52020e-08
 Reference value :  6.52300e-08
 Reference value :  6.52700e-08
 Reference value :  6.53300e-08
 Reference value :  6.53700e-08
 Reference value :  6.54020e-08
 Reference value :  6.54300e-08
 Reference value :  6.55100e-08
 Reference value :  6.55500e-08
 Reference value :  6.55850e-08
 Reference value :  6.56060e-08
 Reference value :  6.56700e-08
 Reference value :  6.57100e-08
 Reference value :  6.57500e-08
 Reference value :  6.57850e-08
 Reference value :  6.58060e-08
 Reference value :  6.58500e-08
 Reference value :  6.59100e-08
 Reference value :  6.59700e-08
 Reference value :  6.60020e-08
 Reference value :  6.60300e-08
 Reference value :  6.60900e-08
 Reference value :  6.61500e-08
 Reference value :  6.61850e-08
 Reference value :  6.62060e-08
 Reference value :  6.62300e-08
 Reference value :  6.62900e-08
 Reference value :  6.63300e-08
 Reference value :  6.64000e-08
 Reference value :  6.64300e-08
 Reference value :  6.64900e-08
 Reference value :  6.65500e-08
 Reference value :  6.66000e-08
 Reference value :  6.66300e-08
 Reference value :  6.66700e-08
 Reference value :  6.67300e-08
 Reference value :  6.67850e-08
 Reference value :  6.68060e-08
 Reference value :  6.68500e-08
 Reference value :  6.69100e-08
 Reference value :  6.69500e-08
 Reference value :  6.69850e-08
 Reference value :  6.70060e-08
 Reference value :  6.70700e-08
 Reference value :  6.71300e-08
 Reference value :  6.71850e-08
 Reference value :  6.72060e-08
 Reference value :  6.72700e-08
 Reference value :  6.73300e-08
 Reference value :  6.73850e-08
 Reference value :  6.74060e-08
 Reference value :  6.74500e-08
 Reference value :  6.75100e-08
 Reference value :  6.75700e-08
 Reference value :  6.76000e-08
 Reference value :  6.76300e-08
 Reference value :  6.76700e-08
 Reference value :  6.77300e-08
 Reference value :  6.77850e-08
 Reference value :  6.78140e-08
 Reference value :  6.78700e-08
 Reference value :  6.79500e-08
 Reference value :  6.80000e-08
 Reference value :  6.80300e-08
 Reference value :  6.80900e-08
 Reference value :  6.81500e-08
 Reference value :  6.82000e-08
 Reference value :  6.82300e-08
 Reference value :  6.82900e-08
 Reference value :  6.83500e-08
 Reference value :  6.84020e-08
 Reference value :  6.84500e-08
 Reference value :  6.85100e-08
 Reference value :  6.85700e-08
 Reference value :  6.86000e-08
 Reference value :  6.86140e-08
 Reference value :  6.86500e-08
 Reference value :  6.86900e-08
 Reference value :  6.87500e-08
 Reference value :  6.88000e-08
 Reference value :  6.88140e-08
 Reference value :  6.88700e-08
 Reference value :  6.89300e-08
 Reference value :  6.89700e-08
 Reference value :  6.90020e-08
 Reference value :  6.90500e-08
 Reference value :  6.91100e-08
 Reference value :  6.91700e-08
 Reference value :  6.92060e-08
 Reference value :  6.92700e-08
 Reference value :  6.93300e-08
 Reference value :  6.93700e-08
 Reference value :  6.94000e-08
 Reference value :  6.94300e-08
 Reference value :  6.94900e-08
 Reference value :  6.95500e-08
 Reference value :  6.96000e-08
 Reference value :  6.96300e-08
 Reference value :  6.96900e-08
 Reference value :  6.97300e-08
 Reference value :  6.97850e-08
 Reference value :  6.98060e-08
 Reference value :  6.98500e-08
 Reference value :  6.98900e-08
 Reference value :  6.99500e-08
 Reference value :  7.00000e-08
 Reference value :  7.00300e-08
 Reference value :  7.00900e-08
 Reference value :  7.01500e-08
 Reference value :  7.02000e-08
 Reference value :  7.02140e-08
 Reference value :  7.02900e-08
 Reference value :  7.03500e-08
 Reference value :  7.03850e-08
 Reference value :  7.04060e-08
 Reference value :  7.04500e-08
 Reference value :  7.05100e-08
 Reference value :  7.05700e-08
 Reference value :  7.06000e-08
 Reference value :  7.06140e-08
 Reference value :  7.06500e-08
 Reference value :  7.07100e-08
 Reference value :  7.07700e-08
 Reference value :  7.08060e-08
 Reference value :  7.08500e-08
 Reference value :  7.08900e-08
 Reference value :  7.09300e-08
 Reference value :  7.09850e-08
 Reference value :  7.10060e-08
 Reference value :  7.10500e-08
 Reference value :  7.10900e-08
 Reference value :  7.11500e-08
 Reference value :  7.11850e-08
 Reference value :  7.12060e-08
 Reference value :  7.12500e-08
 Reference value :  7.13100e-08
 Reference value :  7.13700e-08
 Reference value :  7.14000e-08
 Reference value :  7.14140e-08
 Reference value :  7.14700e-08
 Reference value :  7.15300e-08
 Reference value :  7.15850e-08
 Reference value :  7.16060e-08
 Reference value :  7.16500e-08
 Reference value :  7.17100e-08
 Reference value :  7.17500e-08
 Reference value :  7.18000e-08
 Reference value :  7.18140e-08
 Reference value :  7.18500e-08
 Reference value :  7.19100e-08
 Reference value :  7.19500e-08
 Reference value :  7.19850e-08
 Reference value :  7.20060e-08
 Reference value :  7.20300e-08
 Reference value :  7.20900e-08
 Reference value :  7.21300e-08
 Reference value :  7.21850e-08
 Reference value :  7.22060e-08
 Reference value :  7.22500e-08
 Reference value :  7.22900e-08
 Reference value :  7.23300e-08
 Reference value :  7.23850e-08
 Reference value :  7.24060e-08
 Reference value :  7.24300e-08
 Reference value :  7.24700e-08
 Reference value :  7.25100e-08
 Reference value :  7.25700e-08
 Reference value :  7.26020e-08
 Reference value :  7.26500e-08
 Reference value :  7.27300e-08
 Reference value :  7.27850e-08
 Reference value :  7.28060e-08
 Reference value :  7.28500e-08
 Reference value :  7.28900e-08
 Reference value :  7.29500e-08
 Reference value :  7.29850e-08
 Reference value :  7.30020e-08
 Reference value :  7.30300e-08
 Reference value :  7.30900e-08
 Reference value :  7.31300e-08
 Reference value :  7.31850e-08
 Reference value :  7.32140e-08
 Reference value :  7.32900e-08
 Reference value :  7.33300e-08
 Reference value :  7.33700e-08
 Reference value :  7.34060e-08
 Reference value :  7.34500e-08
 Reference value :  7.35100e-08
 Reference value :  7.35700e-08
 Reference value :  7.36020e-08
 Reference value :  7.36500e-08
 Reference value :  7.37100e-08
 Reference value :  7.37500e-08
 Reference value :  7.38000e-08
 Reference value :  7.38300e-08
 Reference value :  7.39100e-08
 Reference value :  7.39700e-08
 Reference value :  7.40000e-08
 Reference value :  7.40300e-08
 Reference value :  7.40700e-08
 Reference value :  7.41100e-08
 Reference value :  7.41700e-08
 Reference value :  7.42020e-08
 Reference value :  7.42300e-08
 Reference value :  7.42900e-08
 Reference value :  7.43500e-08
 Reference value :  7.43850e-08
 Reference value :  7.44060e-08
 Reference value :  7.44500e-08
 Reference value :  7.45100e-08
 Reference value :  7.45700e-08
 Reference value :  7.46060e-08
 Reference value :  7.46500e-08
 Reference value :  7.46900e-08
 Reference value :  7.47300e-08
 Reference value :  7.47700e-08
 Reference value :  7.48020e-08
 Reference value :  7.48300e-08
 Reference value :  7.48900e-08
 Reference value :  7.49300e-08
 Reference value :  7.49700e-08
 Reference value :  7.50000e-08
 Reference value :  7.50140e-08
 Reference value :  7.50700e-08
 Reference value :  7.51500e-08
 Reference value :  7.52020e-08
 Reference value :  7.52300e-08
 Reference value :  7.52900e-08
 Reference value :  7.53300e-08
 Reference value :  7.54000e-08
 Reference value :  7.54140e-08
 Reference value :  7.54500e-08
 Reference value :  7.54900e-08
 Reference value :  7.55300e-08
 Reference value :  7.55700e-08
 Reference value :  7.56020e-08
 Reference value :  7.56300e-08
 Reference value :  7.56900e-08
 Reference value :  7.57300e-08
 Reference value :  7.57850e-08
 Reference value :  7.58140e-08
 Reference value :  7.58700e-08
 Reference value :  7.59100e-08
 Reference value :  7.59500e-08
 Reference value :  7.59850e-08
 Reference value :  7.60060e-08
 Reference value :  7.60700e-08
 Reference value :  7.61100e-08
 Reference value :  7.61700e-08
 Reference value :  7.62000e-08
 Reference value :  7.62140e-08
 Reference value :  7.62500e-08
 Reference value :  7.63100e-08
 Reference value :  7.63500e-08
 Reference value :  7.64000e-08
 Reference value :  7.64140e-08
 Reference value :  7.64500e-08
 Reference value :  7.64900e-08
 Reference value :  7.65300e-08
 Reference value :  7.65850e-08
 Reference value :  7.66060e-08
 Reference value :  7.66300e-08
 Reference value :  7.66900e-08
 Reference value :  7.67700e-08
 Reference value :  7.68020e-08
 Reference value :  7.68500e-08
 Reference value :  7.69100e-08
 Reference value :  7.69700e-08
 Reference value :  7.70020e-08
 Reference value :  7.70500e-08
 Reference value :  7.71100e-08
 Reference value :  7.71700e-08
 Reference value :  7.72060e-08
 Reference value :  7.72700e-08
 Reference value :  7.73300e-08
 Reference value :  7.73700e-08
 Reference value :  7.74000e-08
 Reference value :  7.74140e-08
 Reference value :  7.74700e-08
 Reference value :  7.75300e-08
 Reference value :  7.76000e-08
 Reference value :  7.76300e-08
 Reference value :  7.76700e-08
 Reference value :  7.77300e-08
 Reference value :  7.77700e-08
 Reference value :  7.78020e-08
 Reference value :  7.78300e-08
 Reference value :  7.78900e-08
 Reference value :  7.79300e-08
 Reference value :  7.79850e-08
 Reference value :  7.80060e-08
 Reference value :  7.80500e-08
 Reference value :  7.81100e-08
 Reference value :  7.81500e-08
 Reference value :  7.81850e-08
 Reference value :  7.82060e-08
 Reference value :  7.82700e-08
 Reference value :  7.83300e-08
 Reference value :  7.83850e-08
 Reference value :  7.84140e-08
 Reference value :  7.84700e-08
 Reference value :  7.85300e-08
 Reference value :  7.85850e-08
 Reference value :  7.86060e-08
 Reference value :  7.86500e-08
 Reference value :  7.86900e-08
 Reference value :  7.87500e-08
 Reference value :  7.88000e-08
 Reference value :  7.88300e-08
 Reference value :  7.88700e-08
 Reference value :  7.89100e-08
 Reference value :  7.89700e-08
 Reference value :  7.90020e-08
 Reference value :  7.90300e-08
 Reference value :  7.90700e-08
 Reference value :  7.91300e-08
 Reference value :  7.91850e-08
 Reference value :  7.92140e-08
 Reference value :  7.92500e-08
 Reference value :  7.93100e-08
 Reference value :  7.93700e-08
 Reference value :  7.94000e-08
 Reference value :  7.94300e-08
 Reference value :  7.94900e-08
 Reference value :  7.95300e-08
 Reference value :  7.95700e-08
 Reference value :  7.96020e-08
 Reference value :  7.96500e-08
 Reference value :  7.97100e-08
 Reference value :  7.97700e-08
 Reference value :  7.98020e-08
 Reference value :  7.98300e-08
 Reference value :  7.98900e-08
 Reference value :  7.99500e-08
 Reference value :  8.00000e-08
 Reference value :  8.00300e-08
 Reference value :  8.00700e-08
 Reference value :  8.01300e-08
 Reference value :  8.01850e-08
 Reference value :  8.02060e-08
 Reference value :  8.02500e-08
 Reference value :  8.03100e-08
 Reference value :  8.03700e-08
 Reference value :  8.04020e-08
 Reference value :  8.04300e-08
 Reference value :  8.04700e-08
 Reference value :  8.05500e-08
 Reference value :  8.05850e-08
 Reference value :  8.06060e-08
 Reference value :  8.06500e-08
 Reference value :  8.07100e-08
 Reference value :  8.07700e-08
 Reference value :  8.08000e-08
 Reference value :  8.08300e-08
 Reference value :  8.08700e-08
 Reference value :  8.09300e-08
 Reference value :  8.09700e-08
 Reference value :  8.10000e-08
 Reference value :  8.10300e-08
 Reference value :  8.10900e-08
 Reference value :  8.11300e-08
 Reference value :  8.11850e-08
 Reference value :  8.12060e-08
 Reference value :  8.12500e-08
 Reference value :  8.13100e-08
 Reference value :  8.13500e-08
 Reference value :  8.14020e-08
 Reference value :  8.14300e-08
 Reference value :  8.14700e-08
 Reference value :  8.15300e-08
 Reference value :  8.15850e-08
 Reference value :  8.16140e-08
 Reference value :  8.16700e-08
 Reference value :  8.17300e-08
 Reference value :  8.17700e-08
 Reference value :  8.18020e-08
 Reference value :  8.18500e-08
 Reference value :  8.19100e-08
 Reference value :  8.19700e-08
 Reference value :  8.20020e-08
 Reference value :  8.20300e-08
 Reference value :  8.21100e-08
 Reference value :  8.21700e-08
 Reference value :  8.22020e-08
 Reference value :  8.22300e-08
 Reference value :  8.22900e-08
 Reference value :  8.23500e-08
 Reference value :  8.24000e-08
 Reference value :  8.24300e-08
 Reference value :  8.25100e-08
 Reference value :  8.25700e-08
 Reference value :  8.26020e-08
 Reference value :  8.26500e-08
 Reference value :  8.27100e-08
 Reference value :  8.27700e-08
 Reference value :  8.28020e-08
 Reference value :  8.28300e-08
 Reference value :  8.28700e-08
 Reference value :  8.29300e-08
 Reference value :  8.29850e-08
 Reference value :  8.30060e-08
 Reference value :  8.30500e-08
 Reference value :  8.31100e-08
 Reference value :  8.31700e-08
 Reference value :  8.32020e-08
 Reference value :  8.32500e-08
 Reference value :  8.33100e-08
 Reference value :  8.33700e-08
 Reference value :  8.34060e-08
 Reference value :  8.34500e-08
 Reference value :  8.35100e-08
 Reference value :  8.35700e-08
 Reference value :  8.36020e-08
 Reference value :  8.36300e-08
 Reference value :  8.36900e-08
 Reference value :  8.37500e-08
 Reference value :  8.38000e-08
 Reference value :  8.38300e-08
 Reference value :  8.38900e-08
 Reference value :  8.39500e-08
 Reference value :  8.40000e-08
 Reference value :  8.40300e-08
 Reference value :  8.40700e-08
 Reference value :  8.41100e-08
 Reference value :  8.41700e-08
 Reference value :  8.42020e-08
 Reference value :  8.42300e-08
 Reference value :  8.42900e-08
 Reference value :  8.43500e-08
 Reference value :  8.43850e-08
 Reference value :  8.44020e-08
 Reference value :  8.44300e-08
 Reference value :  8.44700e-08
 Reference value :  8.45300e-08
 Reference value :  8.45850e-08
 Reference value :  8.46020e-08
 Reference value :  8.46300e-08
 Reference value :  8.46900e-08
 Reference value :  8.47500e-08
 Reference value :  8.48000e-08
 Reference value :  8.48140e-08
 Reference value :  8.48900e-08
 Reference value :  8.49300e-08
 Reference value :  8.49850e-08
 Reference value :  8.50060e-08
 Reference value :  8.50500e-08
 Reference value :  8.51100e-08
 Reference value :  8.51500e-08
 Reference value :  8.51850e-08
 Reference value :  8.52060e-08
 Reference value :  8.52500e-08
 Reference value :  8.53100e-08
 Reference value :  8.53700e-08
 Reference value :  8.54020e-08
 Reference value :  8.54300e-08
 Reference value :  8.54700e-08
 Reference value :  8.55100e-08
 Reference value :  8.55700e-08
 Reference value :  8.56000e-08
 Reference value :  8.56140e-08
 Reference value :  8.56700e-08
 Reference value :  8.57100e-08
 Reference value :  8.57700e-08
 Reference value :  8.58060e-08
 Reference value :  8.58500e-08
 Reference value :  8.58900e-08
 Reference value :  8.59500e-08
 Reference value :  8.60000e-08
 Reference value :  8.60300e-08
 Reference value :  8.60900e-08
 Reference value :  8.61500e-08
 Reference value :  8.62000e-08
 Reference value :  8.62300e-08
 Reference value :  8.62900e-08
 Reference value :  8.63300e-08
 Reference value :  8.63700e-08
 Reference value :  8.64020e-08
 Reference value :  8.64700e-08
 Reference value :  8.65100e-08
 Reference value :  8.65500e-08
 Reference value :  8.66000e-08
 Reference value :  8.66300e-08
 Reference value :  8.66700e-08
 Reference value :  8.67100e-08
 Reference value :  8.67700e-08
 Reference value :  8.68020e-08
 Reference value :  8.68300e-08
 Reference value :  8.68900e-08
 Reference value :  8.69500e-08
 Reference value :  8.69850e-08
 Reference value :  8.70060e-08
 Reference value :  8.70500e-08
 Reference value :  8.71100e-08
 Reference value :  8.71500e-08
 Reference value :  8.71850e-08
 Reference value :  8.72060e-08
 Reference value :  8.72700e-08
 Reference value :  8.73500e-08
 Reference value :  8.74000e-08
 Reference value :  8.74300e-08
 Reference value :  8.75100e-08
 Reference value :  8.75700e-08
 Reference value :  8.76020e-08
 Reference value :  8.76300e-08
 Reference value :  8.76900e-08
 Reference value :  8.77300e-08
 Reference value :  8.77850e-08
 Reference value :  8.78140e-08
 Reference value :  8.78700e-08
 Reference value :  8.79300e-08
 Reference value :  8.79850e-08
 Reference value :  8.80060e-08
 Reference value :  8.80500e-08
 Reference value :  8.80900e-08
 Reference value :  8.81500e-08
 Reference value :  8.82020e-08
 Reference value :  8.82500e-08
 Reference value :  8.82900e-08
 Reference value :  8.83500e-08
 Reference value :  8.84000e-08
 Reference value :  8.84300e-08
 Reference value :  8.85100e-08
 Reference value :  8.85700e-08
 Reference value :  8.86020e-08
 Reference value :  8.86500e-08
 Reference value :  8.86900e-08
 Reference value :  8.87500e-08
 Reference value :  8.88000e-08
 Reference value :  8.88140e-08
 Reference value :  8.88700e-08
 Reference value :  8.89300e-08
 Reference value :  8.89700e-08
 Reference value :  8.90000e-08
 Reference value :  8.90300e-08
 Reference value :  8.90900e-08
 Reference value :  8.91500e-08
 Reference value :  8.92000e-08
 Reference value :  8.92300e-08
 Reference value :  8.92900e-08
 Reference value :  8.93500e-08
 Reference value :  8.93850e-08
 Reference value :  8.94060e-08
 Reference value :  8.94500e-08
 Reference value :  8.95100e-08
 Reference value :  8.95700e-08
 Reference value :  8.96000e-08
 Reference value :  8.96300e-08
 Reference value :  8.97100e-08
 Reference value :  8.97700e-08
 Reference value :  8.98020e-08
 Reference value :  8.98300e-08
 Reference value :  8.98900e-08
 Reference value :  8.99500e-08
 Reference value :  9.00000e-08
 Reference value :  9.00140e-08
 Reference value :  9.00700e-08
 Reference value :  9.01300e-08
 Reference value :  9.01850e-08
 Reference value :  9.02140e-08
 Reference value :  9.02700e-08
 Reference value :  9.03300e-08
 Reference value :  9.03850e-08
 Reference value :  9.04060e-08
 Reference value :  9.04500e-08
 Reference value :  9.05100e-08
 Reference value :  9.05700e-08
 Reference value :  9.06020e-08
 Reference value :  9.06500e-08
 Reference value :  9.07100e-08
 Reference value :  9.07500e-08
 Reference value :  9.08000e-08
 Reference value :  9.08300e-08
 Reference value :  9.08900e-08
 Reference value :  9.09500e-08
 Reference value :  9.09850e-08
 Reference value :  9.10060e-08
 Reference value :  9.10500e-08
 Reference value :  9.11100e-08
 Reference value :  9.11500e-08
 Reference value :  9.12000e-08
 Reference value :  9.12140e-08
 Reference value :  9.12700e-08
 Reference value :  9.13500e-08
 Reference value :  9.14000e-08
 Reference value :  9.14140e-08
 Reference value :  9.14700e-08
 Reference value :  9.15300e-08
 Reference value :  9.15700e-08
 Reference value :  9.16020e-08
 Reference value :  9.16500e-08
 Reference value :  9.17100e-08
 Reference value :  9.17700e-08
 Reference value :  9.18020e-08
 Reference value :  9.18300e-08
 Reference value :  9.18700e-08
 Reference value :  9.19300e-08
 Reference value :  9.19700e-08
 Reference value :  9.20000e-08
 Reference value :  9.20300e-08
 Reference value :  9.20900e-08
 Reference value :  9.21700e-08
 Reference value :  9.22020e-08
 Reference value :  9.22300e-08
 Reference value :  9.22900e-08
 Reference value :  9.23500e-08
 Reference value :  9.24000e-08
 Reference value :  9.24140e-08
 Reference value :  9.24700e-08
 Reference value :  9.25300e-08
 Reference value :  9.25850e-08
 Reference value :  9.26300e-08
 Reference value :  9.26900e-08
 Reference value :  9.27300e-08
 Reference value :  9.27850e-08
 Reference value :  9.28060e-08
 Reference value :  9.28500e-08
 Reference value :  9.28900e-08
 Reference value :  9.29500e-08
 Reference value :  9.29850e-08
 Reference value :  9.30060e-08
 Reference value :  9.30500e-08
 Reference value :  9.31100e-08
 Reference value :  9.31700e-08
 Reference value :  9.32020e-08
 Reference value :  9.32500e-08
 Reference value :  9.33100e-08
 Reference value :  9.33700e-08
 Reference value :  9.34020e-08
 Reference value :  9.34300e-08
 Reference value :  9.34700e-08
 Reference value :  9.35300e-08
 Reference value :  9.35700e-08
 Reference value :  9.36020e-08
 Reference value :  9.36300e-08
 Reference value :  9.36700e-08
 Reference value :  9.37500e-08
 Reference value :  9.37850e-08
 Reference value :  9.38060e-08
 Reference value :  9.38500e-08
 Reference value :  9.38900e-08
 Reference value :  9.39300e-08
 Reference value :  9.39700e-08
 Reference value :  9.40060e-08
 Reference value :  9.40500e-08
 Reference value :  9.40900e-08
 Reference value :  9.41300e-08
 Reference value :  9.41850e-08
 Reference value :  9.42060e-08
 Reference value :  9.42500e-08
 Reference value :  9.42900e-08
 Reference value :  9.43300e-08
 Reference value :  9.43700e-08
 Reference value :  9.44020e-08
 Reference value :  9.44300e-08
 Reference value :  9.44900e-08
 Reference value :  9.45500e-08
 Reference value :  9.46020e-08
 Reference value :  9.46300e-08
 Reference value :  9.46700e-08
 Reference value :  9.47100e-08
 Reference value :  9.47500e-08
 Reference value :  9.48000e-08
 Reference value :  9.48140e-08
 Reference value :  9.48500e-08
 Reference value :  9.48900e-08
 Reference value :  9.49300e-08
 Reference value :  9.49700e-08
 Reference value :  9.50000e-08
 Reference value :  9.50140e-08
 Reference value :  9.50700e-08
 Reference value :  9.51300e-08
 Reference value :  9.51700e-08
 Reference value :  9.52000e-08
 Reference value :  9.52140e-08
 Reference value :  9.52700e-08
 Reference value :  9.53300e-08
 Reference value :  9.53700e-08
 Reference value :  9.54060e-08
 Reference value :  9.54500e-08
 Reference value :  9.55300e-08
 Reference value :  9.55850e-08
 Reference value :  9.56140e-08
 Reference value :  9.56500e-08
 Reference value :  9.56900e-08
 Reference value :  9.57500e-08
 Reference value :  9.58000e-08
 Reference value :  9.58140e-08
 Reference value :  9.58500e-08
 Reference value :  9.59100e-08
 Reference value :  9.59700e-08
 Reference value :  9.60060e-08
 Reference value :  9.60500e-08
 Reference value :  9.61100e-08
 Reference value :  9.61700e-08
 Reference value :  9.62020e-08
 Reference value :  9.62300e-08
 Reference value :  9.62900e-08
 Reference value :  9.63500e-08
 Reference value :  9.64000e-08
 Reference value :  9.64140e-08
 Reference value :  9.64700e-08
 Reference value :  9.65300e-08
 Reference value :  9.65850e-08
 Reference value :  9.66140e-08
 Reference value :  9.66700e-08
 Reference value :  9.67300e-08
 Reference value :  9.67700e-08
 Reference value :  9.68020e-08
 Reference value :  9.68300e-08
 Reference value :  9.68700e-08
 Reference value :  9.69100e-08
 Reference value :  9.69700e-08
 Reference value :  9.70060e-08
 Reference value :  9.70500e-08
 Reference value :  9.70900e-08
 Reference value :  9.71300e-08
 Reference value :  9.71850e-08
 Reference value :  9.72060e-08
 Reference value :  9.72500e-08
 Reference value :  9.73100e-08
 Reference value :  9.73500e-08
 Reference value :  9.73850e-08
 Reference value :  9.74060e-08
 Reference value :  9.74500e-08
 Reference value :  9.75100e-08
 Reference value :  9.75700e-08
 Reference value :  9.76000e-08
 Reference value :  9.76140e-08
 Reference value :  9.76700e-08
 Reference value :  9.77100e-08
 Reference value :  9.77700e-08
 Reference value :  9.78000e-08
 Reference value :  9.78140e-08
 Reference value :  9.78700e-08
 Reference value :  9.79300e-08
 Reference value :  9.79850e-08
 Reference value :  9.80060e-08
 Reference value :  9.80500e-08
 Reference value :  9.80900e-08
 Reference value :  9.81700e-08
 Reference value :  9.82020e-08
 Reference value :  9.82300e-08
 Reference value :  9.82900e-08
 Reference value :  9.83500e-08
 Reference value :  9.84000e-08
 Reference value :  9.84300e-08
 Reference value :  9.84900e-08
 Reference value :  9.85500e-08
 Reference value :  9.86020e-08
 Reference value :  9.86300e-08
 Reference value :  9.86900e-08
 Reference value :  9.87300e-08
 Reference value :  9.87850e-08
 Reference value :  9.88060e-08
 Reference value :  9.88500e-08
 Reference value :  9.89100e-08
 Reference value :  9.89700e-08
 Reference value :  9.90020e-08
 Reference value :  9.90500e-08
 Reference value :  9.90900e-08
 Reference value :  9.91300e-08
 Reference value :  9.91700e-08
 Reference value :  9.92000e-08
 Reference value :  9.92140e-08
 Reference value :  9.92500e-08
 Reference value :  9.93100e-08
 Reference value :  9.93700e-08
 Reference value :  9.94020e-08
 Reference value :  9.94300e-08
 Reference value :  9.94900e-08
 Reference value :  9.95500e-08
 Reference value :  9.95850e-08
 Reference value :  9.96140e-08
 Reference value :  9.96700e-08
 Reference value :  9.97100e-08
 Reference value :  9.97700e-08
 Reference value :  9.98020e-08
 Reference value :  9.98500e-08
 Reference value :  9.99100e-08
 Reference value :  9.99700e-08
 Reference value :  1.00002e-07
 Reference value :  1.00030e-07
 Reference value :  1.00090e-07
 Reference value :  1.00150e-07
 Reference value :  1.00185e-07
 Reference value :  1.00206e-07
 Reference value :  1.00250e-07
 Reference value :  1.00310e-07
 Reference value :  1.00370e-07
 Reference value :  1.00406e-07
 Reference value :  1.00450e-07
 Reference value :  1.00510e-07
 Reference value :  1.00570e-07
 Reference value :  1.00602e-07
 Reference value :  1.00630e-07
 Reference value :  1.00670e-07
 Reference value :  1.00730e-07
 Reference value :  1.00770e-07
 Reference value :  1.00802e-07
 Reference value :  1.00850e-07
 Reference value :  1.00910e-07
 Reference value :  1.00970e-07
 Reference value :  1.01006e-07
 Reference value :  1.01050e-07
 Reference value :  1.01110e-07
 Reference value :  1.01150e-07
 Reference value :  1.01200e-07
 Reference value :  1.01214e-07
 Reference value :  1.01250e-07
 Reference value :  1.01310e-07
 Reference value :  1.01350e-07
 Reference value :  1.01400e-07
 Reference value :  1.01430e-07
 Reference value :  1.01510e-07
 Reference value :  1.01570e-07
 Reference value :  1.01602e-07
 Reference value :  1.01650e-07
 Reference value :  1.01710e-07
 Reference value :  1.01785e-07
 Reference value :  1.01830e-07
 Reference value :  1.01890e-07
 Reference value :  1.01950e-07
 Reference value :  1.02000e-07
 Reference value :  1.02030e-07
 Reference value :  1.02090e-07
 Reference value :  1.02150e-07
 Reference value :  1.02185e-07
 Reference value :  1.02202e-07
 Reference value :  1.02230e-07
 Reference value :  1.02290e-07
 Reference value :  1.02350e-07
 Reference value :  1.02400e-07
 Reference value :  1.02430e-07
 Reference value :  1.02490e-07
 Reference value :  1.02550e-07
 Reference value :  1.02585e-07
 Reference value :  1.02606e-07
 Reference value :  1.02650e-07
 Reference value :  1.02710e-07
 Reference value :  1.02770e-07
 Reference value :  1.02806e-07
 Reference value :  1.02850e-07
 Reference value :  1.02890e-07
 Reference value :  1.02950e-07
 Reference value :  1.03000e-07
 Reference value :  1.03030e-07
 Reference value :  1.03070e-07
 Reference value :  1.03130e-07
 Reference value :  1.03185e-07
 Reference value :  1.03214e-07
 Reference value :  1.03270e-07
 Reference value :  1.03310e-07
 Reference value :  1.03350e-07
 Reference value :  1.03400e-07
 Reference value :  1.03430e-07
 Reference value :  1.03490e-07
 Reference value :  1.03550e-07
 Reference value :  1.03600e-07
 Reference value :  1.03614e-07
 Reference value :  1.03670e-07
 Reference value :  1.03710e-07
 Reference value :  1.03770e-07
 Reference value :  1.03802e-07
 Reference value :  1.03830e-07
 Reference value :  1.03890e-07
 Reference value :  1.03950e-07
 Reference value :  1.03985e-07
 Reference value :  1.04006e-07
 Reference value :  1.04050e-07
 Reference value :  1.04090e-07
 Reference value :  1.04130e-07
 Reference value :  1.04170e-07
 Reference value :  1.04206e-07
 Reference value :  1.04250e-07
 Reference value :  1.04310e-07
 Reference value :  1.04350e-07
 Reference value :  1.04400e-07
 Reference value :  1.04430e-07
 Reference value :  1.04490e-07
 Reference value :  1.04530e-07
 Reference value :  1.04585e-07
 Reference value :  1.04606e-07
 Reference value :  1.04650e-07
 Reference value :  1.04710e-07
 Reference value :  1.04770e-07
 Reference value :  1.04802e-07
 Reference value :  1.04830e-07
 Reference value :  1.04870e-07
 Reference value :  1.04930e-07
 Reference value :  1.04985e-07
 Reference value :  1.05006e-07
 Reference value :  1.05050e-07
 Reference value :  1.05110e-07
 Reference value :  1.05170e-07
 Reference value :  1.05202e-07
 Reference value :  1.05230e-07
 Reference value :  1.05290e-07
 Reference value :  1.05330e-07
 Reference value :  1.05385e-07
 Reference value :  1.05406e-07
 Reference value :  1.05450e-07
 Reference value :  1.05510e-07
 Reference value :  1.05550e-07
 Reference value :  1.05585e-07
 Reference value :  1.05606e-07
 Reference value :  1.05670e-07
 Reference value :  1.05710e-07
 Reference value :  1.05750e-07
 Reference value :  1.05785e-07
 Reference value :  1.05802e-07
 Reference value :  1.05830e-07
 Reference value :  1.05890e-07
 Reference value :  1.05930e-07
 Reference value :  1.05970e-07
 Reference value :  1.06002e-07
 Reference value :  1.06030e-07
 Reference value :  1.06090e-07
 Reference value :  1.06130e-07
 Reference value :  1.06185e-07
 Reference value :  1.06206e-07
 Reference value :  1.06230e-07
 Reference value :  1.06270e-07
 Reference value :  1.06330e-07
 Reference value :  1.06385e-07
 Reference value :  1.06406e-07
 Reference value :  1.06450e-07
 Reference value :  1.06510e-07
 Reference value :  1.06550e-07
 Reference value :  1.06585e-07
 Reference value :  1.06614e-07
 Reference value :  1.06690e-07
 Reference value :  1.06750e-07
 Reference value :  1.06785e-07
 Reference value :  1.06806e-07
 Reference value :  1.06850e-07
 Reference value :  1.06910e-07
 Reference value :  1.06970e-07
 Reference value :  1.07000e-07
 Reference value :  1.07014e-07
 Reference value :  1.07070e-07
 Reference value :  1.07130e-07
 Reference value :  1.07185e-07
 Reference value :  1.07206e-07
 Reference value :  1.07250e-07
 Reference value :  1.07310e-07
 Reference value :  1.07350e-07
 Reference value :  1.07400e-07
 Reference value :  1.07414e-07
 Reference value :  1.07450e-07
 Reference value :  1.07490e-07
 Reference value :  1.07550e-07
 Reference value :  1.07600e-07
 Reference value :  1.07630e-07
 Reference value :  1.07690e-07
 Reference value :  1.07730e-07
 Reference value :  1.07770e-07
 Reference value :  1.07802e-07
 Reference value :  1.07870e-07
 Reference value :  1.07930e-07
 Reference value :  1.07985e-07
 Reference value :  1.08014e-07
 Reference value :  1.08070e-07
 Reference value :  1.08110e-07
 Reference value :  1.08150e-07
 Reference value :  1.08185e-07
 Reference value :  1.08206e-07
 Reference value :  1.08250e-07
 Reference value :  1.08310e-07
 Reference value :  1.08370e-07
 Reference value :  1.08400e-07
 Reference value :  1.08414e-07
 Reference value :  1.08450e-07
 Reference value :  1.08490e-07
 Reference value :  1.08530e-07
 Reference value :  1.08585e-07
 Reference value :  1.08606e-07
 Reference value :  1.08650e-07
 Reference value :  1.08690e-07
 Reference value :  1.08750e-07
 Reference value :  1.08785e-07
 Reference value :  1.08806e-07
 Reference value :  1.08850e-07
 Reference value :  1.08890e-07
 Reference value :  1.08950e-07
 Reference value :  1.09000e-07
 Reference value :  1.09050e-07
 Reference value :  1.09130e-07
 Reference value :  1.09185e-07
 Reference value :  1.09202e-07
 Reference value :  1.09230e-07
 Reference value :  1.09270e-07
 Reference value :  1.09330e-07
 Reference value :  1.09385e-07
 Reference value :  1.09406e-07
 Reference value :  1.09450e-07
 Reference value :  1.09490e-07
 Reference value :  1.09550e-07
 Reference value :  1.09600e-07
 Reference value :  1.09630e-07
 Reference value :  1.09670e-07
 Reference value :  1.09710e-07
 Reference value :  1.09770e-07
 Reference value :  1.09802e-07
 Reference value :  1.09830e-07
 Reference value :  1.09890e-07
 Reference value :  1.09950e-07
 Reference value :  1.09985e-07
 Reference value :  1.10006e-07
 Reference value :  1.10050e-07
 Reference value :  1.10090e-07
 Reference value :  1.10150e-07
 Reference value :  1.10200e-07
 Reference value :  1.10230e-07
 Reference value :  1.10310e-07
 Reference value :  1.10370e-07
 Reference value :  1.10402e-07
 Reference value :  1.10450e-07
 Reference value :  1.10510e-07
 Reference value :  1.10570e-07
 Reference value :  1.10600e-07
 Reference value :  1.10630e-07
 Reference value :  1.10690e-07
 Reference value :  1.10750e-07
 Reference value :  1.10800e-07
 Reference value :  1.10814e-07
 Reference value :  1.10850e-07
 Reference value :  1.10890e-07
 Reference value :  1.10930e-07
 Reference value :  1.10970e-07
 Reference value :  1.11006e-07
 Reference value :  1.11030e-07
 Reference value :  1.11070e-07
 Reference value :  1.11130e-07
 Reference value :  1.11185e-07
 Reference value :  1.11206e-07
 Reference value :  1.11230e-07
 Reference value :  1.11290e-07
 Reference value :  1.11350e-07
 Reference value :  1.11400e-07
 Reference value :  1.11414e-07
 Reference value :  1.11450e-07
 Reference value :  1.11530e-07
 Reference value :  1.11600e-07
 Reference value :  1.11614e-07
 Reference value :  1.11670e-07
 Reference value :  1.11730e-07
 Reference value :  1.11785e-07
 Reference value :  1.11806e-07
 Reference value :  1.11850e-07
 Reference value :  1.11910e-07
 Reference value :  1.11970e-07
 Reference value :  1.12006e-07
 Reference value :  1.12070e-07
 Reference value :  1.12130e-07
 Reference value :  1.12185e-07
 Reference value :  1.12214e-07
 Reference value :  1.12270e-07
 Reference value :  1.12330e-07
 Reference value :  1.12385e-07
 Reference value :  1.12406e-07
 Reference value :  1.12470e-07
 Reference value :  1.12530e-07
 Reference value :  1.12585e-07
 Reference value :  1.12606e-07
 Reference value :  1.12650e-07
 Reference value :  1.12710e-07
 Reference value :  1.12770e-07
 Reference value :  1.12802e-07
 Reference value :  1.12830e-07
 Reference value :  1.12890e-07
 Reference value :  1.12950e-07
 Reference value :  1.13000e-07
 Reference value :  1.13030e-07
 Reference value :  1.13090e-07
 Reference value :  1.13150e-07
 Reference value :  1.13200e-07
 Reference value :  1.13230e-07
 Reference value :  1.13290e-07
 Reference value :  1.13330e-07
 Reference value :  1.13370e-07
 Reference value :  1.13402e-07
 Reference value :  1.13430e-07
 Reference value :  1.13470e-07
 Reference value :  1.13510e-07
 Reference value :  1.13570e-07
 Reference value :  1.13602e-07
 Reference value :  1.13650e-07
 Reference value :  1.13710e-07
 Reference value :  1.13750e-07
 Reference value :  1.13800e-07
 Reference value :  1.13814e-07
 Reference value :  1.13850e-07
 Reference value :  1.13910e-07
 Reference value :  1.13970e-07
 Reference value :  1.14002e-07
 Reference value :  1.14030e-07
 Reference value :  1.14090e-07
 Reference value :  1.14150e-07
 Reference value :  1.14200e-07
 Reference value :  1.14230e-07
 Reference value :  1.14270e-07
 Reference value :  1.14330e-07
 Reference value :  1.14370e-07
 Reference value :  1.14402e-07
 Reference value :  1.14430e-07
 Reference value :  1.14490e-07
 Reference value :  1.14550e-07
 Reference value :  1.14585e-07
 Reference value :  1.14606e-07
 Reference value :  1.14650e-07
 Reference value :  1.14690e-07
 Reference value :  1.14730e-07
 Reference value :  1.14770e-07
 Reference value :  1.14802e-07
 Reference value :  1.14830e-07
 Reference value :  1.14890e-07
 Reference value :  1.14930e-07
 Reference value :  1.14985e-07
 Reference value :  1.15000e-07
No. of Data Rows : 7492
vmax_ss             =  1.58655e+00 at=  8.89850e-08
vmin_ss             =  -1.76480e-02 at=  1.02370e-07
tk                  =  3.28799e-09
tk                  =  5.71314e-09
tk                  =  8.13547e-09
tk                  =  1.05646e-08
tk                  =  1.29910e-08
tk                  =  1.54140e-08
tk                  =  1.78424e-08
tk                  =  2.02696e-08
tk                  =  2.26980e-08
tk                  =  2.51269e-08
tk                  =  2.75488e-08
tk                  =  2.99715e-08
tk                  =  3.23929e-08
tk                  =  3.48198e-08
tk                  =  3.72428e-08
tk                  =  3.96653e-08
tk                  =  4.20846e-08
tk                  =  4.45080e-08
tk                  =  4.69300e-08
tk                  =  4.93563e-08
tk                  =  5.17831e-08
vmax_ss = 1.586552e+00
vmin_ss = -1.76480e-02
swing_frac = 8.912222e-01
tbar = 2.424755e-09
sigma_1 = 2.927494e-12
sigma_2 = 4.790751e-12
sigma_4 = 8.211472e-12
sigma_8 = 1.486221e-11
Note: Simulation executed from .control section 

----- stderr -----

