|* ro_array_core as rebuilt -- combining fidelity, frequency ladder, array current
|*
|* Purpose: this is the assembled-block measurement for issue #13's rebuild.
|* It drives the COMMITTED design/ro_array_core.spice -- the netlist
|* design/netlist.py exports from design/xschem/ro_array_core.sch and guards
|* with --check -- so what it measures is the schematic as drawn, N = 4
|* five-stage rings and all, not a hand-built approximation of it.
|*
|* Three things it establishes, none of which #10's campaign could:
|*
|*   1. COMBINING FIDELITY, in two separate senses that must not be
|*      conflated.
|*
|*      (a) EDGE RETENTION -- a bandwidth measure. The XOR tree's ceiling on
|*      N (sim/xor-combining-bandwidth/) is derived from a single gate driven
|*      by a periodic square wave. The real combining node is driven by the
|*      superposition of 4 skewed rings, whose inter-edge gaps are spread,
|*      not uniform: even when the MEAN gap is comfortably above the gate's
|*      minimum pulse width, the rings beat against each other and edge pairs
|*      pass through near-coincidence, where they are swallowed. This deck
|*      measures the realized rising-edge rate at a node and divides it by
|*      the ideal rate sum(1/T_i) over the rings feeding it, taken from the
|*      SAME run's per-ring periods.
|*
|*      Because the tree is BALANCED, one run gives that ratio at two array
|*      sizes for free: xdut.t1 combines 2 rings and xo combines all 4. No
|*      separate N-sweep deck is needed, and both numbers come from identical
|*      rings under identical conditions.
|*
|*      (b) VALUE FIDELITY -- a bias measure, and the one that actually
|*      reaches the sampler. A swallowed pulse is a swallowed PAIR of edges,
|*      and two missed toggles leave the node's parity unchanged, so the
|*      sampled value still tracks the ideal XOR of all four rings except
|*      inside the short swallowed window itself. Systematic bias at the
|*      combining node is what would destroy raw min-entropy, so this deck
|*      measures the time-average level of each combining node directly. A
|*      node whose mean sits at 0.5 x Vdd is combining without a DC error,
|*      however many edges it dropped.
|*
|*      Reporting only (a) would overstate the damage; reporting only (b)
|*      would hide that the tree is filtering at all. Both are recorded.
|*
|*   2. THE FREQUENCY LADDER, realized. ro_array_core.sch skews the rings by
|*      starve-device width, wstv = 0.42 um to 0.48 um in 0.02 um steps. What
|*      that ladder does to the actual oscillation frequencies is a device
|*      fact, not a design intent, and integer frequency ratios are the ones
|*      that mutually injection lock. This deck reports all four periods
|*      from one run so the realized ratios can be read off directly.
|*
|*   3. ARRAY SUPPLY CURRENT. Four separate vddr sources plus the block vdd,
|*      each measured separately, summed into a total. design/README.md's
|*      power rows had no sky130 measurement at all behind them.
|*
|* Start-up is by ENABLE RELEASE, not by .ic. A deterministic transient of a
|* ring started at its own DC operating point sits at the metastable point
|* and never oscillates, and the rings' internal nodes are inside a subckt
|* here (unlike #10's in-place ring decks, which could .ic them from the top
|* level). So all four enables are held at 0 through the DC operating point
|* and released together at t = 5 ns: with en = 0 the ro_nand2 pins its own
|* output high, which is a defined state, and releasing it starts the ring.
|* That is also how the block is actually meant to be brought up.
|*
|* Measurement window is 60 ns to 200 ns, i.e. 55 ns after release -- more
|* than ten periods of the slowest ring measured anywhere in the grid.
|*
|* Edge retention uses rising crossings 2 through 50 at xo rather than a
|* whole-vector transition count: it is a rate over 48 intervals, it needs no
|* vector-length arithmetic, and crossing 50 stays reachable inside the
|* window even if the tree were swallowing half the edges. Crossing 1 is
|* discarded as start-up.
|*
|* PVT: three (temp, supply) points, each bundling the tt/ss/ff process axis:
|*   -40 degC / 1.62 V   the entropy-binding corner (ss). Slowest rings, so
|*                       the widest edge spacing -- where retention should be
|*                       highest and where the entropy requirement binds.
|*    27 degC / 1.80 V   nominal
|*   -40 degC / 1.98 V   the fastest rings measured anywhere in #10's grid
|*                       (ff) -- the narrowest edge spacing, and also the
|*                       corner sim/ro-array-operating-point/ found BINDS the
|*                       combining bound. This is the hardest test of the
|*                       combining tree, and where retention is expected to
|*                       be WORST.
|*
|* This file is a TEMPLATE: sim/bin/corner-run.py substitutes /home/ubuntu/.volare/volare/sky130/versions/c6d73a35f524070e85faff4a6a9eef49553ebc2b/sky130A/libs.tech/combined/sky130.lib.spice,
|* tt, /home/ubuntu/GitHub/sky130-trng/.loom/worktrees/issue-13/design/ro_array_core.spice (pointed at design/ro_array_core.spice via
|* --ro-ring5), -40.0, 1.98 and 5p. As committed it is not a
|* runnable deck.
|
|.option scale=1u
|.lib "/home/ubuntu/.volare/volare/sky130/versions/c6d73a35f524070e85faff4a6a9eef49553ebc2b/sky130A/libs.tech/combined/sky130.lib.spice" tt
|
|.include "/home/ubuntu/GitHub/sky130-trng/.loom/worktrees/issue-13/design/ro_array_core.spice"
|
|.temp -40.0
|
|* per-ring supplies, one source per ring so each current is separable
|Vddr1 vddr1 0 dc 1.98
|Vddr2 vddr2 0 dc 1.98
|Vddr3 vddr3 0 dc 1.98
|Vddr4 vddr4 0 dc 1.98
|* block supply: combining tree + the four ring output buffers
|Vdd vdd 0 dc 1.98
|
|* enables: held low through the DC solution, released together at 5 ns
|Ven1 en1 0 PULSE(0 1.98 5n 100p 100p 1u 2u)
|Ven2 en2 0 PULSE(0 1.98 5n 100p 100p 1u 2u)
|Ven3 en3 0 PULSE(0 1.98 5n 100p 100p 1u 2u)
|Ven4 en4 0 PULSE(0 1.98 5n 100p 100p 1u 2u)
|
|xdut en1 en2 en3 en4 vddr1 vddr2 vddr3 vddr4 vdd 0 xo ro1 ro2 ro3 ro4 ro_array_core
|
|.tran 5p 200n
|
|.control
|run
|* --- per-ring periods, 10 whole periods each, first two edges discarded ---
|meas tran t1a when v(ro1)=0.5*1.98 rise=3
|meas tran t1b when v(ro1)=0.5*1.98 rise=13
|meas tran t2a when v(ro2)=0.5*1.98 rise=3
|meas tran t2b when v(ro2)=0.5*1.98 rise=13
|meas tran t3a when v(ro3)=0.5*1.98 rise=3
|meas tran t3b when v(ro3)=0.5*1.98 rise=13
|meas tran t4a when v(ro4)=0.5*1.98 rise=3
|meas tran t4b when v(ro4)=0.5*1.98 rise=13
|let tr1 = (t1b - t1a)/10
|let tr2 = (t2b - t2a)/10
|let tr3 = (t3b - t3a)/10
|let tr4 = (t4b - t4a)/10
|let f_ideal2 = 1/tr1 + 1/tr2
|let f_ideal = 1/tr1 + 1/tr2 + 1/tr3 + 1/tr4
|let skew_span = tr1/tr4
|* --- combining node: swing and realized rising-edge rate ---
|meas tran vxo_max MAX v(xo) from=60n to=200n
|meas tran vxo_min MIN v(xo) from=60n to=200n
|let swing_frac_xo = (vxo_max - vxo_min) / 1.98
|meas tran txo_a when v(xo)=0.5*1.98 rise=2
|meas tran txo_b when v(xo)=0.5*1.98 rise=50
|let f_xo = 48/(txo_b - txo_a)
|let edge_retention = f_xo / f_ideal
|* the same ratio one tree level down, i.e. at N = 2, from the same rings in
|* the same run (balanced tree, so t1 combines rings 1-2)
|meas tran tt1a when v(xdut.t1)=0.5*1.98 rise=2
|meas tran tt1b when v(xdut.t1)=0.5*1.98 rise=50
|let f_t1 = 48/(tt1b - tt1a)
|let retention_n2 = f_t1 / f_ideal2
|let retention_n4 = edge_retention
|* --- value fidelity: time-average level of each combining node ---
|meas tran vxo_avg AVG v(xo) from=60n to=200n
|meas tran vt1_avg AVG v(xdut.t1) from=60n to=200n
|let bias_xo = vxo_avg / 1.98
|let bias_t1 = vt1_avg / 1.98
|* --- supply currents (sign-flipped to read as consumed current) ---
|meas tran i1 AVG i(Vddr1) from=60n to=200n
|meas tran i2 AVG i(Vddr2) from=60n to=200n
|meas tran i3 AVG i(Vddr3) from=60n to=200n
|meas tran i4 AVG i(Vddr4) from=60n to=200n
|meas tran ib AVG i(Vdd) from=60n to=200n
|let i_rings = -(i1 + i2 + i3 + i4)
|let i_block = -ib
|let i_array_total = i_rings + i_block
|let p_array_total = i_array_total * 1.98
|print tr1
|print tr2
|print tr3
|print tr4
|print skew_span
|print f_ideal
|print f_xo
|print edge_retention
|print retention_n2
|print retention_n4
|print bias_t1
|print bias_xo
|print swing_frac_xo
|print i_rings
|print i_block
|print i_array_total
|print p_array_total
|.endc
|.end
|

----- stdout -----

Note: No compatibility mode selected!


Circuit: * ro_array_core as rebuilt -- combining fidelity, frequency ladder, array current

Doing analysis at TEMP = -40.000000 and TNOM = 27.000000

Using SPARSE 1.3 as Direct Linear Solver

Initial Transient Solution
--------------------------

Node                                   Voltage
----                                   -------
vddr1                                     1.98
vddr2                                     1.98
vddr3                                     1.98
vddr4                                     1.98
vdd                                       1.98
en1                                          0
en2                                          0
en3                                          0
en4                                          0
xdut.xr1.xg.py                            1.98
xdut.xr1.n1                               1.98
xdut.rn1                                  1.98
xdut.xr1.xg.nm                         1.47979
xdut.xr1.xg.ny                     4.39813e-12
xdut.xr1.x1.py                            1.98
xdut.xr1.n2                        1.09926e-07
xdut.xr1.x1.ny                     9.38575e-08
xdut.xr1.x2.py                            1.98
xdut.xr1.n3                               1.98
xdut.xr1.x2.ny                     7.95879e-13
xdut.xr1.x3.py                            1.98
xdut.xr1.n4                        1.09926e-07
xdut.xr1.x3.ny                     9.38574e-08
xdut.xr1.x4.py                            1.98
xdut.xr1.x4.ny                     7.95879e-13
xdut.xr2.xg.py                            1.98
xdut.xr2.n1                               1.98
xdut.rn2                                  1.98
xdut.xr2.xg.nm                         1.47979
xdut.xr2.xg.ny                     4.19028e-12
xdut.xr2.x1.py                            1.98
xdut.xr2.n2                        1.05489e-07
xdut.xr2.x1.ny                     8.94204e-08
xdut.xr2.x2.py                            1.98
xdut.xr2.n3                               1.98
xdut.xr2.x2.ny                     7.58186e-13
xdut.xr2.x3.py                            1.98
xdut.xr2.n4                        1.05489e-07
xdut.xr2.x3.ny                     8.94203e-08
xdut.xr2.x4.py                            1.98
xdut.xr2.x4.ny                     7.58186e-13
xdut.xr3.xg.py                            1.98
xdut.xr3.n1                               1.98
xdut.rn3                                  1.98
xdut.xr3.xg.nm                         1.47979
xdut.xr3.xg.ny                     3.99724e-12
xdut.xr3.x1.py                            1.98
xdut.xr3.n2                        1.01369e-07
xdut.xr3.x1.ny                     8.53006e-08
xdut.xr3.x2.py                            1.98
xdut.xr3.n3                               1.98
xdut.xr3.x2.ny                     7.23353e-13
xdut.xr3.x3.py                            1.98
xdut.xr3.n4                        1.01369e-07
xdut.xr3.x3.ny                     8.53006e-08
xdut.xr3.x4.py                            1.98
xdut.xr3.x4.ny                     7.23353e-13
xdut.xr4.xg.py                            1.98
xdut.xr4.n1                               1.98
xdut.rn4                                  1.98
xdut.xr4.xg.nm                         1.47979
xdut.xr4.xg.ny                     3.81833e-12
xdut.xr4.x1.py                            1.98
xdut.xr4.n2                        9.75517e-08
xdut.xr4.x1.ny                     8.14831e-08
xdut.xr4.x2.py                            1.98
xdut.xr4.n3                               1.98
xdut.xr4.x2.ny                     6.90929e-13
xdut.xr4.x3.py                            1.98
xdut.xr4.n4                        9.75517e-08
xdut.xr4.x3.ny                     8.14831e-08
xdut.xr4.x4.py                            1.98
xdut.xr4.x4.ny                     6.90929e-13
ro1                                1.60686e-08
ro2                                1.60686e-08
ro3                                1.60686e-08
ro4                                1.60686e-08
xdut.xa1.an                               1.98
xdut.xa1.bn                               1.98
xdut.xa1.mid                              1.98
xdut.t1                            2.92216e-08
xdut.xa1.s1                        1.29823e-11
xdut.xa1.s2                        1.46108e-08
xdut.xa2.an                               1.98
xdut.xa2.bn                               1.98
xdut.xa2.mid                              1.98
xdut.t2                            2.92216e-08
xdut.xa2.s1                        1.29823e-11
xdut.xa2.s2                        1.46108e-08
xdut.xa3.an                               1.98
xdut.xa3.bn                               1.98
xdut.xa3.mid                              1.98
xo                                 2.92216e-08
xdut.xa3.s1                        1.29823e-11
xdut.xa3.s2                        1.46108e-08
ven4#branch                                  0
ven3#branch                                  0
ven2#branch                                  0
ven1#branch                                  0
vdd#branch                        -8.71871e-11
vddr4#branch                      -2.32412e-11
vddr3#branch                      -2.32412e-11
vddr2#branch                      -2.32413e-11
vddr1#branch                      -2.32416e-11

 Reference value :  0.00000e+00
 Reference value :  4.64000e-11
 Reference value :  6.14000e-11
 Reference value :  7.64000e-11
 Reference value :  9.14000e-11
 Reference value :  1.16400e-10
 Reference value :  1.36400e-10
 Reference value :  2.46400e-10
 Reference value :  2.61400e-10
 Reference value :  2.76400e-10
 Reference value :  2.96400e-10
 Reference value :  3.11400e-10
 Reference value :  3.31400e-10
 Reference value :  3.51400e-10
 Reference value :  3.71400e-10
 Reference value :  4.46400e-10
 Reference value :  5.26400e-10
 Reference value :  5.46400e-10
 Reference value :  5.61400e-10
 Reference value :  5.76400e-10
 Reference value :  5.91400e-10
 Reference value :  6.76400e-10
 Reference value :  7.51400e-10
 Reference value :  9.21400e-10
 Reference value :  9.36400e-10
 Reference value :  9.71400e-10
 Reference value :  1.05140e-09
 Reference value :  1.07140e-09
 Reference value :  1.08640e-09
 Reference value :  1.10640e-09
 Reference value :  1.12140e-09
 Reference value :  1.13640e-09
 Reference value :  1.15640e-09
 Reference value :  1.17140e-09
 Reference value :  1.18640e-09
 Reference value :  1.20640e-09
 Reference value :  1.22140e-09
 Reference value :  1.23640e-09
 Reference value :  1.25140e-09
 Reference value :  1.26640e-09
 Reference value :  1.28140e-09
 Reference value :  1.38140e-09
 Reference value :  1.40140e-09
 Reference value :  1.49140e-09
 Reference value :  1.60140e-09
 Reference value :  1.67140e-09
 Reference value :  1.68640e-09
 Reference value :  1.70640e-09
 Reference value :  1.72640e-09
 Reference value :  1.76140e-09
 Reference value :  1.81640e-09
 Reference value :  1.89640e-09
 Reference value :  2.02640e-09
 Reference value :  2.04140e-09
 Reference value :  2.05640e-09
 Reference value :  2.10640e-09
 Reference value :  2.12140e-09
 Reference value :  2.14140e-09
 Reference value :  2.22140e-09
 Reference value :  2.24140e-09
 Reference value :  2.25640e-09
 Reference value :  2.27140e-09
 Reference value :  2.28640e-09
 Reference value :  2.30640e-09
 Reference value :  2.32140e-09
 Reference value :  2.33640e-09
 Reference value :  2.35140e-09
 Reference value :  2.37140e-09
 Reference value :  2.38640e-09
 Reference value :  2.48140e-09
 Reference value :  2.49640e-09
 Reference value :  2.56640e-09
 Reference value :  2.58640e-09
 Reference value :  2.60140e-09
 Reference value :  2.61640e-09
 Reference value :  2.63140e-09
 Reference value :  2.65140e-09
 Reference value :  2.67140e-09
 Reference value :  2.69140e-09
 Reference value :  2.70640e-09
 Reference value :  2.72140e-09
 Reference value :  2.73640e-09
 Reference value :  2.75640e-09
 Reference value :  2.83140e-09
 Reference value :  2.90140e-09
 Reference value :  3.00140e-09
 Reference value :  3.03640e-09
 Reference value :  3.07140e-09
 Reference value :  3.08640e-09
 Reference value :  3.19640e-09
 Reference value :  3.39640e-09
 Reference value :  3.41640e-09
 Reference value :  3.43140e-09
 Reference value :  3.48640e-09
 Reference value :  3.53140e-09
 Reference value :  3.54640e-09
 Reference value :  3.56140e-09
 Reference value :  3.57640e-09
 Reference value :  3.59640e-09
 Reference value :  3.63640e-09
 Reference value :  3.65640e-09
 Reference value :  3.67140e-09
 Reference value :  3.69140e-09
 Reference value :  3.74140e-09
 Reference value :  3.76140e-09
 Reference value :  3.78140e-09
 Reference value :  3.96140e-09
 Reference value :  4.36640e-09
 Reference value :  4.44140e-09
 Reference value :  4.77640e-09
 Reference value :  5.10350e-09
 Reference value :  5.46750e-09
 Reference value :  5.79750e-09
 Reference value :  6.12750e-09
 Reference value :  6.41750e-09
 Reference value :  6.43250e-09
 Reference value :  6.51250e-09
 Reference value :  6.58750e-09
 Reference value :  6.81250e-09
 Reference value :  7.07250e-09
 Reference value :  7.28250e-09
 Reference value :  7.55750e-09
 Reference value :  7.63250e-09
 Reference value :  7.86750e-09
 Reference value :  8.42750e-09
 Reference value :  8.97750e-09
 Reference value :  9.45750e-09
 Reference value :  9.97750e-09
 Reference value :  1.03725e-08
 Reference value :  1.08875e-08
 Reference value :  1.13975e-08
 Reference value :  1.19275e-08
 Reference value :  1.24725e-08
 Reference value :  1.29025e-08
 Reference value :  1.32875e-08
 Reference value :  1.37525e-08
 Reference value :  1.42875e-08
 Reference value :  1.48125e-08
 Reference value :  1.53175e-08
 Reference value :  1.58275e-08
 Reference value :  1.63025e-08
 Reference value :  1.65875e-08
 Reference value :  1.68525e-08
 Reference value :  1.69175e-08
 Reference value :  1.73425e-08
 Reference value :  1.77675e-08
 Reference value :  1.83425e-08
 Reference value :  1.87425e-08
 Reference value :  1.88275e-08
 Reference value :  1.91925e-08
 Reference value :  1.97325e-08
 Reference value :  2.02225e-08
 Reference value :  2.07175e-08
 Reference value :  2.12275e-08
 Reference value :  2.17075e-08
 Reference value :  2.22375e-08
 Reference value :  2.26575e-08
 Reference value :  2.32475e-08
 Reference value :  2.37325e-08
 Reference value :  2.41325e-08
 Reference value :  2.46575e-08
 Reference value :  2.52375e-08
 Reference value :  2.57475e-08
 Reference value :  2.62025e-08
 Reference value :  2.65325e-08
 Reference value :  2.69825e-08
 Reference value :  2.75025e-08
 Reference value :  2.78325e-08
 Reference value :  2.80475e-08
 Reference value :  2.85675e-08
 Reference value :  2.90825e-08
 Reference value :  2.95875e-08
 Reference value :  3.00825e-08
 Reference value :  3.06425e-08
 Reference value :  3.11325e-08
 Reference value :  3.16675e-08
 Reference value :  3.21775e-08
 Reference value :  3.24075e-08
 Reference value :  3.26975e-08
 Reference value :  3.31575e-08
 Reference value :  3.36875e-08
 Reference value :  3.41525e-08
 Reference value :  3.46825e-08
 Reference value :  3.51875e-08
 Reference value :  3.54075e-08
 Reference value :  3.54225e-08
 Reference value :  3.59375e-08
 Reference value :  3.64475e-08
 Reference value :  3.69625e-08
 Reference value :  3.74675e-08
 Reference value :  3.77875e-08
 Reference value :  3.81025e-08
 Reference value :  3.85675e-08
 Reference value :  3.90775e-08
 Reference value :  3.95775e-08
 Reference value :  4.01425e-08
 Reference value :  4.03075e-08
 Reference value :  4.05075e-08
 Reference value :  4.06475e-08
 Reference value :  4.07425e-08
 Reference value :  4.09525e-08
 Reference value :  4.12075e-08
 Reference value :  4.15175e-08
 Reference value :  4.17275e-08
 Reference value :  4.18625e-08
 Reference value :  4.18975e-08
 Reference value :  4.20125e-08
 Reference value :  4.21025e-08
 Reference value :  4.25975e-08
 Reference value :  4.31675e-08
 Reference value :  4.33725e-08
 Reference value :  4.35725e-08
 Reference value :  4.40775e-08
 Reference value :  4.45975e-08
 Reference value :  4.52325e-08
 Reference value :  4.57225e-08
 Reference value :  4.61275e-08
 Reference value :  4.64575e-08
 Reference value :  4.68525e-08
 Reference value :  4.73225e-08
 Reference value :  4.78375e-08
 Reference value :  4.83225e-08
 Reference value :  4.86575e-08
 Reference value :  4.89075e-08
 Reference value :  4.93525e-08
 Reference value :  4.98675e-08
 Reference value :  5.03475e-08
 Reference value :  5.08925e-08
 Reference value :  5.13675e-08
 Reference value :  5.16375e-08
 Reference value :  5.18625e-08
 Reference value :  5.23275e-08
 Reference value :  5.28525e-08
 Reference value :  5.33225e-08
 Reference value :  5.38375e-08
 Reference value :  5.43175e-08
 Reference value :  5.48425e-08
 Reference value :  5.53575e-08
 Reference value :  5.56125e-08
 Reference value :  5.57325e-08
 Reference value :  5.61925e-08
 Reference value :  5.67225e-08
 Reference value :  5.71975e-08
 Reference value :  5.77125e-08
 Reference value :  5.82025e-08
 Reference value :  5.84625e-08
 Reference value :  5.89425e-08
 Reference value :  5.94025e-08
 Reference value :  5.99325e-08
 Reference value :  6.04175e-08
 Reference value :  6.09275e-08
 Reference value :  6.14475e-08
 Reference value :  6.17925e-08
 Reference value :  6.20825e-08
 Reference value :  6.25475e-08
 Reference value :  6.30525e-08
 Reference value :  6.35475e-08
 Reference value :  6.40675e-08
 Reference value :  6.44075e-08
 Reference value :  6.46325e-08
 Reference value :  6.51775e-08
 Reference value :  6.56925e-08
 Reference value :  6.61925e-08
 Reference value :  6.66475e-08
 Reference value :  6.71975e-08
 Reference value :  6.77025e-08
 Reference value :  6.79875e-08
 Reference value :  6.84925e-08
 Reference value :  6.88525e-08
 Reference value :  6.93825e-08
 Reference value :  6.98475e-08
 Reference value :  7.03825e-08
 Reference value :  7.08925e-08
 Reference value :  7.12725e-08
 Reference value :  7.13725e-08
 Reference value :  7.15325e-08
 Reference value :  7.20175e-08
 Reference value :  7.25025e-08
 Reference value :  7.30525e-08
 Reference value :  7.33875e-08
 Reference value :  7.34325e-08
 Reference value :  7.39025e-08
 Reference value :  7.44125e-08
 Reference value :  7.49675e-08
 Reference value :  7.53475e-08
 Reference value :  7.55775e-08
 Reference value :  7.59125e-08
 Reference value :  7.64775e-08
 Reference value :  7.69875e-08
 Reference value :  7.75175e-08
 Reference value :  7.80175e-08
 Reference value :  7.84425e-08
 Reference value :  7.89725e-08
 Reference value :  7.93675e-08
 Reference value :  7.98825e-08
 Reference value :  8.04275e-08
 Reference value :  8.09375e-08
 Reference value :  8.14525e-08
 Reference value :  8.18275e-08
 Reference value :  8.23425e-08
 Reference value :  8.26575e-08
 Reference value :  8.31075e-08
 Reference value :  8.35275e-08
 Reference value :  8.40575e-08
 Reference value :  8.45675e-08
 Reference value :  8.47325e-08
 Reference value :  8.48525e-08
 Reference value :  8.52925e-08
 Reference value :  8.58275e-08
 Reference value :  8.62825e-08
 Reference value :  8.67875e-08
 Reference value :  8.72525e-08
 Reference value :  8.77725e-08
 Reference value :  8.82075e-08
 Reference value :  8.83575e-08
 Reference value :  8.88525e-08
 Reference value :  8.93225e-08
 Reference value :  8.98525e-08
 Reference value :  9.03425e-08
 Reference value :  9.07125e-08
 Reference value :  9.10275e-08
 Reference value :  9.14475e-08
 Reference value :  9.19675e-08
 Reference value :  9.23875e-08
 Reference value :  9.29025e-08
 Reference value :  9.33825e-08
 Reference value :  9.38975e-08
 Reference value :  9.43675e-08
 Reference value :  9.49375e-08
 Reference value :  9.54625e-08
 Reference value :  9.58475e-08
 Reference value :  9.63375e-08
 Reference value :  9.68375e-08
 Reference value :  9.73475e-08
 Reference value :  9.78225e-08
 Reference value :  9.83675e-08
 Reference value :  9.89025e-08
 Reference value :  9.93425e-08
 Reference value :  9.98525e-08
 Reference value :  1.00378e-07
 Reference value :  1.00638e-07
 Reference value :  1.00818e-07
 Reference value :  1.01283e-07
 Reference value :  1.01378e-07
 Reference value :  1.01858e-07
 Reference value :  1.02388e-07
 Reference value :  1.02848e-07
 Reference value :  1.03173e-07
 Reference value :  1.03333e-07
 Reference value :  1.03798e-07
 Reference value :  1.04278e-07
 Reference value :  1.04738e-07
 Reference value :  1.05188e-07
 Reference value :  1.05473e-07
 Reference value :  1.05838e-07
 Reference value :  1.06358e-07
 Reference value :  1.06808e-07
 Reference value :  1.07318e-07
 Reference value :  1.07733e-07
 Reference value :  1.07903e-07
 Reference value :  1.08138e-07
 Reference value :  1.08658e-07
 Reference value :  1.09173e-07
 Reference value :  1.09648e-07
 Reference value :  1.10188e-07
 Reference value :  1.10553e-07
 Reference value :  1.10818e-07
 Reference value :  1.11168e-07
 Reference value :  1.11738e-07
 Reference value :  1.12208e-07
 Reference value :  1.12753e-07
 Reference value :  1.13253e-07
 Reference value :  1.13283e-07
 Reference value :  1.13633e-07
 Reference value :  1.14093e-07
 Reference value :  1.14623e-07
 Reference value :  1.15078e-07
 Reference value :  1.15243e-07
 Reference value :  1.15638e-07
 Reference value :  1.16128e-07
 Reference value :  1.16633e-07
 Reference value :  1.17098e-07
 Reference value :  1.17583e-07
 Reference value :  1.17733e-07
 Reference value :  1.18168e-07
 Reference value :  1.18613e-07
 Reference value :  1.19118e-07
 Reference value :  1.19633e-07
 Reference value :  1.20208e-07
 Reference value :  1.20533e-07
 Reference value :  1.20563e-07
 Reference value :  1.21073e-07
 Reference value :  1.21553e-07
 Reference value :  1.22063e-07
 Reference value :  1.22538e-07
 Reference value :  1.22903e-07
 Reference value :  1.22983e-07
 Reference value :  1.23363e-07
 Reference value :  1.23878e-07
 Reference value :  1.24353e-07
 Reference value :  1.24843e-07
 Reference value :  1.25348e-07
 Reference value :  1.25603e-07
 Reference value :  1.25868e-07
 Reference value :  1.25963e-07
 Reference value :  1.26468e-07
 Reference value :  1.26938e-07
 Reference value :  1.27423e-07
 Reference value :  1.28003e-07
 Reference value :  1.28458e-07
 Reference value :  1.28678e-07
 Reference value :  1.28998e-07
 Reference value :  1.29528e-07
 Reference value :  1.30033e-07
 Reference value :  1.30478e-07
 Reference value :  1.30638e-07
 Reference value :  1.31008e-07
 Reference value :  1.31583e-07
 Reference value :  1.32048e-07
 Reference value :  1.32563e-07
 Reference value :  1.33048e-07
 Reference value :  1.33433e-07
 Reference value :  1.33638e-07
 Reference value :  1.33773e-07
 Reference value :  1.34273e-07
 Reference value :  1.34738e-07
 Reference value :  1.35283e-07
 Reference value :  1.35643e-07
 Reference value :  1.35818e-07
 Reference value :  1.36228e-07
 Reference value :  1.36723e-07
 Reference value :  1.37258e-07
 Reference value :  1.37728e-07
 Reference value :  1.38173e-07
 Reference value :  1.38438e-07
 Reference value :  1.38653e-07
 Reference value :  1.39148e-07
 Reference value :  1.39648e-07
 Reference value :  1.39933e-07
 Reference value :  1.40208e-07
 Reference value :  1.40713e-07
 Reference value :  1.41148e-07
 Reference value :  1.41623e-07
 Reference value :  1.42148e-07
 Reference value :  1.42613e-07
 Reference value :  1.42918e-07
 Reference value :  1.43013e-07
 Reference value :  1.43503e-07
 Reference value :  1.43943e-07
 Reference value :  1.44363e-07
 Reference value :  1.44668e-07
 Reference value :  1.45158e-07
 Reference value :  1.45673e-07
 Reference value :  1.46203e-07
 Reference value :  1.46758e-07
 Reference value :  1.47183e-07
 Reference value :  1.47268e-07
 Reference value :  1.47578e-07
 Reference value :  1.48148e-07
 Reference value :  1.48648e-07
 Reference value :  1.49003e-07
 Reference value :  1.49148e-07
 Reference value :  1.49653e-07
 Reference value :  1.50223e-07
 Reference value :  1.50698e-07
 Reference value :  1.51188e-07
 Reference value :  1.51593e-07
 Reference value :  1.51808e-07
 Reference value :  1.51993e-07
 Reference value :  1.52478e-07
 Reference value :  1.52923e-07
 Reference value :  1.53328e-07
 Reference value :  1.53548e-07
 Reference value :  1.53863e-07
 Reference value :  1.54383e-07
 Reference value :  1.54933e-07
 Reference value :  1.55488e-07
 Reference value :  1.55998e-07
 Reference value :  1.56133e-07
 Reference value :  1.56338e-07
 Reference value :  1.56808e-07
 Reference value :  1.57328e-07
 Reference value :  1.57758e-07
 Reference value :  1.57858e-07
 Reference value :  1.58118e-07
 Reference value :  1.58613e-07
 Reference value :  1.59138e-07
 Reference value :  1.59608e-07
 Reference value :  1.60128e-07
 Reference value :  1.60593e-07
 Reference value :  1.61033e-07
 Reference value :  1.61203e-07
 Reference value :  1.61598e-07
 Reference value :  1.62088e-07
 Reference value :  1.62573e-07
 Reference value :  1.62978e-07
 Reference value :  1.63213e-07
 Reference value :  1.63723e-07
 Reference value :  1.64193e-07
 Reference value :  1.64643e-07
 Reference value :  1.64953e-07
 Reference value :  1.65393e-07
 Reference value :  1.65483e-07
 Reference value :  1.66013e-07
 Reference value :  1.66618e-07
 Reference value :  1.67018e-07
 Reference value :  1.67338e-07
 Reference value :  1.67653e-07
 Reference value :  1.68048e-07
 Reference value :  1.68498e-07
 Reference value :  1.68673e-07
 Reference value :  1.68908e-07
 Reference value :  1.69063e-07
 Reference value :  1.69208e-07
 Reference value :  1.69463e-07
 Reference value :  1.69728e-07
 Reference value :  1.69863e-07
 Reference value :  1.70103e-07
 Reference value :  1.70153e-07
 Reference value :  1.70588e-07
 Reference value :  1.71088e-07
 Reference value :  1.71563e-07
 Reference value :  1.72018e-07
 Reference value :  1.72033e-07
 Reference value :  1.72528e-07
 Reference value :  1.72988e-07
 Reference value :  1.73523e-07
 Reference value :  1.73893e-07
 Reference value :  1.74238e-07
 Reference value :  1.74683e-07
 Reference value :  1.75223e-07
 Reference value :  1.75733e-07
 Reference value :  1.76163e-07
 Reference value :  1.76313e-07
 Reference value :  1.76348e-07
 Reference value :  1.76893e-07
 Reference value :  1.77253e-07
 Reference value :  1.77743e-07
 Reference value :  1.78063e-07
 Reference value :  1.78433e-07
 Reference value :  1.78948e-07
 Reference value :  1.79428e-07
 Reference value :  1.79933e-07
 Reference value :  1.80338e-07
 Reference value :  1.80808e-07
 Reference value :  1.81068e-07
 Reference value :  1.81373e-07
 Reference value :  1.81868e-07
 Reference value :  1.82343e-07
 Reference value :  1.82913e-07
 Reference value :  1.83088e-07
 Reference value :  1.83558e-07
 Reference value :  1.84003e-07
 Reference value :  1.84498e-07
 Reference value :  1.85073e-07
 Reference value :  1.85533e-07
 Reference value :  1.85688e-07
 Reference value :  1.85888e-07
 Reference value :  1.86398e-07
 Reference value :  1.86933e-07
 Reference value :  1.87128e-07
 Reference value :  1.87298e-07
 Reference value :  1.87803e-07
 Reference value :  1.88318e-07
 Reference value :  1.88828e-07
 Reference value :  1.89333e-07
 Reference value :  1.89758e-07
 Reference value :  1.89973e-07
 Reference value :  1.90223e-07
 Reference value :  1.90728e-07
 Reference value :  1.91233e-07
 Reference value :  1.91643e-07
 Reference value :  1.91763e-07
 Reference value :  1.91898e-07
 Reference value :  1.92398e-07
 Reference value :  1.92488e-07
 Reference value :  1.92938e-07
 Reference value :  1.93458e-07
 Reference value :  1.93863e-07
 Reference value :  1.94243e-07
 Reference value :  1.94668e-07
 Reference value :  1.95083e-07
 Reference value :  1.95168e-07
 Reference value :  1.95683e-07
 Reference value :  1.96173e-07
 Reference value :  1.96668e-07
 Reference value :  1.97178e-07
 Reference value :  1.97648e-07
 Reference value :  1.98183e-07
 Reference value :  1.98538e-07
 Reference value :  1.98863e-07
 Reference value :  1.99163e-07
 Reference value :  1.99473e-07
 Reference value :  1.99658e-07
 Reference value :  1.99918e-07
No. of Data Rows : 40014
t1a                 =  9.99663e-09
t1b                 =  2.92414e-08
t2a                 =  9.77972e-09
t2b                 =  2.80910e-08
t3a                 =  9.56106e-09
t3b                 =  2.70300e-08
t4a                 =  9.36798e-09
t4b                 =  2.60163e-08
vxo_max             =  2.15609e+00 at=  1.57383e-07
vxo_min             =  -2.19312e-01 at=  1.34318e-07
txo_a               =  9.24140e-09
txo_b               =  4.84459e-08
tt1a                =  9.15250e-09
tt1b                =  6.50804e-08
vxo_avg             =  8.97190e-01 from=  6.00000e-08 to=  2.00000e-07
vt1_avg             =  8.84464e-01 from=  6.00000e-08 to=  2.00000e-07
i1                  =  -1.69490e-05 from=  6.00000e-08 to=  2.00000e-07
i2                  =  -1.75790e-05 from=  6.00000e-08 to=  2.00000e-07
i3                  =  -1.82258e-05 from=  6.00000e-08 to=  2.00000e-07
i4                  =  -1.89019e-05 from=  6.00000e-08 to=  2.00000e-07
ib                  =  -1.01933e-04 from=  6.00000e-08 to=  2.00000e-07
tr1 = 1.924481e-09
tr2 = 1.831132e-09
tr3 = 1.746896e-09
tr4 = 1.664829e-09
skew_span = 1.155963e+00
f_ideal = 2.238837e+09
f_xo = 1.224348e+09
edge_retention = 5.468677e-01
retention_n2 = 8.053142e-01
retention_n4 = 5.468677e-01
bias_t1 = 4.466989e-01
bias_xo = 4.531260e-01
swing_frac_xo = 1.199696e+00
i_rings = 7.165570e-05
i_block = 1.019331e-04
i_array_total = 1.735888e-04
p_array_total = 3.437058e-04
Note: Simulation executed from .control section 

----- stderr -----

