OpenROAD 26Q3-1510-g6cb3f2b704 
Features included (+) or not (-): +GPU +GUI +Python
This program is licensed under the BSD-3 license. See the LICENSE file for details.
Components of this program may be licensed under more restrictive licenses which must be honored.
[INFO DRT-0149] Reading tech and libs.
[WARNING DRT-0349] LEF58_ENCLOSURE with no CUTCLASS is not supported. Skipping for layer mcon
[WARNING DRT-0349] LEF58_ENCLOSURE with no CUTCLASS is not supported. Skipping for layer mcon
[WARNING DRT-0349] LEF58_ENCLOSURE with no CUTCLASS is not supported. Skipping for layer via
[WARNING DRT-0349] LEF58_ENCLOSURE with no CUTCLASS is not supported. Skipping for layer via
[WARNING DRT-0349] LEF58_ENCLOSURE with no CUTCLASS is not supported. Skipping for layer via2
[WARNING DRT-0349] LEF58_ENCLOSURE with no CUTCLASS is not supported. Skipping for layer via2
[WARNING DRT-0349] LEF58_ENCLOSURE with no CUTCLASS is not supported. Skipping for layer via3
[WARNING DRT-0349] LEF58_ENCLOSURE with no CUTCLASS is not supported. Skipping for layer via3
[WARNING DRT-0349] LEF58_ENCLOSURE with no CUTCLASS is not supported. Skipping for layer via4
[WARNING DRT-0349] LEF58_ENCLOSURE with no CUTCLASS is not supported. Skipping for layer via4

Units:                1000
Number of layers:     13
Number of macros:     437
Number of vias:       29
Number of viarulegen: 25

[INFO DRT-0150] Reading design.
[WARNING DRT-0120] Large net rst_n has 457 pins which may impact routing performance. Consider optimization.

Design:                   trng_digital
Die area:                 ( 0 0 ) ( 194390 194390 )
Number of track patterns: 12
Number of DEF vias:       0
Number of components:     2770
Number of terminals:      113
Number of snets:          2
Number of nets:           2304

[INFO DRT-0167] List of default vias:
  Layer via
    default via: M1M2_PR
  Layer via2
    default via: M2M3_PR
  Layer via3
    default via: M3M4_PR
  Layer via4
    default via: M4M5_PR
[INFO DRT-0162] Library cell analysis.
[INFO DRT-0163] Instance analysis.
[INFO DRT-0164] Number of unique instances = 102.
[INFO DRT-0168] Init region query.
[INFO DRT-0024]   Complete FR_MASTERSLICE.
[INFO DRT-0024]   Complete licon.
[INFO DRT-0024]   Complete li1.
[INFO DRT-0024]   Complete mcon.
[INFO DRT-0024]   Complete met1.
[INFO DRT-0024]   Complete via.
[INFO DRT-0024]   Complete met2.
[INFO DRT-0024]   Complete via2.
[INFO DRT-0024]   Complete met3.
[INFO DRT-0024]   Complete via3.
[INFO DRT-0024]   Complete met4.
[INFO DRT-0024]   Complete via4.
[INFO DRT-0024]   Complete met5.
[INFO DRT-0033] FR_MASTERSLICE shape region query size = 0.
[INFO DRT-0033] licon shape region query size = 0.
[INFO DRT-0033] li1 shape region query size = 75745.
[INFO DRT-0033] mcon shape region query size = 0.
[INFO DRT-0033] met1 shape region query size = 12466.
[INFO DRT-0033] via shape region query size = 2210.
[INFO DRT-0033] met2 shape region query size = 1355.
[INFO DRT-0033] via2 shape region query size = 1768.
[INFO DRT-0033] met3 shape region query size = 1408.
[INFO DRT-0033] via3 shape region query size = 1768.
[INFO DRT-0033] met4 shape region query size = 540.
[INFO DRT-0033] via4 shape region query size = 85.
[INFO DRT-0033] met5 shape region query size = 111.
[INFO DRT-0165] Start pin access.
[INFO DRT-0078]   Complete 823 pins.
[INFO DRT-0079]   Complete 100 unique inst patterns.
[INFO DRT-0081]   Complete 102 unique inst patterns.
[INFO DRT-0084]   Complete 1524 groups.
#scanned instances     = 2770
#unique  instances     = 102
#stdCellGenAp          = 3109
#stdCellValidPlanarAp  = 18
#stdCellValidViaAp     = 2482
#stdCellPinNoAp        = 0
#stdCellPinCnt         = 8357
#instTermValidViaApCnt = 0
#macroGenAp            = 0
#macroValidPlanarAp    = 0
#macroValidViaAp       = 0
#macroNoAp             = 0
[INFO DRT-0166] Complete pin access.
[INFO DRT-0267] cpu time = 00:00:52, elapsed time = 00:00:52, memory = 245.44 (MB), peak = 245.37 (MB)

[INFO DRT-0157] Number of guides:     17566

[INFO DRT-0169] Post process guides.
[INFO DRT-0176] GCELLGRID X 0 DO 28 STEP 6900 ;
[INFO DRT-0177] GCELLGRID Y 0 DO 28 STEP 6900 ;
[INFO DRT-0028]   Complete FR_MASTERSLICE.
[INFO DRT-0028]   Complete licon.
[INFO DRT-0028]   Complete li1.
[INFO DRT-0028]   Complete mcon.
[INFO DRT-0028]   Complete met1.
[INFO DRT-0028]   Complete via.
[INFO DRT-0028]   Complete met2.
[INFO DRT-0028]   Complete via2.
[INFO DRT-0028]   Complete met3.
[INFO DRT-0028]   Complete via3.
[INFO DRT-0028]   Complete met4.
[INFO DRT-0028]   Complete via4.
[INFO DRT-0028]   Complete met5.
[INFO DRT-0178] Init guide query.
[INFO DRT-0035]   Complete FR_MASTERSLICE (guide).
[INFO DRT-0035]   Complete licon (guide).
[INFO DRT-0035]   Complete li1 (guide).
[INFO DRT-0035]   Complete mcon (guide).
[INFO DRT-0035]   Complete met1 (guide).
[INFO DRT-0035]   Complete via (guide).
[INFO DRT-0035]   Complete met2 (guide).
[INFO DRT-0035]   Complete via2 (guide).
[INFO DRT-0035]   Complete met3 (guide).
[INFO DRT-0035]   Complete via3 (guide).
[INFO DRT-0035]   Complete met4 (guide).
[INFO DRT-0035]   Complete via4 (guide).
[INFO DRT-0035]   Complete met5 (guide).
[INFO DRT-0036] FR_MASTERSLICE guide region query size = 0.
[INFO DRT-0036] licon guide region query size = 0.
[INFO DRT-0036] li1 guide region query size = 6226.
[INFO DRT-0036] mcon guide region query size = 0.
[INFO DRT-0036] met1 guide region query size = 5563.
[INFO DRT-0036] via guide region query size = 0.
[INFO DRT-0036] met2 guide region query size = 2773.
[INFO DRT-0036] via2 guide region query size = 0.
[INFO DRT-0036] met3 guide region query size = 127.
[INFO DRT-0036] via3 guide region query size = 0.
[INFO DRT-0036] met4 guide region query size = 19.
[INFO DRT-0036] via4 guide region query size = 0.
[INFO DRT-0036] met5 guide region query size = 0.
[INFO DRT-0179] Init gr pin query.
[INFO DRT-0267] cpu time = 00:00:00, elapsed time = 00:00:00, memory = 250.91 (MB), peak = 250.75 (MB)
[INFO DRT-0245] skipped writing guide updates to database.
[INFO DRT-0181] Start track assignment.
[INFO DRT-0184] Done with 9018 vertical wires in 1 frboxes and 5690 horizontal wires in 1 frboxes.
[INFO DRT-0186] Done with 1362 vertical wires in 1 frboxes and 2075 horizontal wires in 1 frboxes.
[INFO DRT-0182] Complete track assignment.
[INFO DRT-0267] cpu time = 00:00:00, elapsed time = 00:00:00, memory = 271.65 (MB), peak = 271.50 (MB)
[INFO DRT-0187] Start routing data preparation.
[INFO DRT-0267] cpu time = 00:00:00, elapsed time = 00:00:00, memory = 271.65 (MB), peak = 271.50 (MB)
[INFO DRT-0194] Start detail routing.
[INFO DRT-0195] Start 0th optimization iteration.
    Completing 10% with 0 violations.
    elapsed time = 00:00:05, memory = 282.68 (MB).
    Completing 20% with 0 violations.
    elapsed time = 00:00:20, memory = 334.92 (MB).
    Completing 30% with 390 violations.
    elapsed time = 00:00:24, memory = 334.92 (MB).
    Completing 40% with 390 violations.
    elapsed time = 00:00:33, memory = 343.75 (MB).
    Completing 50% with 390 violations.
    elapsed time = 00:00:39, memory = 358.27 (MB).
    Completing 60% with 752 violations.
    elapsed time = 00:00:55, memory = 358.27 (MB).
    Completing 70% with 752 violations.
    elapsed time = 00:01:09, memory = 375.38 (MB).
    Completing 80% with 1308 violations.
    elapsed time = 00:01:20, memory = 375.38 (MB).
    Completing 90% with 1308 violations.
    elapsed time = 00:01:31, memory = 378.48 (MB).
    Completing 100% with 1644 violations.
    elapsed time = 00:01:35, memory = 378.48 (MB).
[INFO DRT-0199]   Number of violations = 2082.
Viol/Layer         li1   mcon   met1    via   met2   met3
Cut Spacing          0      2      0      0      0      0
Metal Spacing        0      0    321      0    125      9
Recheck              2      0    304      0    131      1
Short                0      0   1014      6    167      0
[INFO DRT-0267] cpu time = 00:01:36, elapsed time = 00:01:36, memory = 633.50 (MB), peak = 633.17 (MB)
Total wire length = 62036 um.
Total wire length on LAYER li1 = 0 um.
Total wire length on LAYER met1 = 28105 um.
Total wire length on LAYER met2 = 29610 um.
Total wire length on LAYER met3 = 3163 um.
Total wire length on LAYER met4 = 1156 um.
Total wire length on LAYER met5 = 0 um.
Total number of vias = 17529.
Up-via summary (total 17529):

------------------------
 FR_MASTERSLICE        0
            li1     8006
           met1     9121
           met2      346
           met3       56
           met4        0
------------------------
               17529


[INFO DRT-0195] Start 1st optimization iteration.
    Completing 10% with 2082 violations.
    elapsed time = 00:00:02, memory = 633.50 (MB).
    Completing 20% with 2082 violations.
    elapsed time = 00:00:22, memory = 633.50 (MB).
    Completing 30% with 2082 violations.
    elapsed time = 00:00:23, memory = 633.50 (MB).
    Completing 40% with 1851 violations.
    elapsed time = 00:00:25, memory = 633.50 (MB).
    Completing 50% with 1851 violations.
    elapsed time = 00:00:50, memory = 633.50 (MB).
    Completing 60% with 1851 violations.
    elapsed time = 00:00:51, memory = 633.50 (MB).
    Completing 70% with 1569 violations.
    elapsed time = 00:00:59, memory = 633.50 (MB).
    Completing 80% with 1569 violations.
    elapsed time = 00:01:12, memory = 633.50 (MB).
    Completing 90% with 1266 violations.
    elapsed time = 00:01:28, memory = 633.50 (MB).
    Completing 100% with 958 violations.
    elapsed time = 00:01:44, memory = 633.50 (MB).
[INFO DRT-0199]   Number of violations = 958.
Viol/Layer        mcon   met1   met2
Cut Spacing          1      0      0
Metal Spacing        0    151     59
Short                0    698     49
[INFO DRT-0267] cpu time = 00:01:44, elapsed time = 00:01:44, memory = 636.50 (MB), peak = 636.17 (MB)
Total wire length = 61540 um.
Total wire length on LAYER li1 = 0 um.
Total wire length on LAYER met1 = 27792 um.
Total wire length on LAYER met2 = 29296 um.
Total wire length on LAYER met3 = 3264 um.
Total wire length on LAYER met4 = 1187 um.
Total wire length on LAYER met5 = 0 um.
Total number of vias = 17373.
Up-via summary (total 17373):

------------------------
 FR_MASTERSLICE        0
            li1     7988
           met1     9029
           met2      305
           met3       51
           met4        0
------------------------
               17373


[INFO DRT-0195] Start 2nd optimization iteration.
    Completing 10% with 958 violations.
    elapsed time = 00:00:00, memory = 636.50 (MB).
    Completing 20% with 958 violations.
    elapsed time = 00:00:17, memory = 636.50 (MB).
    Completing 30% with 958 violations.
    elapsed time = 00:00:24, memory = 636.50 (MB).
    Completing 40% with 974 violations.
    elapsed time = 00:00:24, memory = 636.51 (MB).
    Completing 50% with 974 violations.
    elapsed time = 00:00:43, memory = 636.51 (MB).
    Completing 60% with 974 violations.
    elapsed time = 00:00:47, memory = 636.51 (MB).
    Completing 70% with 939 violations.
    elapsed time = 00:00:52, memory = 636.51 (MB).
    Completing 80% with 939 violations.
    elapsed time = 00:01:00, memory = 636.51 (MB).
    Completing 90% with 916 violations.
    elapsed time = 00:01:13, memory = 636.51 (MB).
    Completing 100% with 927 violations.
    elapsed time = 00:01:29, memory = 636.51 (MB).
[INFO DRT-0199]   Number of violations = 927.
Viol/Layer        met1   met2   met3
Metal Spacing      141     49      1
Short              663     73      0
[INFO DRT-0267] cpu time = 00:01:29, elapsed time = 00:01:29, memory = 636.51 (MB), peak = 636.17 (MB)
Total wire length = 61447 um.
Total wire length on LAYER li1 = 0 um.
Total wire length on LAYER met1 = 27568 um.
Total wire length on LAYER met2 = 29307 um.
Total wire length on LAYER met3 = 3337 um.
Total wire length on LAYER met4 = 1234 um.
Total wire length on LAYER met5 = 0 um.
Total number of vias = 17338.
Up-via summary (total 17338):

------------------------
 FR_MASTERSLICE        0
            li1     7997
           met1     8982
           met2      304
           met3       55
           met4        0
------------------------
               17338


[INFO DRT-0195] Start 3rd optimization iteration.
    Completing 10% with 927 violations.
    elapsed time = 00:00:02, memory = 636.51 (MB).
    Completing 20% with 927 violations.
    elapsed time = 00:00:23, memory = 636.51 (MB).
    Completing 30% with 757 violations.
    elapsed time = 00:00:25, memory = 636.51 (MB).
    Completing 40% with 757 violations.
    elapsed time = 00:00:36, memory = 636.51 (MB).
    Completing 50% with 757 violations.
    elapsed time = 00:00:50, memory = 636.51 (MB).
    Completing 60% with 646 violations.
    elapsed time = 00:01:02, memory = 636.51 (MB).
    Completing 70% with 646 violations.
    elapsed time = 00:01:13, memory = 636.51 (MB).
    Completing 80% with 436 violations.
    elapsed time = 00:01:20, memory = 636.51 (MB).
    Completing 90% with 436 violations.
    elapsed time = 00:01:28, memory = 636.51 (MB).
    Completing 100% with 228 violations.
    elapsed time = 00:01:30, memory = 636.51 (MB).
[INFO DRT-0199]   Number of violations = 228.
Viol/Layer        met1    via   met2
Cut Spacing          0      1      0
Metal Spacing       62      0     19
Min Hole             0      0      1
Short              124      0     21
[INFO DRT-0267] cpu time = 00:01:31, elapsed time = 00:01:31, memory = 636.51 (MB), peak = 636.17 (MB)
Total wire length = 61346 um.
Total wire length on LAYER li1 = 0 um.
Total wire length on LAYER met1 = 25111 um.
Total wire length on LAYER met2 = 29196 um.
Total wire length on LAYER met3 = 5535 um.
Total wire length on LAYER met4 = 1503 um.
Total wire length on LAYER met5 = 0 um.
Total number of vias = 17782.
Up-via summary (total 17782):

------------------------
 FR_MASTERSLICE        0
            li1     7994
           met1     9043
           met2      663
           met3       82
           met4        0
------------------------
               17782


[INFO DRT-0195] Start 4th optimization iteration.
    Completing 10% with 228 violations.
    elapsed time = 00:00:00, memory = 636.51 (MB).
    Completing 20% with 228 violations.
    elapsed time = 00:00:07, memory = 636.51 (MB).
    Completing 30% with 228 violations.
    elapsed time = 00:00:07, memory = 636.51 (MB).
    Completing 40% with 135 violations.
    elapsed time = 00:00:07, memory = 636.51 (MB).
    Completing 50% with 135 violations.
    elapsed time = 00:00:14, memory = 636.51 (MB).
    Completing 60% with 135 violations.
    elapsed time = 00:00:14, memory = 636.51 (MB).
    Completing 70% with 81 violations.
    elapsed time = 00:00:16, memory = 636.51 (MB).
    Completing 80% with 81 violations.
    elapsed time = 00:00:19, memory = 636.51 (MB).
    Completing 90% with 25 violations.
    elapsed time = 00:00:22, memory = 636.51 (MB).
    Completing 100% with 21 violations.
    elapsed time = 00:00:22, memory = 636.51 (MB).
[INFO DRT-0199]   Number of violations = 21.
Viol/Layer        met1   met2
Metal Spacing        9      0
Short               11      1
[INFO DRT-0267] cpu time = 00:00:22, elapsed time = 00:00:22, memory = 636.51 (MB), peak = 636.17 (MB)
Total wire length = 61290 um.
Total wire length on LAYER li1 = 0 um.
Total wire length on LAYER met1 = 24942 um.
Total wire length on LAYER met2 = 29173 um.
Total wire length on LAYER met3 = 5615 um.
Total wire length on LAYER met4 = 1558 um.
Total wire length on LAYER met5 = 0 um.
Total number of vias = 17805.
Up-via summary (total 17805):

------------------------
 FR_MASTERSLICE        0
            li1     7993
           met1     9053
           met2      676
           met3       83
           met4        0
------------------------
               17805


[INFO DRT-0195] Start 5th guides tiles iteration.
    Completing 30% with 21 violations.
    elapsed time = 00:00:00, memory = 636.51 (MB).
    Completing 60% with 21 violations.
    elapsed time = 00:00:00, memory = 636.51 (MB).
    Completing 100% with 1 violations.
    elapsed time = 00:00:00, memory = 636.51 (MB).
[INFO DRT-0199]   Number of violations = 1.
Viol/Layer        met1
Short                1
[INFO DRT-0267] cpu time = 00:00:00, elapsed time = 00:00:00, memory = 636.51 (MB), peak = 636.17 (MB)
Total wire length = 61277 um.
Total wire length on LAYER li1 = 0 um.
Total wire length on LAYER met1 = 24954 um.
Total wire length on LAYER met2 = 29157 um.
Total wire length on LAYER met3 = 5612 um.
Total wire length on LAYER met4 = 1553 um.
Total wire length on LAYER met5 = 0 um.
Total number of vias = 17801.
Up-via summary (total 17801):

------------------------
 FR_MASTERSLICE        0
            li1     7994
           met1     9050
           met2      674
           met3       83
           met4        0
------------------------
               17801


[INFO DRT-0195] Start 6th guides tiles iteration.
    Completing 100% with 1 violations.
    elapsed time = 00:00:00, memory = 636.51 (MB).
[INFO DRT-0199]   Number of violations = 1.
Viol/Layer        met1
Short                1
[INFO DRT-0267] cpu time = 00:00:00, elapsed time = 00:00:00, memory = 636.51 (MB), peak = 636.17 (MB)
Total wire length = 61277 um.
Total wire length on LAYER li1 = 0 um.
Total wire length on LAYER met1 = 24954 um.
Total wire length on LAYER met2 = 29157 um.
Total wire length on LAYER met3 = 5612 um.
Total wire length on LAYER met4 = 1553 um.
Total wire length on LAYER met5 = 0 um.
Total number of vias = 17801.
Up-via summary (total 17801):

------------------------
 FR_MASTERSLICE        0
            li1     7994
           met1     9050
           met2      674
           met3       83
           met4        0
------------------------
               17801


[INFO DRT-0195] Start 7th stubborn tiles iteration.
    Completing 10% with 1 violations.
    elapsed time = 00:00:26, memory = 636.51 (MB).
    Completing 20% with 1 violations.
    elapsed time = 00:00:45, memory = 636.51 (MB).
    Completing 30% with 1 violations.
    elapsed time = 00:01:08, memory = 636.51 (MB).
    Completing 40% with 1 violations.
    elapsed time = 00:01:24, memory = 636.51 (MB).
    Completing 50% with 1 violations.
    elapsed time = 00:01:41, memory = 696.19 (MB).
    Completing 60% with 1 violations.
    elapsed time = 00:01:51, memory = 741.85 (MB).
    Completing 70% with 1 violations.
    elapsed time = 00:02:33, memory = 848.35 (MB).
    Completing 80% with 1 violations.
    elapsed time = 00:03:00, memory = 921.70 (MB).
    Completing 90% with 1 violations.
    elapsed time = 00:03:19, memory = 971.85 (MB).
    Completing 100% with 0 violations.
    elapsed time = 00:03:28, memory = 1002.43 (MB).
[INFO DRT-0199]   Number of violations = 0.
[INFO DRT-0267] cpu time = 00:03:29, elapsed time = 00:03:29, memory = 1003.30 (MB), peak = 1002.51 (MB)
Total wire length = 61285 um.
Total wire length on LAYER li1 = 0 um.
Total wire length on LAYER met1 = 24930 um.
Total wire length on LAYER met2 = 29178 um.
Total wire length on LAYER met3 = 5623 um.
Total wire length on LAYER met4 = 1553 um.
Total wire length on LAYER met5 = 0 um.
Total number of vias = 17805.
Up-via summary (total 17805):

------------------------
 FR_MASTERSLICE        0
            li1     7994
           met1     9051
           met2      677
           met3       83
           met4        0
------------------------
               17805


[INFO DRT-0198] Complete detail routing.
Total wire length = 61285 um.
Total wire length on LAYER li1 = 0 um.
Total wire length on LAYER met1 = 24930 um.
Total wire length on LAYER met2 = 29178 um.
Total wire length on LAYER met3 = 5623 um.
Total wire length on LAYER met4 = 1553 um.
Total wire length on LAYER met5 = 0 um.
Total number of vias = 17805.
Up-via summary (total 17805):

------------------------
 FR_MASTERSLICE        0
            li1     7994
           met1     9051
           met2      677
           met3       83
           met4        0
------------------------
               17805


[INFO DRT-0267] cpu time = 00:10:13, elapsed time = 00:10:14, memory = 1003.36 (MB), peak = 1002.51 (MB)

[INFO DRT-0180] Post processing.
[INFO DRT-0501] Runtime: 667.60s
[INFO GRT-0012] Found 2 antenna violations.
[INFO DPL-0006] Core area: 33532.16 um^2
[INFO DPL-0007] Movable instances area: 0.00 um^2
[INFO DPL-0008] Fixed instances area within core: 23052.11 um^2
[INFO DPL-0009] Utilization: 68.7%
[INFO DPL-0005] Diamond search max displacement: +/- 500 sites horizontally, +/- 100 rows vertically.
[INFO DPL-1102] Legalizing using negotiation legalizer.
[INFO DPL-1103] Negotiation base search window: +/-20 sites horizontally, +/-5 rows vertically 
	Automatic search window extension enabled.
	Search window extendable up to the max displacement cap of +/-500 sites, +/-100 rows near walls.
[INFO DPL-1104] NegotiationLegalizer DRC penalty: 5.
[INFO DPL-0392] Negotiation cell height distribution (1 unique row-count(s)):
[INFO DPL-0393]   height 1 row(s): 2772 cells
[INFO DPL-0500] Runtime: 0.01s
[INFO GRT-0015] Inserted 2 diodes.
[WARNING DRT-0120] Large net rst_n has 457 pins which may impact routing performance. Consider optimization.
[INFO DRT-0024]   Complete FR_MASTERSLICE.
[INFO DRT-0024]   Complete licon.
[INFO DRT-0024]   Complete li1.
[INFO DRT-0024]   Complete mcon.
[INFO DRT-0024]   Complete met1.
[INFO DRT-0024]   Complete via.
[INFO DRT-0024]   Complete met2.
[INFO DRT-0024]   Complete via2.
[INFO DRT-0024]   Complete met3.
[INFO DRT-0024]   Complete via3.
[INFO DRT-0024]   Complete met4.
[INFO DRT-0024]   Complete via4.
[INFO DRT-0024]   Complete met5.
[INFO DRT-0165] Start pin access.
[INFO DRT-0078]   Complete 833 pins.
[INFO DRT-0079]   Complete 100 unique inst patterns.
[INFO DRT-0081]   Complete 104 unique inst patterns.
[INFO DRT-0084]   Complete 1523 groups.
#scanned instances     = 2772
#unique  instances     = 104
#stdCellGenAp          = 3133
#stdCellValidPlanarAp  = 18
#stdCellValidViaAp     = 2506
#stdCellPinNoAp        = 0
#stdCellPinCnt         = 8357
#instTermValidViaApCnt = 0
#macroGenAp            = 0
#macroValidPlanarAp    = 0
#macroValidViaAp       = 0
#macroNoAp             = 0
[INFO DRT-0166] Complete pin access.
[INFO DRT-0267] cpu time = 00:00:53, elapsed time = 00:00:53, memory = 974.44 (MB), peak = 1002.76 (MB)

[INFO DRT-0157] Number of guides:     17564

[INFO DRT-0169] Post process guides.
[INFO DRT-0176] GCELLGRID X 0 DO 28 STEP 6900 ;
[INFO DRT-0177] GCELLGRID Y 0 DO 28 STEP 6900 ;
[INFO DRT-0028]   Complete FR_MASTERSLICE.
[INFO DRT-0028]   Complete licon.
[INFO DRT-0028]   Complete li1.
[INFO DRT-0028]   Complete mcon.
[INFO DRT-0028]   Complete met1.
[INFO DRT-0028]   Complete via.
[INFO DRT-0028]   Complete met2.
[INFO DRT-0028]   Complete via2.
[INFO DRT-0028]   Complete met3.
[INFO DRT-0028]   Complete via3.
[INFO DRT-0028]   Complete met4.
[INFO DRT-0028]   Complete via4.
[INFO DRT-0028]   Complete met5.
[INFO DRT-0178] Init guide query.
[INFO DRT-0035]   Complete FR_MASTERSLICE (guide).
[INFO DRT-0035]   Complete licon (guide).
[INFO DRT-0035]   Complete li1 (guide).
[INFO DRT-0035]   Complete mcon (guide).
[INFO DRT-0035]   Complete met1 (guide).
[INFO DRT-0035]   Complete via (guide).
[INFO DRT-0035]   Complete met2 (guide).
[INFO DRT-0035]   Complete via2 (guide).
[INFO DRT-0035]   Complete met3 (guide).
[INFO DRT-0035]   Complete via3 (guide).
[INFO DRT-0035]   Complete met4 (guide).
[INFO DRT-0035]   Complete via4 (guide).
[INFO DRT-0035]   Complete met5 (guide).
[INFO DRT-0036] FR_MASTERSLICE guide region query size = 0.
[INFO DRT-0036] licon guide region query size = 0.
[INFO DRT-0036] li1 guide region query size = 6226.
[INFO DRT-0036] mcon guide region query size = 0.
[INFO DRT-0036] met1 guide region query size = 5563.
[INFO DRT-0036] via guide region query size = 0.
[INFO DRT-0036] met2 guide region query size = 2772.
[INFO DRT-0036] via2 guide region query size = 0.
[INFO DRT-0036] met3 guide region query size = 125.
[INFO DRT-0036] via3 guide region query size = 0.
[INFO DRT-0036] met4 guide region query size = 18.
[INFO DRT-0036] via4 guide region query size = 0.
[INFO DRT-0036] met5 guide region query size = 0.
[INFO DRT-0179] Init gr pin query.
[INFO DRT-0267] cpu time = 00:00:00, elapsed time = 00:00:00, memory = 974.44 (MB), peak = 1002.76 (MB)
[INFO DRT-0245] skipped writing guide updates to database.
[INFO DRT-0181] Start track assignment.
[INFO DRT-0184] Done with 9016 vertical wires in 1 frboxes and 5688 horizontal wires in 1 frboxes.
[INFO DRT-0186] Done with 1361 vertical wires in 1 frboxes and 2042 horizontal wires in 1 frboxes.
[INFO DRT-0182] Complete track assignment.
[INFO DRT-0267] cpu time = 00:00:00, elapsed time = 00:00:00, memory = 974.44 (MB), peak = 1002.76 (MB)
[INFO DRT-0187] Start routing data preparation.
[INFO DRT-0267] cpu time = 00:00:00, elapsed time = 00:00:00, memory = 974.44 (MB), peak = 1002.76 (MB)
[INFO DRT-0194] Start detail routing.
[INFO DRT-0195] Start 0th optimization iteration.
    Completing 10% with 0 violations.
    elapsed time = 00:00:01, memory = 1003.94 (MB).
    Completing 20% with 0 violations.
    elapsed time = 00:00:07, memory = 1003.94 (MB).
    Completing 30% with 61 violations.
    elapsed time = 00:00:08, memory = 1003.94 (MB).
    Completing 40% with 61 violations.
    elapsed time = 00:00:11, memory = 1003.94 (MB).
    Completing 50% with 61 violations.
    elapsed time = 00:00:13, memory = 1006.41 (MB).
    Completing 60% with 153 violations.
    elapsed time = 00:00:20, memory = 1006.41 (MB).
    Completing 70% with 153 violations.
    elapsed time = 00:00:23, memory = 1006.41 (MB).
    Completing 80% with 301 violations.
    elapsed time = 00:00:26, memory = 1006.46 (MB).
    Completing 90% with 301 violations.
    elapsed time = 00:00:30, memory = 1006.46 (MB).
    Completing 100% with 386 violations.
    elapsed time = 00:00:31, memory = 1006.46 (MB).
[INFO DRT-0199]   Number of violations = 399.
Viol/Layer        met1    via   met2   met3   met4
Metal Spacing       72      0     74     26      4
Recheck              8      0      4      1      0
Short              117      1     64     28      0
[INFO DRT-0267] cpu time = 00:00:31, elapsed time = 00:00:31, memory = 1006.46 (MB), peak = 1056.27 (MB)
Total wire length = 61376 um.
Total wire length on LAYER li1 = 0 um.
Total wire length on LAYER met1 = 25232 um.
Total wire length on LAYER met2 = 29247 um.
Total wire length on LAYER met3 = 5372 um.
Total wire length on LAYER met4 = 1523 um.
Total wire length on LAYER met5 = 0 um.
Total number of vias = 17809.
Up-via summary (total 17809):

------------------------
 FR_MASTERSLICE        0
            li1     7997
           met1     9085
           met2      647
           met3       80
           met4        0
------------------------
               17809


[INFO DRT-0195] Start 1st optimization iteration.
    Completing 10% with 399 violations.
    elapsed time = 00:00:00, memory = 1006.46 (MB).
    Completing 20% with 399 violations.
    elapsed time = 00:00:07, memory = 1006.46 (MB).
    Completing 30% with 399 violations.
    elapsed time = 00:00:08, memory = 1006.46 (MB).
    Completing 40% with 272 violations.
    elapsed time = 00:00:08, memory = 1006.46 (MB).
    Completing 50% with 272 violations.
    elapsed time = 00:00:13, memory = 1006.46 (MB).
    Completing 60% with 272 violations.
    elapsed time = 00:00:14, memory = 1006.46 (MB).
    Completing 70% with 211 violations.
    elapsed time = 00:00:15, memory = 1006.46 (MB).
    Completing 80% with 211 violations.
    elapsed time = 00:00:19, memory = 1006.46 (MB).
    Completing 90% with 166 violations.
    elapsed time = 00:00:22, memory = 1006.46 (MB).
    Completing 100% with 68 violations.
    elapsed time = 00:00:26, memory = 1006.46 (MB).
[INFO DRT-0199]   Number of violations = 68.
Viol/Layer        met1   met2
Metal Spacing       10      9
Short               37     12
[INFO DRT-0267] cpu time = 00:00:27, elapsed time = 00:00:27, memory = 1006.46 (MB), peak = 1056.27 (MB)
Total wire length = 61324 um.
Total wire length on LAYER li1 = 0 um.
Total wire length on LAYER met1 = 25159 um.
Total wire length on LAYER met2 = 29234 um.
Total wire length on LAYER met3 = 5429 um.
Total wire length on LAYER met4 = 1500 um.
Total wire length on LAYER met5 = 0 um.
Total number of vias = 17792.
Up-via summary (total 17792):

------------------------
 FR_MASTERSLICE        0
            li1     7996
           met1     9073
           met2      645
           met3       78
           met4        0
------------------------
               17792


[INFO DRT-0195] Start 2nd optimization iteration.
    Completing 10% with 68 violations.
    elapsed time = 00:00:00, memory = 1006.46 (MB).
    Completing 20% with 68 violations.
    elapsed time = 00:00:04, memory = 1006.46 (MB).
    Completing 30% with 68 violations.
    elapsed time = 00:00:05, memory = 1006.46 (MB).
    Completing 40% with 47 violations.
    elapsed time = 00:00:05, memory = 1006.46 (MB).
    Completing 50% with 47 violations.
    elapsed time = 00:00:07, memory = 1006.46 (MB).
    Completing 60% with 47 violations.
    elapsed time = 00:00:08, memory = 1006.46 (MB).
    Completing 70% with 45 violations.
    elapsed time = 00:00:08, memory = 1006.46 (MB).
    Completing 80% with 45 violations.
    elapsed time = 00:00:11, memory = 1006.46 (MB).
    Completing 90% with 40 violations.
    elapsed time = 00:00:11, memory = 1006.46 (MB).
    Completing 100% with 40 violations.
    elapsed time = 00:00:11, memory = 1006.46 (MB).
[INFO DRT-0199]   Number of violations = 40.
Viol/Layer        met1   met2
Metal Spacing        5      3
Short               21     11
[INFO DRT-0267] cpu time = 00:00:11, elapsed time = 00:00:11, memory = 1006.46 (MB), peak = 1056.27 (MB)
Total wire length = 61312 um.
Total wire length on LAYER li1 = 0 um.
Total wire length on LAYER met1 = 25139 um.
Total wire length on LAYER met2 = 29231 um.
Total wire length on LAYER met3 = 5445 um.
Total wire length on LAYER met4 = 1496 um.
Total wire length on LAYER met5 = 0 um.
Total number of vias = 17797.
Up-via summary (total 17797):

------------------------
 FR_MASTERSLICE        0
            li1     7996
           met1     9077
           met2      647
           met3       77
           met4        0
------------------------
               17797


[INFO DRT-0195] Start 3rd guides tiles iteration.
    Completing 10% with 40 violations.
    elapsed time = 00:00:16, memory = 1006.46 (MB).
    Completing 30% with 13 violations.
    elapsed time = 00:00:17, memory = 1006.46 (MB).
    Completing 50% with 13 violations.
    elapsed time = 00:00:18, memory = 1006.46 (MB).
    Completing 60% with 13 violations.
    elapsed time = 00:00:18, memory = 1006.46 (MB).
    Completing 80% with 0 violations.
    elapsed time = 00:00:18, memory = 1006.46 (MB).
    Completing 100% with 0 violations.
    elapsed time = 00:00:18, memory = 1006.46 (MB).
[INFO DRT-0199]   Number of violations = 0.
[INFO DRT-0267] cpu time = 00:00:19, elapsed time = 00:00:19, memory = 1006.46 (MB), peak = 1145.27 (MB)
Total wire length = 61214 um.
Total wire length on LAYER li1 = 0 um.
Total wire length on LAYER met1 = 24675 um.
Total wire length on LAYER met2 = 29113 um.
Total wire length on LAYER met3 = 5813 um.
Total wire length on LAYER met4 = 1610 um.
Total wire length on LAYER met5 = 0 um.
Total number of vias = 17796.
Up-via summary (total 17796):

------------------------
 FR_MASTERSLICE        0
            li1     7997
           met1     9030
           met2      679
           met3       90
           met4        0
------------------------
               17796


[INFO DRT-0198] Complete detail routing.
Total wire length = 61214 um.
Total wire length on LAYER li1 = 0 um.
Total wire length on LAYER met1 = 24675 um.
Total wire length on LAYER met2 = 29113 um.
Total wire length on LAYER met3 = 5813 um.
Total wire length on LAYER met4 = 1610 um.
Total wire length on LAYER met5 = 0 um.
Total number of vias = 17796.
Up-via summary (total 17796):

------------------------
 FR_MASTERSLICE        0
            li1     7997
           met1     9030
           met2      679
           met3       90
           met4        0
------------------------
               17796


[INFO DRT-0267] cpu time = 00:01:28, elapsed time = 00:01:28, memory = 1006.46 (MB), peak = 1145.27 (MB)

[INFO DRT-0180] Post processing.
[INFO DRT-0501] Runtime: 143.68s
===KLT_ANTENNA_VIOLATIONS_BEGIN===
[INFO ANT-0002] Found 0 net violations.
[INFO ANT-0001] Found 0 pin violations.
===KLT_ANTENNA_VIOLATIONS_END===
[INFO DPL-0001] Placed 2807 filler instances.
[WARNING EST-0026] Missing route to pin _3361_/D in net _0003_[10].
[WARNING EST-0026] Missing route to pin _1911_/Y in net _0003_[11].
[WARNING EST-0026] Missing route to pin _1900_/Y in net _0003_[13].
[WARNING EST-0026] Missing route to pin _3366_/D in net _0003_[15].
[WARNING EST-0026] Missing route to pin _3354_/D in net _0003_[3].
[WARNING EST-0026] Missing route to pin _1998_/Y in net _0004_[0].
[WARNING EST-0026] Missing route to pin _3435_/D in net _0006_[0].
[WARNING EST-0026] Missing route to pin _3147_/Y in net _0006_[15].
[WARNING EST-0026] Missing route to pin _3439_/D in net _0006_[4].
[WARNING EST-0026] Missing route to pin _2221_/Y in net _0006_[6].
[WARNING EST-0026] Missing route to pin _3443_/D in net _0006_[8].
[WARNING EST-0026] Missing route to pin _3492_/D in net _0007_[0].
[WARNING EST-0026] Missing route to pin _3643_/D in net _0008_[18].
[WARNING EST-0026] Missing route to pin _3626_/D in net _0008_[1].
[WARNING EST-0026] Missing route to pin _3652_/D in net _0008_[27].
[WARNING EST-0026] Missing route to pin _3654_/D in net _0008_[29].
[WARNING EST-0026] Missing route to pin _3657_/D in net _0009_[0].
[WARNING EST-0026] Missing route to pin _3677_/D in net _0009_[20].
[WARNING EST-0026] Missing route to pin _3663_/D in net _0009_[6].
[WARNING EST-0026] Missing route to pin _3665_/D in net _0009_[8].
[WARNING EST-0026] Missing route to pin _3031_/Y in net _0010_[18].
[WARNING EST-0026] Missing route to pin _3711_/D in net _0010_[22].
[WARNING EST-0026] Missing route to pin _3719_/D in net _0010_[30].
[WARNING EST-0026] Missing route to pin _3698_/D in net _0010_[9].
[WARNING EST-0026] Missing route to pin _1726_/Y in net _0011_[11].
[WARNING EST-0026] Missing route to pin _1714_/Y in net _0011_[15].
[WARNING EST-0026] Missing route to pin _1708_/Y in net _0011_[17].
[WARNING EST-0026] Missing route to pin _3742_/D in net _0011_[21].
[WARNING EST-0026] Missing route to pin _1700_/Y in net _0011_[21].
[WARNING EST-0026] Missing route to pin _3749_/D in net _0011_[28].
[WARNING EST-0026] Missing route to pin _3729_/D in net _0011_[8].
[WARNING EST-0026] Missing route to pin _2114_/Y in net _0013_[23].
[WARNING EST-0026] Missing route to pin _2107_/Y in net _0013_[25].
[WARNING EST-0026] Missing route to pin _2178_/Y in net _0013_[2].
[WARNING EST-0026] Missing route to pin _3331_/D in net _0014_[2].
[WARNING EST-0026] Missing route to pin _3483_/D in net _0015_[0].
[WARNING EST-0026] Missing route to pin _2343_/Y in net _0015_[2].
[WARNING EST-0026] Missing route to pin _3488_/D in net _0015_[5].
[WARNING EST-0026] Missing route to pin _2544_/Y in net _0017_[13].
[WARNING EST-0026] Missing route to pin _2618_/Y in net _0017_[1].
[WARNING EST-0026] Missing route to pin _3527_/D in net _0017_[30].
[WARNING EST-0026] Missing route to pin _3502_/D in net _0017_[5].
[WARNING EST-0026] Missing route to pin _2567_/Y in net _0017_[9].
[WARNING EST-0026] Missing route to pin _2738_/Y in net _0018_[0].
[WARNING EST-0026] Missing route to pin _3551_/D in net _0018_[22].
[WARNING EST-0026] Missing route to pin _2645_/Y in net _0018_[26].
[WARNING EST-0026] Missing route to pin _2714_/Y in net _0018_[6].
[WARNING EST-0026] Missing route to pin _2701_/Y in net _0018_[9].
[WARNING EST-0026] Missing route to pin _2772_/Y in net _0019_[15].
[WARNING EST-0026] Missing route to pin _2792_/Y in net _0019_[1].
[WARNING EST-0026] Missing route to pin _3582_/D in net _0019_[21].
[WARNING EST-0026] Missing route to pin _2760_/Y in net _0019_[21].
[WARNING EST-0026] Missing route to pin _2743_/Y in net _0019_[29].
[WARNING EST-0026] Missing route to pin _3566_/D in net _0019_[5].
[WARNING EST-0026] Missing route to pin _3568_/D in net _0019_[7].
[WARNING EST-0026] Missing route to pin _1593_/Y in net _0020_[11].
[WARNING EST-0026] Missing route to pin _1589_/Y in net _0020_[12].
[WARNING EST-0026] Missing route to pin _3610_/D in net _0020_[17].
[WARNING EST-0026] Missing route to pin _1487_/Y in net _0020_[28].
[WARNING EST-0026] Missing route to pin _3622_/D in net _0020_[29].
[WARNING EST-0026] Missing route to pin _1625_/Y in net _0020_[4].
[WARNING EST-0026] Missing route to pin _2288_/Y in net _0022_[15].
[WARNING EST-0026] Missing route to pin _2285_/Y in net _0022_[16].
[WARNING EST-0026] Missing route to pin _3471_/D in net _0022_[20].
[WARNING EST-0026] Missing route to pin _3480_/D in net _0022_[29].
[WARNING EST-0026] Missing route to pin _3336_/D in net _0024_[2].
[WARNING EST-0026] Missing route to pin _3337_/D in net _0024_[3].
[WARNING EST-0026] Missing route to pin _3342_/D in net _0024_[8].
[WARNING EST-0026] Missing route to pin _2026_/Y in net _0026_[12].
[WARNING EST-0026] Missing route to pin _2055_/Y in net _0026_[4].
[WARNING EST-0026] Missing route to pin _3392_/D in net _0026_[9].
[WARNING EST-0026] Missing route to pin _2367_/Y in net _0027_.
[WARNING EST-0026] Missing route to pin _3183_/Y in net _0028_.
[WARNING EST-0026] Missing route to pin _3205_/Y in net _0034_.
[WARNING EST-0026] Missing route to pin _3213_/Y in net _0038_.
[WARNING EST-0026] Missing route to pin _3310_/D in net _0046_.
[WARNING EST-0026] Missing route to pin _3260_/Y in net _0051_.
[WARNING EST-0026] Missing route to pin _3303_/D in net _0053_.
[WARNING EST-0026] Missing route to pin _3298_/D in net _0058_.
[WARNING EST-0026] Missing route to pin _1474_/Y in net _0061_.
[WARNING EST-0026] Missing route to pin _1476_/Y in net _0063_.
[WARNING EST-0026] Missing route to pin _1477_/Y in net _0064_.
[WARNING EST-0026] Missing route to pin _1481_/Y in net _0067_.
[WARNING EST-0026] Missing route to pin _1484_/Y in net _0070_.
[WARNING EST-0026] Missing route to pin _1626_/C in net _0074_.
[WARNING EST-0026] Missing route to pin _1500_/Y in net _0084_.
[WARNING EST-0026] Missing route to pin _1507_/Y in net _0090_.
[WARNING EST-0026] Missing route to pin _1516_/Y in net _0097_.
[WARNING EST-0026] Missing route to pin _1523_/Y in net _0104_.
[WARNING EST-0026] Missing route to pin _1524_/Y in net _0105_.
[WARNING EST-0026] Missing route to pin _1547_/Y in net _0124_.
[WARNING EST-0026] Missing route to pin _1558_/X in net _0133_.
[WARNING EST-0026] Missing route to pin _1559_/Y in net _0134_.
[WARNING EST-0026] Missing route to pin _1570_/Y in net _0143_.
[WARNING EST-0026] Missing route to pin _2542_/A1 in net _0151_.
[WARNING EST-0026] Missing route to pin _1584_/Y in net _0154_.
[WARNING EST-0026] Missing route to pin _1592_/Y in net _0161_.
[WARNING EST-0026] Missing route to pin _1604_/Y in net _0170_.
[WARNING EST-0026] Missing route to pin _1616_/X in net _0179_.
[WARNING EST-0026] Missing route to pin _1617_/Y in net _0180_.
[WARNING EST-0026] Missing route to pin _1626_/X in net _0187_.
[WARNING EST-0026] Missing route to pin _1627_/Y in net _0188_.
[WARNING EST-0026] Missing route to pin _1629_/Y in net _0190_.
[WARNING EST-0026] Missing route to pin _1637_/Y in net _0196_.
[WARNING EST-0026] Missing route to pin _1639_/Y in net _0197_.
[WARNING EST-0026] Missing route to pin _2192_/A1 in net _0200_.
[WARNING EST-0026] Missing route to pin _2214_/B in net _0205_.
[WARNING EST-0026] Missing route to pin _1652_/X in net _0207_.
[WARNING EST-0026] Missing route to pin _1659_/X in net _0214_.
[WARNING EST-0026] Missing route to pin _1683_/Y in net _0234_.
[WARNING EST-0026] Missing route to pin _3079_/S in net net41.
[WARNING EST-0026] Missing route to pin _1711_/A2 in net _0250_.
[WARNING EST-0026] Missing route to pin _1747_/Y in net _0276_.
[WARNING EST-0026] Missing route to pin _1763_/X in net _0288_.
[WARNING EST-0026] Missing route to pin _3361_/CLK in net clknet_leaf_2_clk.
[WARNING EST-0026] Missing route to pin _3354_/CLK in net clknet_leaf_2_clk.
[WARNING EST-0026] Missing route to pin _1777_/C in net _0295_.
[WARNING EST-0026] Missing route to pin _1774_/C in net _0295_.
[WARNING EST-0026] Missing route to pin _2798_/B in net net40.
[WARNING EST-0026] Missing route to pin clkbuf_leaf_30_clk/X in net clknet_leaf_30_clk.
[WARNING EST-0026] Missing route to pin _3297_/CLK in net clknet_leaf_32_clk.
[WARNING EST-0026] Missing route to pin _1830_/Y in net _0344_.
[WARNING EST-0026] Missing route to pin _1833_/Y in net _0347_.
[WARNING EST-0026] Missing route to pin _3232_/B2 in net net42.
[WARNING EST-0026] Missing route to pin _2417_/A in net net42.
[WARNING EST-0026] Missing route to pin _1835_/Y in net _0349_.
[WARNING EST-0026] Missing route to pin _1836_/Y in net _0350_.
[WARNING EST-0026] Missing route to pin _1842_/Y in net _0356_.
[WARNING EST-0026] Missing route to pin _1848_/X in net _0362_.
[WARNING EST-0026] Missing route to pin _1866_/Y in net _0380_.
[WARNING EST-0026] Missing route to pin _1883_/Y in net _0394_.
[WARNING EST-0026] Missing route to pin _1886_/Y in net _0396_.
[WARNING EST-0026] Missing route to pin _1893_/Y in net _0401_.
[WARNING EST-0026] Missing route to pin _1911_/B in net _0408_.
[WARNING EST-0026] Missing route to pin _1906_/Y in net _0411_.
[WARNING EST-0026] Missing route to pin _1920_/X in net _0422_.
[WARNING EST-0026] Missing route to pin _1925_/Y in net _0426_.
[WARNING EST-0026] Missing route to pin _1944_/Y in net _0437_.
[WARNING EST-0026] Missing route to pin _1956_/Y in net _0446_.
[WARNING EST-0026] Missing route to pin _1984_/Y in net _0465_.
[WARNING EST-0026] Missing route to pin _1986_/Y in net _0466_.
[WARNING EST-0026] Missing route to pin _2017_/Y in net _0493_.
[WARNING EST-0026] Missing route to pin _2019_/Y in net _0495_.
[WARNING EST-0026] Missing route to pin _2035_/Y in net _0508_.
[WARNING EST-0026] Missing route to pin _2037_/Y in net _0509_.
[WARNING EST-0026] Missing route to pin _2050_/Y in net _0519_.
[WARNING EST-0026] Missing route to pin _2060_/Y in net _0525_.
[WARNING EST-0026] Missing route to pin clkbuf_leaf_43_clk/X in net clknet_leaf_43_clk.
[WARNING EST-0026] Missing route to pin _2069_/Y in net _0531_.
[WARNING EST-0026] Missing route to pin clkbuf_leaf_44_clk/X in net clknet_leaf_44_clk.
[WARNING EST-0026] Missing route to pin _2078_/X in net _0540_.
[WARNING EST-0026] Missing route to pin _2095_/Y in net _0554_.
[WARNING EST-0026] Missing route to pin _2105_/Y in net _0562_.
[WARNING EST-0026] Missing route to pin _3715_/CLK in net clknet_leaf_39_clk.
[WARNING EST-0026] Missing route to pin _2119_/Y in net _0572_.
[WARNING EST-0026] Missing route to pin _2207_/Y in net _0633_.
[WARNING EST-0026] Missing route to pin _2210_/Y in net _0635_.
[WARNING EST-0026] Missing route to pin _2249_/Y in net _0662_.
[WARNING EST-0026] Missing route to pin _2251_/Y in net _0663_.
[WARNING EST-0026] Missing route to pin _2261_/Y in net _0670_.
[WARNING EST-0026] Missing route to pin _2264_/Y in net _0672_.
[WARNING EST-0026] Missing route to pin _2265_/Y in net _0673_.
[WARNING EST-0026] Missing route to pin _2301_/Y in net _0697_.
[WARNING EST-0026] Missing route to pin _2408_/A in net _0705_.
[WARNING EST-0026] Missing route to pin _2317_/Y in net _0708_.
[WARNING EST-0026] Missing route to pin _2323_/Y in net _0712_.
[WARNING EST-0026] Missing route to pin _2327_/Y in net _0715_.
[WARNING EST-0026] Missing route to pin _2329_/Y in net _0716_.
[WARNING EST-0026] Missing route to pin _2353_/B in net _0731_.
[WARNING EST-0026] Missing route to pin _2353_/Y in net _0732_.
[WARNING EST-0026] Missing route to pin _2358_/Y in net _0736_.
[WARNING EST-0026] Missing route to pin _2361_/Y in net _0738_.
[WARNING EST-0026] Missing route to pin _2400_/X in net _0771_.
[WARNING EST-0026] Missing route to pin _3241_/A in net _0779_.
[WARNING EST-0026] Missing route to pin _2416_/Y in net _0787_.
[WARNING EST-0026] Missing route to pin _3258_/A1 in net _0811_.
[WARNING EST-0026] Missing route to pin _2459_/Y in net _0826_.
[WARNING EST-0026] Missing route to pin _2486_/Y in net _0848_.
[WARNING EST-0026] Missing route to pin _2488_/Y in net _0850_.
[WARNING EST-0026] Missing route to pin _2498_/Y in net _0858_.
[WARNING EST-0026] Missing route to pin _2502_/Y in net _0861_.
[WARNING EST-0026] Missing route to pin _2515_/Y in net _0872_.
[WARNING EST-0026] Missing route to pin _2519_/Y in net _0875_.
[WARNING EST-0026] Missing route to pin _2520_/Y in net _0876_.
[WARNING EST-0026] Missing route to pin _2552_/Y in net _0902_.
[WARNING EST-0026] Missing route to pin _2560_/Y in net _0909_.
[WARNING EST-0026] Missing route to pin _2562_/Y in net _0910_.
[WARNING EST-0026] Missing route to pin _2563_/Y in net _0911_.
[WARNING EST-0026] Missing route to pin _2569_/Y in net _0916_.
[WARNING EST-0026] Missing route to pin _2574_/Y in net _0920_.
[WARNING EST-0026] Missing route to pin _2577_/Y in net _0923_.
[WARNING EST-0026] Missing route to pin _2708_/A1 in net _0924_.
[WARNING EST-0026] Missing route to pin _2582_/Y in net _0927_.
[WARNING EST-0026] Missing route to pin _2583_/Y in net _0928_.
[WARNING EST-0026] Missing route to pin _2586_/Y in net _0931_.
[WARNING EST-0026] Missing route to pin _2589_/Y in net _0933_.
[WARNING EST-0026] Missing route to pin _2613_/Y in net _0953_.
[WARNING EST-0026] Missing route to pin _2614_/Y in net _0954_.
[WARNING EST-0026] Missing route to pin _2621_/Y in net _0960_.
[WARNING EST-0026] Missing route to pin _2622_/Y in net _0961_.
[WARNING EST-0026] Missing route to pin _2623_/Y in net _0962_.
[WARNING EST-0026] Missing route to pin clkbuf_leaf_56_clk/X in net clknet_leaf_56_clk.
[WARNING EST-0026] Missing route to pin _2629_/Y in net _0967_.
[WARNING EST-0026] Missing route to pin _2635_/Y in net _0971_.
[WARNING EST-0026] Missing route to pin _2640_/A1 in net _0974_.
[WARNING EST-0026] Missing route to pin _2646_/Y in net _0979_.
[WARNING EST-0026] Missing route to pin _2661_/Y in net _0989_.
[WARNING EST-0026] Missing route to pin _2662_/Y in net _0990_.
[WARNING EST-0026] Missing route to pin _2677_/Y in net _1000_.
[WARNING EST-0026] Missing route to pin _2680_/Y in net _1002_.
[WARNING EST-0026] Missing route to pin _2696_/Y in net _1014_.
[WARNING EST-0026] Missing route to pin _2704_/Y in net _1020_.
[WARNING EST-0026] Missing route to pin _2744_/Y in net _1049_.
[WARNING EST-0026] Missing route to pin _1944_/A2 in net net26.
[WARNING EST-0026] Missing route to pin _2791_/Y in net _1069_.
[WARNING EST-0026] Missing route to pin _2794_/Y in net _1070_.
[WARNING EST-0026] Missing route to pin _2798_/Y in net _1074_.
[WARNING EST-0026] Missing route to pin _2813_/Y in net _1087_.
[WARNING EST-0026] Missing route to pin _2833_/Y in net _1102_.
[WARNING EST-0026] Missing route to pin _2834_/Y in net _1103_.
[WARNING EST-0026] Missing route to pin _2873_/Y in net _1131_.
[WARNING EST-0026] Missing route to pin _2875_/A1 in net _1132_.
[WARNING EST-0026] Missing route to pin _2875_/Y in net _1133_.
[WARNING EST-0026] Missing route to pin _2878_/Y in net _1135_.
[WARNING EST-0026] Missing route to pin _2879_/Y in net _1136_.
[WARNING EST-0026] Missing route to pin _2887_/A1 in net _1142_.
[WARNING EST-0026] Missing route to pin _2929_/Y in net _1175_.
[WARNING EST-0026] Missing route to pin _2965_/Y in net _1199_.
[WARNING EST-0026] Missing route to pin _2971_/Y in net _1202_.
[WARNING EST-0026] Missing route to pin _3651_/CLK in net clknet_leaf_33_clk.
[WARNING EST-0026] Missing route to pin _3223_/A in net net38.
[WARNING EST-0026] Missing route to pin _3124_/Y in net _1274_.
[WARNING EST-0026] Missing route to pin _3128_/Y in net _1276_.
[WARNING EST-0026] Missing route to pin _3138_/Y in net _1283_.
[WARNING EST-0026] Missing route to pin _3141_/Y in net _1285_.
[WARNING EST-0026] Missing route to pin _3146_/Y in net _1289_.
[WARNING EST-0026] Missing route to pin _3153_/Y in net _1292_.
[WARNING EST-0026] Missing route to pin _3183_/A2 in net _1297_.
[WARNING EST-0026] Missing route to pin place27/X in net net27.
[WARNING EST-0026] Missing route to pin _3182_/Y in net _1311_.
[WARNING EST-0026] Missing route to pin _3641_/CLK in net clknet_leaf_36_clk.
[WARNING EST-0026] Missing route to pin _3191_/Y in net _1319_.
[WARNING EST-0026] Missing route to pin place21/X in net net21.
[WARNING EST-0026] Missing route to pin _3511_/CLK in net clknet_leaf_35_clk.
[WARNING EST-0026] Missing route to pin _3512_/CLK in net clknet_leaf_35_clk.
[WARNING EST-0026] Missing route to pin _3204_/Y in net _1327_.
[WARNING EST-0026] Missing route to pin _3210_/Y in net _1330_.
[WARNING EST-0026] Missing route to pin _3241_/B in net _1344_.
[WARNING EST-0026] Missing route to pin _3241_/Y in net _1351_.
[WARNING EST-0026] Missing route to pin _3244_/Y in net _1353_.
[WARNING EST-0026] Missing route to pin _3248_/Y in net _1356_.
[WARNING EST-0026] Missing route to pin _3258_/Y in net _1364_.
[WARNING EST-0026] Missing route to pin _3259_/Y in net _1365_.
[WARNING EST-0026] Missing route to pin _3281_/X in net _1381_.
[WARNING EST-0026] Missing route to pin _3282_/Y in net _1382_.
[WARNING EST-0026] Missing route to pin _3292_/Y in net _1390_.
[WARNING EST-0026] Missing route to pin clkbuf_leaf_12_clk/X in net clknet_leaf_12_clk.
[WARNING EST-0026] Missing route to pin _3542_/CLK in net clknet_leaf_7_clk.
[WARNING EST-0026] Missing route to pin _1439_/X in net _1400_.
[WARNING EST-0026] Missing route to pin clkbuf_0_clk/X in net clknet_0_clk.
[WARNING EST-0026] Missing route to pin _3663_/CLK in net clknet_leaf_4_clk.
[WARNING EST-0026] Missing route to pin _3301_/CLK in net clknet_leaf_5_clk.
[WARNING EST-0026] Missing route to pin _1452_/Y in net _1413_.
[WARNING EST-0026] Missing route to pin _1456_/Y in net _1417_.
[WARNING EST-0026] Missing route to pin _1709_/B in net net39.
[WARNING EST-0026] Missing route to pin _1465_/Y in net _1426_.
[WARNING EST-0026] Missing route to pin _1944_/A1 in net apt_index[0].
[WARNING EST-0026] Missing route to pin _1835_/B in net apt_index[13].
[WARNING EST-0026] Missing route to pin _3366_/Q in net apt_index[15].
[WARNING EST-0026] Missing route to pin _1986_/A2 in net apt_matches[0].
[WARNING EST-0026] Missing route to pin _3368_/Q in net apt_matches[1].
[WARNING EST-0026] Missing route to pin _3371_/Q in net apt_matches[4].
[WARNING EST-0026] Missing route to pin _3374_/Q in net apt_matches[7].
[WARNING EST-0026] Missing route to pin _3297_/Q in net bus_rdata_r[0].
[WARNING EST-0026] Missing route to pin _3219_/A in net bus_rdata_r[18].
[WARNING EST-0026] Missing route to pin _3316_/Q in net bus_rdata_r[19].
[WARNING EST-0026] Missing route to pin _2353_/A in net bus_wdata[0].
[WARNING EST-0026] Missing route to pin _3448_/Q in net cond_count[13].
[WARNING EST-0026] Missing route to pin _2794_/B in net cond_level[0].
[WARNING EST-0026] Missing route to pin _2401_/A in net cond_level[1].
[WARNING EST-0026] Missing route to pin _3650_/Q in net cond_mem\[0\][25].
[WARNING EST-0026] Missing route to pin _3654_/Q in net cond_mem\[0\][29].
[WARNING EST-0026] Missing route to pin _3688_/Q in net cond_mem\[1\][31].
[WARNING EST-0026] Missing route to pin _2974_/A1 in net cond_mem\[2\][15].
[WARNING EST-0026] Missing route to pin _1701_/A1 in net cond_mem\[3\][20].
[WARNING EST-0026] Missing route to pin _3748_/Q in net cond_mem\[3\][27].
[WARNING EST-0026] Missing route to pin _3749_/Q in net cond_mem\[3\][28].
[WARNING EST-0026] Missing route to pin _3752_/Q in net cond_mem\[3\][31].
[WARNING EST-0026] Missing route to pin _3728_/Q in net cond_mem\[3\][7].
[WARNING EST-0026] Missing route to pin _3405_/Q in net crc_state[2].
[WARNING EST-0026] Missing route to pin _3093_/Y in net out_data[13].
[WARNING EST-0026] Missing route to pin _3082_/Y in net out_data[18].
[WARNING EST-0026] Missing route to pin _3058_/Y in net out_data[29].
[WARNING EST-0026] Missing route to pin _3056_/Y in net out_data[30].
[WARNING EST-0026] Missing route to pin _3114_/Y in net out_data[3].
[WARNING EST-0026] Missing route to pin _3106_/Y in net out_data[7].
[WARNING EST-0026] Missing route to pin _1516_/B in net raw_count[0].
[WARNING EST-0026] Missing route to pin _2344_/A1 in net raw_count[0].
[WARNING EST-0026] Missing route to pin _1437_/B in net raw_count[0].
[WARNING EST-0026] Missing route to pin _2344_/B1 in net raw_count[1].
[WARNING EST-0026] Missing route to pin _1455_/A in net raw_count[1].
[WARNING EST-0026] Missing route to pin _1516_/C in net raw_count[2].
[WARNING EST-0026] Missing route to pin _1455_/D in net raw_count[3].
[WARNING EST-0026] Missing route to pin _3511_/Q in net raw_mem\[0\][14].
[WARNING EST-0026] Missing route to pin _3512_/Q in net raw_mem\[0\][15].
[WARNING EST-0026] Missing route to pin _2503_/A1 in net raw_mem\[0\][20].
[WARNING EST-0026] Missing route to pin _3502_/Q in net raw_mem\[0\][5].
[WARNING EST-0026] Missing route to pin _3542_/Q in net raw_mem\[1\][13].
[WARNING EST-0026] Missing route to pin _3554_/Q in net raw_mem\[1\][25].
[WARNING EST-0026] Missing route to pin _3536_/Q in net raw_mem\[1\][7].
[WARNING EST-0026] Missing route to pin _3584_/Q in net raw_mem\[2\][23].
[WARNING EST-0026] Missing route to pin _3568_/Q in net raw_mem\[2\][7].
[WARNING EST-0026] Missing route to pin _3609_/Q in net raw_mem\[3\][16].
[WARNING EST-0026] Missing route to pin _3613_/Q in net raw_mem\[3\][20].
[WARNING EST-0026] Missing route to pin _3622_/Q in net raw_mem\[3\][29].
[WARNING EST-0026] Missing route to pin _3464_/Q in net raw_sr[13].
[WARNING EST-0026] Missing route to pin _3471_/Q in net raw_sr[20].
[WARNING EST-0026] Missing route to pin _3475_/Q in net raw_sr[24].
[WARNING EST-0026] Missing route to pin _3458_/Q in net raw_sr[7].
[WARNING EST-0026] Missing route to pin _1889_/B in net rct_count[0].
[WARNING EST-0026] Missing route to pin _3335_/Q in net rct_count[1].
[WARNING EST-0026] Missing route to pin _3747_/RESET_B in net rst_n.
[WARNING EST-0026] Missing route to pin _3742_/RESET_B in net rst_n.
[WARNING EST-0026] Missing route to pin _3737_/RESET_B in net rst_n.
[WARNING EST-0026] Missing route to pin _3736_/RESET_B in net rst_n.
[WARNING EST-0026] Missing route to pin _3726_/RESET_B in net rst_n.
[WARNING EST-0026] Missing route to pin _3715_/RESET_B in net rst_n.
[WARNING EST-0026] Missing route to pin _3708_/RESET_B in net rst_n.
[WARNING EST-0026] Missing route to pin _3699_/RESET_B in net rst_n.
[WARNING EST-0026] Missing route to pin _3698_/RESET_B in net rst_n.
[WARNING EST-0026] Missing route to pin _3684_/RESET_B in net rst_n.
[WARNING EST-0026] Missing route to pin _3682_/RESET_B in net rst_n.
[WARNING EST-0026] Missing route to pin _3680_/RESET_B in net rst_n.
[WARNING EST-0026] Missing route to pin _3678_/RESET_B in net rst_n.
[WARNING EST-0026] Missing route to pin _3669_/RESET_B in net rst_n.
[WARNING EST-0026] Missing route to pin _3667_/RESET_B in net rst_n.
[WARNING EST-0026] Missing route to pin _3658_/RESET_B in net rst_n.
[WARNING EST-0026] Missing route to pin _3648_/RESET_B in net rst_n.
[WARNING EST-0026] Missing route to pin _3647_/RESET_B in net rst_n.
[WARNING EST-0026] Missing route to pin _3646_/RESET_B in net rst_n.
[WARNING EST-0026] Missing route to pin _3633_/RESET_B in net rst_n.
[WARNING EST-0026] Missing route to pin _3615_/RESET_B in net rst_n.
[WARNING EST-0026] Missing route to pin _3613_/RESET_B in net rst_n.
[WARNING EST-0026] Missing route to pin _3605_/RESET_B in net rst_n.
[WARNING EST-0026] Missing route to pin _3587_/RESET_B in net rst_n.
[WARNING EST-0026] Missing route to pin _3584_/RESET_B in net rst_n.
[WARNING EST-0026] Missing route to pin _3577_/RESET_B in net rst_n.
[WARNING EST-0026] Missing route to pin _3572_/RESET_B in net rst_n.
[WARNING EST-0026] Missing route to pin _3559_/RESET_B in net rst_n.
[WARNING EST-0026] Missing route to pin _3555_/RESET_B in net rst_n.
[WARNING EST-0026] Missing route to pin _3552_/RESET_B in net rst_n.
[WARNING EST-0026] Missing route to pin _3551_/RESET_B in net rst_n.
[WARNING EST-0026] Missing route to pin _3550_/RESET_B in net rst_n.
[WARNING EST-0026] Missing route to pin _3546_/RESET_B in net rst_n.
[WARNING EST-0026] Missing route to pin _3545_/RESET_B in net rst_n.
[WARNING EST-0026] Missing route to pin _3538_/RESET_B in net rst_n.
[WARNING EST-0026] Missing route to pin _3535_/RESET_B in net rst_n.
[WARNING EST-0026] Missing route to pin _3533_/RESET_B in net rst_n.
[WARNING EST-0026] Missing route to pin _3530_/RESET_B in net rst_n.
[WARNING EST-0026] Missing route to pin _3519_/RESET_B in net rst_n.
[WARNING EST-0026] Missing route to pin _3504_/RESET_B in net rst_n.
[WARNING EST-0026] Missing route to pin _3502_/RESET_B in net rst_n.
[WARNING EST-0026] Missing route to pin _3501_/RESET_B in net rst_n.
[WARNING EST-0026] Missing route to pin _3495_/RESET_B in net rst_n.
[WARNING EST-0026] Missing route to pin _3488_/RESET_B in net rst_n.
[WARNING EST-0026] Missing route to pin _3487_/RESET_B in net rst_n.
[WARNING EST-0026] Missing route to pin _3483_/RESET_B in net rst_n.
[WARNING EST-0026] Missing route to pin _3480_/RESET_B in net rst_n.
[WARNING EST-0026] Missing route to pin _3479_/RESET_B in net rst_n.
[WARNING EST-0026] Missing route to pin _3453_/RESET_B in net rst_n.
[WARNING EST-0026] Missing route to pin _3452_/RESET_B in net rst_n.
[WARNING EST-0026] Missing route to pin _3449_/RESET_B in net rst_n.
[WARNING EST-0026] Missing route to pin _3448_/RESET_B in net rst_n.
[WARNING EST-0026] Missing route to pin _3447_/RESET_B in net rst_n.
[WARNING EST-0026] Missing route to pin _3443_/RESET_B in net rst_n.
[WARNING EST-0026] Missing route to pin _3439_/RESET_B in net rst_n.
[WARNING EST-0026] Missing route to pin _3438_/RESET_B in net rst_n.
[WARNING EST-0026] Missing route to pin _3435_/RESET_B in net rst_n.
[WARNING EST-0026] Missing route to pin _3430_/SET_B in net rst_n.
[WARNING EST-0026] Missing route to pin _3422_/SET_B in net rst_n.
[WARNING EST-0026] Missing route to pin _3420_/SET_B in net rst_n.
[WARNING EST-0026] Missing route to pin _3419_/SET_B in net rst_n.
[WARNING EST-0026] Missing route to pin _3415_/SET_B in net rst_n.
[WARNING EST-0026] Missing route to pin _3412_/SET_B in net rst_n.
[WARNING EST-0026] Missing route to pin _3408_/SET_B in net rst_n.
[WARNING EST-0026] Missing route to pin _3403_/SET_B in net rst_n.
[WARNING EST-0026] Missing route to pin _3398_/RESET_B in net rst_n.
[WARNING EST-0026] Missing route to pin _3395_/RESET_B in net rst_n.
[WARNING EST-0026] Missing route to pin _3394_/RESET_B in net rst_n.
[WARNING EST-0026] Missing route to pin _3385_/RESET_B in net rst_n.
[WARNING EST-0026] Missing route to pin _3379_/RESET_B in net rst_n.
[WARNING EST-0026] Missing route to pin _3361_/RESET_B in net rst_n.
[WARNING EST-0026] Missing route to pin _3346_/RESET_B in net rst_n.
[WARNING EST-0026] Missing route to pin _3345_/RESET_B in net rst_n.
[WARNING EST-0026] Missing route to pin _3335_/RESET_B in net rst_n.
[WARNING EST-0026] Missing route to pin _3330_/RESET_B in net rst_n.
[WARNING EST-0026] Missing route to pin _3321_/RESET_B in net rst_n.
[WARNING EST-0026] Missing route to pin _3320_/RESET_B in net rst_n.
[WARNING EST-0026] Missing route to pin _3314_/RESET_B in net rst_n.
[WARNING EST-0026] Missing route to pin _3313_/RESET_B in net rst_n.
[WARNING EST-0026] Missing route to pin _3303_/RESET_B in net rst_n.
[WARNING EST-0026] Missing route to pin _3399_/Q in net startup_done_r.
[WARNING EST-0026] Missing route to pin _2496_/S in net net23.
[WARNING EST-0026] Missing route to pin _2726_/A1 in net net24.
[WARNING EST-0026] Missing route to pin _2572_/S in net net24.
===KLT_SETUP_VIOLATIONS_BEGIN===
No paths found.

===KLT_SETUP_VIOLATIONS_END===
===KLT_HOLD_VIOLATIONS_BEGIN===
No paths found.

===KLT_HOLD_VIOLATIONS_END===
