|* Post-layout ro_array_core: the whole entropy source (four non-identical
|* rings + four output buffers + the three-xor2 combining tree), extracted
|* FLAT from ONE `klt extract --parasitics` run over
|* layout/ro_array_core-placement-poc/ro_array_core_signal9_poc.gds -- the
|* same DRC-clean (0 violations), klt-lvs-MATCHING (132/132 devices, 96/96
|* nets against design/ro_array_core.spice's own .subckt ro_array_core) GDS
|* that PoC directory's own README documents ("Increment 8"). Real inter-ring
|* wiring is included for the first time: the ring->buffer signal chain, the
|* buffer->XOR fan-in, the XOR combining tree's own t1/t2 routing, and the
|* array-wide vdd bus for the four buffers + three xor2 instances -- none of
|* which sim/post-layout-ro-ring5-assembled/ (one ring at a time, ideal
|* wires between rings) could include, and none of which
|* sim/ro-array-core-combining/ (pre-layout, no physical interconnect at
|* all) could include either.
|*
|* Purpose (issue #22's acceptance bar: "Post-layout PVT simulation results
|* land under sim/, extracted parasitics included" plus the DR-0003 section
|* 8 wstv inter-ring decorrelation re-evaluation). This is a two-way,
|* same-corner comparison (post-layout array vs. pre-layout control, the
|* SAME topology sim/ro-array-core-combining/'s own testbench drives),
|* matching sim/post-layout-ro-ring5-assembled/'s own comparison discipline
|* one hierarchy level up. It reuses that record's own measurement set
|* (per-ring periods, combining fidelity in both the edge-retention and
|* value-fidelity senses, and array supply current) rather than inventing a
|* new one, so every number here is directly comparable to
|* sim/ro-array-core-combining/'s own pre-layout record by name.
|*
|* Topology, post-layout side (prefix p): xarr is ONE flat-extracted cell --
|* design/xschem/ro_array_core.sch's own hierarchy, already wired, sourced
|* from layout/pex-array/ro_array_core_pex.spice via
|* layout/bin/pex-netlist.py (shared, unmodified, with
|* layout/pex/pex.json's and layout/pex-ring/pex.json's own leaf/ring
|* descriptors). t1/t2 (the XOR tree's own inter-stage nets) are internal to
|* the wrapper subckt at the SAME literal names design/ro_array_core.spice's
|* own .subckt ro_array_core uses internally, so they are reachable exactly
|* the way sim/ro-array-core-combining/'s own testbench reaches them
|* (`v(xarr.t1)`, one level of hierarchy) -- confirmed by this deck's own
|* first successful run, not assumed.
|*
|* Topology, pre-layout side (no prefix, matching
|* sim/ro-array-core-combining/'s own testbench net names exactly): xctl is
|* the identical topology from design/ro_array_core.spice's parameterized
|* .subckt ro_array_core, same-deck same-corner control.
|*
|* The substrate tie. layout/pex-array/ro_array_core_pex.spice declares the
|* extractor's substrate return node `vsubs` .global (klayout-tools#1503,
|* same as every other post-layout deck in this repo). This deck ties it
|* HARD to 0, the same physically-motivated choice
|* sim/post-layout-ro-ring5-assembled/ and sim/post-layout-ro-ring5/ both
|* use -- every composed cell's own psub guard ring is tied to vss, and vss
|* is 0 here. Inter-ring coupling through a floating substrate is a
|* different, separately-bracketed question (spec/decision-records/DR-0005)
|* and is not re-litigated by this deck's own hard tie.
|*
|* PVT: the same four (temp, supply) points
|* sim/post-layout-ro-ring5-assembled/ uses, each bundling the tt/ss/ff
|* process axis:
|*   -40 degC / 1.62 V   the measured entropy-binding corner (ss)
|*    27 degC / 1.80 V   nominal
|*   125 degC / 1.98 V   the worst five-stage ring swing in #10's grid
|*   -40 degC / 1.98 V   the fastest ring measured anywhere in that grid
|*
|* Window. Post-layout parasitics measurably slow the array (every prior
|* post-layout ring record in this repo reports 1.4x-2.4x slowdown over
|* pre-layout, and the array adds inter-ring wiring + XOR-tree loading on
|* top), so this deck's tstop is 4x sim/ro-array-core-combining/'s own 200n
|* -- 800n -- with the same 5 ns enable-release point and the same
|* 10-period ring / 48-edge combining-node estimators (rise=3..13 for
|* periods, rise=2..50 at the combining nodes), now measured from a 700 ns
|* window (100 ns to 800 ns) rather than that deck's 60-200 ns, to keep the
|* same edge counts reachable at the slowest corner. Confirmed sufficient by
|* this deck's own first run at every corner (every meas below resolved,
|* not "no value found"), not assumed from the pre-layout deck's own margin.
|*
|* This file is a TEMPLATE: sim/bin/corner-run.py substitutes /Users/rwalters/.volare/volare/sky130/versions/c6d73a35f524070e85faff4a6a9eef49553ebc2b/sky130A/libs.tech/combined/sky130.lib.spice,
|* ff, /Users/rwalters/GitHub/sky130-trng/.loom/worktrees/issue-22/design/ro_array_core.spice, /Users/rwalters/GitHub/sky130-trng/.loom/worktrees/issue-22/layout/pex-array/ro_array_core_pex.spice, 27.0, 1.8 and 5p. As
|* committed it is not a runnable deck. Invoke with
|* `--ro-ring5 design/ro_array_core.spice` and
|* `--pex-lib layout/pex-array/ro_array_core_pex.spice`.
|
|.option scale=1u
|.lib "/Users/rwalters/.volare/volare/sky130/versions/c6d73a35f524070e85faff4a6a9eef49553ebc2b/sky130A/libs.tech/combined/sky130.lib.spice" ff
|
|* pre-layout subcircuit library (ro_array_core / ro_ring5 / ro_buf / xor2)
|.include "/Users/rwalters/GitHub/sky130-trng/.loom/worktrees/issue-22/design/ro_array_core.spice"
|* post-layout ARRAY subcircuit library (ro_array_core_pex, flat-extracted
|* from the whole composed, DRC-clean and LVS-clean array GDS)
|.include "/Users/rwalters/GitHub/sky130-trng/.loom/worktrees/issue-22/layout/pex-array/ro_array_core_pex.spice"
|
|.temp 27.0
|
|* --- substrate return node: hard tie (see header) ----------------------
|Vsub vsubs 0 dc 0
|
|* --- post-layout ARRAY, one flat-extracted cell for the whole block ----
|Vddrp1 pvddr1 0 dc 1.8
|Vddrp2 pvddr2 0 dc 1.8
|Vddrp3 pvddr3 0 dc 1.8
|Vddrp4 pvddr4 0 dc 1.8
|Vddp pvdd 0 dc 1.8
|Venp1 pen1 0 PULSE(0 1.8 5n 100p 100p 1u 2u)
|Venp2 pen2 0 PULSE(0 1.8 5n 100p 100p 1u 2u)
|Venp3 pen3 0 PULSE(0 1.8 5n 100p 100p 1u 2u)
|Venp4 pen4 0 PULSE(0 1.8 5n 100p 100p 1u 2u)
|xarr pen1 pen2 pen3 pen4 pvddr1 pvddr2 pvddr3 pvddr4 pvdd 0 pxo pro1 pro2 pro3 pro4 ro_array_core_pex
|
|* --- pre-layout control, identical topology, single-call subckt --------
|Vddr1 vddr1 0 dc 1.8
|Vddr2 vddr2 0 dc 1.8
|Vddr3 vddr3 0 dc 1.8
|Vddr4 vddr4 0 dc 1.8
|Vdd vdd 0 dc 1.8
|Ven1 en1 0 PULSE(0 1.8 5n 100p 100p 1u 2u)
|Ven2 en2 0 PULSE(0 1.8 5n 100p 100p 1u 2u)
|Ven3 en3 0 PULSE(0 1.8 5n 100p 100p 1u 2u)
|Ven4 en4 0 PULSE(0 1.8 5n 100p 100p 1u 2u)
|xctl en1 en2 en3 en4 vddr1 vddr2 vddr3 vddr4 vdd 0 xo ro1 ro2 ro3 ro4 ro_array_core
|
|.ic v(pro1)=0
|.ic v(pro2)=0
|.ic v(pro3)=0
|.ic v(pro4)=0
|.ic v(ro1)=0
|.ic v(ro2)=0
|.ic v(ro3)=0
|.ic v(ro4)=0
|
|* Limit the saved transient trace set to exactly what the .meas statements
|* below need. Without this, ngspice keeps a full-resolution voltage history
|* for every node in the deck -- including every per-terminal parasitic-star
|* leg node the flat ARRAY extraction introduces (132 devices' worth, an
|* order of magnitude more than one ring alone) -- and
|* sim/post-layout-ro-ring5-assembled/'s own header records this exhausting
|* process memory outright at the ff corner's shorter timesteps. None of
|* those internal leg voltages are read by any .meas below.
|.save v(pro1) v(pro2) v(pro3) v(pro4) v(pxo) v(xarr.t1)
|.save v(ro1) v(ro2) v(ro3) v(ro4) v(xo) v(xctl.t1)
|.save i(Vddrp1) i(Vddrp2) i(Vddrp3) i(Vddrp4) i(Vddp)
|.save i(Vddr1) i(Vddr2) i(Vddr3) i(Vddr4) i(Vdd)
|
|.tran 5p 800n uic
|
|.control
|run
|
|* --- post-layout ARRAY: per-ring periods, 10 whole periods each, first
|* two rising edges discarded as start-up ------------------------------
|meas tran pt1a when v(pro1)=0.5*1.8 rise=3
|meas tran pt1b when v(pro1)=0.5*1.8 rise=13
|let p_tr1 = (pt1b - pt1a)/10
|meas tran pt2a when v(pro2)=0.5*1.8 rise=3
|meas tran pt2b when v(pro2)=0.5*1.8 rise=13
|let p_tr2 = (pt2b - pt2a)/10
|meas tran pt3a when v(pro3)=0.5*1.8 rise=3
|meas tran pt3b when v(pro3)=0.5*1.8 rise=13
|let p_tr3 = (pt3b - pt3a)/10
|meas tran pt4a when v(pro4)=0.5*1.8 rise=3
|meas tran pt4b when v(pro4)=0.5*1.8 rise=13
|let p_tr4 = (pt4b - pt4a)/10
|let p_f_ideal2 = 1/p_tr1 + 1/p_tr2
|let p_f_ideal = 1/p_tr1 + 1/p_tr2 + 1/p_tr3 + 1/p_tr4
|let p_skew_span = p_tr1/p_tr4
|
|* --- post-layout ARRAY combining node: swing and realized edge rate ---
|meas tran pvxo_max MAX v(pxo) from=100n to=800n
|meas tran pvxo_min MIN v(pxo) from=100n to=800n
|let p_swing_frac_xo = (pvxo_max - pvxo_min) / 1.8
|meas tran ptxo_a when v(pxo)=0.5*1.8 rise=2
|meas tran ptxo_b when v(pxo)=0.5*1.8 rise=50
|let p_f_xo = 48/(ptxo_b - ptxo_a)
|let p_edge_retention = p_f_xo / p_f_ideal
|meas tran ptt1a when v(xarr.t1)=0.5*1.8 rise=2
|meas tran ptt1b when v(xarr.t1)=0.5*1.8 rise=50
|let p_f_t1 = 48/(ptt1b - ptt1a)
|let p_retention_n2 = p_f_t1 / p_f_ideal2
|let p_retention_n4 = p_edge_retention
|
|* --- post-layout ARRAY value fidelity + supply current -----------------
|meas tran pvxo_avg AVG v(pxo) from=100n to=800n
|meas tran pvt1_avg AVG v(xarr.t1) from=100n to=800n
|let p_bias_xo = pvxo_avg / 1.8
|let p_bias_t1 = pvt1_avg / 1.8
|meas tran pi1 AVG i(Vddrp1) from=100n to=800n
|meas tran pi2 AVG i(Vddrp2) from=100n to=800n
|meas tran pi3 AVG i(Vddrp3) from=100n to=800n
|meas tran pi4 AVG i(Vddrp4) from=100n to=800n
|meas tran pib AVG i(Vddp) from=100n to=800n
|let p_i_rings = -(pi1 + pi2 + pi3 + pi4)
|let p_i_block = -pib
|let p_i_array_total = p_i_rings + p_i_block
|let p_p_array_total = p_i_array_total * 1.8
|
|* --- pre-layout CONTROL: identical estimators, identical node names as
|* sim/ro-array-core-combining/'s own testbench ---------------------------
|meas tran t1a when v(ro1)=0.5*1.8 rise=3
|meas tran t1b when v(ro1)=0.5*1.8 rise=13
|let tr1 = (t1b - t1a)/10
|meas tran t2a when v(ro2)=0.5*1.8 rise=3
|meas tran t2b when v(ro2)=0.5*1.8 rise=13
|let tr2 = (t2b - t2a)/10
|meas tran t3a when v(ro3)=0.5*1.8 rise=3
|meas tran t3b when v(ro3)=0.5*1.8 rise=13
|let tr3 = (t3b - t3a)/10
|meas tran t4a when v(ro4)=0.5*1.8 rise=3
|meas tran t4b when v(ro4)=0.5*1.8 rise=13
|let tr4 = (t4b - t4a)/10
|let f_ideal2 = 1/tr1 + 1/tr2
|let f_ideal = 1/tr1 + 1/tr2 + 1/tr3 + 1/tr4
|let skew_span = tr1/tr4
|
|meas tran vxo_max MAX v(xo) from=100n to=800n
|meas tran vxo_min MIN v(xo) from=100n to=800n
|let swing_frac_xo = (vxo_max - vxo_min) / 1.8
|meas tran txo_a when v(xo)=0.5*1.8 rise=2
|meas tran txo_b when v(xo)=0.5*1.8 rise=50
|let f_xo = 48/(txo_b - txo_a)
|let edge_retention = f_xo / f_ideal
|meas tran tt1a when v(xctl.t1)=0.5*1.8 rise=2
|meas tran tt1b when v(xctl.t1)=0.5*1.8 rise=50
|let f_t1 = 48/(tt1b - tt1a)
|let retention_n2 = f_t1 / f_ideal2
|let retention_n4 = edge_retention
|
|meas tran vxo_avg AVG v(xo) from=100n to=800n
|meas tran vt1_avg AVG v(xctl.t1) from=100n to=800n
|let bias_xo = vxo_avg / 1.8
|let bias_t1 = vt1_avg / 1.8
|meas tran i1 AVG i(Vddr1) from=100n to=800n
|meas tran i2 AVG i(Vddr2) from=100n to=800n
|meas tran i3 AVG i(Vddr3) from=100n to=800n
|meas tran i4 AVG i(Vddr4) from=100n to=800n
|meas tran ib AVG i(Vdd) from=100n to=800n
|let i_rings = -(i1 + i2 + i3 + i4)
|let i_block = -ib
|let i_array_total = i_rings + i_block
|let p_array_total_pre = i_array_total * 1.8
|
|* --- headline ratios: same block, same corner, real inter-ring wiring
|* (plus real intra-cell parasitics) vs. pre-layout (no interconnect,
|* ideal devices only) ----------------------------------------------------
|let slowdown_r1 = p_tr1 / tr1
|let slowdown_r2 = p_tr2 / tr2
|let slowdown_r3 = p_tr3 / tr3
|let slowdown_r4 = p_tr4 / tr4
|
|print p_tr1
|print p_tr2
|print p_tr3
|print p_tr4
|print p_skew_span
|print p_f_ideal
|print p_f_xo
|print p_edge_retention
|print p_retention_n2
|print p_retention_n4
|print p_bias_t1
|print p_bias_xo
|print p_swing_frac_xo
|print p_i_rings
|print p_i_block
|print p_i_array_total
|print p_p_array_total
|print tr1
|print tr2
|print tr3
|print tr4
|print skew_span
|print f_ideal
|print f_xo
|print edge_retention
|print retention_n2
|print retention_n4
|print bias_t1
|print bias_xo
|print swing_frac_xo
|print i_rings
|print i_block
|print i_array_total
|print p_array_total_pre
|print slowdown_r1
|print slowdown_r2
|print slowdown_r3
|print slowdown_r4
|.endc
|.end
|

----- stdout -----

Note: Compatibility modes selected: hs a


Circuit: * post-layout ro_array_core: the whole entropy source (four non-identical

option SCALE: Scale is set to 1e-06 for instance and model parameters
option SCALE: Scale is set to 1e-06 for instance and model parameters
option SCALE: Scale is set to 1e-06 for instance and model parameters
option SCALE: Scale is set to 1e-06 for instance and model parameters
option SCALE: Scale is set to 1e-06 for instance and model parameters
Doing analysis at TEMP = 27.000000 and TNOM = 27.000000

Using SPARSE 1.3 as Direct Linear Solver
Operating point simulation skipped by 'uic',
  now using transient initial conditions.
 Reference value :  5.00000e-14
 Reference value :  5.16542e-10
 Reference value :  1.27654e-09
 Reference value :  2.04654e-09
 Reference value :  2.85154e-09
 Reference value :  3.66154e-09
 Reference value :  4.45154e-09
 Reference value :  5.17250e-09
 Reference value :  5.92750e-09
 Reference value :  6.56750e-09
 Reference value :  7.33250e-09
 Reference value :  7.95750e-09
 Reference value :  8.53750e-09
 Reference value :  9.10750e-09
 Reference value :  9.64750e-09
 Reference value :  1.03325e-08
 Reference value :  1.08675e-08
 Reference value :  1.13975e-08
 Reference value :  1.19725e-08
 Reference value :  1.25125e-08
 Reference value :  1.30925e-08
 Reference value :  1.37075e-08
 Reference value :  1.43325e-08
 Reference value :  1.48975e-08
 Reference value :  1.54475e-08
 Reference value :  1.59875e-08
 Reference value :  1.65325e-08
 Reference value :  1.71425e-08
 Reference value :  1.77275e-08
 Reference value :  1.83325e-08
 Reference value :  1.89225e-08
 Reference value :  1.95375e-08
 Reference value :  2.00725e-08
 Reference value :  2.06225e-08
 Reference value :  2.12375e-08
 Reference value :  2.17775e-08
 Reference value :  2.23375e-08
 Reference value :  2.29225e-08
 Reference value :  2.35425e-08
 Reference value :  2.40975e-08
 Reference value :  2.48725e-08
 Reference value :  2.55675e-08
 Reference value :  2.61725e-08
 Reference value :  2.66725e-08
 Reference value :  2.72425e-08
 Reference value :  2.79025e-08
 Reference value :  2.85275e-08
 Reference value :  2.90625e-08
 Reference value :  2.96575e-08
 Reference value :  3.03125e-08
 Reference value :  3.09425e-08
 Reference value :  3.15875e-08
 Reference value :  3.21625e-08
 Reference value :  3.26925e-08
 Reference value :  3.31775e-08
 Reference value :  3.37425e-08
 Reference value :  3.43475e-08
 Reference value :  3.48475e-08
 Reference value :  3.53725e-08
 Reference value :  3.58975e-08
 Reference value :  3.64675e-08
 Reference value :  3.69875e-08
 Reference value :  3.75725e-08
 Reference value :  3.80775e-08
 Reference value :  3.86025e-08
 Reference value :  3.91625e-08
 Reference value :  3.97375e-08
 Reference value :  4.03775e-08
 Reference value :  4.09475e-08
 Reference value :  4.15525e-08
 Reference value :  4.21575e-08
 Reference value :  4.27325e-08
 Reference value :  4.32975e-08
 Reference value :  4.40075e-08
 Reference value :  4.46175e-08
 Reference value :  4.51675e-08
 Reference value :  4.58125e-08
 Reference value :  4.64175e-08
 Reference value :  4.69725e-08
 Reference value :  4.74725e-08
 Reference value :  4.80125e-08
 Reference value :  4.85775e-08
 Reference value :  4.90825e-08
 Reference value :  4.95975e-08
 Reference value :  5.01475e-08
 Reference value :  5.06875e-08
 Reference value :  5.12325e-08
 Reference value :  5.17725e-08
 Reference value :  5.23275e-08
 Reference value :  5.28775e-08
 Reference value :  5.34175e-08
 Reference value :  5.39525e-08
 Reference value :  5.44625e-08
 Reference value :  5.50125e-08
 Reference value :  5.55375e-08
 Reference value :  5.60575e-08
 Reference value :  5.65775e-08
 Reference value :  5.71275e-08
 Reference value :  5.76875e-08
 Reference value :  5.82175e-08
 Reference value :  5.87175e-08
 Reference value :  5.92525e-08
 Reference value :  5.98375e-08
 Reference value :  6.04075e-08
 Reference value :  6.09175e-08
 Reference value :  6.14875e-08
 Reference value :  6.21225e-08
 Reference value :  6.26525e-08
 Reference value :  6.31725e-08
 Reference value :  6.37575e-08
 Reference value :  6.44875e-08
 Reference value :  6.50675e-08
 Reference value :  6.55975e-08
 Reference value :  6.62825e-08
 Reference value :  6.69225e-08
 Reference value :  6.74825e-08
 Reference value :  6.80225e-08
 Reference value :  6.86225e-08
 Reference value :  6.92375e-08
 Reference value :  6.97475e-08
 Reference value :  7.03225e-08
 Reference value :  7.08475e-08
 Reference value :  7.14425e-08
 Reference value :  7.19725e-08
 Reference value :  7.25175e-08
 Reference value :  7.30475e-08
 Reference value :  7.36275e-08
 Reference value :  7.41725e-08
 Reference value :  7.47375e-08
 Reference value :  7.52525e-08
 Reference value :  7.58175e-08
 Reference value :  7.63725e-08
 Reference value :  7.69075e-08
 Reference value :  7.74325e-08
 Reference value :  7.79975e-08
 Reference value :  7.85275e-08
 Reference value :  7.90625e-08
 Reference value :  7.95825e-08
 Reference value :  8.00725e-08
 Reference value :  8.05975e-08
 Reference value :  8.11875e-08
 Reference value :  8.16875e-08
 Reference value :  8.21975e-08
 Reference value :  8.27325e-08
 Reference value :  8.32475e-08
 Reference value :  8.37475e-08
 Reference value :  8.43325e-08
 Reference value :  8.49075e-08
 Reference value :  8.54125e-08
 Reference value :  8.59075e-08
 Reference value :  8.64125e-08
 Reference value :  8.69475e-08
 Reference value :  8.74775e-08
 Reference value :  8.80075e-08
 Reference value :  8.85225e-08
 Reference value :  8.91025e-08
 Reference value :  8.96275e-08
 Reference value :  9.01475e-08
 Reference value :  9.06675e-08
 Reference value :  9.11975e-08
 Reference value :  9.17525e-08
 Reference value :  9.22725e-08
 Reference value :  9.27375e-08
 Reference value :  9.32375e-08
 Reference value :  9.37725e-08
 Reference value :  9.43525e-08
 Reference value :  9.48575e-08
 Reference value :  9.53675e-08
 Reference value :  9.59525e-08
 Reference value :  9.65575e-08
 Reference value :  9.70375e-08
 Reference value :  9.75725e-08
 Reference value :  9.81625e-08
 Reference value :  9.87725e-08
 Reference value :  9.93025e-08
 Reference value :  9.98325e-08
 Reference value :  1.00483e-07
 Reference value :  1.01098e-07
 Reference value :  1.01608e-07
 Reference value :  1.02113e-07
 Reference value :  1.02793e-07
 Reference value :  1.03403e-07
 Reference value :  1.03953e-07
 Reference value :  1.04488e-07
 Reference value :  1.05128e-07
 Reference value :  1.05668e-07
 Reference value :  1.06203e-07
 Reference value :  1.06748e-07
 Reference value :  1.07308e-07
 Reference value :  1.07883e-07
 Reference value :  1.08388e-07
 Reference value :  1.08938e-07
 Reference value :  1.09498e-07
 Reference value :  1.10088e-07
 Reference value :  1.10663e-07
 Reference value :  1.11193e-07
 Reference value :  1.11773e-07
 Reference value :  1.12288e-07
 Reference value :  1.12803e-07
 Reference value :  1.13358e-07
 Reference value :  1.13868e-07
 Reference value :  1.14453e-07
 Reference value :  1.14998e-07
 Reference value :  1.15533e-07
 Reference value :  1.16073e-07
 Reference value :  1.16643e-07
 Reference value :  1.17198e-07
 Reference value :  1.17763e-07
 Reference value :  1.18263e-07
 Reference value :  1.18783e-07
 Reference value :  1.19308e-07
 Reference value :  1.19838e-07
 Reference value :  1.20323e-07
 Reference value :  1.20828e-07
 Reference value :  1.21358e-07
 Reference value :  1.21858e-07
 Reference value :  1.22353e-07
 Reference value :  1.22858e-07
 Reference value :  1.23378e-07
 Reference value :  1.23973e-07
 Reference value :  1.24553e-07
 Reference value :  1.25033e-07
 Reference value :  1.25553e-07
 Reference value :  1.26133e-07
 Reference value :  1.26713e-07
 Reference value :  1.27288e-07
 Reference value :  1.27853e-07
 Reference value :  1.28358e-07
 Reference value :  1.28928e-07
 Reference value :  1.29463e-07
 Reference value :  1.30048e-07
 Reference value :  1.30613e-07
 Reference value :  1.31183e-07
 Reference value :  1.31718e-07
 Reference value :  1.32318e-07
 Reference value :  1.32998e-07
 Reference value :  1.33538e-07
 Reference value :  1.34068e-07
 Reference value :  1.34613e-07
 Reference value :  1.35213e-07
 Reference value :  1.35718e-07
 Reference value :  1.36223e-07
 Reference value :  1.36768e-07
 Reference value :  1.37433e-07
 Reference value :  1.37953e-07
 Reference value :  1.38463e-07
 Reference value :  1.39058e-07
 Reference value :  1.39648e-07
 Reference value :  1.40163e-07
 Reference value :  1.40703e-07
 Reference value :  1.41288e-07
 Reference value :  1.41848e-07
 Reference value :  1.42433e-07
 Reference value :  1.42983e-07
 Reference value :  1.43648e-07
 Reference value :  1.44173e-07
 Reference value :  1.44658e-07
 Reference value :  1.45138e-07
 Reference value :  1.45703e-07
 Reference value :  1.46258e-07
 Reference value :  1.46753e-07
 Reference value :  1.47278e-07
 Reference value :  1.47833e-07
 Reference value :  1.48403e-07
 Reference value :  1.48948e-07
 Reference value :  1.49513e-07
 Reference value :  1.50048e-07
 Reference value :  1.50563e-07
 Reference value :  1.51153e-07
 Reference value :  1.51678e-07
 Reference value :  1.52208e-07
 Reference value :  1.52748e-07
 Reference value :  1.53413e-07
 Reference value :  1.54048e-07
 Reference value :  1.54623e-07
 Reference value :  1.55188e-07
 Reference value :  1.55778e-07
 Reference value :  1.56348e-07
 Reference value :  1.56843e-07
 Reference value :  1.57333e-07
 Reference value :  1.57898e-07
 Reference value :  1.58433e-07
 Reference value :  1.58943e-07
 Reference value :  1.59568e-07
 Reference value :  1.60168e-07
 Reference value :  1.60733e-07
 Reference value :  1.61243e-07
 Reference value :  1.61728e-07
 Reference value :  1.62283e-07
 Reference value :  1.62813e-07
 Reference value :  1.63373e-07
 Reference value :  1.63878e-07
 Reference value :  1.64423e-07
 Reference value :  1.64943e-07
 Reference value :  1.65508e-07
 Reference value :  1.66013e-07
 Reference value :  1.66608e-07
 Reference value :  1.67123e-07
 Reference value :  1.67693e-07
 Reference value :  1.68248e-07
 Reference value :  1.68893e-07
 Reference value :  1.69488e-07
 Reference value :  1.70038e-07
 Reference value :  1.70618e-07
 Reference value :  1.71203e-07
 Reference value :  1.71783e-07
 Reference value :  1.72303e-07
 Reference value :  1.72803e-07
 Reference value :  1.73368e-07
 Reference value :  1.73948e-07
 Reference value :  1.74458e-07
 Reference value :  1.74998e-07
 Reference value :  1.75573e-07
 Reference value :  1.76203e-07
 Reference value :  1.76708e-07
 Reference value :  1.77243e-07
 Reference value :  1.77838e-07
 Reference value :  1.78438e-07
 Reference value :  1.78973e-07
 Reference value :  1.79513e-07
 Reference value :  1.80168e-07
 Reference value :  1.80723e-07
 Reference value :  1.81258e-07
 Reference value :  1.81808e-07
 Reference value :  1.82398e-07
 Reference value :  1.82923e-07
 Reference value :  1.83388e-07
 Reference value :  1.83858e-07
 Reference value :  1.84393e-07
 Reference value :  1.84958e-07
 Reference value :  1.85468e-07
 Reference value :  1.85963e-07
 Reference value :  1.86483e-07
 Reference value :  1.87013e-07
 Reference value :  1.87543e-07
 Reference value :  1.88078e-07
 Reference value :  1.88628e-07
 Reference value :  1.89258e-07
 Reference value :  1.89853e-07
 Reference value :  1.90468e-07
 Reference value :  1.91008e-07
 Reference value :  1.91628e-07
 Reference value :  1.92228e-07
 Reference value :  1.92868e-07
 Reference value :  1.93408e-07
 Reference value :  1.94013e-07
 Reference value :  1.94568e-07
 Reference value :  1.95138e-07
 Reference value :  1.95668e-07
 Reference value :  1.96258e-07
 Reference value :  1.96873e-07
 Reference value :  1.97418e-07
 Reference value :  1.97953e-07
 Reference value :  1.98518e-07
 Reference value :  1.99068e-07
 Reference value :  1.99613e-07
 Reference value :  2.00178e-07
 Reference value :  2.00733e-07
 Reference value :  2.01303e-07
 Reference value :  2.01868e-07
 Reference value :  2.02383e-07
 Reference value :  2.02993e-07
 Reference value :  2.03533e-07
 Reference value :  2.04118e-07
 Reference value :  2.04678e-07
 Reference value :  2.05273e-07
 Reference value :  2.05878e-07
 Reference value :  2.06443e-07
 Reference value :  2.07048e-07
 Reference value :  2.07653e-07
 Reference value :  2.08238e-07
 Reference value :  2.08773e-07
 Reference value :  2.09363e-07
 Reference value :  2.10083e-07
 Reference value :  2.10658e-07
 Reference value :  2.11208e-07
 Reference value :  2.11778e-07
 Reference value :  2.12498e-07
 Reference value :  2.13053e-07
 Reference value :  2.13613e-07
 Reference value :  2.14288e-07
 Reference value :  2.14923e-07
 Reference value :  2.15498e-07
 Reference value :  2.16038e-07
 Reference value :  2.16713e-07
 Reference value :  2.17298e-07
 Reference value :  2.17863e-07
 Reference value :  2.18478e-07
 Reference value :  2.19053e-07
 Reference value :  2.19638e-07
 Reference value :  2.20163e-07
 Reference value :  2.20768e-07
 Reference value :  2.21353e-07
 Reference value :  2.21863e-07
 Reference value :  2.22368e-07
 Reference value :  2.22943e-07
 Reference value :  2.23493e-07
 Reference value :  2.24033e-07
 Reference value :  2.24598e-07
 Reference value :  2.25188e-07
 Reference value :  2.25748e-07
 Reference value :  2.26273e-07
 Reference value :  2.26848e-07
 Reference value :  2.27428e-07
 Reference value :  2.28103e-07
 Reference value :  2.28703e-07
 Reference value :  2.29298e-07
 Reference value :  2.29888e-07
 Reference value :  2.30568e-07
 Reference value :  2.31063e-07
 Reference value :  2.31678e-07
 Reference value :  2.32288e-07
 Reference value :  2.32998e-07
 Reference value :  2.33648e-07
 Reference value :  2.34228e-07
 Reference value :  2.34823e-07
 Reference value :  2.35383e-07
 Reference value :  2.35933e-07
 Reference value :  2.36513e-07
 Reference value :  2.37173e-07
 Reference value :  2.37793e-07
 Reference value :  2.38428e-07
 Reference value :  2.38998e-07
 Reference value :  2.39638e-07
 Reference value :  2.40258e-07
 Reference value :  2.40823e-07
 Reference value :  2.41428e-07
 Reference value :  2.41978e-07
 Reference value :  2.42613e-07
 Reference value :  2.43168e-07
 Reference value :  2.43813e-07
 Reference value :  2.44413e-07
 Reference value :  2.45043e-07
 Reference value :  2.45673e-07
 Reference value :  2.46253e-07
 Reference value :  2.46838e-07
 Reference value :  2.47338e-07
 Reference value :  2.47883e-07
 Reference value :  2.48528e-07
 Reference value :  2.49108e-07
 Reference value :  2.49718e-07
 Reference value :  2.50308e-07
 Reference value :  2.50998e-07
 Reference value :  2.51528e-07
 Reference value :  2.52108e-07
 Reference value :  2.52613e-07
 Reference value :  2.53258e-07
 Reference value :  2.53778e-07
 Reference value :  2.54313e-07
 Reference value :  2.54873e-07
 Reference value :  2.55443e-07
 Reference value :  2.55943e-07
 Reference value :  2.56468e-07
 Reference value :  2.57083e-07
 Reference value :  2.57678e-07
 Reference value :  2.58208e-07
 Reference value :  2.58728e-07
 Reference value :  2.59328e-07
 Reference value :  2.59993e-07
 Reference value :  2.60553e-07
 Reference value :  2.61073e-07
 Reference value :  2.61643e-07
 Reference value :  2.62173e-07
 Reference value :  2.62708e-07
 Reference value :  2.63243e-07
 Reference value :  2.63823e-07
 Reference value :  2.64433e-07
 Reference value :  2.65003e-07
 Reference value :  2.65538e-07
 Reference value :  2.66103e-07
 Reference value :  2.66758e-07
 Reference value :  2.67358e-07
 Reference value :  2.67993e-07
 Reference value :  2.68618e-07
 Reference value :  2.69318e-07
 Reference value :  2.69928e-07
 Reference value :  2.70488e-07
 Reference value :  2.71088e-07
 Reference value :  2.71728e-07
 Reference value :  2.72303e-07
 Reference value :  2.72908e-07
 Reference value :  2.73513e-07
 Reference value :  2.74093e-07
 Reference value :  2.74693e-07
 Reference value :  2.75278e-07
 Reference value :  2.75908e-07
 Reference value :  2.76478e-07
 Reference value :  2.77078e-07
 Reference value :  2.77578e-07
 Reference value :  2.78188e-07
 Reference value :  2.78758e-07
 Reference value :  2.79328e-07
 Reference value :  2.79888e-07
 Reference value :  2.80468e-07
 Reference value :  2.81153e-07
 Reference value :  2.81738e-07
 Reference value :  2.82478e-07
 Reference value :  2.83223e-07
 Reference value :  2.83793e-07
 Reference value :  2.84418e-07
 Reference value :  2.85083e-07
 Reference value :  2.85872e-07
 Reference value :  2.86482e-07
 Reference value :  2.87307e-07
 Reference value :  2.88072e-07
 Reference value :  2.88682e-07
 Reference value :  2.89382e-07
 Reference value :  2.90117e-07
 Reference value :  2.90722e-07
 Reference value :  2.91292e-07
 Reference value :  2.91987e-07
 Reference value :  2.92572e-07
 Reference value :  2.93157e-07
 Reference value :  2.93837e-07
 Reference value :  2.94407e-07
 Reference value :  2.95022e-07
 Reference value :  2.95612e-07
 Reference value :  2.96192e-07
 Reference value :  2.96737e-07
 Reference value :  2.97292e-07
 Reference value :  2.97887e-07
 Reference value :  2.98437e-07
 Reference value :  2.98977e-07
 Reference value :  2.99522e-07
 Reference value :  3.00047e-07
 Reference value :  3.00647e-07
 Reference value :  3.01182e-07
 Reference value :  3.01697e-07
 Reference value :  3.02247e-07
 Reference value :  3.02847e-07
 Reference value :  3.03472e-07
 Reference value :  3.04017e-07
 Reference value :  3.04602e-07
 Reference value :  3.05207e-07
 Reference value :  3.05922e-07
 Reference value :  3.06507e-07
 Reference value :  3.07112e-07
 Reference value :  3.07797e-07
 Reference value :  3.08377e-07
 Reference value :  3.08947e-07
 Reference value :  3.09517e-07
 Reference value :  3.10147e-07
 Reference value :  3.10707e-07
 Reference value :  3.11227e-07
 Reference value :  3.11782e-07
 Reference value :  3.12397e-07
 Reference value :  3.12932e-07
 Reference value :  3.13477e-07
 Reference value :  3.14132e-07
 Reference value :  3.14747e-07
 Reference value :  3.15327e-07
 Reference value :  3.15932e-07
 Reference value :  3.16532e-07
 Reference value :  3.17132e-07
 Reference value :  3.17777e-07
 Reference value :  3.18487e-07
 Reference value :  3.19267e-07
 Reference value :  3.19857e-07
 Reference value :  3.20382e-07
 Reference value :  3.21047e-07
 Reference value :  3.21747e-07
 Reference value :  3.22337e-07
 Reference value :  3.22887e-07
 Reference value :  3.23457e-07
 Reference value :  3.24062e-07
 Reference value :  3.24622e-07
 Reference value :  3.25152e-07
 Reference value :  3.25817e-07
 Reference value :  3.26417e-07
 Reference value :  3.26902e-07
 Reference value :  3.27417e-07
 Reference value :  3.27957e-07
 Reference value :  3.28537e-07
 Reference value :  3.29127e-07
 Reference value :  3.29702e-07
 Reference value :  3.30372e-07
 Reference value :  3.30962e-07
 Reference value :  3.31562e-07
 Reference value :  3.32227e-07
 Reference value :  3.32822e-07
 Reference value :  3.33497e-07
 Reference value :  3.34107e-07
 Reference value :  3.34732e-07
 Reference value :  3.35302e-07
 Reference value :  3.35852e-07
 Reference value :  3.36447e-07
 Reference value :  3.37102e-07
 Reference value :  3.37677e-07
 Reference value :  3.38287e-07
 Reference value :  3.38897e-07
 Reference value :  3.39552e-07
 Reference value :  3.40117e-07
 Reference value :  3.40797e-07
 Reference value :  3.41512e-07
 Reference value :  3.42102e-07
 Reference value :  3.42787e-07
 Reference value :  3.43357e-07
 Reference value :  3.44007e-07
 Reference value :  3.44597e-07
 Reference value :  3.45157e-07
 Reference value :  3.45737e-07
 Reference value :  3.46452e-07
 Reference value :  3.47052e-07
 Reference value :  3.47682e-07
 Reference value :  3.48352e-07
 Reference value :  3.49022e-07
 Reference value :  3.49612e-07
 Reference value :  3.50227e-07
 Reference value :  3.50842e-07
 Reference value :  3.51417e-07
 Reference value :  3.52057e-07
 Reference value :  3.52637e-07
 Reference value :  3.53257e-07
 Reference value :  3.53832e-07
 Reference value :  3.54467e-07
 Reference value :  3.55142e-07
 Reference value :  3.55807e-07
 Reference value :  3.56427e-07
 Reference value :  3.57057e-07
 Reference value :  3.57652e-07
 Reference value :  3.58317e-07
 Reference value :  3.58917e-07
 Reference value :  3.59602e-07
 Reference value :  3.60232e-07
 Reference value :  3.60842e-07
 Reference value :  3.61512e-07
 Reference value :  3.62062e-07
 Reference value :  3.62712e-07
 Reference value :  3.63247e-07
 Reference value :  3.63832e-07
 Reference value :  3.64417e-07
 Reference value :  3.65022e-07
 Reference value :  3.65687e-07
 Reference value :  3.66272e-07
 Reference value :  3.66932e-07
 Reference value :  3.67527e-07
 Reference value :  3.68097e-07
 Reference value :  3.68682e-07
 Reference value :  3.69242e-07
 Reference value :  3.69792e-07
 Reference value :  3.70362e-07
 Reference value :  3.70962e-07
 Reference value :  3.71477e-07
 Reference value :  3.72067e-07
 Reference value :  3.72622e-07
 Reference value :  3.73207e-07
 Reference value :  3.73737e-07
 Reference value :  3.74232e-07
 Reference value :  3.74717e-07
 Reference value :  3.75252e-07
 Reference value :  3.75747e-07
 Reference value :  3.76302e-07
 Reference value :  3.77012e-07
 Reference value :  3.77712e-07
 Reference value :  3.78267e-07
 Reference value :  3.78792e-07
 Reference value :  3.79427e-07
 Reference value :  3.80082e-07
 Reference value :  3.80687e-07
 Reference value :  3.81282e-07
 Reference value :  3.81877e-07
 Reference value :  3.82472e-07
 Reference value :  3.83087e-07
 Reference value :  3.83632e-07
 Reference value :  3.84107e-07
 Reference value :  3.84722e-07
 Reference value :  3.85307e-07
 Reference value :  3.85807e-07
 Reference value :  3.86367e-07
 Reference value :  3.86957e-07
 Reference value :  3.87507e-07
 Reference value :  3.88047e-07
 Reference value :  3.88572e-07
 Reference value :  3.89127e-07
 Reference value :  3.89692e-07
 Reference value :  3.90217e-07
 Reference value :  3.90772e-07
 Reference value :  3.91267e-07
 Reference value :  3.91837e-07
 Reference value :  3.92392e-07
 Reference value :  3.93017e-07
 Reference value :  3.93582e-07
 Reference value :  3.94172e-07
 Reference value :  3.94762e-07
 Reference value :  3.95332e-07
 Reference value :  3.96027e-07
 Reference value :  3.96602e-07
 Reference value :  3.97232e-07
 Reference value :  3.97832e-07
 Reference value :  3.98417e-07
 Reference value :  3.98972e-07
 Reference value :  3.99572e-07
 Reference value :  4.00082e-07
 Reference value :  4.00587e-07
 Reference value :  4.01172e-07
 Reference value :  4.01777e-07
 Reference value :  4.02307e-07
 Reference value :  4.02797e-07
 Reference value :  4.03367e-07
 Reference value :  4.03912e-07
 Reference value :  4.04467e-07
 Reference value :  4.05007e-07
 Reference value :  4.05597e-07
 Reference value :  4.06147e-07
 Reference value :  4.06677e-07
 Reference value :  4.07242e-07
 Reference value :  4.07847e-07
 Reference value :  4.08402e-07
 Reference value :  4.08952e-07
 Reference value :  4.09607e-07
 Reference value :  4.10137e-07
 Reference value :  4.10702e-07
 Reference value :  4.11267e-07
 Reference value :  4.11897e-07
 Reference value :  4.12412e-07
 Reference value :  4.12927e-07
 Reference value :  4.13422e-07
 Reference value :  4.13992e-07
 Reference value :  4.14522e-07
 Reference value :  4.15122e-07
 Reference value :  4.15652e-07
 Reference value :  4.16277e-07
 Reference value :  4.16867e-07
 Reference value :  4.17392e-07
 Reference value :  4.17947e-07
 Reference value :  4.18522e-07
 Reference value :  4.19082e-07
 Reference value :  4.19667e-07
 Reference value :  4.20217e-07
 Reference value :  4.20807e-07
 Reference value :  4.21412e-07
 Reference value :  4.21922e-07
 Reference value :  4.22427e-07
 Reference value :  4.22952e-07
 Reference value :  4.23472e-07
 Reference value :  4.24002e-07
 Reference value :  4.24592e-07
 Reference value :  4.25172e-07
 Reference value :  4.25807e-07
 Reference value :  4.26367e-07
 Reference value :  4.26892e-07
 Reference value :  4.27452e-07
 Reference value :  4.28022e-07
 Reference value :  4.28522e-07
 Reference value :  4.29042e-07
 Reference value :  4.29527e-07
 Reference value :  4.30007e-07
 Reference value :  4.30552e-07
 Reference value :  4.31082e-07
 Reference value :  4.31662e-07
 Reference value :  4.32187e-07
 Reference value :  4.32757e-07
 Reference value :  4.33377e-07
 Reference value :  4.33957e-07
 Reference value :  4.34607e-07
 Reference value :  4.35172e-07
 Reference value :  4.35822e-07
 Reference value :  4.36427e-07
 Reference value :  4.36992e-07
 Reference value :  4.37572e-07
 Reference value :  4.38187e-07
 Reference value :  4.38767e-07
 Reference value :  4.39317e-07
 Reference value :  4.39987e-07
 Reference value :  4.40547e-07
 Reference value :  4.41137e-07
 Reference value :  4.41772e-07
 Reference value :  4.42337e-07
 Reference value :  4.42907e-07
 Reference value :  4.43407e-07
 Reference value :  4.44012e-07
 Reference value :  4.44572e-07
 Reference value :  4.45152e-07
 Reference value :  4.45732e-07
 Reference value :  4.46372e-07
 Reference value :  4.46882e-07
 Reference value :  4.47427e-07
 Reference value :  4.48067e-07
 Reference value :  4.48602e-07
 Reference value :  4.49177e-07
 Reference value :  4.49742e-07
 Reference value :  4.50277e-07
 Reference value :  4.50797e-07
 Reference value :  4.51307e-07
 Reference value :  4.51867e-07
 Reference value :  4.52492e-07
 Reference value :  4.53022e-07
 Reference value :  4.53572e-07
 Reference value :  4.54172e-07
 Reference value :  4.54777e-07
 Reference value :  4.55312e-07
 Reference value :  4.55832e-07
 Reference value :  4.56372e-07
 Reference value :  4.56937e-07
 Reference value :  4.57462e-07
 Reference value :  4.58022e-07
 Reference value :  4.58587e-07
 Reference value :  4.59157e-07
 Reference value :  4.59742e-07
 Reference value :  4.60297e-07
 Reference value :  4.60797e-07
 Reference value :  4.61342e-07
 Reference value :  4.61897e-07
 Reference value :  4.62392e-07
 Reference value :  4.62952e-07
 Reference value :  4.63457e-07
 Reference value :  4.64002e-07
 Reference value :  4.64517e-07
 Reference value :  4.65012e-07
 Reference value :  4.65537e-07
 Reference value :  4.66122e-07
 Reference value :  4.66687e-07
 Reference value :  4.67222e-07
 Reference value :  4.67842e-07
 Reference value :  4.68477e-07
 Reference value :  4.69027e-07
 Reference value :  4.69592e-07
 Reference value :  4.70167e-07
 Reference value :  4.70807e-07
 Reference value :  4.71362e-07
 Reference value :  4.71957e-07
 Reference value :  4.72507e-07
 Reference value :  4.73002e-07
 Reference value :  4.73552e-07
 Reference value :  4.74167e-07
 Reference value :  4.74702e-07
 Reference value :  4.75212e-07
 Reference value :  4.75742e-07
 Reference value :  4.76307e-07
 Reference value :  4.76962e-07
 Reference value :  4.77552e-07
 Reference value :  4.78087e-07
 Reference value :  4.78687e-07
 Reference value :  4.79297e-07
 Reference value :  4.79877e-07
 Reference value :  4.80502e-07
 Reference value :  4.81047e-07
 Reference value :  4.81632e-07
 Reference value :  4.82222e-07
 Reference value :  4.82862e-07
 Reference value :  4.83477e-07
 Reference value :  4.84107e-07
 Reference value :  4.84707e-07
 Reference value :  4.85282e-07
 Reference value :  4.85852e-07
 Reference value :  4.86447e-07
 Reference value :  4.87067e-07
 Reference value :  4.87662e-07
 Reference value :  4.88252e-07
 Reference value :  4.88872e-07
 Reference value :  4.89432e-07
 Reference value :  4.90017e-07
 Reference value :  4.90592e-07
 Reference value :  4.91217e-07
 Reference value :  4.91842e-07
 Reference value :  4.92452e-07
 Reference value :  4.93002e-07
 Reference value :  4.93612e-07
 Reference value :  4.94162e-07
 Reference value :  4.94697e-07
 Reference value :  4.95262e-07
 Reference value :  4.95817e-07
 Reference value :  4.96352e-07
 Reference value :  4.96977e-07
 Reference value :  4.97572e-07
 Reference value :  4.98142e-07
 Reference value :  4.98782e-07
 Reference value :  4.99327e-07
 Reference value :  4.99877e-07
 Reference value :  5.00502e-07
 Reference value :  5.01092e-07
 Reference value :  5.01587e-07
 Reference value :  5.02147e-07
 Reference value :  5.02717e-07
 Reference value :  5.03282e-07
 Reference value :  5.03847e-07
 Reference value :  5.04472e-07
 Reference value :  5.05042e-07
 Reference value :  5.05547e-07
 Reference value :  5.06047e-07
 Reference value :  5.06562e-07
 Reference value :  5.07062e-07
 Reference value :  5.07647e-07
 Reference value :  5.08182e-07
 Reference value :  5.08812e-07
 Reference value :  5.09442e-07
 Reference value :  5.10062e-07
 Reference value :  5.10667e-07
 Reference value :  5.11312e-07
 Reference value :  5.11897e-07
 Reference value :  5.12507e-07
 Reference value :  5.13127e-07
 Reference value :  5.13772e-07
 Reference value :  5.14317e-07
 Reference value :  5.14912e-07
 Reference value :  5.15477e-07
 Reference value :  5.16032e-07
 Reference value :  5.16657e-07
 Reference value :  5.17252e-07
 Reference value :  5.17792e-07
 Reference value :  5.18367e-07
 Reference value :  5.18992e-07
 Reference value :  5.19567e-07
 Reference value :  5.20112e-07
 Reference value :  5.20807e-07
 Reference value :  5.21432e-07
 Reference value :  5.22002e-07
 Reference value :  5.22572e-07
 Reference value :  5.23142e-07
 Reference value :  5.23732e-07
 Reference value :  5.24332e-07
 Reference value :  5.24892e-07
 Reference value :  5.25452e-07
 Reference value :  5.26027e-07
 Reference value :  5.26637e-07
 Reference value :  5.27212e-07
 Reference value :  5.27782e-07
 Reference value :  5.28377e-07
 Reference value :  5.28967e-07
 Reference value :  5.29532e-07
 Reference value :  5.30137e-07
 Reference value :  5.30722e-07
 Reference value :  5.31287e-07
 Reference value :  5.31802e-07
 Reference value :  5.32287e-07
 Reference value :  5.32817e-07
 Reference value :  5.33277e-07
 Reference value :  5.33782e-07
 Reference value :  5.34367e-07
 Reference value :  5.34952e-07
 Reference value :  5.35507e-07
 Reference value :  5.36037e-07
 Reference value :  5.36642e-07
 Reference value :  5.37212e-07
 Reference value :  5.37737e-07
 Reference value :  5.38267e-07
 Reference value :  5.38862e-07
 Reference value :  5.39482e-07
 Reference value :  5.40057e-07
 Reference value :  5.40632e-07
 Reference value :  5.41212e-07
 Reference value :  5.41772e-07
 Reference value :  5.42297e-07
 Reference value :  5.42872e-07
 Reference value :  5.43542e-07
 Reference value :  5.44137e-07
 Reference value :  5.44867e-07
 Reference value :  5.45517e-07
 Reference value :  5.46232e-07
 Reference value :  5.46787e-07
 Reference value :  5.47482e-07
 Reference value :  5.48082e-07
 Reference value :  5.48652e-07
 Reference value :  5.49297e-07
 Reference value :  5.49877e-07
 Reference value :  5.50487e-07
 Reference value :  5.51112e-07
 Reference value :  5.51732e-07
 Reference value :  5.52332e-07
 Reference value :  5.52842e-07
 Reference value :  5.53387e-07
 Reference value :  5.53912e-07
 Reference value :  5.54497e-07
 Reference value :  5.55002e-07
 Reference value :  5.55542e-07
 Reference value :  5.56052e-07
 Reference value :  5.56567e-07
 Reference value :  5.57107e-07
 Reference value :  5.57732e-07
 Reference value :  5.58312e-07
 Reference value :  5.58922e-07
 Reference value :  5.59632e-07
 Reference value :  5.60267e-07
 Reference value :  5.60862e-07
 Reference value :  5.61452e-07
 Reference value :  5.61987e-07
 Reference value :  5.62572e-07
 Reference value :  5.63147e-07
 Reference value :  5.63747e-07
 Reference value :  5.64292e-07
 Reference value :  5.64877e-07
 Reference value :  5.65417e-07
 Reference value :  5.65977e-07
 Reference value :  5.66492e-07
 Reference value :  5.67062e-07
 Reference value :  5.67652e-07
 Reference value :  5.68237e-07
 Reference value :  5.68782e-07
 Reference value :  5.69367e-07
 Reference value :  5.69972e-07
 Reference value :  5.70537e-07
 Reference value :  5.71077e-07
 Reference value :  5.71607e-07
 Reference value :  5.72127e-07
 Reference value :  5.72637e-07
 Reference value :  5.73197e-07
 Reference value :  5.73762e-07
 Reference value :  5.74362e-07
 Reference value :  5.74892e-07
 Reference value :  5.75497e-07
 Reference value :  5.76067e-07
 Reference value :  5.76572e-07
 Reference value :  5.77102e-07
 Reference value :  5.77672e-07
 Reference value :  5.78232e-07
 Reference value :  5.78732e-07
 Reference value :  5.79262e-07
 Reference value :  5.79877e-07
 Reference value :  5.80437e-07
 Reference value :  5.81007e-07
 Reference value :  5.81567e-07
 Reference value :  5.82182e-07
 Reference value :  5.82862e-07
 Reference value :  5.83407e-07
 Reference value :  5.84057e-07
 Reference value :  5.84622e-07
 Reference value :  5.85207e-07
 Reference value :  5.85862e-07
 Reference value :  5.86507e-07
 Reference value :  5.87117e-07
 Reference value :  5.87727e-07
 Reference value :  5.88357e-07
 Reference value :  5.88947e-07
 Reference value :  5.89542e-07
 Reference value :  5.90087e-07
 Reference value :  5.90597e-07
 Reference value :  5.91202e-07
 Reference value :  5.91732e-07
 Reference value :  5.92297e-07
 Reference value :  5.92822e-07
 Reference value :  5.93392e-07
 Reference value :  5.93942e-07
 Reference value :  5.94532e-07
 Reference value :  5.95117e-07
 Reference value :  5.95727e-07
 Reference value :  5.96317e-07
 Reference value :  5.96867e-07
 Reference value :  5.97422e-07
 Reference value :  5.97957e-07
 Reference value :  5.98557e-07
 Reference value :  5.99157e-07
 Reference value :  5.99732e-07
 Reference value :  6.00292e-07
 Reference value :  6.00893e-07
 Reference value :  6.01428e-07
 Reference value :  6.02003e-07
 Reference value :  6.02523e-07
 Reference value :  6.03023e-07
 Reference value :  6.03543e-07
 Reference value :  6.04103e-07
 Reference value :  6.04653e-07
 Reference value :  6.05238e-07
 Reference value :  6.05833e-07
 Reference value :  6.06398e-07
 Reference value :  6.06933e-07
 Reference value :  6.07508e-07
 Reference value :  6.08068e-07
 Reference value :  6.08618e-07
 Reference value :  6.09153e-07
 Reference value :  6.09738e-07
 Reference value :  6.10328e-07
 Reference value :  6.10888e-07
 Reference value :  6.11418e-07
 Reference value :  6.12068e-07
 Reference value :  6.12658e-07
 Reference value :  6.13243e-07
 Reference value :  6.13853e-07
 Reference value :  6.14458e-07
 Reference value :  6.15038e-07
 Reference value :  6.15608e-07
 Reference value :  6.16193e-07
 Reference value :  6.16728e-07
 Reference value :  6.17218e-07
 Reference value :  6.17773e-07
 Reference value :  6.18428e-07
 Reference value :  6.19023e-07
 Reference value :  6.19538e-07
 Reference value :  6.20108e-07
 Reference value :  6.20663e-07
 Reference value :  6.21278e-07
 Reference value :  6.21768e-07
 Reference value :  6.22283e-07
 Reference value :  6.22818e-07
 Reference value :  6.23368e-07
 Reference value :  6.23928e-07
 Reference value :  6.24623e-07
 Reference value :  6.25198e-07
 Reference value :  6.25813e-07
 Reference value :  6.26448e-07
 Reference value :  6.27088e-07
 Reference value :  6.27718e-07
 Reference value :  6.28433e-07
 Reference value :  6.29063e-07
 Reference value :  6.29733e-07
 Reference value :  6.30383e-07
 Reference value :  6.31023e-07
 Reference value :  6.31628e-07
 Reference value :  6.32428e-07
 Reference value :  6.33093e-07
 Reference value :  6.33683e-07
 Reference value :  6.34333e-07
 Reference value :  6.34888e-07
 Reference value :  6.35423e-07
 Reference value :  6.35923e-07
 Reference value :  6.36428e-07
 Reference value :  6.36928e-07
 Reference value :  6.37568e-07
 Reference value :  6.38148e-07
 Reference value :  6.38788e-07
 Reference value :  6.39503e-07
 Reference value :  6.40153e-07
 Reference value :  6.40808e-07
 Reference value :  6.41503e-07
 Reference value :  6.42118e-07
 Reference value :  6.42733e-07
 Reference value :  6.43308e-07
 Reference value :  6.43858e-07
 Reference value :  6.44473e-07
 Reference value :  6.45033e-07
 Reference value :  6.45648e-07
 Reference value :  6.46273e-07
 Reference value :  6.46893e-07
 Reference value :  6.47473e-07
 Reference value :  6.48063e-07
 Reference value :  6.48713e-07
 Reference value :  6.49263e-07
 Reference value :  6.49808e-07
 Reference value :  6.50403e-07
 Reference value :  6.50988e-07
 Reference value :  6.51518e-07
 Reference value :  6.52093e-07
 Reference value :  6.52683e-07
 Reference value :  6.53248e-07
 Reference value :  6.53803e-07
 Reference value :  6.54398e-07
 Reference value :  6.54948e-07
 Reference value :  6.55523e-07
 Reference value :  6.56023e-07
 Reference value :  6.56558e-07
 Reference value :  6.57103e-07
 Reference value :  6.57628e-07
 Reference value :  6.58143e-07
 Reference value :  6.58778e-07
 Reference value :  6.59413e-07
 Reference value :  6.59978e-07
 Reference value :  6.60588e-07
 Reference value :  6.61168e-07
 Reference value :  6.61703e-07
 Reference value :  6.62273e-07
 Reference value :  6.62818e-07
 Reference value :  6.63413e-07
 Reference value :  6.64033e-07
 Reference value :  6.64663e-07
 Reference value :  6.65303e-07
 Reference value :  6.65918e-07
 Reference value :  6.66518e-07
 Reference value :  6.67128e-07
 Reference value :  6.67718e-07
 Reference value :  6.68343e-07
 Reference value :  6.68878e-07
 Reference value :  6.69433e-07
 Reference value :  6.69998e-07
 Reference value :  6.70588e-07
 Reference value :  6.71243e-07
 Reference value :  6.71838e-07
 Reference value :  6.72423e-07
 Reference value :  6.73008e-07
 Reference value :  6.73598e-07
 Reference value :  6.74193e-07
 Reference value :  6.74773e-07
 Reference value :  6.75393e-07
 Reference value :  6.76038e-07
 Reference value :  6.76678e-07
 Reference value :  6.77308e-07
 Reference value :  6.77923e-07
 Reference value :  6.78618e-07
 Reference value :  6.79358e-07
 Reference value :  6.79918e-07
 Reference value :  6.80418e-07
 Reference value :  6.80998e-07
 Reference value :  6.81523e-07
 Reference value :  6.82078e-07
 Reference value :  6.82598e-07
 Reference value :  6.83148e-07
 Reference value :  6.83698e-07
 Reference value :  6.84273e-07
 Reference value :  6.84873e-07
 Reference value :  6.85428e-07
 Reference value :  6.85993e-07
 Reference value :  6.86538e-07
 Reference value :  6.87118e-07
 Reference value :  6.87663e-07
 Reference value :  6.88173e-07
 Reference value :  6.88713e-07
 Reference value :  6.89278e-07
 Reference value :  6.89833e-07
 Reference value :  6.90353e-07
 Reference value :  6.90883e-07
 Reference value :  6.91503e-07
 Reference value :  6.92028e-07
 Reference value :  6.92678e-07
 Reference value :  6.93258e-07
 Reference value :  6.93873e-07
 Reference value :  6.94468e-07
 Reference value :  6.95098e-07
 Reference value :  6.95768e-07
 Reference value :  6.96273e-07
 Reference value :  6.96853e-07
 Reference value :  6.97483e-07
 Reference value :  6.98028e-07
 Reference value :  6.98573e-07
 Reference value :  6.99093e-07
 Reference value :  6.99638e-07
 Reference value :  7.00218e-07
 Reference value :  7.00848e-07
 Reference value :  7.01393e-07
 Reference value :  7.01958e-07
 Reference value :  7.02558e-07
 Reference value :  7.03208e-07
 Reference value :  7.03853e-07
 Reference value :  7.04518e-07
 Reference value :  7.05098e-07
 Reference value :  7.05748e-07
 Reference value :  7.06268e-07
 Reference value :  7.06793e-07
 Reference value :  7.07358e-07
 Reference value :  7.07943e-07
 Reference value :  7.08478e-07
 Reference value :  7.08993e-07
 Reference value :  7.09603e-07
 Reference value :  7.10098e-07
 Reference value :  7.10573e-07
 Reference value :  7.11048e-07
 Reference value :  7.11543e-07
 Reference value :  7.12013e-07
 Reference value :  7.12553e-07
 Reference value :  7.13128e-07
 Reference value :  7.13678e-07
 Reference value :  7.14263e-07
 Reference value :  7.14853e-07
 Reference value :  7.15428e-07
 Reference value :  7.16038e-07
 Reference value :  7.16683e-07
 Reference value :  7.17333e-07
 Reference value :  7.18043e-07
 Reference value :  7.18688e-07
 Reference value :  7.19283e-07
 Reference value :  7.19833e-07
 Reference value :  7.20398e-07
 Reference value :  7.20958e-07
 Reference value :  7.21548e-07
 Reference value :  7.22128e-07
 Reference value :  7.22668e-07
 Reference value :  7.23223e-07
 Reference value :  7.23788e-07
 Reference value :  7.24303e-07
 Reference value :  7.24843e-07
 Reference value :  7.25373e-07
 Reference value :  7.25943e-07
 Reference value :  7.26473e-07
 Reference value :  7.27008e-07
 Reference value :  7.27538e-07
 Reference value :  7.28128e-07
 Reference value :  7.28678e-07
 Reference value :  7.29213e-07
 Reference value :  7.29783e-07
 Reference value :  7.30373e-07
 Reference value :  7.30978e-07
 Reference value :  7.31603e-07
 Reference value :  7.32278e-07
 Reference value :  7.32873e-07
 Reference value :  7.33398e-07
 Reference value :  7.33993e-07
 Reference value :  7.34573e-07
 Reference value :  7.35098e-07
 Reference value :  7.35663e-07
 Reference value :  7.36273e-07
 Reference value :  7.36783e-07
 Reference value :  7.37358e-07
 Reference value :  7.37888e-07
 Reference value :  7.38483e-07
 Reference value :  7.39133e-07
 Reference value :  7.39718e-07
 Reference value :  7.40208e-07
 Reference value :  7.40728e-07
 Reference value :  7.41288e-07
 Reference value :  7.41813e-07
 Reference value :  7.42468e-07
 Reference value :  7.43073e-07
 Reference value :  7.43713e-07
 Reference value :  7.44328e-07
 Reference value :  7.44838e-07
 Reference value :  7.45353e-07
 Reference value :  7.45918e-07
 Reference value :  7.46533e-07
 Reference value :  7.47118e-07
 Reference value :  7.47713e-07
 Reference value :  7.48313e-07
 Reference value :  7.48953e-07
 Reference value :  7.49598e-07
 Reference value :  7.50198e-07
 Reference value :  7.50843e-07
 Reference value :  7.51483e-07
 Reference value :  7.52093e-07
 Reference value :  7.52713e-07
 Reference value :  7.53373e-07
 Reference value :  7.53963e-07
 Reference value :  7.54603e-07
 Reference value :  7.55193e-07
 Reference value :  7.55713e-07
 Reference value :  7.56303e-07
 Reference value :  7.56868e-07
 Reference value :  7.57393e-07
 Reference value :  7.57918e-07
 Reference value :  7.58473e-07
 Reference value :  7.59048e-07
 Reference value :  7.59698e-07
 Reference value :  7.60353e-07
 Reference value :  7.60973e-07
 Reference value :  7.61568e-07
 Reference value :  7.62273e-07
 Reference value :  7.62938e-07
 Reference value :  7.63528e-07
 Reference value :  7.64183e-07
 Reference value :  7.64748e-07
 Reference value :  7.65308e-07
 Reference value :  7.65923e-07
 Reference value :  7.66568e-07
 Reference value :  7.67133e-07
 Reference value :  7.67698e-07
 Reference value :  7.68373e-07
 Reference value :  7.68953e-07
 Reference value :  7.69598e-07
 Reference value :  7.70208e-07
 Reference value :  7.70888e-07
 Reference value :  7.71613e-07
 Reference value :  7.72203e-07
 Reference value :  7.72818e-07
 Reference value :  7.73358e-07
 Reference value :  7.73923e-07
 Reference value :  7.74528e-07
 Reference value :  7.75113e-07
 Reference value :  7.75773e-07
 Reference value :  7.76343e-07
 Reference value :  7.76883e-07
 Reference value :  7.77513e-07
 Reference value :  7.78153e-07
 Reference value :  7.78728e-07
 Reference value :  7.79293e-07
 Reference value :  7.79873e-07
 Reference value :  7.80418e-07
 Reference value :  7.81053e-07
 Reference value :  7.81688e-07
 Reference value :  7.82298e-07
 Reference value :  7.82928e-07
 Reference value :  7.83473e-07
 Reference value :  7.84003e-07
 Reference value :  7.84608e-07
 Reference value :  7.85178e-07
 Reference value :  7.85778e-07
 Reference value :  7.86293e-07
 Reference value :  7.86908e-07
 Reference value :  7.87483e-07
 Reference value :  7.88033e-07
 Reference value :  7.88568e-07
 Reference value :  7.89083e-07
 Reference value :  7.89733e-07
 Reference value :  7.90308e-07
 Reference value :  7.90898e-07
 Reference value :  7.91438e-07
 Reference value :  7.92048e-07
 Reference value :  7.92608e-07
 Reference value :  7.93173e-07
 Reference value :  7.93788e-07
 Reference value :  7.94343e-07
 Reference value :  7.94908e-07
 Reference value :  7.95448e-07
 Reference value :  7.95983e-07
 Reference value :  7.96558e-07
 Reference value :  7.97078e-07
 Reference value :  7.97643e-07
 Reference value :  7.98178e-07
 Reference value :  7.98763e-07
 Reference value :  7.99308e-07
 Reference value :  7.99843e-07
No. of Data Rows : 160024
pt1a                =  1.32602e-08
pt1b                =  6.89122e-08
pt2a                =  1.29365e-08
pt2b                =  6.62292e-08
pt3a                =  1.27421e-08
pt3b                =  6.41647e-08
pt4a                =  1.25003e-08
pt4b                =  6.20024e-08
pvxo_max            =  1.87497e+00 at=  1.24753e-07
pvxo_min            =  -5.08975e-02 at=  4.52912e-07
ptxo_a              =  1.65644e-08
ptxo_b              =  1.08277e-07
ptt1a               =  1.64086e-08
ptt1b               =  1.73133e-07
pvxo_avg            =  8.12620e-01 from=  1.00000e-07 to=  8.00000e-07
pvt1_avg            =  7.85381e-01 from=  1.00000e-07 to=  8.00000e-07
pi1                 =  -1.18896e-05 from=  1.00000e-07 to=  8.00000e-07
pi2                 =  -1.23457e-05 from=  1.00000e-07 to=  8.00000e-07
pi3                 =  -1.27751e-05 from=  1.00000e-07 to=  8.00000e-07
pi4                 =  -1.32016e-05 from=  1.00000e-07 to=  8.00000e-07
pib                 =  -9.07811e-05 from=  1.00000e-07 to=  8.00000e-07
t1a                 =  8.83902e-09
t1b                 =  3.29686e-08
t2a                 =  8.64945e-09
t2b                 =  3.13777e-08
t3a                 =  8.46552e-09
t3b                 =  2.99532e-08
t4a                 =  8.30379e-09
t4b                 =  2.86053e-08
vxo_max             =  1.95881e+00 at=  3.89902e-07
vxo_min             =  -1.72332e-01 at=  1.30943e-07
txo_a               =  3.95695e-10
txo_b               =  4.62634e-08
tt1a                =  7.83646e-09
tt1b                =  7.78982e-08
vxo_avg             =  8.52122e-01 from=  1.00000e-07 to=  8.00000e-07
vt1_avg             =  8.30172e-01 from=  1.00000e-07 to=  8.00000e-07
i1                  =  -1.39173e-05 from=  1.00000e-07 to=  8.00000e-07
i2                  =  -1.45354e-05 from=  1.00000e-07 to=  8.00000e-07
i3                  =  -1.51493e-05 from=  1.00000e-07 to=  8.00000e-07
i4                  =  -1.57688e-05 from=  1.00000e-07 to=  8.00000e-07
ib                  =  -9.03450e-05 from=  1.00000e-07 to=  8.00000e-07
p_tr1 = 5.565195e-09
p_tr2 = 5.329264e-09
p_tr3 = 5.142260e-09
p_tr4 = 4.950216e-09
p_skew_span = 1.124233e+00
p_f_ideal = 7.638098e+08
p_f_xo = 5.233753e+08
p_edge_retention = 6.852168e-01
p_retention_n2 = 8.337710e-01
p_retention_n4 = 6.852168e-01
p_bias_t1 = 4.363226e-01
p_bias_xo = 4.514555e-01
p_swing_frac_xo = 1.069927e+00
p_i_rings = 5.021203e-05
p_i_block = 9.078113e-05
p_i_array_total = 1.409932e-04
p_p_array_total = 2.537877e-04
tr1 = 2.412958e-09
tr2 = 2.272827e-09
tr3 = 2.148764e-09
tr4 = 2.030156e-09
skew_span = 1.188558e+00
f_ideal = 1.812366e+09
f_xo = 1.046488e+09
edge_retention = 5.774151e-01
retention_n2 = 8.018515e-01
retention_n4 = 5.774151e-01
bias_t1 = 4.612068e-01
bias_xo = 4.734012e-01
swing_frac_xo = 1.183968e+00
i_rings = 5.937080e-05
i_block = 9.034499e-05
i_array_total = 1.497158e-04
p_array_total_pre = 2.694884e-04
slowdown_r1 = 2.306379e+00
slowdown_r2 = 2.344773e+00
slowdown_r3 = 2.393124e+00
slowdown_r4 = 2.438343e+00
Note: Simulation executed from .control section 

----- stderr -----

Checking parameters for BSIM 4.5 model xctl.xa3.xmn4:nshort_model.40
Warning: Eta0 = -0.00908636 is negative.

Checking parameters for BSIM 4.5 model xctl.xa3.xmn3:nshort_model.40
Warning: Eta0 = -0.00908636 is negative.

Checking parameters for BSIM 4.5 model xctl.xa3.xmn2:nshort_model.40
Warning: Eta0 = -0.00908636 is negative.

Checking parameters for BSIM 4.5 model xctl.xa3.xmn1:nshort_model.40
Warning: Eta0 = -0.00908636 is negative.

Checking parameters for BSIM 4.5 model xctl.xa3.xmp4:pshort_model.32
Warning: A2 = 1.14662 is larger than 1. A2 is set to 1 and A1 is set to 0.
Warning: Pdibl1 = -0.0493749 is negative.
Warning: Pdibl2 = -0.000925472 is negative.

Checking parameters for BSIM 4.5 model xctl.xa3.xmp3:pshort_model.32
Warning: A2 = 1.14662 is larger than 1. A2 is set to 1 and A1 is set to 0.
Warning: Pdibl1 = -0.0493749 is negative.
Warning: Pdibl2 = -0.000925472 is negative.

Checking parameters for BSIM 4.5 model xctl.xa3.xmp2:pshort_model.32
Warning: A2 = 1.14662 is larger than 1. A2 is set to 1 and A1 is set to 0.
Warning: Pdibl1 = -0.0493749 is negative.
Warning: Pdibl2 = -0.000925472 is negative.

Checking parameters for BSIM 4.5 model xctl.xa3.xmp1:pshort_model.32
Warning: A2 = 1.14662 is larger than 1. A2 is set to 1 and A1 is set to 0.
Warning: Pdibl1 = -0.0493749 is negative.
Warning: Pdibl2 = -0.000925472 is negative.

Checking parameters for BSIM 4.5 model xctl.xa3.xmnib:nshort_model.48
Warning: Eta0 = -0.0261666 is negative.

Checking parameters for BSIM 4.5 model xctl.xa3.xmpib:pshort_model.40
Warning: A2 = 1.0885 is larger than 1. A2 is set to 1 and A1 is set to 0.
Warning: Pdibl1 = -0.00669442 is negative.

Checking parameters for BSIM 4.5 model xctl.xa3.xmnia:nshort_model.48
Warning: Eta0 = -0.0261666 is negative.

Checking parameters for BSIM 4.5 model xctl.xa3.xmpia:pshort_model.40
Warning: A2 = 1.0885 is larger than 1. A2 is set to 1 and A1 is set to 0.
Warning: Pdibl1 = -0.00669442 is negative.

Checking parameters for BSIM 4.5 model xctl.xa2.xmn4:nshort_model.40
Warning: Eta0 = -0.00908636 is negative.

Checking parameters for BSIM 4.5 model xctl.xa2.xmn3:nshort_model.40
Warning: Eta0 = -0.00908636 is negative.

Checking parameters for BSIM 4.5 model xctl.xa2.xmn2:nshort_model.40
Warning: Eta0 = -0.00908636 is negative.

Checking parameters for BSIM 4.5 model xctl.xa2.xmn1:nshort_model.40
Warning: Eta0 = -0.00908636 is negative.

Checking parameters for BSIM 4.5 model xctl.xa2.xmp4:pshort_model.32
Warning: A2 = 1.14662 is larger than 1. A2 is set to 1 and A1 is set to 0.
Warning: Pdibl1 = -0.0493749 is negative.
Warning: Pdibl2 = -0.000925472 is negative.

Checking parameters for BSIM 4.5 model xctl.xa2.xmp3:pshort_model.32
Warning: A2 = 1.14662 is larger than 1. A2 is set to 1 and A1 is set to 0.
Warning: Pdibl1 = -0.0493749 is negative.
Warning: Pdibl2 = -0.000925472 is negative.

Checking parameters for BSIM 4.5 model xctl.xa2.xmp2:pshort_model.32
Warning: A2 = 1.14662 is larger than 1. A2 is set to 1 and A1 is set to 0.
Warning: Pdibl1 = -0.0493749 is negative.
Warning: Pdibl2 = -0.000925472 is negative.

Checking parameters for BSIM 4.5 model xctl.xa2.xmp1:pshort_model.32
Warning: A2 = 1.14662 is larger than 1. A2 is set to 1 and A1 is set to 0.
Warning: Pdibl1 = -0.0493749 is negative.
Warning: Pdibl2 = -0.000925472 is negative.

Checking parameters for BSIM 4.5 model xctl.xa2.xmnib:nshort_model.48
Warning: Eta0 = -0.0261666 is negative.

Checking parameters for BSIM 4.5 model xctl.xa2.xmpib:pshort_model.40
Warning: A2 = 1.0885 is larger than 1. A2 is set to 1 and A1 is set to 0.
Warning: Pdibl1 = -0.00669442 is negative.

Checking parameters for BSIM 4.5 model xctl.xa2.xmnia:nshort_model.48
Warning: Eta0 = -0.0261666 is negative.

Checking parameters for BSIM 4.5 model xctl.xa2.xmpia:pshort_model.40
Warning: A2 = 1.0885 is larger than 1. A2 is set to 1 and A1 is set to 0.
Warning: Pdibl1 = -0.00669442 is negative.

Checking parameters for BSIM 4.5 model xctl.xa1.xmn4:nshort_model.40
Warning: Eta0 = -0.00908636 is negative.

Checking parameters for BSIM 4.5 model xctl.xa1.xmn3:nshort_model.40
Warning: Eta0 = -0.00908636 is negative.

Checking parameters for BSIM 4.5 model xctl.xa1.xmn2:nshort_model.40
Warning: Eta0 = -0.00908636 is negative.

Checking parameters for BSIM 4.5 model xctl.xa1.xmn1:nshort_model.40
Warning: Eta0 = -0.00908636 is negative.

Checking parameters for BSIM 4.5 model xctl.xa1.xmp4:pshort_model.32
Warning: A2 = 1.14662 is larger than 1. A2 is set to 1 and A1 is set to 0.
Warning: Pdibl1 = -0.0493749 is negative.
Warning: Pdibl2 = -0.000925472 is negative.

Checking parameters for BSIM 4.5 model xctl.xa1.xmp3:pshort_model.32
Warning: A2 = 1.14662 is larger than 1. A2 is set to 1 and A1 is set to 0.
Warning: Pdibl1 = -0.0493749 is negative.
Warning: Pdibl2 = -0.000925472 is negative.

Checking parameters for BSIM 4.5 model xctl.xa1.xmp2:pshort_model.32
Warning: A2 = 1.14662 is larger than 1. A2 is set to 1 and A1 is set to 0.
Warning: Pdibl1 = -0.0493749 is negative.
Warning: Pdibl2 = -0.000925472 is negative.

Checking parameters for BSIM 4.5 model xctl.xa1.xmp1:pshort_model.32
Warning: A2 = 1.14662 is larger than 1. A2 is set to 1 and A1 is set to 0.
Warning: Pdibl1 = -0.0493749 is negative.
Warning: Pdibl2 = -0.000925472 is negative.

Checking parameters for BSIM 4.5 model xctl.xa1.xmnib:nshort_model.48
Warning: Eta0 = -0.0261666 is negative.

Checking parameters for BSIM 4.5 model xctl.xa1.xmpib:pshort_model.40
Warning: A2 = 1.0885 is larger than 1. A2 is set to 1 and A1 is set to 0.
Warning: Pdibl1 = -0.00669442 is negative.

Checking parameters for BSIM 4.5 model xctl.xa1.xmnia:nshort_model.48
Warning: Eta0 = -0.0261666 is negative.

Checking parameters for BSIM 4.5 model xctl.xa1.xmpia:pshort_model.40
Warning: A2 = 1.0885 is larger than 1. A2 is set to 1 and A1 is set to 0.
Warning: Pdibl1 = -0.00669442 is negative.

Checking parameters for BSIM 4.5 model xctl.xb4.xmn:nshort_model.48
Warning: Eta0 = -0.0261666 is negative.

Checking parameters for BSIM 4.5 model xctl.xb4.xmp:pshort_model.40
Warning: A2 = 1.0885 is larger than 1. A2 is set to 1 and A1 is set to 0.
Warning: Pdibl1 = -0.00669442 is negative.

Checking parameters for BSIM 4.5 model xctl.xb3.xmn:nshort_model.48
Warning: Eta0 = -0.0261666 is negative.

Checking parameters for BSIM 4.5 model xctl.xb3.xmp:pshort_model.40
Warning: A2 = 1.0885 is larger than 1. A2 is set to 1 and A1 is set to 0.
Warning: Pdibl1 = -0.00669442 is negative.

Checking parameters for BSIM 4.5 model xctl.xb2.xmn:nshort_model.48
Warning: Eta0 = -0.0261666 is negative.

Checking parameters for BSIM 4.5 model xctl.xb2.xmp:pshort_model.40
Warning: A2 = 1.0885 is larger than 1. A2 is set to 1 and A1 is set to 0.
Warning: Pdibl1 = -0.00669442 is negative.

Checking parameters for BSIM 4.5 model xctl.xb1.xmn:nshort_model.48
Warning: Eta0 = -0.0261666 is negative.

Checking parameters for BSIM 4.5 model xctl.xb1.xmp:pshort_model.40
Warning: A2 = 1.0885 is larger than 1. A2 is set to 1 and A1 is set to 0.
Warning: Pdibl1 = -0.00669442 is negative.

Checking parameters for BSIM 4.5 model xctl.xr4.x4.xmn:nshort_model.48
Warning: Eta0 = -0.0261666 is negative.

Checking parameters for BSIM 4.5 model xctl.xr4.x4.xmp:pshort_model.40
Warning: A2 = 1.0885 is larger than 1. A2 is set to 1 and A1 is set to 0.
Warning: Pdibl1 = -0.00669442 is negative.

Checking parameters for BSIM 4.5 model xctl.xr4.x3.xmn:nshort_model.48
Warning: Eta0 = -0.0261666 is negative.

Checking parameters for BSIM 4.5 model xctl.xr4.x3.xmp:pshort_model.40
Warning: A2 = 1.0885 is larger than 1. A2 is set to 1 and A1 is set to 0.
Warning: Pdibl1 = -0.00669442 is negative.

Checking parameters for BSIM 4.5 model xctl.xr4.x2.xmn:nshort_model.48
Warning: Eta0 = -0.0261666 is negative.

Checking parameters for BSIM 4.5 model xctl.xr4.x2.xmp:pshort_model.40
Warning: A2 = 1.0885 is larger than 1. A2 is set to 1 and A1 is set to 0.
Warning: Pdibl1 = -0.00669442 is negative.

Checking parameters for BSIM 4.5 model xctl.xr4.x1.xmn:nshort_model.48
Warning: Eta0 = -0.0261666 is negative.

Checking parameters for BSIM 4.5 model xctl.xr4.x1.xmp:pshort_model.40
Warning: A2 = 1.0885 is larger than 1. A2 is set to 1 and A1 is set to 0.
Warning: Pdibl1 = -0.00669442 is negative.

Checking parameters for BSIM 4.5 model xctl.xr4.xg.xmnb:nshort_model.40
Warning: Eta0 = -0.00908636 is negative.

Checking parameters for BSIM 4.5 model xctl.xr4.xg.xmna:nshort_model.40
Warning: Eta0 = -0.00908636 is negative.

Checking parameters for BSIM 4.5 model xctl.xr4.xg.xmpb:pshort_model.40
Warning: A2 = 1.0885 is larger than 1. A2 is set to 1 and A1 is set to 0.
Warning: Pdibl1 = -0.00669442 is negative.

Checking parameters for BSIM 4.5 model xctl.xr4.xg.xmpa:pshort_model.40
Warning: A2 = 1.0885 is larger than 1. A2 is set to 1 and A1 is set to 0.
Warning: Pdibl1 = -0.00669442 is negative.

Checking parameters for BSIM 4.5 model xctl.xr3.x4.xmn:nshort_model.48
Warning: Eta0 = -0.0261666 is negative.

Checking parameters for BSIM 4.5 model xctl.xr3.x4.xmp:pshort_model.40
Warning: A2 = 1.0885 is larger than 1. A2 is set to 1 and A1 is set to 0.
Warning: Pdibl1 = -0.00669442 is negative.

Checking parameters for BSIM 4.5 model xctl.xr3.x3.xmn:nshort_model.48
Warning: Eta0 = -0.0261666 is negative.

Checking parameters for BSIM 4.5 model xctl.xr3.x3.xmp:pshort_model.40
Warning: A2 = 1.0885 is larger than 1. A2 is set to 1 and A1 is set to 0.
Warning: Pdibl1 = -0.00669442 is negative.

Checking parameters for BSIM 4.5 model xctl.xr3.x2.xmn:nshort_model.48
Warning: Eta0 = -0.0261666 is negative.

Checking parameters for BSIM 4.5 model xctl.xr3.x2.xmp:pshort_model.40
Warning: A2 = 1.0885 is larger than 1. A2 is set to 1 and A1 is set to 0.
Warning: Pdibl1 = -0.00669442 is negative.

Checking parameters for BSIM 4.5 model xctl.xr3.x1.xmn:nshort_model.48
Warning: Eta0 = -0.0261666 is negative.

Checking parameters for BSIM 4.5 model xctl.xr3.x1.xmp:pshort_model.40
Warning: A2 = 1.0885 is larger than 1. A2 is set to 1 and A1 is set to 0.
Warning: Pdibl1 = -0.00669442 is negative.

Checking parameters for BSIM 4.5 model xctl.xr3.xg.xmnb:nshort_model.40
Warning: Eta0 = -0.00908636 is negative.

Checking parameters for BSIM 4.5 model xctl.xr3.xg.xmna:nshort_model.40
Warning: Eta0 = -0.00908636 is negative.

Checking parameters for BSIM 4.5 model xctl.xr3.xg.xmpb:pshort_model.40
Warning: A2 = 1.0885 is larger than 1. A2 is set to 1 and A1 is set to 0.
Warning: Pdibl1 = -0.00669442 is negative.

Checking parameters for BSIM 4.5 model xctl.xr3.xg.xmpa:pshort_model.40
Warning: A2 = 1.0885 is larger than 1. A2 is set to 1 and A1 is set to 0.
Warning: Pdibl1 = -0.00669442 is negative.

Checking parameters for BSIM 4.5 model xctl.xr2.x4.xmn:nshort_model.48
Warning: Eta0 = -0.0261666 is negative.

Checking parameters for BSIM 4.5 model xctl.xr2.x4.xmp:pshort_model.40
Warning: A2 = 1.0885 is larger than 1. A2 is set to 1 and A1 is set to 0.
Warning: Pdibl1 = -0.00669442 is negative.

Checking parameters for BSIM 4.5 model xctl.xr2.x3.xmn:nshort_model.48
Warning: Eta0 = -0.0261666 is negative.

Checking parameters for BSIM 4.5 model xctl.xr2.x3.xmp:pshort_model.40
Warning: A2 = 1.0885 is larger than 1. A2 is set to 1 and A1 is set to 0.
Warning: Pdibl1 = -0.00669442 is negative.

Checking parameters for BSIM 4.5 model xctl.xr2.x2.xmn:nshort_model.48
Warning: Eta0 = -0.0261666 is negative.

Checking parameters for BSIM 4.5 model xctl.xr2.x2.xmp:pshort_model.40
Warning: A2 = 1.0885 is larger than 1. A2 is set to 1 and A1 is set to 0.
Warning: Pdibl1 = -0.00669442 is negative.

Checking parameters for BSIM 4.5 model xctl.xr2.x1.xmn:nshort_model.48
Warning: Eta0 = -0.0261666 is negative.

Checking parameters for BSIM 4.5 model xctl.xr2.x1.xmp:pshort_model.40
Warning: A2 = 1.0885 is larger than 1. A2 is set to 1 and A1 is set to 0.
Warning: Pdibl1 = -0.00669442 is negative.

Checking parameters for BSIM 4.5 model xctl.xr2.xg.xmnb:nshort_model.40
Warning: Eta0 = -0.00908636 is negative.

Checking parameters for BSIM 4.5 model xctl.xr2.xg.xmna:nshort_model.40
Warning: Eta0 = -0.00908636 is negative.

Checking parameters for BSIM 4.5 model xctl.xr2.xg.xmpb:pshort_model.40
Warning: A2 = 1.0885 is larger than 1. A2 is set to 1 and A1 is set to 0.
Warning: Pdibl1 = -0.00669442 is negative.

Checking parameters for BSIM 4.5 model xctl.xr2.xg.xmpa:pshort_model.40
Warning: A2 = 1.0885 is larger than 1. A2 is set to 1 and A1 is set to 0.
Warning: Pdibl1 = -0.00669442 is negative.

Checking parameters for BSIM 4.5 model xctl.xr1.x4.xmn:nshort_model.48
Warning: Eta0 = -0.0261666 is negative.

Checking parameters for BSIM 4.5 model xctl.xr1.x4.xmp:pshort_model.40
Warning: A2 = 1.0885 is larger than 1. A2 is set to 1 and A1 is set to 0.
Warning: Pdibl1 = -0.00669442 is negative.

Checking parameters for BSIM 4.5 model xctl.xr1.x3.xmn:nshort_model.48
Warning: Eta0 = -0.0261666 is negative.

Checking parameters for BSIM 4.5 model xctl.xr1.x3.xmp:pshort_model.40
Warning: A2 = 1.0885 is larger than 1. A2 is set to 1 and A1 is set to 0.
Warning: Pdibl1 = -0.00669442 is negative.

Checking parameters for BSIM 4.5 model xctl.xr1.x2.xmn:nshort_model.48
Warning: Eta0 = -0.0261666 is negative.

Checking parameters for BSIM 4.5 model xctl.xr1.x2.xmp:pshort_model.40
Warning: A2 = 1.0885 is larger than 1. A2 is set to 1 and A1 is set to 0.
Warning: Pdibl1 = -0.00669442 is negative.

Checking parameters for BSIM 4.5 model xctl.xr1.x1.xmn:nshort_model.48
Warning: Eta0 = -0.0261666 is negative.

Checking parameters for BSIM 4.5 model xctl.xr1.x1.xmp:pshort_model.40
Warning: A2 = 1.0885 is larger than 1. A2 is set to 1 and A1 is set to 0.
Warning: Pdibl1 = -0.00669442 is negative.

Checking parameters for BSIM 4.5 model xctl.xr1.xg.xmnb:nshort_model.40
Warning: Eta0 = -0.00908636 is negative.

Checking parameters for BSIM 4.5 model xctl.xr1.xg.xmna:nshort_model.40
Warning: Eta0 = -0.00908636 is negative.

Checking parameters for BSIM 4.5 model xctl.xr1.xg.xmpb:pshort_model.40
Warning: A2 = 1.0885 is larger than 1. A2 is set to 1 and A1 is set to 0.
Warning: Pdibl1 = -0.00669442 is negative.

Checking parameters for BSIM 4.5 model xctl.xr1.xg.xmpa:pshort_model.40
Warning: A2 = 1.0885 is larger than 1. A2 is set to 1 and A1 is set to 0.
Warning: Pdibl1 = -0.00669442 is negative.

Checking parameters for BSIM 4.5 model xarr.xpex.xn132:pshort_model.43
Warning: Eta0 = -0.000373202 is negative.

Checking parameters for BSIM 4.5 model xarr.xpex.xn131:pshort_model.43
Warning: Eta0 = -0.000373202 is negative.

Checking parameters for BSIM 4.5 model xarr.xpex.xn130:pshort_model.43
Warning: Eta0 = -0.000373202 is negative.

Checking parameters for BSIM 4.5 model xarr.xpex.xn129:pshort_model.43
Warning: Eta0 = -0.000373202 is negative.

Checking parameters for BSIM 4.5 model xarr.xpex.xn128:pshort_model.43
Warning: Eta0 = -0.000373202 is negative.

Checking parameters for BSIM 4.5 model xarr.xpex.xn127:pshort_model.43
Warning: Eta0 = -0.000373202 is negative.

Checking parameters for BSIM 4.5 model xarr.xpex.xn126:pshort_model.43
Warning: Eta0 = -0.000373202 is negative.

Checking parameters for BSIM 4.5 model xarr.xpex.xn125:pshort_model.43
Warning: Eta0 = -0.000373202 is negative.

Checking parameters for BSIM 4.5 model xarr.xpex.xn124:pshort_model.43
Warning: Eta0 = -0.000373202 is negative.

Checking parameters for BSIM 4.5 model xarr.xpex.xn123:pshort_model.43
Warning: Eta0 = -0.000373202 is negative.

Checking parameters for BSIM 4.5 model xarr.xpex.xn122:pshort_model.43
Warning: Eta0 = -0.000373202 is negative.

Checking parameters for BSIM 4.5 model xarr.xpex.xn121:pshort_model.43
Warning: Eta0 = -0.000373202 is negative.

Checking parameters for BSIM 4.5 model xarr.xpex.xn120:pshort_model.40
Warning: A2 = 1.0885 is larger than 1. A2 is set to 1 and A1 is set to 0.
Warning: Pdibl1 = -0.00669442 is negative.

Checking parameters for BSIM 4.5 model xarr.xpex.xn119:pshort_model.43
Warning: Eta0 = -0.000373202 is negative.

Checking parameters for BSIM 4.5 model xarr.xpex.xn118:pshort_model.32
Warning: A2 = 1.14662 is larger than 1. A2 is set to 1 and A1 is set to 0.
Warning: Pdibl1 = -0.0493749 is negative.
Warning: Pdibl2 = -0.000925472 is negative.

Checking parameters for BSIM 4.5 model xarr.xpex.xn117:pshort_model.32
Warning: A2 = 1.14662 is larger than 1. A2 is set to 1 and A1 is set to 0.
Warning: Pdibl1 = -0.0493749 is negative.
Warning: Pdibl2 = -0.000925472 is negative.

Checking parameters for BSIM 4.5 model xarr.xpex.xn116:pshort_model.43
Warning: Eta0 = -0.000373202 is negative.

Checking parameters for BSIM 4.5 model xarr.xpex.xn115:pshort_model.32
Warning: A2 = 1.14662 is larger than 1. A2 is set to 1 and A1 is set to 0.
Warning: Pdibl1 = -0.0493749 is negative.
Warning: Pdibl2 = -0.000925472 is negative.

Checking parameters for BSIM 4.5 model xarr.xpex.xn114:pshort_model.32
Warning: A2 = 1.14662 is larger than 1. A2 is set to 1 and A1 is set to 0.
Warning: Pdibl1 = -0.0493749 is negative.
Warning: Pdibl2 = -0.000925472 is negative.

Checking parameters for BSIM 4.5 model xarr.xpex.xn113:pshort_model.40
Warning: A2 = 1.0885 is larger than 1. A2 is set to 1 and A1 is set to 0.
Warning: Pdibl1 = -0.00669442 is negative.

Checking parameters for BSIM 4.5 model xarr.xpex.xn112:pshort_model.43
Warning: Eta0 = -0.000373202 is negative.

Checking parameters for BSIM 4.5 model xarr.xpex.xn111:pshort_model.40
Warning: A2 = 1.0885 is larger than 1. A2 is set to 1 and A1 is set to 0.
Warning: Pdibl1 = -0.00669442 is negative.

Checking parameters for BSIM 4.5 model xarr.xpex.xn110:pshort_model.32
Warning: A2 = 1.14662 is larger than 1. A2 is set to 1 and A1 is set to 0.
Warning: Pdibl1 = -0.0493749 is negative.
Warning: Pdibl2 = -0.000925472 is negative.

Checking parameters for BSIM 4.5 model xarr.xpex.xn109:pshort_model.32
Warning: A2 = 1.14662 is larger than 1. A2 is set to 1 and A1 is set to 0.
Warning: Pdibl1 = -0.0493749 is negative.
Warning: Pdibl2 = -0.000925472 is negative.

Checking parameters for BSIM 4.5 model xarr.xpex.xn108:pshort_model.43
Warning: Eta0 = -0.000373202 is negative.

Checking parameters for BSIM 4.5 model xarr.xpex.xn107:pshort_model.32
Warning: A2 = 1.14662 is larger than 1. A2 is set to 1 and A1 is set to 0.
Warning: Pdibl1 = -0.0493749 is negative.
Warning: Pdibl2 = -0.000925472 is negative.

Checking parameters for BSIM 4.5 model xarr.xpex.xn106:pshort_model.32
Warning: A2 = 1.14662 is larger than 1. A2 is set to 1 and A1 is set to 0.
Warning: Pdibl1 = -0.0493749 is negative.
Warning: Pdibl2 = -0.000925472 is negative.

Checking parameters for BSIM 4.5 model xarr.xpex.xn105:pshort_model.40
Warning: A2 = 1.0885 is larger than 1. A2 is set to 1 and A1 is set to 0.
Warning: Pdibl1 = -0.00669442 is negative.

Checking parameters for BSIM 4.5 model xarr.xpex.xn104:pshort_model.43
Warning: Eta0 = -0.000373202 is negative.

Checking parameters for BSIM 4.5 model xarr.xpex.xn103:pshort_model.40
Warning: A2 = 1.0885 is larger than 1. A2 is set to 1 and A1 is set to 0.
Warning: Pdibl1 = -0.00669442 is negative.

Checking parameters for BSIM 4.5 model xarr.xpex.xn102:pshort_model.43
Warning: Eta0 = -0.000373202 is negative.

Checking parameters for BSIM 4.5 model xarr.xpex.xn101:pshort_model.32
Warning: A2 = 1.14662 is larger than 1. A2 is set to 1 and A1 is set to 0.
Warning: Pdibl1 = -0.0493749 is negative.
Warning: Pdibl2 = -0.000925472 is negative.

Checking parameters for BSIM 4.5 model xarr.xpex.xn100:pshort_model.32
Warning: A2 = 1.14662 is larger than 1. A2 is set to 1 and A1 is set to 0.
Warning: Pdibl1 = -0.0493749 is negative.
Warning: Pdibl2 = -0.000925472 is negative.

Checking parameters for BSIM 4.5 model xarr.xpex.xn99:pshort_model.43
Warning: Eta0 = -0.000373202 is negative.

Checking parameters for BSIM 4.5 model xarr.xpex.xn98:pshort_model.32
Warning: A2 = 1.14662 is larger than 1. A2 is set to 1 and A1 is set to 0.
Warning: Pdibl1 = -0.0493749 is negative.
Warning: Pdibl2 = -0.000925472 is negative.

Checking parameters for BSIM 4.5 model xarr.xpex.xn97:pshort_model.32
Warning: A2 = 1.14662 is larger than 1. A2 is set to 1 and A1 is set to 0.
Warning: Pdibl1 = -0.0493749 is negative.
Warning: Pdibl2 = -0.000925472 is negative.

Checking parameters for BSIM 4.5 model xarr.xpex.xn96:pshort_model.40
Warning: A2 = 1.0885 is larger than 1. A2 is set to 1 and A1 is set to 0.
Warning: Pdibl1 = -0.00669442 is negative.

Checking parameters for BSIM 4.5 model xarr.xpex.xn95:pshort_model.43
Warning: Eta0 = -0.000373202 is negative.

Checking parameters for BSIM 4.5 model xarr.xpex.xn94:pshort_model.40
Warning: A2 = 1.0885 is larger than 1. A2 is set to 1 and A1 is set to 0.
Warning: Pdibl1 = -0.00669442 is negative.

Checking parameters for BSIM 4.5 model xarr.xpex.xn93:pshort_model.40
Warning: A2 = 1.0885 is larger than 1. A2 is set to 1 and A1 is set to 0.
Warning: Pdibl1 = -0.00669442 is negative.

Checking parameters for BSIM 4.5 model xarr.xpex.xn92:pshort_model.40
Warning: A2 = 1.0885 is larger than 1. A2 is set to 1 and A1 is set to 0.
Warning: Pdibl1 = -0.00669442 is negative.

Checking parameters for BSIM 4.5 model xarr.xpex.xn91:pshort_model.40
Warning: A2 = 1.0885 is larger than 1. A2 is set to 1 and A1 is set to 0.
Warning: Pdibl1 = -0.00669442 is negative.

Checking parameters for BSIM 4.5 model xarr.xpex.xn90:pshort_model.40
Warning: A2 = 1.0885 is larger than 1. A2 is set to 1 and A1 is set to 0.
Warning: Pdibl1 = -0.00669442 is negative.

Checking parameters for BSIM 4.5 model xarr.xpex.xn89:pshort_model.40
Warning: A2 = 1.0885 is larger than 1. A2 is set to 1 and A1 is set to 0.
Warning: Pdibl1 = -0.00669442 is negative.

Checking parameters for BSIM 4.5 model xarr.xpex.xn88:pshort_model.40
Warning: A2 = 1.0885 is larger than 1. A2 is set to 1 and A1 is set to 0.
Warning: Pdibl1 = -0.00669442 is negative.

Checking parameters for BSIM 4.5 model xarr.xpex.xn87:pshort_model.40
Warning: A2 = 1.0885 is larger than 1. A2 is set to 1 and A1 is set to 0.
Warning: Pdibl1 = -0.00669442 is negative.

Checking parameters for BSIM 4.5 model xarr.xpex.xn86:pshort_model.40
Warning: A2 = 1.0885 is larger than 1. A2 is set to 1 and A1 is set to 0.
Warning: Pdibl1 = -0.00669442 is negative.

Checking parameters for BSIM 4.5 model xarr.xpex.xn85:pshort_model.40
Warning: A2 = 1.0885 is larger than 1. A2 is set to 1 and A1 is set to 0.
Warning: Pdibl1 = -0.00669442 is negative.

Checking parameters for BSIM 4.5 model xarr.xpex.xn84:pshort_model.40
Warning: A2 = 1.0885 is larger than 1. A2 is set to 1 and A1 is set to 0.
Warning: Pdibl1 = -0.00669442 is negative.

Checking parameters for BSIM 4.5 model xarr.xpex.xn83:pshort_model.40
Warning: A2 = 1.0885 is larger than 1. A2 is set to 1 and A1 is set to 0.
Warning: Pdibl1 = -0.00669442 is negative.

Checking parameters for BSIM 4.5 model xarr.xpex.xn82:pshort_model.40
Warning: A2 = 1.0885 is larger than 1. A2 is set to 1 and A1 is set to 0.
Warning: Pdibl1 = -0.00669442 is negative.

Checking parameters for BSIM 4.5 model xarr.xpex.xn81:pshort_model.40
Warning: A2 = 1.0885 is larger than 1. A2 is set to 1 and A1 is set to 0.
Warning: Pdibl1 = -0.00669442 is negative.

Checking parameters for BSIM 4.5 model xarr.xpex.xn80:pshort_model.40
Warning: A2 = 1.0885 is larger than 1. A2 is set to 1 and A1 is set to 0.
Warning: Pdibl1 = -0.00669442 is negative.

Checking parameters for BSIM 4.5 model xarr.xpex.xn79:pshort_model.40
Warning: A2 = 1.0885 is larger than 1. A2 is set to 1 and A1 is set to 0.
Warning: Pdibl1 = -0.00669442 is negative.

Checking parameters for BSIM 4.5 model xarr.xpex.xn78:pshort_model.40
Warning: A2 = 1.0885 is larger than 1. A2 is set to 1 and A1 is set to 0.
Warning: Pdibl1 = -0.00669442 is negative.

Checking parameters for BSIM 4.5 model xarr.xpex.xn77:pshort_model.40
Warning: A2 = 1.0885 is larger than 1. A2 is set to 1 and A1 is set to 0.
Warning: Pdibl1 = -0.00669442 is negative.

Checking parameters for BSIM 4.5 model xarr.xpex.xn76:pshort_model.40
Warning: A2 = 1.0885 is larger than 1. A2 is set to 1 and A1 is set to 0.
Warning: Pdibl1 = -0.00669442 is negative.

Checking parameters for BSIM 4.5 model xarr.xpex.xn75:pshort_model.40
Warning: A2 = 1.0885 is larger than 1. A2 is set to 1 and A1 is set to 0.
Warning: Pdibl1 = -0.00669442 is negative.

Checking parameters for BSIM 4.5 model xarr.xpex.xn74:pshort_model.40
Warning: A2 = 1.0885 is larger than 1. A2 is set to 1 and A1 is set to 0.
Warning: Pdibl1 = -0.00669442 is negative.

Checking parameters for BSIM 4.5 model xarr.xpex.xn73:pshort_model.40
Warning: A2 = 1.0885 is larger than 1. A2 is set to 1 and A1 is set to 0.
Warning: Pdibl1 = -0.00669442 is negative.

Checking parameters for BSIM 4.5 model xarr.xpex.xn72:pshort_model.40
Warning: A2 = 1.0885 is larger than 1. A2 is set to 1 and A1 is set to 0.
Warning: Pdibl1 = -0.00669442 is negative.

Checking parameters for BSIM 4.5 model xarr.xpex.xn71:pshort_model.40
Warning: A2 = 1.0885 is larger than 1. A2 is set to 1 and A1 is set to 0.
Warning: Pdibl1 = -0.00669442 is negative.

Checking parameters for BSIM 4.5 model xarr.xpex.xn70:pshort_model.40
Warning: A2 = 1.0885 is larger than 1. A2 is set to 1 and A1 is set to 0.
Warning: Pdibl1 = -0.00669442 is negative.

Checking parameters for BSIM 4.5 model xarr.xpex.xn69:pshort_model.40
Warning: A2 = 1.0885 is larger than 1. A2 is set to 1 and A1 is set to 0.
Warning: Pdibl1 = -0.00669442 is negative.

Checking parameters for BSIM 4.5 model xarr.xpex.xn68:pshort_model.40
Warning: A2 = 1.0885 is larger than 1. A2 is set to 1 and A1 is set to 0.
Warning: Pdibl1 = -0.00669442 is negative.

Checking parameters for BSIM 4.5 model xarr.xpex.xn67:pshort_model.40
Warning: A2 = 1.0885 is larger than 1. A2 is set to 1 and A1 is set to 0.
Warning: Pdibl1 = -0.00669442 is negative.

Checking parameters for BSIM 4.5 model xarr.xpex.xn66:nshort_model.48
Warning: Eta0 = -0.0261666 is negative.

Checking parameters for BSIM 4.5 model xarr.xpex.xn65:nshort_model.40
Warning: Eta0 = -0.00908636 is negative.

Checking parameters for BSIM 4.5 model xarr.xpex.xn64:nshort_model.40
Warning: Eta0 = -0.00908636 is negative.

Checking parameters for BSIM 4.5 model xarr.xpex.xn63:nshort_model.40
Warning: Eta0 = -0.00908636 is negative.

Checking parameters for BSIM 4.5 model xarr.xpex.xn62:nshort_model.40
Warning: Eta0 = -0.00908636 is negative.

Checking parameters for BSIM 4.5 model xarr.xpex.xn61:nshort_model.48
Warning: Eta0 = -0.0261666 is negative.

Checking parameters for BSIM 4.5 model xarr.xpex.xn60:nshort_model.48
Warning: Eta0 = -0.0261666 is negative.

Checking parameters for BSIM 4.5 model xarr.xpex.xn59:nshort_model.40
Warning: Eta0 = -0.00908636 is negative.

Checking parameters for BSIM 4.5 model xarr.xpex.xn58:nshort_model.40
Warning: Eta0 = -0.00908636 is negative.

Checking parameters for BSIM 4.5 model xarr.xpex.xn57:nshort_model.40
Warning: Eta0 = -0.00908636 is negative.

Checking parameters for BSIM 4.5 model xarr.xpex.xn56:nshort_model.40
Warning: Eta0 = -0.00908636 is negative.

Checking parameters for BSIM 4.5 model xarr.xpex.xn55:nshort_model.48
Warning: Eta0 = -0.0261666 is negative.

Checking parameters for BSIM 4.5 model xarr.xpex.xn54:nshort_model.48
Warning: Eta0 = -0.0261666 is negative.

Checking parameters for BSIM 4.5 model xarr.xpex.xn53:nshort_model.40
Warning: Eta0 = -0.00908636 is negative.

Checking parameters for BSIM 4.5 model xarr.xpex.xn52:nshort_model.40
Warning: Eta0 = -0.00908636 is negative.

Checking parameters for BSIM 4.5 model xarr.xpex.xn51:nshort_model.40
Warning: Eta0 = -0.00908636 is negative.

Checking parameters for BSIM 4.5 model xarr.xpex.xn50:nshort_model.40
Warning: Eta0 = -0.00908636 is negative.

Checking parameters for BSIM 4.5 model xarr.xpex.xn49:nshort_model.48
Warning: Eta0 = -0.0261666 is negative.

Checking parameters for BSIM 4.5 model xarr.xpex.xn48:nshort_model.48
Warning: Eta0 = -0.0261666 is negative.

Checking parameters for BSIM 4.5 model xarr.xpex.xn47:nshort_model.48
Warning: Eta0 = -0.0261666 is negative.

Checking parameters for BSIM 4.5 model xarr.xpex.xn46:nshort_model.48
Warning: Eta0 = -0.0261666 is negative.

Checking parameters for BSIM 4.5 model xarr.xpex.xn45:nshort_model.48
Warning: Eta0 = -0.0261666 is negative.

Checking parameters for BSIM 4.5 model xarr.xpex.xn44:nshort_model.48
Warning: Eta0 = -0.0261666 is negative.

Checking parameters for BSIM 4.5 model xarr.xpex.xn43:nshort_model.48
Warning: Eta0 = -0.0261666 is negative.

Checking parameters for BSIM 4.5 model xarr.xpex.xn42:nshort_model.48
Warning: Eta0 = -0.0261666 is negative.

Checking parameters for BSIM 4.5 model xarr.xpex.xn41:nshort_model.48
Warning: Eta0 = -0.0261666 is negative.

Checking parameters for BSIM 4.5 model xarr.xpex.xn40:nshort_model.48
Warning: Eta0 = -0.0261666 is negative.

Checking parameters for BSIM 4.5 model xarr.xpex.xn39:nshort_model.48
Warning: Eta0 = -0.0261666 is negative.

Checking parameters for BSIM 4.5 model xarr.xpex.xn38:nshort_model.48
Warning: Eta0 = -0.0261666 is negative.

Checking parameters for BSIM 4.5 model xarr.xpex.xn37:nshort_model.48
Warning: Eta0 = -0.0261666 is negative.

Checking parameters for BSIM 4.5 model xarr.xpex.xn35:nshort_model.48
Warning: Eta0 = -0.0261666 is negative.

Checking parameters for BSIM 4.5 model xarr.xpex.xn33:nshort_model.48
Warning: Eta0 = -0.0261666 is negative.

Checking parameters for BSIM 4.5 model xarr.xpex.xn31:nshort_model.48
Warning: Eta0 = -0.0261666 is negative.

Checking parameters for BSIM 4.5 model xarr.xpex.xn28:nshort_model.48
Warning: Eta0 = -0.0261666 is negative.

Checking parameters for BSIM 4.5 model xarr.xpex.xn27:nshort_model.48
Warning: Eta0 = -0.0261666 is negative.

Checking parameters for BSIM 4.5 model xarr.xpex.xn25:nshort_model.48
Warning: Eta0 = -0.0261666 is negative.

Checking parameters for BSIM 4.5 model xarr.xpex.xn23:nshort_model.48
Warning: Eta0 = -0.0261666 is negative.

Checking parameters for BSIM 4.5 model xarr.xpex.xn21:nshort_model.48
Warning: Eta0 = -0.0261666 is negative.

Checking parameters for BSIM 4.5 model xarr.xpex.xn8:nshort_model.40
Warning: Eta0 = -0.00908636 is negative.

Checking parameters for BSIM 4.5 model xarr.xpex.xn7:nshort_model.40
Warning: Eta0 = -0.00908636 is negative.

Checking parameters for BSIM 4.5 model xarr.xpex.xn6:nshort_model.40
Warning: Eta0 = -0.00908636 is negative.

Checking parameters for BSIM 4.5 model xarr.xpex.xn5:nshort_model.40
Warning: Eta0 = -0.00908636 is negative.

Checking parameters for BSIM 4.5 model xarr.xpex.xn4:nshort_model.40
Warning: Eta0 = -0.00908636 is negative.

Checking parameters for BSIM 4.5 model xarr.xpex.xn3:nshort_model.40
Warning: Eta0 = -0.00908636 is negative.

Checking parameters for BSIM 4.5 model xarr.xpex.xn2:nshort_model.40
Warning: Eta0 = -0.00908636 is negative.

Checking parameters for BSIM 4.5 model xarr.xpex.xn1:nshort_model.40
Warning: Eta0 = -0.00908636 is negative.

