|* Post-layout ro_array_core: the whole entropy source (four non-identical
|* rings + four output buffers + the three-xor2 combining tree), extracted
|* FLAT from ONE `klt extract --parasitics` run over
|* layout/ro_array_core-placement-poc/ro_array_core_signal9_poc.gds -- the
|* same DRC-clean (0 violations), klt-lvs-MATCHING (132/132 devices, 96/96
|* nets against design/ro_array_core.spice's own .subckt ro_array_core) GDS
|* that PoC directory's own README documents ("Increment 8"). Real inter-ring
|* wiring is included for the first time: the ring->buffer signal chain, the
|* buffer->XOR fan-in, the XOR combining tree's own t1/t2 routing, and the
|* array-wide vdd bus for the four buffers + three xor2 instances -- none of
|* which sim/post-layout-ro-ring5-assembled/ (one ring at a time, ideal
|* wires between rings) could include, and none of which
|* sim/ro-array-core-combining/ (pre-layout, no physical interconnect at
|* all) could include either.
|*
|* Purpose (issue #22's acceptance bar: "Post-layout PVT simulation results
|* land under sim/, extracted parasitics included" plus the DR-0003 section
|* 8 wstv inter-ring decorrelation re-evaluation). This is a two-way,
|* same-corner comparison (post-layout array vs. pre-layout control, the
|* SAME topology sim/ro-array-core-combining/'s own testbench drives),
|* matching sim/post-layout-ro-ring5-assembled/'s own comparison discipline
|* one hierarchy level up. It reuses that record's own measurement set
|* (per-ring periods, combining fidelity in both the edge-retention and
|* value-fidelity senses, and array supply current) rather than inventing a
|* new one, so every number here is directly comparable to
|* sim/ro-array-core-combining/'s own pre-layout record by name.
|*
|* Topology, post-layout side (prefix p): xarr is ONE flat-extracted cell --
|* design/xschem/ro_array_core.sch's own hierarchy, already wired, sourced
|* from layout/pex-array/ro_array_core_pex.spice via
|* layout/bin/pex-netlist.py (shared, unmodified, with
|* layout/pex/pex.json's and layout/pex-ring/pex.json's own leaf/ring
|* descriptors). t1/t2 (the XOR tree's own inter-stage nets) are internal to
|* the wrapper subckt at the SAME literal names design/ro_array_core.spice's
|* own .subckt ro_array_core uses internally, so they are reachable exactly
|* the way sim/ro-array-core-combining/'s own testbench reaches them
|* (`v(xarr.t1)`, one level of hierarchy) -- confirmed by this deck's own
|* first successful run, not assumed.
|*
|* Topology, pre-layout side (no prefix, matching
|* sim/ro-array-core-combining/'s own testbench net names exactly): xctl is
|* the identical topology from design/ro_array_core.spice's parameterized
|* .subckt ro_array_core, same-deck same-corner control.
|*
|* The substrate tie. layout/pex-array/ro_array_core_pex.spice declares the
|* extractor's substrate return node `vsubs` .global (klayout-tools#1503,
|* same as every other post-layout deck in this repo). This deck ties it
|* HARD to 0, the same physically-motivated choice
|* sim/post-layout-ro-ring5-assembled/ and sim/post-layout-ro-ring5/ both
|* use -- every composed cell's own psub guard ring is tied to vss, and vss
|* is 0 here. Inter-ring coupling through a floating substrate is a
|* different, separately-bracketed question (spec/decision-records/DR-0005)
|* and is not re-litigated by this deck's own hard tie.
|*
|* PVT: the same four (temp, supply) points
|* sim/post-layout-ro-ring5-assembled/ uses, each bundling the tt/ss/ff
|* process axis:
|*   -40 degC / 1.62 V   the measured entropy-binding corner (ss)
|*    27 degC / 1.80 V   nominal
|*   125 degC / 1.98 V   the worst five-stage ring swing in #10's grid
|*   -40 degC / 1.98 V   the fastest ring measured anywhere in that grid
|*
|* Window. Post-layout parasitics measurably slow the array (every prior
|* post-layout ring record in this repo reports 1.4x-2.4x slowdown over
|* pre-layout, and the array adds inter-ring wiring + XOR-tree loading on
|* top), so this deck's tstop is 4x sim/ro-array-core-combining/'s own 200n
|* -- 800n -- with the same 5 ns enable-release point and the same
|* 10-period ring / 48-edge combining-node estimators (rise=3..13 for
|* periods, rise=2..50 at the combining nodes), now measured from a 700 ns
|* window (100 ns to 800 ns) rather than that deck's 60-200 ns, to keep the
|* same edge counts reachable at the slowest corner. Confirmed sufficient by
|* this deck's own first run at every corner (every meas below resolved,
|* not "no value found"), not assumed from the pre-layout deck's own margin.
|*
|* This file is a TEMPLATE: sim/bin/corner-run.py substitutes /Users/rwalters/.volare/volare/sky130/versions/c6d73a35f524070e85faff4a6a9eef49553ebc2b/sky130A/libs.tech/combined/sky130.lib.spice,
|* tt, /Users/rwalters/GitHub/sky130-trng/.loom/worktrees/issue-22/design/ro_array_core.spice, /Users/rwalters/GitHub/sky130-trng/.loom/worktrees/issue-22/layout/pex-array/ro_array_core_pex.spice, 27.0, 1.8 and 5p. As
|* committed it is not a runnable deck. Invoke with
|* `--ro-ring5 design/ro_array_core.spice` and
|* `--pex-lib layout/pex-array/ro_array_core_pex.spice`.
|
|.option scale=1u
|.lib "/Users/rwalters/.volare/volare/sky130/versions/c6d73a35f524070e85faff4a6a9eef49553ebc2b/sky130A/libs.tech/combined/sky130.lib.spice" tt
|
|* pre-layout subcircuit library (ro_array_core / ro_ring5 / ro_buf / xor2)
|.include "/Users/rwalters/GitHub/sky130-trng/.loom/worktrees/issue-22/design/ro_array_core.spice"
|* post-layout ARRAY subcircuit library (ro_array_core_pex, flat-extracted
|* from the whole composed, DRC-clean and LVS-clean array GDS)
|.include "/Users/rwalters/GitHub/sky130-trng/.loom/worktrees/issue-22/layout/pex-array/ro_array_core_pex.spice"
|
|.temp 27.0
|
|* --- substrate return node: hard tie (see header) ----------------------
|Vsub vsubs 0 dc 0
|
|* --- post-layout ARRAY, one flat-extracted cell for the whole block ----
|Vddrp1 pvddr1 0 dc 1.8
|Vddrp2 pvddr2 0 dc 1.8
|Vddrp3 pvddr3 0 dc 1.8
|Vddrp4 pvddr4 0 dc 1.8
|Vddp pvdd 0 dc 1.8
|Venp1 pen1 0 PULSE(0 1.8 5n 100p 100p 1u 2u)
|Venp2 pen2 0 PULSE(0 1.8 5n 100p 100p 1u 2u)
|Venp3 pen3 0 PULSE(0 1.8 5n 100p 100p 1u 2u)
|Venp4 pen4 0 PULSE(0 1.8 5n 100p 100p 1u 2u)
|xarr pen1 pen2 pen3 pen4 pvddr1 pvddr2 pvddr3 pvddr4 pvdd 0 pxo pro1 pro2 pro3 pro4 ro_array_core_pex
|
|* --- pre-layout control, identical topology, single-call subckt --------
|Vddr1 vddr1 0 dc 1.8
|Vddr2 vddr2 0 dc 1.8
|Vddr3 vddr3 0 dc 1.8
|Vddr4 vddr4 0 dc 1.8
|Vdd vdd 0 dc 1.8
|Ven1 en1 0 PULSE(0 1.8 5n 100p 100p 1u 2u)
|Ven2 en2 0 PULSE(0 1.8 5n 100p 100p 1u 2u)
|Ven3 en3 0 PULSE(0 1.8 5n 100p 100p 1u 2u)
|Ven4 en4 0 PULSE(0 1.8 5n 100p 100p 1u 2u)
|xctl en1 en2 en3 en4 vddr1 vddr2 vddr3 vddr4 vdd 0 xo ro1 ro2 ro3 ro4 ro_array_core
|
|.ic v(pro1)=0
|.ic v(pro2)=0
|.ic v(pro3)=0
|.ic v(pro4)=0
|.ic v(ro1)=0
|.ic v(ro2)=0
|.ic v(ro3)=0
|.ic v(ro4)=0
|
|* Limit the saved transient trace set to exactly what the .meas statements
|* below need. Without this, ngspice keeps a full-resolution voltage history
|* for every node in the deck -- including every per-terminal parasitic-star
|* leg node the flat ARRAY extraction introduces (132 devices' worth, an
|* order of magnitude more than one ring alone) -- and
|* sim/post-layout-ro-ring5-assembled/'s own header records this exhausting
|* process memory outright at the ff corner's shorter timesteps. None of
|* those internal leg voltages are read by any .meas below.
|.save v(pro1) v(pro2) v(pro3) v(pro4) v(pxo) v(xarr.t1)
|.save v(ro1) v(ro2) v(ro3) v(ro4) v(xo) v(xctl.t1)
|.save i(Vddrp1) i(Vddrp2) i(Vddrp3) i(Vddrp4) i(Vddp)
|.save i(Vddr1) i(Vddr2) i(Vddr3) i(Vddr4) i(Vdd)
|
|.tran 5p 800n uic
|
|.control
|run
|
|* --- post-layout ARRAY: per-ring periods, 10 whole periods each, first
|* two rising edges discarded as start-up ------------------------------
|meas tran pt1a when v(pro1)=0.5*1.8 rise=3
|meas tran pt1b when v(pro1)=0.5*1.8 rise=13
|let p_tr1 = (pt1b - pt1a)/10
|meas tran pt2a when v(pro2)=0.5*1.8 rise=3
|meas tran pt2b when v(pro2)=0.5*1.8 rise=13
|let p_tr2 = (pt2b - pt2a)/10
|meas tran pt3a when v(pro3)=0.5*1.8 rise=3
|meas tran pt3b when v(pro3)=0.5*1.8 rise=13
|let p_tr3 = (pt3b - pt3a)/10
|meas tran pt4a when v(pro4)=0.5*1.8 rise=3
|meas tran pt4b when v(pro4)=0.5*1.8 rise=13
|let p_tr4 = (pt4b - pt4a)/10
|let p_f_ideal2 = 1/p_tr1 + 1/p_tr2
|let p_f_ideal = 1/p_tr1 + 1/p_tr2 + 1/p_tr3 + 1/p_tr4
|let p_skew_span = p_tr1/p_tr4
|
|* --- post-layout ARRAY combining node: swing and realized edge rate ---
|meas tran pvxo_max MAX v(pxo) from=100n to=800n
|meas tran pvxo_min MIN v(pxo) from=100n to=800n
|let p_swing_frac_xo = (pvxo_max - pvxo_min) / 1.8
|meas tran ptxo_a when v(pxo)=0.5*1.8 rise=2
|meas tran ptxo_b when v(pxo)=0.5*1.8 rise=50
|let p_f_xo = 48/(ptxo_b - ptxo_a)
|let p_edge_retention = p_f_xo / p_f_ideal
|meas tran ptt1a when v(xarr.t1)=0.5*1.8 rise=2
|meas tran ptt1b when v(xarr.t1)=0.5*1.8 rise=50
|let p_f_t1 = 48/(ptt1b - ptt1a)
|let p_retention_n2 = p_f_t1 / p_f_ideal2
|let p_retention_n4 = p_edge_retention
|
|* --- post-layout ARRAY value fidelity + supply current -----------------
|meas tran pvxo_avg AVG v(pxo) from=100n to=800n
|meas tran pvt1_avg AVG v(xarr.t1) from=100n to=800n
|let p_bias_xo = pvxo_avg / 1.8
|let p_bias_t1 = pvt1_avg / 1.8
|meas tran pi1 AVG i(Vddrp1) from=100n to=800n
|meas tran pi2 AVG i(Vddrp2) from=100n to=800n
|meas tran pi3 AVG i(Vddrp3) from=100n to=800n
|meas tran pi4 AVG i(Vddrp4) from=100n to=800n
|meas tran pib AVG i(Vddp) from=100n to=800n
|let p_i_rings = -(pi1 + pi2 + pi3 + pi4)
|let p_i_block = -pib
|let p_i_array_total = p_i_rings + p_i_block
|let p_p_array_total = p_i_array_total * 1.8
|
|* --- pre-layout CONTROL: identical estimators, identical node names as
|* sim/ro-array-core-combining/'s own testbench ---------------------------
|meas tran t1a when v(ro1)=0.5*1.8 rise=3
|meas tran t1b when v(ro1)=0.5*1.8 rise=13
|let tr1 = (t1b - t1a)/10
|meas tran t2a when v(ro2)=0.5*1.8 rise=3
|meas tran t2b when v(ro2)=0.5*1.8 rise=13
|let tr2 = (t2b - t2a)/10
|meas tran t3a when v(ro3)=0.5*1.8 rise=3
|meas tran t3b when v(ro3)=0.5*1.8 rise=13
|let tr3 = (t3b - t3a)/10
|meas tran t4a when v(ro4)=0.5*1.8 rise=3
|meas tran t4b when v(ro4)=0.5*1.8 rise=13
|let tr4 = (t4b - t4a)/10
|let f_ideal2 = 1/tr1 + 1/tr2
|let f_ideal = 1/tr1 + 1/tr2 + 1/tr3 + 1/tr4
|let skew_span = tr1/tr4
|
|meas tran vxo_max MAX v(xo) from=100n to=800n
|meas tran vxo_min MIN v(xo) from=100n to=800n
|let swing_frac_xo = (vxo_max - vxo_min) / 1.8
|meas tran txo_a when v(xo)=0.5*1.8 rise=2
|meas tran txo_b when v(xo)=0.5*1.8 rise=50
|let f_xo = 48/(txo_b - txo_a)
|let edge_retention = f_xo / f_ideal
|meas tran tt1a when v(xctl.t1)=0.5*1.8 rise=2
|meas tran tt1b when v(xctl.t1)=0.5*1.8 rise=50
|let f_t1 = 48/(tt1b - tt1a)
|let retention_n2 = f_t1 / f_ideal2
|let retention_n4 = edge_retention
|
|meas tran vxo_avg AVG v(xo) from=100n to=800n
|meas tran vt1_avg AVG v(xctl.t1) from=100n to=800n
|let bias_xo = vxo_avg / 1.8
|let bias_t1 = vt1_avg / 1.8
|meas tran i1 AVG i(Vddr1) from=100n to=800n
|meas tran i2 AVG i(Vddr2) from=100n to=800n
|meas tran i3 AVG i(Vddr3) from=100n to=800n
|meas tran i4 AVG i(Vddr4) from=100n to=800n
|meas tran ib AVG i(Vdd) from=100n to=800n
|let i_rings = -(i1 + i2 + i3 + i4)
|let i_block = -ib
|let i_array_total = i_rings + i_block
|let p_array_total_pre = i_array_total * 1.8
|
|* --- headline ratios: same block, same corner, real inter-ring wiring
|* (plus real intra-cell parasitics) vs. pre-layout (no interconnect,
|* ideal devices only) ----------------------------------------------------
|let slowdown_r1 = p_tr1 / tr1
|let slowdown_r2 = p_tr2 / tr2
|let slowdown_r3 = p_tr3 / tr3
|let slowdown_r4 = p_tr4 / tr4
|
|print p_tr1
|print p_tr2
|print p_tr3
|print p_tr4
|print p_skew_span
|print p_f_ideal
|print p_f_xo
|print p_edge_retention
|print p_retention_n2
|print p_retention_n4
|print p_bias_t1
|print p_bias_xo
|print p_swing_frac_xo
|print p_i_rings
|print p_i_block
|print p_i_array_total
|print p_p_array_total
|print tr1
|print tr2
|print tr3
|print tr4
|print skew_span
|print f_ideal
|print f_xo
|print edge_retention
|print retention_n2
|print retention_n4
|print bias_t1
|print bias_xo
|print swing_frac_xo
|print i_rings
|print i_block
|print i_array_total
|print p_array_total_pre
|print slowdown_r1
|print slowdown_r2
|print slowdown_r3
|print slowdown_r4
|.endc
|.end
|

----- stdout -----

Note: Compatibility modes selected: hs a


Circuit: * post-layout ro_array_core: the whole entropy source (four non-identical

option SCALE: Scale is set to 1e-06 for instance and model parameters
option SCALE: Scale is set to 1e-06 for instance and model parameters
option SCALE: Scale is set to 1e-06 for instance and model parameters
option SCALE: Scale is set to 1e-06 for instance and model parameters
option SCALE: Scale is set to 1e-06 for instance and model parameters
Doing analysis at TEMP = 27.000000 and TNOM = 27.000000

Using SPARSE 1.3 as Direct Linear Solver
Operating point simulation skipped by 'uic',
  now using transient initial conditions.
 Reference value :  5.00000e-14
 Reference value :  5.06399e-10
 Reference value :  1.20140e-09
 Reference value :  2.00140e-09
 Reference value :  2.66140e-09
 Reference value :  3.35140e-09
 Reference value :  4.10140e-09
 Reference value :  4.85140e-09
 Reference value :  5.47250e-09
 Reference value :  6.20250e-09
 Reference value :  6.82250e-09
 Reference value :  7.57750e-09
 Reference value :  8.23250e-09
 Reference value :  8.78250e-09
 Reference value :  9.33750e-09
 Reference value :  9.91250e-09
 Reference value :  1.04325e-08
 Reference value :  1.10675e-08
 Reference value :  1.16325e-08
 Reference value :  1.22125e-08
 Reference value :  1.28275e-08
 Reference value :  1.34675e-08
 Reference value :  1.41875e-08
 Reference value :  1.47325e-08
 Reference value :  1.53625e-08
 Reference value :  1.59625e-08
 Reference value :  1.65125e-08
 Reference value :  1.70825e-08
 Reference value :  1.76675e-08
 Reference value :  1.82325e-08
 Reference value :  1.87775e-08
 Reference value :  1.93575e-08
 Reference value :  1.99375e-08
 Reference value :  2.05125e-08
 Reference value :  2.11125e-08
 Reference value :  2.17125e-08
 Reference value :  2.23025e-08
 Reference value :  2.28625e-08
 Reference value :  2.35175e-08
 Reference value :  2.40925e-08
 Reference value :  2.46875e-08
 Reference value :  2.52475e-08
 Reference value :  2.58675e-08
 Reference value :  2.65575e-08
 Reference value :  2.71675e-08
 Reference value :  2.77075e-08
 Reference value :  2.82325e-08
 Reference value :  2.88225e-08
 Reference value :  2.95225e-08
 Reference value :  3.00725e-08
 Reference value :  3.05775e-08
 Reference value :  3.11625e-08
 Reference value :  3.17475e-08
 Reference value :  3.24225e-08
 Reference value :  3.29325e-08
 Reference value :  3.35225e-08
 Reference value :  3.40425e-08
 Reference value :  3.47125e-08
 Reference value :  3.53575e-08
 Reference value :  3.59275e-08
 Reference value :  3.64675e-08
 Reference value :  3.71375e-08
 Reference value :  3.77525e-08
 Reference value :  3.84025e-08
 Reference value :  3.90075e-08
 Reference value :  3.96575e-08
 Reference value :  4.02325e-08
 Reference value :  4.08475e-08
 Reference value :  4.14275e-08
 Reference value :  4.20225e-08
 Reference value :  4.25875e-08
 Reference value :  4.31725e-08
 Reference value :  4.37275e-08
 Reference value :  4.43475e-08
 Reference value :  4.49675e-08
 Reference value :  4.55625e-08
 Reference value :  4.61725e-08
 Reference value :  4.68175e-08
 Reference value :  4.74125e-08
 Reference value :  4.80125e-08
 Reference value :  4.86075e-08
 Reference value :  4.92325e-08
 Reference value :  4.98425e-08
 Reference value :  5.04425e-08
 Reference value :  5.11275e-08
 Reference value :  5.18225e-08
 Reference value :  5.25175e-08
 Reference value :  5.31575e-08
 Reference value :  5.38975e-08
 Reference value :  5.45775e-08
 Reference value :  5.52675e-08
 Reference value :  5.58875e-08
 Reference value :  5.66175e-08
 Reference value :  5.72575e-08
 Reference value :  5.78225e-08
 Reference value :  5.84025e-08
 Reference value :  5.90625e-08
 Reference value :  5.96775e-08
 Reference value :  6.02775e-08
 Reference value :  6.09675e-08
 Reference value :  6.15525e-08
 Reference value :  6.21525e-08
 Reference value :  6.28825e-08
 Reference value :  6.35075e-08
 Reference value :  6.41075e-08
 Reference value :  6.46775e-08
 Reference value :  6.52525e-08
 Reference value :  6.58675e-08
 Reference value :  6.64325e-08
 Reference value :  6.69625e-08
 Reference value :  6.75425e-08
 Reference value :  6.82125e-08
 Reference value :  6.87525e-08
 Reference value :  6.93125e-08
 Reference value :  6.98675e-08
 Reference value :  7.04625e-08
 Reference value :  7.10925e-08
 Reference value :  7.16525e-08
 Reference value :  7.22275e-08
 Reference value :  7.28825e-08
 Reference value :  7.35325e-08
 Reference value :  7.41725e-08
 Reference value :  7.48075e-08
 Reference value :  7.55075e-08
 Reference value :  7.60675e-08
 Reference value :  7.66025e-08
 Reference value :  7.71025e-08
 Reference value :  7.76775e-08
 Reference value :  7.83625e-08
 Reference value :  7.89425e-08
 Reference value :  7.94925e-08
 Reference value :  8.00625e-08
 Reference value :  8.06875e-08
 Reference value :  8.13425e-08
 Reference value :  8.19625e-08
 Reference value :  8.24775e-08
 Reference value :  8.30775e-08
 Reference value :  8.36875e-08
 Reference value :  8.43475e-08
 Reference value :  8.49325e-08
 Reference value :  8.55475e-08
 Reference value :  8.62225e-08
 Reference value :  8.68425e-08
 Reference value :  8.74325e-08
 Reference value :  8.80375e-08
 Reference value :  8.85975e-08
 Reference value :  8.92275e-08
 Reference value :  8.97675e-08
 Reference value :  9.03525e-08
 Reference value :  9.09475e-08
 Reference value :  9.15225e-08
 Reference value :  9.21425e-08
 Reference value :  9.27725e-08
 Reference value :  9.33625e-08
 Reference value :  9.39525e-08
 Reference value :  9.45125e-08
 Reference value :  9.50925e-08
 Reference value :  9.57275e-08
 Reference value :  9.63275e-08
 Reference value :  9.69175e-08
 Reference value :  9.75925e-08
 Reference value :  9.81775e-08
 Reference value :  9.88125e-08
 Reference value :  9.94525e-08
 Reference value :  1.00188e-07
 Reference value :  1.00818e-07
 Reference value :  1.01388e-07
 Reference value :  1.01953e-07
 Reference value :  1.02673e-07
 Reference value :  1.03418e-07
 Reference value :  1.03958e-07
 Reference value :  1.04578e-07
 Reference value :  1.05198e-07
 Reference value :  1.05808e-07
 Reference value :  1.06368e-07
 Reference value :  1.06948e-07
 Reference value :  1.07518e-07
 Reference value :  1.08133e-07
 Reference value :  1.08728e-07
 Reference value :  1.09338e-07
 Reference value :  1.09873e-07
 Reference value :  1.10433e-07
 Reference value :  1.11068e-07
 Reference value :  1.11623e-07
 Reference value :  1.12188e-07
 Reference value :  1.12768e-07
 Reference value :  1.13353e-07
 Reference value :  1.13893e-07
 Reference value :  1.14493e-07
 Reference value :  1.15083e-07
 Reference value :  1.15643e-07
 Reference value :  1.16283e-07
 Reference value :  1.16893e-07
 Reference value :  1.17488e-07
 Reference value :  1.18058e-07
 Reference value :  1.18658e-07
 Reference value :  1.19288e-07
 Reference value :  1.19918e-07
 Reference value :  1.20423e-07
 Reference value :  1.20963e-07
 Reference value :  1.21538e-07
 Reference value :  1.22168e-07
 Reference value :  1.22783e-07
 Reference value :  1.23448e-07
 Reference value :  1.24008e-07
 Reference value :  1.24733e-07
 Reference value :  1.25273e-07
 Reference value :  1.25788e-07
 Reference value :  1.26368e-07
 Reference value :  1.27008e-07
 Reference value :  1.27663e-07
 Reference value :  1.28288e-07
 Reference value :  1.28918e-07
 Reference value :  1.29498e-07
 Reference value :  1.30133e-07
 Reference value :  1.30768e-07
 Reference value :  1.31483e-07
 Reference value :  1.32123e-07
 Reference value :  1.32683e-07
 Reference value :  1.33328e-07
 Reference value :  1.33938e-07
 Reference value :  1.34623e-07
 Reference value :  1.35213e-07
 Reference value :  1.35793e-07
 Reference value :  1.36348e-07
 Reference value :  1.36933e-07
 Reference value :  1.37553e-07
 Reference value :  1.38158e-07
 Reference value :  1.38858e-07
 Reference value :  1.39453e-07
 Reference value :  1.40078e-07
 Reference value :  1.40673e-07
 Reference value :  1.41338e-07
 Reference value :  1.41998e-07
 Reference value :  1.42593e-07
 Reference value :  1.43263e-07
 Reference value :  1.43933e-07
 Reference value :  1.44518e-07
 Reference value :  1.45043e-07
 Reference value :  1.45638e-07
 Reference value :  1.46348e-07
 Reference value :  1.46968e-07
 Reference value :  1.47553e-07
 Reference value :  1.48093e-07
 Reference value :  1.48678e-07
 Reference value :  1.49338e-07
 Reference value :  1.49938e-07
 Reference value :  1.50533e-07
 Reference value :  1.51163e-07
 Reference value :  1.51753e-07
 Reference value :  1.52363e-07
 Reference value :  1.52993e-07
 Reference value :  1.53673e-07
 Reference value :  1.54308e-07
 Reference value :  1.54983e-07
 Reference value :  1.55608e-07
 Reference value :  1.56203e-07
 Reference value :  1.56783e-07
 Reference value :  1.57353e-07
 Reference value :  1.57933e-07
 Reference value :  1.58488e-07
 Reference value :  1.59053e-07
 Reference value :  1.59593e-07
 Reference value :  1.60188e-07
 Reference value :  1.60868e-07
 Reference value :  1.61408e-07
 Reference value :  1.62003e-07
 Reference value :  1.62613e-07
 Reference value :  1.63288e-07
 Reference value :  1.63808e-07
 Reference value :  1.64383e-07
 Reference value :  1.65003e-07
 Reference value :  1.65648e-07
 Reference value :  1.66273e-07
 Reference value :  1.66888e-07
 Reference value :  1.67493e-07
 Reference value :  1.68153e-07
 Reference value :  1.68788e-07
 Reference value :  1.69303e-07
 Reference value :  1.69878e-07
 Reference value :  1.70558e-07
 Reference value :  1.71143e-07
 Reference value :  1.71788e-07
 Reference value :  1.72378e-07
 Reference value :  1.73033e-07
 Reference value :  1.73693e-07
 Reference value :  1.74263e-07
 Reference value :  1.74803e-07
 Reference value :  1.75338e-07
 Reference value :  1.76028e-07
 Reference value :  1.76613e-07
 Reference value :  1.77198e-07
 Reference value :  1.77718e-07
 Reference value :  1.78343e-07
 Reference value :  1.78908e-07
 Reference value :  1.79518e-07
 Reference value :  1.80098e-07
 Reference value :  1.80718e-07
 Reference value :  1.81378e-07
 Reference value :  1.81963e-07
 Reference value :  1.82678e-07
 Reference value :  1.83288e-07
 Reference value :  1.83868e-07
 Reference value :  1.84443e-07
 Reference value :  1.84948e-07
 Reference value :  1.85533e-07
 Reference value :  1.86083e-07
 Reference value :  1.86663e-07
 Reference value :  1.87273e-07
 Reference value :  1.87883e-07
 Reference value :  1.88503e-07
 Reference value :  1.89103e-07
 Reference value :  1.89723e-07
 Reference value :  1.90348e-07
 Reference value :  1.90928e-07
 Reference value :  1.91508e-07
 Reference value :  1.92143e-07
 Reference value :  1.92828e-07
 Reference value :  1.93388e-07
 Reference value :  1.93938e-07
 Reference value :  1.94493e-07
 Reference value :  1.95173e-07
 Reference value :  1.95788e-07
 Reference value :  1.96398e-07
 Reference value :  1.96953e-07
 Reference value :  1.97653e-07
 Reference value :  1.98308e-07
 Reference value :  1.98883e-07
 Reference value :  1.99493e-07
 Reference value :  2.00088e-07
 Reference value :  2.00738e-07
 Reference value :  2.01333e-07
 Reference value :  2.01928e-07
 Reference value :  2.02523e-07
 Reference value :  2.03073e-07
 Reference value :  2.03653e-07
 Reference value :  2.04198e-07
 Reference value :  2.04793e-07
 Reference value :  2.05333e-07
 Reference value :  2.05928e-07
 Reference value :  2.06543e-07
 Reference value :  2.07133e-07
 Reference value :  2.07763e-07
 Reference value :  2.08298e-07
 Reference value :  2.08873e-07
 Reference value :  2.09538e-07
 Reference value :  2.10128e-07
 Reference value :  2.10663e-07
 Reference value :  2.11268e-07
 Reference value :  2.11948e-07
 Reference value :  2.12543e-07
 Reference value :  2.13073e-07
 Reference value :  2.13623e-07
 Reference value :  2.14278e-07
 Reference value :  2.14938e-07
 Reference value :  2.15468e-07
 Reference value :  2.16048e-07
 Reference value :  2.16668e-07
 Reference value :  2.17343e-07
 Reference value :  2.17903e-07
 Reference value :  2.18428e-07
 Reference value :  2.19003e-07
 Reference value :  2.19723e-07
 Reference value :  2.20403e-07
 Reference value :  2.21003e-07
 Reference value :  2.21568e-07
 Reference value :  2.22233e-07
 Reference value :  2.22848e-07
 Reference value :  2.23448e-07
 Reference value :  2.24048e-07
 Reference value :  2.24663e-07
 Reference value :  2.25223e-07
 Reference value :  2.25838e-07
 Reference value :  2.26518e-07
 Reference value :  2.27133e-07
 Reference value :  2.27748e-07
 Reference value :  2.28343e-07
 Reference value :  2.28923e-07
 Reference value :  2.29558e-07
 Reference value :  2.30193e-07
 Reference value :  2.30733e-07
 Reference value :  2.31258e-07
 Reference value :  2.31833e-07
 Reference value :  2.32398e-07
 Reference value :  2.32988e-07
 Reference value :  2.33628e-07
 Reference value :  2.34273e-07
 Reference value :  2.34863e-07
 Reference value :  2.35463e-07
 Reference value :  2.36173e-07
 Reference value :  2.36808e-07
 Reference value :  2.37383e-07
 Reference value :  2.38058e-07
 Reference value :  2.38738e-07
 Reference value :  2.39368e-07
 Reference value :  2.40008e-07
 Reference value :  2.40668e-07
 Reference value :  2.41313e-07
 Reference value :  2.42008e-07
 Reference value :  2.42663e-07
 Reference value :  2.43263e-07
 Reference value :  2.43793e-07
 Reference value :  2.44403e-07
 Reference value :  2.45083e-07
 Reference value :  2.45718e-07
 Reference value :  2.46463e-07
 Reference value :  2.47058e-07
 Reference value :  2.47838e-07
 Reference value :  2.48573e-07
 Reference value :  2.49178e-07
 Reference value :  2.49893e-07
 Reference value :  2.50678e-07
 Reference value :  2.51363e-07
 Reference value :  2.51923e-07
 Reference value :  2.52518e-07
 Reference value :  2.53118e-07
 Reference value :  2.53703e-07
 Reference value :  2.54218e-07
 Reference value :  2.54828e-07
 Reference value :  2.55408e-07
 Reference value :  2.55973e-07
 Reference value :  2.56548e-07
 Reference value :  2.57123e-07
 Reference value :  2.57768e-07
 Reference value :  2.58473e-07
 Reference value :  2.59013e-07
 Reference value :  2.59598e-07
 Reference value :  2.60183e-07
 Reference value :  2.60853e-07
 Reference value :  2.61508e-07
 Reference value :  2.62088e-07
 Reference value :  2.62618e-07
 Reference value :  2.63273e-07
 Reference value :  2.63883e-07
 Reference value :  2.64398e-07
 Reference value :  2.64938e-07
 Reference value :  2.65513e-07
 Reference value :  2.66168e-07
 Reference value :  2.66718e-07
 Reference value :  2.67238e-07
 Reference value :  2.67773e-07
 Reference value :  2.68418e-07
 Reference value :  2.68988e-07
 Reference value :  2.69588e-07
 Reference value :  2.70128e-07
 Reference value :  2.70833e-07
 Reference value :  2.71403e-07
 Reference value :  2.72018e-07
 Reference value :  2.72748e-07
 Reference value :  2.73423e-07
 Reference value :  2.74008e-07
 Reference value :  2.74718e-07
 Reference value :  2.75413e-07
 Reference value :  2.76013e-07
 Reference value :  2.76603e-07
 Reference value :  2.77263e-07
 Reference value :  2.77903e-07
 Reference value :  2.78508e-07
 Reference value :  2.79063e-07
 Reference value :  2.79678e-07
 Reference value :  2.80383e-07
 Reference value :  2.80973e-07
 Reference value :  2.81583e-07
 Reference value :  2.82133e-07
 Reference value :  2.82788e-07
 Reference value :  2.83368e-07
 Reference value :  2.83973e-07
 Reference value :  2.84613e-07
 Reference value :  2.85298e-07
 Reference value :  2.85887e-07
 Reference value :  2.86442e-07
 Reference value :  2.86997e-07
 Reference value :  2.87527e-07
 Reference value :  2.88107e-07
 Reference value :  2.88677e-07
 Reference value :  2.89217e-07
 Reference value :  2.89777e-07
 Reference value :  2.90282e-07
 Reference value :  2.90887e-07
 Reference value :  2.91652e-07
 Reference value :  2.92247e-07
 Reference value :  2.92937e-07
 Reference value :  2.93582e-07
 Reference value :  2.94212e-07
 Reference value :  2.94862e-07
 Reference value :  2.95452e-07
 Reference value :  2.96022e-07
 Reference value :  2.96592e-07
 Reference value :  2.97192e-07
 Reference value :  2.97787e-07
 Reference value :  2.98322e-07
 Reference value :  2.98907e-07
 Reference value :  2.99572e-07
 Reference value :  3.00112e-07
 Reference value :  3.00657e-07
 Reference value :  3.01217e-07
 Reference value :  3.01822e-07
 Reference value :  3.02487e-07
 Reference value :  3.03122e-07
 Reference value :  3.03822e-07
 Reference value :  3.04482e-07
 Reference value :  3.05032e-07
 Reference value :  3.05547e-07
 Reference value :  3.06077e-07
 Reference value :  3.06672e-07
 Reference value :  3.07337e-07
 Reference value :  3.07857e-07
 Reference value :  3.08442e-07
 Reference value :  3.09007e-07
 Reference value :  3.09647e-07
 Reference value :  3.10222e-07
 Reference value :  3.10822e-07
 Reference value :  3.11332e-07
 Reference value :  3.11917e-07
 Reference value :  3.12502e-07
 Reference value :  3.13072e-07
 Reference value :  3.13637e-07
 Reference value :  3.14282e-07
 Reference value :  3.14942e-07
 Reference value :  3.15577e-07
 Reference value :  3.16127e-07
 Reference value :  3.16712e-07
 Reference value :  3.17287e-07
 Reference value :  3.17817e-07
 Reference value :  3.18372e-07
 Reference value :  3.18867e-07
 Reference value :  3.19422e-07
 Reference value :  3.20017e-07
 Reference value :  3.20612e-07
 Reference value :  3.21152e-07
 Reference value :  3.21767e-07
 Reference value :  3.22332e-07
 Reference value :  3.22897e-07
 Reference value :  3.23502e-07
 Reference value :  3.24122e-07
 Reference value :  3.24707e-07
 Reference value :  3.25262e-07
 Reference value :  3.25837e-07
 Reference value :  3.26497e-07
 Reference value :  3.27217e-07
 Reference value :  3.27807e-07
 Reference value :  3.28432e-07
 Reference value :  3.29102e-07
 Reference value :  3.29692e-07
 Reference value :  3.30352e-07
 Reference value :  3.30882e-07
 Reference value :  3.31507e-07
 Reference value :  3.32092e-07
 Reference value :  3.32682e-07
 Reference value :  3.33287e-07
 Reference value :  3.33802e-07
 Reference value :  3.34372e-07
 Reference value :  3.34952e-07
 Reference value :  3.35552e-07
 Reference value :  3.36082e-07
 Reference value :  3.36842e-07
 Reference value :  3.37457e-07
 Reference value :  3.38022e-07
 Reference value :  3.38572e-07
 Reference value :  3.39092e-07
 Reference value :  3.39702e-07
 Reference value :  3.40267e-07
 Reference value :  3.40877e-07
 Reference value :  3.41427e-07
 Reference value :  3.42012e-07
 Reference value :  3.42752e-07
 Reference value :  3.43442e-07
 Reference value :  3.44012e-07
 Reference value :  3.44637e-07
 Reference value :  3.45257e-07
 Reference value :  3.45867e-07
 Reference value :  3.46497e-07
 Reference value :  3.47147e-07
 Reference value :  3.47822e-07
 Reference value :  3.48412e-07
 Reference value :  3.49017e-07
 Reference value :  3.49687e-07
 Reference value :  3.50302e-07
 Reference value :  3.50962e-07
 Reference value :  3.51487e-07
 Reference value :  3.52012e-07
 Reference value :  3.52632e-07
 Reference value :  3.53297e-07
 Reference value :  3.53907e-07
 Reference value :  3.54597e-07
 Reference value :  3.55527e-07
 Reference value :  3.56497e-07
 Reference value :  3.57067e-07
 Reference value :  3.57622e-07
 Reference value :  3.58252e-07
 Reference value :  3.58832e-07
 Reference value :  3.59447e-07
 Reference value :  3.60072e-07
 Reference value :  3.60797e-07
 Reference value :  3.61427e-07
 Reference value :  3.62067e-07
 Reference value :  3.62592e-07
 Reference value :  3.63162e-07
 Reference value :  3.63812e-07
 Reference value :  3.64362e-07
 Reference value :  3.64872e-07
 Reference value :  3.65447e-07
 Reference value :  3.66077e-07
 Reference value :  3.66672e-07
 Reference value :  3.67277e-07
 Reference value :  3.67822e-07
 Reference value :  3.68437e-07
 Reference value :  3.69037e-07
 Reference value :  3.69627e-07
 Reference value :  3.70262e-07
 Reference value :  3.70887e-07
 Reference value :  3.71457e-07
 Reference value :  3.72057e-07
 Reference value :  3.72727e-07
 Reference value :  3.73352e-07
 Reference value :  3.73937e-07
 Reference value :  3.74467e-07
 Reference value :  3.75102e-07
 Reference value :  3.75642e-07
 Reference value :  3.76252e-07
 Reference value :  3.76827e-07
 Reference value :  3.77392e-07
 Reference value :  3.78027e-07
 Reference value :  3.78562e-07
 Reference value :  3.79147e-07
 Reference value :  3.79702e-07
 Reference value :  3.80272e-07
 Reference value :  3.80847e-07
 Reference value :  3.81482e-07
 Reference value :  3.82082e-07
 Reference value :  3.82762e-07
 Reference value :  3.83342e-07
 Reference value :  3.83932e-07
 Reference value :  3.84517e-07
 Reference value :  3.85082e-07
 Reference value :  3.85682e-07
 Reference value :  3.86297e-07
 Reference value :  3.86942e-07
 Reference value :  3.87502e-07
 Reference value :  3.88112e-07
 Reference value :  3.88697e-07
 Reference value :  3.89307e-07
 Reference value :  3.89907e-07
 Reference value :  3.90482e-07
 Reference value :  3.91017e-07
 Reference value :  3.91637e-07
 Reference value :  3.92247e-07
 Reference value :  3.92827e-07
 Reference value :  3.93347e-07
 Reference value :  3.93987e-07
 Reference value :  3.94592e-07
 Reference value :  3.95172e-07
 Reference value :  3.95732e-07
 Reference value :  3.96267e-07
 Reference value :  3.96927e-07
 Reference value :  3.97532e-07
 Reference value :  3.98077e-07
 Reference value :  3.98637e-07
 Reference value :  3.99222e-07
 Reference value :  3.99852e-07
 Reference value :  4.00407e-07
 Reference value :  4.00932e-07
 Reference value :  4.01467e-07
 Reference value :  4.02102e-07
 Reference value :  4.02702e-07
 Reference value :  4.03287e-07
 Reference value :  4.03882e-07
 Reference value :  4.04512e-07
 Reference value :  4.05142e-07
 Reference value :  4.05682e-07
 Reference value :  4.06242e-07
 Reference value :  4.06847e-07
 Reference value :  4.07472e-07
 Reference value :  4.08067e-07
 Reference value :  4.08657e-07
 Reference value :  4.09317e-07
 Reference value :  4.10002e-07
 Reference value :  4.10612e-07
 Reference value :  4.11152e-07
 Reference value :  4.11712e-07
 Reference value :  4.12317e-07
 Reference value :  4.12857e-07
 Reference value :  4.13422e-07
 Reference value :  4.13952e-07
 Reference value :  4.14547e-07
 Reference value :  4.15142e-07
 Reference value :  4.15737e-07
 Reference value :  4.16377e-07
 Reference value :  4.16947e-07
 Reference value :  4.17587e-07
 Reference value :  4.18182e-07
 Reference value :  4.18892e-07
 Reference value :  4.19512e-07
 Reference value :  4.20147e-07
 Reference value :  4.20742e-07
 Reference value :  4.21427e-07
 Reference value :  4.22017e-07
 Reference value :  4.22702e-07
 Reference value :  4.23327e-07
 Reference value :  4.23987e-07
 Reference value :  4.24562e-07
 Reference value :  4.25147e-07
 Reference value :  4.25707e-07
 Reference value :  4.26367e-07
 Reference value :  4.26962e-07
 Reference value :  4.27587e-07
 Reference value :  4.28187e-07
 Reference value :  4.28827e-07
 Reference value :  4.29447e-07
 Reference value :  4.30052e-07
 Reference value :  4.30647e-07
 Reference value :  4.31242e-07
 Reference value :  4.31857e-07
 Reference value :  4.32472e-07
 Reference value :  4.33087e-07
 Reference value :  4.33677e-07
 Reference value :  4.34222e-07
 Reference value :  4.34887e-07
 Reference value :  4.35482e-07
 Reference value :  4.36107e-07
 Reference value :  4.36747e-07
 Reference value :  4.37467e-07
 Reference value :  4.38077e-07
 Reference value :  4.38737e-07
 Reference value :  4.39367e-07
 Reference value :  4.40072e-07
 Reference value :  4.40757e-07
 Reference value :  4.41367e-07
 Reference value :  4.41937e-07
 Reference value :  4.42582e-07
 Reference value :  4.43292e-07
 Reference value :  4.43862e-07
 Reference value :  4.44432e-07
 Reference value :  4.45032e-07
 Reference value :  4.45707e-07
 Reference value :  4.46312e-07
 Reference value :  4.46832e-07
 Reference value :  4.47442e-07
 Reference value :  4.48047e-07
 Reference value :  4.48682e-07
 Reference value :  4.49242e-07
 Reference value :  4.49802e-07
 Reference value :  4.50472e-07
 Reference value :  4.51137e-07
 Reference value :  4.51737e-07
 Reference value :  4.52362e-07
 Reference value :  4.53007e-07
 Reference value :  4.53667e-07
 Reference value :  4.54272e-07
 Reference value :  4.54812e-07
 Reference value :  4.55317e-07
 Reference value :  4.55947e-07
 Reference value :  4.56517e-07
 Reference value :  4.57087e-07
 Reference value :  4.57597e-07
 Reference value :  4.58157e-07
 Reference value :  4.58787e-07
 Reference value :  4.59337e-07
 Reference value :  4.59867e-07
 Reference value :  4.60427e-07
 Reference value :  4.61007e-07
 Reference value :  4.61667e-07
 Reference value :  4.62302e-07
 Reference value :  4.62847e-07
 Reference value :  4.63422e-07
 Reference value :  4.64132e-07
 Reference value :  4.64832e-07
 Reference value :  4.65522e-07
 Reference value :  4.66172e-07
 Reference value :  4.66737e-07
 Reference value :  4.67412e-07
 Reference value :  4.68027e-07
 Reference value :  4.68687e-07
 Reference value :  4.69347e-07
 Reference value :  4.69962e-07
 Reference value :  4.70567e-07
 Reference value :  4.71117e-07
 Reference value :  4.71642e-07
 Reference value :  4.72227e-07
 Reference value :  4.72817e-07
 Reference value :  4.73397e-07
 Reference value :  4.73942e-07
 Reference value :  4.74522e-07
 Reference value :  4.75127e-07
 Reference value :  4.75692e-07
 Reference value :  4.76242e-07
 Reference value :  4.76772e-07
 Reference value :  4.77382e-07
 Reference value :  4.77967e-07
 Reference value :  4.78512e-07
 Reference value :  4.79072e-07
 Reference value :  4.79652e-07
 Reference value :  4.80217e-07
 Reference value :  4.80772e-07
 Reference value :  4.81397e-07
 Reference value :  4.82052e-07
 Reference value :  4.82632e-07
 Reference value :  4.83187e-07
 Reference value :  4.83757e-07
 Reference value :  4.84467e-07
 Reference value :  4.85102e-07
 Reference value :  4.85652e-07
 Reference value :  4.86252e-07
 Reference value :  4.86902e-07
 Reference value :  4.87512e-07
 Reference value :  4.88082e-07
 Reference value :  4.88702e-07
 Reference value :  4.89372e-07
 Reference value :  4.89962e-07
 Reference value :  4.90517e-07
 Reference value :  4.91042e-07
 Reference value :  4.91662e-07
 Reference value :  4.92362e-07
 Reference value :  4.92902e-07
 Reference value :  4.93462e-07
 Reference value :  4.94012e-07
 Reference value :  4.94637e-07
 Reference value :  4.95212e-07
 Reference value :  4.95822e-07
 Reference value :  4.96342e-07
 Reference value :  4.96927e-07
 Reference value :  4.97587e-07
 Reference value :  4.98107e-07
 Reference value :  4.98682e-07
 Reference value :  4.99272e-07
 Reference value :  4.99937e-07
 Reference value :  5.00512e-07
 Reference value :  5.01127e-07
 Reference value :  5.01787e-07
 Reference value :  5.02437e-07
 Reference value :  5.02972e-07
 Reference value :  5.03507e-07
 Reference value :  5.04027e-07
 Reference value :  5.04657e-07
 Reference value :  5.05257e-07
 Reference value :  5.05802e-07
 Reference value :  5.06492e-07
 Reference value :  5.07082e-07
 Reference value :  5.07607e-07
 Reference value :  5.08232e-07
 Reference value :  5.08792e-07
 Reference value :  5.09377e-07
 Reference value :  5.09977e-07
 Reference value :  5.10642e-07
 Reference value :  5.11302e-07
 Reference value :  5.11827e-07
 Reference value :  5.12447e-07
 Reference value :  5.13082e-07
 Reference value :  5.13787e-07
 Reference value :  5.14412e-07
 Reference value :  5.15052e-07
 Reference value :  5.15702e-07
 Reference value :  5.16397e-07
 Reference value :  5.16962e-07
 Reference value :  5.17602e-07
 Reference value :  5.18172e-07
 Reference value :  5.18762e-07
 Reference value :  5.19422e-07
 Reference value :  5.20017e-07
 Reference value :  5.20622e-07
 Reference value :  5.21282e-07
 Reference value :  5.21872e-07
 Reference value :  5.22457e-07
 Reference value :  5.23042e-07
 Reference value :  5.23642e-07
 Reference value :  5.24162e-07
 Reference value :  5.24747e-07
 Reference value :  5.25347e-07
 Reference value :  5.25952e-07
 Reference value :  5.26497e-07
 Reference value :  5.27147e-07
 Reference value :  5.27707e-07
 Reference value :  5.28322e-07
 Reference value :  5.28872e-07
 Reference value :  5.29537e-07
 Reference value :  5.30332e-07
 Reference value :  5.30972e-07
 Reference value :  5.31532e-07
 Reference value :  5.32192e-07
 Reference value :  5.32817e-07
 Reference value :  5.33467e-07
 Reference value :  5.34042e-07
 Reference value :  5.34577e-07
 Reference value :  5.35237e-07
 Reference value :  5.35942e-07
 Reference value :  5.36567e-07
 Reference value :  5.37142e-07
 Reference value :  5.37772e-07
 Reference value :  5.38462e-07
 Reference value :  5.39052e-07
 Reference value :  5.39657e-07
 Reference value :  5.40227e-07
 Reference value :  5.40902e-07
 Reference value :  5.41467e-07
 Reference value :  5.42097e-07
 Reference value :  5.42667e-07
 Reference value :  5.43252e-07
 Reference value :  5.43877e-07
 Reference value :  5.44507e-07
 Reference value :  5.45087e-07
 Reference value :  5.45692e-07
 Reference value :  5.46352e-07
 Reference value :  5.46912e-07
 Reference value :  5.47487e-07
 Reference value :  5.48057e-07
 Reference value :  5.48657e-07
 Reference value :  5.49287e-07
 Reference value :  5.49832e-07
 Reference value :  5.50377e-07
 Reference value :  5.50977e-07
 Reference value :  5.51572e-07
 Reference value :  5.52152e-07
 Reference value :  5.52682e-07
 Reference value :  5.53232e-07
 Reference value :  5.53897e-07
 Reference value :  5.54457e-07
 Reference value :  5.55042e-07
 Reference value :  5.55602e-07
 Reference value :  5.56187e-07
 Reference value :  5.56812e-07
 Reference value :  5.57497e-07
 Reference value :  5.58102e-07
 Reference value :  5.58707e-07
 Reference value :  5.59277e-07
 Reference value :  5.59982e-07
 Reference value :  5.60612e-07
 Reference value :  5.61207e-07
 Reference value :  5.61757e-07
 Reference value :  5.62407e-07
 Reference value :  5.63077e-07
 Reference value :  5.63707e-07
 Reference value :  5.64267e-07
 Reference value :  5.64862e-07
 Reference value :  5.65537e-07
 Reference value :  5.66072e-07
 Reference value :  5.66607e-07
 Reference value :  5.67232e-07
 Reference value :  5.67852e-07
 Reference value :  5.68467e-07
 Reference value :  5.69042e-07
 Reference value :  5.69662e-07
 Reference value :  5.70237e-07
 Reference value :  5.70812e-07
 Reference value :  5.71377e-07
 Reference value :  5.71967e-07
 Reference value :  5.72522e-07
 Reference value :  5.73062e-07
 Reference value :  5.73627e-07
 Reference value :  5.74232e-07
 Reference value :  5.74867e-07
 Reference value :  5.75397e-07
 Reference value :  5.75937e-07
 Reference value :  5.76552e-07
 Reference value :  5.77242e-07
 Reference value :  5.77827e-07
 Reference value :  5.78352e-07
 Reference value :  5.79007e-07
 Reference value :  5.79662e-07
 Reference value :  5.80242e-07
 Reference value :  5.80932e-07
 Reference value :  5.81622e-07
 Reference value :  5.82257e-07
 Reference value :  5.82817e-07
 Reference value :  5.83367e-07
 Reference value :  5.83977e-07
 Reference value :  5.84667e-07
 Reference value :  5.85262e-07
 Reference value :  5.85827e-07
 Reference value :  5.86417e-07
 Reference value :  5.87087e-07
 Reference value :  5.87727e-07
 Reference value :  5.88372e-07
 Reference value :  5.88967e-07
 Reference value :  5.89667e-07
 Reference value :  5.90237e-07
 Reference value :  5.90842e-07
 Reference value :  5.91472e-07
 Reference value :  5.92137e-07
 Reference value :  5.92722e-07
 Reference value :  5.93272e-07
 Reference value :  5.93842e-07
 Reference value :  5.94522e-07
 Reference value :  5.95097e-07
 Reference value :  5.95642e-07
 Reference value :  5.96252e-07
 Reference value :  5.96832e-07
 Reference value :  5.97452e-07
 Reference value :  5.98007e-07
 Reference value :  5.98552e-07
 Reference value :  5.99072e-07
 Reference value :  5.99662e-07
 Reference value :  6.00332e-07
 Reference value :  6.00898e-07
 Reference value :  6.01423e-07
 Reference value :  6.02003e-07
 Reference value :  6.02553e-07
 Reference value :  6.03178e-07
 Reference value :  6.03773e-07
 Reference value :  6.04288e-07
 Reference value :  6.04863e-07
 Reference value :  6.05448e-07
 Reference value :  6.06128e-07
 Reference value :  6.06678e-07
 Reference value :  6.07238e-07
 Reference value :  6.07848e-07
 Reference value :  6.08468e-07
 Reference value :  6.09123e-07
 Reference value :  6.09723e-07
 Reference value :  6.10318e-07
 Reference value :  6.10903e-07
 Reference value :  6.11618e-07
 Reference value :  6.12233e-07
 Reference value :  6.12803e-07
 Reference value :  6.13478e-07
 Reference value :  6.14073e-07
 Reference value :  6.14683e-07
 Reference value :  6.15258e-07
 Reference value :  6.15843e-07
 Reference value :  6.16543e-07
 Reference value :  6.17163e-07
 Reference value :  6.17743e-07
 Reference value :  6.18333e-07
 Reference value :  6.18903e-07
 Reference value :  6.19523e-07
 Reference value :  6.20123e-07
 Reference value :  6.20703e-07
 Reference value :  6.21328e-07
 Reference value :  6.21908e-07
 Reference value :  6.22543e-07
 Reference value :  6.23103e-07
 Reference value :  6.23723e-07
 Reference value :  6.24348e-07
 Reference value :  6.24938e-07
 Reference value :  6.25668e-07
 Reference value :  6.26303e-07
 Reference value :  6.26843e-07
 Reference value :  6.27423e-07
 Reference value :  6.28048e-07
 Reference value :  6.28713e-07
 Reference value :  6.29268e-07
 Reference value :  6.29863e-07
 Reference value :  6.30538e-07
 Reference value :  6.31148e-07
 Reference value :  6.31713e-07
 Reference value :  6.32293e-07
 Reference value :  6.32908e-07
 Reference value :  6.33603e-07
 Reference value :  6.34213e-07
 Reference value :  6.34828e-07
 Reference value :  6.35428e-07
 Reference value :  6.36093e-07
 Reference value :  6.36713e-07
 Reference value :  6.37303e-07
 Reference value :  6.37943e-07
 Reference value :  6.38578e-07
 Reference value :  6.39173e-07
 Reference value :  6.39713e-07
 Reference value :  6.40338e-07
 Reference value :  6.40963e-07
 Reference value :  6.41523e-07
 Reference value :  6.42038e-07
 Reference value :  6.42598e-07
 Reference value :  6.43188e-07
 Reference value :  6.43803e-07
 Reference value :  6.44393e-07
 Reference value :  6.45103e-07
 Reference value :  6.45758e-07
 Reference value :  6.46443e-07
 Reference value :  6.47023e-07
 Reference value :  6.47553e-07
 Reference value :  6.48123e-07
 Reference value :  6.48798e-07
 Reference value :  6.49473e-07
 Reference value :  6.50213e-07
 Reference value :  6.50903e-07
 Reference value :  6.51613e-07
 Reference value :  6.52333e-07
 Reference value :  6.52933e-07
 Reference value :  6.53483e-07
 Reference value :  6.54123e-07
 Reference value :  6.54758e-07
 Reference value :  6.55423e-07
 Reference value :  6.56063e-07
 Reference value :  6.56688e-07
 Reference value :  6.57278e-07
 Reference value :  6.57933e-07
 Reference value :  6.58588e-07
 Reference value :  6.59258e-07
 Reference value :  6.59908e-07
 Reference value :  6.60568e-07
 Reference value :  6.61163e-07
 Reference value :  6.61743e-07
 Reference value :  6.62368e-07
 Reference value :  6.62923e-07
 Reference value :  6.63483e-07
 Reference value :  6.64033e-07
 Reference value :  6.64618e-07
 Reference value :  6.65248e-07
 Reference value :  6.65813e-07
 Reference value :  6.66363e-07
 Reference value :  6.66963e-07
 Reference value :  6.67523e-07
 Reference value :  6.68043e-07
 Reference value :  6.68568e-07
 Reference value :  6.69228e-07
 Reference value :  6.69858e-07
 Reference value :  6.70473e-07
 Reference value :  6.71168e-07
 Reference value :  6.71863e-07
 Reference value :  6.72488e-07
 Reference value :  6.73113e-07
 Reference value :  6.73768e-07
 Reference value :  6.74398e-07
 Reference value :  6.75048e-07
 Reference value :  6.75683e-07
 Reference value :  6.76318e-07
 Reference value :  6.76948e-07
 Reference value :  6.77588e-07
 Reference value :  6.78138e-07
 Reference value :  6.78718e-07
 Reference value :  6.79343e-07
 Reference value :  6.79998e-07
 Reference value :  6.80613e-07
 Reference value :  6.81173e-07
 Reference value :  6.81788e-07
 Reference value :  6.82448e-07
 Reference value :  6.82998e-07
 Reference value :  6.83623e-07
 Reference value :  6.84193e-07
 Reference value :  6.84828e-07
 Reference value :  6.85403e-07
 Reference value :  6.86038e-07
 Reference value :  6.86653e-07
 Reference value :  6.87278e-07
 Reference value :  6.87883e-07
 Reference value :  6.88498e-07
 Reference value :  6.89083e-07
 Reference value :  6.89688e-07
 Reference value :  6.90253e-07
 Reference value :  6.90768e-07
 Reference value :  6.91343e-07
 Reference value :  6.91898e-07
 Reference value :  6.92683e-07
 Reference value :  6.93238e-07
 Reference value :  6.93918e-07
 Reference value :  6.94608e-07
 Reference value :  6.95278e-07
 Reference value :  6.95898e-07
 Reference value :  6.96438e-07
 Reference value :  6.97013e-07
 Reference value :  6.97658e-07
 Reference value :  6.98358e-07
 Reference value :  6.98918e-07
 Reference value :  6.99418e-07
 Reference value :  6.99973e-07
 Reference value :  7.00543e-07
 Reference value :  7.01193e-07
 Reference value :  7.01753e-07
 Reference value :  7.02283e-07
 Reference value :  7.02908e-07
 Reference value :  7.03473e-07
 Reference value :  7.03993e-07
 Reference value :  7.04563e-07
 Reference value :  7.05178e-07
 Reference value :  7.05773e-07
 Reference value :  7.06403e-07
 Reference value :  7.07028e-07
 Reference value :  7.07613e-07
 Reference value :  7.08228e-07
 Reference value :  7.08853e-07
 Reference value :  7.09453e-07
 Reference value :  7.10033e-07
 Reference value :  7.10603e-07
 Reference value :  7.11178e-07
 Reference value :  7.11718e-07
 Reference value :  7.12248e-07
 Reference value :  7.12803e-07
 Reference value :  7.13398e-07
 Reference value :  7.14033e-07
 Reference value :  7.14563e-07
 Reference value :  7.15153e-07
 Reference value :  7.15723e-07
 Reference value :  7.16293e-07
 Reference value :  7.16808e-07
 Reference value :  7.17363e-07
 Reference value :  7.17968e-07
 Reference value :  7.18618e-07
 Reference value :  7.19188e-07
 Reference value :  7.19773e-07
 Reference value :  7.20393e-07
 Reference value :  7.21138e-07
 Reference value :  7.21703e-07
 Reference value :  7.22398e-07
 Reference value :  7.23093e-07
 Reference value :  7.23823e-07
 Reference value :  7.24413e-07
 Reference value :  7.25138e-07
 Reference value :  7.25783e-07
 Reference value :  7.26403e-07
 Reference value :  7.27213e-07
 Reference value :  7.27773e-07
 Reference value :  7.28408e-07
 Reference value :  7.28998e-07
 Reference value :  7.29633e-07
 Reference value :  7.30153e-07
 Reference value :  7.30748e-07
 Reference value :  7.31363e-07
 Reference value :  7.31958e-07
 Reference value :  7.32553e-07
 Reference value :  7.33178e-07
 Reference value :  7.33818e-07
 Reference value :  7.34348e-07
 Reference value :  7.34928e-07
 Reference value :  7.35538e-07
 Reference value :  7.36133e-07
 Reference value :  7.36673e-07
 Reference value :  7.37303e-07
 Reference value :  7.37953e-07
 Reference value :  7.38548e-07
 Reference value :  7.39153e-07
 Reference value :  7.39713e-07
 Reference value :  7.40233e-07
 Reference value :  7.40843e-07
 Reference value :  7.41478e-07
 Reference value :  7.42053e-07
 Reference value :  7.42643e-07
 Reference value :  7.43333e-07
 Reference value :  7.44053e-07
 Reference value :  7.44668e-07
 Reference value :  7.45228e-07
 Reference value :  7.45783e-07
 Reference value :  7.46403e-07
 Reference value :  7.47058e-07
 Reference value :  7.47743e-07
 Reference value :  7.48293e-07
 Reference value :  7.48878e-07
 Reference value :  7.49523e-07
 Reference value :  7.50253e-07
 Reference value :  7.50868e-07
 Reference value :  7.51463e-07
 Reference value :  7.52058e-07
 Reference value :  7.52643e-07
 Reference value :  7.53218e-07
 Reference value :  7.53833e-07
 Reference value :  7.54408e-07
 Reference value :  7.55013e-07
 Reference value :  7.55598e-07
 Reference value :  7.56183e-07
 Reference value :  7.56748e-07
 Reference value :  7.57363e-07
 Reference value :  7.57988e-07
 Reference value :  7.58643e-07
 Reference value :  7.59298e-07
 Reference value :  7.59908e-07
 Reference value :  7.60603e-07
 Reference value :  7.61238e-07
 Reference value :  7.61918e-07
 Reference value :  7.62573e-07
 Reference value :  7.63198e-07
 Reference value :  7.63818e-07
 Reference value :  7.64533e-07
 Reference value :  7.65158e-07
 Reference value :  7.65753e-07
 Reference value :  7.66368e-07
 Reference value :  7.67038e-07
 Reference value :  7.67703e-07
 Reference value :  7.68253e-07
 Reference value :  7.68863e-07
 Reference value :  7.69508e-07
 Reference value :  7.70183e-07
 Reference value :  7.70713e-07
 Reference value :  7.71363e-07
 Reference value :  7.72008e-07
 Reference value :  7.72623e-07
 Reference value :  7.73258e-07
 Reference value :  7.73853e-07
 Reference value :  7.74433e-07
 Reference value :  7.75053e-07
 Reference value :  7.75623e-07
 Reference value :  7.76208e-07
 Reference value :  7.76783e-07
 Reference value :  7.77403e-07
 Reference value :  7.77943e-07
 Reference value :  7.78523e-07
 Reference value :  7.79153e-07
 Reference value :  7.79783e-07
 Reference value :  7.80363e-07
 Reference value :  7.80918e-07
 Reference value :  7.81503e-07
 Reference value :  7.82113e-07
 Reference value :  7.82703e-07
 Reference value :  7.83263e-07
 Reference value :  7.83853e-07
 Reference value :  7.84493e-07
 Reference value :  7.85118e-07
 Reference value :  7.85698e-07
 Reference value :  7.86388e-07
 Reference value :  7.86983e-07
 Reference value :  7.87638e-07
 Reference value :  7.88233e-07
 Reference value :  7.88788e-07
 Reference value :  7.89358e-07
 Reference value :  7.90018e-07
 Reference value :  7.90648e-07
 Reference value :  7.91253e-07
 Reference value :  7.91963e-07
 Reference value :  7.92533e-07
 Reference value :  7.93173e-07
 Reference value :  7.93813e-07
 Reference value :  7.94478e-07
 Reference value :  7.95078e-07
 Reference value :  7.95658e-07
 Reference value :  7.96333e-07
 Reference value :  7.96908e-07
 Reference value :  7.97458e-07
 Reference value :  7.98023e-07
 Reference value :  7.98603e-07
 Reference value :  7.99123e-07
 Reference value :  7.99683e-07
No. of Data Rows : 160024
pt1a                =  1.48507e-08
pt1b                =  8.13149e-08
pt2a                =  1.44368e-08
pt2b                =  7.79066e-08
pt3a                =  1.41786e-08
pt3b                =  7.52682e-08
pt4a                =  1.38677e-08
pt4b                =  7.25509e-08
pvxo_max            =  1.87715e+00 at=  4.94532e-07
pvxo_min            =  -6.64650e-02 at=  1.13858e-07
ptxo_a              =  1.87957e-08
ptxo_b              =  1.22693e-07
ptt1a               =  1.85972e-08
ptt1b               =  2.02670e-07
pvxo_avg            =  8.02593e-01 from=  1.00000e-07 to=  8.00000e-07
pvt1_avg            =  8.16610e-01 from=  1.00000e-07 to=  8.00000e-07
pi1                 =  -9.47124e-06 from=  1.00000e-07 to=  8.00000e-07
pi2                 =  -9.87123e-06 from=  1.00000e-07 to=  8.00000e-07
pi3                 =  -1.02426e-05 from=  1.00000e-07 to=  8.00000e-07
pi4                 =  -1.06107e-05 from=  1.00000e-07 to=  8.00000e-07
pib                 =  -7.11233e-05 from=  1.00000e-07 to=  8.00000e-07
t1a                 =  1.24238e-08
t1b                 =  4.12577e-08
t2a                 =  1.20329e-08
t2b                 =  3.92120e-08
t3a                 =  1.16611e-08
t3b                 =  3.73896e-08
t4a                 =  1.13389e-08
t4b                 =  3.56854e-08
vxo_max             =  1.96962e+00 at=  7.77458e-07
vxo_min             =  -1.58409e-01 at=  2.66158e-07
txo_a               =  8.45371e-09
txo_b               =  5.93042e-08
tt1a                =  8.34723e-09
tt1b                =  9.20921e-08
vxo_avg             =  9.66640e-01 from=  1.00000e-07 to=  8.00000e-07
vt1_avg             =  8.33205e-01 from=  1.00000e-07 to=  8.00000e-07
i1                  =  -1.10229e-05 from=  1.00000e-07 to=  8.00000e-07
i2                  =  -1.15403e-05 from=  1.00000e-07 to=  8.00000e-07
i3                  =  -1.20521e-05 from=  1.00000e-07 to=  8.00000e-07
i4                  =  -1.25678e-05 from=  1.00000e-07 to=  8.00000e-07
ib                  =  -6.89964e-05 from=  1.00000e-07 to=  8.00000e-07
p_tr1 = 6.646412e-09
p_tr2 = 6.346979e-09
p_tr3 = 6.108961e-09
p_tr4 = 5.868316e-09
p_skew_span = 1.132593e+00
p_f_ideal = 6.421130e+08
p_f_xo = 4.619965e+08
p_edge_retention = 7.194942e-01
p_retention_n2 = 8.466112e-01
p_retention_n4 = 7.194942e-01
p_bias_t1 = 4.536719e-01
p_bias_xo = 4.458850e-01
p_swing_frac_xo = 1.079789e+00
p_i_rings = 4.019578e-05
p_i_block = 7.112327e-05
p_i_array_total = 1.113191e-04
p_p_array_total = 2.003743e-04
tr1 = 2.883390e-09
tr2 = 2.717908e-09
tr3 = 2.572846e-09
tr4 = 2.434657e-09
skew_span = 1.184311e+00
f_ideal = 1.514154e+09
f_xo = 9.439431e+08
edge_retention = 6.234128e-01
retention_n2 = 8.019225e-01
retention_n4 = 6.234128e-01
bias_t1 = 4.628917e-01
bias_xo = 5.370219e-01
swing_frac_xo = 1.182236e+00
i_rings = 4.718298e-05
i_block = 6.899643e-05
i_array_total = 1.161794e-04
p_array_total_pre = 2.091229e-04
slowdown_r1 = 2.305069e+00
slowdown_r2 = 2.335244e+00
slowdown_r3 = 2.374398e+00
slowdown_r4 = 2.410326e+00
Note: Simulation executed from .control section 

----- stderr -----

