|* ro_array_core as rebuilt -- combining fidelity, frequency ladder, array current
|*
|* Purpose: this is the assembled-block measurement for issue #13's rebuild.
|* It drives the COMMITTED design/ro_array_core.spice -- the netlist
|* design/netlist.py exports from design/xschem/ro_array_core.sch and guards
|* with --check -- so what it measures is the schematic as drawn, N = 4
|* five-stage rings and all, not a hand-built approximation of it.
|*
|* Three things it establishes, none of which #10's campaign could:
|*
|*   1. COMBINING FIDELITY, in two separate senses that must not be
|*      conflated.
|*
|*      (a) EDGE RETENTION -- a bandwidth measure. The XOR tree's ceiling on
|*      N (sim/xor-combining-bandwidth/) is derived from a single gate driven
|*      by a periodic square wave. The real combining node is driven by the
|*      superposition of 4 skewed rings, whose inter-edge gaps are spread,
|*      not uniform: even when the MEAN gap is comfortably above the gate's
|*      minimum pulse width, the rings beat against each other and edge pairs
|*      pass through near-coincidence, where they are swallowed. This deck
|*      measures the realized rising-edge rate at a node and divides it by
|*      the ideal rate sum(1/T_i) over the rings feeding it, taken from the
|*      SAME run's per-ring periods.
|*
|*      Because the tree is BALANCED, one run gives that ratio at two array
|*      sizes for free: xdut.t1 combines 2 rings and xo combines all 4. No
|*      separate N-sweep deck is needed, and both numbers come from identical
|*      rings under identical conditions.
|*
|*      (b) VALUE FIDELITY -- a bias measure, and the one that actually
|*      reaches the sampler. A swallowed pulse is a swallowed PAIR of edges,
|*      and two missed toggles leave the node's parity unchanged, so the
|*      sampled value still tracks the ideal XOR of all four rings except
|*      inside the short swallowed window itself. Systematic bias at the
|*      combining node is what would destroy raw min-entropy, so this deck
|*      measures the time-average level of each combining node directly. A
|*      node whose mean sits at 0.5 x Vdd is combining without a DC error,
|*      however many edges it dropped.
|*
|*      Reporting only (a) would overstate the damage; reporting only (b)
|*      would hide that the tree is filtering at all. Both are recorded.
|*
|*   2. THE FREQUENCY LADDER, realized. ro_array_core.sch skews the rings by
|*      starve-device width, wstv = 0.42 um to 0.48 um in 0.02 um steps. What
|*      that ladder does to the actual oscillation frequencies is a device
|*      fact, not a design intent, and integer frequency ratios are the ones
|*      that mutually injection lock. This deck reports all four periods
|*      from one run so the realized ratios can be read off directly.
|*
|*   3. ARRAY SUPPLY CURRENT. Four separate vddr sources plus the block vdd,
|*      each measured separately, summed into a total. design/README.md's
|*      power rows had no sky130 measurement at all behind them.
|*
|* Start-up is by ENABLE RELEASE, not by .ic. A deterministic transient of a
|* ring started at its own DC operating point sits at the metastable point
|* and never oscillates, and the rings' internal nodes are inside a subckt
|* here (unlike #10's in-place ring decks, which could .ic them from the top
|* level). So all four enables are held at 0 through the DC operating point
|* and released together at t = 5 ns: with en = 0 the ro_nand2 pins its own
|* output high, which is a defined state, and releasing it starts the ring.
|* That is also how the block is actually meant to be brought up.
|*
|* Measurement window is 60 ns to 200 ns, i.e. 55 ns after release -- more
|* than ten periods of the slowest ring measured anywhere in the grid.
|*
|* Edge retention uses rising crossings 2 through 50 at xo rather than a
|* whole-vector transition count: it is a rate over 48 intervals, it needs no
|* vector-length arithmetic, and crossing 50 stays reachable inside the
|* window even if the tree were swallowing half the edges. Crossing 1 is
|* discarded as start-up.
|*
|* PVT: three (temp, supply) points, each bundling the tt/ss/ff process axis:
|*   -40 degC / 1.62 V   the entropy-binding corner (ss). Slowest rings, so
|*                       the widest edge spacing -- where retention should be
|*                       highest and where the entropy requirement binds.
|*    27 degC / 1.80 V   nominal
|*   -40 degC / 1.98 V   the fastest rings measured anywhere in #10's grid
|*                       (ff) -- the narrowest edge spacing, and also the
|*                       corner sim/ro-array-operating-point/ found BINDS the
|*                       combining bound. This is the hardest test of the
|*                       combining tree, and where retention is expected to
|*                       be WORST.
|*
|* This file is a TEMPLATE: sim/bin/corner-run.py substitutes /home/ubuntu/.volare/volare/sky130/versions/c6d73a35f524070e85faff4a6a9eef49553ebc2b/sky130A/libs.tech/combined/sky130.lib.spice,
|* ss, /home/ubuntu/GitHub/sky130-trng/.loom/worktrees/issue-13/design/ro_array_core.spice (pointed at design/ro_array_core.spice via
|* --ro-ring5), -40.0, 1.62 and 5p. As committed it is not a
|* runnable deck.
|
|.option scale=1u
|.lib "/home/ubuntu/.volare/volare/sky130/versions/c6d73a35f524070e85faff4a6a9eef49553ebc2b/sky130A/libs.tech/combined/sky130.lib.spice" ss
|
|.include "/home/ubuntu/GitHub/sky130-trng/.loom/worktrees/issue-13/design/ro_array_core.spice"
|
|.temp -40.0
|
|* per-ring supplies, one source per ring so each current is separable
|Vddr1 vddr1 0 dc 1.62
|Vddr2 vddr2 0 dc 1.62
|Vddr3 vddr3 0 dc 1.62
|Vddr4 vddr4 0 dc 1.62
|* block supply: combining tree + the four ring output buffers
|Vdd vdd 0 dc 1.62
|
|* enables: held low through the DC solution, released together at 5 ns
|Ven1 en1 0 PULSE(0 1.62 5n 100p 100p 1u 2u)
|Ven2 en2 0 PULSE(0 1.62 5n 100p 100p 1u 2u)
|Ven3 en3 0 PULSE(0 1.62 5n 100p 100p 1u 2u)
|Ven4 en4 0 PULSE(0 1.62 5n 100p 100p 1u 2u)
|
|xdut en1 en2 en3 en4 vddr1 vddr2 vddr3 vddr4 vdd 0 xo ro1 ro2 ro3 ro4 ro_array_core
|
|.tran 5p 200n
|
|.control
|run
|* --- per-ring periods, 10 whole periods each, first two edges discarded ---
|meas tran t1a when v(ro1)=0.5*1.62 rise=3
|meas tran t1b when v(ro1)=0.5*1.62 rise=13
|meas tran t2a when v(ro2)=0.5*1.62 rise=3
|meas tran t2b when v(ro2)=0.5*1.62 rise=13
|meas tran t3a when v(ro3)=0.5*1.62 rise=3
|meas tran t3b when v(ro3)=0.5*1.62 rise=13
|meas tran t4a when v(ro4)=0.5*1.62 rise=3
|meas tran t4b when v(ro4)=0.5*1.62 rise=13
|let tr1 = (t1b - t1a)/10
|let tr2 = (t2b - t2a)/10
|let tr3 = (t3b - t3a)/10
|let tr4 = (t4b - t4a)/10
|let f_ideal2 = 1/tr1 + 1/tr2
|let f_ideal = 1/tr1 + 1/tr2 + 1/tr3 + 1/tr4
|let skew_span = tr1/tr4
|* --- combining node: swing and realized rising-edge rate ---
|meas tran vxo_max MAX v(xo) from=60n to=200n
|meas tran vxo_min MIN v(xo) from=60n to=200n
|let swing_frac_xo = (vxo_max - vxo_min) / 1.62
|meas tran txo_a when v(xo)=0.5*1.62 rise=2
|meas tran txo_b when v(xo)=0.5*1.62 rise=50
|let f_xo = 48/(txo_b - txo_a)
|let edge_retention = f_xo / f_ideal
|* the same ratio one tree level down, i.e. at N = 2, from the same rings in
|* the same run (balanced tree, so t1 combines rings 1-2)
|meas tran tt1a when v(xdut.t1)=0.5*1.62 rise=2
|meas tran tt1b when v(xdut.t1)=0.5*1.62 rise=50
|let f_t1 = 48/(tt1b - tt1a)
|let retention_n2 = f_t1 / f_ideal2
|let retention_n4 = edge_retention
|* --- value fidelity: time-average level of each combining node ---
|meas tran vxo_avg AVG v(xo) from=60n to=200n
|meas tran vt1_avg AVG v(xdut.t1) from=60n to=200n
|let bias_xo = vxo_avg / 1.62
|let bias_t1 = vt1_avg / 1.62
|* --- supply currents (sign-flipped to read as consumed current) ---
|meas tran i1 AVG i(Vddr1) from=60n to=200n
|meas tran i2 AVG i(Vddr2) from=60n to=200n
|meas tran i3 AVG i(Vddr3) from=60n to=200n
|meas tran i4 AVG i(Vddr4) from=60n to=200n
|meas tran ib AVG i(Vdd) from=60n to=200n
|let i_rings = -(i1 + i2 + i3 + i4)
|let i_block = -ib
|let i_array_total = i_rings + i_block
|let p_array_total = i_array_total * 1.62
|print tr1
|print tr2
|print tr3
|print tr4
|print skew_span
|print f_ideal
|print f_xo
|print edge_retention
|print retention_n2
|print retention_n4
|print bias_t1
|print bias_xo
|print swing_frac_xo
|print i_rings
|print i_block
|print i_array_total
|print p_array_total
|.endc
|.end
|

----- stdout -----

Note: No compatibility mode selected!


Circuit: * ro_array_core as rebuilt -- combining fidelity, frequency ladder, array current

Doing analysis at TEMP = -40.000000 and TNOM = 27.000000

Using SPARSE 1.3 as Direct Linear Solver

Initial Transient Solution
--------------------------

Node                                   Voltage
----                                   -------
vddr1                                     1.62
vddr2                                     1.62
vddr3                                     1.62
vddr4                                     1.62
vdd                                       1.62
en1                                          0
en2                                          0
en3                                          0
en4                                          0
xdut.xr1.xg.py                            1.62
xdut.xr1.n1                               1.62
xdut.rn1                                  1.62
xdut.xr1.xg.nm                         1.10099
xdut.xr1.xg.ny                     3.74311e-13
xdut.xr1.x1.py                            1.62
xdut.xr1.n2                        4.15421e-08
xdut.xr1.x1.ny                     3.56855e-08
xdut.xr1.x2.py                            1.62
xdut.xr1.n3                               1.62
xdut.xr1.x2.ny                     3.53568e-15
xdut.xr1.x3.py                            1.62
xdut.xr1.n4                        4.15421e-08
xdut.xr1.x3.ny                     3.56855e-08
xdut.xr1.x4.py                            1.62
xdut.xr1.x4.ny                     3.53568e-15
xdut.xr2.xg.py                            1.62
xdut.xr2.n1                               1.62
xdut.rn2                                  1.62
xdut.xr2.xg.nm                         1.10099
xdut.xr2.xg.ny                     3.58277e-13
xdut.xr2.x1.py                            1.62
xdut.xr2.n2                        4.00077e-08
xdut.xr2.x1.ny                     3.41511e-08
xdut.xr2.x2.py                            1.62
xdut.xr2.n3                               1.62
xdut.xr2.x2.ny                     3.27766e-15
xdut.xr2.x3.py                            1.62
xdut.xr2.n4                        4.00077e-08
xdut.xr2.x3.ny                     3.41511e-08
xdut.xr2.x4.py                            1.62
xdut.xr2.x4.ny                     3.27766e-15
xdut.xr3.xg.py                            1.62
xdut.xr3.n1                               1.62
xdut.rn3                                  1.62
xdut.xr3.xg.nm                         1.10099
xdut.xr3.xg.ny                     3.42544e-13
xdut.xr3.x1.py                            1.62
xdut.xr3.n2                        3.85157e-08
xdut.xr3.x1.ny                     3.26591e-08
xdut.xr3.x2.py                            1.62
xdut.xr3.n3                               1.62
xdut.xr3.x2.ny                     3.13613e-15
xdut.xr3.x3.py                            1.62
xdut.xr3.n4                        3.85157e-08
xdut.xr3.x3.ny                     3.26591e-08
xdut.xr3.x4.py                            1.62
xdut.xr3.x4.ny                     3.13613e-15
xdut.xr4.xg.py                            1.62
xdut.xr4.n1                               1.62
xdut.rn4                                  1.62
xdut.xr4.xg.nm                         1.10099
xdut.xr4.xg.ny                     3.27717e-13
xdut.xr4.x1.py                            1.62
xdut.xr4.n2                        3.70913e-08
xdut.xr4.x1.ny                     3.12347e-08
xdut.xr4.x2.py                            1.62
xdut.xr4.n3                               1.62
xdut.xr4.x2.ny                     3.11045e-15
xdut.xr4.x3.py                            1.62
xdut.xr4.n4                        3.70913e-08
xdut.xr4.x3.ny                     3.12347e-08
xdut.xr4.x4.py                            1.62
xdut.xr4.x4.ny                     3.11045e-15
ro1                                5.85663e-09
ro2                                5.85663e-09
ro3                                5.85663e-09
ro4                                5.85663e-09
xdut.xa1.an                               1.62
xdut.xa1.bn                               1.62
xdut.xa1.mid                              1.62
xdut.t1                            9.41386e-09
xdut.xa1.s1                         4.6109e-13
xdut.xa1.s2                        4.70693e-09
xdut.xa2.an                               1.62
xdut.xa2.bn                               1.62
xdut.xa2.mid                              1.62
xdut.t2                            9.41386e-09
xdut.xa2.s1                         4.6109e-13
xdut.xa2.s2                        4.70693e-09
xdut.xa3.an                               1.62
xdut.xa3.bn                               1.62
xdut.xa3.mid                              1.62
xo                                 9.41386e-09
xdut.xa3.s1                         4.6109e-13
xdut.xa3.s2                        4.70693e-09
ven4#branch                                  0
ven3#branch                                  0
ven2#branch                                  0
ven1#branch                                  0
vdd#branch                        -2.88098e-11
vddr4#branch                      -1.09059e-11
vddr3#branch                      -1.09056e-11
vddr2#branch                      -1.09062e-11
vddr1#branch                      -1.09059e-11

 Reference value :  0.00000e+00
 Reference value :  2.56400e-10
 Reference value :  8.26400e-10
 Reference value :  1.52140e-09
 Reference value :  2.18640e-09
 Reference value :  2.88640e-09
 Reference value :  3.52140e-09
 Reference value :  3.96640e-09
 Reference value :  4.39140e-09
 Reference value :  5.00350e-09
 Reference value :  5.58250e-09
 Reference value :  6.25250e-09
 Reference value :  6.94250e-09
 Reference value :  7.31250e-09
 Reference value :  7.67250e-09
 Reference value :  8.26750e-09
 Reference value :  8.69250e-09
 Reference value :  9.05750e-09
 Reference value :  9.68250e-09
 Reference value :  9.98750e-09
 Reference value :  1.05525e-08
 Reference value :  1.11625e-08
 Reference value :  1.16025e-08
 Reference value :  1.18925e-08
 Reference value :  1.22075e-08
 Reference value :  1.28625e-08
 Reference value :  1.35225e-08
 Reference value :  1.41825e-08
 Reference value :  1.48425e-08
 Reference value :  1.54125e-08
 Reference value :  1.60475e-08
 Reference value :  1.65775e-08
 Reference value :  1.71125e-08
 Reference value :  1.77325e-08
 Reference value :  1.83175e-08
 Reference value :  1.89475e-08
 Reference value :  1.92975e-08
 Reference value :  1.95775e-08
 Reference value :  2.01075e-08
 Reference value :  2.06725e-08
 Reference value :  2.12925e-08
 Reference value :  2.17475e-08
 Reference value :  2.18275e-08
 Reference value :  2.23025e-08
 Reference value :  2.28775e-08
 Reference value :  2.34525e-08
 Reference value :  2.37475e-08
 Reference value :  2.39025e-08
 Reference value :  2.44825e-08
 Reference value :  2.51475e-08
 Reference value :  2.56925e-08
 Reference value :  2.63125e-08
 Reference value :  2.68125e-08
 Reference value :  2.71375e-08
 Reference value :  2.74475e-08
 Reference value :  2.80175e-08
 Reference value :  2.86875e-08
 Reference value :  2.92475e-08
 Reference value :  2.95525e-08
 Reference value :  2.96925e-08
 Reference value :  3.02875e-08
 Reference value :  3.09225e-08
 Reference value :  3.15225e-08
 Reference value :  3.20625e-08
 Reference value :  3.24025e-08
 Reference value :  3.25125e-08
 Reference value :  3.27975e-08
 Reference value :  3.33975e-08
 Reference value :  3.40075e-08
 Reference value :  3.42375e-08
 Reference value :  3.45075e-08
 Reference value :  3.50525e-08
 Reference value :  3.57225e-08
 Reference value :  3.63125e-08
 Reference value :  3.69225e-08
 Reference value :  3.73925e-08
 Reference value :  3.76675e-08
 Reference value :  3.81825e-08
 Reference value :  3.87575e-08
 Reference value :  3.93225e-08
 Reference value :  3.96025e-08
 Reference value :  3.98225e-08
 Reference value :  4.04275e-08
 Reference value :  4.10875e-08
 Reference value :  4.16475e-08
 Reference value :  4.22525e-08
 Reference value :  4.27775e-08
 Reference value :  4.30175e-08
 Reference value :  4.32775e-08
 Reference value :  4.37775e-08
 Reference value :  4.43675e-08
 Reference value :  4.49475e-08
 Reference value :  4.54825e-08
 Reference value :  4.60825e-08
 Reference value :  4.64325e-08
 Reference value :  4.70925e-08
 Reference value :  4.76875e-08
 Reference value :  4.83225e-08
 Reference value :  4.89325e-08
 Reference value :  4.95075e-08
 Reference value :  4.99275e-08
 Reference value :  5.03925e-08
 Reference value :  5.09775e-08
 Reference value :  5.15625e-08
 Reference value :  5.22425e-08
 Reference value :  5.27425e-08
 Reference value :  5.28675e-08
 Reference value :  5.33675e-08
 Reference value :  5.38575e-08
 Reference value :  5.44025e-08
 Reference value :  5.48325e-08
 Reference value :  5.54125e-08
 Reference value :  5.58875e-08
 Reference value :  5.65525e-08
 Reference value :  5.72175e-08
 Reference value :  5.78525e-08
 Reference value :  5.83925e-08
 Reference value :  5.89375e-08
 Reference value :  5.94725e-08
 Reference value :  6.00675e-08
 Reference value :  6.07375e-08
 Reference value :  6.14325e-08
 Reference value :  6.20375e-08
 Reference value :  6.27225e-08
 Reference value :  6.32675e-08
 Reference value :  6.38075e-08
 Reference value :  6.42825e-08
 Reference value :  6.49225e-08
 Reference value :  6.55475e-08
 Reference value :  6.61575e-08
 Reference value :  6.68475e-08
 Reference value :  6.74525e-08
 Reference value :  6.80325e-08
 Reference value :  6.85875e-08
 Reference value :  6.92525e-08
 Reference value :  6.99525e-08
 Reference value :  7.04975e-08
 Reference value :  7.11425e-08
 Reference value :  7.16475e-08
 Reference value :  7.19025e-08
 Reference value :  7.25925e-08
 Reference value :  7.32375e-08
 Reference value :  7.38075e-08
 Reference value :  7.43425e-08
 Reference value :  7.50325e-08
 Reference value :  7.55775e-08
 Reference value :  7.62225e-08
 Reference value :  7.68575e-08
 Reference value :  7.75375e-08
 Reference value :  7.82075e-08
 Reference value :  7.87825e-08
 Reference value :  7.94225e-08
 Reference value :  7.99975e-08
 Reference value :  8.06575e-08
 Reference value :  8.12475e-08
 Reference value :  8.18575e-08
 Reference value :  8.25525e-08
 Reference value :  8.31425e-08
 Reference value :  8.37225e-08
 Reference value :  8.42625e-08
 Reference value :  8.48675e-08
 Reference value :  8.54025e-08
 Reference value :  8.58875e-08
 Reference value :  8.65075e-08
 Reference value :  8.71475e-08
 Reference value :  8.78175e-08
 Reference value :  8.84275e-08
 Reference value :  8.91075e-08
 Reference value :  8.96225e-08
 Reference value :  9.00325e-08
 Reference value :  9.04825e-08
 Reference value :  9.10025e-08
 Reference value :  9.16475e-08
 Reference value :  9.22725e-08
 Reference value :  9.28975e-08
 Reference value :  9.35275e-08
 Reference value :  9.41575e-08
 Reference value :  9.47525e-08
 Reference value :  9.52225e-08
 Reference value :  9.58575e-08
 Reference value :  9.64175e-08
 Reference value :  9.70625e-08
 Reference value :  9.76075e-08
 Reference value :  9.76425e-08
 Reference value :  9.78975e-08
 Reference value :  9.84825e-08
 Reference value :  9.91525e-08
 Reference value :  9.96975e-08
 Reference value :  1.00323e-07
 Reference value :  1.00998e-07
 Reference value :  1.01583e-07
 Reference value :  1.02243e-07
 Reference value :  1.02798e-07
 Reference value :  1.03423e-07
 Reference value :  1.04048e-07
 Reference value :  1.04663e-07
 Reference value :  1.05283e-07
 Reference value :  1.05863e-07
 Reference value :  1.06528e-07
 Reference value :  1.07093e-07
 Reference value :  1.07733e-07
 Reference value :  1.08363e-07
 Reference value :  1.08983e-07
 Reference value :  1.09498e-07
 Reference value :  1.09983e-07
 Reference value :  1.10568e-07
 Reference value :  1.11123e-07
 Reference value :  1.11438e-07
 Reference value :  1.11898e-07
 Reference value :  1.12538e-07
 Reference value :  1.13183e-07
 Reference value :  1.13768e-07
 Reference value :  1.14348e-07
 Reference value :  1.14928e-07
 Reference value :  1.15583e-07
 Reference value :  1.16203e-07
 Reference value :  1.16818e-07
 Reference value :  1.17398e-07
 Reference value :  1.17898e-07
 Reference value :  1.18513e-07
 Reference value :  1.19098e-07
 Reference value :  1.19723e-07
 Reference value :  1.20358e-07
 Reference value :  1.20998e-07
 Reference value :  1.21623e-07
 Reference value :  1.22063e-07
 Reference value :  1.22333e-07
 Reference value :  1.22758e-07
 Reference value :  1.23248e-07
 Reference value :  1.23818e-07
 Reference value :  1.24428e-07
 Reference value :  1.25063e-07
 Reference value :  1.25653e-07
 Reference value :  1.26283e-07
 Reference value :  1.26843e-07
 Reference value :  1.27318e-07
 Reference value :  1.27788e-07
 Reference value :  1.28403e-07
 Reference value :  1.29093e-07
 Reference value :  1.29718e-07
 Reference value :  1.30403e-07
 Reference value :  1.30988e-07
 Reference value :  1.31643e-07
 Reference value :  1.32238e-07
 Reference value :  1.32803e-07
 Reference value :  1.33453e-07
 Reference value :  1.34078e-07
 Reference value :  1.34778e-07
 Reference value :  1.35338e-07
 Reference value :  1.35968e-07
 Reference value :  1.36648e-07
 Reference value :  1.37283e-07
 Reference value :  1.37943e-07
 Reference value :  1.38548e-07
 Reference value :  1.39233e-07
 Reference value :  1.39873e-07
 Reference value :  1.40568e-07
 Reference value :  1.41198e-07
 Reference value :  1.41778e-07
 Reference value :  1.42388e-07
 Reference value :  1.42973e-07
 Reference value :  1.43493e-07
 Reference value :  1.44128e-07
 Reference value :  1.44818e-07
 Reference value :  1.45518e-07
 Reference value :  1.46123e-07
 Reference value :  1.46728e-07
 Reference value :  1.47303e-07
 Reference value :  1.47938e-07
 Reference value :  1.48523e-07
 Reference value :  1.49178e-07
 Reference value :  1.49873e-07
 Reference value :  1.50493e-07
 Reference value :  1.51078e-07
 Reference value :  1.51628e-07
 Reference value :  1.52243e-07
 Reference value :  1.52833e-07
 Reference value :  1.53463e-07
 Reference value :  1.53638e-07
 Reference value :  1.54048e-07
 Reference value :  1.54688e-07
 Reference value :  1.55298e-07
 Reference value :  1.55848e-07
 Reference value :  1.56458e-07
 Reference value :  1.57088e-07
 Reference value :  1.57663e-07
 Reference value :  1.58243e-07
 Reference value :  1.58873e-07
 Reference value :  1.59433e-07
 Reference value :  1.60093e-07
 Reference value :  1.60688e-07
 Reference value :  1.61278e-07
 Reference value :  1.61923e-07
 Reference value :  1.62438e-07
 Reference value :  1.63063e-07
 Reference value :  1.63648e-07
 Reference value :  1.64238e-07
 Reference value :  1.64888e-07
 Reference value :  1.65408e-07
 Reference value :  1.66033e-07
 Reference value :  1.66618e-07
 Reference value :  1.67238e-07
 Reference value :  1.67793e-07
 Reference value :  1.68403e-07
 Reference value :  1.68978e-07
 Reference value :  1.69498e-07
 Reference value :  1.70118e-07
 Reference value :  1.70703e-07
 Reference value :  1.71383e-07
 Reference value :  1.71968e-07
 Reference value :  1.72618e-07
 Reference value :  1.73213e-07
 Reference value :  1.73748e-07
 Reference value :  1.74388e-07
 Reference value :  1.74928e-07
 Reference value :  1.75493e-07
 Reference value :  1.75678e-07
 Reference value :  1.76303e-07
 Reference value :  1.76903e-07
 Reference value :  1.77518e-07
 Reference value :  1.78068e-07
 Reference value :  1.78558e-07
 Reference value :  1.79033e-07
 Reference value :  1.79388e-07
 Reference value :  1.79458e-07
 Reference value :  1.79738e-07
 Reference value :  1.80308e-07
 Reference value :  1.80988e-07
 Reference value :  1.81553e-07
 Reference value :  1.82218e-07
 Reference value :  1.82863e-07
 Reference value :  1.83453e-07
 Reference value :  1.84093e-07
 Reference value :  1.84703e-07
 Reference value :  1.85248e-07
 Reference value :  1.85838e-07
 Reference value :  1.86468e-07
 Reference value :  1.87063e-07
 Reference value :  1.87748e-07
 Reference value :  1.88378e-07
 Reference value :  1.88998e-07
 Reference value :  1.89598e-07
 Reference value :  1.90113e-07
 Reference value :  1.90618e-07
 Reference value :  1.91228e-07
 Reference value :  1.91793e-07
 Reference value :  1.92388e-07
 Reference value :  1.93068e-07
 Reference value :  1.93673e-07
 Reference value :  1.94218e-07
 Reference value :  1.94738e-07
 Reference value :  1.95353e-07
 Reference value :  1.95958e-07
 Reference value :  1.96573e-07
 Reference value :  1.97238e-07
 Reference value :  1.97763e-07
 Reference value :  1.98228e-07
 Reference value :  1.98843e-07
 Reference value :  1.99383e-07
No. of Data Rows : 40014
t1a                 =  1.84719e-08
t1b                 =  7.27430e-08
t2a                 =  1.79729e-08
t2b                 =  7.01352e-08
t3a                 =  1.74777e-08
t3b                 =  6.76655e-08
t4a                 =  1.70308e-08
t4b                 =  6.53394e-08
vxo_max             =  1.79238e+00 at=  1.21743e-07
vxo_min             =  -2.14341e-01 at=  7.28675e-08
txo_a               =  1.63461e-08
txo_b               =  1.06886e-07
tt1a                =  1.30032e-08
tt1b                =  1.62213e-07
vxo_avg             =  5.25188e-01 from=  6.00000e-08 to=  2.00000e-07
vt1_avg             =  7.46176e-01 from=  6.00000e-08 to=  2.00000e-07
i1                  =  -5.00943e-06 from=  6.00000e-08 to=  2.00000e-07
i2                  =  -5.19396e-06 from=  6.00000e-08 to=  2.00000e-07
i3                  =  -5.37718e-06 from=  6.00000e-08 to=  2.00000e-07
i4                  =  -5.57199e-06 from=  6.00000e-08 to=  2.00000e-07
ib                  =  -2.88776e-05 from=  6.00000e-08 to=  2.00000e-07
tr1 = 5.427116e-09
tr2 = 5.216235e-09
tr3 = 5.018784e-09
tr4 = 4.830860e-09
skew_span = 1.123426e+00
f_ideal = 7.822230e+08
f_xo = 5.301551e+08
edge_retention = 6.777544e-01
retention_n2 = 8.556439e-01
retention_n4 = 6.777544e-01
bias_t1 = 4.606027e-01
bias_xo = 3.241904e-01
swing_frac_xo = 1.238714e+00
i_rings = 2.115256e-05
i_block = 2.887765e-05
i_array_total = 5.003021e-05
p_array_total = 8.104893e-05
Note: Simulation executed from .control section 

----- stderr -----

Checking parameters for BSIM 4.5 model xdut.xa3.xmnib:nshort_model.48
Warning: Eta0 = -0.0286127 is negative.

Checking parameters for BSIM 4.5 model xdut.xa3.xmnia:nshort_model.48
Warning: Eta0 = -0.0286127 is negative.

Checking parameters for BSIM 4.5 model xdut.xa2.xmnib:nshort_model.48
Warning: Eta0 = -0.0286127 is negative.

Checking parameters for BSIM 4.5 model xdut.xa2.xmnia:nshort_model.48
Warning: Eta0 = -0.0286127 is negative.

Checking parameters for BSIM 4.5 model xdut.xa1.xmnib:nshort_model.48
Warning: Eta0 = -0.0286127 is negative.

Checking parameters for BSIM 4.5 model xdut.xa1.xmnia:nshort_model.48
Warning: Eta0 = -0.0286127 is negative.

Checking parameters for BSIM 4.5 model xdut.xb4.xmn:nshort_model.48
Warning: Eta0 = -0.0286127 is negative.

Checking parameters for BSIM 4.5 model xdut.xb3.xmn:nshort_model.48
Warning: Eta0 = -0.0286127 is negative.

Checking parameters for BSIM 4.5 model xdut.xb2.xmn:nshort_model.48
Warning: Eta0 = -0.0286127 is negative.

Checking parameters for BSIM 4.5 model xdut.xb1.xmn:nshort_model.48
Warning: Eta0 = -0.0286127 is negative.

Checking parameters for BSIM 4.5 model xdut.xr4.x4.xmn:nshort_model.48
Warning: Eta0 = -0.0286127 is negative.

Checking parameters for BSIM 4.5 model xdut.xr4.x4.xmph:pshort_model.44
Warning: Eta0 = -0.00221468 is negative.

Checking parameters for BSIM 4.5 model xdut.xr4.x3.xmn:nshort_model.48
Warning: Eta0 = -0.0286127 is negative.

Checking parameters for BSIM 4.5 model xdut.xr4.x3.xmph:pshort_model.44
Warning: Eta0 = -0.00221468 is negative.

Checking parameters for BSIM 4.5 model xdut.xr4.x2.xmn:nshort_model.48
Warning: Eta0 = -0.0286127 is negative.

Checking parameters for BSIM 4.5 model xdut.xr4.x2.xmph:pshort_model.44
Warning: Eta0 = -0.00221468 is negative.

Checking parameters for BSIM 4.5 model xdut.xr4.x1.xmn:nshort_model.48
Warning: Eta0 = -0.0286127 is negative.

Checking parameters for BSIM 4.5 model xdut.xr4.x1.xmph:pshort_model.44
Warning: Eta0 = -0.00221468 is negative.

Checking parameters for BSIM 4.5 model xdut.xr4.xg.xmph:pshort_model.44
Warning: Eta0 = -0.00221468 is negative.

Checking parameters for BSIM 4.5 model xdut.xr3.x4.xmn:nshort_model.48
Warning: Eta0 = -0.0286127 is negative.

Checking parameters for BSIM 4.5 model xdut.xr3.x4.xmph:pshort_model.44
Warning: Eta0 = -0.00221468 is negative.

Checking parameters for BSIM 4.5 model xdut.xr3.x3.xmn:nshort_model.48
Warning: Eta0 = -0.0286127 is negative.

Checking parameters for BSIM 4.5 model xdut.xr3.x3.xmph:pshort_model.44
Warning: Eta0 = -0.00221468 is negative.

Checking parameters for BSIM 4.5 model xdut.xr3.x2.xmn:nshort_model.48
Warning: Eta0 = -0.0286127 is negative.

Checking parameters for BSIM 4.5 model xdut.xr3.x2.xmph:pshort_model.44
Warning: Eta0 = -0.00221468 is negative.

Checking parameters for BSIM 4.5 model xdut.xr3.x1.xmn:nshort_model.48
Warning: Eta0 = -0.0286127 is negative.

Checking parameters for BSIM 4.5 model xdut.xr3.x1.xmph:pshort_model.44
Warning: Eta0 = -0.00221468 is negative.

Checking parameters for BSIM 4.5 model xdut.xr3.xg.xmph:pshort_model.44
Warning: Eta0 = -0.00221468 is negative.

Checking parameters for BSIM 4.5 model xdut.xr2.x4.xmn:nshort_model.48
Warning: Eta0 = -0.0286127 is negative.

Checking parameters for BSIM 4.5 model xdut.xr2.x4.xmph:pshort_model.44
Warning: Eta0 = -0.00221468 is negative.

Checking parameters for BSIM 4.5 model xdut.xr2.x3.xmn:nshort_model.48
Warning: Eta0 = -0.0286127 is negative.

Checking parameters for BSIM 4.5 model xdut.xr2.x3.xmph:pshort_model.44
Warning: Eta0 = -0.00221468 is negative.

Checking parameters for BSIM 4.5 model xdut.xr2.x2.xmn:nshort_model.48
Warning: Eta0 = -0.0286127 is negative.

Checking parameters for BSIM 4.5 model xdut.xr2.x2.xmph:pshort_model.44
Warning: Eta0 = -0.00221468 is negative.

Checking parameters for BSIM 4.5 model xdut.xr2.x1.xmn:nshort_model.48
Warning: Eta0 = -0.0286127 is negative.

Checking parameters for BSIM 4.5 model xdut.xr2.x1.xmph:pshort_model.44
Warning: Eta0 = -0.00221468 is negative.

Checking parameters for BSIM 4.5 model xdut.xr2.xg.xmph:pshort_model.44
Warning: Eta0 = -0.00221468 is negative.

Checking parameters for BSIM 4.5 model xdut.xr1.x4.xmn:nshort_model.48
Warning: Eta0 = -0.0286127 is negative.

Checking parameters for BSIM 4.5 model xdut.xr1.x4.xmph:pshort_model.44
Warning: Eta0 = -0.00221468 is negative.

Checking parameters for BSIM 4.5 model xdut.xr1.x3.xmn:nshort_model.48
Warning: Eta0 = -0.0286127 is negative.

Checking parameters for BSIM 4.5 model xdut.xr1.x3.xmph:pshort_model.44
Warning: Eta0 = -0.00221468 is negative.

Checking parameters for BSIM 4.5 model xdut.xr1.x2.xmn:nshort_model.48
Warning: Eta0 = -0.0286127 is negative.

Checking parameters for BSIM 4.5 model xdut.xr1.x2.xmph:pshort_model.44
Warning: Eta0 = -0.00221468 is negative.

Checking parameters for BSIM 4.5 model xdut.xr1.x1.xmn:nshort_model.48
Warning: Eta0 = -0.0286127 is negative.

Checking parameters for BSIM 4.5 model xdut.xr1.x1.xmph:pshort_model.44
Warning: Eta0 = -0.00221468 is negative.

Checking parameters for BSIM 4.5 model xdut.xr1.xg.xmph:pshort_model.44
Warning: Eta0 = -0.00221468 is negative.

