|* Post-layout ro_array_core (whole array, real inter-ring wiring) with the
|* shared substrate node left FLOATING -- the array-scale sibling of
|* sim/post-layout-ro-ring5/testbench/tb_post_layout_substrate_float.spice,
|* now over the REAL composed array GDS (real physical ring-to-ring
|* proximity, well spacing and shared psub geometry, not four separately
|* extracted leaf cells hand-tied to a shared node as if placed at infinite
|* separation -- see DR-0005's own "Proximity" limitation, which this deck
|* closes for the substrate mechanism specifically).
|*
|* Purpose (DR-0003 section 8's inter-ring decorrelation gap; DR-0005's own
|* "Follow-up required" section: "Findings 1 and 3 should be re-run against
|* the assembled block when it exists"). This deck differs from
|* tb_post_layout_ro_array_core.spice's post-layout half in exactly one
|* respect: that deck ties `vsubs` hard to 0 (`Vsub vsubs 0 dc 0`), this one
|* does not tie it at all, leaving it on
|* layout/pex-array/ro_array_core_pex.spice's own
|* `Rvsubs_dctie vsubs 0 1e+12` (klayout-tools#1503). The pair brackets the
|* real answer the same way DR-0005's ring-level pair did:
|*
|*   TIED   (sibling deck, already run) -- ideal zero-impedance substrate,
|*          no inter-ring coupling possible by construction.
|*   FLOAT  (this deck) -- ideal infinite-impedance shared substrate: every
|*          ring's switching current is forced through the shared node's
|*          capacitance and into every other ring.
|*
|* No pre-layout control: a pre-layout netlist has no substrate node, so it
|* has nothing to say about this question (same choice
|* tb_post_layout_substrate_float.spice made at ring scope).
|*
|* Measured: each ring's own period (line for line comparable against the
|* sibling tied deck's p_tr1-p_tr4 at the same corner/temp/vdd), the array
|* skew span, and the substrate node's own peak-to-peak excursion -- the
|* direct measure of how hard the four rings (now WITH the buffer + XOR tree
|* load, both riding the same block vdd, also present) are driving each
|* other through it.
|*
|* This file is a TEMPLATE: sim/bin/corner-run.py substitutes /Users/rwalters/.volare/volare/sky130/versions/c6d73a35f524070e85faff4a6a9eef49553ebc2b/sky130A/libs.tech/combined/sky130.lib.spice,
|* tt, /Users/rwalters/GitHub/sky130-trng/.loom/worktrees/issue-22/layout/pex-array/ro_array_core_pex.spice, -40.0 and 1.62. As committed it is not a
|* runnable deck. Invoke with
|* `--pex-lib layout/pex-array/ro_array_core_pex.spice` (no --ro-ring5
|* needed: this deck includes only the post-layout library).
|
|.option scale=1u
|.lib "/Users/rwalters/.volare/volare/sky130/versions/c6d73a35f524070e85faff4a6a9eef49553ebc2b/sky130A/libs.tech/combined/sky130.lib.spice" tt
|
|* post-layout ARRAY subcircuit library only -- no pre-layout control, see
|* header for why.
|.include "/Users/rwalters/GitHub/sky130-trng/.loom/worktrees/issue-22/layout/pex-array/ro_array_core_pex.spice"
|
|.temp -40.0
|
|* --- substrate return node: FLOATING (see header) -- no Vsub source ----
|
|Vddrp1 pvddr1 0 dc 1.62
|Vddrp2 pvddr2 0 dc 1.62
|Vddrp3 pvddr3 0 dc 1.62
|Vddrp4 pvddr4 0 dc 1.62
|Vddp pvdd 0 dc 1.62
|Venp1 pen1 0 PULSE(0 1.62 5n 100p 100p 1u 2u)
|Venp2 pen2 0 PULSE(0 1.62 5n 100p 100p 1u 2u)
|Venp3 pen3 0 PULSE(0 1.62 5n 100p 100p 1u 2u)
|Venp4 pen4 0 PULSE(0 1.62 5n 100p 100p 1u 2u)
|xarr pen1 pen2 pen3 pen4 pvddr1 pvddr2 pvddr3 pvddr4 pvdd 0 pxo pro1 pro2 pro3 pro4 ro_array_core_pex
|
|.ic v(pro1)=0
|.ic v(pro2)=0
|.ic v(pro3)=0
|.ic v(pro4)=0
|
|.save v(pro1) v(pro2) v(pro3) v(pro4) v(xarr.vsubs)
|.save i(Vddrp1) i(Vddrp2) i(Vddrp3) i(Vddrp4) i(Vddp)
|
|.tran 5p 800n uic
|
|.control
|run
|
|meas tran pt1a when v(pro1)=0.5*1.62 rise=3
|meas tran pt1b when v(pro1)=0.5*1.62 rise=13
|let p_tr1 = (pt1b - pt1a)/10
|meas tran pt2a when v(pro2)=0.5*1.62 rise=3
|meas tran pt2b when v(pro2)=0.5*1.62 rise=13
|let p_tr2 = (pt2b - pt2a)/10
|meas tran pt3a when v(pro3)=0.5*1.62 rise=3
|meas tran pt3b when v(pro3)=0.5*1.62 rise=13
|let p_tr3 = (pt3b - pt3a)/10
|meas tran pt4a when v(pro4)=0.5*1.62 rise=3
|meas tran pt4b when v(pro4)=0.5*1.62 rise=13
|let p_tr4 = (pt4b - pt4a)/10
|let p_skew_span = p_tr1/p_tr4
|
|meas tran vsub_max MAX v(xarr.vsubs) from=100n to=800n
|meas tran vsub_min MIN v(xarr.vsubs) from=100n to=800n
|let vsub_swing_frac = (vsub_max - vsub_min) / 1.62
|
|print p_tr1
|print p_tr2
|print p_tr3
|print p_tr4
|print p_skew_span
|print vsub_swing_frac
|.endc
|.end
|

----- stdout -----

Note: Compatibility modes selected: hs a


Circuit: * post-layout ro_array_core (whole array, real inter-ring wiring) with the

option SCALE: Scale is set to 1e-06 for instance and model parameters
option SCALE: Scale is set to 1e-06 for instance and model parameters
option SCALE: Scale is set to 1e-06 for instance and model parameters
option SCALE: Scale is set to 1e-06 for instance and model parameters
option SCALE: Scale is set to 1e-06 for instance and model parameters
Doing analysis at TEMP = -40.000000 and TNOM = 27.000000

Using SPARSE 1.3 as Direct Linear Solver
Operating point simulation skipped by 'uic',
  now using transient initial conditions.
 Reference value :  5.00000e-14
 Reference value :  1.04694e-09
 Reference value :  2.18694e-09
 Reference value :  3.36194e-09
 Reference value :  4.57694e-09
 Reference value :  5.75250e-09
 Reference value :  6.99750e-09
 Reference value :  8.23250e-09
 Reference value :  9.41750e-09
 Reference value :  1.06625e-08
 Reference value :  1.19125e-08
 Reference value :  1.31825e-08
 Reference value :  1.44425e-08
 Reference value :  1.56475e-08
 Reference value :  1.68575e-08
 Reference value :  1.80775e-08
 Reference value :  1.93075e-08
 Reference value :  2.05125e-08
 Reference value :  2.17475e-08
 Reference value :  2.29975e-08
 Reference value :  2.43425e-08
 Reference value :  2.55075e-08
 Reference value :  2.67525e-08
 Reference value :  2.79175e-08
 Reference value :  2.91225e-08
 Reference value :  3.03875e-08
 Reference value :  3.16175e-08
 Reference value :  3.27325e-08
 Reference value :  3.39175e-08
 Reference value :  3.50825e-08
 Reference value :  3.63075e-08
 Reference value :  3.75025e-08
 Reference value :  3.87125e-08
 Reference value :  3.99475e-08
 Reference value :  4.11375e-08
 Reference value :  4.23125e-08
 Reference value :  4.34875e-08
 Reference value :  4.46425e-08
 Reference value :  4.58525e-08
 Reference value :  4.69675e-08
 Reference value :  4.81675e-08
 Reference value :  4.93575e-08
 Reference value :  5.04975e-08
 Reference value :  5.17075e-08
 Reference value :  5.29075e-08
 Reference value :  5.40475e-08
 Reference value :  5.52025e-08
 Reference value :  5.63925e-08
 Reference value :  5.75375e-08
 Reference value :  5.87625e-08
 Reference value :  5.99375e-08
 Reference value :  6.11075e-08
 Reference value :  6.22825e-08
 Reference value :  6.34675e-08
 Reference value :  6.46275e-08
 Reference value :  6.59325e-08
 Reference value :  6.71225e-08
 Reference value :  6.82475e-08
 Reference value :  6.94075e-08
 Reference value :  7.05575e-08
 Reference value :  7.17125e-08
 Reference value :  7.29075e-08
 Reference value :  7.40525e-08
 Reference value :  7.52225e-08
 Reference value :  7.63925e-08
 Reference value :  7.75475e-08
 Reference value :  7.87475e-08
 Reference value :  7.98875e-08
 Reference value :  8.10975e-08
 Reference value :  8.22375e-08
 Reference value :  8.33925e-08
 Reference value :  8.45725e-08
 Reference value :  8.56875e-08
 Reference value :  8.68525e-08
 Reference value :  8.80775e-08
 Reference value :  8.92125e-08
 Reference value :  9.04075e-08
 Reference value :  9.15375e-08
 Reference value :  9.26875e-08
 Reference value :  9.39075e-08
 Reference value :  9.50825e-08
 Reference value :  9.62475e-08
 Reference value :  9.73825e-08
 Reference value :  9.85425e-08
 Reference value :  9.97475e-08
 Reference value :  1.00828e-07
 Reference value :  1.02013e-07
 Reference value :  1.03173e-07
 Reference value :  1.04268e-07
 Reference value :  1.05453e-07
 Reference value :  1.06553e-07
 Reference value :  1.07733e-07
 Reference value :  1.08923e-07
 Reference value :  1.10093e-07
 Reference value :  1.11303e-07
 Reference value :  1.12468e-07
 Reference value :  1.13643e-07
 Reference value :  1.14868e-07
 Reference value :  1.15993e-07
 Reference value :  1.17158e-07
 Reference value :  1.18248e-07
 Reference value :  1.19408e-07
 Reference value :  1.20593e-07
 Reference value :  1.21758e-07
 Reference value :  1.23003e-07
 Reference value :  1.24258e-07
 Reference value :  1.25448e-07
 Reference value :  1.26583e-07
 Reference value :  1.27798e-07
 Reference value :  1.28958e-07
 Reference value :  1.30168e-07
 Reference value :  1.31383e-07
 Reference value :  1.32558e-07
 Reference value :  1.33693e-07
 Reference value :  1.34853e-07
 Reference value :  1.36053e-07
 Reference value :  1.37228e-07
 Reference value :  1.38388e-07
 Reference value :  1.39558e-07
 Reference value :  1.40743e-07
 Reference value :  1.41808e-07
 Reference value :  1.42953e-07
 Reference value :  1.44118e-07
 Reference value :  1.45303e-07
 Reference value :  1.46453e-07
 Reference value :  1.47613e-07
 Reference value :  1.48783e-07
 Reference value :  1.49958e-07
 Reference value :  1.51033e-07
 Reference value :  1.52158e-07
 Reference value :  1.53423e-07
 Reference value :  1.54668e-07
 Reference value :  1.55823e-07
 Reference value :  1.56978e-07
 Reference value :  1.58203e-07
 Reference value :  1.59348e-07
 Reference value :  1.60438e-07
 Reference value :  1.61633e-07
 Reference value :  1.62828e-07
 Reference value :  1.63963e-07
 Reference value :  1.65118e-07
 Reference value :  1.66288e-07
 Reference value :  1.67508e-07
 Reference value :  1.68638e-07
 Reference value :  1.69793e-07
 Reference value :  1.71003e-07
 Reference value :  1.72178e-07
 Reference value :  1.73328e-07
 Reference value :  1.74538e-07
 Reference value :  1.75693e-07
 Reference value :  1.76818e-07
 Reference value :  1.77988e-07
 Reference value :  1.79173e-07
 Reference value :  1.80373e-07
 Reference value :  1.81568e-07
 Reference value :  1.82723e-07
 Reference value :  1.83943e-07
 Reference value :  1.85123e-07
 Reference value :  1.86283e-07
 Reference value :  1.87478e-07
 Reference value :  1.88673e-07
 Reference value :  1.89888e-07
 Reference value :  1.91058e-07
 Reference value :  1.92258e-07
 Reference value :  1.93458e-07
 Reference value :  1.94613e-07
 Reference value :  1.95818e-07
 Reference value :  1.96988e-07
 Reference value :  1.98093e-07
 Reference value :  1.99288e-07
 Reference value :  2.00428e-07
 Reference value :  2.01623e-07
 Reference value :  2.02808e-07
 Reference value :  2.03953e-07
 Reference value :  2.05153e-07
 Reference value :  2.06308e-07
 Reference value :  2.07468e-07
 Reference value :  2.08653e-07
 Reference value :  2.09818e-07
 Reference value :  2.11043e-07
 Reference value :  2.12228e-07
 Reference value :  2.13433e-07
 Reference value :  2.14618e-07
 Reference value :  2.15708e-07
 Reference value :  2.16838e-07
 Reference value :  2.18018e-07
 Reference value :  2.19198e-07
 Reference value :  2.20373e-07
 Reference value :  2.21598e-07
 Reference value :  2.22798e-07
 Reference value :  2.23898e-07
 Reference value :  2.25038e-07
 Reference value :  2.26173e-07
 Reference value :  2.27358e-07
 Reference value :  2.28538e-07
 Reference value :  2.29698e-07
 Reference value :  2.30893e-07
 Reference value :  2.32083e-07
 Reference value :  2.33278e-07
 Reference value :  2.34518e-07
 Reference value :  2.35643e-07
 Reference value :  2.36823e-07
 Reference value :  2.37993e-07
 Reference value :  2.39213e-07
 Reference value :  2.40413e-07
 Reference value :  2.41578e-07
 Reference value :  2.42733e-07
 Reference value :  2.43908e-07
 Reference value :  2.45078e-07
 Reference value :  2.46223e-07
 Reference value :  2.47408e-07
 Reference value :  2.48608e-07
 Reference value :  2.49768e-07
 Reference value :  2.50963e-07
 Reference value :  2.52108e-07
 Reference value :  2.53288e-07
 Reference value :  2.54438e-07
 Reference value :  2.55563e-07
 Reference value :  2.56773e-07
 Reference value :  2.57933e-07
 Reference value :  2.59138e-07
 Reference value :  2.60308e-07
 Reference value :  2.61433e-07
 Reference value :  2.62633e-07
 Reference value :  2.63768e-07
 Reference value :  2.64918e-07
 Reference value :  2.66113e-07
 Reference value :  2.67373e-07
 Reference value :  2.68603e-07
 Reference value :  2.69698e-07
 Reference value :  2.70888e-07
 Reference value :  2.72063e-07
 Reference value :  2.73218e-07
 Reference value :  2.74438e-07
 Reference value :  2.75588e-07
 Reference value :  2.76738e-07
 Reference value :  2.77928e-07
 Reference value :  2.79083e-07
 Reference value :  2.80293e-07
 Reference value :  2.81428e-07
 Reference value :  2.82613e-07
 Reference value :  2.83793e-07
 Reference value :  2.84983e-07
 Reference value :  2.86217e-07
 Reference value :  2.87437e-07
 Reference value :  2.88642e-07
 Reference value :  2.89777e-07
 Reference value :  2.90897e-07
 Reference value :  2.92187e-07
 Reference value :  2.93347e-07
 Reference value :  2.94537e-07
 Reference value :  2.95842e-07
 Reference value :  2.97037e-07
 Reference value :  2.98217e-07
 Reference value :  2.99357e-07
 Reference value :  3.00552e-07
 Reference value :  3.01737e-07
 Reference value :  3.02927e-07
 Reference value :  3.04147e-07
 Reference value :  3.05302e-07
 Reference value :  3.06467e-07
 Reference value :  3.07622e-07
 Reference value :  3.08792e-07
 Reference value :  3.09967e-07
 Reference value :  3.11232e-07
 Reference value :  3.12542e-07
 Reference value :  3.13722e-07
 Reference value :  3.14907e-07
 Reference value :  3.15982e-07
 Reference value :  3.17142e-07
 Reference value :  3.18312e-07
 Reference value :  3.19442e-07
 Reference value :  3.20637e-07
 Reference value :  3.21837e-07
 Reference value :  3.23007e-07
 Reference value :  3.24137e-07
 Reference value :  3.25262e-07
 Reference value :  3.26402e-07
 Reference value :  3.27647e-07
 Reference value :  3.28817e-07
 Reference value :  3.29932e-07
 Reference value :  3.31077e-07
 Reference value :  3.32272e-07
 Reference value :  3.33402e-07
 Reference value :  3.34572e-07
 Reference value :  3.35702e-07
 Reference value :  3.36847e-07
 Reference value :  3.38022e-07
 Reference value :  3.39187e-07
 Reference value :  3.40352e-07
 Reference value :  3.41507e-07
 Reference value :  3.42637e-07
 Reference value :  3.43852e-07
 Reference value :  3.45062e-07
 Reference value :  3.46247e-07
 Reference value :  3.47412e-07
 Reference value :  3.48527e-07
 Reference value :  3.49702e-07
 Reference value :  3.50842e-07
 Reference value :  3.51997e-07
 Reference value :  3.53132e-07
 Reference value :  3.54257e-07
 Reference value :  3.55402e-07
 Reference value :  3.56632e-07
 Reference value :  3.57787e-07
 Reference value :  3.58927e-07
 Reference value :  3.60117e-07
 Reference value :  3.61257e-07
 Reference value :  3.62392e-07
 Reference value :  3.63532e-07
 Reference value :  3.64707e-07
 Reference value :  3.65917e-07
 Reference value :  3.67057e-07
 Reference value :  3.68187e-07
 Reference value :  3.69377e-07
 Reference value :  3.70472e-07
 Reference value :  3.71687e-07
 Reference value :  3.72822e-07
 Reference value :  3.73997e-07
 Reference value :  3.75172e-07
 Reference value :  3.76322e-07
 Reference value :  3.77572e-07
 Reference value :  3.78692e-07
 Reference value :  3.79857e-07
 Reference value :  3.81072e-07
 Reference value :  3.82192e-07
 Reference value :  3.83352e-07
 Reference value :  3.84487e-07
 Reference value :  3.85642e-07
 Reference value :  3.86822e-07
 Reference value :  3.87982e-07
 Reference value :  3.89177e-07
 Reference value :  3.90312e-07
 Reference value :  3.91447e-07
 Reference value :  3.92627e-07
 Reference value :  3.93772e-07
 Reference value :  3.94947e-07
 Reference value :  3.96102e-07
 Reference value :  3.97252e-07
 Reference value :  3.98457e-07
 Reference value :  3.99652e-07
 Reference value :  4.00852e-07
 Reference value :  4.01972e-07
 Reference value :  4.03182e-07
 Reference value :  4.04307e-07
 Reference value :  4.05482e-07
 Reference value :  4.06717e-07
 Reference value :  4.08007e-07
 Reference value :  4.09172e-07
 Reference value :  4.10302e-07
 Reference value :  4.11437e-07
 Reference value :  4.12597e-07
 Reference value :  4.13757e-07
 Reference value :  4.14947e-07
 Reference value :  4.16137e-07
 Reference value :  4.17347e-07
 Reference value :  4.18512e-07
 Reference value :  4.19632e-07
 Reference value :  4.20847e-07
 Reference value :  4.21997e-07
 Reference value :  4.23172e-07
 Reference value :  4.24332e-07
 Reference value :  4.25537e-07
 Reference value :  4.26747e-07
 Reference value :  4.27862e-07
 Reference value :  4.29032e-07
 Reference value :  4.30237e-07
 Reference value :  4.31442e-07
 Reference value :  4.32582e-07
 Reference value :  4.33732e-07
 Reference value :  4.34972e-07
 Reference value :  4.36127e-07
 Reference value :  4.37347e-07
 Reference value :  4.38497e-07
 Reference value :  4.39702e-07
 Reference value :  4.40932e-07
 Reference value :  4.42102e-07
 Reference value :  4.43302e-07
 Reference value :  4.44487e-07
 Reference value :  4.45802e-07
 Reference value :  4.47012e-07
 Reference value :  4.48182e-07
 Reference value :  4.49382e-07
 Reference value :  4.50567e-07
 Reference value :  4.51967e-07
 Reference value :  4.53167e-07
 Reference value :  4.54322e-07
 Reference value :  4.55547e-07
 Reference value :  4.56722e-07
 Reference value :  4.57942e-07
 Reference value :  4.59157e-07
 Reference value :  4.60282e-07
 Reference value :  4.61467e-07
 Reference value :  4.62692e-07
 Reference value :  4.64092e-07
 Reference value :  4.65267e-07
 Reference value :  4.66447e-07
 Reference value :  4.67637e-07
 Reference value :  4.68907e-07
 Reference value :  4.70057e-07
 Reference value :  4.71207e-07
 Reference value :  4.72357e-07
 Reference value :  4.73607e-07
 Reference value :  4.74837e-07
 Reference value :  4.76022e-07
 Reference value :  4.77222e-07
 Reference value :  4.78522e-07
 Reference value :  4.79612e-07
 Reference value :  4.80817e-07
 Reference value :  4.81932e-07
 Reference value :  4.83057e-07
 Reference value :  4.84247e-07
 Reference value :  4.85412e-07
 Reference value :  4.86607e-07
 Reference value :  4.87747e-07
 Reference value :  4.89062e-07
 Reference value :  4.90217e-07
 Reference value :  4.91362e-07
 Reference value :  4.92552e-07
 Reference value :  4.93777e-07
 Reference value :  4.94947e-07
 Reference value :  4.96112e-07
 Reference value :  4.97272e-07
 Reference value :  4.98492e-07
 Reference value :  4.99802e-07
 Reference value :  5.00967e-07
 Reference value :  5.02177e-07
 Reference value :  5.03372e-07
 Reference value :  5.04547e-07
 Reference value :  5.05727e-07
 Reference value :  5.06867e-07
 Reference value :  5.07987e-07
 Reference value :  5.09152e-07
 Reference value :  5.10452e-07
 Reference value :  5.11662e-07
 Reference value :  5.12817e-07
 Reference value :  5.13967e-07
 Reference value :  5.15117e-07
 Reference value :  5.16242e-07
 Reference value :  5.17397e-07
 Reference value :  5.18547e-07
 Reference value :  5.19772e-07
 Reference value :  5.20962e-07
 Reference value :  5.22057e-07
 Reference value :  5.23212e-07
 Reference value :  5.24322e-07
 Reference value :  5.25482e-07
 Reference value :  5.26652e-07
 Reference value :  5.27827e-07
 Reference value :  5.29002e-07
 Reference value :  5.30157e-07
 Reference value :  5.31352e-07
 Reference value :  5.32517e-07
 Reference value :  5.33652e-07
 Reference value :  5.34857e-07
 Reference value :  5.36012e-07
 Reference value :  5.37192e-07
 Reference value :  5.38392e-07
 Reference value :  5.39572e-07
 Reference value :  5.40762e-07
 Reference value :  5.41887e-07
 Reference value :  5.43097e-07
 Reference value :  5.44332e-07
 Reference value :  5.45557e-07
 Reference value :  5.46747e-07
 Reference value :  5.47922e-07
 Reference value :  5.49127e-07
 Reference value :  5.50292e-07
 Reference value :  5.51477e-07
 Reference value :  5.52712e-07
 Reference value :  5.53862e-07
 Reference value :  5.55077e-07
 Reference value :  5.56252e-07
 Reference value :  5.57452e-07
 Reference value :  5.58657e-07
 Reference value :  5.59857e-07
 Reference value :  5.61062e-07
 Reference value :  5.62232e-07
 Reference value :  5.63417e-07
 Reference value :  5.64607e-07
 Reference value :  5.65797e-07
 Reference value :  5.66997e-07
 Reference value :  5.68162e-07
 Reference value :  5.69362e-07
 Reference value :  5.70602e-07
 Reference value :  5.71742e-07
 Reference value :  5.72902e-07
 Reference value :  5.74237e-07
 Reference value :  5.75567e-07
 Reference value :  5.76857e-07
 Reference value :  5.78142e-07
 Reference value :  5.79442e-07
 Reference value :  5.80727e-07
 Reference value :  5.82007e-07
 Reference value :  5.83322e-07
 Reference value :  5.84622e-07
 Reference value :  5.85907e-07
 Reference value :  5.87187e-07
 Reference value :  5.88397e-07
 Reference value :  5.89692e-07
 Reference value :  5.90952e-07
 Reference value :  5.92267e-07
 Reference value :  5.93542e-07
 Reference value :  5.94872e-07
 Reference value :  5.96157e-07
 Reference value :  5.97392e-07
 Reference value :  5.98672e-07
 Reference value :  5.99957e-07
 Reference value :  6.01253e-07
 Reference value :  6.02543e-07
 Reference value :  6.03858e-07
 Reference value :  6.05148e-07
 Reference value :  6.06403e-07
 Reference value :  6.07703e-07
 Reference value :  6.08988e-07
 Reference value :  6.10283e-07
 Reference value :  6.11583e-07
 Reference value :  6.12913e-07
 Reference value :  6.14148e-07
 Reference value :  6.15363e-07
 Reference value :  6.16658e-07
 Reference value :  6.17948e-07
 Reference value :  6.19188e-07
 Reference value :  6.20453e-07
 Reference value :  6.21773e-07
 Reference value :  6.23068e-07
 Reference value :  6.24298e-07
 Reference value :  6.25593e-07
 Reference value :  6.26868e-07
 Reference value :  6.28128e-07
 Reference value :  6.29418e-07
 Reference value :  6.30738e-07
 Reference value :  6.32013e-07
 Reference value :  6.33283e-07
 Reference value :  6.34608e-07
 Reference value :  6.35903e-07
 Reference value :  6.37278e-07
 Reference value :  6.38618e-07
 Reference value :  6.39993e-07
 Reference value :  6.41348e-07
 Reference value :  6.42693e-07
 Reference value :  6.44008e-07
 Reference value :  6.45378e-07
 Reference value :  6.46823e-07
 Reference value :  6.48113e-07
 Reference value :  6.49418e-07
 Reference value :  6.50678e-07
 Reference value :  6.51998e-07
 Reference value :  6.53253e-07
 Reference value :  6.54558e-07
 Reference value :  6.55858e-07
 Reference value :  6.57148e-07
 Reference value :  6.58443e-07
 Reference value :  6.59738e-07
 Reference value :  6.61053e-07
 Reference value :  6.62308e-07
 Reference value :  6.63623e-07
 Reference value :  6.64933e-07
 Reference value :  6.66218e-07
 Reference value :  6.67538e-07
 Reference value :  6.68813e-07
 Reference value :  6.70083e-07
 Reference value :  6.71358e-07
 Reference value :  6.72658e-07
 Reference value :  6.73983e-07
 Reference value :  6.75313e-07
 Reference value :  6.76618e-07
 Reference value :  6.77908e-07
 Reference value :  6.79133e-07
 Reference value :  6.80428e-07
 Reference value :  6.81713e-07
 Reference value :  6.83073e-07
 Reference value :  6.84353e-07
 Reference value :  6.85638e-07
 Reference value :  6.86878e-07
 Reference value :  6.88108e-07
 Reference value :  6.89408e-07
 Reference value :  6.90653e-07
 Reference value :  6.91918e-07
 Reference value :  6.93233e-07
 Reference value :  6.94563e-07
 Reference value :  6.95848e-07
 Reference value :  6.97293e-07
 Reference value :  6.98703e-07
 Reference value :  6.99993e-07
 Reference value :  7.01238e-07
 Reference value :  7.02568e-07
 Reference value :  7.03843e-07
 Reference value :  7.05063e-07
 Reference value :  7.06403e-07
 Reference value :  7.07673e-07
 Reference value :  7.08958e-07
 Reference value :  7.10183e-07
 Reference value :  7.11483e-07
 Reference value :  7.12783e-07
 Reference value :  7.14048e-07
 Reference value :  7.15383e-07
 Reference value :  7.16658e-07
 Reference value :  7.17938e-07
 Reference value :  7.19198e-07
 Reference value :  7.20498e-07
 Reference value :  7.21758e-07
 Reference value :  7.23023e-07
 Reference value :  7.24318e-07
 Reference value :  7.25583e-07
 Reference value :  7.26863e-07
 Reference value :  7.28158e-07
 Reference value :  7.29453e-07
 Reference value :  7.30693e-07
 Reference value :  7.31903e-07
 Reference value :  7.33183e-07
 Reference value :  7.34458e-07
 Reference value :  7.35698e-07
 Reference value :  7.36983e-07
 Reference value :  7.38258e-07
 Reference value :  7.39538e-07
 Reference value :  7.40808e-07
 Reference value :  7.42048e-07
 Reference value :  7.43373e-07
 Reference value :  7.44633e-07
 Reference value :  7.45878e-07
 Reference value :  7.47253e-07
 Reference value :  7.48603e-07
 Reference value :  7.49903e-07
 Reference value :  7.51168e-07
 Reference value :  7.52508e-07
 Reference value :  7.53763e-07
 Reference value :  7.55118e-07
 Reference value :  7.56448e-07
 Reference value :  7.57898e-07
 Reference value :  7.59203e-07
 Reference value :  7.60458e-07
 Reference value :  7.61753e-07
 Reference value :  7.62978e-07
 Reference value :  7.64318e-07
 Reference value :  7.65558e-07
 Reference value :  7.66863e-07
 Reference value :  7.68118e-07
 Reference value :  7.69413e-07
 Reference value :  7.70638e-07
 Reference value :  7.71893e-07
 Reference value :  7.73228e-07
 Reference value :  7.74508e-07
 Reference value :  7.75813e-07
 Reference value :  7.77068e-07
 Reference value :  7.78383e-07
 Reference value :  7.79693e-07
 Reference value :  7.80953e-07
 Reference value :  7.82248e-07
 Reference value :  7.83558e-07
 Reference value :  7.84908e-07
 Reference value :  7.86173e-07
 Reference value :  7.87458e-07
 Reference value :  7.88713e-07
 Reference value :  7.89988e-07
 Reference value :  7.91293e-07
 Reference value :  7.92603e-07
 Reference value :  7.93908e-07
 Reference value :  7.95138e-07
 Reference value :  7.96438e-07
 Reference value :  7.97658e-07
 Reference value :  7.98953e-07
No. of Data Rows : 160024
pt1a                =  1.85968e-08
pt1b                =  1.12455e-07
pt2a                =  1.80905e-08
pt2b                =  1.09203e-07
pt3a                =  1.77540e-08
pt3b                =  1.05730e-07
pt4a                =  1.75273e-08
pt4b                =  1.02941e-07
 meas tran vsub_max max v(xarr.vsubs) from=100n to=800n failed!

 meas tran vsub_min min v(xarr.vsubs) from=100n to=800n failed!

p_tr1 = 9.385846e-09
p_tr2 = 9.111247e-09
p_tr3 = 8.797647e-09
p_tr4 = 8.541370e-09
p_skew_span = 1.098869e+00
Note: Simulation executed from .control section 

----- stderr -----

Error: measure  vsub_max  max(TRIG) : no such vector as 'v(xarr.vsubs)'

Error: measure  vsub_min  min(TRIG) : no such vector as 'v(xarr.vsubs)'
Warning from checkvalid: vector vsub_max is not available or has zero length.
Error: RHS "(vsub_max - vsub_min) / 1.62" invalid
Warning from checkvalid: vector vsub_swing_frac is not available or has zero length.

