|* Post-layout ro_array_core (whole array, real inter-ring wiring) with the
|* shared substrate node left FLOATING -- the array-scale sibling of
|* sim/post-layout-ro-ring5/testbench/tb_post_layout_substrate_float.spice,
|* now over the REAL composed array GDS (real physical ring-to-ring
|* proximity, well spacing and shared psub geometry, not four separately
|* extracted leaf cells hand-tied to a shared node as if placed at infinite
|* separation -- see DR-0005's own "Proximity" limitation, which this deck
|* closes for the substrate mechanism specifically).
|*
|* Purpose (DR-0003 section 8's inter-ring decorrelation gap; DR-0005's own
|* "Follow-up required" section: "Findings 1 and 3 should be re-run against
|* the assembled block when it exists"). This deck differs from
|* tb_post_layout_ro_array_core.spice's post-layout half in exactly one
|* respect: that deck ties `vsubs` hard to 0 (`Vsub vsubs 0 dc 0`), this one
|* does not tie it at all, leaving it on
|* layout/pex-array/ro_array_core_pex.spice's own
|* `Rvsubs_dctie vsubs 0 1e+12` (klayout-tools#1503). The pair brackets the
|* real answer the same way DR-0005's ring-level pair did:
|*
|*   TIED   (sibling deck, already run) -- ideal zero-impedance substrate,
|*          no inter-ring coupling possible by construction.
|*   FLOAT  (this deck) -- ideal infinite-impedance shared substrate: every
|*          ring's switching current is forced through the shared node's
|*          capacitance and into every other ring.
|*
|* No pre-layout control: a pre-layout netlist has no substrate node, so it
|* has nothing to say about this question (same choice
|* tb_post_layout_substrate_float.spice made at ring scope).
|*
|* Measured: each ring's own period (line for line comparable against the
|* sibling tied deck's p_tr1-p_tr4 at the same corner/temp/vdd), the array
|* skew span, and the substrate node's own peak-to-peak excursion -- the
|* direct measure of how hard the four rings (now WITH the buffer + XOR tree
|* load, both riding the same block vdd, also present) are driving each
|* other through it.
|*
|* This file is a TEMPLATE: sim/bin/corner-run.py substitutes /Users/rwalters/.volare/volare/sky130/versions/c6d73a35f524070e85faff4a6a9eef49553ebc2b/sky130A/libs.tech/combined/sky130.lib.spice,
|* tt, /Users/rwalters/GitHub/sky130-trng/.loom/worktrees/issue-22/layout/pex-array/ro_array_core_pex.spice, -40.0 and 1.98. As committed it is not a
|* runnable deck. Invoke with
|* `--pex-lib layout/pex-array/ro_array_core_pex.spice` (no --ro-ring5
|* needed: this deck includes only the post-layout library).
|
|.option scale=1u
|.lib "/Users/rwalters/.volare/volare/sky130/versions/c6d73a35f524070e85faff4a6a9eef49553ebc2b/sky130A/libs.tech/combined/sky130.lib.spice" tt
|
|* post-layout ARRAY subcircuit library only -- no pre-layout control, see
|* header for why.
|.include "/Users/rwalters/GitHub/sky130-trng/.loom/worktrees/issue-22/layout/pex-array/ro_array_core_pex.spice"
|
|.temp -40.0
|
|* --- substrate return node: FLOATING (see header) -- no Vsub source ----
|
|Vddrp1 pvddr1 0 dc 1.98
|Vddrp2 pvddr2 0 dc 1.98
|Vddrp3 pvddr3 0 dc 1.98
|Vddrp4 pvddr4 0 dc 1.98
|Vddp pvdd 0 dc 1.98
|Venp1 pen1 0 PULSE(0 1.98 5n 100p 100p 1u 2u)
|Venp2 pen2 0 PULSE(0 1.98 5n 100p 100p 1u 2u)
|Venp3 pen3 0 PULSE(0 1.98 5n 100p 100p 1u 2u)
|Venp4 pen4 0 PULSE(0 1.98 5n 100p 100p 1u 2u)
|xarr pen1 pen2 pen3 pen4 pvddr1 pvddr2 pvddr3 pvddr4 pvdd 0 pxo pro1 pro2 pro3 pro4 ro_array_core_pex
|
|.ic v(pro1)=0
|.ic v(pro2)=0
|.ic v(pro3)=0
|.ic v(pro4)=0
|
|.save v(pro1) v(pro2) v(pro3) v(pro4) v(xarr.vsubs)
|.save i(Vddrp1) i(Vddrp2) i(Vddrp3) i(Vddrp4) i(Vddp)
|
|.tran 5p 800n uic
|
|.control
|run
|
|meas tran pt1a when v(pro1)=0.5*1.98 rise=3
|meas tran pt1b when v(pro1)=0.5*1.98 rise=13
|let p_tr1 = (pt1b - pt1a)/10
|meas tran pt2a when v(pro2)=0.5*1.98 rise=3
|meas tran pt2b when v(pro2)=0.5*1.98 rise=13
|let p_tr2 = (pt2b - pt2a)/10
|meas tran pt3a when v(pro3)=0.5*1.98 rise=3
|meas tran pt3b when v(pro3)=0.5*1.98 rise=13
|let p_tr3 = (pt3b - pt3a)/10
|meas tran pt4a when v(pro4)=0.5*1.98 rise=3
|meas tran pt4b when v(pro4)=0.5*1.98 rise=13
|let p_tr4 = (pt4b - pt4a)/10
|let p_skew_span = p_tr1/p_tr4
|
|meas tran vsub_max MAX v(xarr.vsubs) from=100n to=800n
|meas tran vsub_min MIN v(xarr.vsubs) from=100n to=800n
|let vsub_swing_frac = (vsub_max - vsub_min) / 1.98
|
|print p_tr1
|print p_tr2
|print p_tr3
|print p_tr4
|print p_skew_span
|print vsub_swing_frac
|.endc
|.end
|

----- stdout -----

Note: Compatibility modes selected: hs a


Circuit: * post-layout ro_array_core (whole array, real inter-ring wiring) with the

option SCALE: Scale is set to 1e-06 for instance and model parameters
option SCALE: Scale is set to 1e-06 for instance and model parameters
option SCALE: Scale is set to 1e-06 for instance and model parameters
option SCALE: Scale is set to 1e-06 for instance and model parameters
option SCALE: Scale is set to 1e-06 for instance and model parameters
Doing analysis at TEMP = -40.000000 and TNOM = 27.000000

Using SPARSE 1.3 as Direct Linear Solver
Operating point simulation skipped by 'uic',
  now using transient initial conditions.
 Reference value :  5.00000e-14
 Reference value :  1.03206e-09
 Reference value :  2.26206e-09
 Reference value :  3.52706e-09
 Reference value :  4.78206e-09
 Reference value :  5.95250e-09
 Reference value :  7.14750e-09
 Reference value :  8.24250e-09
 Reference value :  9.47250e-09
 Reference value :  1.06525e-08
 Reference value :  1.18075e-08
 Reference value :  1.30425e-08
 Reference value :  1.42625e-08
 Reference value :  1.53525e-08
 Reference value :  1.64325e-08
 Reference value :  1.76375e-08
 Reference value :  1.87075e-08
 Reference value :  1.97875e-08
 Reference value :  2.09025e-08
 Reference value :  2.20225e-08
 Reference value :  2.31425e-08
 Reference value :  2.42525e-08
 Reference value :  2.53825e-08
 Reference value :  2.64525e-08
 Reference value :  2.75075e-08
 Reference value :  2.86125e-08
 Reference value :  2.97275e-08
 Reference value :  3.07575e-08
 Reference value :  3.18575e-08
 Reference value :  3.29475e-08
 Reference value :  3.40125e-08
 Reference value :  3.50475e-08
 Reference value :  3.61275e-08
 Reference value :  3.71225e-08
 Reference value :  3.82025e-08
 Reference value :  3.92975e-08
 Reference value :  4.04325e-08
 Reference value :  4.14725e-08
 Reference value :  4.25175e-08
 Reference value :  4.35975e-08
 Reference value :  4.47075e-08
 Reference value :  4.56825e-08
 Reference value :  4.66925e-08
 Reference value :  4.77025e-08
 Reference value :  4.88475e-08
 Reference value :  4.98225e-08
 Reference value :  5.09225e-08
 Reference value :  5.21325e-08
 Reference value :  5.32675e-08
 Reference value :  5.43275e-08
 Reference value :  5.54175e-08
 Reference value :  5.65625e-08
 Reference value :  5.76625e-08
 Reference value :  5.87025e-08
 Reference value :  5.98175e-08
 Reference value :  6.09975e-08
 Reference value :  6.20275e-08
 Reference value :  6.31525e-08
 Reference value :  6.43125e-08
 Reference value :  6.54775e-08
 Reference value :  6.64875e-08
 Reference value :  6.76475e-08
 Reference value :  6.88175e-08
 Reference value :  6.99175e-08
 Reference value :  7.09125e-08
 Reference value :  7.19475e-08
 Reference value :  7.30525e-08
 Reference value :  7.40425e-08
 Reference value :  7.50175e-08
 Reference value :  7.60175e-08
 Reference value :  7.71025e-08
 Reference value :  7.82275e-08
 Reference value :  7.91825e-08
 Reference value :  8.02375e-08
 Reference value :  8.13675e-08
 Reference value :  8.25225e-08
 Reference value :  8.35525e-08
 Reference value :  8.45375e-08
 Reference value :  8.57175e-08
 Reference value :  8.67825e-08
 Reference value :  8.78225e-08
 Reference value :  8.88525e-08
 Reference value :  9.00175e-08
 Reference value :  9.11825e-08
 Reference value :  9.22025e-08
 Reference value :  9.32975e-08
 Reference value :  9.44475e-08
 Reference value :  9.55825e-08
 Reference value :  9.66025e-08
 Reference value :  9.77125e-08
 Reference value :  9.88975e-08
 Reference value :  1.00013e-07
 Reference value :  1.01048e-07
 Reference value :  1.02153e-07
 Reference value :  1.03308e-07
 Reference value :  1.04363e-07
 Reference value :  1.05413e-07
 Reference value :  1.06563e-07
 Reference value :  1.07808e-07
 Reference value :  1.08913e-07
 Reference value :  1.10003e-07
 Reference value :  1.11078e-07
 Reference value :  1.12223e-07
 Reference value :  1.13333e-07
 Reference value :  1.14468e-07
 Reference value :  1.15518e-07
 Reference value :  1.16643e-07
 Reference value :  1.17708e-07
 Reference value :  1.18838e-07
 Reference value :  1.19953e-07
 Reference value :  1.21078e-07
 Reference value :  1.22183e-07
 Reference value :  1.23293e-07
 Reference value :  1.24413e-07
 Reference value :  1.25623e-07
 Reference value :  1.26753e-07
 Reference value :  1.27813e-07
 Reference value :  1.28948e-07
 Reference value :  1.30168e-07
 Reference value :  1.31288e-07
 Reference value :  1.32388e-07
 Reference value :  1.33558e-07
 Reference value :  1.34723e-07
 Reference value :  1.35813e-07
 Reference value :  1.36953e-07
 Reference value :  1.38153e-07
 Reference value :  1.39233e-07
 Reference value :  1.40353e-07
 Reference value :  1.41533e-07
 Reference value :  1.42698e-07
 Reference value :  1.43763e-07
 Reference value :  1.44818e-07
 Reference value :  1.45943e-07
 Reference value :  1.47093e-07
 Reference value :  1.48108e-07
 Reference value :  1.49203e-07
 Reference value :  1.50298e-07
 Reference value :  1.51398e-07
 Reference value :  1.52433e-07
 Reference value :  1.53523e-07
 Reference value :  1.54613e-07
 Reference value :  1.55728e-07
 Reference value :  1.56813e-07
 Reference value :  1.57893e-07
 Reference value :  1.59038e-07
 Reference value :  1.60133e-07
 Reference value :  1.61218e-07
 Reference value :  1.62318e-07
 Reference value :  1.63453e-07
 Reference value :  1.64538e-07
 Reference value :  1.65653e-07
 Reference value :  1.66723e-07
 Reference value :  1.67923e-07
 Reference value :  1.69023e-07
 Reference value :  1.70048e-07
 Reference value :  1.71133e-07
 Reference value :  1.72213e-07
 Reference value :  1.73308e-07
 Reference value :  1.74363e-07
 Reference value :  1.75423e-07
 Reference value :  1.76493e-07
 Reference value :  1.77558e-07
 Reference value :  1.78608e-07
 Reference value :  1.79638e-07
 Reference value :  1.80728e-07
 Reference value :  1.81858e-07
 Reference value :  1.82963e-07
 Reference value :  1.83973e-07
 Reference value :  1.85108e-07
 Reference value :  1.86223e-07
 Reference value :  1.87383e-07
 Reference value :  1.88463e-07
 Reference value :  1.89558e-07
 Reference value :  1.90658e-07
 Reference value :  1.91673e-07
 Reference value :  1.92818e-07
 Reference value :  1.93933e-07
 Reference value :  1.95088e-07
 Reference value :  1.96208e-07
 Reference value :  1.97333e-07
 Reference value :  1.98498e-07
 Reference value :  1.99558e-07
 Reference value :  2.00708e-07
 Reference value :  2.01828e-07
 Reference value :  2.03008e-07
 Reference value :  2.04148e-07
 Reference value :  2.05258e-07
 Reference value :  2.06403e-07
 Reference value :  2.07548e-07
 Reference value :  2.08713e-07
 Reference value :  2.09843e-07
 Reference value :  2.11033e-07
 Reference value :  2.12078e-07
 Reference value :  2.13193e-07
 Reference value :  2.14428e-07
 Reference value :  2.15603e-07
 Reference value :  2.16663e-07
 Reference value :  2.17718e-07
 Reference value :  2.18893e-07
 Reference value :  2.20023e-07
 Reference value :  2.21078e-07
 Reference value :  2.22118e-07
 Reference value :  2.23283e-07
 Reference value :  2.24338e-07
 Reference value :  2.25378e-07
 Reference value :  2.26418e-07
 Reference value :  2.27648e-07
 Reference value :  2.28688e-07
 Reference value :  2.29753e-07
 Reference value :  2.30878e-07
 Reference value :  2.32063e-07
 Reference value :  2.33118e-07
 Reference value :  2.34178e-07
 Reference value :  2.35323e-07
 Reference value :  2.36453e-07
 Reference value :  2.37503e-07
 Reference value :  2.38558e-07
 Reference value :  2.39613e-07
 Reference value :  2.40628e-07
 Reference value :  2.41643e-07
 Reference value :  2.42733e-07
 Reference value :  2.43903e-07
 Reference value :  2.45083e-07
 Reference value :  2.46153e-07
 Reference value :  2.47288e-07
 Reference value :  2.48328e-07
 Reference value :  2.49463e-07
 Reference value :  2.50648e-07
 Reference value :  2.51763e-07
 Reference value :  2.52863e-07
 Reference value :  2.54068e-07
 Reference value :  2.55223e-07
 Reference value :  2.56293e-07
 Reference value :  2.57443e-07
 Reference value :  2.58598e-07
 Reference value :  2.59763e-07
 Reference value :  2.60893e-07
 Reference value :  2.62058e-07
 Reference value :  2.63193e-07
 Reference value :  2.64283e-07
 Reference value :  2.65318e-07
 Reference value :  2.66483e-07
 Reference value :  2.67598e-07
 Reference value :  2.68588e-07
 Reference value :  2.69623e-07
 Reference value :  2.70753e-07
 Reference value :  2.71873e-07
 Reference value :  2.72933e-07
 Reference value :  2.73998e-07
 Reference value :  2.75178e-07
 Reference value :  2.76188e-07
 Reference value :  2.77218e-07
 Reference value :  2.78263e-07
 Reference value :  2.79458e-07
 Reference value :  2.80478e-07
 Reference value :  2.81563e-07
 Reference value :  2.82633e-07
 Reference value :  2.83778e-07
 Reference value :  2.84803e-07
 Reference value :  2.85837e-07
 Reference value :  2.86937e-07
 Reference value :  2.88077e-07
 Reference value :  2.89082e-07
 Reference value :  2.90107e-07
 Reference value :  2.91187e-07
 Reference value :  2.92322e-07
 Reference value :  2.93392e-07
 Reference value :  2.94482e-07
 Reference value :  2.95592e-07
 Reference value :  2.96747e-07
 Reference value :  2.97882e-07
 Reference value :  2.98872e-07
 Reference value :  3.00002e-07
 Reference value :  3.01047e-07
 Reference value :  3.02122e-07
 Reference value :  3.03202e-07
 Reference value :  3.04362e-07
 Reference value :  3.05462e-07
 Reference value :  3.06447e-07
 Reference value :  3.07422e-07
 Reference value :  3.08617e-07
 Reference value :  3.09772e-07
 Reference value :  3.10767e-07
 Reference value :  3.11862e-07
 Reference value :  3.13027e-07
 Reference value :  3.14182e-07
 Reference value :  3.15142e-07
 Reference value :  3.16257e-07
 Reference value :  3.17392e-07
 Reference value :  3.18572e-07
 Reference value :  3.19662e-07
 Reference value :  3.20772e-07
 Reference value :  3.21902e-07
 Reference value :  3.23022e-07
 Reference value :  3.24137e-07
 Reference value :  3.25202e-07
 Reference value :  3.26277e-07
 Reference value :  3.27207e-07
 Reference value :  3.28337e-07
 Reference value :  3.29337e-07
 Reference value :  3.30507e-07
 Reference value :  3.31627e-07
 Reference value :  3.32747e-07
 Reference value :  3.33852e-07
 Reference value :  3.34942e-07
 Reference value :  3.35972e-07
 Reference value :  3.37087e-07
 Reference value :  3.38177e-07
 Reference value :  3.39242e-07
 Reference value :  3.40292e-07
 Reference value :  3.41377e-07
 Reference value :  3.42482e-07
 Reference value :  3.43562e-07
 Reference value :  3.44627e-07
 Reference value :  3.45632e-07
 Reference value :  3.46732e-07
 Reference value :  3.47882e-07
 Reference value :  3.48982e-07
 Reference value :  3.50012e-07
 Reference value :  3.51152e-07
 Reference value :  3.52312e-07
 Reference value :  3.53347e-07
 Reference value :  3.54382e-07
 Reference value :  3.55527e-07
 Reference value :  3.56717e-07
 Reference value :  3.57792e-07
 Reference value :  3.58847e-07
 Reference value :  3.60037e-07
 Reference value :  3.61162e-07
 Reference value :  3.62242e-07
 Reference value :  3.63362e-07
 Reference value :  3.64562e-07
 Reference value :  3.65657e-07
 Reference value :  3.66747e-07
 Reference value :  3.67862e-07
 Reference value :  3.69047e-07
 Reference value :  3.70107e-07
 Reference value :  3.71207e-07
 Reference value :  3.72502e-07
 Reference value :  3.73667e-07
 Reference value :  3.74742e-07
 Reference value :  3.75852e-07
 Reference value :  3.77022e-07
 Reference value :  3.78297e-07
 Reference value :  3.79382e-07
 Reference value :  3.80547e-07
 Reference value :  3.81687e-07
 Reference value :  3.82807e-07
 Reference value :  3.84172e-07
 Reference value :  3.85357e-07
 Reference value :  3.86527e-07
 Reference value :  3.87607e-07
 Reference value :  3.88722e-07
 Reference value :  3.89807e-07
 Reference value :  3.90952e-07
 Reference value :  3.92012e-07
 Reference value :  3.93152e-07
 Reference value :  3.94217e-07
 Reference value :  3.95632e-07
 Reference value :  3.96692e-07
 Reference value :  3.97747e-07
 Reference value :  3.98837e-07
 Reference value :  4.00077e-07
 Reference value :  4.01217e-07
 Reference value :  4.02287e-07
 Reference value :  4.03402e-07
 Reference value :  4.04542e-07
 Reference value :  4.05652e-07
 Reference value :  4.06762e-07
 Reference value :  4.07887e-07
 Reference value :  4.09062e-07
 Reference value :  4.10157e-07
 Reference value :  4.11297e-07
 Reference value :  4.12452e-07
 Reference value :  4.13482e-07
 Reference value :  4.14517e-07
 Reference value :  4.15717e-07
 Reference value :  4.16857e-07
 Reference value :  4.17882e-07
 Reference value :  4.19162e-07
 Reference value :  4.20277e-07
 Reference value :  4.21397e-07
 Reference value :  4.22452e-07
 Reference value :  4.23647e-07
 Reference value :  4.24812e-07
 Reference value :  4.25867e-07
 Reference value :  4.26922e-07
 Reference value :  4.28047e-07
 Reference value :  4.29452e-07
 Reference value :  4.30517e-07
 Reference value :  4.31622e-07
 Reference value :  4.32712e-07
 Reference value :  4.33937e-07
 Reference value :  4.34982e-07
 Reference value :  4.36077e-07
 Reference value :  4.37202e-07
 Reference value :  4.38307e-07
 Reference value :  4.39507e-07
 Reference value :  4.40722e-07
 Reference value :  4.41892e-07
 Reference value :  4.42862e-07
 Reference value :  4.43872e-07
 Reference value :  4.44967e-07
 Reference value :  4.46112e-07
 Reference value :  4.47142e-07
 Reference value :  4.48237e-07
 Reference value :  4.49347e-07
 Reference value :  4.50422e-07
 Reference value :  4.51392e-07
 Reference value :  4.52467e-07
 Reference value :  4.53552e-07
 Reference value :  4.54657e-07
 Reference value :  4.55717e-07
 Reference value :  4.56862e-07
 Reference value :  4.57977e-07
 Reference value :  4.58972e-07
 Reference value :  4.60047e-07
 Reference value :  4.61167e-07
 Reference value :  4.62287e-07
 Reference value :  4.63322e-07
 Reference value :  4.64432e-07
 Reference value :  4.65477e-07
 Reference value :  4.66552e-07
 Reference value :  4.67642e-07
 Reference value :  4.68772e-07
 Reference value :  4.69812e-07
 Reference value :  4.70912e-07
 Reference value :  4.72027e-07
 Reference value :  4.73167e-07
 Reference value :  4.74187e-07
 Reference value :  4.75237e-07
 Reference value :  4.76332e-07
 Reference value :  4.77457e-07
 Reference value :  4.78517e-07
 Reference value :  4.79722e-07
 Reference value :  4.80807e-07
 Reference value :  4.81937e-07
 Reference value :  4.83042e-07
 Reference value :  4.84167e-07
 Reference value :  4.85332e-07
 Reference value :  4.86397e-07
 Reference value :  4.87442e-07
 Reference value :  4.88552e-07
 Reference value :  4.89702e-07
 Reference value :  4.90882e-07
 Reference value :  4.91992e-07
 Reference value :  4.93142e-07
 Reference value :  4.94292e-07
 Reference value :  4.95402e-07
 Reference value :  4.96547e-07
 Reference value :  4.97667e-07
 Reference value :  4.98857e-07
 Reference value :  5.00107e-07
 Reference value :  5.01342e-07
 Reference value :  5.02602e-07
 Reference value :  5.03842e-07
 Reference value :  5.05027e-07
 Reference value :  5.06342e-07
 Reference value :  5.07607e-07
 Reference value :  5.08742e-07
 Reference value :  5.09957e-07
 Reference value :  5.11132e-07
 Reference value :  5.12257e-07
 Reference value :  5.13427e-07
 Reference value :  5.14677e-07
 Reference value :  5.15907e-07
 Reference value :  5.17042e-07
 Reference value :  5.18247e-07
 Reference value :  5.19447e-07
 Reference value :  5.20622e-07
 Reference value :  5.21827e-07
 Reference value :  5.23022e-07
 Reference value :  5.24217e-07
 Reference value :  5.25412e-07
 Reference value :  5.26637e-07
 Reference value :  5.27857e-07
 Reference value :  5.28907e-07
 Reference value :  5.30042e-07
 Reference value :  5.31222e-07
 Reference value :  5.32437e-07
 Reference value :  5.33557e-07
 Reference value :  5.34727e-07
 Reference value :  5.35882e-07
 Reference value :  5.37052e-07
 Reference value :  5.38197e-07
 Reference value :  5.39402e-07
 Reference value :  5.40587e-07
 Reference value :  5.41857e-07
 Reference value :  5.43052e-07
 Reference value :  5.44287e-07
 Reference value :  5.45442e-07
 Reference value :  5.46607e-07
 Reference value :  5.47812e-07
 Reference value :  5.49012e-07
 Reference value :  5.50152e-07
 Reference value :  5.51292e-07
 Reference value :  5.52527e-07
 Reference value :  5.53767e-07
 Reference value :  5.54882e-07
 Reference value :  5.56062e-07
 Reference value :  5.57212e-07
 Reference value :  5.58392e-07
 Reference value :  5.59612e-07
 Reference value :  5.60877e-07
 Reference value :  5.62197e-07
 Reference value :  5.63472e-07
 Reference value :  5.64762e-07
 Reference value :  5.66217e-07
 Reference value :  5.67367e-07
 Reference value :  5.68507e-07
 Reference value :  5.69747e-07
 Reference value :  5.70942e-07
 Reference value :  5.72072e-07
 Reference value :  5.73172e-07
 Reference value :  5.74447e-07
 Reference value :  5.75637e-07
 Reference value :  5.76852e-07
 Reference value :  5.78132e-07
 Reference value :  5.79327e-07
 Reference value :  5.80507e-07
 Reference value :  5.81697e-07
 Reference value :  5.82977e-07
 Reference value :  5.84177e-07
 Reference value :  5.85362e-07
 Reference value :  5.86692e-07
 Reference value :  5.87887e-07
 Reference value :  5.89082e-07
 Reference value :  5.90337e-07
 Reference value :  5.91597e-07
 Reference value :  5.92787e-07
 Reference value :  5.93937e-07
 Reference value :  5.95207e-07
 Reference value :  5.96342e-07
 Reference value :  5.97487e-07
 Reference value :  5.98657e-07
 Reference value :  5.99927e-07
 Reference value :  6.01098e-07
 Reference value :  6.02278e-07
 Reference value :  6.03553e-07
 Reference value :  6.04743e-07
 Reference value :  6.05928e-07
 Reference value :  6.07193e-07
 Reference value :  6.08413e-07
 Reference value :  6.09703e-07
 Reference value :  6.11043e-07
 Reference value :  6.12338e-07
 Reference value :  6.13708e-07
 Reference value :  6.15183e-07
 Reference value :  6.16433e-07
 Reference value :  6.17708e-07
 Reference value :  6.19018e-07
 Reference value :  6.20268e-07
 Reference value :  6.21548e-07
 Reference value :  6.22808e-07
 Reference value :  6.24053e-07
 Reference value :  6.25233e-07
 Reference value :  6.26498e-07
 Reference value :  6.27703e-07
 Reference value :  6.28868e-07
 Reference value :  6.30133e-07
 Reference value :  6.31368e-07
 Reference value :  6.32513e-07
 Reference value :  6.33583e-07
 Reference value :  6.34793e-07
 Reference value :  6.35943e-07
 Reference value :  6.37083e-07
 Reference value :  6.38188e-07
 Reference value :  6.39383e-07
 Reference value :  6.40583e-07
 Reference value :  6.41698e-07
 Reference value :  6.42858e-07
 Reference value :  6.44013e-07
 Reference value :  6.45163e-07
 Reference value :  6.46368e-07
 Reference value :  6.47593e-07
 Reference value :  6.48728e-07
 Reference value :  6.49833e-07
 Reference value :  6.51023e-07
 Reference value :  6.52253e-07
 Reference value :  6.53303e-07
 Reference value :  6.54443e-07
 Reference value :  6.55628e-07
 Reference value :  6.56768e-07
 Reference value :  6.57883e-07
 Reference value :  6.59143e-07
 Reference value :  6.60323e-07
 Reference value :  6.61523e-07
 Reference value :  6.62933e-07
 Reference value :  6.64113e-07
 Reference value :  6.65228e-07
 Reference value :  6.66518e-07
 Reference value :  6.67773e-07
 Reference value :  6.68953e-07
 Reference value :  6.70198e-07
 Reference value :  6.71563e-07
 Reference value :  6.72728e-07
 Reference value :  6.73928e-07
 Reference value :  6.75218e-07
 Reference value :  6.76393e-07
 Reference value :  6.77618e-07
 Reference value :  6.78843e-07
 Reference value :  6.80023e-07
 Reference value :  6.81268e-07
 Reference value :  6.82483e-07
 Reference value :  6.83733e-07
 Reference value :  6.84928e-07
 Reference value :  6.86168e-07
 Reference value :  6.87348e-07
 Reference value :  6.88603e-07
 Reference value :  6.89858e-07
 Reference value :  6.91018e-07
 Reference value :  6.92318e-07
 Reference value :  6.93498e-07
 Reference value :  6.94608e-07
 Reference value :  6.95868e-07
 Reference value :  6.97023e-07
 Reference value :  6.98238e-07
 Reference value :  6.99418e-07
 Reference value :  7.00618e-07
 Reference value :  7.01918e-07
 Reference value :  7.03133e-07
 Reference value :  7.04343e-07
 Reference value :  7.05473e-07
 Reference value :  7.06723e-07
 Reference value :  7.07928e-07
 Reference value :  7.09128e-07
 Reference value :  7.10353e-07
 Reference value :  7.11578e-07
 Reference value :  7.12753e-07
 Reference value :  7.13958e-07
 Reference value :  7.15188e-07
 Reference value :  7.16438e-07
 Reference value :  7.17678e-07
 Reference value :  7.18903e-07
 Reference value :  7.20228e-07
 Reference value :  7.21323e-07
 Reference value :  7.22548e-07
 Reference value :  7.23813e-07
 Reference value :  7.25043e-07
 Reference value :  7.26268e-07
 Reference value :  7.27528e-07
 Reference value :  7.28788e-07
 Reference value :  7.29973e-07
 Reference value :  7.31178e-07
 Reference value :  7.32443e-07
 Reference value :  7.33623e-07
 Reference value :  7.34868e-07
 Reference value :  7.36093e-07
 Reference value :  7.37313e-07
 Reference value :  7.38563e-07
 Reference value :  7.39813e-07
 Reference value :  7.41038e-07
 Reference value :  7.42238e-07
 Reference value :  7.43378e-07
 Reference value :  7.44558e-07
 Reference value :  7.45778e-07
 Reference value :  7.46943e-07
 Reference value :  7.48178e-07
 Reference value :  7.49318e-07
 Reference value :  7.50538e-07
 Reference value :  7.51698e-07
 Reference value :  7.52933e-07
 Reference value :  7.54123e-07
 Reference value :  7.55283e-07
 Reference value :  7.56498e-07
 Reference value :  7.57608e-07
 Reference value :  7.58773e-07
 Reference value :  7.59903e-07
 Reference value :  7.61053e-07
 Reference value :  7.62193e-07
 Reference value :  7.63383e-07
 Reference value :  7.64493e-07
 Reference value :  7.65628e-07
 Reference value :  7.66748e-07
 Reference value :  7.67903e-07
 Reference value :  7.69103e-07
 Reference value :  7.70303e-07
 Reference value :  7.71528e-07
 Reference value :  7.72658e-07
 Reference value :  7.73913e-07
 Reference value :  7.75168e-07
 Reference value :  7.76398e-07
 Reference value :  7.77553e-07
 Reference value :  7.78778e-07
 Reference value :  7.80058e-07
 Reference value :  7.81203e-07
 Reference value :  7.82358e-07
 Reference value :  7.83573e-07
 Reference value :  7.84733e-07
 Reference value :  7.85963e-07
 Reference value :  7.87103e-07
 Reference value :  7.88368e-07
 Reference value :  7.89608e-07
 Reference value :  7.90783e-07
 Reference value :  7.92008e-07
 Reference value :  7.93258e-07
 Reference value :  7.94488e-07
 Reference value :  7.95728e-07
 Reference value :  7.96998e-07
 Reference value :  7.98203e-07
 Reference value :  7.99413e-07
No. of Data Rows : 160024
pt1a                =  1.16938e-08
pt1b                =  5.61008e-08
pt2a                =  1.14356e-08
pt2b                =  5.45092e-08
pt3a                =  1.12733e-08
pt3b                =  5.27447e-08
pt4a                =  1.11546e-08
pt4b                =  5.12321e-08
 meas tran vsub_max max v(xarr.vsubs) from=100n to=800n failed!

 meas tran vsub_min min v(xarr.vsubs) from=100n to=800n failed!

p_tr1 = 4.440701e-09
p_tr2 = 4.307354e-09
p_tr3 = 4.147134e-09
p_tr4 = 4.007751e-09
p_skew_span = 1.108028e+00
Note: Simulation executed from .control section 

----- stderr -----

Error: measure  vsub_max  max(TRIG) : no such vector as 'v(xarr.vsubs)'

Error: measure  vsub_min  min(TRIG) : no such vector as 'v(xarr.vsubs)'
Warning from checkvalid: vector vsub_max is not available or has zero length.
Error: RHS "(vsub_max - vsub_min) / 1.98" invalid
Warning from checkvalid: vector vsub_swing_frac is not available or has zero length.

