|* xor2 combining-node bandwidth -- minimum pulse width the XOR tree passes
|*
|* Purpose: issue #13 asks that "the XOR combining tree's own contribution at
|* the chosen N is addressed rather than assumed negligible". This deck is
|* the measurement that makes that possible, and it is the measurement that
|* actually SIZES the array: it puts a ceiling on N that is independent of
|* the entropy sizing law.
|*
|* Why a pulse-width sweep is the right question. In an XOR-combined RO
|* array, every ring contributes 2 edges per period at the combining node, so
|* a balanced tree's ROOT sees a mean inter-edge spacing of
|*
|*     w_root = T_0 / (2 N)
|*
|* (T_0 = ring period, N = number of rings). The root gate is a static CMOS
|* xor2 built from minimum-width sky130 1.8 V core devices; it has a finite
|* propagation delay and therefore a minimum pulse width below which an input
|* transition pair never reaches the far rail at the output. Edges closer
|* together than that are SWALLOWED -- they never appear at xo, so they never
|* reach the sampler, so the entropy they carried is not in the raw bit no
|* matter what the sizing law says about N * Q_ring. This is the same
|* filtering Wold & Tan (2009) identified in the Sunar/Fischer XOR-combined
|* RO TRNG, and it is a property of the combining gate, not of the rings.
|*
|* Method. Nine independent, identical instances of design/xschem/xor2.sch,
|* each with input `b` tied to vss (so y = a, exercising the a -> an -> Mp3 /
|* Mn3 branch, the slower of the two input paths because it goes through the
|* input inverter) and each driven at `a` by its own symmetric square wave of
|* half-period w. Each output drives one further xor2 input, so every gate
|* under test sees the fanout-1 load it would see inside a tree. The measured
|* quantity is the steady-state peak-to-peak swing at y as a fraction of Vdd:
|*
|*     swing_frac(w) -> 1.0   for w well above the gate's own resolution
|*     swing_frac(w) -> 0     as w falls below it
|*
|* The reported design number is w_90, the smallest w in the swept set whose
|* output still reaches >= 0.90 x Vdd. The reduction in
|* sim/ro-array-operating-point/ interpolates between the swept points.
|*
|* Deliberately OPTIMISTIC input edges. The sources use 8 ps rise/fall
|* regardless of w -- sharper than any ro_buf-driven node in this design can
|* actually produce. That biases the measurement in the XOR's favour, so a w
|* that FAILS here fails robustly (a real, slower edge can only make it
|* worse), which is the direction that matters: this measurement is used to
|* rule array sizes OUT.
|*
|* Nominal half-period w = PW + (TR + TF)/2 = PW + 8p, measured at the 50%
|* crossing; each source's PER is set to 2*(PW + 8p) so mark and space are
|* equal. The swept set is w = 500, 300, 200, 140, 100, 70, 50, 35, 25 ps.
|*
|* PVT: run at three (temp, supply) points, each bundling the tt/ss/ff
|* process axis, chosen because they are the three points the array sizing
|* actually has to survive:
|*   -40 degC / 1.62 V  the entropy-binding corner (ss) -- slowest ring, so
|*                      the WIDEST root spacing, i.e. where the XOR has the
|*                      easiest job and the entropy requirement is hardest
|*   27 degC / 1.80 V   nominal
|*   -40 degC / 1.98 V  the fastest ring measured anywhere in #10's grid
|*                      (ff, T_0 = 1.32 ns) -- the NARROWEST root spacing,
|*                      i.e. where the XOR has the hardest job
|*
|* This file is a TEMPLATE: sim/bin/corner-run.py substitutes /home/ubuntu/.volare/volare/sky130/versions/c6d73a35f524070e85faff4a6a9eef49553ebc2b/sky130A/libs.tech/combined/sky130.lib.spice,
|* ff, /home/ubuntu/GitHub/sky130-trng/.loom/worktrees/issue-13/design/ro_array_core.spice (pointed at design/ro_array_core.spice via
|* --ro-ring5, because that is the committed netlist.py --check-guarded
|* library that defines xor2), -40.0, 1.98 and 0.5p. As committed
|* it is not a runnable deck.
|
|.option scale=1u
|.lib "/home/ubuntu/.volare/volare/sky130/versions/c6d73a35f524070e85faff4a6a9eef49553ebc2b/sky130A/libs.tech/combined/sky130.lib.spice" ff
|
|.include "/home/ubuntu/GitHub/sky130-trng/.loom/worktrees/issue-13/design/ro_array_core.spice"
|
|.temp -40.0
|
|Vdd vdd 0 dc 1.98
|
|* --- w = 500 ps -------------------------------------------------------
|Va1 a1 0 PULSE(0 1.98 2n 8p 8p 492p 1000p)
|xu1 a1 0 y1 vdd 0 xor2
|xl1 y1 0 z1 vdd 0 xor2
|* --- w = 300 ps -------------------------------------------------------
|Va2 a2 0 PULSE(0 1.98 2n 8p 8p 292p 600p)
|xu2 a2 0 y2 vdd 0 xor2
|xl2 y2 0 z2 vdd 0 xor2
|* --- w = 200 ps -------------------------------------------------------
|Va3 a3 0 PULSE(0 1.98 2n 8p 8p 192p 400p)
|xu3 a3 0 y3 vdd 0 xor2
|xl3 y3 0 z3 vdd 0 xor2
|* --- w = 140 ps -------------------------------------------------------
|Va4 a4 0 PULSE(0 1.98 2n 8p 8p 132p 280p)
|xu4 a4 0 y4 vdd 0 xor2
|xl4 y4 0 z4 vdd 0 xor2
|* --- w = 100 ps -------------------------------------------------------
|Va5 a5 0 PULSE(0 1.98 2n 8p 8p 92p 200p)
|xu5 a5 0 y5 vdd 0 xor2
|xl5 y5 0 z5 vdd 0 xor2
|* --- w = 70 ps --------------------------------------------------------
|Va6 a6 0 PULSE(0 1.98 2n 8p 8p 62p 140p)
|xu6 a6 0 y6 vdd 0 xor2
|xl6 y6 0 z6 vdd 0 xor2
|* --- w = 50 ps --------------------------------------------------------
|Va7 a7 0 PULSE(0 1.98 2n 8p 8p 42p 100p)
|xu7 a7 0 y7 vdd 0 xor2
|xl7 y7 0 z7 vdd 0 xor2
|* --- w = 35 ps --------------------------------------------------------
|Va8 a8 0 PULSE(0 1.98 2n 8p 8p 27p 70p)
|xu8 a8 0 y8 vdd 0 xor2
|xl8 y8 0 z8 vdd 0 xor2
|* --- w = 25 ps --------------------------------------------------------
|Va9 a9 0 PULSE(0 1.98 2n 8p 8p 17p 50p)
|xu9 a9 0 y9 vdd 0 xor2
|xl9 y9 0 z9 vdd 0 xor2
|
|.tran 0.5p 12n
|
|.control
|run
|meas tran vx1 MAX v(y1) from=8n to=12n
|meas tran vn1 MIN v(y1) from=8n to=12n
|meas tran vx2 MAX v(y2) from=8n to=12n
|meas tran vn2 MIN v(y2) from=8n to=12n
|meas tran vx3 MAX v(y3) from=8n to=12n
|meas tran vn3 MIN v(y3) from=8n to=12n
|meas tran vx4 MAX v(y4) from=8n to=12n
|meas tran vn4 MIN v(y4) from=8n to=12n
|meas tran vx5 MAX v(y5) from=8n to=12n
|meas tran vn5 MIN v(y5) from=8n to=12n
|meas tran vx6 MAX v(y6) from=8n to=12n
|meas tran vn6 MIN v(y6) from=8n to=12n
|meas tran vx7 MAX v(y7) from=8n to=12n
|meas tran vn7 MIN v(y7) from=8n to=12n
|meas tran vx8 MAX v(y8) from=8n to=12n
|meas tran vn8 MIN v(y8) from=8n to=12n
|meas tran vx9 MAX v(y9) from=8n to=12n
|meas tran vn9 MIN v(y9) from=8n to=12n
|let swing_w500 = (vx1 - vn1) / 1.98
|let swing_w300 = (vx2 - vn2) / 1.98
|let swing_w200 = (vx3 - vn3) / 1.98
|let swing_w140 = (vx4 - vn4) / 1.98
|let swing_w100 = (vx5 - vn5) / 1.98
|let swing_w070 = (vx6 - vn6) / 1.98
|let swing_w050 = (vx7 - vn7) / 1.98
|let swing_w035 = (vx8 - vn8) / 1.98
|let swing_w025 = (vx9 - vn9) / 1.98
|* propagation delay of the gate under test at a width it passes cleanly,
|* input 50% rising -> output 50% rising (y follows a when b = 0)
|meas tran ta1 when v(a1)=0.5*1.98 rise=5
|meas tran ty1 when v(y1)=0.5*1.98 rise=5
|let tpd_lh = ty1 - ta1
|print swing_w500
|print swing_w300
|print swing_w200
|print swing_w140
|print swing_w100
|print swing_w070
|print swing_w050
|print swing_w035
|print swing_w025
|print tpd_lh
|.endc
|.end
|

----- stdout -----

Note: No compatibility mode selected!


Circuit: * xor2 combining-node bandwidth -- minimum pulse width the xor tree passes

Doing analysis at TEMP = -40.000000 and TNOM = 27.000000

Using SPARSE 1.3 as Direct Linear Solver

Initial Transient Solution
--------------------------

Node                                   Voltage
----                                   -------
vdd                                       1.98
a1                                           0
xu1.an                                    1.98
xu1.bn                                    1.98
xu1.mid                                   1.98
y1                                 3.39724e-07
xu1.s1                             1.63904e-09
xu1.s2                             1.69862e-07
xl1.an                                    1.98
xl1.bn                                    1.98
xl1.mid                                   1.98
z1                                 3.39724e-07
xl1.s1                             1.63906e-09
xl1.s2                             1.69862e-07
a2                                           0
xu2.an                                    1.98
xu2.bn                                    1.98
xu2.mid                                   1.98
y2                                 3.39724e-07
xu2.s1                             1.63904e-09
xu2.s2                             1.69862e-07
xl2.an                                    1.98
xl2.bn                                    1.98
xl2.mid                                   1.98
z2                                 3.39724e-07
xl2.s1                             1.63906e-09
xl2.s2                             1.69862e-07
a3                                           0
xu3.an                                    1.98
xu3.bn                                    1.98
xu3.mid                                   1.98
y3                                 3.39724e-07
xu3.s1                             1.63904e-09
xu3.s2                             1.69862e-07
xl3.an                                    1.98
xl3.bn                                    1.98
xl3.mid                                   1.98
z3                                 3.39724e-07
xl3.s1                             1.63906e-09
xl3.s2                             1.69862e-07
a4                                           0
xu4.an                                    1.98
xu4.bn                                    1.98
xu4.mid                                   1.98
y4                                 3.39724e-07
xu4.s1                             1.63904e-09
xu4.s2                             1.69862e-07
xl4.an                                    1.98
xl4.bn                                    1.98
xl4.mid                                   1.98
z4                                 3.39724e-07
xl4.s1                             1.63906e-09
xl4.s2                             1.69862e-07
a5                                           0
xu5.an                                    1.98
xu5.bn                                    1.98
xu5.mid                                   1.98
y5                                 3.39724e-07
xu5.s1                             1.63904e-09
xu5.s2                             1.69862e-07
xl5.an                                    1.98
xl5.bn                                    1.98
xl5.mid                                   1.98
z5                                 3.39724e-07
xl5.s1                             1.63906e-09
xl5.s2                             1.69862e-07
a6                                           0
xu6.an                                    1.98
xu6.bn                                    1.98
xu6.mid                                   1.98
y6                                 3.39724e-07
xu6.s1                             1.63904e-09
xu6.s2                             1.69862e-07
xl6.an                                    1.98
xl6.bn                                    1.98
xl6.mid                                   1.98
z6                                 3.39724e-07
xl6.s1                             1.63906e-09
xl6.s2                             1.69862e-07
a7                                           0
xu7.an                                    1.98
xu7.bn                                    1.98
xu7.mid                                   1.98
y7                                 3.39724e-07
xu7.s1                             1.63904e-09
xu7.s2                             1.69862e-07
xl7.an                                    1.98
xl7.bn                                    1.98
xl7.mid                                   1.98
z7                                 3.39724e-07
xl7.s1                             1.63906e-09
xl7.s2                             1.69862e-07
a8                                           0
xu8.an                                    1.98
xu8.bn                                    1.98
xu8.mid                                   1.98
y8                                 3.39724e-07
xu8.s1                             1.63904e-09
xu8.s2                             1.69862e-07
xl8.an                                    1.98
xl8.bn                                    1.98
xl8.mid                                   1.98
z8                                 3.39724e-07
xl8.s1                             1.63906e-09
xl8.s2                             1.69862e-07
a9                                           0
xu9.an                                    1.98
xu9.bn                                    1.98
xu9.mid                                   1.98
y9                                 3.39724e-07
xu9.s1                             1.63904e-09
xu9.s2                             1.69862e-07
xl9.an                                    1.98
xl9.bn                                    1.98
xl9.mid                                   1.98
z9                                 3.39724e-07
xl9.s1                             1.63906e-09
xl9.s2                             1.69862e-07
va9#branch                                   0
va8#branch                                   0
va7#branch                                   0
va6#branch                                   0
va5#branch                                   0
va4#branch                                   0
va3#branch                                   0
va2#branch                                   0
va1#branch                                   0
vdd#branch                         -3.6596e-09

 Reference value :  0.00000e+00
 Reference value :  3.56400e-11
 Reference value :  7.41400e-11
 Reference value :  1.13140e-10
 Reference value :  1.47640e-10
 Reference value :  1.86140e-10
 Reference value :  2.25640e-10
 Reference value :  2.62640e-10
 Reference value :  3.02140e-10
 Reference value :  3.37140e-10
 Reference value :  3.62640e-10
 Reference value :  3.85140e-10
 Reference value :  4.23140e-10
 Reference value :  4.59140e-10
 Reference value :  4.94640e-10
 Reference value :  5.33640e-10
 Reference value :  5.70640e-10
 Reference value :  6.09640e-10
 Reference value :  6.46140e-10
 Reference value :  6.83140e-10
 Reference value :  7.22640e-10
 Reference value :  7.38140e-10
 Reference value :  7.70140e-10
 Reference value :  8.05640e-10
 Reference value :  8.44640e-10
 Reference value :  8.79640e-10
 Reference value :  9.18140e-10
 Reference value :  9.56640e-10
 Reference value :  9.91640e-10
 Reference value :  1.03114e-09
 Reference value :  1.06714e-09
 Reference value :  1.10514e-09
 Reference value :  1.14164e-09
 Reference value :  1.17964e-09
 Reference value :  1.21864e-09
 Reference value :  1.25364e-09
 Reference value :  1.29214e-09
 Reference value :  1.32814e-09
 Reference value :  1.36614e-09
 Reference value :  1.40414e-09
 Reference value :  1.44164e-09
 Reference value :  1.48014e-09
 Reference value :  1.51364e-09
 Reference value :  1.55164e-09
 Reference value :  1.58814e-09
 Reference value :  1.62664e-09
 Reference value :  1.66464e-09
 Reference value :  1.70114e-09
 Reference value :  1.71614e-09
 Reference value :  1.75214e-09
 Reference value :  1.79064e-09
 Reference value :  1.82564e-09
 Reference value :  1.86064e-09
 Reference value :  1.89614e-09
 Reference value :  1.93414e-09
 Reference value :  1.97314e-09
 Reference value :  2.00763e-09
 Reference value :  2.03875e-09
 Reference value :  2.06575e-09
 Reference value :  2.09475e-09
 Reference value :  2.12225e-09
 Reference value :  2.15015e-09
 Reference value :  2.18300e-09
 Reference value :  2.21015e-09
 Reference value :  2.24125e-09
 Reference value :  2.26775e-09
 Reference value :  2.29625e-09
 Reference value :  2.32500e-09
 Reference value :  2.35675e-09
 Reference value :  2.38725e-09
 Reference value :  2.41375e-09
 Reference value :  2.44325e-09
 Reference value :  2.47075e-09
 Reference value :  2.50005e-09
 Reference value :  2.53075e-09
 Reference value :  2.55325e-09
 Reference value :  2.58305e-09
 Reference value :  2.60815e-09
 Reference value :  2.63835e-09
 Reference value :  2.66575e-09
 Reference value :  2.69625e-09
 Reference value :  2.72575e-09
 Reference value :  2.75275e-09
 Reference value :  2.78300e-09
 Reference value :  2.81025e-09
 Reference value :  2.84075e-09
 Reference value :  2.86675e-09
 Reference value :  2.90005e-09
 Reference value :  2.92825e-09
 Reference value :  2.95475e-09
 Reference value :  2.98575e-09
 Reference value :  3.01325e-09
 Reference value :  3.04425e-09
 Reference value :  3.07515e-09
 Reference value :  3.10575e-09
 Reference value :  3.13335e-09
 Reference value :  3.16225e-09
 Reference value :  3.19325e-09
 Reference value :  3.22025e-09
 Reference value :  3.24325e-09
 Reference value :  3.25275e-09
 Reference value :  3.28225e-09
 Reference value :  3.31025e-09
 Reference value :  3.33875e-09
 Reference value :  3.37025e-09
 Reference value :  3.40005e-09
 Reference value :  3.43263e-09
 Reference value :  3.45875e-09
 Reference value :  3.48875e-09
 Reference value :  3.51775e-09
 Reference value :  3.54675e-09
 Reference value :  3.57675e-09
 Reference value :  3.60763e-09
 Reference value :  3.63425e-09
 Reference value :  3.66075e-09
 Reference value :  3.69125e-09
 Reference value :  3.72300e-09
 Reference value :  3.75075e-09
 Reference value :  3.78335e-09
 Reference value :  3.81025e-09
 Reference value :  3.84025e-09
 Reference value :  3.86625e-09
 Reference value :  3.89805e-09
 Reference value :  3.92875e-09
 Reference value :  3.95835e-09
 Reference value :  3.98875e-09
 Reference value :  4.01575e-09
 Reference value :  4.04625e-09
 Reference value :  4.07500e-09
 Reference value :  4.07825e-09
 Reference value :  4.10875e-09
 Reference value :  4.13875e-09
 Reference value :  4.17000e-09
 Reference value :  4.19675e-09
 Reference value :  4.22505e-09
 Reference value :  4.25075e-09
 Reference value :  4.28262e-09
 Reference value :  4.31125e-09
 Reference value :  4.33975e-09
 Reference value :  4.36975e-09
 Reference value :  4.39475e-09
 Reference value :  4.42425e-09
 Reference value :  4.45675e-09
 Reference value :  4.48675e-09
 Reference value :  4.51725e-09
 Reference value :  4.54375e-09
 Reference value :  4.56625e-09
 Reference value :  4.59525e-09
 Reference value :  4.62505e-09
 Reference value :  4.65725e-09
 Reference value :  4.68475e-09
 Reference value :  4.71425e-09
 Reference value :  4.74175e-09
 Reference value :  4.77305e-09
 Reference value :  4.80175e-09
 Reference value :  4.83375e-09
 Reference value :  4.86125e-09
 Reference value :  4.89175e-09
 Reference value :  4.92175e-09
 Reference value :  4.94815e-09
 Reference value :  4.97925e-09
 Reference value :  5.00815e-09
 Reference value :  5.03725e-09
 Reference value :  5.05625e-09
 Reference value :  5.08675e-09
 Reference value :  5.11625e-09
 Reference value :  5.14575e-09
 Reference value :  5.17775e-09
 Reference value :  5.20625e-09
 Reference value :  5.23315e-09
 Reference value :  5.26025e-09
 Reference value :  5.29075e-09
 Reference value :  5.32175e-09
 Reference value :  5.35035e-09
 Reference value :  5.38025e-09
 Reference value :  5.40725e-09
 Reference value :  5.43675e-09
 Reference value :  5.46535e-09
 Reference value :  5.49775e-09
 Reference value :  5.52775e-09
 Reference value :  5.55275e-09
 Reference value :  5.58300e-09
 Reference value :  5.60875e-09
 Reference value :  5.63962e-09
 Reference value :  5.67025e-09
 Reference value :  5.70125e-09
 Reference value :  5.73025e-09
 Reference value :  5.75800e-09
 Reference value :  5.78800e-09
 Reference value :  5.81500e-09
 Reference value :  5.84625e-09
 Reference value :  5.87825e-09
 Reference value :  5.90525e-09
 Reference value :  5.93315e-09
 Reference value :  5.96025e-09
 Reference value :  5.99075e-09
 Reference value :  6.01775e-09
 Reference value :  6.05015e-09
 Reference value :  6.07505e-09
 Reference value :  6.10305e-09
 Reference value :  6.13305e-09
 Reference value :  6.16025e-09
 Reference value :  6.19075e-09
 Reference value :  6.21925e-09
 Reference value :  6.25005e-09
 Reference value :  6.27875e-09
 Reference value :  6.30625e-09
 Reference value :  6.33625e-09
 Reference value :  6.36125e-09
 Reference value :  6.39575e-09
 Reference value :  6.42175e-09
 Reference value :  6.45125e-09
 Reference value :  6.48263e-09
 Reference value :  6.50815e-09
 Reference value :  6.53725e-09
 Reference value :  6.56725e-09
 Reference value :  6.59825e-09
 Reference value :  6.62725e-09
 Reference value :  6.65535e-09
 Reference value :  6.68525e-09
 Reference value :  6.71225e-09
 Reference value :  6.74675e-09
 Reference value :  6.77325e-09
 Reference value :  6.80315e-09
 Reference value :  6.83305e-09
 Reference value :  6.86025e-09
 Reference value :  6.88725e-09
 Reference value :  6.91825e-09
 Reference value :  6.94925e-09
 Reference value :  6.97675e-09
 Reference value :  7.00575e-09
 Reference value :  7.03315e-09
 Reference value :  7.05805e-09
 Reference value :  7.09125e-09
 Reference value :  7.11815e-09
 Reference value :  7.14962e-09
 Reference value :  7.17725e-09
 Reference value :  7.20625e-09
 Reference value :  7.23425e-09
 Reference value :  7.26425e-09
 Reference value :  7.29525e-09
 Reference value :  7.32375e-09
 Reference value :  7.35375e-09
 Reference value :  7.38175e-09
 Reference value :  7.40815e-09
 Reference value :  7.44175e-09
 Reference value :  7.46835e-09
 Reference value :  7.50005e-09
 Reference value :  7.52675e-09
 Reference value :  7.55575e-09
 Reference value :  7.56515e-09
 Reference value :  7.59675e-09
 Reference value :  7.62875e-09
 Reference value :  7.65425e-09
 Reference value :  7.68315e-09
 Reference value :  7.70975e-09
 Reference value :  7.74015e-09
 Reference value :  7.77125e-09
 Reference value :  7.80325e-09
 Reference value :  7.83175e-09
 Reference value :  7.85800e-09
 Reference value :  7.88805e-09
 Reference value :  7.91505e-09
 Reference value :  7.94625e-09
 Reference value :  7.97675e-09
 Reference value :  8.00625e-09
 Reference value :  8.03315e-09
 Reference value :  8.06075e-09
 Reference value :  8.09125e-09
 Reference value :  8.11975e-09
 Reference value :  8.15125e-09
 Reference value :  8.17975e-09
 Reference value :  8.20805e-09
 Reference value :  8.23800e-09
 Reference value :  8.26515e-09
 Reference value :  8.29675e-09
 Reference value :  8.32500e-09
 Reference value :  8.35175e-09
 Reference value :  8.38075e-09
 Reference value :  8.40975e-09
 Reference value :  8.41825e-09
 Reference value :  8.44675e-09
 Reference value :  8.47675e-09
 Reference value :  8.50725e-09
 Reference value :  8.53525e-09
 Reference value :  8.56225e-09
 Reference value :  8.59175e-09
 Reference value :  8.62125e-09
 Reference value :  8.64925e-09
 Reference value :  8.68125e-09
 Reference value :  8.70805e-09
 Reference value :  8.73625e-09
 Reference value :  8.76375e-09
 Reference value :  8.79625e-09
 Reference value :  8.82575e-09
 Reference value :  8.85725e-09
 Reference value :  8.88425e-09
 Reference value :  8.91025e-09
 Reference value :  8.93975e-09
 Reference value :  8.97025e-09
 Reference value :  9.00015e-09
 Reference value :  9.03263e-09
 Reference value :  9.05805e-09
 Reference value :  9.08725e-09
 Reference value :  9.10835e-09
 Reference value :  9.14005e-09
 Reference value :  9.16775e-09
 Reference value :  9.20005e-09
 Reference value :  9.22875e-09
 Reference value :  9.25575e-09
 Reference value :  9.28675e-09
 Reference value :  9.31463e-09
 Reference value :  9.34475e-09
 Reference value :  9.37675e-09
 Reference value :  9.40675e-09
 Reference value :  9.43263e-09
 Reference value :  9.45675e-09
 Reference value :  9.48725e-09
 Reference value :  9.51325e-09
 Reference value :  9.54725e-09
 Reference value :  9.57505e-09
 Reference value :  9.60425e-09
 Reference value :  9.63375e-09
 Reference value :  9.66225e-09
 Reference value :  9.69125e-09
 Reference value :  9.72175e-09
 Reference value :  9.75035e-09
 Reference value :  9.77925e-09
 Reference value :  9.80835e-09
 Reference value :  9.84000e-09
 Reference value :  9.86625e-09
 Reference value :  9.90000e-09
 Reference value :  9.92535e-09
 Reference value :  9.95475e-09
 Reference value :  9.98315e-09
 Reference value :  1.00123e-08
 Reference value :  1.00423e-08
 Reference value :  1.00743e-08
 Reference value :  1.01028e-08
 Reference value :  1.01293e-08
 Reference value :  1.01583e-08
 Reference value :  1.01893e-08
 Reference value :  1.02168e-08
 Reference value :  1.02443e-08
 Reference value :  1.02681e-08
 Reference value :  1.02996e-08
 Reference value :  1.03273e-08
 Reference value :  1.03563e-08
 Reference value :  1.03833e-08
 Reference value :  1.04163e-08
 Reference value :  1.04473e-08
 Reference value :  1.04707e-08
 Reference value :  1.05007e-08
 Reference value :  1.05268e-08
 Reference value :  1.05558e-08
 Reference value :  1.05743e-08
 Reference value :  1.06063e-08
 Reference value :  1.06333e-08
 Reference value :  1.06592e-08
 Reference value :  1.06898e-08
 Reference value :  1.07178e-08
 Reference value :  1.07500e-08
 Reference value :  1.07818e-08
 Reference value :  1.08084e-08
 Reference value :  1.08378e-08
 Reference value :  1.08643e-08
 Reference value :  1.08973e-08
 Reference value :  1.09233e-08
 Reference value :  1.09548e-08
 Reference value :  1.09833e-08
 Reference value :  1.10087e-08
 Reference value :  1.10384e-08
 Reference value :  1.10683e-08
 Reference value :  1.11000e-08
 Reference value :  1.11298e-08
 Reference value :  1.11580e-08
 Reference value :  1.11873e-08
 Reference value :  1.12133e-08
 Reference value :  1.12463e-08
 Reference value :  1.12743e-08
 Reference value :  1.13063e-08
 Reference value :  1.13303e-08
 Reference value :  1.13581e-08
 Reference value :  1.13882e-08
 Reference value :  1.14157e-08
 Reference value :  1.14473e-08
 Reference value :  1.14773e-08
 Reference value :  1.15073e-08
 Reference value :  1.15326e-08
 Reference value :  1.15626e-08
 Reference value :  1.15938e-08
 Reference value :  1.16133e-08
 Reference value :  1.16342e-08
 Reference value :  1.16628e-08
 Reference value :  1.16928e-08
 Reference value :  1.17193e-08
 Reference value :  1.17463e-08
 Reference value :  1.17750e-08
 Reference value :  1.18053e-08
 Reference value :  1.18351e-08
 Reference value :  1.18628e-08
 Reference value :  1.18933e-08
 Reference value :  1.19183e-08
 Reference value :  1.19483e-08
 Reference value :  1.19743e-08
No. of Data Rows : 27776
vx1                 =  2.06397e+00 at=  9.53025e-09
vn1                 =  -5.24008e-04 at=  1.16418e-08
vx2                 =  2.06334e+00 at=  1.01303e-08
vn2                 =  -5.08118e-04 at=  9.04175e-09
vx3                 =  2.05259e+00 at=  8.63025e-09
vn3                 =  -2.80639e-04 at=  1.11408e-08
vx4                 =  1.98056e+00 at=  1.08496e-08
vn4                 =  1.73323e-03 at=  1.15163e-08
vx5                 =  1.59361e+00 at=  1.07273e-08
vn5                 =  5.18556e-02 at=  9.62375e-09
vx6                 =  1.25286e+00 at=  1.11968e-08
vn6                 =  1.37442e-01 at=  8.60225e-09
vx7                 =  1.25860e+00 at=  1.06767e-08
vn7                 =  4.46981e-01 at=  9.01975e-09
vx8                 =  1.85298e+00 at=  1.19330e-08
vn8                 =  1.40747e+00 at=  1.06973e-08
vx9                 =  2.03442e+00 at=  1.19046e-08
vn9                 =  1.77873e+00 at=  1.10330e-08
ta1                 =  6.00400e-09
ty1                 =  6.08433e-09
swing_w500 = 1.042672e+00
swing_w300 = 1.042346e+00
swing_w200 = 1.036803e+00
swing_w140 = 9.994075e-01
swing_w100 = 7.786618e-01
swing_w070 = 5.633407e-01
swing_w050 = 4.099097e-01
swing_w035 = 2.250030e-01
swing_w025 = 1.291364e-01
tpd_lh = 8.032600e-11
Note: Simulation executed from .control section 

----- stderr -----

Checking parameters for BSIM 4.5 model xl9.xmn4:nshort_model.40
Warning: Eta0 = -0.00908636 is negative.

Checking parameters for BSIM 4.5 model xl9.xmn3:nshort_model.40
Warning: Eta0 = -0.00908636 is negative.

Checking parameters for BSIM 4.5 model xl9.xmn2:nshort_model.40
Warning: Eta0 = -0.00908636 is negative.

Checking parameters for BSIM 4.5 model xl9.xmn1:nshort_model.40
Warning: Eta0 = -0.00908636 is negative.

Checking parameters for BSIM 4.5 model xl9.xmp4:pshort_model.32
Warning: A2 = 1.14662 is larger than 1. A2 is set to 1 and A1 is set to 0.
Warning: Pdibl1 = -0.0493749 is negative.
Warning: Pdibl2 = -0.000925472 is negative.

Checking parameters for BSIM 4.5 model xl9.xmp3:pshort_model.32
Warning: A2 = 1.14662 is larger than 1. A2 is set to 1 and A1 is set to 0.
Warning: Pdibl1 = -0.0493749 is negative.
Warning: Pdibl2 = -0.000925472 is negative.

Checking parameters for BSIM 4.5 model xl9.xmp2:pshort_model.32
Warning: A2 = 1.14662 is larger than 1. A2 is set to 1 and A1 is set to 0.
Warning: Pdibl1 = -0.0493749 is negative.
Warning: Pdibl2 = -0.000925472 is negative.

Checking parameters for BSIM 4.5 model xl9.xmp1:pshort_model.32
Warning: A2 = 1.14662 is larger than 1. A2 is set to 1 and A1 is set to 0.
Warning: Pdibl1 = -0.0493749 is negative.
Warning: Pdibl2 = -0.000925472 is negative.

Checking parameters for BSIM 4.5 model xl9.xmnib:nshort_model.48
Warning: Eta0 = -0.0261666 is negative.

Checking parameters for BSIM 4.5 model xl9.xmpib:pshort_model.40
Warning: A2 = 1.0885 is larger than 1. A2 is set to 1 and A1 is set to 0.
Warning: Pdibl1 = -0.00669442 is negative.

Checking parameters for BSIM 4.5 model xl9.xmnia:nshort_model.48
Warning: Eta0 = -0.0261666 is negative.

Checking parameters for BSIM 4.5 model xl9.xmpia:pshort_model.40
Warning: A2 = 1.0885 is larger than 1. A2 is set to 1 and A1 is set to 0.
Warning: Pdibl1 = -0.00669442 is negative.

Checking parameters for BSIM 4.5 model xu9.xmn4:nshort_model.40
Warning: Eta0 = -0.00908636 is negative.

Checking parameters for BSIM 4.5 model xu9.xmn3:nshort_model.40
Warning: Eta0 = -0.00908636 is negative.

Checking parameters for BSIM 4.5 model xu9.xmn2:nshort_model.40
Warning: Eta0 = -0.00908636 is negative.

Checking parameters for BSIM 4.5 model xu9.xmn1:nshort_model.40
Warning: Eta0 = -0.00908636 is negative.

Checking parameters for BSIM 4.5 model xu9.xmp4:pshort_model.32
Warning: A2 = 1.14662 is larger than 1. A2 is set to 1 and A1 is set to 0.
Warning: Pdibl1 = -0.0493749 is negative.
Warning: Pdibl2 = -0.000925472 is negative.

Checking parameters for BSIM 4.5 model xu9.xmp3:pshort_model.32
Warning: A2 = 1.14662 is larger than 1. A2 is set to 1 and A1 is set to 0.
Warning: Pdibl1 = -0.0493749 is negative.
Warning: Pdibl2 = -0.000925472 is negative.

Checking parameters for BSIM 4.5 model xu9.xmp2:pshort_model.32
Warning: A2 = 1.14662 is larger than 1. A2 is set to 1 and A1 is set to 0.
Warning: Pdibl1 = -0.0493749 is negative.
Warning: Pdibl2 = -0.000925472 is negative.

Checking parameters for BSIM 4.5 model xu9.xmp1:pshort_model.32
Warning: A2 = 1.14662 is larger than 1. A2 is set to 1 and A1 is set to 0.
Warning: Pdibl1 = -0.0493749 is negative.
Warning: Pdibl2 = -0.000925472 is negative.

Checking parameters for BSIM 4.5 model xu9.xmnib:nshort_model.48
Warning: Eta0 = -0.0261666 is negative.

Checking parameters for BSIM 4.5 model xu9.xmpib:pshort_model.40
Warning: A2 = 1.0885 is larger than 1. A2 is set to 1 and A1 is set to 0.
Warning: Pdibl1 = -0.00669442 is negative.

Checking parameters for BSIM 4.5 model xu9.xmnia:nshort_model.48
Warning: Eta0 = -0.0261666 is negative.

Checking parameters for BSIM 4.5 model xu9.xmpia:pshort_model.40
Warning: A2 = 1.0885 is larger than 1. A2 is set to 1 and A1 is set to 0.
Warning: Pdibl1 = -0.00669442 is negative.

Checking parameters for BSIM 4.5 model xl8.xmn4:nshort_model.40
Warning: Eta0 = -0.00908636 is negative.

Checking parameters for BSIM 4.5 model xl8.xmn3:nshort_model.40
Warning: Eta0 = -0.00908636 is negative.

Checking parameters for BSIM 4.5 model xl8.xmn2:nshort_model.40
Warning: Eta0 = -0.00908636 is negative.

Checking parameters for BSIM 4.5 model xl8.xmn1:nshort_model.40
Warning: Eta0 = -0.00908636 is negative.

Checking parameters for BSIM 4.5 model xl8.xmp4:pshort_model.32
Warning: A2 = 1.14662 is larger than 1. A2 is set to 1 and A1 is set to 0.
Warning: Pdibl1 = -0.0493749 is negative.
Warning: Pdibl2 = -0.000925472 is negative.

Checking parameters for BSIM 4.5 model xl8.xmp3:pshort_model.32
Warning: A2 = 1.14662 is larger than 1. A2 is set to 1 and A1 is set to 0.
Warning: Pdibl1 = -0.0493749 is negative.
Warning: Pdibl2 = -0.000925472 is negative.

Checking parameters for BSIM 4.5 model xl8.xmp2:pshort_model.32
Warning: A2 = 1.14662 is larger than 1. A2 is set to 1 and A1 is set to 0.
Warning: Pdibl1 = -0.0493749 is negative.
Warning: Pdibl2 = -0.000925472 is negative.

Checking parameters for BSIM 4.5 model xl8.xmp1:pshort_model.32
Warning: A2 = 1.14662 is larger than 1. A2 is set to 1 and A1 is set to 0.
Warning: Pdibl1 = -0.0493749 is negative.
Warning: Pdibl2 = -0.000925472 is negative.

Checking parameters for BSIM 4.5 model xl8.xmnib:nshort_model.48
Warning: Eta0 = -0.0261666 is negative.

Checking parameters for BSIM 4.5 model xl8.xmpib:pshort_model.40
Warning: A2 = 1.0885 is larger than 1. A2 is set to 1 and A1 is set to 0.
Warning: Pdibl1 = -0.00669442 is negative.

Checking parameters for BSIM 4.5 model xl8.xmnia:nshort_model.48
Warning: Eta0 = -0.0261666 is negative.

Checking parameters for BSIM 4.5 model xl8.xmpia:pshort_model.40
Warning: A2 = 1.0885 is larger than 1. A2 is set to 1 and A1 is set to 0.
Warning: Pdibl1 = -0.00669442 is negative.

Checking parameters for BSIM 4.5 model xu8.xmn4:nshort_model.40
Warning: Eta0 = -0.00908636 is negative.

Checking parameters for BSIM 4.5 model xu8.xmn3:nshort_model.40
Warning: Eta0 = -0.00908636 is negative.

Checking parameters for BSIM 4.5 model xu8.xmn2:nshort_model.40
Warning: Eta0 = -0.00908636 is negative.

Checking parameters for BSIM 4.5 model xu8.xmn1:nshort_model.40
Warning: Eta0 = -0.00908636 is negative.

Checking parameters for BSIM 4.5 model xu8.xmp4:pshort_model.32
Warning: A2 = 1.14662 is larger than 1. A2 is set to 1 and A1 is set to 0.
Warning: Pdibl1 = -0.0493749 is negative.
Warning: Pdibl2 = -0.000925472 is negative.

Checking parameters for BSIM 4.5 model xu8.xmp3:pshort_model.32
Warning: A2 = 1.14662 is larger than 1. A2 is set to 1 and A1 is set to 0.
Warning: Pdibl1 = -0.0493749 is negative.
Warning: Pdibl2 = -0.000925472 is negative.

Checking parameters for BSIM 4.5 model xu8.xmp2:pshort_model.32
Warning: A2 = 1.14662 is larger than 1. A2 is set to 1 and A1 is set to 0.
Warning: Pdibl1 = -0.0493749 is negative.
Warning: Pdibl2 = -0.000925472 is negative.

Checking parameters for BSIM 4.5 model xu8.xmp1:pshort_model.32
Warning: A2 = 1.14662 is larger than 1. A2 is set to 1 and A1 is set to 0.
Warning: Pdibl1 = -0.0493749 is negative.
Warning: Pdibl2 = -0.000925472 is negative.

Checking parameters for BSIM 4.5 model xu8.xmnib:nshort_model.48
Warning: Eta0 = -0.0261666 is negative.

Checking parameters for BSIM 4.5 model xu8.xmpib:pshort_model.40
Warning: A2 = 1.0885 is larger than 1. A2 is set to 1 and A1 is set to 0.
Warning: Pdibl1 = -0.00669442 is negative.

Checking parameters for BSIM 4.5 model xu8.xmnia:nshort_model.48
Warning: Eta0 = -0.0261666 is negative.

Checking parameters for BSIM 4.5 model xu8.xmpia:pshort_model.40
Warning: A2 = 1.0885 is larger than 1. A2 is set to 1 and A1 is set to 0.
Warning: Pdibl1 = -0.00669442 is negative.

Checking parameters for BSIM 4.5 model xl7.xmn4:nshort_model.40
Warning: Eta0 = -0.00908636 is negative.

Checking parameters for BSIM 4.5 model xl7.xmn3:nshort_model.40
Warning: Eta0 = -0.00908636 is negative.

Checking parameters for BSIM 4.5 model xl7.xmn2:nshort_model.40
Warning: Eta0 = -0.00908636 is negative.

Checking parameters for BSIM 4.5 model xl7.xmn1:nshort_model.40
Warning: Eta0 = -0.00908636 is negative.

Checking parameters for BSIM 4.5 model xl7.xmp4:pshort_model.32
Warning: A2 = 1.14662 is larger than 1. A2 is set to 1 and A1 is set to 0.
Warning: Pdibl1 = -0.0493749 is negative.
Warning: Pdibl2 = -0.000925472 is negative.

Checking parameters for BSIM 4.5 model xl7.xmp3:pshort_model.32
Warning: A2 = 1.14662 is larger than 1. A2 is set to 1 and A1 is set to 0.
Warning: Pdibl1 = -0.0493749 is negative.
Warning: Pdibl2 = -0.000925472 is negative.

Checking parameters for BSIM 4.5 model xl7.xmp2:pshort_model.32
Warning: A2 = 1.14662 is larger than 1. A2 is set to 1 and A1 is set to 0.
Warning: Pdibl1 = -0.0493749 is negative.
Warning: Pdibl2 = -0.000925472 is negative.

Checking parameters for BSIM 4.5 model xl7.xmp1:pshort_model.32
Warning: A2 = 1.14662 is larger than 1. A2 is set to 1 and A1 is set to 0.
Warning: Pdibl1 = -0.0493749 is negative.
Warning: Pdibl2 = -0.000925472 is negative.

Checking parameters for BSIM 4.5 model xl7.xmnib:nshort_model.48
Warning: Eta0 = -0.0261666 is negative.

Checking parameters for BSIM 4.5 model xl7.xmpib:pshort_model.40
Warning: A2 = 1.0885 is larger than 1. A2 is set to 1 and A1 is set to 0.
Warning: Pdibl1 = -0.00669442 is negative.

Checking parameters for BSIM 4.5 model xl7.xmnia:nshort_model.48
Warning: Eta0 = -0.0261666 is negative.

Checking parameters for BSIM 4.5 model xl7.xmpia:pshort_model.40
Warning: A2 = 1.0885 is larger than 1. A2 is set to 1 and A1 is set to 0.
Warning: Pdibl1 = -0.00669442 is negative.

Checking parameters for BSIM 4.5 model xu7.xmn4:nshort_model.40
Warning: Eta0 = -0.00908636 is negative.

Checking parameters for BSIM 4.5 model xu7.xmn3:nshort_model.40
Warning: Eta0 = -0.00908636 is negative.

Checking parameters for BSIM 4.5 model xu7.xmn2:nshort_model.40
Warning: Eta0 = -0.00908636 is negative.

Checking parameters for BSIM 4.5 model xu7.xmn1:nshort_model.40
Warning: Eta0 = -0.00908636 is negative.

Checking parameters for BSIM 4.5 model xu7.xmp4:pshort_model.32
Warning: A2 = 1.14662 is larger than 1. A2 is set to 1 and A1 is set to 0.
Warning: Pdibl1 = -0.0493749 is negative.
Warning: Pdibl2 = -0.000925472 is negative.

Checking parameters for BSIM 4.5 model xu7.xmp3:pshort_model.32
Warning: A2 = 1.14662 is larger than 1. A2 is set to 1 and A1 is set to 0.
Warning: Pdibl1 = -0.0493749 is negative.
Warning: Pdibl2 = -0.000925472 is negative.

Checking parameters for BSIM 4.5 model xu7.xmp2:pshort_model.32
Warning: A2 = 1.14662 is larger than 1. A2 is set to 1 and A1 is set to 0.
Warning: Pdibl1 = -0.0493749 is negative.
Warning: Pdibl2 = -0.000925472 is negative.

Checking parameters for BSIM 4.5 model xu7.xmp1:pshort_model.32
Warning: A2 = 1.14662 is larger than 1. A2 is set to 1 and A1 is set to 0.
Warning: Pdibl1 = -0.0493749 is negative.
Warning: Pdibl2 = -0.000925472 is negative.

Checking parameters for BSIM 4.5 model xu7.xmnib:nshort_model.48
Warning: Eta0 = -0.0261666 is negative.

Checking parameters for BSIM 4.5 model xu7.xmpib:pshort_model.40
Warning: A2 = 1.0885 is larger than 1. A2 is set to 1 and A1 is set to 0.
Warning: Pdibl1 = -0.00669442 is negative.

Checking parameters for BSIM 4.5 model xu7.xmnia:nshort_model.48
Warning: Eta0 = -0.0261666 is negative.

Checking parameters for BSIM 4.5 model xu7.xmpia:pshort_model.40
Warning: A2 = 1.0885 is larger than 1. A2 is set to 1 and A1 is set to 0.
Warning: Pdibl1 = -0.00669442 is negative.

Checking parameters for BSIM 4.5 model xl6.xmn4:nshort_model.40
Warning: Eta0 = -0.00908636 is negative.

Checking parameters for BSIM 4.5 model xl6.xmn3:nshort_model.40
Warning: Eta0 = -0.00908636 is negative.

Checking parameters for BSIM 4.5 model xl6.xmn2:nshort_model.40
Warning: Eta0 = -0.00908636 is negative.

Checking parameters for BSIM 4.5 model xl6.xmn1:nshort_model.40
Warning: Eta0 = -0.00908636 is negative.

Checking parameters for BSIM 4.5 model xl6.xmp4:pshort_model.32
Warning: A2 = 1.14662 is larger than 1. A2 is set to 1 and A1 is set to 0.
Warning: Pdibl1 = -0.0493749 is negative.
Warning: Pdibl2 = -0.000925472 is negative.

Checking parameters for BSIM 4.5 model xl6.xmp3:pshort_model.32
Warning: A2 = 1.14662 is larger than 1. A2 is set to 1 and A1 is set to 0.
Warning: Pdibl1 = -0.0493749 is negative.
Warning: Pdibl2 = -0.000925472 is negative.

Checking parameters for BSIM 4.5 model xl6.xmp2:pshort_model.32
Warning: A2 = 1.14662 is larger than 1. A2 is set to 1 and A1 is set to 0.
Warning: Pdibl1 = -0.0493749 is negative.
Warning: Pdibl2 = -0.000925472 is negative.

Checking parameters for BSIM 4.5 model xl6.xmp1:pshort_model.32
Warning: A2 = 1.14662 is larger than 1. A2 is set to 1 and A1 is set to 0.
Warning: Pdibl1 = -0.0493749 is negative.
Warning: Pdibl2 = -0.000925472 is negative.

Checking parameters for BSIM 4.5 model xl6.xmnib:nshort_model.48
Warning: Eta0 = -0.0261666 is negative.

Checking parameters for BSIM 4.5 model xl6.xmpib:pshort_model.40
Warning: A2 = 1.0885 is larger than 1. A2 is set to 1 and A1 is set to 0.
Warning: Pdibl1 = -0.00669442 is negative.

Checking parameters for BSIM 4.5 model xl6.xmnia:nshort_model.48
Warning: Eta0 = -0.0261666 is negative.

Checking parameters for BSIM 4.5 model xl6.xmpia:pshort_model.40
Warning: A2 = 1.0885 is larger than 1. A2 is set to 1 and A1 is set to 0.
Warning: Pdibl1 = -0.00669442 is negative.

Checking parameters for BSIM 4.5 model xu6.xmn4:nshort_model.40
Warning: Eta0 = -0.00908636 is negative.

Checking parameters for BSIM 4.5 model xu6.xmn3:nshort_model.40
Warning: Eta0 = -0.00908636 is negative.

Checking parameters for BSIM 4.5 model xu6.xmn2:nshort_model.40
Warning: Eta0 = -0.00908636 is negative.

Checking parameters for BSIM 4.5 model xu6.xmn1:nshort_model.40
Warning: Eta0 = -0.00908636 is negative.

Checking parameters for BSIM 4.5 model xu6.xmp4:pshort_model.32
Warning: A2 = 1.14662 is larger than 1. A2 is set to 1 and A1 is set to 0.
Warning: Pdibl1 = -0.0493749 is negative.
Warning: Pdibl2 = -0.000925472 is negative.

Checking parameters for BSIM 4.5 model xu6.xmp3:pshort_model.32
Warning: A2 = 1.14662 is larger than 1. A2 is set to 1 and A1 is set to 0.
Warning: Pdibl1 = -0.0493749 is negative.
Warning: Pdibl2 = -0.000925472 is negative.

Checking parameters for BSIM 4.5 model xu6.xmp2:pshort_model.32
Warning: A2 = 1.14662 is larger than 1. A2 is set to 1 and A1 is set to 0.
Warning: Pdibl1 = -0.0493749 is negative.
Warning: Pdibl2 = -0.000925472 is negative.

Checking parameters for BSIM 4.5 model xu6.xmp1:pshort_model.32
Warning: A2 = 1.14662 is larger than 1. A2 is set to 1 and A1 is set to 0.
Warning: Pdibl1 = -0.0493749 is negative.
Warning: Pdibl2 = -0.000925472 is negative.

Checking parameters for BSIM 4.5 model xu6.xmnib:nshort_model.48
Warning: Eta0 = -0.0261666 is negative.

Checking parameters for BSIM 4.5 model xu6.xmpib:pshort_model.40
Warning: A2 = 1.0885 is larger than 1. A2 is set to 1 and A1 is set to 0.
Warning: Pdibl1 = -0.00669442 is negative.

Checking parameters for BSIM 4.5 model xu6.xmnia:nshort_model.48
Warning: Eta0 = -0.0261666 is negative.

Checking parameters for BSIM 4.5 model xu6.xmpia:pshort_model.40
Warning: A2 = 1.0885 is larger than 1. A2 is set to 1 and A1 is set to 0.
Warning: Pdibl1 = -0.00669442 is negative.

Checking parameters for BSIM 4.5 model xl5.xmn4:nshort_model.40
Warning: Eta0 = -0.00908636 is negative.

Checking parameters for BSIM 4.5 model xl5.xmn3:nshort_model.40
Warning: Eta0 = -0.00908636 is negative.

Checking parameters for BSIM 4.5 model xl5.xmn2:nshort_model.40
Warning: Eta0 = -0.00908636 is negative.

Checking parameters for BSIM 4.5 model xl5.xmn1:nshort_model.40
Warning: Eta0 = -0.00908636 is negative.

Checking parameters for BSIM 4.5 model xl5.xmp4:pshort_model.32
Warning: A2 = 1.14662 is larger than 1. A2 is set to 1 and A1 is set to 0.
Warning: Pdibl1 = -0.0493749 is negative.
Warning: Pdibl2 = -0.000925472 is negative.

Checking parameters for BSIM 4.5 model xl5.xmp3:pshort_model.32
Warning: A2 = 1.14662 is larger than 1. A2 is set to 1 and A1 is set to 0.
Warning: Pdibl1 = -0.0493749 is negative.
Warning: Pdibl2 = -0.000925472 is negative.

Checking parameters for BSIM 4.5 model xl5.xmp2:pshort_model.32
Warning: A2 = 1.14662 is larger than 1. A2 is set to 1 and A1 is set to 0.
Warning: Pdibl1 = -0.0493749 is negative.
Warning: Pdibl2 = -0.000925472 is negative.

Checking parameters for BSIM 4.5 model xl5.xmp1:pshort_model.32
Warning: A2 = 1.14662 is larger than 1. A2 is set to 1 and A1 is set to 0.
Warning: Pdibl1 = -0.0493749 is negative.
Warning: Pdibl2 = -0.000925472 is negative.

Checking parameters for BSIM 4.5 model xl5.xmnib:nshort_model.48
Warning: Eta0 = -0.0261666 is negative.

Checking parameters for BSIM 4.5 model xl5.xmpib:pshort_model.40
Warning: A2 = 1.0885 is larger than 1. A2 is set to 1 and A1 is set to 0.
Warning: Pdibl1 = -0.00669442 is negative.

Checking parameters for BSIM 4.5 model xl5.xmnia:nshort_model.48
Warning: Eta0 = -0.0261666 is negative.

Checking parameters for BSIM 4.5 model xl5.xmpia:pshort_model.40
Warning: A2 = 1.0885 is larger than 1. A2 is set to 1 and A1 is set to 0.
Warning: Pdibl1 = -0.00669442 is negative.

Checking parameters for BSIM 4.5 model xu5.xmn4:nshort_model.40
Warning: Eta0 = -0.00908636 is negative.

Checking parameters for BSIM 4.5 model xu5.xmn3:nshort_model.40
Warning: Eta0 = -0.00908636 is negative.

Checking parameters for BSIM 4.5 model xu5.xmn2:nshort_model.40
Warning: Eta0 = -0.00908636 is negative.

Checking parameters for BSIM 4.5 model xu5.xmn1:nshort_model.40
Warning: Eta0 = -0.00908636 is negative.

Checking parameters for BSIM 4.5 model xu5.xmp4:pshort_model.32
Warning: A2 = 1.14662 is larger than 1. A2 is set to 1 and A1 is set to 0.
Warning: Pdibl1 = -0.0493749 is negative.
Warning: Pdibl2 = -0.000925472 is negative.

Checking parameters for BSIM 4.5 model xu5.xmp3:pshort_model.32
Warning: A2 = 1.14662 is larger than 1. A2 is set to 1 and A1 is set to 0.
Warning: Pdibl1 = -0.0493749 is negative.
Warning: Pdibl2 = -0.000925472 is negative.

Checking parameters for BSIM 4.5 model xu5.xmp2:pshort_model.32
Warning: A2 = 1.14662 is larger than 1. A2 is set to 1 and A1 is set to 0.
Warning: Pdibl1 = -0.0493749 is negative.
Warning: Pdibl2 = -0.000925472 is negative.

Checking parameters for BSIM 4.5 model xu5.xmp1:pshort_model.32
Warning: A2 = 1.14662 is larger than 1. A2 is set to 1 and A1 is set to 0.
Warning: Pdibl1 = -0.0493749 is negative.
Warning: Pdibl2 = -0.000925472 is negative.

Checking parameters for BSIM 4.5 model xu5.xmnib:nshort_model.48
Warning: Eta0 = -0.0261666 is negative.

Checking parameters for BSIM 4.5 model xu5.xmpib:pshort_model.40
Warning: A2 = 1.0885 is larger than 1. A2 is set to 1 and A1 is set to 0.
Warning: Pdibl1 = -0.00669442 is negative.

Checking parameters for BSIM 4.5 model xu5.xmnia:nshort_model.48
Warning: Eta0 = -0.0261666 is negative.

Checking parameters for BSIM 4.5 model xu5.xmpia:pshort_model.40
Warning: A2 = 1.0885 is larger than 1. A2 is set to 1 and A1 is set to 0.
Warning: Pdibl1 = -0.00669442 is negative.

Checking parameters for BSIM 4.5 model xl4.xmn4:nshort_model.40
Warning: Eta0 = -0.00908636 is negative.

Checking parameters for BSIM 4.5 model xl4.xmn3:nshort_model.40
Warning: Eta0 = -0.00908636 is negative.

Checking parameters for BSIM 4.5 model xl4.xmn2:nshort_model.40
Warning: Eta0 = -0.00908636 is negative.

Checking parameters for BSIM 4.5 model xl4.xmn1:nshort_model.40
Warning: Eta0 = -0.00908636 is negative.

Checking parameters for BSIM 4.5 model xl4.xmp4:pshort_model.32
Warning: A2 = 1.14662 is larger than 1. A2 is set to 1 and A1 is set to 0.
Warning: Pdibl1 = -0.0493749 is negative.
Warning: Pdibl2 = -0.000925472 is negative.

Checking parameters for BSIM 4.5 model xl4.xmp3:pshort_model.32
Warning: A2 = 1.14662 is larger than 1. A2 is set to 1 and A1 is set to 0.
Warning: Pdibl1 = -0.0493749 is negative.
Warning: Pdibl2 = -0.000925472 is negative.

Checking parameters for BSIM 4.5 model xl4.xmp2:pshort_model.32
Warning: A2 = 1.14662 is larger than 1. A2 is set to 1 and A1 is set to 0.
Warning: Pdibl1 = -0.0493749 is negative.
Warning: Pdibl2 = -0.000925472 is negative.

Checking parameters for BSIM 4.5 model xl4.xmp1:pshort_model.32
Warning: A2 = 1.14662 is larger than 1. A2 is set to 1 and A1 is set to 0.
Warning: Pdibl1 = -0.0493749 is negative.
Warning: Pdibl2 = -0.000925472 is negative.

Checking parameters for BSIM 4.5 model xl4.xmnib:nshort_model.48
Warning: Eta0 = -0.0261666 is negative.

Checking parameters for BSIM 4.5 model xl4.xmpib:pshort_model.40
Warning: A2 = 1.0885 is larger than 1. A2 is set to 1 and A1 is set to 0.
Warning: Pdibl1 = -0.00669442 is negative.

Checking parameters for BSIM 4.5 model xl4.xmnia:nshort_model.48
Warning: Eta0 = -0.0261666 is negative.

Checking parameters for BSIM 4.5 model xl4.xmpia:pshort_model.40
Warning: A2 = 1.0885 is larger than 1. A2 is set to 1 and A1 is set to 0.
Warning: Pdibl1 = -0.00669442 is negative.

Checking parameters for BSIM 4.5 model xu4.xmn4:nshort_model.40
Warning: Eta0 = -0.00908636 is negative.

Checking parameters for BSIM 4.5 model xu4.xmn3:nshort_model.40
Warning: Eta0 = -0.00908636 is negative.

Checking parameters for BSIM 4.5 model xu4.xmn2:nshort_model.40
Warning: Eta0 = -0.00908636 is negative.

Checking parameters for BSIM 4.5 model xu4.xmn1:nshort_model.40
Warning: Eta0 = -0.00908636 is negative.

Checking parameters for BSIM 4.5 model xu4.xmp4:pshort_model.32
Warning: A2 = 1.14662 is larger than 1. A2 is set to 1 and A1 is set to 0.
Warning: Pdibl1 = -0.0493749 is negative.
Warning: Pdibl2 = -0.000925472 is negative.

Checking parameters for BSIM 4.5 model xu4.xmp3:pshort_model.32
Warning: A2 = 1.14662 is larger than 1. A2 is set to 1 and A1 is set to 0.
Warning: Pdibl1 = -0.0493749 is negative.
Warning: Pdibl2 = -0.000925472 is negative.

Checking parameters for BSIM 4.5 model xu4.xmp2:pshort_model.32
Warning: A2 = 1.14662 is larger than 1. A2 is set to 1 and A1 is set to 0.
Warning: Pdibl1 = -0.0493749 is negative.
Warning: Pdibl2 = -0.000925472 is negative.

Checking parameters for BSIM 4.5 model xu4.xmp1:pshort_model.32
Warning: A2 = 1.14662 is larger than 1. A2 is set to 1 and A1 is set to 0.
Warning: Pdibl1 = -0.0493749 is negative.
Warning: Pdibl2 = -0.000925472 is negative.

Checking parameters for BSIM 4.5 model xu4.xmnib:nshort_model.48
Warning: Eta0 = -0.0261666 is negative.

Checking parameters for BSIM 4.5 model xu4.xmpib:pshort_model.40
Warning: A2 = 1.0885 is larger than 1. A2 is set to 1 and A1 is set to 0.
Warning: Pdibl1 = -0.00669442 is negative.

Checking parameters for BSIM 4.5 model xu4.xmnia:nshort_model.48
Warning: Eta0 = -0.0261666 is negative.

Checking parameters for BSIM 4.5 model xu4.xmpia:pshort_model.40
Warning: A2 = 1.0885 is larger than 1. A2 is set to 1 and A1 is set to 0.
Warning: Pdibl1 = -0.00669442 is negative.

Checking parameters for BSIM 4.5 model xl3.xmn4:nshort_model.40
Warning: Eta0 = -0.00908636 is negative.

Checking parameters for BSIM 4.5 model xl3.xmn3:nshort_model.40
Warning: Eta0 = -0.00908636 is negative.

Checking parameters for BSIM 4.5 model xl3.xmn2:nshort_model.40
Warning: Eta0 = -0.00908636 is negative.

Checking parameters for BSIM 4.5 model xl3.xmn1:nshort_model.40
Warning: Eta0 = -0.00908636 is negative.

Checking parameters for BSIM 4.5 model xl3.xmp4:pshort_model.32
Warning: A2 = 1.14662 is larger than 1. A2 is set to 1 and A1 is set to 0.
Warning: Pdibl1 = -0.0493749 is negative.
Warning: Pdibl2 = -0.000925472 is negative.

Checking parameters for BSIM 4.5 model xl3.xmp3:pshort_model.32
Warning: A2 = 1.14662 is larger than 1. A2 is set to 1 and A1 is set to 0.
Warning: Pdibl1 = -0.0493749 is negative.
Warning: Pdibl2 = -0.000925472 is negative.

Checking parameters for BSIM 4.5 model xl3.xmp2:pshort_model.32
Warning: A2 = 1.14662 is larger than 1. A2 is set to 1 and A1 is set to 0.
Warning: Pdibl1 = -0.0493749 is negative.
Warning: Pdibl2 = -0.000925472 is negative.

Checking parameters for BSIM 4.5 model xl3.xmp1:pshort_model.32
Warning: A2 = 1.14662 is larger than 1. A2 is set to 1 and A1 is set to 0.
Warning: Pdibl1 = -0.0493749 is negative.
Warning: Pdibl2 = -0.000925472 is negative.

Checking parameters for BSIM 4.5 model xl3.xmnib:nshort_model.48
Warning: Eta0 = -0.0261666 is negative.

Checking parameters for BSIM 4.5 model xl3.xmpib:pshort_model.40
Warning: A2 = 1.0885 is larger than 1. A2 is set to 1 and A1 is set to 0.
Warning: Pdibl1 = -0.00669442 is negative.

Checking parameters for BSIM 4.5 model xl3.xmnia:nshort_model.48
Warning: Eta0 = -0.0261666 is negative.

Checking parameters for BSIM 4.5 model xl3.xmpia:pshort_model.40
Warning: A2 = 1.0885 is larger than 1. A2 is set to 1 and A1 is set to 0.
Warning: Pdibl1 = -0.00669442 is negative.

Checking parameters for BSIM 4.5 model xu3.xmn4:nshort_model.40
Warning: Eta0 = -0.00908636 is negative.

Checking parameters for BSIM 4.5 model xu3.xmn3:nshort_model.40
Warning: Eta0 = -0.00908636 is negative.

Checking parameters for BSIM 4.5 model xu3.xmn2:nshort_model.40
Warning: Eta0 = -0.00908636 is negative.

Checking parameters for BSIM 4.5 model xu3.xmn1:nshort_model.40
Warning: Eta0 = -0.00908636 is negative.

Checking parameters for BSIM 4.5 model xu3.xmp4:pshort_model.32
Warning: A2 = 1.14662 is larger than 1. A2 is set to 1 and A1 is set to 0.
Warning: Pdibl1 = -0.0493749 is negative.
Warning: Pdibl2 = -0.000925472 is negative.

Checking parameters for BSIM 4.5 model xu3.xmp3:pshort_model.32
Warning: A2 = 1.14662 is larger than 1. A2 is set to 1 and A1 is set to 0.
Warning: Pdibl1 = -0.0493749 is negative.
Warning: Pdibl2 = -0.000925472 is negative.

Checking parameters for BSIM 4.5 model xu3.xmp2:pshort_model.32
Warning: A2 = 1.14662 is larger than 1. A2 is set to 1 and A1 is set to 0.
Warning: Pdibl1 = -0.0493749 is negative.
Warning: Pdibl2 = -0.000925472 is negative.

Checking parameters for BSIM 4.5 model xu3.xmp1:pshort_model.32
Warning: A2 = 1.14662 is larger than 1. A2 is set to 1 and A1 is set to 0.
Warning: Pdibl1 = -0.0493749 is negative.
Warning: Pdibl2 = -0.000925472 is negative.

Checking parameters for BSIM 4.5 model xu3.xmnib:nshort_model.48
Warning: Eta0 = -0.0261666 is negative.

Checking parameters for BSIM 4.5 model xu3.xmpib:pshort_model.40
Warning: A2 = 1.0885 is larger than 1. A2 is set to 1 and A1 is set to 0.
Warning: Pdibl1 = -0.00669442 is negative.

Checking parameters for BSIM 4.5 model xu3.xmnia:nshort_model.48
Warning: Eta0 = -0.0261666 is negative.

Checking parameters for BSIM 4.5 model xu3.xmpia:pshort_model.40
Warning: A2 = 1.0885 is larger than 1. A2 is set to 1 and A1 is set to 0.
Warning: Pdibl1 = -0.00669442 is negative.

Checking parameters for BSIM 4.5 model xl2.xmn4:nshort_model.40
Warning: Eta0 = -0.00908636 is negative.

Checking parameters for BSIM 4.5 model xl2.xmn3:nshort_model.40
Warning: Eta0 = -0.00908636 is negative.

Checking parameters for BSIM 4.5 model xl2.xmn2:nshort_model.40
Warning: Eta0 = -0.00908636 is negative.

Checking parameters for BSIM 4.5 model xl2.xmn1:nshort_model.40
Warning: Eta0 = -0.00908636 is negative.

Checking parameters for BSIM 4.5 model xl2.xmp4:pshort_model.32
Warning: A2 = 1.14662 is larger than 1. A2 is set to 1 and A1 is set to 0.
Warning: Pdibl1 = -0.0493749 is negative.
Warning: Pdibl2 = -0.000925472 is negative.

Checking parameters for BSIM 4.5 model xl2.xmp3:pshort_model.32
Warning: A2 = 1.14662 is larger than 1. A2 is set to 1 and A1 is set to 0.
Warning: Pdibl1 = -0.0493749 is negative.
Warning: Pdibl2 = -0.000925472 is negative.

Checking parameters for BSIM 4.5 model xl2.xmp2:pshort_model.32
Warning: A2 = 1.14662 is larger than 1. A2 is set to 1 and A1 is set to 0.
Warning: Pdibl1 = -0.0493749 is negative.
Warning: Pdibl2 = -0.000925472 is negative.

Checking parameters for BSIM 4.5 model xl2.xmp1:pshort_model.32
Warning: A2 = 1.14662 is larger than 1. A2 is set to 1 and A1 is set to 0.
Warning: Pdibl1 = -0.0493749 is negative.
Warning: Pdibl2 = -0.000925472 is negative.

Checking parameters for BSIM 4.5 model xl2.xmnib:nshort_model.48
Warning: Eta0 = -0.0261666 is negative.

Checking parameters for BSIM 4.5 model xl2.xmpib:pshort_model.40
Warning: A2 = 1.0885 is larger than 1. A2 is set to 1 and A1 is set to 0.
Warning: Pdibl1 = -0.00669442 is negative.

Checking parameters for BSIM 4.5 model xl2.xmnia:nshort_model.48
Warning: Eta0 = -0.0261666 is negative.

Checking parameters for BSIM 4.5 model xl2.xmpia:pshort_model.40
Warning: A2 = 1.0885 is larger than 1. A2 is set to 1 and A1 is set to 0.
Warning: Pdibl1 = -0.00669442 is negative.

Checking parameters for BSIM 4.5 model xu2.xmn4:nshort_model.40
Warning: Eta0 = -0.00908636 is negative.

Checking parameters for BSIM 4.5 model xu2.xmn3:nshort_model.40
Warning: Eta0 = -0.00908636 is negative.

Checking parameters for BSIM 4.5 model xu2.xmn2:nshort_model.40
Warning: Eta0 = -0.00908636 is negative.

Checking parameters for BSIM 4.5 model xu2.xmn1:nshort_model.40
Warning: Eta0 = -0.00908636 is negative.

Checking parameters for BSIM 4.5 model xu2.xmp4:pshort_model.32
Warning: A2 = 1.14662 is larger than 1. A2 is set to 1 and A1 is set to 0.
Warning: Pdibl1 = -0.0493749 is negative.
Warning: Pdibl2 = -0.000925472 is negative.

Checking parameters for BSIM 4.5 model xu2.xmp3:pshort_model.32
Warning: A2 = 1.14662 is larger than 1. A2 is set to 1 and A1 is set to 0.
Warning: Pdibl1 = -0.0493749 is negative.
Warning: Pdibl2 = -0.000925472 is negative.

Checking parameters for BSIM 4.5 model xu2.xmp2:pshort_model.32
Warning: A2 = 1.14662 is larger than 1. A2 is set to 1 and A1 is set to 0.
Warning: Pdibl1 = -0.0493749 is negative.
Warning: Pdibl2 = -0.000925472 is negative.

Checking parameters for BSIM 4.5 model xu2.xmp1:pshort_model.32
Warning: A2 = 1.14662 is larger than 1. A2 is set to 1 and A1 is set to 0.
Warning: Pdibl1 = -0.0493749 is negative.
Warning: Pdibl2 = -0.000925472 is negative.

Checking parameters for BSIM 4.5 model xu2.xmnib:nshort_model.48
Warning: Eta0 = -0.0261666 is negative.

Checking parameters for BSIM 4.5 model xu2.xmpib:pshort_model.40
Warning: A2 = 1.0885 is larger than 1. A2 is set to 1 and A1 is set to 0.
Warning: Pdibl1 = -0.00669442 is negative.

Checking parameters for BSIM 4.5 model xu2.xmnia:nshort_model.48
Warning: Eta0 = -0.0261666 is negative.

Checking parameters for BSIM 4.5 model xu2.xmpia:pshort_model.40
Warning: A2 = 1.0885 is larger than 1. A2 is set to 1 and A1 is set to 0.
Warning: Pdibl1 = -0.00669442 is negative.

Checking parameters for BSIM 4.5 model xl1.xmn4:nshort_model.40
Warning: Eta0 = -0.00908636 is negative.

Checking parameters for BSIM 4.5 model xl1.xmn3:nshort_model.40
Warning: Eta0 = -0.00908636 is negative.

Checking parameters for BSIM 4.5 model xl1.xmn2:nshort_model.40
Warning: Eta0 = -0.00908636 is negative.

Checking parameters for BSIM 4.5 model xl1.xmn1:nshort_model.40
Warning: Eta0 = -0.00908636 is negative.

Checking parameters for BSIM 4.5 model xl1.xmp4:pshort_model.32
Warning: A2 = 1.14662 is larger than 1. A2 is set to 1 and A1 is set to 0.
Warning: Pdibl1 = -0.0493749 is negative.
Warning: Pdibl2 = -0.000925472 is negative.

Checking parameters for BSIM 4.5 model xl1.xmp3:pshort_model.32
Warning: A2 = 1.14662 is larger than 1. A2 is set to 1 and A1 is set to 0.
Warning: Pdibl1 = -0.0493749 is negative.
Warning: Pdibl2 = -0.000925472 is negative.

Checking parameters for BSIM 4.5 model xl1.xmp2:pshort_model.32
Warning: A2 = 1.14662 is larger than 1. A2 is set to 1 and A1 is set to 0.
Warning: Pdibl1 = -0.0493749 is negative.
Warning: Pdibl2 = -0.000925472 is negative.

Checking parameters for BSIM 4.5 model xl1.xmp1:pshort_model.32
Warning: A2 = 1.14662 is larger than 1. A2 is set to 1 and A1 is set to 0.
Warning: Pdibl1 = -0.0493749 is negative.
Warning: Pdibl2 = -0.000925472 is negative.

Checking parameters for BSIM 4.5 model xl1.xmnib:nshort_model.48
Warning: Eta0 = -0.0261666 is negative.

Checking parameters for BSIM 4.5 model xl1.xmpib:pshort_model.40
Warning: A2 = 1.0885 is larger than 1. A2 is set to 1 and A1 is set to 0.
Warning: Pdibl1 = -0.00669442 is negative.

Checking parameters for BSIM 4.5 model xl1.xmnia:nshort_model.48
Warning: Eta0 = -0.0261666 is negative.

Checking parameters for BSIM 4.5 model xl1.xmpia:pshort_model.40
Warning: A2 = 1.0885 is larger than 1. A2 is set to 1 and A1 is set to 0.
Warning: Pdibl1 = -0.00669442 is negative.

Checking parameters for BSIM 4.5 model xu1.xmn4:nshort_model.40
Warning: Eta0 = -0.00908636 is negative.

Checking parameters for BSIM 4.5 model xu1.xmn3:nshort_model.40
Warning: Eta0 = -0.00908636 is negative.

Checking parameters for BSIM 4.5 model xu1.xmn2:nshort_model.40
Warning: Eta0 = -0.00908636 is negative.

Checking parameters for BSIM 4.5 model xu1.xmn1:nshort_model.40
Warning: Eta0 = -0.00908636 is negative.

Checking parameters for BSIM 4.5 model xu1.xmp4:pshort_model.32
Warning: A2 = 1.14662 is larger than 1. A2 is set to 1 and A1 is set to 0.
Warning: Pdibl1 = -0.0493749 is negative.
Warning: Pdibl2 = -0.000925472 is negative.

Checking parameters for BSIM 4.5 model xu1.xmp3:pshort_model.32
Warning: A2 = 1.14662 is larger than 1. A2 is set to 1 and A1 is set to 0.
Warning: Pdibl1 = -0.0493749 is negative.
Warning: Pdibl2 = -0.000925472 is negative.

Checking parameters for BSIM 4.5 model xu1.xmp2:pshort_model.32
Warning: A2 = 1.14662 is larger than 1. A2 is set to 1 and A1 is set to 0.
Warning: Pdibl1 = -0.0493749 is negative.
Warning: Pdibl2 = -0.000925472 is negative.

Checking parameters for BSIM 4.5 model xu1.xmp1:pshort_model.32
Warning: A2 = 1.14662 is larger than 1. A2 is set to 1 and A1 is set to 0.
Warning: Pdibl1 = -0.0493749 is negative.
Warning: Pdibl2 = -0.000925472 is negative.

Checking parameters for BSIM 4.5 model xu1.xmnib:nshort_model.48
Warning: Eta0 = -0.0261666 is negative.

Checking parameters for BSIM 4.5 model xu1.xmpib:pshort_model.40
Warning: A2 = 1.0885 is larger than 1. A2 is set to 1 and A1 is set to 0.
Warning: Pdibl1 = -0.00669442 is negative.

Checking parameters for BSIM 4.5 model xu1.xmnia:nshort_model.48
Warning: Eta0 = -0.0261666 is negative.

Checking parameters for BSIM 4.5 model xu1.xmpia:pshort_model.40
Warning: A2 = 1.0885 is larger than 1. A2 is set to 1 and A1 is set to 0.
Warning: Pdibl1 = -0.00669442 is negative.
Note: Starting dynamic gmin stepping
Note: Dynamic gmin stepping completed

