|* xor2 combining-node bandwidth -- minimum pulse width the XOR tree passes
|*
|* Purpose: issue #13 asks that "the XOR combining tree's own contribution at
|* the chosen N is addressed rather than assumed negligible". This deck is
|* the measurement that makes that possible, and it is the measurement that
|* actually SIZES the array: it puts a ceiling on N that is independent of
|* the entropy sizing law.
|*
|* Why a pulse-width sweep is the right question. In an XOR-combined RO
|* array, every ring contributes 2 edges per period at the combining node, so
|* a balanced tree's ROOT sees a mean inter-edge spacing of
|*
|*     w_root = T_0 / (2 N)
|*
|* (T_0 = ring period, N = number of rings). The root gate is a static CMOS
|* xor2 built from minimum-width sky130 1.8 V core devices; it has a finite
|* propagation delay and therefore a minimum pulse width below which an input
|* transition pair never reaches the far rail at the output. Edges closer
|* together than that are SWALLOWED -- they never appear at xo, so they never
|* reach the sampler, so the entropy they carried is not in the raw bit no
|* matter what the sizing law says about N * Q_ring. This is the same
|* filtering Wold & Tan (2009) identified in the Sunar/Fischer XOR-combined
|* RO TRNG, and it is a property of the combining gate, not of the rings.
|*
|* Method. Nine independent, identical instances of design/xschem/xor2.sch,
|* each with input `b` tied to vss (so y = a, exercising the a -> an -> Mp3 /
|* Mn3 branch, the slower of the two input paths because it goes through the
|* input inverter) and each driven at `a` by its own symmetric square wave of
|* half-period w. Each output drives one further xor2 input, so every gate
|* under test sees the fanout-1 load it would see inside a tree. The measured
|* quantity is the steady-state peak-to-peak swing at y as a fraction of Vdd:
|*
|*     swing_frac(w) -> 1.0   for w well above the gate's own resolution
|*     swing_frac(w) -> 0     as w falls below it
|*
|* The reported design number is w_90, the smallest w in the swept set whose
|* output still reaches >= 0.90 x Vdd. The reduction in
|* sim/ro-array-operating-point/ interpolates between the swept points.
|*
|* Deliberately OPTIMISTIC input edges. The sources use 8 ps rise/fall
|* regardless of w -- sharper than any ro_buf-driven node in this design can
|* actually produce. That biases the measurement in the XOR's favour, so a w
|* that FAILS here fails robustly (a real, slower edge can only make it
|* worse), which is the direction that matters: this measurement is used to
|* rule array sizes OUT.
|*
|* Nominal half-period w = PW + (TR + TF)/2 = PW + 8p, measured at the 50%
|* crossing; each source's PER is set to 2*(PW + 8p) so mark and space are
|* equal. The swept set is w = 500, 300, 200, 140, 100, 70, 50, 35, 25 ps.
|*
|* PVT: run at three (temp, supply) points, each bundling the tt/ss/ff
|* process axis, chosen because they are the three points the array sizing
|* actually has to survive:
|*   -40 degC / 1.62 V  the entropy-binding corner (ss) -- slowest ring, so
|*                      the WIDEST root spacing, i.e. where the XOR has the
|*                      easiest job and the entropy requirement is hardest
|*   27 degC / 1.80 V   nominal
|*   -40 degC / 1.98 V  the fastest ring measured anywhere in #10's grid
|*                      (ff, T_0 = 1.32 ns) -- the NARROWEST root spacing,
|*                      i.e. where the XOR has the hardest job
|*
|* This file is a TEMPLATE: sim/bin/corner-run.py substitutes /home/ubuntu/.volare/volare/sky130/versions/c6d73a35f524070e85faff4a6a9eef49553ebc2b/sky130A/libs.tech/combined/sky130.lib.spice,
|* tt, /home/ubuntu/GitHub/sky130-trng/.loom/worktrees/issue-13/design/ro_array_core.spice (pointed at design/ro_array_core.spice via
|* --ro-ring5, because that is the committed netlist.py --check-guarded
|* library that defines xor2), -40.0, 1.98 and 0.5p. As committed
|* it is not a runnable deck.
|
|.option scale=1u
|.lib "/home/ubuntu/.volare/volare/sky130/versions/c6d73a35f524070e85faff4a6a9eef49553ebc2b/sky130A/libs.tech/combined/sky130.lib.spice" tt
|
|.include "/home/ubuntu/GitHub/sky130-trng/.loom/worktrees/issue-13/design/ro_array_core.spice"
|
|.temp -40.0
|
|Vdd vdd 0 dc 1.98
|
|* --- w = 500 ps -------------------------------------------------------
|Va1 a1 0 PULSE(0 1.98 2n 8p 8p 492p 1000p)
|xu1 a1 0 y1 vdd 0 xor2
|xl1 y1 0 z1 vdd 0 xor2
|* --- w = 300 ps -------------------------------------------------------
|Va2 a2 0 PULSE(0 1.98 2n 8p 8p 292p 600p)
|xu2 a2 0 y2 vdd 0 xor2
|xl2 y2 0 z2 vdd 0 xor2
|* --- w = 200 ps -------------------------------------------------------
|Va3 a3 0 PULSE(0 1.98 2n 8p 8p 192p 400p)
|xu3 a3 0 y3 vdd 0 xor2
|xl3 y3 0 z3 vdd 0 xor2
|* --- w = 140 ps -------------------------------------------------------
|Va4 a4 0 PULSE(0 1.98 2n 8p 8p 132p 280p)
|xu4 a4 0 y4 vdd 0 xor2
|xl4 y4 0 z4 vdd 0 xor2
|* --- w = 100 ps -------------------------------------------------------
|Va5 a5 0 PULSE(0 1.98 2n 8p 8p 92p 200p)
|xu5 a5 0 y5 vdd 0 xor2
|xl5 y5 0 z5 vdd 0 xor2
|* --- w = 70 ps --------------------------------------------------------
|Va6 a6 0 PULSE(0 1.98 2n 8p 8p 62p 140p)
|xu6 a6 0 y6 vdd 0 xor2
|xl6 y6 0 z6 vdd 0 xor2
|* --- w = 50 ps --------------------------------------------------------
|Va7 a7 0 PULSE(0 1.98 2n 8p 8p 42p 100p)
|xu7 a7 0 y7 vdd 0 xor2
|xl7 y7 0 z7 vdd 0 xor2
|* --- w = 35 ps --------------------------------------------------------
|Va8 a8 0 PULSE(0 1.98 2n 8p 8p 27p 70p)
|xu8 a8 0 y8 vdd 0 xor2
|xl8 y8 0 z8 vdd 0 xor2
|* --- w = 25 ps --------------------------------------------------------
|Va9 a9 0 PULSE(0 1.98 2n 8p 8p 17p 50p)
|xu9 a9 0 y9 vdd 0 xor2
|xl9 y9 0 z9 vdd 0 xor2
|
|.tran 0.5p 12n
|
|.control
|run
|meas tran vx1 MAX v(y1) from=8n to=12n
|meas tran vn1 MIN v(y1) from=8n to=12n
|meas tran vx2 MAX v(y2) from=8n to=12n
|meas tran vn2 MIN v(y2) from=8n to=12n
|meas tran vx3 MAX v(y3) from=8n to=12n
|meas tran vn3 MIN v(y3) from=8n to=12n
|meas tran vx4 MAX v(y4) from=8n to=12n
|meas tran vn4 MIN v(y4) from=8n to=12n
|meas tran vx5 MAX v(y5) from=8n to=12n
|meas tran vn5 MIN v(y5) from=8n to=12n
|meas tran vx6 MAX v(y6) from=8n to=12n
|meas tran vn6 MIN v(y6) from=8n to=12n
|meas tran vx7 MAX v(y7) from=8n to=12n
|meas tran vn7 MIN v(y7) from=8n to=12n
|meas tran vx8 MAX v(y8) from=8n to=12n
|meas tran vn8 MIN v(y8) from=8n to=12n
|meas tran vx9 MAX v(y9) from=8n to=12n
|meas tran vn9 MIN v(y9) from=8n to=12n
|let swing_w500 = (vx1 - vn1) / 1.98
|let swing_w300 = (vx2 - vn2) / 1.98
|let swing_w200 = (vx3 - vn3) / 1.98
|let swing_w140 = (vx4 - vn4) / 1.98
|let swing_w100 = (vx5 - vn5) / 1.98
|let swing_w070 = (vx6 - vn6) / 1.98
|let swing_w050 = (vx7 - vn7) / 1.98
|let swing_w035 = (vx8 - vn8) / 1.98
|let swing_w025 = (vx9 - vn9) / 1.98
|* propagation delay of the gate under test at a width it passes cleanly,
|* input 50% rising -> output 50% rising (y follows a when b = 0)
|meas tran ta1 when v(a1)=0.5*1.98 rise=5
|meas tran ty1 when v(y1)=0.5*1.98 rise=5
|let tpd_lh = ty1 - ta1
|print swing_w500
|print swing_w300
|print swing_w200
|print swing_w140
|print swing_w100
|print swing_w070
|print swing_w050
|print swing_w035
|print swing_w025
|print tpd_lh
|.endc
|.end
|

----- stdout -----

Note: No compatibility mode selected!


Circuit: * xor2 combining-node bandwidth -- minimum pulse width the xor tree passes

Doing analysis at TEMP = -40.000000 and TNOM = 27.000000

Using SPARSE 1.3 as Direct Linear Solver

Initial Transient Solution
--------------------------

Node                                   Voltage
----                                   -------
vdd                                       1.98
a1                                           0
xu1.an                                    1.98
xu1.bn                                    1.98
xu1.mid                                   1.98
y1                                 2.92216e-08
xu1.s1                             1.29823e-11
xu1.s2                             1.46108e-08
xl1.an                                    1.98
xl1.bn                                    1.98
xl1.mid                                   1.98
z1                                 2.92216e-08
xl1.s1                             1.29823e-11
xl1.s2                             1.46108e-08
a2                                           0
xu2.an                                    1.98
xu2.bn                                    1.98
xu2.mid                                   1.98
y2                                 2.92216e-08
xu2.s1                             1.29823e-11
xu2.s2                             1.46108e-08
xl2.an                                    1.98
xl2.bn                                    1.98
xl2.mid                                   1.98
z2                                 2.92216e-08
xl2.s1                             1.29823e-11
xl2.s2                             1.46108e-08
a3                                           0
xu3.an                                    1.98
xu3.bn                                    1.98
xu3.mid                                   1.98
y3                                 2.92216e-08
xu3.s1                             1.29823e-11
xu3.s2                             1.46108e-08
xl3.an                                    1.98
xl3.bn                                    1.98
xl3.mid                                   1.98
z3                                 2.92216e-08
xl3.s1                             1.29823e-11
xl3.s2                             1.46108e-08
a4                                           0
xu4.an                                    1.98
xu4.bn                                    1.98
xu4.mid                                   1.98
y4                                 2.92216e-08
xu4.s1                             1.29823e-11
xu4.s2                             1.46108e-08
xl4.an                                    1.98
xl4.bn                                    1.98
xl4.mid                                   1.98
z4                                 2.92216e-08
xl4.s1                             1.29823e-11
xl4.s2                             1.46108e-08
a5                                           0
xu5.an                                    1.98
xu5.bn                                    1.98
xu5.mid                                   1.98
y5                                 2.92216e-08
xu5.s1                             1.29823e-11
xu5.s2                             1.46108e-08
xl5.an                                    1.98
xl5.bn                                    1.98
xl5.mid                                   1.98
z5                                 2.92216e-08
xl5.s1                             1.29823e-11
xl5.s2                             1.46108e-08
a6                                           0
xu6.an                                    1.98
xu6.bn                                    1.98
xu6.mid                                   1.98
y6                                 2.92216e-08
xu6.s1                             1.29823e-11
xu6.s2                             1.46108e-08
xl6.an                                    1.98
xl6.bn                                    1.98
xl6.mid                                   1.98
z6                                 2.92216e-08
xl6.s1                             1.29823e-11
xl6.s2                             1.46108e-08
a7                                           0
xu7.an                                    1.98
xu7.bn                                    1.98
xu7.mid                                   1.98
y7                                 2.92216e-08
xu7.s1                             1.29823e-11
xu7.s2                             1.46108e-08
xl7.an                                    1.98
xl7.bn                                    1.98
xl7.mid                                   1.98
z7                                 2.92216e-08
xl7.s1                             1.29823e-11
xl7.s2                             1.46108e-08
a8                                           0
xu8.an                                    1.98
xu8.bn                                    1.98
xu8.mid                                   1.98
y8                                 2.92216e-08
xu8.s1                             1.29823e-11
xu8.s2                             1.46108e-08
xl8.an                                    1.98
xl8.bn                                    1.98
xl8.mid                                   1.98
z8                                 2.92216e-08
xl8.s1                             1.29823e-11
xl8.s2                             1.46108e-08
a9                                           0
xu9.an                                    1.98
xu9.bn                                    1.98
xu9.mid                                   1.98
y9                                 2.92216e-08
xu9.s1                             1.29823e-11
xu9.s2                             1.46108e-08
xl9.an                                    1.98
xl9.bn                                    1.98
xl9.mid                                   1.98
z9                                 2.92216e-08
xl9.s1                             1.29823e-11
xl9.s2                             1.46108e-08
va9#branch                                   0
va8#branch                                   0
va7#branch                                   0
va6#branch                                   0
va5#branch                                   0
va4#branch                                   0
va3#branch                                   0
va2#branch                                   0
va1#branch                                   0
vdd#branch                        -3.50967e-10

 Reference value :  0.00000e+00
 Reference value :  4.00000e-14
 Reference value :  1.06400e-11
 Reference value :  4.51400e-11
 Reference value :  8.31400e-11
 Reference value :  1.22140e-10
 Reference value :  1.58640e-10
 Reference value :  1.97140e-10
 Reference value :  2.33640e-10
 Reference value :  2.71640e-10
 Reference value :  3.07140e-10
 Reference value :  3.45640e-10
 Reference value :  3.85140e-10
 Reference value :  4.21640e-10
 Reference value :  4.60640e-10
 Reference value :  4.97640e-10
 Reference value :  5.18640e-10
 Reference value :  5.48140e-10
 Reference value :  5.86640e-10
 Reference value :  6.20140e-10
 Reference value :  6.58140e-10
 Reference value :  6.97140e-10
 Reference value :  7.32640e-10
 Reference value :  7.70140e-10
 Reference value :  8.06640e-10
 Reference value :  8.44640e-10
 Reference value :  8.81140e-10
 Reference value :  9.16140e-10
 Reference value :  9.54140e-10
 Reference value :  9.89140e-10
 Reference value :  1.02764e-09
 Reference value :  1.06064e-09
 Reference value :  1.09914e-09
 Reference value :  1.13664e-09
 Reference value :  1.17264e-09
 Reference value :  1.21014e-09
 Reference value :  1.24664e-09
 Reference value :  1.28514e-09
 Reference value :  1.32014e-09
 Reference value :  1.35864e-09
 Reference value :  1.36764e-09
 Reference value :  1.40564e-09
 Reference value :  1.44164e-09
 Reference value :  1.46414e-09
 Reference value :  1.50164e-09
 Reference value :  1.53414e-09
 Reference value :  1.57214e-09
 Reference value :  1.61114e-09
 Reference value :  1.64914e-09
 Reference value :  1.68764e-09
 Reference value :  1.72214e-09
 Reference value :  1.75964e-09
 Reference value :  1.79464e-09
 Reference value :  1.83314e-09
 Reference value :  1.87114e-09
 Reference value :  1.90914e-09
 Reference value :  1.94714e-09
 Reference value :  1.98264e-09
 Reference value :  2.01725e-09
 Reference value :  2.04525e-09
 Reference value :  2.07505e-09
 Reference value :  2.10375e-09
 Reference value :  2.13225e-09
 Reference value :  2.15875e-09
 Reference value :  2.17825e-09
 Reference value :  2.20475e-09
 Reference value :  2.22925e-09
 Reference value :  2.25815e-09
 Reference value :  2.28725e-09
 Reference value :  2.31625e-09
 Reference value :  2.34725e-09
 Reference value :  2.37875e-09
 Reference value :  2.40805e-09
 Reference value :  2.43335e-09
 Reference value :  2.46305e-09
 Reference value :  2.49175e-09
 Reference value :  2.52375e-09
 Reference value :  2.55325e-09
 Reference value :  2.57725e-09
 Reference value :  2.60675e-09
 Reference value :  2.63335e-09
 Reference value :  2.66425e-09
 Reference value :  2.69175e-09
 Reference value :  2.72500e-09
 Reference value :  2.75375e-09
 Reference value :  2.78263e-09
 Reference value :  2.81225e-09
 Reference value :  2.84005e-09
 Reference value :  2.87025e-09
 Reference value :  2.88925e-09
 Reference value :  2.91425e-09
 Reference value :  2.94225e-09
 Reference value :  2.97225e-09
 Reference value :  3.00035e-09
 Reference value :  3.02575e-09
 Reference value :  3.05815e-09
 Reference value :  3.08675e-09
 Reference value :  3.11675e-09
 Reference value :  3.14625e-09
 Reference value :  3.17500e-09
 Reference value :  3.19763e-09
 Reference value :  3.22500e-09
 Reference value :  3.25675e-09
 Reference value :  3.28175e-09
 Reference value :  3.30805e-09
 Reference value :  3.33575e-09
 Reference value :  3.36175e-09
 Reference value :  3.38825e-09
 Reference value :  3.41625e-09
 Reference value :  3.44335e-09
 Reference value :  3.47125e-09
 Reference value :  3.49725e-09
 Reference value :  3.52225e-09
 Reference value :  3.54925e-09
 Reference value :  3.58075e-09
 Reference value :  3.61000e-09
 Reference value :  3.63975e-09
 Reference value :  3.66725e-09
 Reference value :  3.69675e-09
 Reference value :  3.72505e-09
 Reference value :  3.75425e-09
 Reference value :  3.78500e-09
 Reference value :  3.81125e-09
 Reference value :  3.83975e-09
 Reference value :  3.86675e-09
 Reference value :  3.89805e-09
 Reference value :  3.92725e-09
 Reference value :  3.95805e-09
 Reference value :  3.97500e-09
 Reference value :  3.99925e-09
 Reference value :  4.02825e-09
 Reference value :  4.05375e-09
 Reference value :  4.06225e-09
 Reference value :  4.09225e-09
 Reference value :  4.12025e-09
 Reference value :  4.14962e-09
 Reference value :  4.17515e-09
 Reference value :  4.20535e-09
 Reference value :  4.22875e-09
 Reference value :  4.25805e-09
 Reference value :  4.29025e-09
 Reference value :  4.31805e-09
 Reference value :  4.34875e-09
 Reference value :  4.37515e-09
 Reference value :  4.40325e-09
 Reference value :  4.42775e-09
 Reference value :  4.45975e-09
 Reference value :  4.49225e-09
 Reference value :  4.51962e-09
 Reference value :  4.54875e-09
 Reference value :  4.57462e-09
 Reference value :  4.60325e-09
 Reference value :  4.63262e-09
 Reference value :  4.66225e-09
 Reference value :  4.69325e-09
 Reference value :  4.72025e-09
 Reference value :  4.75000e-09
 Reference value :  4.77515e-09
 Reference value :  4.80805e-09
 Reference value :  4.83515e-09
 Reference value :  4.86625e-09
 Reference value :  4.89575e-09
 Reference value :  4.92175e-09
 Reference value :  4.95005e-09
 Reference value :  4.98025e-09
 Reference value :  5.01015e-09
 Reference value :  5.03925e-09
 Reference value :  5.06825e-09
 Reference value :  5.09725e-09
 Reference value :  5.12335e-09
 Reference value :  5.15575e-09
 Reference value :  5.18375e-09
 Reference value :  5.21275e-09
 Reference value :  5.23975e-09
 Reference value :  5.26775e-09
 Reference value :  5.29835e-09
 Reference value :  5.32725e-09
 Reference value :  5.35925e-09
 Reference value :  5.38575e-09
 Reference value :  5.41075e-09
 Reference value :  5.44025e-09
 Reference value :  5.46975e-09
 Reference value :  5.50035e-09
 Reference value :  5.52675e-09
 Reference value :  5.55725e-09
 Reference value :  5.58262e-09
 Reference value :  5.61225e-09
 Reference value :  5.64275e-09
 Reference value :  5.67075e-09
 Reference value :  5.70225e-09
 Reference value :  5.72825e-09
 Reference value :  5.75762e-09
 Reference value :  5.78475e-09
 Reference value :  5.81500e-09
 Reference value :  5.84575e-09
 Reference value :  5.87500e-09
 Reference value :  5.90015e-09
 Reference value :  5.92800e-09
 Reference value :  5.95762e-09
 Reference value :  5.98525e-09
 Reference value :  6.01475e-09
 Reference value :  6.04875e-09
 Reference value :  6.07375e-09
 Reference value :  6.10305e-09
 Reference value :  6.13175e-09
 Reference value :  6.16125e-09
 Reference value :  6.18725e-09
 Reference value :  6.21975e-09
 Reference value :  6.24875e-09
 Reference value :  6.27505e-09
 Reference value :  6.30500e-09
 Reference value :  6.33125e-09
 Reference value :  6.35835e-09
 Reference value :  6.39125e-09
 Reference value :  6.42075e-09
 Reference value :  6.45035e-09
 Reference value :  6.47925e-09
 Reference value :  6.50800e-09
 Reference value :  6.53335e-09
 Reference value :  6.56525e-09
 Reference value :  6.59475e-09
 Reference value :  6.62500e-09
 Reference value :  6.65015e-09
 Reference value :  6.67675e-09
 Reference value :  6.70625e-09
 Reference value :  6.73025e-09
 Reference value :  6.74325e-09
 Reference value :  6.76835e-09
 Reference value :  6.80000e-09
 Reference value :  6.83005e-09
 Reference value :  6.85725e-09
 Reference value :  6.88475e-09
 Reference value :  6.91225e-09
 Reference value :  6.94315e-09
 Reference value :  6.97125e-09
 Reference value :  7.00035e-09
 Reference value :  7.02925e-09
 Reference value :  7.05625e-09
 Reference value :  7.08675e-09
 Reference value :  7.11475e-09
 Reference value :  7.14535e-09
 Reference value :  7.17462e-09
 Reference value :  7.20175e-09
 Reference value :  7.23125e-09
 Reference value :  7.25925e-09
 Reference value :  7.29125e-09
 Reference value :  7.32000e-09
 Reference value :  7.34962e-09
 Reference value :  7.37825e-09
 Reference value :  7.40575e-09
 Reference value :  7.43575e-09
 Reference value :  7.46475e-09
 Reference value :  7.49505e-09
 Reference value :  7.51925e-09
 Reference value :  7.54825e-09
 Reference value :  7.57575e-09
 Reference value :  7.59925e-09
 Reference value :  7.63075e-09
 Reference value :  7.65763e-09
 Reference value :  7.68525e-09
 Reference value :  7.71300e-09
 Reference value :  7.74325e-09
 Reference value :  7.77225e-09
 Reference value :  7.80225e-09
 Reference value :  7.82775e-09
 Reference value :  7.83315e-09
 Reference value :  7.84775e-09
 Reference value :  7.87505e-09
 Reference value :  7.90275e-09
 Reference value :  7.93075e-09
 Reference value :  7.96175e-09
 Reference value :  7.99305e-09
 Reference value :  8.02035e-09
 Reference value :  8.05005e-09
 Reference value :  8.07575e-09
 Reference value :  8.10575e-09
 Reference value :  8.13525e-09
 Reference value :  8.16075e-09
 Reference value :  8.18925e-09
 Reference value :  8.21375e-09
 Reference value :  8.24325e-09
 Reference value :  8.27125e-09
 Reference value :  8.30125e-09
 Reference value :  8.33300e-09
 Reference value :  8.35875e-09
 Reference value :  8.38725e-09
 Reference value :  8.41375e-09
 Reference value :  8.44625e-09
 Reference value :  8.47500e-09
 Reference value :  8.50625e-09
 Reference value :  8.53375e-09
 Reference value :  8.55975e-09
 Reference value :  8.58975e-09
 Reference value :  8.61875e-09
 Reference value :  8.65005e-09
 Reference value :  8.68075e-09
 Reference value :  8.70805e-09
 Reference value :  8.73575e-09
 Reference value :  8.76335e-09
 Reference value :  8.79475e-09
 Reference value :  8.82275e-09
 Reference value :  8.84675e-09
 Reference value :  8.85015e-09
 Reference value :  8.87775e-09
 Reference value :  8.90725e-09
 Reference value :  8.93335e-09
 Reference value :  8.96463e-09
 Reference value :  8.98875e-09
 Reference value :  9.02025e-09
 Reference value :  9.04625e-09
 Reference value :  9.07625e-09
 Reference value :  9.10535e-09
 Reference value :  9.13305e-09
 Reference value :  9.15800e-09
 Reference value :  9.18725e-09
 Reference value :  9.21800e-09
 Reference value :  9.24515e-09
 Reference value :  9.27505e-09
 Reference value :  9.30325e-09
 Reference value :  9.32875e-09
 Reference value :  9.36025e-09
 Reference value :  9.39025e-09
 Reference value :  9.42005e-09
 Reference value :  9.44625e-09
 Reference value :  9.47505e-09
 Reference value :  9.50325e-09
 Reference value :  9.53305e-09
 Reference value :  9.56325e-09
 Reference value :  9.59175e-09
 Reference value :  9.61975e-09
 Reference value :  9.64725e-09
 Reference value :  9.67515e-09
 Reference value :  9.70725e-09
 Reference value :  9.73535e-09
 Reference value :  9.76625e-09
 Reference value :  9.79375e-09
 Reference value :  9.82175e-09
 Reference value :  9.85000e-09
 Reference value :  9.88125e-09
 Reference value :  9.91035e-09
 Reference value :  9.93775e-09
 Reference value :  9.94825e-09
 Reference value :  9.97505e-09
 Reference value :  1.00022e-08
 Reference value :  1.00268e-08
 Reference value :  1.00581e-08
 Reference value :  1.00888e-08
 Reference value :  1.01143e-08
 Reference value :  1.01433e-08
 Reference value :  1.01698e-08
 Reference value :  1.01988e-08
 Reference value :  1.02263e-08
 Reference value :  1.02580e-08
 Reference value :  1.02848e-08
 Reference value :  1.03103e-08
 Reference value :  1.03388e-08
 Reference value :  1.03668e-08
 Reference value :  1.03988e-08
 Reference value :  1.04293e-08
 Reference value :  1.04528e-08
 Reference value :  1.04813e-08
 Reference value :  1.05087e-08
 Reference value :  1.05396e-08
 Reference value :  1.05653e-08
 Reference value :  1.05988e-08
 Reference value :  1.06238e-08
 Reference value :  1.06530e-08
 Reference value :  1.06830e-08
 Reference value :  1.07087e-08
 Reference value :  1.07378e-08
 Reference value :  1.07668e-08
 Reference value :  1.07768e-08
 Reference value :  1.08001e-08
 Reference value :  1.08282e-08
 Reference value :  1.08580e-08
 Reference value :  1.08858e-08
 Reference value :  1.09138e-08
 Reference value :  1.09433e-08
 Reference value :  1.09708e-08
 Reference value :  1.09943e-08
 Reference value :  1.10213e-08
 Reference value :  1.10500e-08
 Reference value :  1.10757e-08
 Reference value :  1.11080e-08
 Reference value :  1.11351e-08
 Reference value :  1.11658e-08
 Reference value :  1.11948e-08
 Reference value :  1.12238e-08
 Reference value :  1.12507e-08
 Reference value :  1.12803e-08
 Reference value :  1.13101e-08
 Reference value :  1.13378e-08
 Reference value :  1.13628e-08
 Reference value :  1.13903e-08
 Reference value :  1.14208e-08
 Reference value :  1.14503e-08
 Reference value :  1.14803e-08
 Reference value :  1.15080e-08
 Reference value :  1.15337e-08
 Reference value :  1.15631e-08
 Reference value :  1.15923e-08
 Reference value :  1.16233e-08
 Reference value :  1.16533e-08
 Reference value :  1.16783e-08
 Reference value :  1.17073e-08
 Reference value :  1.17348e-08
 Reference value :  1.17650e-08
 Reference value :  1.17923e-08
 Reference value :  1.18246e-08
 Reference value :  1.18518e-08
 Reference value :  1.18782e-08
 Reference value :  1.19076e-08
 Reference value :  1.19333e-08
 Reference value :  1.19553e-08
 Reference value :  1.19858e-08
No. of Data Rows : 27776
vx1                 =  2.06998e+00 at=  1.15342e-08
vn1                 =  -1.24883e-03 at=  8.66325e-09
vx2                 =  2.06905e+00 at=  1.01342e-08
vn2                 =  -1.21310e-03 at=  1.08631e-08
vx3                 =  2.05081e+00 at=  9.43375e-09
vn3                 =  -6.20887e-04 at=  1.07613e-08
vx4                 =  1.86805e+00 at=  1.05733e-08
vn4                 =  1.34333e-02 at=  8.44000e-09
vx5                 =  1.44983e+00 at=  9.92925e-09
vn5                 =  8.04091e-02 at=  8.22725e-09
vx6                 =  1.14313e+00 at=  8.39963e-09
vn6                 =  1.71488e-01 at=  1.07048e-08
vx7                 =  1.43589e+00 at=  1.13796e-08
vn7                 =  6.88236e-01 at=  1.17218e-08
vx8                 =  1.92280e+00 at=  1.19363e-08
vn8                 =  1.65284e+00 at=  8.20300e-09
vx9                 =  2.06409e+00 at=  1.19563e-08
vn9                 =  1.82152e+00 at=  1.10330e-08
ta1                 =  6.00400e-09
ty1                 =  6.09613e-09
swing_w500 = 1.046073e+00
swing_w300 = 1.045589e+00
swing_w200 = 1.036078e+00
swing_w140 = 9.366751e-01
swing_w100 = 6.916267e-01
swing_w070 = 4.907271e-01
swing_w050 = 3.776015e-01
swing_w035 = 1.363404e-01
swing_w025 = 1.225061e-01
tpd_lh = 9.213300e-11
Note: Simulation executed from .control section 

----- stderr -----

