|* Post-layout sampler_core: the WHOLE composed cell -- four skewed rings,
|* four output buffers, the three-xor2 combining tree, AND all six
|* sampler_dff instances (raw_bit, raw_valid, ring_bit1-4) -- extracted FLAT
|* from ONE `klt extract --parasitics` run over the now DRC-clean, klt
|* lvs-MATCHING layout/sampler_core/sampler_core.gds (264/264 devices,
|* 152/152 nets against design/sampler_core.spice's own .subckt
|* sampler_core, PR #113; extracted as layout/pex-sampler-core/README.md
|* documents, PR #114).
|*
|* Purpose (issue #22's own DR-0008-named follow-up, "sampler_core scope"):
|* every prior sampler_dff-family post-layout deck in this repo
|* (sim/post-layout-sampler-dff/, sim/post-layout-sampler-dff-assembled/)
|* drives ONE isolated sampler_dff instance from an ideal PWL `d` source --
|* never the six-instance fan-out design/sampler_core.spice actually wires,
|* and never a real (not ideal-PWL) input edge. This deck is the first to
|* close both gaps at once: xarr below is the real assembled
|* array-plus-sampler-bank, so each sampler's own `d` pin sees the real,
|* buffer-loaded, post-layout-slowed ring/combining-tree waveform sim/
|* post-layout-ro-array-core/ characterizes -- not a synthetic edge -- and
|* clock-distribution skew across all six instances' own shared `clk` fan-out
|* is present for the first time too. DR-0008's own words: "the prerequisite
|* for any whole-chain raw-tap-to-sampled-bit post-layout claim."
|*
|* Topology, post-layout side (prefix p): xarr is ONE flat-extracted cell,
|* sourced from layout/pex-sampler-core/sampler_core_pex.spice via
|* layout/bin/pex-netlist.py (shared, unmodified). `ro1`-`ro4` and `xo` --
|* the array's own raw taps, each already an internal net of the wrapper
|* `sampler_core_pex` (promoted there so its own six sampler_dff instances
|* can reach them, per layout/pex-sampler-core/README.md's alias table) --
|* are reachable at ONE level of hierarchy (`v(xarr.ro1)`, ...,
|* `v(xarr.xo)`), confirmed by this deck's own development probe before
|* committing (a first attempt at `v(xarr.xpex.ro1)`, guessing the
|* extractor's own internal `__core` instance name `xpex` was needed, came
|* back "not available or has zero length" -- `ro1`/`xo` belong to
|* `sampler_core_pex`'s OWN local scope, one level shallower than that).
|* `xo`'s own two-ring partial sum `t1` is NOT reached by this deck --
|* unlike sim/post-layout-ro-array-core/, which promotes `t1` at the very
|* same one-hierarchy-level depth this deck's own probe found for `ro1`/
|* `xo`, `t1` is internal to the array block nested one level deeper inside
|* `sampler_core_pex` (the array's own combining tree is not itself promoted
|* to `sampler_core_pex`'s local scope, only its four raw taps and the
|* fully-combined `xo` are) -- reaching it would need a second, unverified
|* hierarchy guess this deck does not spend budget confirming. The N=4
|* (`xo`) edge-retention/value-fidelity figures below are this deck's own
|* combining-fidelity claim; the N=2 (`t1`) figure sim/
|* post-layout-ro-array-core/ also reports is not re-measured here.
|*
|* Topology, pre-layout side (prefix-free): xctl is
|* design/sampler_core.spice's own parameterized `.subckt sampler_core`,
|* same-deck same-corner control, `ro1`-`ro4`/`xo` reached the identical way
|* (`v(xctl.ro1)`, ..., `v(xctl.xo)` -- local nets of `.subckt sampler_core`
|* itself, per that file's own `xdut ... ro_array_core` instantiation line).
|*
|* The substrate tie. layout/pex-sampler-core/sampler_core_pex.spice
|* declares the extractor's substrate return node `vsubs` .global
|* (klayout-tools#1503, same as every other post-layout deck in this repo).
|* This deck ties it HARD to 0, the same physically-motivated choice
|* sim/post-layout-ro-array-core/ and its own siblings use -- every composed
|* cell's own psub guard ring is tied to vss, and vss is 0 here.
|*
|* START-UP: ENABLE + RESET RELEASE, NOT `.ic` ON INTERNAL NODES -- same
|* method sim/post-layout-ro-array-core/'s own header explains for the
|* rings (en=0 pins each ro_nand2's own output high, a defined state;
|* releasing it starts the ring), extended here to the six sampler_dff
|* instances the SAME way: rst_n=0 pins each instance's own `mb`/`s2mid`/
|* `qb` internal nodes to a defined reset state (design/sampler_core.spice's
|* own `.subckt sampler_dff`, `Mimpb`/`Mimnb`/`Mis2pb`/`Mis2nb` -- the same
|* four devices sim/post-layout-sampler-dff/'s own reset-contention deck
|* exercises with an explicit PWL pulse), so releasing rst_n from a defined
|* state is exactly as valid a start-up method as `.ic`, and reaches deeper
|* into this deck's own hierarchy (six instances inside two more levels of
|* subckt nesting than sim/raw-bit-min-entropy/'s own top-level sampler_dff
|* calls) with no per-instance `.ic` ladder needed at all. This deck can use
|* a REAL transient rst_n pulse -- unlike sim/raw-bit-min-entropy/, which
|* holds rst_n permanently released because its own trnoise() sources
|* cannot coexist with ANY control-signal breakpoint in this ngspice build
|* -- because this deck injects no noise at all (a deterministic functional/
|* timing/current characterization, not a min-entropy campaign).
|*
|* Timeline. `en1`-`en4` release together at 5 ns (matching
|* sim/post-layout-ro-array-core/ exactly, so the rings reach the same
|* steady oscillation this deck's own ring-period/combining measurements
|* below can cite directly). `rst_n` releases at 300 ns -- comfortably past
|* every ring's own start-up transient at the periods that deck measures
|* (2-4 ns), so the reset-held window below (50-250 ns) is a fair "rings
|* running, samplers held in reset" baseline, not a start-up artifact.
|* `clk` begins pulsing at 320 ns, Ts = 100 ns (the same disclosed,
|* measured compute-budget deviation from DR-0003's Ts = 20 us that
|* sim/raw-bit-min-entropy/'s own header justifies at length -- this deck's
|* own tstop of 800 ns gives five rising clk edges, 320-720 ns, comfortably
|* inside that window). No trnoise() source anywhere in this deck, so no
|* control-signal-breakpoint conflict of the kind that forces
|* sim/raw-bit-min-entropy/ to hold every control signal at `dc`.
|*
|* What "captured value" means here, and what it does NOT claim. With no
|* injected noise, `raw_bit`/`raw_valid`/`ring_bit1`-`ring_bit4` are fully
|* deterministic functions of the free-running rings' own phase at each
|* `clk` edge -- this deck reports FIVE discrete snapshots per side (one
|* per sample instant, at the 50 ns mark inside each `clk` low phase, where
|* every sampler's own slave stage is opaque and holding) to confirm the
|* whole assembled, post-layout cell produces clean rail-to-rail digital
|* levels end to end (not an intermediate voltage, not floating) when
|* driven by its own real ring taps through its own real routing -- NOT a
|* min-entropy or jitter claim (that remains sim/raw-bit-min-entropy/'s own
|* scope, at the pre-layout netlist level only). Pre- and post-layout
|* snapshots at the SAME nominal sample instant are NOT expected to agree
|* bit-for-bit: post-layout parasitics measurably slow the array (this
|* deck's own p_tr*/tr* ratio below quantifies exactly how much), so the
|* two sides' sampler_dff instances can legitimately latch different phases
|* of each ring's own free-running waveform at the same nominal clock edge.
|* That divergence is itself the mechanism this whole entropy source
|* depends on, not a defect in either side.
|*
|* Window / memory. Without an explicit `.save`, ngspice retains a
|* full-resolution trace for every internal parasitic-star leg node this
|* flat extraction introduces (264 devices' worth, on TOP of the samplers'
|* own leg nodes) -- confirmed to exhaust available process memory outright
|* during this deck's own development (`Error: memory required ... is more
|* than memory available`), the same failure
|* sim/post-layout-ro-array-core/'s own header names for the array alone.
|* `.save` below keeps only the traces every `.meas` statement actually
|* reads.
|*
|* This file is a TEMPLATE: sim/bin/corner-run.py substitutes /home/ubuntu/.volare/volare/sky130/versions/c6d73a35f524070e85faff4a6a9eef49553ebc2b/sky130A/libs.tech/combined/sky130.lib.spice,
|* tt, -40.0, 1.62 and 5p. As committed it is not a
|* runnable deck. Invoke with `--ro-ring5 design/sampler_core.spice` and
|* `--pex-lib layout/pex-sampler-core/sampler_core_pex.spice`.
|
|.option scale=1u
|.lib "/home/ubuntu/.volare/volare/sky130/versions/c6d73a35f524070e85faff4a6a9eef49553ebc2b/sky130A/libs.tech/combined/sky130.lib.spice" tt
|
|* pre-layout subcircuit library -- design/sampler_core.spice, which carries
|* the flat `.subckt sampler_core` under test (and, inside it, `.subckt
|* sampler_dff`/`ro_array_core`/etc unmodified).
|.include "/home/ubuntu/GitHub/sky130-trng/.loom/worktrees/issue-22/design/sampler_core.spice"
|* post-layout WHOLE-CELL subcircuit library (sampler_core_pex), generated
|* from layout/sampler_core/'s composed, DRC-clean, klt lvs-matching GDS.
|.include "/home/ubuntu/GitHub/sky130-trng/.loom/worktrees/issue-22/layout/pex-sampler-core/sampler_core_pex.spice"
|
|.temp -40.0
|
|* --- substrate return node: hard tie (see header) ----------------------
|Vsub vsubs 0 dc 0
|
|* --- post-layout WHOLE CELL, one flat-extracted circuit ----------------
|Vddrp1 pvddr1 0 dc 1.62
|Vddrp2 pvddr2 0 dc 1.62
|Vddrp3 pvddr3 0 dc 1.62
|Vddrp4 pvddr4 0 dc 1.62
|Vddp pvdd 0 dc 1.62
|Venp1 pen1 0 PULSE(0 1.62 5n 100p 100p 1u 2u)
|Venp2 pen2 0 PULSE(0 1.62 5n 100p 100p 1u 2u)
|Venp3 pen3 0 PULSE(0 1.62 5n 100p 100p 1u 2u)
|Venp4 pen4 0 PULSE(0 1.62 5n 100p 100p 1u 2u)
|Vrstnp prst_n 0 PULSE(0 1.62 300n 100p 100p 10u 20u)
|Vclkp pclk 0 PULSE(0 1.62 320n 100p 100p 49.8n 100n)
|xarr pen1 pen2 pen3 pen4 pvddr1 pvddr2 pvddr3 pvddr4 pvdd 0 pclk prst_n
|+ praw_bit praw_valid pring_bit1 pring_bit2 pring_bit3 pring_bit4
|+ sampler_core_pex
|
|* --- pre-layout control, identical topology, single-call subckt --------
|Vddr1 vddr1 0 dc 1.62
|Vddr2 vddr2 0 dc 1.62
|Vddr3 vddr3 0 dc 1.62
|Vddr4 vddr4 0 dc 1.62
|Vdd vdd 0 dc 1.62
|Ven1 en1 0 PULSE(0 1.62 5n 100p 100p 1u 2u)
|Ven2 en2 0 PULSE(0 1.62 5n 100p 100p 1u 2u)
|Ven3 en3 0 PULSE(0 1.62 5n 100p 100p 1u 2u)
|Ven4 en4 0 PULSE(0 1.62 5n 100p 100p 1u 2u)
|Vrstn rst_n 0 PULSE(0 1.62 300n 100p 100p 10u 20u)
|Vclk clk 0 PULSE(0 1.62 320n 100p 100p 49.8n 100n)
|xctl en1 en2 en3 en4 vddr1 vddr2 vddr3 vddr4 vdd 0 clk rst_n
|+ raw_bit raw_valid ring_bit1 ring_bit2 ring_bit3 ring_bit4
|+ sampler_core
|
|.ic v(xarr.ro1)=0 v(xarr.ro2)=0 v(xarr.ro3)=0 v(xarr.ro4)=0
|.ic v(xctl.ro1)=0 v(xctl.ro2)=0 v(xctl.ro3)=0 v(xctl.ro4)=0
|
|* Limit the saved transient trace set to exactly what the .meas statements
|* below need (see header -- this is a hard memory requirement here, not an
|* optimization).
|.save v(xarr.ro1) v(xarr.ro2) v(xarr.ro3) v(xarr.ro4) v(xarr.xo)
|.save v(xctl.ro1) v(xctl.ro2) v(xctl.ro3) v(xctl.ro4) v(xctl.xo)
|.save v(praw_bit) v(praw_valid) v(pring_bit1) v(pring_bit2) v(pring_bit3) v(pring_bit4)
|.save v(raw_bit) v(raw_valid) v(ring_bit1) v(ring_bit2) v(ring_bit3) v(ring_bit4)
|.save i(Vddrp1) i(Vddrp2) i(Vddrp3) i(Vddrp4) i(Vddp)
|.save i(Vddr1) i(Vddr2) i(Vddr3) i(Vddr4) i(Vdd)
|
|.tran 5p 800n uic
|
|.control
|run
|
|* ==========================================================================
|* POST-LAYOUT WHOLE CELL
|* ==========================================================================
|
|* --- per-ring periods, 10 whole periods each, first two rising edges
|* discarded as start-up (identical estimator to
|* sim/post-layout-ro-array-core/) ----------------------------------------
|meas tran pt1a when v(xarr.ro1)=0.5*1.62 rise=3
|meas tran pt1b when v(xarr.ro1)=0.5*1.62 rise=13
|let p_tr1 = (pt1b - pt1a)/10
|meas tran pt2a when v(xarr.ro2)=0.5*1.62 rise=3
|meas tran pt2b when v(xarr.ro2)=0.5*1.62 rise=13
|let p_tr2 = (pt2b - pt2a)/10
|meas tran pt3a when v(xarr.ro3)=0.5*1.62 rise=3
|meas tran pt3b when v(xarr.ro3)=0.5*1.62 rise=13
|let p_tr3 = (pt3b - pt3a)/10
|meas tran pt4a when v(xarr.ro4)=0.5*1.62 rise=3
|meas tran pt4b when v(xarr.ro4)=0.5*1.62 rise=13
|let p_tr4 = (pt4b - pt4a)/10
|let p_f_ideal = 1/p_tr1 + 1/p_tr2 + 1/p_tr3 + 1/p_tr4
|
|* --- combining node (N=4, xo): swing, realized edge rate, value bias, now
|* under the six-sampler bank's own real capacitive loading + clk-dependent
|* switching -----------------------------------------------------------
|meas tran pvxo_max MAX v(xarr.xo) from=100n to=800n
|meas tran pvxo_min MIN v(xarr.xo) from=100n to=800n
|let p_swing_frac_xo = (pvxo_max - pvxo_min) / 1.62
|meas tran ptxo_a when v(xarr.xo)=0.5*1.62 rise=2
|meas tran ptxo_b when v(xarr.xo)=0.5*1.62 rise=50
|let p_f_xo = 48/(ptxo_b - ptxo_a)
|let p_edge_retention = p_f_xo / p_f_ideal
|meas tran pvxo_avg AVG v(xarr.xo) from=100n to=800n
|let p_bias_xo = pvxo_avg / 1.62
|
|* --- reset-held check: all six sampler outputs must stay near 0 while
|* rst_n is still asserted (0-300n), regardless of the rings' own toggling
|* -------------------------------------------------------------------
|meas tran p_vrst_bit MAX v(praw_bit) from=50n to=250n
|meas tran p_vrst_valid MAX v(praw_valid) from=50n to=250n
|meas tran p_vrst_r1 MAX v(pring_bit1) from=50n to=250n
|meas tran p_vrst_r2 MAX v(pring_bit2) from=50n to=250n
|meas tran p_vrst_r3 MAX v(pring_bit3) from=50n to=250n
|meas tran p_vrst_r4 MAX v(pring_bit4) from=50n to=250n
|
|* --- captured-value snapshots, one per clk period, 50 ns into each low
|* (opaque/holding) phase -------------------------------------------------
|meas tran p_bit_400n find v(praw_bit) at=400n
|meas tran p_bit_500n find v(praw_bit) at=500n
|meas tran p_bit_600n find v(praw_bit) at=600n
|meas tran p_bit_700n find v(praw_bit) at=700n
|meas tran p_bit_800n find v(praw_bit) at=800n
|meas tran p_valid_400n find v(praw_valid) at=400n
|meas tran p_r1_400n find v(pring_bit1) at=400n
|meas tran p_r2_400n find v(pring_bit2) at=400n
|meas tran p_r3_400n find v(pring_bit3) at=400n
|meas tran p_r4_400n find v(pring_bit4) at=400n
|
|* --- supply current: reset-held window (50-250n) vs. active/sampling
|* window (400-800n), rings and block (buffers+xor tree+six samplers,
|* which now share `vdd` with the array) reported separately -----------
|meas tran pi1_rst AVG i(Vddrp1) from=50n to=250n
|meas tran pi2_rst AVG i(Vddrp2) from=50n to=250n
|meas tran pi3_rst AVG i(Vddrp3) from=50n to=250n
|meas tran pi4_rst AVG i(Vddrp4) from=50n to=250n
|meas tran pib_rst AVG i(Vddp) from=50n to=250n
|let p_i_rings_rst = -(pi1_rst + pi2_rst + pi3_rst + pi4_rst)
|let p_i_block_rst = -pib_rst
|let p_i_total_rst = p_i_rings_rst + p_i_block_rst
|
|meas tran pi1_act AVG i(Vddrp1) from=400n to=800n
|meas tran pi2_act AVG i(Vddrp2) from=400n to=800n
|meas tran pi3_act AVG i(Vddrp3) from=400n to=800n
|meas tran pi4_act AVG i(Vddrp4) from=400n to=800n
|meas tran pib_act AVG i(Vddp) from=400n to=800n
|let p_i_rings_act = -(pi1_act + pi2_act + pi3_act + pi4_act)
|let p_i_block_act = -pib_act
|let p_i_total_act = p_i_rings_act + p_i_block_act
|
|* ==========================================================================
|* PRE-LAYOUT CONTROL -- identical estimators, identical node names
|* ==========================================================================
|
|meas tran t1a when v(xctl.ro1)=0.5*1.62 rise=3
|meas tran t1b when v(xctl.ro1)=0.5*1.62 rise=13
|let tr1 = (t1b - t1a)/10
|meas tran t2a when v(xctl.ro2)=0.5*1.62 rise=3
|meas tran t2b when v(xctl.ro2)=0.5*1.62 rise=13
|let tr2 = (t2b - t2a)/10
|meas tran t3a when v(xctl.ro3)=0.5*1.62 rise=3
|meas tran t3b when v(xctl.ro3)=0.5*1.62 rise=13
|let tr3 = (t3b - t3a)/10
|meas tran t4a when v(xctl.ro4)=0.5*1.62 rise=3
|meas tran t4b when v(xctl.ro4)=0.5*1.62 rise=13
|let tr4 = (t4b - t4a)/10
|let f_ideal = 1/tr1 + 1/tr2 + 1/tr3 + 1/tr4
|
|meas tran vxo_max MAX v(xctl.xo) from=100n to=800n
|meas tran vxo_min MIN v(xctl.xo) from=100n to=800n
|let swing_frac_xo = (vxo_max - vxo_min) / 1.62
|meas tran txo_a when v(xctl.xo)=0.5*1.62 rise=2
|meas tran txo_b when v(xctl.xo)=0.5*1.62 rise=50
|let f_xo = 48/(txo_b - txo_a)
|let edge_retention = f_xo / f_ideal
|meas tran vxo_avg AVG v(xctl.xo) from=100n to=800n
|let bias_xo = vxo_avg / 1.62
|
|meas tran vrst_bit MAX v(raw_bit) from=50n to=250n
|meas tran vrst_valid MAX v(raw_valid) from=50n to=250n
|meas tran vrst_r1 MAX v(ring_bit1) from=50n to=250n
|meas tran vrst_r2 MAX v(ring_bit2) from=50n to=250n
|meas tran vrst_r3 MAX v(ring_bit3) from=50n to=250n
|meas tran vrst_r4 MAX v(ring_bit4) from=50n to=250n
|
|meas tran bit_400n find v(raw_bit) at=400n
|meas tran bit_500n find v(raw_bit) at=500n
|meas tran bit_600n find v(raw_bit) at=600n
|meas tran bit_700n find v(raw_bit) at=700n
|meas tran bit_800n find v(raw_bit) at=800n
|meas tran valid_400n find v(raw_valid) at=400n
|meas tran r1_400n find v(ring_bit1) at=400n
|meas tran r2_400n find v(ring_bit2) at=400n
|meas tran r3_400n find v(ring_bit3) at=400n
|meas tran r4_400n find v(ring_bit4) at=400n
|
|meas tran i1_rst AVG i(Vddr1) from=50n to=250n
|meas tran i2_rst AVG i(Vddr2) from=50n to=250n
|meas tran i3_rst AVG i(Vddr3) from=50n to=250n
|meas tran i4_rst AVG i(Vddr4) from=50n to=250n
|meas tran ib_rst AVG i(Vdd) from=50n to=250n
|let i_rings_rst = -(i1_rst + i2_rst + i3_rst + i4_rst)
|let i_block_rst = -ib_rst
|let i_total_rst = i_rings_rst + i_block_rst
|
|meas tran i1_act AVG i(Vddr1) from=400n to=800n
|meas tran i2_act AVG i(Vddr2) from=400n to=800n
|meas tran i3_act AVG i(Vddr3) from=400n to=800n
|meas tran i4_act AVG i(Vddr4) from=400n to=800n
|meas tran ib_act AVG i(Vdd) from=400n to=800n
|let i_rings_act = -(i1_act + i2_act + i3_act + i4_act)
|let i_block_act = -ib_act
|let i_total_act = i_rings_act + i_block_act
|
|* --- headline ratios: same block, same corner, real inter-block/intra-cell
|* wiring + real sampler loading vs. pre-layout (no interconnect, ideal
|* devices only) ----------------------------------------------------------
|let slowdown_r1 = p_tr1 / tr1
|let slowdown_r2 = p_tr2 / tr2
|let slowdown_r3 = p_tr3 / tr3
|let slowdown_r4 = p_tr4 / tr4
|let i_total_act_ratio = p_i_total_act / i_total_act
|let i_total_rst_ratio = p_i_total_rst / i_total_rst
|
|print p_tr1
|print p_tr2
|print p_tr3
|print p_tr4
|print p_f_ideal
|print p_f_xo
|print p_edge_retention
|print p_bias_xo
|print p_swing_frac_xo
|print p_vrst_bit
|print p_vrst_valid
|print p_vrst_r1
|print p_vrst_r2
|print p_vrst_r3
|print p_vrst_r4
|print p_bit_400n
|print p_bit_500n
|print p_bit_600n
|print p_bit_700n
|print p_bit_800n
|print p_valid_400n
|print p_r1_400n
|print p_r2_400n
|print p_r3_400n
|print p_r4_400n
|print p_i_rings_rst
|print p_i_block_rst
|print p_i_total_rst
|print p_i_rings_act
|print p_i_block_act
|print p_i_total_act
|
|print tr1
|print tr2
|print tr3
|print tr4
|print f_ideal
|print f_xo
|print edge_retention
|print bias_xo
|print swing_frac_xo
|print vrst_bit
|print vrst_valid
|print vrst_r1
|print vrst_r2
|print vrst_r3
|print vrst_r4
|print bit_400n
|print bit_500n
|print bit_600n
|print bit_700n
|print bit_800n
|print valid_400n
|print r1_400n
|print r2_400n
|print r3_400n
|print r4_400n
|print i_rings_rst
|print i_block_rst
|print i_total_rst
|print i_rings_act
|print i_block_act
|print i_total_act
|
|print slowdown_r1
|print slowdown_r2
|print slowdown_r3
|print slowdown_r4
|print i_total_act_ratio
|print i_total_rst_ratio
|.endc
|.end
|

----- stdout -----

Note: No compatibility mode selected!


Circuit: * post-layout sampler_core: the whole composed cell -- four skewed rings,

Doing analysis at TEMP = -40.000000 and TNOM = 27.000000

Using SPARSE 1.3 as Direct Linear Solver
Operating point simulation skipped by 'uic',
  now using transient initial conditions.
 Reference value :  5.00000e-14
 Reference value :  1.92586e-10
 Reference value :  5.52586e-10
 Reference value :  9.22586e-10
 Reference value :  1.31259e-09
 Reference value :  1.71759e-09
 Reference value :  2.03759e-09
 Reference value :  2.25759e-09
 Reference value :  2.52759e-09
 Reference value :  2.81259e-09
 Reference value :  3.09759e-09
 Reference value :  3.38259e-09
 Reference value :  3.66759e-09
 Reference value :  3.95259e-09
 Reference value :  4.23759e-09
 Reference value :  4.52259e-09
 Reference value :  4.80759e-09
 Reference value :  5.08750e-09
 Reference value :  5.44250e-09
 Reference value :  5.86250e-09
 Reference value :  6.28250e-09
 Reference value :  6.69750e-09
 Reference value :  7.06750e-09
 Reference value :  7.42750e-09
 Reference value :  7.83250e-09
 Reference value :  8.24250e-09
 Reference value :  8.59750e-09
 Reference value :  8.96250e-09
 Reference value :  9.35750e-09
 Reference value :  9.74750e-09
 Reference value :  1.01325e-08
 Reference value :  1.05475e-08
 Reference value :  1.09225e-08
 Reference value :  1.12875e-08
 Reference value :  1.16525e-08
 Reference value :  1.20675e-08
 Reference value :  1.24775e-08
 Reference value :  1.28925e-08
 Reference value :  1.32875e-08
 Reference value :  1.36275e-08
 Reference value :  1.39675e-08
 Reference value :  1.43025e-08
 Reference value :  1.46275e-08
 Reference value :  1.49675e-08
 Reference value :  1.53125e-08
 Reference value :  1.56625e-08
 Reference value :  1.59975e-08
 Reference value :  1.63575e-08
 Reference value :  1.67225e-08
 Reference value :  1.70875e-08
 Reference value :  1.74075e-08
 Reference value :  1.77375e-08
 Reference value :  1.81025e-08
 Reference value :  1.84275e-08
 Reference value :  1.87825e-08
 Reference value :  1.91075e-08
 Reference value :  1.94725e-08
 Reference value :  1.98175e-08
 Reference value :  2.01825e-08
 Reference value :  2.05725e-08
 Reference value :  2.09325e-08
 Reference value :  2.12925e-08
 Reference value :  2.16125e-08
 Reference value :  2.19725e-08
 Reference value :  2.22725e-08
 Reference value :  2.26025e-08
 Reference value :  2.29475e-08
 Reference value :  2.33575e-08
 Reference value :  2.36975e-08
 Reference value :  2.40575e-08
 Reference value :  2.43925e-08
 Reference value :  2.46975e-08
 Reference value :  2.50525e-08
 Reference value :  2.54225e-08
 Reference value :  2.57925e-08
 Reference value :  2.61075e-08
 Reference value :  2.64775e-08
 Reference value :  2.68075e-08
 Reference value :  2.71375e-08
 Reference value :  2.75025e-08
 Reference value :  2.78375e-08
 Reference value :  2.81675e-08
 Reference value :  2.84625e-08
 Reference value :  2.87875e-08
 Reference value :  2.91975e-08
 Reference value :  2.95425e-08
 Reference value :  2.98825e-08
 Reference value :  3.02175e-08
 Reference value :  3.05675e-08
 Reference value :  3.08825e-08
 Reference value :  3.12275e-08
 Reference value :  3.15725e-08
 Reference value :  3.18975e-08
 Reference value :  3.22225e-08
 Reference value :  3.25575e-08
 Reference value :  3.28725e-08
 Reference value :  3.31925e-08
 Reference value :  3.35075e-08
 Reference value :  3.38275e-08
 Reference value :  3.42125e-08
 Reference value :  3.45275e-08
 Reference value :  3.47975e-08
 Reference value :  3.50275e-08
 Reference value :  3.52725e-08
 Reference value :  3.55875e-08
 Reference value :  3.58925e-08
 Reference value :  3.62025e-08
 Reference value :  3.66025e-08
 Reference value :  3.69775e-08
 Reference value :  3.73125e-08
 Reference value :  3.76625e-08
 Reference value :  3.80625e-08
 Reference value :  3.84175e-08
 Reference value :  3.87225e-08
 Reference value :  3.90125e-08
 Reference value :  3.93025e-08
 Reference value :  3.96275e-08
 Reference value :  3.99175e-08
 Reference value :  4.02525e-08
 Reference value :  4.06475e-08
 Reference value :  4.09675e-08
 Reference value :  4.13075e-08
 Reference value :  4.16425e-08
 Reference value :  4.20475e-08
 Reference value :  4.23975e-08
 Reference value :  4.26925e-08
 Reference value :  4.30525e-08
 Reference value :  4.34325e-08
 Reference value :  4.37675e-08
 Reference value :  4.41175e-08
 Reference value :  4.44925e-08
 Reference value :  4.48375e-08
 Reference value :  4.52025e-08
 Reference value :  4.55825e-08
 Reference value :  4.59325e-08
 Reference value :  4.63175e-08
 Reference value :  4.66475e-08
 Reference value :  4.69975e-08
 Reference value :  4.73225e-08
 Reference value :  4.76575e-08
 Reference value :  4.80075e-08
 Reference value :  4.83325e-08
 Reference value :  4.86775e-08
 Reference value :  4.90875e-08
 Reference value :  4.94875e-08
 Reference value :  4.98625e-08
 Reference value :  5.02125e-08
 Reference value :  5.05425e-08
 Reference value :  5.08825e-08
 Reference value :  5.12025e-08
 Reference value :  5.16075e-08
 Reference value :  5.20075e-08
 Reference value :  5.23325e-08
 Reference value :  5.26675e-08
 Reference value :  5.30425e-08
 Reference value :  5.34175e-08
 Reference value :  5.37625e-08
 Reference value :  5.41375e-08
 Reference value :  5.45275e-08
 Reference value :  5.48475e-08
 Reference value :  5.51575e-08
 Reference value :  5.55275e-08
 Reference value :  5.58975e-08
 Reference value :  5.62075e-08
 Reference value :  5.65425e-08
 Reference value :  5.68875e-08
 Reference value :  5.72725e-08
 Reference value :  5.76575e-08
 Reference value :  5.80375e-08
 Reference value :  5.83575e-08
 Reference value :  5.86525e-08
 Reference value :  5.89825e-08
 Reference value :  5.93575e-08
 Reference value :  5.97375e-08
 Reference value :  6.00475e-08
 Reference value :  6.03525e-08
 Reference value :  6.06925e-08
 Reference value :  6.10325e-08
 Reference value :  6.13775e-08
 Reference value :  6.17575e-08
 Reference value :  6.21025e-08
 Reference value :  6.24875e-08
 Reference value :  6.28225e-08
 Reference value :  6.31825e-08
 Reference value :  6.35325e-08
 Reference value :  6.38575e-08
 Reference value :  6.42375e-08
 Reference value :  6.45475e-08
 Reference value :  6.48775e-08
 Reference value :  6.52325e-08
 Reference value :  6.55975e-08
 Reference value :  6.59475e-08
 Reference value :  6.62575e-08
 Reference value :  6.65425e-08
 Reference value :  6.68875e-08
 Reference value :  6.72375e-08
 Reference value :  6.75525e-08
 Reference value :  6.79275e-08
 Reference value :  6.83175e-08
 Reference value :  6.86425e-08
 Reference value :  6.90525e-08
 Reference value :  6.94375e-08
 Reference value :  6.97725e-08
 Reference value :  7.00925e-08
 Reference value :  7.04525e-08
 Reference value :  7.08425e-08
 Reference value :  7.11575e-08
 Reference value :  7.14625e-08
 Reference value :  7.17525e-08
 Reference value :  7.20375e-08
 Reference value :  7.23825e-08
 Reference value :  7.27425e-08
 Reference value :  7.31575e-08
 Reference value :  7.35475e-08
 Reference value :  7.38625e-08
 Reference value :  7.42375e-08
 Reference value :  7.46575e-08
 Reference value :  7.49875e-08
 Reference value :  7.53175e-08
 Reference value :  7.56575e-08
 Reference value :  7.60725e-08
 Reference value :  7.64375e-08
 Reference value :  7.67675e-08
 Reference value :  7.71825e-08
 Reference value :  7.75175e-08
 Reference value :  7.78525e-08
 Reference value :  7.81675e-08
 Reference value :  7.84675e-08
 Reference value :  7.87325e-08
 Reference value :  7.89775e-08
 Reference value :  7.92225e-08
 Reference value :  7.95325e-08
 Reference value :  7.98675e-08
 Reference value :  8.02175e-08
 Reference value :  8.05675e-08
 Reference value :  8.08925e-08
 Reference value :  8.12325e-08
 Reference value :  8.16025e-08
 Reference value :  8.19525e-08
 Reference value :  8.23075e-08
 Reference value :  8.26475e-08
 Reference value :  8.29375e-08
 Reference value :  8.32225e-08
 Reference value :  8.35375e-08
 Reference value :  8.38825e-08
 Reference value :  8.42025e-08
 Reference value :  8.45875e-08
 Reference value :  8.48825e-08
 Reference value :  8.52725e-08
 Reference value :  8.56325e-08
 Reference value :  8.60075e-08
 Reference value :  8.63275e-08
 Reference value :  8.67025e-08
 Reference value :  8.70425e-08
 Reference value :  8.74025e-08
 Reference value :  8.77475e-08
 Reference value :  8.81075e-08
 Reference value :  8.84475e-08
 Reference value :  8.87875e-08
 Reference value :  8.91125e-08
 Reference value :  8.94825e-08
 Reference value :  8.98225e-08
 Reference value :  9.01525e-08
 Reference value :  9.05625e-08
 Reference value :  9.09375e-08
 Reference value :  9.12775e-08
 Reference value :  9.16025e-08
 Reference value :  9.19675e-08
 Reference value :  9.23025e-08
 Reference value :  9.26125e-08
 Reference value :  9.29525e-08
 Reference value :  9.32875e-08
 Reference value :  9.36175e-08
 Reference value :  9.39675e-08
 Reference value :  9.43575e-08
 Reference value :  9.47525e-08
 Reference value :  9.50975e-08
 Reference value :  9.54425e-08
 Reference value :  9.57625e-08
 Reference value :  9.60925e-08
 Reference value :  9.64725e-08
 Reference value :  9.68275e-08
 Reference value :  9.71325e-08
 Reference value :  9.74825e-08
 Reference value :  9.78575e-08
 Reference value :  9.82425e-08
 Reference value :  9.86625e-08
 Reference value :  9.90875e-08
 Reference value :  9.94825e-08
 Reference value :  9.98575e-08
 Reference value :  1.00258e-07
 Reference value :  1.00658e-07
 Reference value :  1.01023e-07
 Reference value :  1.01378e-07
 Reference value :  1.01773e-07
 Reference value :  1.02188e-07
 Reference value :  1.02613e-07
 Reference value :  1.03023e-07
 Reference value :  1.03428e-07
 Reference value :  1.03813e-07
 Reference value :  1.04218e-07
 Reference value :  1.04638e-07
 Reference value :  1.05028e-07
 Reference value :  1.05393e-07
 Reference value :  1.05813e-07
 Reference value :  1.06223e-07
 Reference value :  1.06623e-07
 Reference value :  1.07018e-07
 Reference value :  1.07423e-07
 Reference value :  1.07793e-07
 Reference value :  1.08178e-07
 Reference value :  1.08593e-07
 Reference value :  1.08938e-07
 Reference value :  1.09293e-07
 Reference value :  1.09643e-07
 Reference value :  1.10063e-07
 Reference value :  1.10483e-07
 Reference value :  1.10908e-07
 Reference value :  1.11283e-07
 Reference value :  1.11618e-07
 Reference value :  1.11963e-07
 Reference value :  1.12288e-07
 Reference value :  1.12638e-07
 Reference value :  1.13003e-07
 Reference value :  1.13328e-07
 Reference value :  1.13678e-07
 Reference value :  1.14053e-07
 Reference value :  1.14458e-07
 Reference value :  1.14858e-07
 Reference value :  1.15208e-07
 Reference value :  1.15523e-07
 Reference value :  1.15863e-07
 Reference value :  1.16198e-07
 Reference value :  1.16523e-07
 Reference value :  1.16908e-07
 Reference value :  1.17273e-07
 Reference value :  1.17598e-07
 Reference value :  1.17938e-07
 Reference value :  1.18233e-07
 Reference value :  1.18593e-07
 Reference value :  1.18908e-07
 Reference value :  1.19233e-07
 Reference value :  1.19553e-07
 Reference value :  1.19913e-07
 Reference value :  1.20218e-07
 Reference value :  1.20568e-07
 Reference value :  1.20873e-07
 Reference value :  1.21273e-07
 Reference value :  1.21623e-07
 Reference value :  1.22003e-07
 Reference value :  1.22338e-07
 Reference value :  1.22668e-07
 Reference value :  1.23028e-07
 Reference value :  1.23398e-07
 Reference value :  1.23753e-07
 Reference value :  1.24073e-07
 Reference value :  1.24368e-07
 Reference value :  1.24668e-07
 Reference value :  1.24973e-07
 Reference value :  1.25318e-07
 Reference value :  1.25643e-07
 Reference value :  1.25963e-07
 Reference value :  1.26303e-07
 Reference value :  1.26618e-07
 Reference value :  1.26983e-07
 Reference value :  1.27343e-07
 Reference value :  1.27693e-07
 Reference value :  1.28043e-07
 Reference value :  1.28383e-07
 Reference value :  1.28708e-07
 Reference value :  1.29023e-07
 Reference value :  1.29353e-07
 Reference value :  1.29713e-07
 Reference value :  1.30038e-07
 Reference value :  1.30388e-07
 Reference value :  1.30748e-07
 Reference value :  1.31103e-07
 Reference value :  1.31433e-07
 Reference value :  1.31798e-07
 Reference value :  1.32178e-07
 Reference value :  1.32503e-07
 Reference value :  1.32813e-07
 Reference value :  1.33108e-07
 Reference value :  1.33418e-07
 Reference value :  1.33728e-07
 Reference value :  1.34043e-07
 Reference value :  1.34438e-07
 Reference value :  1.34823e-07
 Reference value :  1.35143e-07
 Reference value :  1.35493e-07
 Reference value :  1.35893e-07
 Reference value :  1.36268e-07
 Reference value :  1.36603e-07
 Reference value :  1.36943e-07
 Reference value :  1.37343e-07
 Reference value :  1.37683e-07
 Reference value :  1.38003e-07
 Reference value :  1.38408e-07
 Reference value :  1.38853e-07
 Reference value :  1.39273e-07
 Reference value :  1.39718e-07
 Reference value :  1.40198e-07
 Reference value :  1.40568e-07
 Reference value :  1.41033e-07
 Reference value :  1.41443e-07
 Reference value :  1.41838e-07
 Reference value :  1.42288e-07
 Reference value :  1.42698e-07
 Reference value :  1.43153e-07
 Reference value :  1.43583e-07
 Reference value :  1.44033e-07
 Reference value :  1.44418e-07
 Reference value :  1.44813e-07
 Reference value :  1.45183e-07
 Reference value :  1.45623e-07
 Reference value :  1.46043e-07
 Reference value :  1.46453e-07
 Reference value :  1.46893e-07
 Reference value :  1.47373e-07
 Reference value :  1.47803e-07
 Reference value :  1.48238e-07
 Reference value :  1.48633e-07
 Reference value :  1.49003e-07
 Reference value :  1.49468e-07
 Reference value :  1.49943e-07
 Reference value :  1.50328e-07
 Reference value :  1.50723e-07
 Reference value :  1.51128e-07
 Reference value :  1.51613e-07
 Reference value :  1.52023e-07
 Reference value :  1.52393e-07
 Reference value :  1.52778e-07
 Reference value :  1.53213e-07
 Reference value :  1.53618e-07
 Reference value :  1.54008e-07
 Reference value :  1.54393e-07
 Reference value :  1.54793e-07
 Reference value :  1.55243e-07
 Reference value :  1.55673e-07
 Reference value :  1.56118e-07
 Reference value :  1.56503e-07
 Reference value :  1.56893e-07
 Reference value :  1.57353e-07
 Reference value :  1.57773e-07
 Reference value :  1.58143e-07
 Reference value :  1.58543e-07
 Reference value :  1.58953e-07
 Reference value :  1.59383e-07
 Reference value :  1.59833e-07
 Reference value :  1.60238e-07
 Reference value :  1.60648e-07
 Reference value :  1.61068e-07
 Reference value :  1.61483e-07
 Reference value :  1.61868e-07
 Reference value :  1.62293e-07
 Reference value :  1.62668e-07
 Reference value :  1.63083e-07
 Reference value :  1.63528e-07
 Reference value :  1.63953e-07
 Reference value :  1.64383e-07
 Reference value :  1.64803e-07
 Reference value :  1.65198e-07
 Reference value :  1.65553e-07
 Reference value :  1.65893e-07
 Reference value :  1.66248e-07
 Reference value :  1.66638e-07
 Reference value :  1.67088e-07
 Reference value :  1.67538e-07
 Reference value :  1.67908e-07
 Reference value :  1.68333e-07
 Reference value :  1.68803e-07
 Reference value :  1.69198e-07
 Reference value :  1.69623e-07
 Reference value :  1.70098e-07
 Reference value :  1.70503e-07
 Reference value :  1.70978e-07
 Reference value :  1.71428e-07
 Reference value :  1.71778e-07
 Reference value :  1.72218e-07
 Reference value :  1.72663e-07
 Reference value :  1.73068e-07
 Reference value :  1.73463e-07
 Reference value :  1.73918e-07
 Reference value :  1.74328e-07
 Reference value :  1.74708e-07
 Reference value :  1.75153e-07
 Reference value :  1.75568e-07
 Reference value :  1.75958e-07
 Reference value :  1.76378e-07
 Reference value :  1.76758e-07
 Reference value :  1.77103e-07
 Reference value :  1.77503e-07
 Reference value :  1.77873e-07
 Reference value :  1.78268e-07
 Reference value :  1.78668e-07
 Reference value :  1.79038e-07
 Reference value :  1.79483e-07
 Reference value :  1.79893e-07
 Reference value :  1.80308e-07
 Reference value :  1.80673e-07
 Reference value :  1.81013e-07
 Reference value :  1.81388e-07
 Reference value :  1.81793e-07
 Reference value :  1.82163e-07
 Reference value :  1.82603e-07
 Reference value :  1.83023e-07
 Reference value :  1.83468e-07
 Reference value :  1.83898e-07
 Reference value :  1.84258e-07
 Reference value :  1.84613e-07
 Reference value :  1.84953e-07
 Reference value :  1.85333e-07
 Reference value :  1.85693e-07
 Reference value :  1.86028e-07
 Reference value :  1.86353e-07
 Reference value :  1.86678e-07
 Reference value :  1.87013e-07
 Reference value :  1.87388e-07
 Reference value :  1.87728e-07
 Reference value :  1.88078e-07
 Reference value :  1.88468e-07
 Reference value :  1.88853e-07
 Reference value :  1.89193e-07
 Reference value :  1.89533e-07
 Reference value :  1.89913e-07
 Reference value :  1.90243e-07
 Reference value :  1.90553e-07
 Reference value :  1.90918e-07
 Reference value :  1.91243e-07
 Reference value :  1.91573e-07
 Reference value :  1.91943e-07
 Reference value :  1.92323e-07
 Reference value :  1.92733e-07
 Reference value :  1.93113e-07
 Reference value :  1.93443e-07
 Reference value :  1.93783e-07
 Reference value :  1.94188e-07
 Reference value :  1.94558e-07
 Reference value :  1.94888e-07
 Reference value :  1.95198e-07
 Reference value :  1.95598e-07
 Reference value :  1.96003e-07
 Reference value :  1.96418e-07
 Reference value :  1.96843e-07
 Reference value :  1.97248e-07
 Reference value :  1.97573e-07
 Reference value :  1.97933e-07
 Reference value :  1.98308e-07
 Reference value :  1.98713e-07
 Reference value :  1.99043e-07
 Reference value :  1.99443e-07
 Reference value :  1.99858e-07
 Reference value :  2.00268e-07
 Reference value :  2.00643e-07
 Reference value :  2.01063e-07
 Reference value :  2.01458e-07
 Reference value :  2.01873e-07
 Reference value :  2.02283e-07
 Reference value :  2.02698e-07
 Reference value :  2.03048e-07
 Reference value :  2.03428e-07
 Reference value :  2.03823e-07
 Reference value :  2.04228e-07
 Reference value :  2.04648e-07
 Reference value :  2.05048e-07
 Reference value :  2.05413e-07
 Reference value :  2.05728e-07
 Reference value :  2.06113e-07
 Reference value :  2.06493e-07
 Reference value :  2.06833e-07
 Reference value :  2.07153e-07
 Reference value :  2.07543e-07
 Reference value :  2.07953e-07
 Reference value :  2.08373e-07
 Reference value :  2.08783e-07
 Reference value :  2.09163e-07
 Reference value :  2.09498e-07
 Reference value :  2.09843e-07
 Reference value :  2.10163e-07
 Reference value :  2.10498e-07
 Reference value :  2.10848e-07
 Reference value :  2.11163e-07
 Reference value :  2.11458e-07
 Reference value :  2.11763e-07
 Reference value :  2.12148e-07
 Reference value :  2.12548e-07
 Reference value :  2.12913e-07
 Reference value :  2.13253e-07
 Reference value :  2.13578e-07
 Reference value :  2.13933e-07
 Reference value :  2.14238e-07
 Reference value :  2.14598e-07
 Reference value :  2.14928e-07
 Reference value :  2.15263e-07
 Reference value :  2.15573e-07
 Reference value :  2.15898e-07
 Reference value :  2.16253e-07
 Reference value :  2.16593e-07
 Reference value :  2.16903e-07
 Reference value :  2.17273e-07
 Reference value :  2.17593e-07
 Reference value :  2.17898e-07
 Reference value :  2.18213e-07
 Reference value :  2.18538e-07
 Reference value :  2.18823e-07
 Reference value :  2.19178e-07
 Reference value :  2.19503e-07
 Reference value :  2.19823e-07
 Reference value :  2.20148e-07
 Reference value :  2.20463e-07
 Reference value :  2.20823e-07
 Reference value :  2.21183e-07
 Reference value :  2.21513e-07
 Reference value :  2.21823e-07
 Reference value :  2.22108e-07
 Reference value :  2.22463e-07
 Reference value :  2.22763e-07
 Reference value :  2.23088e-07
 Reference value :  2.23388e-07
 Reference value :  2.23703e-07
 Reference value :  2.23998e-07
 Reference value :  2.24313e-07
 Reference value :  2.24668e-07
 Reference value :  2.25068e-07
 Reference value :  2.25388e-07
 Reference value :  2.25708e-07
 Reference value :  2.26058e-07
 Reference value :  2.26383e-07
 Reference value :  2.26693e-07
 Reference value :  2.26998e-07
 Reference value :  2.27338e-07
 Reference value :  2.27658e-07
 Reference value :  2.27968e-07
 Reference value :  2.28328e-07
 Reference value :  2.28673e-07
 Reference value :  2.29013e-07
 Reference value :  2.29333e-07
 Reference value :  2.29693e-07
 Reference value :  2.30083e-07
 Reference value :  2.30403e-07
 Reference value :  2.30693e-07
 Reference value :  2.30973e-07
 Reference value :  2.31278e-07
 Reference value :  2.31583e-07
 Reference value :  2.31883e-07
 Reference value :  2.32233e-07
 Reference value :  2.32623e-07
 Reference value :  2.32963e-07
 Reference value :  2.33343e-07
 Reference value :  2.33718e-07
 Reference value :  2.34118e-07
 Reference value :  2.34443e-07
 Reference value :  2.34753e-07
 Reference value :  2.35108e-07
 Reference value :  2.35468e-07
 Reference value :  2.35768e-07
 Reference value :  2.36103e-07
 Reference value :  2.36483e-07
 Reference value :  2.36813e-07
 Reference value :  2.37148e-07
 Reference value :  2.37533e-07
 Reference value :  2.37958e-07
 Reference value :  2.38318e-07
 Reference value :  2.38663e-07
 Reference value :  2.39073e-07
 Reference value :  2.39413e-07
 Reference value :  2.39778e-07
 Reference value :  2.40168e-07
 Reference value :  2.40518e-07
 Reference value :  2.40918e-07
 Reference value :  2.41313e-07
 Reference value :  2.41658e-07
 Reference value :  2.42063e-07
 Reference value :  2.42368e-07
 Reference value :  2.42673e-07
 Reference value :  2.42983e-07
 Reference value :  2.43323e-07
 Reference value :  2.43728e-07
 Reference value :  2.44073e-07
 Reference value :  2.44378e-07
 Reference value :  2.44718e-07
 Reference value :  2.45033e-07
 Reference value :  2.45413e-07
 Reference value :  2.45748e-07
 Reference value :  2.46108e-07
 Reference value :  2.46418e-07
 Reference value :  2.46733e-07
 Reference value :  2.47073e-07
 Reference value :  2.47453e-07
 Reference value :  2.47833e-07
 Reference value :  2.48098e-07
 Reference value :  2.48423e-07
 Reference value :  2.48783e-07
 Reference value :  2.49153e-07
 Reference value :  2.49548e-07
 Reference value :  2.49868e-07
 Reference value :  2.50133e-07
 Reference value :  2.50403e-07
 Reference value :  2.50703e-07
 Reference value :  2.51048e-07
 Reference value :  2.51408e-07
 Reference value :  2.51758e-07
 Reference value :  2.52063e-07
 Reference value :  2.52388e-07
 Reference value :  2.52733e-07
 Reference value :  2.53118e-07
 Reference value :  2.53468e-07
 Reference value :  2.53798e-07
 Reference value :  2.54078e-07
 Reference value :  2.54378e-07
 Reference value :  2.54643e-07
 Reference value :  2.54938e-07
 Reference value :  2.55278e-07
 Reference value :  2.55568e-07
 Reference value :  2.55833e-07
 Reference value :  2.56103e-07
 Reference value :  2.56378e-07
 Reference value :  2.56703e-07
 Reference value :  2.57003e-07
 Reference value :  2.57398e-07
 Reference value :  2.57778e-07
 Reference value :  2.58123e-07
 Reference value :  2.58428e-07
 Reference value :  2.58773e-07
 Reference value :  2.59103e-07
 Reference value :  2.59428e-07
 Reference value :  2.59738e-07
 Reference value :  2.60058e-07
 Reference value :  2.60318e-07
 Reference value :  2.60638e-07
 Reference value :  2.60968e-07
 Reference value :  2.61323e-07
 Reference value :  2.61708e-07
 Reference value :  2.62058e-07
 Reference value :  2.62458e-07
 Reference value :  2.62793e-07
 Reference value :  2.63128e-07
 Reference value :  2.63428e-07
 Reference value :  2.63713e-07
 Reference value :  2.63998e-07
 Reference value :  2.64318e-07
 Reference value :  2.64678e-07
 Reference value :  2.65078e-07
 Reference value :  2.65463e-07
 Reference value :  2.65778e-07
 Reference value :  2.66123e-07
 Reference value :  2.66463e-07
 Reference value :  2.66758e-07
 Reference value :  2.67063e-07
 Reference value :  2.67308e-07
 Reference value :  2.67568e-07
 Reference value :  2.67958e-07
 Reference value :  2.68308e-07
 Reference value :  2.68663e-07
 Reference value :  2.69063e-07
 Reference value :  2.69353e-07
 Reference value :  2.69618e-07
 Reference value :  2.69943e-07
 Reference value :  2.70348e-07
 Reference value :  2.70688e-07
 Reference value :  2.71033e-07
 Reference value :  2.71343e-07
 Reference value :  2.71718e-07
 Reference value :  2.72108e-07
 Reference value :  2.72408e-07
 Reference value :  2.72718e-07
 Reference value :  2.73083e-07
 Reference value :  2.73433e-07
 Reference value :  2.73723e-07
 Reference value :  2.73993e-07
 Reference value :  2.74348e-07
 Reference value :  2.74678e-07
 Reference value :  2.75043e-07
 Reference value :  2.75368e-07
 Reference value :  2.75688e-07
 Reference value :  2.76053e-07
 Reference value :  2.76398e-07
 Reference value :  2.76693e-07
 Reference value :  2.76998e-07
 Reference value :  2.77388e-07
 Reference value :  2.77733e-07
 Reference value :  2.78083e-07
 Reference value :  2.78418e-07
 Reference value :  2.78758e-07
 Reference value :  2.79098e-07
 Reference value :  2.79448e-07
 Reference value :  2.79803e-07
 Reference value :  2.80113e-07
 Reference value :  2.80473e-07
 Reference value :  2.80758e-07
 Reference value :  2.81123e-07
 Reference value :  2.81453e-07
 Reference value :  2.81778e-07
 Reference value :  2.82103e-07
 Reference value :  2.82463e-07
 Reference value :  2.82813e-07
 Reference value :  2.83203e-07
 Reference value :  2.83533e-07
 Reference value :  2.83878e-07
 Reference value :  2.84183e-07
 Reference value :  2.84538e-07
 Reference value :  2.84863e-07
 Reference value :  2.85223e-07
 Reference value :  2.85532e-07
 Reference value :  2.85852e-07
 Reference value :  2.86267e-07
 Reference value :  2.86642e-07
 Reference value :  2.86947e-07
 Reference value :  2.87327e-07
 Reference value :  2.87657e-07
 Reference value :  2.88002e-07
 Reference value :  2.88307e-07
 Reference value :  2.88667e-07
 Reference value :  2.88992e-07
 Reference value :  2.89352e-07
 Reference value :  2.89707e-07
 Reference value :  2.90107e-07
 Reference value :  2.90512e-07
 Reference value :  2.90907e-07
 Reference value :  2.91232e-07
 Reference value :  2.91572e-07
 Reference value :  2.91927e-07
 Reference value :  2.92312e-07
 Reference value :  2.92577e-07
 Reference value :  2.92857e-07
 Reference value :  2.93117e-07
 Reference value :  2.93417e-07
 Reference value :  2.93702e-07
 Reference value :  2.94057e-07
 Reference value :  2.94447e-07
 Reference value :  2.94852e-07
 Reference value :  2.95227e-07
 Reference value :  2.95487e-07
 Reference value :  2.95757e-07
 Reference value :  2.96067e-07
 Reference value :  2.96427e-07
 Reference value :  2.96732e-07
 Reference value :  2.97007e-07
 Reference value :  2.97317e-07
 Reference value :  2.97652e-07
 Reference value :  2.97967e-07
 Reference value :  2.98282e-07
 Reference value :  2.98597e-07
 Reference value :  2.98927e-07
 Reference value :  2.99247e-07
 Reference value :  2.99547e-07
 Reference value :  2.99907e-07
 Reference value :  3.00187e-07
 Reference value :  3.00537e-07
 Reference value :  3.00857e-07
 Reference value :  3.01142e-07
 Reference value :  3.01502e-07
 Reference value :  3.01817e-07
 Reference value :  3.02107e-07
 Reference value :  3.02492e-07
 Reference value :  3.02897e-07
 Reference value :  3.03237e-07
 Reference value :  3.03527e-07
 Reference value :  3.03802e-07
 Reference value :  3.04097e-07
 Reference value :  3.04397e-07
 Reference value :  3.04647e-07
 Reference value :  3.04927e-07
 Reference value :  3.05217e-07
 Reference value :  3.05522e-07
 Reference value :  3.05822e-07
 Reference value :  3.06112e-07
 Reference value :  3.06447e-07
 Reference value :  3.06822e-07
 Reference value :  3.07137e-07
 Reference value :  3.07447e-07
 Reference value :  3.07752e-07
 Reference value :  3.08082e-07
 Reference value :  3.08392e-07
 Reference value :  3.08697e-07
 Reference value :  3.08962e-07
 Reference value :  3.09217e-07
 Reference value :  3.09477e-07
 Reference value :  3.09787e-07
 Reference value :  3.10097e-07
 Reference value :  3.10392e-07
 Reference value :  3.10707e-07
 Reference value :  3.11007e-07
 Reference value :  3.11317e-07
 Reference value :  3.11612e-07
 Reference value :  3.11902e-07
 Reference value :  3.12182e-07
 Reference value :  3.12497e-07
 Reference value :  3.12797e-07
 Reference value :  3.13112e-07
 Reference value :  3.13407e-07
 Reference value :  3.13702e-07
 Reference value :  3.14007e-07
 Reference value :  3.14332e-07
 Reference value :  3.14582e-07
 Reference value :  3.14877e-07
 Reference value :  3.15222e-07
 Reference value :  3.15497e-07
 Reference value :  3.15772e-07
 Reference value :  3.16052e-07
 Reference value :  3.16307e-07
 Reference value :  3.16587e-07
 Reference value :  3.16862e-07
 Reference value :  3.17162e-07
 Reference value :  3.17432e-07
 Reference value :  3.17717e-07
 Reference value :  3.18007e-07
 Reference value :  3.18302e-07
 Reference value :  3.18582e-07
 Reference value :  3.18952e-07
 Reference value :  3.19197e-07
 Reference value :  3.19437e-07
 Reference value :  3.19727e-07
 Reference value :  3.20001e-07
 Reference value :  3.20257e-07
 Reference value :  3.20527e-07
 Reference value :  3.20792e-07
 Reference value :  3.21052e-07
 Reference value :  3.21317e-07
 Reference value :  3.21592e-07
 Reference value :  3.21867e-07
 Reference value :  3.22142e-07
 Reference value :  3.22412e-07
 Reference value :  3.22687e-07
 Reference value :  3.22962e-07
 Reference value :  3.23272e-07
 Reference value :  3.23612e-07
 Reference value :  3.23952e-07
 Reference value :  3.24287e-07
 Reference value :  3.24572e-07
 Reference value :  3.24927e-07
 Reference value :  3.25287e-07
 Reference value :  3.25622e-07
 Reference value :  3.25932e-07
 Reference value :  3.26312e-07
 Reference value :  3.26697e-07
 Reference value :  3.27062e-07
 Reference value :  3.27427e-07
 Reference value :  3.27837e-07
 Reference value :  3.28197e-07
 Reference value :  3.28537e-07
 Reference value :  3.28857e-07
 Reference value :  3.29187e-07
 Reference value :  3.29522e-07
 Reference value :  3.29842e-07
 Reference value :  3.30152e-07
 Reference value :  3.30572e-07
 Reference value :  3.30957e-07
 Reference value :  3.31387e-07
 Reference value :  3.31837e-07
 Reference value :  3.32247e-07
 Reference value :  3.32567e-07
 Reference value :  3.32907e-07
 Reference value :  3.33277e-07
 Reference value :  3.33607e-07
 Reference value :  3.33957e-07
 Reference value :  3.34392e-07
 Reference value :  3.34752e-07
 Reference value :  3.35112e-07
 Reference value :  3.35527e-07
 Reference value :  3.35952e-07
 Reference value :  3.36307e-07
 Reference value :  3.36647e-07
 Reference value :  3.36987e-07
 Reference value :  3.37312e-07
 Reference value :  3.37667e-07
 Reference value :  3.38042e-07
 Reference value :  3.38467e-07
 Reference value :  3.38877e-07
 Reference value :  3.39287e-07
 Reference value :  3.39747e-07
 Reference value :  3.40167e-07
 Reference value :  3.40502e-07
 Reference value :  3.40827e-07
 Reference value :  3.41162e-07
 Reference value :  3.41542e-07
 Reference value :  3.41927e-07
 Reference value :  3.42257e-07
 Reference value :  3.42622e-07
 Reference value :  3.43027e-07
 Reference value :  3.43467e-07
 Reference value :  3.43872e-07
 Reference value :  3.44232e-07
 Reference value :  3.44597e-07
 Reference value :  3.44917e-07
 Reference value :  3.45222e-07
 Reference value :  3.45607e-07
 Reference value :  3.45957e-07
 Reference value :  3.46327e-07
 Reference value :  3.46692e-07
 Reference value :  3.47127e-07
 Reference value :  3.47567e-07
 Reference value :  3.47927e-07
 Reference value :  3.48337e-07
 Reference value :  3.48662e-07
 Reference value :  3.48977e-07
 Reference value :  3.49302e-07
 Reference value :  3.49672e-07
 Reference value :  3.50012e-07
 Reference value :  3.50397e-07
 Reference value :  3.50777e-07
 Reference value :  3.51217e-07
 Reference value :  3.51652e-07
 Reference value :  3.52047e-07
 Reference value :  3.52447e-07
 Reference value :  3.52827e-07
 Reference value :  3.53267e-07
 Reference value :  3.53627e-07
 Reference value :  3.54037e-07
 Reference value :  3.54412e-07
 Reference value :  3.54777e-07
 Reference value :  3.55247e-07
 Reference value :  3.55737e-07
 Reference value :  3.56182e-07
 Reference value :  3.56567e-07
 Reference value :  3.56942e-07
 Reference value :  3.57332e-07
 Reference value :  3.57672e-07
 Reference value :  3.58012e-07
 Reference value :  3.58347e-07
 Reference value :  3.58737e-07
 Reference value :  3.59082e-07
 Reference value :  3.59527e-07
 Reference value :  3.59827e-07
 Reference value :  3.60217e-07
 Reference value :  3.60647e-07
 Reference value :  3.61017e-07
 Reference value :  3.61357e-07
 Reference value :  3.61712e-07
 Reference value :  3.62172e-07
 Reference value :  3.62577e-07
 Reference value :  3.62992e-07
 Reference value :  3.63387e-07
 Reference value :  3.63752e-07
 Reference value :  3.64177e-07
 Reference value :  3.64657e-07
 Reference value :  3.65017e-07
 Reference value :  3.65362e-07
 Reference value :  3.65797e-07
 Reference value :  3.66247e-07
 Reference value :  3.66637e-07
 Reference value :  3.67092e-07
 Reference value :  3.67492e-07
 Reference value :  3.67847e-07
 Reference value :  3.68317e-07
 Reference value :  3.68692e-07
 Reference value :  3.69087e-07
 Reference value :  3.69472e-07
 Reference value :  3.69932e-07
 Reference value :  3.70302e-07
 Reference value :  3.70652e-07
 Reference value :  3.71022e-07
 Reference value :  3.71382e-07
 Reference value :  3.71747e-07
 Reference value :  3.72117e-07
 Reference value :  3.72482e-07
 Reference value :  3.72862e-07
 Reference value :  3.73217e-07
 Reference value :  3.73557e-07
 Reference value :  3.73927e-07
 Reference value :  3.74302e-07
 Reference value :  3.74647e-07
 Reference value :  3.74992e-07
 Reference value :  3.75372e-07
 Reference value :  3.75727e-07
 Reference value :  3.76077e-07
 Reference value :  3.76442e-07
 Reference value :  3.76812e-07
 Reference value :  3.77177e-07
 Reference value :  3.77512e-07
 Reference value :  3.77862e-07
 Reference value :  3.78207e-07
 Reference value :  3.78567e-07
 Reference value :  3.78932e-07
 Reference value :  3.79307e-07
 Reference value :  3.79657e-07
 Reference value :  3.79997e-07
 Reference value :  3.80352e-07
 Reference value :  3.80652e-07
 Reference value :  3.81012e-07
 Reference value :  3.81397e-07
 Reference value :  3.81762e-07
 Reference value :  3.82102e-07
 Reference value :  3.82462e-07
 Reference value :  3.82817e-07
 Reference value :  3.83227e-07
 Reference value :  3.83587e-07
 Reference value :  3.83932e-07
 Reference value :  3.84287e-07
 Reference value :  3.84667e-07
 Reference value :  3.85032e-07
 Reference value :  3.85427e-07
 Reference value :  3.85782e-07
 Reference value :  3.86157e-07
 Reference value :  3.86497e-07
 Reference value :  3.86862e-07
 Reference value :  3.87217e-07
 Reference value :  3.87552e-07
 Reference value :  3.87882e-07
 Reference value :  3.88177e-07
 Reference value :  3.88497e-07
 Reference value :  3.88862e-07
 Reference value :  3.89157e-07
 Reference value :  3.89487e-07
 Reference value :  3.89797e-07
 Reference value :  3.90102e-07
 Reference value :  3.90447e-07
 Reference value :  3.90752e-07
 Reference value :  3.91062e-07
 Reference value :  3.91352e-07
 Reference value :  3.91662e-07
 Reference value :  3.91952e-07
 Reference value :  3.92232e-07
 Reference value :  3.92512e-07
 Reference value :  3.92837e-07
 Reference value :  3.93182e-07
 Reference value :  3.93462e-07
 Reference value :  3.93752e-07
 Reference value :  3.94042e-07
 Reference value :  3.94392e-07
 Reference value :  3.94712e-07
 Reference value :  3.95007e-07
 Reference value :  3.95332e-07
 Reference value :  3.95662e-07
 Reference value :  3.95952e-07
 Reference value :  3.96247e-07
 Reference value :  3.96572e-07
 Reference value :  3.96917e-07
 Reference value :  3.97267e-07
 Reference value :  3.97587e-07
 Reference value :  3.97902e-07
 Reference value :  3.98192e-07
 Reference value :  3.98567e-07
 Reference value :  3.98867e-07
 Reference value :  3.99157e-07
 Reference value :  3.99512e-07
 Reference value :  3.99832e-07
 Reference value :  4.00117e-07
 Reference value :  4.00462e-07
 Reference value :  4.00807e-07
 Reference value :  4.01137e-07
 Reference value :  4.01457e-07
 Reference value :  4.01742e-07
 Reference value :  4.02032e-07
 Reference value :  4.02367e-07
 Reference value :  4.02657e-07
 Reference value :  4.02947e-07
 Reference value :  4.03197e-07
 Reference value :  4.03452e-07
 Reference value :  4.03777e-07
 Reference value :  4.04062e-07
 Reference value :  4.04382e-07
 Reference value :  4.04732e-07
 Reference value :  4.05047e-07
 Reference value :  4.05352e-07
 Reference value :  4.05637e-07
 Reference value :  4.05937e-07
 Reference value :  4.06222e-07
 Reference value :  4.06532e-07
 Reference value :  4.06837e-07
 Reference value :  4.07122e-07
 Reference value :  4.07412e-07
 Reference value :  4.07722e-07
 Reference value :  4.07997e-07
 Reference value :  4.08297e-07
 Reference value :  4.08602e-07
 Reference value :  4.08907e-07
 Reference value :  4.09237e-07
 Reference value :  4.09542e-07
 Reference value :  4.09837e-07
 Reference value :  4.10107e-07
 Reference value :  4.10377e-07
 Reference value :  4.10637e-07
 Reference value :  4.10912e-07
 Reference value :  4.11202e-07
 Reference value :  4.11482e-07
 Reference value :  4.11747e-07
 Reference value :  4.12017e-07
 Reference value :  4.12332e-07
 Reference value :  4.12642e-07
 Reference value :  4.12942e-07
 Reference value :  4.13247e-07
 Reference value :  4.13522e-07
 Reference value :  4.13812e-07
 Reference value :  4.14102e-07
 Reference value :  4.14412e-07
 Reference value :  4.14707e-07
 Reference value :  4.15022e-07
 Reference value :  4.15337e-07
 Reference value :  4.15647e-07
 Reference value :  4.15947e-07
 Reference value :  4.16237e-07
 Reference value :  4.16532e-07
 Reference value :  4.16867e-07
 Reference value :  4.17207e-07
 Reference value :  4.17502e-07
 Reference value :  4.17812e-07
 Reference value :  4.18107e-07
 Reference value :  4.18397e-07
 Reference value :  4.18692e-07
 Reference value :  4.19017e-07
 Reference value :  4.19287e-07
 Reference value :  4.19572e-07
 Reference value :  4.19877e-07
 Reference value :  4.20137e-07
 Reference value :  4.20432e-07
 Reference value :  4.20717e-07
 Reference value :  4.21002e-07
 Reference value :  4.21292e-07
 Reference value :  4.21572e-07
 Reference value :  4.21862e-07
 Reference value :  4.22152e-07
 Reference value :  4.22447e-07
 Reference value :  4.22742e-07
 Reference value :  4.23027e-07
 Reference value :  4.23322e-07
 Reference value :  4.23627e-07
 Reference value :  4.23982e-07
 Reference value :  4.24362e-07
 Reference value :  4.24722e-07
 Reference value :  4.25062e-07
 Reference value :  4.25457e-07
 Reference value :  4.25882e-07
 Reference value :  4.26242e-07
 Reference value :  4.26557e-07
 Reference value :  4.26877e-07
 Reference value :  4.27217e-07
 Reference value :  4.27542e-07
 Reference value :  4.27862e-07
 Reference value :  4.28282e-07
 Reference value :  4.28672e-07
 Reference value :  4.29002e-07
 Reference value :  4.29402e-07
 Reference value :  4.29822e-07
 Reference value :  4.30202e-07
 Reference value :  4.30512e-07
 Reference value :  4.30797e-07
 Reference value :  4.31092e-07
 Reference value :  4.31407e-07
 Reference value :  4.31697e-07
 Reference value :  4.32027e-07
 Reference value :  4.32432e-07
 Reference value :  4.32787e-07
 Reference value :  4.33117e-07
 Reference value :  4.33532e-07
 Reference value :  4.33947e-07
 Reference value :  4.34292e-07
 Reference value :  4.34577e-07
 Reference value :  4.34867e-07
 Reference value :  4.35172e-07
 Reference value :  4.35492e-07
 Reference value :  4.35797e-07
 Reference value :  4.36137e-07
 Reference value :  4.36457e-07
 Reference value :  4.36787e-07
 Reference value :  4.37142e-07
 Reference value :  4.37457e-07
 Reference value :  4.37832e-07
 Reference value :  4.38202e-07
 Reference value :  4.38507e-07
 Reference value :  4.38802e-07
 Reference value :  4.39182e-07
 Reference value :  4.39597e-07
 Reference value :  4.39957e-07
 Reference value :  4.40277e-07
 Reference value :  4.40647e-07
 Reference value :  4.40987e-07
 Reference value :  4.41377e-07
 Reference value :  4.41707e-07
 Reference value :  4.42092e-07
 Reference value :  4.42412e-07
 Reference value :  4.42707e-07
 Reference value :  4.42997e-07
 Reference value :  4.43337e-07
 Reference value :  4.43722e-07
 Reference value :  4.43992e-07
 Reference value :  4.44337e-07
 Reference value :  4.44677e-07
 Reference value :  4.45037e-07
 Reference value :  4.45412e-07
 Reference value :  4.45777e-07
 Reference value :  4.46117e-07
 Reference value :  4.46467e-07
 Reference value :  4.46777e-07
 Reference value :  4.47172e-07
 Reference value :  4.47567e-07
 Reference value :  4.47867e-07
 Reference value :  4.48182e-07
 Reference value :  4.48552e-07
 Reference value :  4.48907e-07
 Reference value :  4.49282e-07
 Reference value :  4.49657e-07
 Reference value :  4.50017e-07
 Reference value :  4.50367e-07
 Reference value :  4.50707e-07
 Reference value :  4.51042e-07
 Reference value :  4.51392e-07
 Reference value :  4.51732e-07
 Reference value :  4.52122e-07
 Reference value :  4.52457e-07
 Reference value :  4.52777e-07
 Reference value :  4.53187e-07
 Reference value :  4.53602e-07
 Reference value :  4.53942e-07
 Reference value :  4.54277e-07
 Reference value :  4.54627e-07
 Reference value :  4.54947e-07
 Reference value :  4.55242e-07
 Reference value :  4.55547e-07
 Reference value :  4.55922e-07
 Reference value :  4.56247e-07
 Reference value :  4.56552e-07
 Reference value :  4.56912e-07
 Reference value :  4.57227e-07
 Reference value :  4.57582e-07
 Reference value :  4.57852e-07
 Reference value :  4.58177e-07
 Reference value :  4.58547e-07
 Reference value :  4.58897e-07
 Reference value :  4.59192e-07
 Reference value :  4.59457e-07
 Reference value :  4.59832e-07
 Reference value :  4.60222e-07
 Reference value :  4.60507e-07
 Reference value :  4.60857e-07
 Reference value :  4.61192e-07
 Reference value :  4.61522e-07
 Reference value :  4.61872e-07
 Reference value :  4.62237e-07
 Reference value :  4.62637e-07
 Reference value :  4.62922e-07
 Reference value :  4.63212e-07
 Reference value :  4.63487e-07
 Reference value :  4.63822e-07
 Reference value :  4.64207e-07
 Reference value :  4.64522e-07
 Reference value :  4.64937e-07
 Reference value :  4.65267e-07
 Reference value :  4.65627e-07
 Reference value :  4.65927e-07
 Reference value :  4.66312e-07
 Reference value :  4.66637e-07
 Reference value :  4.66992e-07
 Reference value :  4.67297e-07
 Reference value :  4.67692e-07
 Reference value :  4.68107e-07
 Reference value :  4.68442e-07
 Reference value :  4.68772e-07
 Reference value :  4.69097e-07
 Reference value :  4.69467e-07
 Reference value :  4.69782e-07
 Reference value :  4.70072e-07
 Reference value :  4.70377e-07
 Reference value :  4.70702e-07
 Reference value :  4.71042e-07
 Reference value :  4.71357e-07
 Reference value :  4.71657e-07
 Reference value :  4.71982e-07
 Reference value :  4.72317e-07
 Reference value :  4.72622e-07
 Reference value :  4.72907e-07
 Reference value :  4.73262e-07
 Reference value :  4.73582e-07
 Reference value :  4.73877e-07
 Reference value :  4.74167e-07
 Reference value :  4.74482e-07
 Reference value :  4.74792e-07
 Reference value :  4.75107e-07
 Reference value :  4.75417e-07
 Reference value :  4.75717e-07
 Reference value :  4.75992e-07
 Reference value :  4.76282e-07
 Reference value :  4.76587e-07
 Reference value :  4.76877e-07
 Reference value :  4.77217e-07
 Reference value :  4.77532e-07
 Reference value :  4.77817e-07
 Reference value :  4.78122e-07
 Reference value :  4.78437e-07
 Reference value :  4.78697e-07
 Reference value :  4.78987e-07
 Reference value :  4.79312e-07
 Reference value :  4.79592e-07
 Reference value :  4.79892e-07
 Reference value :  4.80172e-07
 Reference value :  4.80467e-07
 Reference value :  4.80782e-07
 Reference value :  4.81087e-07
 Reference value :  4.81413e-07
 Reference value :  4.81693e-07
 Reference value :  4.81998e-07
 Reference value :  4.82328e-07
 Reference value :  4.82658e-07
 Reference value :  4.82958e-07
 Reference value :  4.83298e-07
 Reference value :  4.83608e-07
 Reference value :  4.83948e-07
 Reference value :  4.84233e-07
 Reference value :  4.84518e-07
 Reference value :  4.84823e-07
 Reference value :  4.85123e-07
 Reference value :  4.85408e-07
 Reference value :  4.85713e-07
 Reference value :  4.85988e-07
 Reference value :  4.86268e-07
 Reference value :  4.86563e-07
 Reference value :  4.86883e-07
 Reference value :  4.87193e-07
 Reference value :  4.87513e-07
 Reference value :  4.87808e-07
 Reference value :  4.88068e-07
 Reference value :  4.88373e-07
 Reference value :  4.88658e-07
 Reference value :  4.88933e-07
 Reference value :  4.89193e-07
 Reference value :  4.89473e-07
 Reference value :  4.89758e-07
 Reference value :  4.90018e-07
 Reference value :  4.90303e-07
 Reference value :  4.90653e-07
 Reference value :  4.91013e-07
 Reference value :  4.91343e-07
 Reference value :  4.91628e-07
 Reference value :  4.91913e-07
 Reference value :  4.92223e-07
 Reference value :  4.92573e-07
 Reference value :  4.92833e-07
 Reference value :  4.93103e-07
 Reference value :  4.93418e-07
 Reference value :  4.93713e-07
 Reference value :  4.94003e-07
 Reference value :  4.94298e-07
 Reference value :  4.94668e-07
 Reference value :  4.95058e-07
 Reference value :  4.95388e-07
 Reference value :  4.95698e-07
 Reference value :  4.96008e-07
 Reference value :  4.96368e-07
 Reference value :  4.96713e-07
 Reference value :  4.97023e-07
 Reference value :  4.97328e-07
 Reference value :  4.97633e-07
 Reference value :  4.97918e-07
 Reference value :  4.98203e-07
 Reference value :  4.98558e-07
 Reference value :  4.98898e-07
 Reference value :  4.99208e-07
 Reference value :  4.99478e-07
 Reference value :  4.99758e-07
 Reference value :  5.00053e-07
 Reference value :  5.00363e-07
 Reference value :  5.00643e-07
 Reference value :  5.00928e-07
 Reference value :  5.01188e-07
 Reference value :  5.01493e-07
 Reference value :  5.01818e-07
 Reference value :  5.02098e-07
 Reference value :  5.02383e-07
 Reference value :  5.02723e-07
 Reference value :  5.03013e-07
 Reference value :  5.03313e-07
 Reference value :  5.03638e-07
 Reference value :  5.03943e-07
 Reference value :  5.04233e-07
 Reference value :  5.04533e-07
 Reference value :  5.04838e-07
 Reference value :  5.05113e-07
 Reference value :  5.05393e-07
 Reference value :  5.05708e-07
 Reference value :  5.06008e-07
 Reference value :  5.06288e-07
 Reference value :  5.06593e-07
 Reference value :  5.06888e-07
 Reference value :  5.07198e-07
 Reference value :  5.07518e-07
 Reference value :  5.07828e-07
 Reference value :  5.08118e-07
 Reference value :  5.08418e-07
 Reference value :  5.08718e-07
 Reference value :  5.08998e-07
 Reference value :  5.09288e-07
 Reference value :  5.09573e-07
 Reference value :  5.09858e-07
 Reference value :  5.10188e-07
 Reference value :  5.10503e-07
 Reference value :  5.10778e-07
 Reference value :  5.11083e-07
 Reference value :  5.11413e-07
 Reference value :  5.11703e-07
 Reference value :  5.12008e-07
 Reference value :  5.12303e-07
 Reference value :  5.12608e-07
 Reference value :  5.12903e-07
 Reference value :  5.13228e-07
 Reference value :  5.13528e-07
 Reference value :  5.13828e-07
 Reference value :  5.14113e-07
 Reference value :  5.14403e-07
 Reference value :  5.14723e-07
 Reference value :  5.15068e-07
 Reference value :  5.15388e-07
 Reference value :  5.15688e-07
 Reference value :  5.15993e-07
 Reference value :  5.16293e-07
 Reference value :  5.16583e-07
 Reference value :  5.16873e-07
 Reference value :  5.17143e-07
 Reference value :  5.17418e-07
 Reference value :  5.17688e-07
 Reference value :  5.17973e-07
 Reference value :  5.18253e-07
 Reference value :  5.18543e-07
 Reference value :  5.18898e-07
 Reference value :  5.19243e-07
 Reference value :  5.19598e-07
 Reference value :  5.19918e-07
 Reference value :  5.20238e-07
 Reference value :  5.20558e-07
 Reference value :  5.20878e-07
 Reference value :  5.21203e-07
 Reference value :  5.21528e-07
 Reference value :  5.21848e-07
 Reference value :  5.22168e-07
 Reference value :  5.22483e-07
 Reference value :  5.22793e-07
 Reference value :  5.23113e-07
 Reference value :  5.23418e-07
 Reference value :  5.23713e-07
 Reference value :  5.24068e-07
 Reference value :  5.24428e-07
 Reference value :  5.24763e-07
 Reference value :  5.25103e-07
 Reference value :  5.25458e-07
 Reference value :  5.25803e-07
 Reference value :  5.26223e-07
 Reference value :  5.26653e-07
 Reference value :  5.27023e-07
 Reference value :  5.27438e-07
 Reference value :  5.27878e-07
 Reference value :  5.28278e-07
 Reference value :  5.28608e-07
 Reference value :  5.29018e-07
 Reference value :  5.29378e-07
 Reference value :  5.29703e-07
 Reference value :  5.30053e-07
 Reference value :  5.30468e-07
 Reference value :  5.30883e-07
 Reference value :  5.31293e-07
 Reference value :  5.31753e-07
 Reference value :  5.32208e-07
 Reference value :  5.32563e-07
 Reference value :  5.32898e-07
 Reference value :  5.33228e-07
 Reference value :  5.33593e-07
 Reference value :  5.33968e-07
 Reference value :  5.34333e-07
 Reference value :  5.34713e-07
 Reference value :  5.35118e-07
 Reference value :  5.35528e-07
 Reference value :  5.36008e-07
 Reference value :  5.36398e-07
 Reference value :  5.36743e-07
 Reference value :  5.37078e-07
 Reference value :  5.37493e-07
 Reference value :  5.37883e-07
 Reference value :  5.38218e-07
 Reference value :  5.38658e-07
 Reference value :  5.39068e-07
 Reference value :  5.39508e-07
 Reference value :  5.39943e-07
 Reference value :  5.40373e-07
 Reference value :  5.40748e-07
 Reference value :  5.41068e-07
 Reference value :  5.41438e-07
 Reference value :  5.41828e-07
 Reference value :  5.42168e-07
 Reference value :  5.42488e-07
 Reference value :  5.42863e-07
 Reference value :  5.43313e-07
 Reference value :  5.43753e-07
 Reference value :  5.44133e-07
 Reference value :  5.44508e-07
 Reference value :  5.44833e-07
 Reference value :  5.45163e-07
 Reference value :  5.45543e-07
 Reference value :  5.45888e-07
 Reference value :  5.46223e-07
 Reference value :  5.46588e-07
 Reference value :  5.46998e-07
 Reference value :  5.47468e-07
 Reference value :  5.47938e-07
 Reference value :  5.48328e-07
 Reference value :  5.48748e-07
 Reference value :  5.49083e-07
 Reference value :  5.49413e-07
 Reference value :  5.49773e-07
 Reference value :  5.50193e-07
 Reference value :  5.50593e-07
 Reference value :  5.50983e-07
 Reference value :  5.51438e-07
 Reference value :  5.51838e-07
 Reference value :  5.52193e-07
 Reference value :  5.52583e-07
 Reference value :  5.52958e-07
 Reference value :  5.53298e-07
 Reference value :  5.53713e-07
 Reference value :  5.54178e-07
 Reference value :  5.54503e-07
 Reference value :  5.54923e-07
 Reference value :  5.55308e-07
 Reference value :  5.55683e-07
 Reference value :  5.56043e-07
 Reference value :  5.56478e-07
 Reference value :  5.56888e-07
 Reference value :  5.57233e-07
 Reference value :  5.57568e-07
 Reference value :  5.58013e-07
 Reference value :  5.58403e-07
 Reference value :  5.58843e-07
 Reference value :  5.59263e-07
 Reference value :  5.59623e-07
 Reference value :  5.59958e-07
 Reference value :  5.60368e-07
 Reference value :  5.60773e-07
 Reference value :  5.61133e-07
 Reference value :  5.61468e-07
 Reference value :  5.61853e-07
 Reference value :  5.62298e-07
 Reference value :  5.62673e-07
 Reference value :  5.63108e-07
 Reference value :  5.63483e-07
 Reference value :  5.63838e-07
 Reference value :  5.64238e-07
 Reference value :  5.64623e-07
 Reference value :  5.65038e-07
 Reference value :  5.65443e-07
 Reference value :  5.65908e-07
 Reference value :  5.66328e-07
 Reference value :  5.66683e-07
 Reference value :  5.67038e-07
 Reference value :  5.67473e-07
 Reference value :  5.67863e-07
 Reference value :  5.68273e-07
 Reference value :  5.68703e-07
 Reference value :  5.69128e-07
 Reference value :  5.69508e-07
 Reference value :  5.69901e-07
 Reference value :  5.70248e-07
 Reference value :  5.70593e-07
 Reference value :  5.70898e-07
 Reference value :  5.71308e-07
 Reference value :  5.71673e-07
 Reference value :  5.72023e-07
 Reference value :  5.72348e-07
 Reference value :  5.72723e-07
 Reference value :  5.73148e-07
 Reference value :  5.73488e-07
 Reference value :  5.73828e-07
 Reference value :  5.74183e-07
 Reference value :  5.74523e-07
 Reference value :  5.74868e-07
 Reference value :  5.75243e-07
 Reference value :  5.75593e-07
 Reference value :  5.75938e-07
 Reference value :  5.76323e-07
 Reference value :  5.76693e-07
 Reference value :  5.77098e-07
 Reference value :  5.77473e-07
 Reference value :  5.77813e-07
 Reference value :  5.78148e-07
 Reference value :  5.78518e-07
 Reference value :  5.78883e-07
 Reference value :  5.79263e-07
 Reference value :  5.79633e-07
 Reference value :  5.80013e-07
 Reference value :  5.80363e-07
 Reference value :  5.80733e-07
 Reference value :  5.81088e-07
 Reference value :  5.81483e-07
 Reference value :  5.81838e-07
 Reference value :  5.82203e-07
 Reference value :  5.82528e-07
 Reference value :  5.82888e-07
 Reference value :  5.83233e-07
 Reference value :  5.83593e-07
 Reference value :  5.83948e-07
 Reference value :  5.84283e-07
 Reference value :  5.84663e-07
 Reference value :  5.85043e-07
 Reference value :  5.85408e-07
 Reference value :  5.85743e-07
 Reference value :  5.86088e-07
 Reference value :  5.86443e-07
 Reference value :  5.86773e-07
 Reference value :  5.87113e-07
 Reference value :  5.87443e-07
 Reference value :  5.87758e-07
 Reference value :  5.88063e-07
 Reference value :  5.88413e-07
 Reference value :  5.88808e-07
 Reference value :  5.89213e-07
 Reference value :  5.89548e-07
 Reference value :  5.89858e-07
 Reference value :  5.90173e-07
 Reference value :  5.90573e-07
 Reference value :  5.90883e-07
 Reference value :  5.91208e-07
 Reference value :  5.91558e-07
 Reference value :  5.91898e-07
 Reference value :  5.92228e-07
 Reference value :  5.92593e-07
 Reference value :  5.93043e-07
 Reference value :  5.93428e-07
 Reference value :  5.93783e-07
 Reference value :  5.94133e-07
 Reference value :  5.94548e-07
 Reference value :  5.94853e-07
 Reference value :  5.95173e-07
 Reference value :  5.95518e-07
 Reference value :  5.95853e-07
 Reference value :  5.96173e-07
 Reference value :  5.96578e-07
 Reference value :  5.96983e-07
 Reference value :  5.97333e-07
 Reference value :  5.97688e-07
 Reference value :  5.98033e-07
 Reference value :  5.98368e-07
 Reference value :  5.98708e-07
 Reference value :  5.99058e-07
 Reference value :  5.99388e-07
 Reference value :  5.99763e-07
 Reference value :  6.00088e-07
 Reference value :  6.00453e-07
 Reference value :  6.00848e-07
 Reference value :  6.01188e-07
 Reference value :  6.01563e-07
 Reference value :  6.01873e-07
 Reference value :  6.02208e-07
 Reference value :  6.02548e-07
 Reference value :  6.02898e-07
 Reference value :  6.03223e-07
 Reference value :  6.03558e-07
 Reference value :  6.03918e-07
 Reference value :  6.04243e-07
 Reference value :  6.04593e-07
 Reference value :  6.04923e-07
 Reference value :  6.05248e-07
 Reference value :  6.05563e-07
 Reference value :  6.05818e-07
 Reference value :  6.06088e-07
 Reference value :  6.06358e-07
 Reference value :  6.06658e-07
 Reference value :  6.06908e-07
 Reference value :  6.07143e-07
 Reference value :  6.07403e-07
 Reference value :  6.07688e-07
 Reference value :  6.07993e-07
 Reference value :  6.08293e-07
 Reference value :  6.08603e-07
 Reference value :  6.08923e-07
 Reference value :  6.09263e-07
 Reference value :  6.09553e-07
 Reference value :  6.09838e-07
 Reference value :  6.10138e-07
 Reference value :  6.10453e-07
 Reference value :  6.10753e-07
 Reference value :  6.11038e-07
 Reference value :  6.11373e-07
 Reference value :  6.11663e-07
 Reference value :  6.11953e-07
 Reference value :  6.12243e-07
 Reference value :  6.12523e-07
 Reference value :  6.12873e-07
 Reference value :  6.13198e-07
 Reference value :  6.13508e-07
 Reference value :  6.13788e-07
 Reference value :  6.14103e-07
 Reference value :  6.14358e-07
 Reference value :  6.14613e-07
 Reference value :  6.14888e-07
 Reference value :  6.15178e-07
 Reference value :  6.15443e-07
 Reference value :  6.15723e-07
 Reference value :  6.16013e-07
 Reference value :  6.16288e-07
 Reference value :  6.16603e-07
 Reference value :  6.16973e-07
 Reference value :  6.17273e-07
 Reference value :  6.17568e-07
 Reference value :  6.17843e-07
 Reference value :  6.18153e-07
 Reference value :  6.18438e-07
 Reference value :  6.18713e-07
 Reference value :  6.18998e-07
 Reference value :  6.19313e-07
 Reference value :  6.19638e-07
 Reference value :  6.19948e-07
 Reference value :  6.20233e-07
 Reference value :  6.20528e-07
 Reference value :  6.20813e-07
 Reference value :  6.21098e-07
 Reference value :  6.21373e-07
 Reference value :  6.21653e-07
 Reference value :  6.21933e-07
 Reference value :  6.22213e-07
 Reference value :  6.22473e-07
 Reference value :  6.22728e-07
 Reference value :  6.22998e-07
 Reference value :  6.23263e-07
 Reference value :  6.23533e-07
 Reference value :  6.23813e-07
 Reference value :  6.24118e-07
 Reference value :  6.24503e-07
 Reference value :  6.24828e-07
 Reference value :  6.25193e-07
 Reference value :  6.25478e-07
 Reference value :  6.25783e-07
 Reference value :  6.26163e-07
 Reference value :  6.26483e-07
 Reference value :  6.26783e-07
 Reference value :  6.27073e-07
 Reference value :  6.27378e-07
 Reference value :  6.27743e-07
 Reference value :  6.28093e-07
 Reference value :  6.28468e-07
 Reference value :  6.28758e-07
 Reference value :  6.29058e-07
 Reference value :  6.29458e-07
 Reference value :  6.29848e-07
 Reference value :  6.30248e-07
 Reference value :  6.30548e-07
 Reference value :  6.30813e-07
 Reference value :  6.31093e-07
 Reference value :  6.31423e-07
 Reference value :  6.31728e-07
 Reference value :  6.32038e-07
 Reference value :  6.32348e-07
 Reference value :  6.32708e-07
 Reference value :  6.33018e-07
 Reference value :  6.33343e-07
 Reference value :  6.33748e-07
 Reference value :  6.34123e-07
 Reference value :  6.34463e-07
 Reference value :  6.34758e-07
 Reference value :  6.35038e-07
 Reference value :  6.35383e-07
 Reference value :  6.35743e-07
 Reference value :  6.36038e-07
 Reference value :  6.36333e-07
 Reference value :  6.36608e-07
 Reference value :  6.36913e-07
 Reference value :  6.37293e-07
 Reference value :  6.37603e-07
 Reference value :  6.37998e-07
 Reference value :  6.38358e-07
 Reference value :  6.38658e-07
 Reference value :  6.38983e-07
 Reference value :  6.39373e-07
 Reference value :  6.39753e-07
 Reference value :  6.40043e-07
 Reference value :  6.40318e-07
 Reference value :  6.40608e-07
 Reference value :  6.40943e-07
 Reference value :  6.41333e-07
 Reference value :  6.41718e-07
 Reference value :  6.42058e-07
 Reference value :  6.42418e-07
 Reference value :  6.42743e-07
 Reference value :  6.43093e-07
 Reference value :  6.43478e-07
 Reference value :  6.43773e-07
 Reference value :  6.44118e-07
 Reference value :  6.44513e-07
 Reference value :  6.44838e-07
 Reference value :  6.45238e-07
 Reference value :  6.45633e-07
 Reference value :  6.45983e-07
 Reference value :  6.46293e-07
 Reference value :  6.46638e-07
 Reference value :  6.46948e-07
 Reference value :  6.47298e-07
 Reference value :  6.47598e-07
 Reference value :  6.47883e-07
 Reference value :  6.48163e-07
 Reference value :  6.48463e-07
 Reference value :  6.48768e-07
 Reference value :  6.49128e-07
 Reference value :  6.49468e-07
 Reference value :  6.49793e-07
 Reference value :  6.50118e-07
 Reference value :  6.50413e-07
 Reference value :  6.50763e-07
 Reference value :  6.51063e-07
 Reference value :  6.51358e-07
 Reference value :  6.51628e-07
 Reference value :  6.51888e-07
 Reference value :  6.52163e-07
 Reference value :  6.52453e-07
 Reference value :  6.52778e-07
 Reference value :  6.53113e-07
 Reference value :  6.53478e-07
 Reference value :  6.53788e-07
 Reference value :  6.54103e-07
 Reference value :  6.54453e-07
 Reference value :  6.54788e-07
 Reference value :  6.55078e-07
 Reference value :  6.55438e-07
 Reference value :  6.55803e-07
 Reference value :  6.56183e-07
 Reference value :  6.56498e-07
 Reference value :  6.56853e-07
 Reference value :  6.57208e-07
 Reference value :  6.57533e-07
 Reference value :  6.57888e-07
 Reference value :  6.58208e-07
 Reference value :  6.58568e-07
 Reference value :  6.58863e-07
 Reference value :  6.59173e-07
 Reference value :  6.59443e-07
 Reference value :  6.59723e-07
 Reference value :  6.60053e-07
 Reference value :  6.60388e-07
 Reference value :  6.60718e-07
 Reference value :  6.61083e-07
 Reference value :  6.61423e-07
 Reference value :  6.61728e-07
 Reference value :  6.62028e-07
 Reference value :  6.62403e-07
 Reference value :  6.62748e-07
 Reference value :  6.63103e-07
 Reference value :  6.63493e-07
 Reference value :  6.63903e-07
 Reference value :  6.64288e-07
 Reference value :  6.64588e-07
 Reference value :  6.64903e-07
 Reference value :  6.65233e-07
 Reference value :  6.65578e-07
 Reference value :  6.65883e-07
 Reference value :  6.66208e-07
 Reference value :  6.66548e-07
 Reference value :  6.66928e-07
 Reference value :  6.67268e-07
 Reference value :  6.67588e-07
 Reference value :  6.67973e-07
 Reference value :  6.68323e-07
 Reference value :  6.68643e-07
 Reference value :  6.68953e-07
 Reference value :  6.69223e-07
 Reference value :  6.69548e-07
 Reference value :  6.69858e-07
 Reference value :  6.70108e-07
 Reference value :  6.70408e-07
 Reference value :  6.70733e-07
 Reference value :  6.71038e-07
 Reference value :  6.71348e-07
 Reference value :  6.71653e-07
 Reference value :  6.71948e-07
 Reference value :  6.72268e-07
 Reference value :  6.72563e-07
 Reference value :  6.72863e-07
 Reference value :  6.73173e-07
 Reference value :  6.73523e-07
 Reference value :  6.73798e-07
 Reference value :  6.74133e-07
 Reference value :  6.74438e-07
 Reference value :  6.74718e-07
 Reference value :  6.75063e-07
 Reference value :  6.75398e-07
 Reference value :  6.75703e-07
 Reference value :  6.76003e-07
 Reference value :  6.76283e-07
 Reference value :  6.76568e-07
 Reference value :  6.76868e-07
 Reference value :  6.77148e-07
 Reference value :  6.77458e-07
 Reference value :  6.77758e-07
 Reference value :  6.78023e-07
 Reference value :  6.78298e-07
 Reference value :  6.78573e-07
 Reference value :  6.78868e-07
 Reference value :  6.79178e-07
 Reference value :  6.79493e-07
 Reference value :  6.79788e-07
 Reference value :  6.80088e-07
 Reference value :  6.80368e-07
 Reference value :  6.80673e-07
 Reference value :  6.81003e-07
 Reference value :  6.81293e-07
 Reference value :  6.81578e-07
 Reference value :  6.81858e-07
 Reference value :  6.82133e-07
 Reference value :  6.82418e-07
 Reference value :  6.82753e-07
 Reference value :  6.83078e-07
 Reference value :  6.83393e-07
 Reference value :  6.83703e-07
 Reference value :  6.83993e-07
 Reference value :  6.84313e-07
 Reference value :  6.84603e-07
 Reference value :  6.84868e-07
 Reference value :  6.85153e-07
 Reference value :  6.85423e-07
 Reference value :  6.85743e-07
 Reference value :  6.86028e-07
 Reference value :  6.86318e-07
 Reference value :  6.86608e-07
 Reference value :  6.86933e-07
 Reference value :  6.87253e-07
 Reference value :  6.87543e-07
 Reference value :  6.87843e-07
 Reference value :  6.88143e-07
 Reference value :  6.88478e-07
 Reference value :  6.88773e-07
 Reference value :  6.89058e-07
 Reference value :  6.89343e-07
 Reference value :  6.89668e-07
 Reference value :  6.89958e-07
 Reference value :  6.90258e-07
 Reference value :  6.90648e-07
 Reference value :  6.91008e-07
 Reference value :  6.91343e-07
 Reference value :  6.91653e-07
 Reference value :  6.91943e-07
 Reference value :  6.92278e-07
 Reference value :  6.92598e-07
 Reference value :  6.92883e-07
 Reference value :  6.93168e-07
 Reference value :  6.93468e-07
 Reference value :  6.93768e-07
 Reference value :  6.94043e-07
 Reference value :  6.94313e-07
 Reference value :  6.94623e-07
 Reference value :  6.94958e-07
 Reference value :  6.95268e-07
 Reference value :  6.95568e-07
 Reference value :  6.95868e-07
 Reference value :  6.96173e-07
 Reference value :  6.96463e-07
 Reference value :  6.96753e-07
 Reference value :  6.97063e-07
 Reference value :  6.97353e-07
 Reference value :  6.97658e-07
 Reference value :  6.97933e-07
 Reference value :  6.98213e-07
 Reference value :  6.98538e-07
 Reference value :  6.98878e-07
 Reference value :  6.99173e-07
 Reference value :  6.99503e-07
 Reference value :  6.99798e-07
 Reference value :  7.00103e-07
 Reference value :  7.00393e-07
 Reference value :  7.00698e-07
 Reference value :  7.01003e-07
 Reference value :  7.01298e-07
 Reference value :  7.01603e-07
 Reference value :  7.01933e-07
 Reference value :  7.02208e-07
 Reference value :  7.02528e-07
 Reference value :  7.02828e-07
 Reference value :  7.03163e-07
 Reference value :  7.03523e-07
 Reference value :  7.03818e-07
 Reference value :  7.04088e-07
 Reference value :  7.04383e-07
 Reference value :  7.04718e-07
 Reference value :  7.05033e-07
 Reference value :  7.05338e-07
 Reference value :  7.05628e-07
 Reference value :  7.05953e-07
 Reference value :  7.06288e-07
 Reference value :  7.06603e-07
 Reference value :  7.06923e-07
 Reference value :  7.07253e-07
 Reference value :  7.07558e-07
 Reference value :  7.07838e-07
 Reference value :  7.08113e-07
 Reference value :  7.08403e-07
 Reference value :  7.08703e-07
 Reference value :  7.08988e-07
 Reference value :  7.09308e-07
 Reference value :  7.09613e-07
 Reference value :  7.09913e-07
 Reference value :  7.10208e-07
 Reference value :  7.10503e-07
 Reference value :  7.10848e-07
 Reference value :  7.11178e-07
 Reference value :  7.11468e-07
 Reference value :  7.11793e-07
 Reference value :  7.12123e-07
 Reference value :  7.12413e-07
 Reference value :  7.12713e-07
 Reference value :  7.12998e-07
 Reference value :  7.13363e-07
 Reference value :  7.13678e-07
 Reference value :  7.13988e-07
 Reference value :  7.14283e-07
 Reference value :  7.14593e-07
 Reference value :  7.14913e-07
 Reference value :  7.15228e-07
 Reference value :  7.15553e-07
 Reference value :  7.15883e-07
 Reference value :  7.16208e-07
 Reference value :  7.16523e-07
 Reference value :  7.16828e-07
 Reference value :  7.17123e-07
 Reference value :  7.17433e-07
 Reference value :  7.17718e-07
 Reference value :  7.18003e-07
 Reference value :  7.18323e-07
 Reference value :  7.18613e-07
 Reference value :  7.18913e-07
 Reference value :  7.19218e-07
 Reference value :  7.19508e-07
 Reference value :  7.19778e-07
 Reference value :  7.20078e-07
 Reference value :  7.20338e-07
 Reference value :  7.20613e-07
 Reference value :  7.20893e-07
 Reference value :  7.21168e-07
 Reference value :  7.21438e-07
 Reference value :  7.21708e-07
 Reference value :  7.21978e-07
 Reference value :  7.22248e-07
 Reference value :  7.22518e-07
 Reference value :  7.22793e-07
 Reference value :  7.23068e-07
 Reference value :  7.23343e-07
 Reference value :  7.23633e-07
 Reference value :  7.23988e-07
 Reference value :  7.24333e-07
 Reference value :  7.24613e-07
 Reference value :  7.24883e-07
 Reference value :  7.25183e-07
 Reference value :  7.25473e-07
 Reference value :  7.25763e-07
 Reference value :  7.26093e-07
 Reference value :  7.26458e-07
 Reference value :  7.26788e-07
 Reference value :  7.27108e-07
 Reference value :  7.27503e-07
 Reference value :  7.27863e-07
 Reference value :  7.28248e-07
 Reference value :  7.28553e-07
 Reference value :  7.28888e-07
 Reference value :  7.29188e-07
 Reference value :  7.29533e-07
 Reference value :  7.29858e-07
 Reference value :  7.30168e-07
 Reference value :  7.30493e-07
 Reference value :  7.30833e-07
 Reference value :  7.31148e-07
 Reference value :  7.31483e-07
 Reference value :  7.31853e-07
 Reference value :  7.32223e-07
 Reference value :  7.32543e-07
 Reference value :  7.32838e-07
 Reference value :  7.33153e-07
 Reference value :  7.33548e-07
 Reference value :  7.33908e-07
 Reference value :  7.34253e-07
 Reference value :  7.34723e-07
 Reference value :  7.35138e-07
 Reference value :  7.35548e-07
 Reference value :  7.36003e-07
 Reference value :  7.36428e-07
 Reference value :  7.36773e-07
 Reference value :  7.37108e-07
 Reference value :  7.37478e-07
 Reference value :  7.37878e-07
 Reference value :  7.38213e-07
 Reference value :  7.38528e-07
 Reference value :  7.38878e-07
 Reference value :  7.39328e-07
 Reference value :  7.39743e-07
 Reference value :  7.40143e-07
 Reference value :  7.40578e-07
 Reference value :  7.40943e-07
 Reference value :  7.41268e-07
 Reference value :  7.41638e-07
 Reference value :  7.42003e-07
 Reference value :  7.42373e-07
 Reference value :  7.42773e-07
 Reference value :  7.43208e-07
 Reference value :  7.43703e-07
 Reference value :  7.44093e-07
 Reference value :  7.44483e-07
 Reference value :  7.44888e-07
 Reference value :  7.45243e-07
 Reference value :  7.45613e-07
 Reference value :  7.46088e-07
 Reference value :  7.46478e-07
 Reference value :  7.46898e-07
 Reference value :  7.47373e-07
 Reference value :  7.47803e-07
 Reference value :  7.48188e-07
 Reference value :  7.48608e-07
 Reference value :  7.48998e-07
 Reference value :  7.49348e-07
 Reference value :  7.49678e-07
 Reference value :  7.50013e-07
 Reference value :  7.50373e-07
 Reference value :  7.50743e-07
 Reference value :  7.51143e-07
 Reference value :  7.51578e-07
 Reference value :  7.51938e-07
 Reference value :  7.52318e-07
 Reference value :  7.52708e-07
 Reference value :  7.53093e-07
 Reference value :  7.53438e-07
 Reference value :  7.53783e-07
 Reference value :  7.54123e-07
 Reference value :  7.54458e-07
 Reference value :  7.54878e-07
 Reference value :  7.55283e-07
 Reference value :  7.55658e-07
 Reference value :  7.56013e-07
 Reference value :  7.56443e-07
 Reference value :  7.56828e-07
 Reference value :  7.57258e-07
 Reference value :  7.57733e-07
 Reference value :  7.58208e-07
 Reference value :  7.58608e-07
 Reference value :  7.59063e-07
 Reference value :  7.59483e-07
 Reference value :  7.59873e-07
 Reference value :  7.60288e-07
 Reference value :  7.60678e-07
 Reference value :  7.61113e-07
 Reference value :  7.61523e-07
 Reference value :  7.62013e-07
 Reference value :  7.62438e-07
 Reference value :  7.62808e-07
 Reference value :  7.63188e-07
 Reference value :  7.63598e-07
 Reference value :  7.63938e-07
 Reference value :  7.64308e-07
 Reference value :  7.64758e-07
 Reference value :  7.65198e-07
 Reference value :  7.65573e-07
 Reference value :  7.66008e-07
 Reference value :  7.66423e-07
 Reference value :  7.66793e-07
 Reference value :  7.67158e-07
 Reference value :  7.67528e-07
 Reference value :  7.67923e-07
 Reference value :  7.68278e-07
 Reference value :  7.68758e-07
 Reference value :  7.69218e-07
 Reference value :  7.69573e-07
 Reference value :  7.69913e-07
 Reference value :  7.70253e-07
 Reference value :  7.70603e-07
 Reference value :  7.70948e-07
 Reference value :  7.71343e-07
 Reference value :  7.71718e-07
 Reference value :  7.72093e-07
 Reference value :  7.72453e-07
 Reference value :  7.72783e-07
 Reference value :  7.73188e-07
 Reference value :  7.73573e-07
 Reference value :  7.73933e-07
 Reference value :  7.74303e-07
 Reference value :  7.74688e-07
 Reference value :  7.75058e-07
 Reference value :  7.75433e-07
 Reference value :  7.75793e-07
 Reference value :  7.76173e-07
 Reference value :  7.76523e-07
 Reference value :  7.76903e-07
 Reference value :  7.77298e-07
 Reference value :  7.77693e-07
 Reference value :  7.78068e-07
 Reference value :  7.78418e-07
 Reference value :  7.78763e-07
 Reference value :  7.79123e-07
 Reference value :  7.79478e-07
 Reference value :  7.79868e-07
 Reference value :  7.80223e-07
 Reference value :  7.80618e-07
 Reference value :  7.81008e-07
 Reference value :  7.81378e-07
 Reference value :  7.81758e-07
 Reference value :  7.82113e-07
 Reference value :  7.82473e-07
 Reference value :  7.82848e-07
 Reference value :  7.83213e-07
 Reference value :  7.83578e-07
 Reference value :  7.83953e-07
 Reference value :  7.84293e-07
 Reference value :  7.84678e-07
 Reference value :  7.85098e-07
 Reference value :  7.85493e-07
 Reference value :  7.85838e-07
 Reference value :  7.86188e-07
 Reference value :  7.86563e-07
 Reference value :  7.86908e-07
 Reference value :  7.87263e-07
 Reference value :  7.87618e-07
 Reference value :  7.87998e-07
 Reference value :  7.88363e-07
 Reference value :  7.88778e-07
 Reference value :  7.89198e-07
 Reference value :  7.89583e-07
 Reference value :  7.89953e-07
 Reference value :  7.90318e-07
 Reference value :  7.90703e-07
 Reference value :  7.91063e-07
 Reference value :  7.91403e-07
 Reference value :  7.91773e-07
 Reference value :  7.92118e-07
 Reference value :  7.92473e-07
 Reference value :  7.92873e-07
 Reference value :  7.93253e-07
 Reference value :  7.93628e-07
 Reference value :  7.93978e-07
 Reference value :  7.94348e-07
 Reference value :  7.94723e-07
 Reference value :  7.95093e-07
 Reference value :  7.95438e-07
 Reference value :  7.95798e-07
 Reference value :  7.96113e-07
 Reference value :  7.96443e-07
 Reference value :  7.96818e-07
 Reference value :  7.97173e-07
 Reference value :  7.97598e-07
 Reference value :  7.97953e-07
 Reference value :  7.98283e-07
 Reference value :  7.98643e-07
 Reference value :  7.99028e-07
 Reference value :  7.99368e-07
 Reference value :  7.99703e-07
No. of Data Rows : 160090
pt1a                =  1.88262e-08
pt1b                =  1.12784e-07
pt2a                =  1.84264e-08
pt2b                =  1.09220e-07
pt3a                =  1.81284e-08
pt3b                =  1.06102e-07
pt4a                =  1.76914e-08
pt4b                =  1.03440e-07
pvxo_max            =  1.65733e+00 at=  5.32523e-07
pvxo_min            =  -5.57640e-02 at=  6.26673e-07
ptxo_a              =  3.29121e-08
ptxo_b              =  1.98330e-07
pvxo_avg            =  8.17045e-01 from=  1.00000e-07 to=  8.00000e-07
p_vrst_bit          =  2.98725e-06 at=  2.15868e-07
p_vrst_valid        =  5.59868e-09 at=  2.49753e-07
p_vrst_r1           =  4.04214e-07 at=  1.69358e-07
p_vrst_r2           =  4.37929e-07 at=  6.10025e-08
p_vrst_r3           =  4.79457e-07 at=  1.12238e-07
p_vrst_r4           =  3.36196e-06 at=  9.50975e-08
p_bit_400n          =  1.62000e+00
p_bit_500n          =  1.62001e+00
p_bit_600n          =  1.62000e+00
p_bit_700n          =  1.62000e+00
p_bit_800n          =  5.87607e-09
p_valid_400n        =  1.62000e+00
p_r1_400n           =  1.62000e+00
p_r2_400n           =  1.62000e+00
p_r3_400n           =  1.62000e+00
p_r4_400n           =  1.62000e+00
pi1_rst             =  -5.49782e-06 from=  5.00000e-08 to=  2.50003e-07
pi2_rst             =  -5.68565e-06 from=  5.00000e-08 to=  2.50003e-07
pi3_rst             =  -5.86947e-06 from=  5.00000e-08 to=  2.50003e-07
pi4_rst             =  -6.02928e-06 from=  5.00000e-08 to=  2.50003e-07
pib_rst             =  -6.89806e-05 from=  5.00000e-08 to=  2.50003e-07
pi1_act             =  -5.50872e-06 from=  4.00000e-07 to=  8.00000e-07
pi2_act             =  -5.68580e-06 from=  4.00000e-07 to=  8.00000e-07
pi3_act             =  -5.86453e-06 from=  4.00000e-07 to=  8.00000e-07
pi4_act             =  -6.03389e-06 from=  4.00000e-07 to=  8.00000e-07
pib_act             =  -7.20655e-05 from=  4.00000e-07 to=  8.00000e-07
t1a                 =  1.56716e-08
t1b                 =  5.82333e-08
t2a                 =  1.52529e-08
t2b                 =  5.60613e-08
t3a                 =  1.48493e-08
t3b                 =  5.40257e-08
t4a                 =  1.44815e-08
t4b                 =  5.21265e-08
vxo_max             =  1.77974e+00 at=  5.36343e-07
vxo_min             =  -1.68420e-01 at=  6.45993e-07
txo_a               =  2.94721e-10
txo_b               =  8.86963e-08
vxo_avg             =  6.55025e-01 from=  1.00000e-07 to=  8.00000e-07
vrst_bit            =  7.75006e-05 at=  5.84975e-08
vrst_valid          =  6.02290e-09 at=  2.42433e-07
vrst_r1             =  1.01613e-05 at=  7.10725e-08
vrst_r2             =  1.05884e-05 at=  1.41818e-07
vrst_r3             =  1.04280e-05 at=  6.19275e-08
vrst_r4             =  1.08219e-05 at=  2.32878e-07
bit_400n            =  1.62000e+00
bit_500n            =  1.61997e+00
bit_600n            =  1.62000e+00
bit_700n            =  -6.97134e-06
bit_800n            =  1.62000e+00
valid_400n          =  1.62000e+00
r1_400n             =  1.62000e+00
r2_400n             =  5.58084e-09
r3_400n             =  8.60856e-09
r4_400n             =  1.62000e+00
i1_rst              =  -6.22897e-06 from=  5.00000e-08 to=  2.50003e-07
i2_rst              =  -6.46265e-06 from=  5.00000e-08 to=  2.50003e-07
i3_rst              =  -6.69956e-06 from=  5.00000e-08 to=  2.50003e-07
i4_rst              =  -6.93371e-06 from=  5.00000e-08 to=  2.50003e-07
ib_rst              =  -4.73369e-05 from=  5.00000e-08 to=  2.50003e-07
i1_act              =  -6.22416e-06 from=  4.00000e-07 to=  8.00000e-07
i2_act              =  -6.45828e-06 from=  4.00000e-07 to=  8.00000e-07
i3_act              =  -6.69366e-06 from=  4.00000e-07 to=  8.00000e-07
i4_act              =  -6.93050e-06 from=  4.00000e-07 to=  8.00000e-07
ib_act              =  -5.18301e-05 from=  4.00000e-07 to=  8.00000e-07
p_tr1 = 9.395791e-09
p_tr2 = 9.079348e-09
p_tr3 = 8.797382e-09
p_tr4 = 8.574847e-09
p_f_ideal = 4.468610e+08
p_f_xo = 2.901741e+08
p_edge_retention = 6.493610e-01
p_bias_xo = 5.043486e-01
p_swing_frac_xo = 1.057466e+00
p_vrst_bit = 2.987252e-06
p_vrst_valid = 5.598676e-09
p_vrst_r1 = 4.042143e-07
p_vrst_r2 = 4.379292e-07
p_vrst_r3 = 4.794570e-07
p_vrst_r4 = 3.361957e-06
p_bit_400n = 1.620000e+00
p_bit_500n = 1.620008e+00
p_bit_600n = 1.620000e+00
p_bit_700n = 1.620005e+00
p_bit_800n = 5.876068e-09
p_valid_400n = 1.620000e+00
p_r1_400n = 1.620000e+00
p_r2_400n = 1.619999e+00
p_r3_400n = 1.620000e+00
p_r4_400n = 1.620000e+00
p_i_rings_rst = 2.308221e-05
p_i_block_rst = 6.898061e-05
p_i_total_rst = 9.206282e-05
p_i_rings_act = 2.309294e-05
p_i_block_act = 7.206548e-05
p_i_total_act = 9.515842e-05
tr1 = 4.256169e-09
tr2 = 4.080845e-09
tr3 = 3.917637e-09
tr4 = 3.764508e-09
f_ideal = 1.000895e+09
f_xo = 5.429768e+08
edge_retention = 5.424912e-01
bias_xo = 4.043365e-01
swing_frac_xo = 1.202570e+00
vrst_bit = 7.750062e-05
vrst_valid = 6.022895e-09
vrst_r1 = 1.016131e-05
vrst_r2 = 1.058837e-05
vrst_r3 = 1.042797e-05
vrst_r4 = 1.082193e-05
bit_400n = 1.620000e+00
bit_500n = 1.619967e+00
bit_600n = 1.620000e+00
bit_700n = -6.97134e-06
bit_800n = 1.620000e+00
valid_400n = 1.620000e+00
r1_400n = 1.620000e+00
r2_400n = 5.580840e-09
r3_400n = 8.608557e-09
r4_400n = 1.620000e+00
i_rings_rst = 2.632489e-05
i_block_rst = 4.733691e-05
i_total_rst = 7.366180e-05
i_rings_act = 2.630661e-05
i_block_act = 5.183008e-05
i_total_act = 7.813669e-05
slowdown_r1 = 2.207570e+00
slowdown_r2 = 2.224870e+00
slowdown_r3 = 2.245584e+00
slowdown_r4 = 2.277813e+00
i_total_act_ratio = 1.217846e+00
i_total_rst_ratio = 1.249804e+00
Note: Simulation executed from .control section 

----- stderr -----

