OpenROAD 26Q3-1510-g6cb3f2b704 
Features included (+) or not (-): +GPU +GUI +Python
This program is licensed under the BSD-3 license. See the LICENSE file for details.
Components of this program may be licensed under more restrictive licenses which must be honored.
[INFO DRT-0149] Reading tech and libs.
[WARNING DRT-0349] LEF58_ENCLOSURE with no CUTCLASS is not supported. Skipping for layer mcon
[WARNING DRT-0349] LEF58_ENCLOSURE with no CUTCLASS is not supported. Skipping for layer mcon
[WARNING DRT-0349] LEF58_ENCLOSURE with no CUTCLASS is not supported. Skipping for layer via
[WARNING DRT-0349] LEF58_ENCLOSURE with no CUTCLASS is not supported. Skipping for layer via
[WARNING DRT-0349] LEF58_ENCLOSURE with no CUTCLASS is not supported. Skipping for layer via2
[WARNING DRT-0349] LEF58_ENCLOSURE with no CUTCLASS is not supported. Skipping for layer via2
[WARNING DRT-0349] LEF58_ENCLOSURE with no CUTCLASS is not supported. Skipping for layer via3
[WARNING DRT-0349] LEF58_ENCLOSURE with no CUTCLASS is not supported. Skipping for layer via3
[WARNING DRT-0349] LEF58_ENCLOSURE with no CUTCLASS is not supported. Skipping for layer via4
[WARNING DRT-0349] LEF58_ENCLOSURE with no CUTCLASS is not supported. Skipping for layer via4

Units:                1000
Number of layers:     13
Number of macros:     437
Number of vias:       29
Number of viarulegen: 25

[INFO DRT-0150] Reading design.
[WARNING DRT-0120] Large net rst_n has 457 pins which may impact routing performance. Consider optimization.

Design:                   trng_digital
Die area:                 ( 0 0 ) ( 245050 245050 )
Number of track patterns: 12
Number of DEF vias:       0
Number of components:     3042
Number of terminals:      113
Number of snets:          2
Number of nets:           2334

[INFO DRT-0167] List of default vias:
  Layer via
    default via: M1M2_PR
  Layer via2
    default via: M2M3_PR
  Layer via3
    default via: M3M4_PR
  Layer via4
    default via: M4M5_PR
[INFO DRT-0162] Library cell analysis.
[INFO DRT-0163] Instance analysis.
[INFO DRT-0164] Number of unique instances = 110.
[INFO DRT-0168] Init region query.
[INFO DRT-0024]   Complete FR_MASTERSLICE.
[INFO DRT-0024]   Complete licon.
[INFO DRT-0024]   Complete li1.
[INFO DRT-0024]   Complete mcon.
[INFO DRT-0024]   Complete met1.
[INFO DRT-0024]   Complete via.
[INFO DRT-0024]   Complete met2.
[INFO DRT-0024]   Complete via2.
[INFO DRT-0024]   Complete met3.
[INFO DRT-0024]   Complete via3.
[INFO DRT-0024]   Complete met4.
[INFO DRT-0024]   Complete via4.
[INFO DRT-0024]   Complete met5.
[INFO DRT-0033] FR_MASTERSLICE shape region query size = 0.
[INFO DRT-0033] licon shape region query size = 0.
[INFO DRT-0033] li1 shape region query size = 77374.
[INFO DRT-0033] mcon shape region query size = 0.
[INFO DRT-0033] met1 shape region query size = 13327.
[INFO DRT-0033] via shape region query size = 3700.
[INFO DRT-0033] met2 shape region query size = 2249.
[INFO DRT-0033] via2 shape region query size = 2960.
[INFO DRT-0033] met3 shape region query size = 2302.
[INFO DRT-0033] via3 shape region query size = 2960.
[INFO DRT-0033] met4 shape region query size = 902.
[INFO DRT-0033] via4 shape region query size = 145.
[INFO DRT-0033] met5 shape region query size = 179.
[INFO DRT-0165] Start pin access.
[INFO DRT-0078]   Complete 878 pins.
[INFO DRT-0079]   Complete 100 unique inst patterns.
[INFO DRT-0081]   Complete 110 unique inst patterns.
[INFO DRT-0084]   Complete 1753 groups.
#scanned instances     = 3042
#unique  instances     = 110
#stdCellGenAp          = 3273
#stdCellValidPlanarAp  = 18
#stdCellValidViaAp     = 2606
#stdCellPinNoAp        = 0
#stdCellPinCnt         = 8403
#instTermValidViaApCnt = 0
#macroGenAp            = 0
#macroValidPlanarAp    = 0
#macroValidViaAp       = 0
#macroNoAp             = 0
[INFO DRT-0166] Complete pin access.
[INFO DRT-0267] cpu time = 00:00:39, elapsed time = 00:00:39, memory = 247.38 (MB), peak = 247.20 (MB)

[INFO DRT-0157] Number of guides:     18023

[INFO DRT-0169] Post process guides.
[INFO DRT-0176] GCELLGRID X 0 DO 35 STEP 6900 ;
[INFO DRT-0177] GCELLGRID Y 0 DO 35 STEP 6900 ;
[INFO DRT-0028]   Complete FR_MASTERSLICE.
[INFO DRT-0028]   Complete licon.
[INFO DRT-0028]   Complete li1.
[INFO DRT-0028]   Complete mcon.
[INFO DRT-0028]   Complete met1.
[INFO DRT-0028]   Complete via.
[INFO DRT-0028]   Complete met2.
[INFO DRT-0028]   Complete via2.
[INFO DRT-0028]   Complete met3.
[INFO DRT-0028]   Complete via3.
[INFO DRT-0028]   Complete met4.
[INFO DRT-0028]   Complete via4.
[INFO DRT-0028]   Complete met5.
[INFO DRT-0178] Init guide query.
[INFO DRT-0035]   Complete FR_MASTERSLICE (guide).
[INFO DRT-0035]   Complete licon (guide).
[INFO DRT-0035]   Complete li1 (guide).
[INFO DRT-0035]   Complete mcon (guide).
[INFO DRT-0035]   Complete met1 (guide).
[INFO DRT-0035]   Complete via (guide).
[INFO DRT-0035]   Complete met2 (guide).
[INFO DRT-0035]   Complete via2 (guide).
[INFO DRT-0035]   Complete met3 (guide).
[INFO DRT-0035]   Complete via3 (guide).
[INFO DRT-0035]   Complete met4 (guide).
[INFO DRT-0035]   Complete via4 (guide).
[INFO DRT-0035]   Complete met5 (guide).
[INFO DRT-0036] FR_MASTERSLICE guide region query size = 0.
[INFO DRT-0036] licon guide region query size = 0.
[INFO DRT-0036] li1 guide region query size = 6369.
[INFO DRT-0036] mcon guide region query size = 0.
[INFO DRT-0036] met1 guide region query size = 5831.
[INFO DRT-0036] via guide region query size = 0.
[INFO DRT-0036] met2 guide region query size = 2888.
[INFO DRT-0036] via2 guide region query size = 0.
[INFO DRT-0036] met3 guide region query size = 121.
[INFO DRT-0036] via3 guide region query size = 0.
[INFO DRT-0036] met4 guide region query size = 17.
[INFO DRT-0036] via4 guide region query size = 0.
[INFO DRT-0036] met5 guide region query size = 0.
[INFO DRT-0179] Init gr pin query.
[INFO DRT-0267] cpu time = 00:00:00, elapsed time = 00:00:00, memory = 253.14 (MB), peak = 252.82 (MB)
[INFO DRT-0245] skipped writing guide updates to database.
[INFO DRT-0181] Start track assignment.
[INFO DRT-0184] Done with 9274 vertical wires in 1 frboxes and 5952 horizontal wires in 1 frboxes.
[INFO DRT-0186] Done with 1287 vertical wires in 1 frboxes and 1875 horizontal wires in 1 frboxes.
[INFO DRT-0182] Complete track assignment.
[INFO DRT-0267] cpu time = 00:00:00, elapsed time = 00:00:00, memory = 275.08 (MB), peak = 274.82 (MB)
[INFO DRT-0187] Start routing data preparation.
[INFO DRT-0267] cpu time = 00:00:00, elapsed time = 00:00:00, memory = 275.08 (MB), peak = 274.82 (MB)
[INFO DRT-0194] Start detail routing.
[INFO DRT-0195] Start 0th optimization iteration.
    Completing 10% with 0 violations.
    elapsed time = 00:00:10, memory = 321.76 (MB).
    Completing 20% with 0 violations.
    elapsed time = 00:00:19, memory = 331.04 (MB).
    Completing 30% with 0 violations.
    elapsed time = 00:00:21, memory = 343.91 (MB).
    Completing 40% with 432 violations.
    elapsed time = 00:00:24, memory = 370.67 (MB).
    Completing 50% with 432 violations.
    elapsed time = 00:00:37, memory = 370.67 (MB).
    Completing 60% with 432 violations.
    elapsed time = 00:00:38, memory = 370.67 (MB).
    Completing 70% with 687 violations.
    elapsed time = 00:00:59, memory = 373.08 (MB).
    Completing 80% with 687 violations.
    elapsed time = 00:01:04, memory = 373.08 (MB).
    Completing 90% with 1099 violations.
    elapsed time = 00:01:16, memory = 373.35 (MB).
    Completing 100% with 1400 violations.
    elapsed time = 00:01:29, memory = 390.66 (MB).
[INFO DRT-0199]   Number of violations = 1759.
Viol/Layer         li1   mcon   met1    via   met2   met3   met4
Cut Spacing          0      4      0      0      0      0      0
Metal Spacing        0      0    272      0     96      4      0
Min Hole             0      0      4      0      1      0      0
Recheck              4      0    265      0     89      1      0
Short                0      0    826      3    179      0     11
[INFO DRT-0267] cpu time = 00:01:29, elapsed time = 00:01:29, memory = 635.25 (MB), peak = 634.39 (MB)
Total wire length = 66931 um.
Total wire length on LAYER li1 = 0 um.
Total wire length on LAYER met1 = 30169 um.
Total wire length on LAYER met2 = 32364 um.
Total wire length on LAYER met3 = 3211 um.
Total wire length on LAYER met4 = 1186 um.
Total wire length on LAYER met5 = 0 um.
Total number of vias = 17542.
Up-via summary (total 17542):

------------------------
 FR_MASTERSLICE        0
            li1     8033
           met1     9173
           met2      287
           met3       49
           met4        0
------------------------
               17542


[INFO DRT-0195] Start 1st optimization iteration.
    Completing 10% with 1759 violations.
    elapsed time = 00:00:06, memory = 635.25 (MB).
    Completing 20% with 1759 violations.
    elapsed time = 00:00:27, memory = 635.25 (MB).
    Completing 30% with 1587 violations.
    elapsed time = 00:00:32, memory = 635.25 (MB).
    Completing 40% with 1587 violations.
    elapsed time = 00:00:43, memory = 635.25 (MB).
    Completing 50% with 1587 violations.
    elapsed time = 00:00:44, memory = 635.25 (MB).
    Completing 60% with 1401 violations.
    elapsed time = 00:01:12, memory = 635.25 (MB).
    Completing 70% with 1401 violations.
    elapsed time = 00:01:17, memory = 635.25 (MB).
    Completing 80% with 998 violations.
    elapsed time = 00:01:28, memory = 635.25 (MB).
    Completing 90% with 998 violations.
    elapsed time = 00:01:34, memory = 635.25 (MB).
    Completing 100% with 721 violations.
    elapsed time = 00:01:34, memory = 635.25 (MB).
[INFO DRT-0199]   Number of violations = 721.
Viol/Layer        met1   met2
Metal Spacing      126     47
Short              492     56
[INFO DRT-0267] cpu time = 00:01:35, elapsed time = 00:01:35, memory = 635.25 (MB), peak = 634.39 (MB)
Total wire length = 66349 um.
Total wire length on LAYER li1 = 0 um.
Total wire length on LAYER met1 = 29782 um.
Total wire length on LAYER met2 = 32220 um.
Total wire length on LAYER met3 = 3182 um.
Total wire length on LAYER met4 = 1165 um.
Total wire length on LAYER met5 = 0 um.
Total number of vias = 17377.
Up-via summary (total 17377):

------------------------
 FR_MASTERSLICE        0
            li1     8014
           met1     9048
           met2      262
           met3       53
           met4        0
------------------------
               17377


[INFO DRT-0195] Start 2nd optimization iteration.
    Completing 10% with 721 violations.
    elapsed time = 00:00:00, memory = 635.25 (MB).
    Completing 20% with 721 violations.
    elapsed time = 00:00:15, memory = 635.25 (MB).
    Completing 30% with 746 violations.
    elapsed time = 00:00:17, memory = 635.25 (MB).
    Completing 40% with 746 violations.
    elapsed time = 00:00:33, memory = 635.25 (MB).
    Completing 50% with 746 violations.
    elapsed time = 00:00:37, memory = 635.25 (MB).
    Completing 60% with 761 violations.
    elapsed time = 00:00:55, memory = 635.25 (MB).
    Completing 70% with 761 violations.
    elapsed time = 00:01:04, memory = 635.25 (MB).
    Completing 80% with 787 violations.
    elapsed time = 00:01:14, memory = 635.25 (MB).
    Completing 90% with 787 violations.
    elapsed time = 00:01:22, memory = 635.25 (MB).
    Completing 100% with 770 violations.
    elapsed time = 00:01:23, memory = 635.25 (MB).
[INFO DRT-0199]   Number of violations = 770.
Viol/Layer        mcon   met1   met2   met3
Cut Spacing          3      0      0      0
Metal Spacing        0    129     46      0
Short                0    526     64      2
[INFO DRT-0267] cpu time = 00:01:23, elapsed time = 00:01:23, memory = 635.63 (MB), peak = 634.89 (MB)
Total wire length = 66206 um.
Total wire length on LAYER li1 = 0 um.
Total wire length on LAYER met1 = 29771 um.
Total wire length on LAYER met2 = 32142 um.
Total wire length on LAYER met3 = 3164 um.
Total wire length on LAYER met4 = 1127 um.
Total wire length on LAYER met5 = 0 um.
Total number of vias = 17400.
Up-via summary (total 17400):

------------------------
 FR_MASTERSLICE        0
            li1     8016
           met1     9086
           met2      252
           met3       46
           met4        0
------------------------
               17400


[INFO DRT-0195] Start 3rd optimization iteration.
    Completing 10% with 770 violations.
    elapsed time = 00:00:12, memory = 635.63 (MB).
    Completing 20% with 770 violations.
    elapsed time = 00:00:28, memory = 635.63 (MB).
    Completing 30% with 770 violations.
    elapsed time = 00:00:29, memory = 635.63 (MB).
    Completing 40% with 672 violations.
    elapsed time = 00:00:31, memory = 635.63 (MB).
    Completing 50% with 672 violations.
    elapsed time = 00:00:35, memory = 635.63 (MB).
    Completing 60% with 672 violations.
    elapsed time = 00:00:37, memory = 635.63 (MB).
    Completing 70% with 558 violations.
    elapsed time = 00:00:57, memory = 635.63 (MB).
    Completing 80% with 558 violations.
    elapsed time = 00:01:01, memory = 635.63 (MB).
    Completing 90% with 415 violations.
    elapsed time = 00:01:05, memory = 635.63 (MB).
    Completing 100% with 268 violations.
    elapsed time = 00:01:14, memory = 635.63 (MB).
[INFO DRT-0199]   Number of violations = 268.
Viol/Layer        mcon   met1   met2
Cut Spacing          1      0      0
Metal Spacing        0     56     13
Short                0    185     13
[INFO DRT-0267] cpu time = 00:01:14, elapsed time = 00:01:14, memory = 635.63 (MB), peak = 634.89 (MB)
Total wire length = 66087 um.
Total wire length on LAYER li1 = 0 um.
Total wire length on LAYER met1 = 28237 um.
Total wire length on LAYER met2 = 32304 um.
Total wire length on LAYER met3 = 4306 um.
Total wire length on LAYER met4 = 1238 um.
Total wire length on LAYER met5 = 0 um.
Total number of vias = 17664.
Up-via summary (total 17664):

------------------------
 FR_MASTERSLICE        0
            li1     8018
           met1     9163
           met2      425
           met3       58
           met4        0
------------------------
               17664


[INFO DRT-0195] Start 4th optimization iteration.
    Completing 10% with 268 violations.
    elapsed time = 00:00:03, memory = 635.63 (MB).
    Completing 20% with 268 violations.
    elapsed time = 00:00:03, memory = 635.63 (MB).
    Completing 30% with 175 violations.
    elapsed time = 00:00:04, memory = 635.63 (MB).
    Completing 40% with 175 violations.
    elapsed time = 00:00:05, memory = 635.63 (MB).
    Completing 50% with 175 violations.
    elapsed time = 00:00:06, memory = 635.63 (MB).
    Completing 60% with 149 violations.
    elapsed time = 00:00:19, memory = 635.63 (MB).
    Completing 70% with 149 violations.
    elapsed time = 00:00:20, memory = 635.63 (MB).
    Completing 80% with 59 violations.
    elapsed time = 00:00:21, memory = 635.63 (MB).
    Completing 90% with 59 violations.
    elapsed time = 00:00:21, memory = 635.63 (MB).
    Completing 100% with 58 violations.
    elapsed time = 00:00:21, memory = 635.63 (MB).
[INFO DRT-0199]   Number of violations = 58.
Viol/Layer        met1   met2
Metal Spacing       19     12
Short               26      1
[INFO DRT-0267] cpu time = 00:00:21, elapsed time = 00:00:21, memory = 635.63 (MB), peak = 634.89 (MB)
Total wire length = 65987 um.
Total wire length on LAYER li1 = 0 um.
Total wire length on LAYER met1 = 27717 um.
Total wire length on LAYER met2 = 32216 um.
Total wire length on LAYER met3 = 4706 um.
Total wire length on LAYER met4 = 1346 um.
Total wire length on LAYER met5 = 0 um.
Total number of vias = 17759.
Up-via summary (total 17759):

------------------------
 FR_MASTERSLICE        0
            li1     8026
           met1     9159
           met2      506
           met3       68
           met4        0
------------------------
               17759


[INFO DRT-0195] Start 5th guides tiles iteration.
    Completing 30% with 58 violations.
    elapsed time = 00:00:00, memory = 635.63 (MB).
    Completing 60% with 58 violations.
    elapsed time = 00:00:00, memory = 635.63 (MB).
    Completing 100% with 0 violations.
    elapsed time = 00:00:00, memory = 635.63 (MB).
[INFO DRT-0199]   Number of violations = 0.
[INFO DRT-0267] cpu time = 00:00:00, elapsed time = 00:00:00, memory = 635.63 (MB), peak = 634.89 (MB)
Total wire length = 65975 um.
Total wire length on LAYER li1 = 0 um.
Total wire length on LAYER met1 = 27697 um.
Total wire length on LAYER met2 = 32210 um.
Total wire length on LAYER met3 = 4721 um.
Total wire length on LAYER met4 = 1345 um.
Total wire length on LAYER met5 = 0 um.
Total number of vias = 17759.
Up-via summary (total 17759):

------------------------
 FR_MASTERSLICE        0
            li1     8026
           met1     9157
           met2      508
           met3       68
           met4        0
------------------------
               17759


[INFO DRT-0198] Complete detail routing.
Total wire length = 65975 um.
Total wire length on LAYER li1 = 0 um.
Total wire length on LAYER met1 = 27697 um.
Total wire length on LAYER met2 = 32210 um.
Total wire length on LAYER met3 = 4721 um.
Total wire length on LAYER met4 = 1345 um.
Total wire length on LAYER met5 = 0 um.
Total number of vias = 17759.
Up-via summary (total 17759):

------------------------
 FR_MASTERSLICE        0
            li1     8026
           met1     9157
           met2      508
           met3       68
           met4        0
------------------------
               17759


[INFO DRT-0267] cpu time = 00:06:04, elapsed time = 00:06:04, memory = 635.63 (MB), peak = 634.89 (MB)

[INFO DRT-0180] Post processing.
[INFO DRT-0501] Runtime: 405.44s
[INFO GRT-0012] Found 1 antenna violations.
[INFO DPL-0006] Core area: 54877.63 um^2
[INFO DPL-0007] Movable instances area: 0.00 um^2
[INFO DPL-0008] Fixed instances area within core: 23587.62 um^2
[INFO DPL-0009] Utilization: 43.0%
[INFO DPL-0005] Diamond search max displacement: +/- 500 sites horizontally, +/- 100 rows vertically.
[INFO DPL-1102] Legalizing using negotiation legalizer.
[INFO DPL-1103] Negotiation base search window: +/-20 sites horizontally, +/-5 rows vertically 
	Automatic search window extension enabled.
	Search window extendable up to the max displacement cap of +/-500 sites, +/-100 rows near walls.
[INFO DPL-1104] NegotiationLegalizer DRC penalty: 5.
[INFO DPL-0392] Negotiation cell height distribution (1 unique row-count(s)):
[INFO DPL-0393]   height 1 row(s): 3043 cells
[INFO DPL-0500] Runtime: 0.01s
[INFO GRT-0015] Inserted 1 diodes.
[WARNING DRT-0120] Large net rst_n has 457 pins which may impact routing performance. Consider optimization.
[INFO DRT-0024]   Complete FR_MASTERSLICE.
[INFO DRT-0024]   Complete licon.
[INFO DRT-0024]   Complete li1.
[INFO DRT-0024]   Complete mcon.
[INFO DRT-0024]   Complete met1.
[INFO DRT-0024]   Complete via.
[INFO DRT-0024]   Complete met2.
[INFO DRT-0024]   Complete via2.
[INFO DRT-0024]   Complete met3.
[INFO DRT-0024]   Complete via3.
[INFO DRT-0024]   Complete met4.
[INFO DRT-0024]   Complete via4.
[INFO DRT-0024]   Complete met5.
[INFO DRT-0165] Start pin access.
[INFO DRT-0078]   Complete 883 pins.
[INFO DRT-0079]   Complete 100 unique inst patterns.
[INFO DRT-0081]   Complete 111 unique inst patterns.
[INFO DRT-0084]   Complete 1753 groups.
#scanned instances     = 3043
#unique  instances     = 111
#stdCellGenAp          = 3285
#stdCellValidPlanarAp  = 18
#stdCellValidViaAp     = 2618
#stdCellPinNoAp        = 0
#stdCellPinCnt         = 8403
#instTermValidViaApCnt = 0
#macroGenAp            = 0
#macroValidPlanarAp    = 0
#macroValidViaAp       = 0
#macroNoAp             = 0
[INFO DRT-0166] Complete pin access.
[INFO DRT-0267] cpu time = 00:00:41, elapsed time = 00:00:41, memory = 545.12 (MB), peak = 635.14 (MB)

[INFO DRT-0157] Number of guides:     18023

[INFO DRT-0169] Post process guides.
[INFO DRT-0176] GCELLGRID X 0 DO 35 STEP 6900 ;
[INFO DRT-0177] GCELLGRID Y 0 DO 35 STEP 6900 ;
[INFO DRT-0028]   Complete FR_MASTERSLICE.
[INFO DRT-0028]   Complete licon.
[INFO DRT-0028]   Complete li1.
[INFO DRT-0028]   Complete mcon.
[INFO DRT-0028]   Complete met1.
[INFO DRT-0028]   Complete via.
[INFO DRT-0028]   Complete met2.
[INFO DRT-0028]   Complete via2.
[INFO DRT-0028]   Complete met3.
[INFO DRT-0028]   Complete via3.
[INFO DRT-0028]   Complete met4.
[INFO DRT-0028]   Complete via4.
[INFO DRT-0028]   Complete met5.
[INFO DRT-0178] Init guide query.
[INFO DRT-0035]   Complete FR_MASTERSLICE (guide).
[INFO DRT-0035]   Complete licon (guide).
[INFO DRT-0035]   Complete li1 (guide).
[INFO DRT-0035]   Complete mcon (guide).
[INFO DRT-0035]   Complete met1 (guide).
[INFO DRT-0035]   Complete via (guide).
[INFO DRT-0035]   Complete met2 (guide).
[INFO DRT-0035]   Complete via2 (guide).
[INFO DRT-0035]   Complete met3 (guide).
[INFO DRT-0035]   Complete via3 (guide).
[INFO DRT-0035]   Complete met4 (guide).
[INFO DRT-0035]   Complete via4 (guide).
[INFO DRT-0035]   Complete met5 (guide).
[INFO DRT-0036] FR_MASTERSLICE guide region query size = 0.
[INFO DRT-0036] licon guide region query size = 0.
[INFO DRT-0036] li1 guide region query size = 6369.
[INFO DRT-0036] mcon guide region query size = 0.
[INFO DRT-0036] met1 guide region query size = 5831.
[INFO DRT-0036] via guide region query size = 0.
[INFO DRT-0036] met2 guide region query size = 2888.
[INFO DRT-0036] via2 guide region query size = 0.
[INFO DRT-0036] met3 guide region query size = 121.
[INFO DRT-0036] via3 guide region query size = 0.
[INFO DRT-0036] met4 guide region query size = 17.
[INFO DRT-0036] via4 guide region query size = 0.
[INFO DRT-0036] met5 guide region query size = 0.
[INFO DRT-0179] Init gr pin query.
[INFO DRT-0267] cpu time = 00:00:00, elapsed time = 00:00:00, memory = 545.12 (MB), peak = 635.14 (MB)
[INFO DRT-0245] skipped writing guide updates to database.
[INFO DRT-0181] Start track assignment.
[INFO DRT-0184] Done with 9274 vertical wires in 1 frboxes and 5952 horizontal wires in 1 frboxes.
[INFO DRT-0186] Done with 1307 vertical wires in 1 frboxes and 1853 horizontal wires in 1 frboxes.
[INFO DRT-0182] Complete track assignment.
[INFO DRT-0267] cpu time = 00:00:00, elapsed time = 00:00:00, memory = 545.12 (MB), peak = 635.14 (MB)
[INFO DRT-0187] Start routing data preparation.
[INFO DRT-0267] cpu time = 00:00:00, elapsed time = 00:00:00, memory = 545.12 (MB), peak = 635.14 (MB)
[INFO DRT-0194] Start detail routing.
[INFO DRT-0195] Start 0th optimization iteration.
    Completing 10% with 0 violations.
    elapsed time = 00:00:01, memory = 545.12 (MB).
    Completing 20% with 0 violations.
    elapsed time = 00:00:03, memory = 545.12 (MB).
    Completing 30% with 0 violations.
    elapsed time = 00:00:04, memory = 545.18 (MB).
    Completing 40% with 19 violations.
    elapsed time = 00:00:05, memory = 545.18 (MB).
    Completing 50% with 19 violations.
    elapsed time = 00:00:07, memory = 545.18 (MB).
    Completing 60% with 19 violations.
    elapsed time = 00:00:08, memory = 545.18 (MB).
    Completing 70% with 31 violations.
    elapsed time = 00:00:13, memory = 545.18 (MB).
    Completing 80% with 31 violations.
    elapsed time = 00:00:16, memory = 545.18 (MB).
    Completing 90% with 95 violations.
    elapsed time = 00:00:19, memory = 545.18 (MB).
    Completing 100% with 128 violations.
    elapsed time = 00:00:20, memory = 545.18 (MB).
[INFO DRT-0199]   Number of violations = 133.
Viol/Layer        met1   met2   met3
Metal Spacing       39     47      7
Recheck              0      3      2
Short               10     22      3
[INFO DRT-0267] cpu time = 00:00:20, elapsed time = 00:00:20, memory = 630.45 (MB), peak = 635.14 (MB)
Total wire length = 65973 um.
Total wire length on LAYER li1 = 0 um.
Total wire length on LAYER met1 = 27728 um.
Total wire length on LAYER met2 = 32225 um.
Total wire length on LAYER met3 = 4682 um.
Total wire length on LAYER met4 = 1336 um.
Total wire length on LAYER met5 = 0 um.
Total number of vias = 17771.
Up-via summary (total 17771):

------------------------
 FR_MASTERSLICE        0
            li1     8027
           met1     9163
           met2      513
           met3       68
           met4        0
------------------------
               17771


[INFO DRT-0195] Start 1st optimization iteration.
    Completing 10% with 133 violations.
    elapsed time = 00:00:01, memory = 630.45 (MB).
    Completing 20% with 133 violations.
    elapsed time = 00:00:04, memory = 630.45 (MB).
    Completing 30% with 123 violations.
    elapsed time = 00:00:05, memory = 630.45 (MB).
    Completing 40% with 123 violations.
    elapsed time = 00:00:07, memory = 630.45 (MB).
    Completing 50% with 123 violations.
    elapsed time = 00:00:07, memory = 630.45 (MB).
    Completing 60% with 123 violations.
    elapsed time = 00:00:12, memory = 630.45 (MB).
    Completing 70% with 123 violations.
    elapsed time = 00:00:13, memory = 630.45 (MB).
    Completing 80% with 27 violations.
    elapsed time = 00:00:16, memory = 630.45 (MB).
    Completing 90% with 27 violations.
    elapsed time = 00:00:17, memory = 630.45 (MB).
    Completing 100% with 11 violations.
    elapsed time = 00:00:18, memory = 630.45 (MB).
[INFO DRT-0199]   Number of violations = 11.
Viol/Layer        met2
Metal Spacing       11
[INFO DRT-0267] cpu time = 00:00:18, elapsed time = 00:00:18, memory = 630.45 (MB), peak = 635.14 (MB)
Total wire length = 65971 um.
Total wire length on LAYER li1 = 0 um.
Total wire length on LAYER met1 = 27698 um.
Total wire length on LAYER met2 = 32209 um.
Total wire length on LAYER met3 = 4713 um.
Total wire length on LAYER met4 = 1349 um.
Total wire length on LAYER met5 = 0 um.
Total number of vias = 17760.
Up-via summary (total 17760):

------------------------
 FR_MASTERSLICE        0
            li1     8028
           met1     9157
           met2      507
           met3       68
           met4        0
------------------------
               17760


[INFO DRT-0195] Start 2nd optimization iteration.
    Completing 10% with 11 violations.
    elapsed time = 00:00:00, memory = 630.45 (MB).
    Completing 20% with 11 violations.
    elapsed time = 00:00:00, memory = 630.45 (MB).
    Completing 30% with 11 violations.
    elapsed time = 00:00:00, memory = 630.45 (MB).
    Completing 40% with 11 violations.
    elapsed time = 00:00:00, memory = 630.45 (MB).
    Completing 50% with 11 violations.
    elapsed time = 00:00:00, memory = 630.45 (MB).
    Completing 60% with 11 violations.
    elapsed time = 00:00:01, memory = 630.45 (MB).
    Completing 70% with 11 violations.
    elapsed time = 00:00:01, memory = 630.45 (MB).
    Completing 80% with 0 violations.
    elapsed time = 00:00:01, memory = 544.99 (MB).
    Completing 90% with 0 violations.
    elapsed time = 00:00:01, memory = 544.99 (MB).
    Completing 100% with 0 violations.
    elapsed time = 00:00:01, memory = 544.99 (MB).
[INFO DRT-0199]   Number of violations = 0.
[INFO DRT-0267] cpu time = 00:00:01, elapsed time = 00:00:01, memory = 630.38 (MB), peak = 635.14 (MB)
Total wire length = 65971 um.
Total wire length on LAYER li1 = 0 um.
Total wire length on LAYER met1 = 27699 um.
Total wire length on LAYER met2 = 32210 um.
Total wire length on LAYER met3 = 4714 um.
Total wire length on LAYER met4 = 1346 um.
Total wire length on LAYER met5 = 0 um.
Total number of vias = 17760.
Up-via summary (total 17760):

------------------------
 FR_MASTERSLICE        0
            li1     8028
           met1     9157
           met2      507
           met3       68
           met4        0
------------------------
               17760


[INFO DRT-0198] Complete detail routing.
Total wire length = 65971 um.
Total wire length on LAYER li1 = 0 um.
Total wire length on LAYER met1 = 27699 um.
Total wire length on LAYER met2 = 32210 um.
Total wire length on LAYER met3 = 4714 um.
Total wire length on LAYER met4 = 1346 um.
Total wire length on LAYER met5 = 0 um.
Total number of vias = 17760.
Up-via summary (total 17760):

------------------------
 FR_MASTERSLICE        0
            li1     8028
           met1     9157
           met2      507
           met3       68
           met4        0
------------------------
               17760


[INFO DRT-0267] cpu time = 00:00:40, elapsed time = 00:00:40, memory = 630.38 (MB), peak = 635.14 (MB)

[INFO DRT-0180] Post processing.
[INFO DRT-0501] Runtime: 83.31s
===KLT_ANTENNA_VIOLATIONS_BEGIN===
[INFO ANT-0002] Found 0 net violations.
[INFO ANT-0001] Found 0 pin violations.
===KLT_ANTENNA_VIOLATIONS_END===
[INFO DPL-0001] Placed 5609 filler instances.
[WARNING EST-0026] Missing route to pin _3355_/D in net _0003_[4].
[WARNING EST-0026] Missing route to pin _1928_/Y in net _0003_[7].
[WARNING EST-0026] Missing route to pin _1959_/Y in net _0004_[11].
[WARNING EST-0026] Missing route to pin _3379_/D in net _0004_[12].
[WARNING EST-0026] Missing route to pin _3381_/D in net _0004_[14].
[WARNING EST-0026] Missing route to pin _1989_/Y in net _0004_[2].
[WARNING EST-0026] Missing route to pin _1979_/Y in net _0004_[5].
[WARNING EST-0026] Missing route to pin _1972_/Y in net _0004_[7].
[WARNING EST-0026] Missing route to pin _1969_/Y in net _0004_[8].
[WARNING EST-0026] Missing route to pin _3350_/D in net _0005_.
[WARNING EST-0026] Missing route to pin _3437_/D in net _0006_[2].
[WARNING EST-0026] Missing route to pin _2229_/Y in net _0006_[2].
[WARNING EST-0026] Missing route to pin _3444_/D in net _0006_[9].
[WARNING EST-0026] Missing route to pin _2868_/Y in net _0008_[14].
[WARNING EST-0026] Missing route to pin _3640_/D in net _0008_[15].
[WARNING EST-0026] Missing route to pin _3646_/D in net _0008_[21].
[WARNING EST-0026] Missing route to pin _3648_/D in net _0008_[23].
[WARNING EST-0026] Missing route to pin _3668_/D in net _0009_[11].
[WARNING EST-0026] Missing route to pin _3687_/D in net _0009_[30].
[WARNING EST-0026] Missing route to pin _3663_/D in net _0009_[6].
[WARNING EST-0026] Missing route to pin _2997_/Y in net _0009_[7].
[WARNING EST-0026] Missing route to pin _3705_/D in net _0010_[16].
[WARNING EST-0026] Missing route to pin _3691_/D in net _0010_[2].
[WARNING EST-0026] Missing route to pin _3692_/D in net _0010_[3].
[WARNING EST-0026] Missing route to pin _3046_/Y in net _0010_[4].
[WARNING EST-0026] Missing route to pin _3721_/D in net _0011_[0].
[WARNING EST-0026] Missing route to pin _1764_/Y in net _0011_[0].
[WARNING EST-0026] Missing route to pin _3732_/D in net _0011_[11].
[WARNING EST-0026] Missing route to pin _3722_/D in net _0011_[1].
[WARNING EST-0026] Missing route to pin _1702_/Y in net _0011_[20].
[WARNING EST-0026] Missing route to pin _3747_/D in net _0011_[26].
[WARNING EST-0026] Missing route to pin _1677_/Y in net _0011_[28].
[WARNING EST-0026] Missing route to pin _3723_/D in net _0011_[2].
[WARNING EST-0026] Missing route to pin _1732_/Y in net _0011_[9].
[WARNING EST-0026] Missing route to pin _2184_/Y in net _0013_[0].
[WARNING EST-0026] Missing route to pin _2110_/Y in net _0013_[24].
[WARNING EST-0026] Missing route to pin _2097_/Y in net _0013_[27].
[WARNING EST-0026] Missing route to pin _2169_/Y in net _0013_[5].
[WARNING EST-0026] Missing route to pin _2166_/Y in net _0013_[6].
[WARNING EST-0026] Missing route to pin _3150_/X in net _0015_[5].
[WARNING EST-0026] Missing route to pin _3514_/D in net _0017_[17].
[WARNING EST-0026] Missing route to pin _3520_/D in net _0017_[23].
[WARNING EST-0026] Missing route to pin _2473_/Y in net _0017_[26].
[WARNING EST-0026] Missing route to pin _3527_/D in net _0017_[30].
[WARNING EST-0026] Missing route to pin _2606_/Y in net _0017_[3].
[WARNING EST-0026] Missing route to pin _2587_/Y in net _0017_[6].
[WARNING EST-0026] Missing route to pin _3504_/D in net _0017_[7].
[WARNING EST-0026] Missing route to pin _2567_/Y in net _0017_[9].
[WARNING EST-0026] Missing route to pin _3553_/D in net _0018_[24].
[WARNING EST-0026] Missing route to pin _3571_/D in net _0019_[10].
[WARNING EST-0026] Missing route to pin _3562_/D in net _0019_[1].
[WARNING EST-0026] Missing route to pin _2747_/Y in net _0019_[27].
[WARNING EST-0026] Missing route to pin _3590_/D in net _0019_[29].
[WARNING EST-0026] Missing route to pin _2741_/Y in net _0019_[30].
[WARNING EST-0026] Missing route to pin _3169_/Y in net _0019_[31].
[WARNING EST-0026] Missing route to pin _3565_/D in net _0019_[4].
[WARNING EST-0026] Missing route to pin _3569_/D in net _0019_[8].
[WARNING EST-0026] Missing route to pin _3605_/D in net _0020_[12].
[WARNING EST-0026] Missing route to pin _3606_/D in net _0020_[13].
[WARNING EST-0026] Missing route to pin _3621_/D in net _0020_[28].
[WARNING EST-0026] Missing route to pin _3597_/D in net _0020_[4].
[WARNING EST-0026] Missing route to pin _3598_/D in net _0020_[5].
[WARNING EST-0026] Missing route to pin _3466_/D in net _0022_[15].
[WARNING EST-0026] Missing route to pin _3467_/D in net _0022_[16].
[WARNING EST-0026] Missing route to pin _3481_/D in net _0022_[30].
[WARNING EST-0026] Missing route to pin _1880_/Y in net _0024_[4].
[WARNING EST-0026] Missing route to pin _3395_/D in net _0026_[12].
[WARNING EST-0026] Missing route to pin _3386_/D in net _0026_[3].
[WARNING EST-0026] Missing route to pin _2042_/Y in net _0026_[9].
[WARNING EST-0026] Missing route to pin _3399_/D in net _0027_.
[WARNING EST-0026] Missing route to pin _3196_/Y in net _0030_.
[WARNING EST-0026] Missing route to pin _3323_/D in net _0033_.
[WARNING EST-0026] Missing route to pin _3319_/D in net _0037_.
[WARNING EST-0026] Missing route to pin _3318_/D in net _0038_.
[WARNING EST-0026] Missing route to pin _3213_/Y in net _0038_.
[WARNING EST-0026] Missing route to pin _3232_/X in net _0043_.
[WARNING EST-0026] Missing route to pin _3311_/D in net _0045_.
[WARNING EST-0026] Missing route to pin _3299_/D in net _0057_.
[WARNING EST-0026] Missing route to pin _1477_/Y in net _0064_.
[WARNING EST-0026] Missing route to pin _3549_/CLK in net clknet_leaf_42_clk.
[WARNING EST-0026] Missing route to pin _1483_/X in net _0069_.
[WARNING EST-0026] Missing route to pin _1491_/Y in net _0076_.
[WARNING EST-0026] Missing route to pin _1497_/Y in net _0081_.
[WARNING EST-0026] Missing route to pin _1498_/X in net _0082_.
[WARNING EST-0026] Missing route to pin _1499_/Y in net _0083_.
[WARNING EST-0026] Missing route to pin _2468_/A in net _0084_.
[WARNING EST-0026] Missing route to pin _1500_/Y in net _0084_.
[WARNING EST-0026] Missing route to pin _1511_/Y in net _0093_.
[WARNING EST-0026] Missing route to pin _1514_/Y in net _0096_.
[WARNING EST-0026] Missing route to pin _1516_/Y in net _0097_.
[WARNING EST-0026] Missing route to pin _1518_/Y in net _0099_.
[WARNING EST-0026] Missing route to pin _2431_/B in net net67.
[WARNING EST-0026] Missing route to pin _1520_/X in net _0101_.
[WARNING EST-0026] Missing route to pin _3386_/CLK in net clknet_leaf_47_clk.
[WARNING EST-0026] Missing route to pin _3341_/CLK in net clknet_leaf_47_clk.
[WARNING EST-0026] Missing route to pin _1537_/Y in net _0116_.
[WARNING EST-0026] Missing route to pin _1552_/X in net _0128_.
[WARNING EST-0026] Missing route to pin _1568_/Y in net _0141_.
[WARNING EST-0026] Missing route to pin _1572_/Y in net _0145_.
[WARNING EST-0026] Missing route to pin _1590_/Y in net _0159_.
[WARNING EST-0026] Missing route to pin _1594_/Y in net _0162_.
[WARNING EST-0026] Missing route to pin _1598_/Y in net _0165_.
[WARNING EST-0026] Missing route to pin _1606_/X in net _0171_.
[WARNING EST-0026] Missing route to pin _1607_/Y in net _0172_.
[WARNING EST-0026] Missing route to pin _1611_/X in net _0175_.
[WARNING EST-0026] Missing route to pin _1613_/Y in net _0177_.
[WARNING EST-0026] Missing route to pin _1626_/X in net _0187_.
[WARNING EST-0026] Missing route to pin _1640_/Y in net _0198_.
[WARNING EST-0026] Missing route to pin _1664_/X in net _0219_.
[WARNING EST-0026] Missing route to pin _2395_/A2 in net net64.
[WARNING EST-0026] Missing route to pin _2616_/B in net net63.
[WARNING EST-0026] Missing route to pin _1749_/X in net _0278_.
[WARNING EST-0026] Missing route to pin _2037_/B in net net86.
[WARNING EST-0026] Missing route to pin _1796_/B in net _0307_.
[WARNING EST-0026] Missing route to pin _1808_/Y in net _0322_.
[WARNING EST-0026] Missing route to pin _1820_/X in net _0334_.
[WARNING EST-0026] Missing route to pin _1847_/B1 in net _0356_.
[WARNING EST-0026] Missing route to pin _1849_/Y in net _0363_.
[WARNING EST-0026] Missing route to pin _1850_/Y in net _0364_.
[WARNING EST-0026] Missing route to pin _1857_/Y in net _0371_.
[WARNING EST-0026] Missing route to pin _1879_/Y in net _0391_.
[WARNING EST-0026] Missing route to pin _1887_/Y in net _0397_.
[WARNING EST-0026] Missing route to pin _1896_/Y in net _0403_.
[WARNING EST-0026] Missing route to pin _1906_/Y in net _0411_.
[WARNING EST-0026] Missing route to pin _1907_/X in net _0412_.
[WARNING EST-0026] Missing route to pin _1913_/Y in net _0416_.
[WARNING EST-0026] Missing route to pin _1915_/Y in net _0418_.
[WARNING EST-0026] Missing route to pin _2037_/A in net startup_done89.
[WARNING EST-0026] Missing route to pin _2014_/Y in net _0490_.
[WARNING EST-0026] Missing route to pin _2023_/A2 in net _0497_.
[WARNING EST-0026] Missing route to pin _2037_/Y in net _0509_.
[WARNING EST-0026] Missing route to pin _2041_/B in net _0512_.
[WARNING EST-0026] Missing route to pin _2069_/Y in net _0531_.
[WARNING EST-0026] Missing route to pin place84/X in net net83.
[WARNING EST-0026] Missing route to pin _2077_/Y in net _0539_.
[WARNING EST-0026] Missing route to pin _2086_/Y in net _0547_.
[WARNING EST-0026] Missing route to pin _2089_/Y in net _0550_.
[WARNING EST-0026] Missing route to pin _2095_/Y in net _0554_.
[WARNING EST-0026] Missing route to pin _2096_/Y in net _0555_.
[WARNING EST-0026] Missing route to pin _2119_/Y in net _0572_.
[WARNING EST-0026] Missing route to pin _2125_/Y in net _0576_.
[WARNING EST-0026] Missing route to pin _2162_/B1 in net _0600_.
[WARNING EST-0026] Missing route to pin _2161_/Y in net _0600_.
[WARNING EST-0026] Missing route to pin _2164_/Y in net _0602_.
[WARNING EST-0026] Missing route to pin _2168_/Y in net _0605_.
[WARNING EST-0026] Missing route to pin _2180_/B1 in net _0612_.
[WARNING EST-0026] Missing route to pin _2179_/Y in net _0612_.
[WARNING EST-0026] Missing route to pin _2182_/Y in net _0614_.
[WARNING EST-0026] Missing route to pin _2193_/B1 in net _0622_.
[WARNING EST-0026] Missing route to pin _2197_/B2 in net _0625_.
[WARNING EST-0026] Missing route to pin _2196_/Y in net _0625_.
[WARNING EST-0026] Missing route to pin _2207_/Y in net _0633_.
[WARNING EST-0026] Missing route to pin _2229_/B1 in net _0647_.
[WARNING EST-0026] Missing route to pin _2242_/Y in net _0657_.
[WARNING EST-0026] Missing route to pin _2180_/A2 in net net74.
[WARNING EST-0026] Missing route to pin _2162_/A2 in net net74.
[WARNING EST-0026] Missing route to pin _2265_/Y in net _0673_.
[WARNING EST-0026] Missing route to pin _2270_/Y in net _0676_.
[WARNING EST-0026] Missing route to pin _2271_/Y in net _0677_.
[WARNING EST-0026] Missing route to pin _2277_/Y in net _0681_.
[WARNING EST-0026] Missing route to pin place74/X in net net73.
[WARNING EST-0026] Missing route to pin _2289_/Y in net _0689_.
[WARNING EST-0026] Missing route to pin _2315_/Y in net _0707_.
[WARNING EST-0026] Missing route to pin _2324_/B1 in net _0712_.
[WARNING EST-0026] Missing route to pin _2355_/Y in net _0734_.
[WARNING EST-0026] Missing route to pin _2360_/Y in net _0737_.
[WARNING EST-0026] Missing route to pin _2369_/Y in net _0745_.
[WARNING EST-0026] Missing route to pin _2376_/B in net _0748_.
[WARNING EST-0026] Missing route to pin _2376_/Y in net _0749_.
[WARNING EST-0026] Missing route to pin _2395_/A1 in net _0751_.
[WARNING EST-0026] Missing route to pin _2395_/Y in net _0768_.
[WARNING EST-0026] Missing route to pin _2404_/Y in net _0775_.
[WARNING EST-0026] Missing route to pin _2405_/X in net _0776_.
[WARNING EST-0026] Missing route to pin _2417_/B in net _0779_.
[WARNING EST-0026] Missing route to pin _2408_/Y in net _0779_.
[WARNING EST-0026] Missing route to pin _2427_/Y in net _0796_.
[WARNING EST-0026] Missing route to pin _3507_/CLK in net clknet_leaf_54_clk.
[WARNING EST-0026] Missing route to pin _3546_/CLK in net clknet_leaf_54_clk.
[WARNING EST-0026] Missing route to pin _3603_/CLK in net clknet_leaf_53_clk.
[WARNING EST-0026] Missing route to pin _3571_/CLK in net clknet_leaf_53_clk.
[WARNING EST-0026] Missing route to pin _2431_/Y in net _0800_.
[WARNING EST-0026] Missing route to pin _2441_/X in net _0810_.
[WARNING EST-0026] Missing route to pin _2449_/Y in net _0817_.
[WARNING EST-0026] Missing route to pin _3196_/A2 in net _0818_.
[WARNING EST-0026] Missing route to pin _2458_/Y in net _0825_.
[WARNING EST-0026] Missing route to pin _2468_/Y in net _0833_.
[WARNING EST-0026] Missing route to pin _2472_/Y in net _0837_.
[WARNING EST-0026] Missing route to pin _2524_/Y in net _0879_.
[WARNING EST-0026] Missing route to pin _2542_/Y in net _0894_.
[WARNING EST-0026] Missing route to pin _2569_/Y in net _0916_.
[WARNING EST-0026] Missing route to pin _2585_/Y in net _0930_.
[WARNING EST-0026] Missing route to pin _2595_/B1 in net _0937_.
[WARNING EST-0026] Missing route to pin _2622_/Y in net _0961_.
[WARNING EST-0026] Missing route to pin _2741_/A2 in net _0967_.
[WARNING EST-0026] Missing route to pin clkbuf_leaf_38_clk/X in net clknet_leaf_38_clk.
[WARNING EST-0026] Missing route to pin _2643_/Y in net _0977_.
[WARNING EST-0026] Missing route to pin _2649_/Y in net _0981_.
[WARNING EST-0026] Missing route to pin _2665_/B1 in net _0991_.
[WARNING EST-0026] Missing route to pin _2673_/Y in net _0997_.
[WARNING EST-0026] Missing route to pin _2410_/B in net net72.
[WARNING EST-0026] Missing route to pin _2376_/A in net net72.
[WARNING EST-0026] Missing route to pin place73/X in net net72.
[WARNING EST-0026] Missing route to pin _2686_/Y in net _1007_.
[WARNING EST-0026] Missing route to pin _2723_/Y in net _1034_.
[WARNING EST-0026] Missing route to pin _2737_/Y in net _1045_.
[WARNING EST-0026] Missing route to pin _2795_/Y in net _1071_.
[WARNING EST-0026] Missing route to pin _2807_/Y in net _1082_.
[WARNING EST-0026] Missing route to pin _2824_/Y in net _1095_.
[WARNING EST-0026] Missing route to pin _2846_/Y in net _1112_.
[WARNING EST-0026] Missing route to pin _1749_/A1 in net net61.
[WARNING EST-0026] Missing route to pin _2906_/Y in net _1157_.
[WARNING EST-0026] Missing route to pin _2915_/Y in net _1164_.
[WARNING EST-0026] Missing route to pin _2921_/Y in net _1169_.
[WARNING EST-0026] Missing route to pin _2925_/Y in net _1172_.
[WARNING EST-0026] Missing route to pin _2915_/S in net net59.
[WARNING EST-0026] Missing route to pin _2807_/S in net net59.
[WARNING EST-0026] Missing route to pin _2995_/Y in net _1217_.
[WARNING EST-0026] Missing route to pin _3013_/B1 in net _1228_.
[WARNING EST-0026] Missing route to pin place45/A in net net45.
[WARNING EST-0026] Missing route to pin _2997_/S in net net45.
[WARNING EST-0026] Missing route to pin _3056_/B in net _1237_.
[WARNING EST-0026] Missing route to pin _2901_/S in net net44.
[WARNING EST-0026] Missing route to pin _2811_/S in net net44.
[WARNING EST-0026] Missing route to pin _3086_/B in net _1253_.
[WARNING EST-0026] Missing route to pin _3085_/Y in net _1253_.
[WARNING EST-0026] Missing route to pin _3111_/Y in net _1267_.
[WARNING EST-0026] Missing route to pin _3142_/Y in net _1286_.
[WARNING EST-0026] Missing route to pin _3145_/Y in net _1288_.
[WARNING EST-0026] Missing route to pin _3148_/Y in net _1290_.
[WARNING EST-0026] Missing route to pin _3153_/Y in net _1292_.
[WARNING EST-0026] Missing route to pin _3158_/A2 in net _1294_.
[WARNING EST-0026] Missing route to pin _3183_/A2 in net _1297_.
[WARNING EST-0026] Missing route to pin _3161_/Y in net _1297_.
[WARNING EST-0026] Missing route to pin _3165_/Y in net _1300_.
[WARNING EST-0026] Missing route to pin _3166_/Y in net _1301_.
[WARNING EST-0026] Missing route to pin place58/X in net net57.
[WARNING EST-0026] Missing route to pin _1461_/B in net net93.
[WARNING EST-0026] Missing route to pin _3195_/Y in net _1322_.
[WARNING EST-0026] Missing route to pin _3202_/Y in net _1326_.
[WARNING EST-0026] Missing route to pin _3224_/Y in net _1339_.
[WARNING EST-0026] Missing route to pin _3236_/Y in net _1348_.
[WARNING EST-0026] Missing route to pin _3257_/Y in net _1363_.
[WARNING EST-0026] Missing route to pin _3258_/Y in net _1364_.
[WARNING EST-0026] Missing route to pin _3263_/Y in net _1367_.
[WARNING EST-0026] Missing route to pin _3270_/Y in net _1373_.
[WARNING EST-0026] Missing route to pin _3279_/Y in net _1380_.
[WARNING EST-0026] Missing route to pin _3282_/Y in net _1382_.
[WARNING EST-0026] Missing route to pin _3289_/Y in net _1388_.
[WARNING EST-0026] Missing route to pin _3317_/CLK in net clknet_leaf_3_clk.
[WARNING EST-0026] Missing route to pin clkbuf_leaf_3_clk/X in net clknet_leaf_3_clk.
[WARNING EST-0026] Missing route to pin clkbuf_leaf_46_clk/X in net clknet_leaf_46_clk.
[WARNING EST-0026] Missing route to pin _3101_/S in net net90.
[WARNING EST-0026] Missing route to pin place70/X in net net69.
[WARNING EST-0026] Missing route to pin _2431_/A in net _1428_.
[WARNING EST-0026] Missing route to pin _1467_/Y in net _1428_.
[WARNING EST-0026] Missing route to pin _3395_/CLK in net clknet_leaf_44_clk.
[WARNING EST-0026] Missing route to pin _3607_/CLK in net clknet_leaf_43_clk.
[WARNING EST-0026] Missing route to pin _3353_/Q in net apt_index[2].
[WARNING EST-0026] Missing route to pin _3355_/Q in net apt_index[4].
[WARNING EST-0026] Missing route to pin _1838_/B in net apt_index[5].
[WARNING EST-0026] Missing route to pin _3381_/Q in net apt_matches[14].
[WARNING EST-0026] Missing route to pin _1815_/A in net apt_matches[2].
[WARNING EST-0026] Missing route to pin _3371_/Q in net apt_matches[4].
[WARNING EST-0026] Missing route to pin _1816_/A in net apt_matches[5].
[WARNING EST-0026] Missing route to pin _2383_/B in net bus_addr[1].
[WARNING EST-0026] Missing route to pin _3315_/Q in net bus_rdata_r[18].
[WARNING EST-0026] Missing route to pin _3317_/Q in net bus_rdata_r[20].
[WARNING EST-0026] Missing route to pin _3324_/Q in net bus_rdata_r[27].
[WARNING EST-0026] Missing route to pin _1652_/A in net cond_count[11].
[WARNING EST-0026] Missing route to pin _3440_/Q in net cond_count[5].
[WARNING EST-0026] Missing route to pin _2069_/A in net cond_count[8].
[WARNING EST-0026] Missing route to pin _3493_/Q in net cond_level[1].
[WARNING EST-0026] Missing route to pin _2930_/A1 in net cond_mem\[0\][0].
[WARNING EST-0026] Missing route to pin _2924_/A1 in net cond_mem\[0\][1].
[WARNING EST-0026] Missing route to pin _3073_/A1 in net cond_mem\[0\][22].
[WARNING EST-0026] Missing route to pin _3065_/A1 in net cond_mem\[0\][25].
[WARNING EST-0026] Missing route to pin _3631_/Q in net cond_mem\[0\][6].
[WARNING EST-0026] Missing route to pin _3678_/Q in net cond_mem\[1\][21].
[WARNING EST-0026] Missing route to pin _2828_/A0 in net cond_mem\[1\][24].
[WARNING EST-0026] Missing route to pin _3016_/A1 in net cond_mem\[2\][0].
[WARNING EST-0026] Missing route to pin _3013_/A1 in net cond_mem\[2\][1].
[WARNING EST-0026] Missing route to pin _2958_/A1 in net cond_mem\[2\][22].
[WARNING EST-0026] Missing route to pin _3691_/Q in net cond_mem\[2\][2].
[WARNING EST-0026] Missing route to pin _3692_/Q in net cond_mem\[2\][3].
[WARNING EST-0026] Missing route to pin _3722_/Q in net cond_mem\[3\][1].
[WARNING EST-0026] Missing route to pin _1731_/A1 in net cond_mem\[3\][9].
[WARNING EST-0026] Missing route to pin _2974_/A0 in net crc_state[14].
[WARNING EST-0026] Missing route to pin _1681_/B in net crc_state[31].
[WARNING EST-0026] Missing route to pin _3409_/Q in net crc_state[6].
[WARNING EST-0026] Missing route to pin _3100_/Y in net out_data[10].
[WARNING EST-0026] Missing route to pin _3086_/Y in net out_data[16].
[WARNING EST-0026] Missing route to pin _3066_/Y in net out_data[25].
[WARNING EST-0026] Missing route to pin _3116_/Y in net out_data[2].
[WARNING EST-0026] Missing route to pin _3056_/Y in net out_data[30].
[WARNING EST-0026] Missing route to pin _3177_/Y in net out_data[31].
[WARNING EST-0026] Missing route to pin _3112_/Y in net out_data[4].
[WARNING EST-0026] Missing route to pin _3507_/Q in net raw_mem\[0\][10].
[WARNING EST-0026] Missing route to pin _3515_/Q in net raw_mem\[0\][18].
[WARNING EST-0026] Missing route to pin _3516_/Q in net raw_mem\[0\][19].
[WARNING EST-0026] Missing route to pin _2498_/A1 in net raw_mem\[0\][21].
[WARNING EST-0026] Missing route to pin _3519_/Q in net raw_mem\[0\][22].
[WARNING EST-0026] Missing route to pin _3504_/Q in net raw_mem\[0\][7].
[WARNING EST-0026] Missing route to pin _3529_/Q in net raw_mem\[1\][0].
[WARNING EST-0026] Missing route to pin _3545_/Q in net raw_mem\[1\][16].
[WARNING EST-0026] Missing route to pin _3546_/Q in net raw_mem\[1\][17].
[WARNING EST-0026] Missing route to pin _2494_/A1 in net raw_mem\[1\][22].
[WARNING EST-0026] Missing route to pin _2563_/A1 in net raw_mem\[1\][9].
[WARNING EST-0026] Missing route to pin _3585_/Q in net raw_mem\[2\][24].
[WARNING EST-0026] Missing route to pin _3586_/Q in net raw_mem\[2\][25].
[WARNING EST-0026] Missing route to pin _3607_/Q in net raw_mem\[3\][14].
[WARNING EST-0026] Missing route to pin _3622_/Q in net raw_mem\[3\][29].
[WARNING EST-0026] Missing route to pin _3600_/Q in net raw_mem\[3\][7].
[WARNING EST-0026] Missing route to pin _3602_/Q in net raw_mem\[3\][9].
[WARNING EST-0026] Missing route to pin _3466_/Q in net raw_sr[15].
[WARNING EST-0026] Missing route to pin _3474_/Q in net raw_sr[23].
[WARNING EST-0026] Missing route to pin _3475_/Q in net raw_sr[24].
[WARNING EST-0026] Missing route to pin _1513_/A1 in net raw_sr[24].
[WARNING EST-0026] Missing route to pin _3481_/Q in net raw_sr[30].
[WARNING EST-0026] Missing route to pin _3344_/Q in net rct_count[10].
[WARNING EST-0026] Missing route to pin _3347_/Q in net rct_count[13].
[WARNING EST-0026] Missing route to pin _3335_/Q in net rct_count[1].
[WARNING EST-0026] Missing route to pin _3340_/Q in net rct_count[6].
[WARNING EST-0026] Missing route to pin _3341_/Q in net rct_count[7].
[WARNING EST-0026] Missing route to pin _3751_/RESET_B in net rst_n.
[WARNING EST-0026] Missing route to pin _3726_/RESET_B in net rst_n.
[WARNING EST-0026] Missing route to pin _3725_/RESET_B in net rst_n.
[WARNING EST-0026] Missing route to pin _3722_/RESET_B in net rst_n.
[WARNING EST-0026] Missing route to pin _3720_/RESET_B in net rst_n.
[WARNING EST-0026] Missing route to pin _3711_/RESET_B in net rst_n.
[WARNING EST-0026] Missing route to pin _3704_/RESET_B in net rst_n.
[WARNING EST-0026] Missing route to pin _3703_/RESET_B in net rst_n.
[WARNING EST-0026] Missing route to pin _3701_/RESET_B in net rst_n.
[WARNING EST-0026] Missing route to pin _3688_/RESET_B in net rst_n.
[WARNING EST-0026] Missing route to pin _3681_/RESET_B in net rst_n.
[WARNING EST-0026] Missing route to pin _3678_/RESET_B in net rst_n.
[WARNING EST-0026] Missing route to pin _3666_/RESET_B in net rst_n.
[WARNING EST-0026] Missing route to pin _3661_/RESET_B in net rst_n.
[WARNING EST-0026] Missing route to pin _3646_/RESET_B in net rst_n.
[WARNING EST-0026] Missing route to pin _3638_/RESET_B in net rst_n.
[WARNING EST-0026] Missing route to pin _3621_/RESET_B in net rst_n.
[WARNING EST-0026] Missing route to pin _3610_/RESET_B in net rst_n.
[WARNING EST-0026] Missing route to pin _3600_/RESET_B in net rst_n.
[WARNING EST-0026] Missing route to pin _3599_/RESET_B in net rst_n.
[WARNING EST-0026] Missing route to pin _3598_/RESET_B in net rst_n.
[WARNING EST-0026] Missing route to pin _3587_/RESET_B in net rst_n.
[WARNING EST-0026] Missing route to pin _3581_/RESET_B in net rst_n.
[WARNING EST-0026] Missing route to pin _3577_/RESET_B in net rst_n.
[WARNING EST-0026] Missing route to pin _3565_/RESET_B in net rst_n.
[WARNING EST-0026] Missing route to pin _3561_/RESET_B in net rst_n.
[WARNING EST-0026] Missing route to pin _3555_/RESET_B in net rst_n.
[WARNING EST-0026] Missing route to pin _3552_/RESET_B in net rst_n.
[WARNING EST-0026] Missing route to pin _3545_/RESET_B in net rst_n.
[WARNING EST-0026] Missing route to pin _3542_/RESET_B in net rst_n.
[WARNING EST-0026] Missing route to pin _3541_/RESET_B in net rst_n.
[WARNING EST-0026] Missing route to pin _3539_/RESET_B in net rst_n.
[WARNING EST-0026] Missing route to pin _3537_/RESET_B in net rst_n.
[WARNING EST-0026] Missing route to pin _3533_/RESET_B in net rst_n.
[WARNING EST-0026] Missing route to pin _3515_/RESET_B in net rst_n.
[WARNING EST-0026] Missing route to pin _3498_/RESET_B in net rst_n.
[WARNING EST-0026] Missing route to pin _3495_/RESET_B in net rst_n.
[WARNING EST-0026] Missing route to pin _3487_/RESET_B in net rst_n.
[WARNING EST-0026] Missing route to pin _3474_/RESET_B in net rst_n.
[WARNING EST-0026] Missing route to pin _3472_/RESET_B in net rst_n.
[WARNING EST-0026] Missing route to pin _3464_/RESET_B in net rst_n.
[WARNING EST-0026] Missing route to pin _3459_/RESET_B in net rst_n.
[WARNING EST-0026] Missing route to pin _3455_/RESET_B in net rst_n.
[WARNING EST-0026] Missing route to pin _3452_/RESET_B in net rst_n.
[WARNING EST-0026] Missing route to pin _3450_/RESET_B in net rst_n.
[WARNING EST-0026] Missing route to pin _3448_/RESET_B in net rst_n.
[WARNING EST-0026] Missing route to pin _3432_/SET_B in net rst_n.
[WARNING EST-0026] Missing route to pin _3430_/SET_B in net rst_n.
[WARNING EST-0026] Missing route to pin _3412_/SET_B in net rst_n.
[WARNING EST-0026] Missing route to pin _3410_/SET_B in net rst_n.
[WARNING EST-0026] Missing route to pin _3403_/SET_B in net rst_n.
[WARNING EST-0026] Missing route to pin _3401_/RESET_B in net rst_n.
[WARNING EST-0026] Missing route to pin _3399_/RESET_B in net rst_n.
[WARNING EST-0026] Missing route to pin _3397_/RESET_B in net rst_n.
[WARNING EST-0026] Missing route to pin _3394_/RESET_B in net rst_n.
[WARNING EST-0026] Missing route to pin _3393_/RESET_B in net rst_n.
[WARNING EST-0026] Missing route to pin _3389_/RESET_B in net rst_n.
[WARNING EST-0026] Missing route to pin _3388_/RESET_B in net rst_n.
[WARNING EST-0026] Missing route to pin _3387_/RESET_B in net rst_n.
[WARNING EST-0026] Missing route to pin _3386_/RESET_B in net rst_n.
[WARNING EST-0026] Missing route to pin _3359_/RESET_B in net rst_n.
[WARNING EST-0026] Missing route to pin _3353_/RESET_B in net rst_n.
[WARNING EST-0026] Missing route to pin _3350_/RESET_B in net rst_n.
[WARNING EST-0026] Missing route to pin _3347_/RESET_B in net rst_n.
[WARNING EST-0026] Missing route to pin _3320_/RESET_B in net rst_n.
[WARNING EST-0026] Missing route to pin _3315_/RESET_B in net rst_n.
[WARNING EST-0026] Missing route to pin _3300_/RESET_B in net rst_n.
[WARNING EST-0026] Missing route to pin _3299_/RESET_B in net rst_n.
[WARNING EST-0026] Missing route to pin _3385_/Q in net startup_count[2].
[WARNING EST-0026] Missing route to pin _2741_/A1 in net net49.
[WARNING EST-0026] Missing route to pin _2506_/S in net net49.
===KLT_SETUP_VIOLATIONS_BEGIN===
No paths found.

===KLT_SETUP_VIOLATIONS_END===
===KLT_HOLD_VIOLATIONS_BEGIN===
No paths found.

===KLT_HOLD_VIOLATIONS_END===
