|* Post-layout ro_array_core (whole array, real inter-ring wiring), FLOATING
|* substrate, rings 2-4 PRESENT BUT STOPPED (en2/en3/en4 held at 0 for the
|* whole run) -- the array-scale sibling of
|* sim/post-layout-ro-ring5/testbench/tb_post_layout_substrate_float_solo.spice.
|*
|* Purpose: separate LOADING (the floating node's own capacitance/impedance,
|* present even with no other ring switching) from COUPLING (ring 1's period
|* moving because rings 2-4 are actually driving the same shared node), the
|* same three-way decomposition DR-0005 finding 3 used at ring scope:
|*
|*   loading  = t(this deck)                         - t(tied, sibling deck)
|*   coupling = t(substrate_float, all 4 running)     - t(this deck)
|*
|* Same array GDS extraction as the other two decks in this directory (real
|* physical ring-to-ring proximity, not four separately-placed leaf cells),
|* so this is the strongest available bound on the substrate mechanism this
|* repo has produced -- still not the physical answer (the extractor emits
|* no substrate or tap resistance at all; klayout-tools#1503), but bracketing
|* the terminals of a real, physically-placed layout's own shared node
|* rather than a hand-tied approximation of one.
|*
|* With en2/en3/en4 held at 0, ro_nand2's own defined-output-on-disable state
|* (design/README.md; DR-0003) pins ring2/3/4's node ro_ring5 outputs high --
|* a defined, non-switching state, not a floating one -- so rn2/rn3/rn4 (and
|* therefore ro2/ro3/ro4 and the XOR tree downstream of them) settle and stay
|* put; only ring 1 free-runs.
|*
|* This file is a TEMPLATE: sim/bin/corner-run.py substitutes /Users/rwalters/.volare/volare/sky130/versions/c6d73a35f524070e85faff4a6a9eef49553ebc2b/sky130A/libs.tech/combined/sky130.lib.spice,
|* ff, /Users/rwalters/GitHub/sky130-trng/.loom/worktrees/issue-22/layout/pex-array/ro_array_core_pex.spice, 27.0 and 1.8. As committed it is not a
|* runnable deck. Invoke with
|* `--pex-lib layout/pex-array/ro_array_core_pex.spice`.
|
|.option scale=1u
|.lib "/Users/rwalters/.volare/volare/sky130/versions/c6d73a35f524070e85faff4a6a9eef49553ebc2b/sky130A/libs.tech/combined/sky130.lib.spice" ff
|
|.include "/Users/rwalters/GitHub/sky130-trng/.loom/worktrees/issue-22/layout/pex-array/ro_array_core_pex.spice"
|
|.temp 27.0
|
|* --- substrate return node: FLOATING (see header) -- no Vsub source ----
|
|Vddrp1 pvddr1 0 dc 1.8
|Vddrp2 pvddr2 0 dc 1.8
|Vddrp3 pvddr3 0 dc 1.8
|Vddrp4 pvddr4 0 dc 1.8
|Vddp pvdd 0 dc 1.8
|Venp1 pen1 0 PULSE(0 1.8 5n 100p 100p 1u 2u)
|* rings 2-4: held at 0 for the whole run -- present, but never released.
|Venp2 pen2 0 dc 0
|Venp3 pen3 0 dc 0
|Venp4 pen4 0 dc 0
|xarr pen1 pen2 pen3 pen4 pvddr1 pvddr2 pvddr3 pvddr4 pvdd 0 pxo pro1 pro2 pro3 pro4 ro_array_core_pex
|
|.ic v(pro1)=0
|.ic v(pro2)=0
|.ic v(pro3)=0
|.ic v(pro4)=0
|
|.save v(pro1) v(xarr.vsubs)
|.save i(Vddrp1)
|
|.tran 5p 800n uic
|
|.control
|run
|
|meas tran pt1a when v(pro1)=0.5*1.8 rise=3
|meas tran pt1b when v(pro1)=0.5*1.8 rise=13
|let p_tr1 = (pt1b - pt1a)/10
|
|meas tran vsub_max MAX v(xarr.vsubs) from=100n to=800n
|meas tran vsub_min MIN v(xarr.vsubs) from=100n to=800n
|let vsub_swing_frac = (vsub_max - vsub_min) / 1.8
|
|print p_tr1
|print vsub_swing_frac
|.endc
|.end
|

----- stdout -----

Note: Compatibility modes selected: hs a


Circuit: * post-layout ro_array_core (whole array, real inter-ring wiring), floating

option SCALE: Scale is set to 1e-06 for instance and model parameters
option SCALE: Scale is set to 1e-06 for instance and model parameters
option SCALE: Scale is set to 1e-06 for instance and model parameters
option SCALE: Scale is set to 1e-06 for instance and model parameters
option SCALE: Scale is set to 1e-06 for instance and model parameters
Doing analysis at TEMP = 27.000000 and TNOM = 27.000000

Using SPARSE 1.3 as Direct Linear Solver
Operating point simulation skipped by 'uic',
  now using transient initial conditions.
 Reference value :  5.00000e-14
 Reference value :  1.27714e-09
 Reference value :  2.80714e-09
 Reference value :  4.30714e-09
 Reference value :  5.72750e-09
 Reference value :  7.21750e-09
 Reference value :  8.64250e-09
 Reference value :  1.01625e-08
 Reference value :  1.15975e-08
 Reference value :  1.30475e-08
 Reference value :  1.44575e-08
 Reference value :  1.59775e-08
 Reference value :  1.74325e-08
 Reference value :  1.89275e-08
 Reference value :  2.03925e-08
 Reference value :  2.19025e-08
 Reference value :  2.34425e-08
 Reference value :  2.49075e-08
 Reference value :  2.64125e-08
 Reference value :  2.79125e-08
 Reference value :  2.92625e-08
 Reference value :  3.06075e-08
 Reference value :  3.19575e-08
 Reference value :  3.33625e-08
 Reference value :  3.48075e-08
 Reference value :  3.61775e-08
 Reference value :  3.76675e-08
 Reference value :  3.91275e-08
 Reference value :  4.06525e-08
 Reference value :  4.21175e-08
 Reference value :  4.36975e-08
 Reference value :  4.51625e-08
 Reference value :  4.66375e-08
 Reference value :  4.81825e-08
 Reference value :  4.98625e-08
 Reference value :  5.13275e-08
 Reference value :  5.28075e-08
 Reference value :  5.43275e-08
 Reference value :  5.58175e-08
 Reference value :  5.73225e-08
 Reference value :  5.87825e-08
 Reference value :  6.02825e-08
 Reference value :  6.17625e-08
 Reference value :  6.32025e-08
 Reference value :  6.45725e-08
 Reference value :  6.60525e-08
 Reference value :  6.76025e-08
 Reference value :  6.90575e-08
 Reference value :  7.03725e-08
 Reference value :  7.18275e-08
 Reference value :  7.31475e-08
 Reference value :  7.45725e-08
 Reference value :  7.60075e-08
 Reference value :  7.74425e-08
 Reference value :  7.87075e-08
 Reference value :  7.99525e-08
 Reference value :  8.12125e-08
 Reference value :  8.25125e-08
 Reference value :  8.37725e-08
 Reference value :  8.50425e-08
 Reference value :  8.62925e-08
 Reference value :  8.76225e-08
 Reference value :  8.89025e-08
 Reference value :  9.01575e-08
 Reference value :  9.14775e-08
 Reference value :  9.29575e-08
 Reference value :  9.42775e-08
 Reference value :  9.55625e-08
 Reference value :  9.68875e-08
 Reference value :  9.82075e-08
 Reference value :  9.95225e-08
 Reference value :  1.00858e-07
 Reference value :  1.02228e-07
 Reference value :  1.03513e-07
 Reference value :  1.04843e-07
 Reference value :  1.06178e-07
 Reference value :  1.07503e-07
 Reference value :  1.08788e-07
 Reference value :  1.10153e-07
 Reference value :  1.11483e-07
 Reference value :  1.12798e-07
 Reference value :  1.14103e-07
 Reference value :  1.15358e-07
 Reference value :  1.16663e-07
 Reference value :  1.17873e-07
 Reference value :  1.19138e-07
 Reference value :  1.20448e-07
 Reference value :  1.21753e-07
 Reference value :  1.22968e-07
 Reference value :  1.24313e-07
 Reference value :  1.25578e-07
 Reference value :  1.26923e-07
 Reference value :  1.28238e-07
 Reference value :  1.29583e-07
 Reference value :  1.30853e-07
 Reference value :  1.32153e-07
 Reference value :  1.33473e-07
 Reference value :  1.34858e-07
 Reference value :  1.36328e-07
 Reference value :  1.37878e-07
 Reference value :  1.39398e-07
 Reference value :  1.40923e-07
 Reference value :  1.42468e-07
 Reference value :  1.44038e-07
 Reference value :  1.45528e-07
 Reference value :  1.47013e-07
 Reference value :  1.48573e-07
 Reference value :  1.50113e-07
 Reference value :  1.51613e-07
 Reference value :  1.53083e-07
 Reference value :  1.54603e-07
 Reference value :  1.56073e-07
 Reference value :  1.57603e-07
 Reference value :  1.59053e-07
 Reference value :  1.60713e-07
 Reference value :  1.62173e-07
 Reference value :  1.63668e-07
 Reference value :  1.65163e-07
 Reference value :  1.66778e-07
 Reference value :  1.68318e-07
 Reference value :  1.69788e-07
 Reference value :  1.71333e-07
 Reference value :  1.72818e-07
 Reference value :  1.74358e-07
 Reference value :  1.75888e-07
 Reference value :  1.77413e-07
 Reference value :  1.78943e-07
 Reference value :  1.80408e-07
 Reference value :  1.81943e-07
 Reference value :  1.83408e-07
 Reference value :  1.84913e-07
 Reference value :  1.86433e-07
 Reference value :  1.87983e-07
 Reference value :  1.89488e-07
 Reference value :  1.90913e-07
 Reference value :  1.92258e-07
 Reference value :  1.93693e-07
 Reference value :  1.95038e-07
 Reference value :  1.96433e-07
 Reference value :  1.98088e-07
 Reference value :  1.99568e-07
 Reference value :  2.01068e-07
 Reference value :  2.02503e-07
 Reference value :  2.03998e-07
 Reference value :  2.05493e-07
 Reference value :  2.06958e-07
 Reference value :  2.08393e-07
 Reference value :  2.09898e-07
 Reference value :  2.11358e-07
 Reference value :  2.12838e-07
 Reference value :  2.14213e-07
 Reference value :  2.15658e-07
 Reference value :  2.16988e-07
 Reference value :  2.18343e-07
 Reference value :  2.19708e-07
 Reference value :  2.21133e-07
 Reference value :  2.22538e-07
 Reference value :  2.24008e-07
 Reference value :  2.25528e-07
 Reference value :  2.26998e-07
 Reference value :  2.28473e-07
 Reference value :  2.29948e-07
 Reference value :  2.31503e-07
 Reference value :  2.33028e-07
 Reference value :  2.34468e-07
 Reference value :  2.35968e-07
 Reference value :  2.37453e-07
 Reference value :  2.38938e-07
 Reference value :  2.40378e-07
 Reference value :  2.41813e-07
 Reference value :  2.43323e-07
 Reference value :  2.44818e-07
 Reference value :  2.46358e-07
 Reference value :  2.47788e-07
 Reference value :  2.49238e-07
 Reference value :  2.50778e-07
 Reference value :  2.52818e-07
 Reference value :  2.54283e-07
 Reference value :  2.55723e-07
 Reference value :  2.57198e-07
 Reference value :  2.58658e-07
 Reference value :  2.60153e-07
 Reference value :  2.61643e-07
 Reference value :  2.63128e-07
 Reference value :  2.64618e-07
 Reference value :  2.66118e-07
 Reference value :  2.67588e-07
 Reference value :  2.69068e-07
 Reference value :  2.70533e-07
 Reference value :  2.71923e-07
 Reference value :  2.73263e-07
 Reference value :  2.74613e-07
 Reference value :  2.76033e-07
 Reference value :  2.77523e-07
 Reference value :  2.78933e-07
 Reference value :  2.80378e-07
 Reference value :  2.81828e-07
 Reference value :  2.83248e-07
 Reference value :  2.84603e-07
 Reference value :  2.86062e-07
 Reference value :  2.87567e-07
 Reference value :  2.89002e-07
 Reference value :  2.90492e-07
 Reference value :  2.91922e-07
 Reference value :  2.93427e-07
 Reference value :  2.94907e-07
 Reference value :  2.96377e-07
 Reference value :  2.97867e-07
 Reference value :  2.99437e-07
 Reference value :  3.00922e-07
 Reference value :  3.02432e-07
 Reference value :  3.03977e-07
 Reference value :  3.05472e-07
 Reference value :  3.06927e-07
 Reference value :  3.08397e-07
 Reference value :  3.09922e-07
 Reference value :  3.11397e-07
 Reference value :  3.12897e-07
 Reference value :  3.14327e-07
 Reference value :  3.15827e-07
 Reference value :  3.17212e-07
 Reference value :  3.18637e-07
 Reference value :  3.20127e-07
 Reference value :  3.21607e-07
 Reference value :  3.23092e-07
 Reference value :  3.24537e-07
 Reference value :  3.26092e-07
 Reference value :  3.27597e-07
 Reference value :  3.29082e-07
 Reference value :  3.30567e-07
 Reference value :  3.32142e-07
 Reference value :  3.33607e-07
 Reference value :  3.35137e-07
 Reference value :  3.36657e-07
 Reference value :  3.38247e-07
 Reference value :  3.39727e-07
 Reference value :  3.41182e-07
 Reference value :  3.42707e-07
 Reference value :  3.44142e-07
 Reference value :  3.45587e-07
 Reference value :  3.46987e-07
 Reference value :  3.48402e-07
 Reference value :  3.49817e-07
 Reference value :  3.51267e-07
 Reference value :  3.52637e-07
 Reference value :  3.54132e-07
 Reference value :  3.55527e-07
 Reference value :  3.57017e-07
 Reference value :  3.58347e-07
 Reference value :  3.59812e-07
 Reference value :  3.61192e-07
 Reference value :  3.62632e-07
 Reference value :  3.64012e-07
 Reference value :  3.65497e-07
 Reference value :  3.66957e-07
 Reference value :  3.68427e-07
 Reference value :  3.69872e-07
 Reference value :  3.71447e-07
 Reference value :  3.72892e-07
 Reference value :  3.74397e-07
 Reference value :  3.75952e-07
 Reference value :  3.77462e-07
 Reference value :  3.78927e-07
 Reference value :  3.80362e-07
 Reference value :  3.82112e-07
 Reference value :  3.83577e-07
 Reference value :  3.85082e-07
 Reference value :  3.86552e-07
 Reference value :  3.88092e-07
 Reference value :  3.89587e-07
 Reference value :  3.91017e-07
 Reference value :  3.92532e-07
 Reference value :  3.94047e-07
 Reference value :  3.95527e-07
 Reference value :  3.97007e-07
 Reference value :  3.98542e-07
 Reference value :  4.00022e-07
 Reference value :  4.01487e-07
 Reference value :  4.02972e-07
 Reference value :  4.04457e-07
 Reference value :  4.05892e-07
 Reference value :  4.07342e-07
 Reference value :  4.08817e-07
 Reference value :  4.10317e-07
 Reference value :  4.11817e-07
 Reference value :  4.13382e-07
 Reference value :  4.14962e-07
 Reference value :  4.16352e-07
 Reference value :  4.17972e-07
 Reference value :  4.19522e-07
 Reference value :  4.21182e-07
 Reference value :  4.22677e-07
 Reference value :  4.24167e-07
 Reference value :  4.25772e-07
 Reference value :  4.27282e-07
 Reference value :  4.28777e-07
 Reference value :  4.30392e-07
 Reference value :  4.31882e-07
 Reference value :  4.33317e-07
 Reference value :  4.34912e-07
 Reference value :  4.36402e-07
 Reference value :  4.37972e-07
 Reference value :  4.39557e-07
 Reference value :  4.41012e-07
 Reference value :  4.42622e-07
 Reference value :  4.44182e-07
 Reference value :  4.45702e-07
 Reference value :  4.47187e-07
 Reference value :  4.48747e-07
 Reference value :  4.50252e-07
 Reference value :  4.51762e-07
 Reference value :  4.53257e-07
 Reference value :  4.54867e-07
 Reference value :  4.56322e-07
 Reference value :  4.57862e-07
 Reference value :  4.59477e-07
 Reference value :  4.60977e-07
 Reference value :  4.62527e-07
 Reference value :  4.63987e-07
 Reference value :  4.65512e-07
 Reference value :  4.66962e-07
 Reference value :  4.68467e-07
 Reference value :  4.69972e-07
 Reference value :  4.71492e-07
 Reference value :  4.73012e-07
 Reference value :  4.74472e-07
 Reference value :  4.75997e-07
 Reference value :  4.77502e-07
 Reference value :  4.78987e-07
 Reference value :  4.80457e-07
 Reference value :  4.81972e-07
 Reference value :  4.83492e-07
 Reference value :  4.84997e-07
 Reference value :  4.86482e-07
 Reference value :  4.87972e-07
 Reference value :  4.89397e-07
 Reference value :  4.90792e-07
 Reference value :  4.92242e-07
 Reference value :  4.93737e-07
 Reference value :  4.95147e-07
 Reference value :  4.96527e-07
 Reference value :  4.98027e-07
 Reference value :  4.99552e-07
 Reference value :  5.01002e-07
 Reference value :  5.02417e-07
 Reference value :  5.03922e-07
 Reference value :  5.05397e-07
 Reference value :  5.06852e-07
 Reference value :  5.08262e-07
 Reference value :  5.09732e-07
 Reference value :  5.11167e-07
 Reference value :  5.12642e-07
 Reference value :  5.14217e-07
 Reference value :  5.15742e-07
 Reference value :  5.17227e-07
 Reference value :  5.18697e-07
 Reference value :  5.20177e-07
 Reference value :  5.21732e-07
 Reference value :  5.23092e-07
 Reference value :  5.24417e-07
 Reference value :  5.25837e-07
 Reference value :  5.27317e-07
 Reference value :  5.28697e-07
 Reference value :  5.30077e-07
 Reference value :  5.31587e-07
 Reference value :  5.33002e-07
 Reference value :  5.34417e-07
 Reference value :  5.35837e-07
 Reference value :  5.37337e-07
 Reference value :  5.38772e-07
 Reference value :  5.40202e-07
 Reference value :  5.41612e-07
 Reference value :  5.42992e-07
 Reference value :  5.44372e-07
 Reference value :  5.45822e-07
 Reference value :  5.47152e-07
 Reference value :  5.48527e-07
 Reference value :  5.49907e-07
 Reference value :  5.51317e-07
 Reference value :  5.52732e-07
 Reference value :  5.54312e-07
 Reference value :  5.55757e-07
 Reference value :  5.57167e-07
 Reference value :  5.58597e-07
 Reference value :  5.60087e-07
 Reference value :  5.61487e-07
 Reference value :  5.62907e-07
 Reference value :  5.64332e-07
 Reference value :  5.65797e-07
 Reference value :  5.67192e-07
 Reference value :  5.68577e-07
 Reference value :  5.70032e-07
 Reference value :  5.71507e-07
 Reference value :  5.72797e-07
 Reference value :  5.74167e-07
 Reference value :  5.75607e-07
 Reference value :  5.77137e-07
 Reference value :  5.78557e-07
 Reference value :  5.79942e-07
 Reference value :  5.81352e-07
 Reference value :  5.82757e-07
 Reference value :  5.84132e-07
 Reference value :  5.85502e-07
 Reference value :  5.87002e-07
 Reference value :  5.88397e-07
 Reference value :  5.89827e-07
 Reference value :  5.91287e-07
 Reference value :  5.92757e-07
 Reference value :  5.94177e-07
 Reference value :  5.95667e-07
 Reference value :  5.97127e-07
 Reference value :  5.98627e-07
 Reference value :  6.00082e-07
 Reference value :  6.01483e-07
 Reference value :  6.02923e-07
 Reference value :  6.04428e-07
 Reference value :  6.05883e-07
 Reference value :  6.07388e-07
 Reference value :  6.08978e-07
 Reference value :  6.10508e-07
 Reference value :  6.11973e-07
 Reference value :  6.13448e-07
 Reference value :  6.14978e-07
 Reference value :  6.16488e-07
 Reference value :  6.18023e-07
 Reference value :  6.19538e-07
 Reference value :  6.21083e-07
 Reference value :  6.22533e-07
 Reference value :  6.23933e-07
 Reference value :  6.25268e-07
 Reference value :  6.26743e-07
 Reference value :  6.28143e-07
 Reference value :  6.29553e-07
 Reference value :  6.31068e-07
 Reference value :  6.32563e-07
 Reference value :  6.33983e-07
 Reference value :  6.35408e-07
 Reference value :  6.36898e-07
 Reference value :  6.38358e-07
 Reference value :  6.39783e-07
 Reference value :  6.41178e-07
 Reference value :  6.42683e-07
 Reference value :  6.44118e-07
 Reference value :  6.45693e-07
 Reference value :  6.47098e-07
 Reference value :  6.48603e-07
 Reference value :  6.50078e-07
 Reference value :  6.51538e-07
 Reference value :  6.53038e-07
 Reference value :  6.54593e-07
 Reference value :  6.56008e-07
 Reference value :  6.57458e-07
 Reference value :  6.58933e-07
 Reference value :  6.60383e-07
 Reference value :  6.61783e-07
 Reference value :  6.63178e-07
 Reference value :  6.64693e-07
 Reference value :  6.66188e-07
 Reference value :  6.67678e-07
 Reference value :  6.69148e-07
 Reference value :  6.70598e-07
 Reference value :  6.72053e-07
 Reference value :  6.73553e-07
 Reference value :  6.74958e-07
 Reference value :  6.76428e-07
 Reference value :  6.77853e-07
 Reference value :  6.79303e-07
 Reference value :  6.80803e-07
 Reference value :  6.82333e-07
 Reference value :  6.83793e-07
 Reference value :  6.85288e-07
 Reference value :  6.86778e-07
 Reference value :  6.88288e-07
 Reference value :  6.89763e-07
 Reference value :  6.91238e-07
 Reference value :  6.92728e-07
 Reference value :  6.94178e-07
 Reference value :  6.95643e-07
 Reference value :  6.97088e-07
 Reference value :  6.98613e-07
 Reference value :  7.00068e-07
 Reference value :  7.01618e-07
 Reference value :  7.03148e-07
 Reference value :  7.04683e-07
 Reference value :  7.06108e-07
 Reference value :  7.07618e-07
 Reference value :  7.09108e-07
 Reference value :  7.10558e-07
 Reference value :  7.12048e-07
 Reference value :  7.13403e-07
 Reference value :  7.14888e-07
 Reference value :  7.16313e-07
 Reference value :  7.17928e-07
 Reference value :  7.19403e-07
 Reference value :  7.20923e-07
 Reference value :  7.22383e-07
 Reference value :  7.23898e-07
 Reference value :  7.25398e-07
 Reference value :  7.26928e-07
 Reference value :  7.28458e-07
 Reference value :  7.29948e-07
 Reference value :  7.31498e-07
 Reference value :  7.32893e-07
 Reference value :  7.34393e-07
 Reference value :  7.35748e-07
 Reference value :  7.37268e-07
 Reference value :  7.38693e-07
 Reference value :  7.40193e-07
 Reference value :  7.41653e-07
 Reference value :  7.43173e-07
 Reference value :  7.44653e-07
 Reference value :  7.46098e-07
 Reference value :  7.47633e-07
 Reference value :  7.49123e-07
 Reference value :  7.50583e-07
 Reference value :  7.52023e-07
 Reference value :  7.53488e-07
 Reference value :  7.55013e-07
 Reference value :  7.56523e-07
 Reference value :  7.57943e-07
 Reference value :  7.59448e-07
 Reference value :  7.60923e-07
 Reference value :  7.62408e-07
 Reference value :  7.63888e-07
 Reference value :  7.65408e-07
 Reference value :  7.66873e-07
 Reference value :  7.68363e-07
 Reference value :  7.69868e-07
 Reference value :  7.71363e-07
 Reference value :  7.72868e-07
 Reference value :  7.74273e-07
 Reference value :  7.75783e-07
 Reference value :  7.77208e-07
 Reference value :  7.78718e-07
 Reference value :  7.80153e-07
 Reference value :  7.81673e-07
 Reference value :  7.83078e-07
 Reference value :  7.84558e-07
 Reference value :  7.85943e-07
 Reference value :  7.87443e-07
 Reference value :  7.88893e-07
 Reference value :  7.90363e-07
 Reference value :  7.91878e-07
 Reference value :  7.93418e-07
 Reference value :  7.94843e-07
 Reference value :  7.96303e-07
 Reference value :  7.97743e-07
 Reference value :  7.99223e-07
No. of Data Rows : 160024
pt1a                =  1.87966e-08
pt1b                =  7.42839e-08
 meas tran vsub_max max v(xarr.vsubs) from=100n to=800n failed!

 meas tran vsub_min min v(xarr.vsubs) from=100n to=800n failed!

p_tr1 = 5.548725e-09
Note: Simulation executed from .control section 

----- stderr -----

Checking parameters for BSIM 4.5 model xarr.xpex.xn132:pshort_model.43
Warning: Eta0 = -0.000373202 is negative.

Checking parameters for BSIM 4.5 model xarr.xpex.xn131:pshort_model.43
Warning: Eta0 = -0.000373202 is negative.

Checking parameters for BSIM 4.5 model xarr.xpex.xn130:pshort_model.43
Warning: Eta0 = -0.000373202 is negative.

Checking parameters for BSIM 4.5 model xarr.xpex.xn129:pshort_model.43
Warning: Eta0 = -0.000373202 is negative.

Checking parameters for BSIM 4.5 model xarr.xpex.xn128:pshort_model.43
Warning: Eta0 = -0.000373202 is negative.

Checking parameters for BSIM 4.5 model xarr.xpex.xn127:pshort_model.43
Warning: Eta0 = -0.000373202 is negative.

Checking parameters for BSIM 4.5 model xarr.xpex.xn126:pshort_model.43
Warning: Eta0 = -0.000373202 is negative.

Checking parameters for BSIM 4.5 model xarr.xpex.xn125:pshort_model.43
Warning: Eta0 = -0.000373202 is negative.

Checking parameters for BSIM 4.5 model xarr.xpex.xn124:pshort_model.43
Warning: Eta0 = -0.000373202 is negative.

Checking parameters for BSIM 4.5 model xarr.xpex.xn123:pshort_model.43
Warning: Eta0 = -0.000373202 is negative.

Checking parameters for BSIM 4.5 model xarr.xpex.xn122:pshort_model.43
Warning: Eta0 = -0.000373202 is negative.

Checking parameters for BSIM 4.5 model xarr.xpex.xn121:pshort_model.43
Warning: Eta0 = -0.000373202 is negative.

Checking parameters for BSIM 4.5 model xarr.xpex.xn120:pshort_model.40
Warning: A2 = 1.0885 is larger than 1. A2 is set to 1 and A1 is set to 0.
Warning: Pdibl1 = -0.00669442 is negative.

Checking parameters for BSIM 4.5 model xarr.xpex.xn119:pshort_model.43
Warning: Eta0 = -0.000373202 is negative.

Checking parameters for BSIM 4.5 model xarr.xpex.xn118:pshort_model.32
Warning: A2 = 1.14662 is larger than 1. A2 is set to 1 and A1 is set to 0.
Warning: Pdibl1 = -0.0493749 is negative.
Warning: Pdibl2 = -0.000925472 is negative.

Checking parameters for BSIM 4.5 model xarr.xpex.xn117:pshort_model.32
Warning: A2 = 1.14662 is larger than 1. A2 is set to 1 and A1 is set to 0.
Warning: Pdibl1 = -0.0493749 is negative.
Warning: Pdibl2 = -0.000925472 is negative.

Checking parameters for BSIM 4.5 model xarr.xpex.xn116:pshort_model.43
Warning: Eta0 = -0.000373202 is negative.

Checking parameters for BSIM 4.5 model xarr.xpex.xn115:pshort_model.32
Warning: A2 = 1.14662 is larger than 1. A2 is set to 1 and A1 is set to 0.
Warning: Pdibl1 = -0.0493749 is negative.
Warning: Pdibl2 = -0.000925472 is negative.

Checking parameters for BSIM 4.5 model xarr.xpex.xn114:pshort_model.32
Warning: A2 = 1.14662 is larger than 1. A2 is set to 1 and A1 is set to 0.
Warning: Pdibl1 = -0.0493749 is negative.
Warning: Pdibl2 = -0.000925472 is negative.

Checking parameters for BSIM 4.5 model xarr.xpex.xn113:pshort_model.40
Warning: A2 = 1.0885 is larger than 1. A2 is set to 1 and A1 is set to 0.
Warning: Pdibl1 = -0.00669442 is negative.

Checking parameters for BSIM 4.5 model xarr.xpex.xn112:pshort_model.43
Warning: Eta0 = -0.000373202 is negative.

Checking parameters for BSIM 4.5 model xarr.xpex.xn111:pshort_model.40
Warning: A2 = 1.0885 is larger than 1. A2 is set to 1 and A1 is set to 0.
Warning: Pdibl1 = -0.00669442 is negative.

Checking parameters for BSIM 4.5 model xarr.xpex.xn110:pshort_model.32
Warning: A2 = 1.14662 is larger than 1. A2 is set to 1 and A1 is set to 0.
Warning: Pdibl1 = -0.0493749 is negative.
Warning: Pdibl2 = -0.000925472 is negative.

Checking parameters for BSIM 4.5 model xarr.xpex.xn109:pshort_model.32
Warning: A2 = 1.14662 is larger than 1. A2 is set to 1 and A1 is set to 0.
Warning: Pdibl1 = -0.0493749 is negative.
Warning: Pdibl2 = -0.000925472 is negative.

Checking parameters for BSIM 4.5 model xarr.xpex.xn108:pshort_model.43
Warning: Eta0 = -0.000373202 is negative.

Checking parameters for BSIM 4.5 model xarr.xpex.xn107:pshort_model.32
Warning: A2 = 1.14662 is larger than 1. A2 is set to 1 and A1 is set to 0.
Warning: Pdibl1 = -0.0493749 is negative.
Warning: Pdibl2 = -0.000925472 is negative.

Checking parameters for BSIM 4.5 model xarr.xpex.xn106:pshort_model.32
Warning: A2 = 1.14662 is larger than 1. A2 is set to 1 and A1 is set to 0.
Warning: Pdibl1 = -0.0493749 is negative.
Warning: Pdibl2 = -0.000925472 is negative.

Checking parameters for BSIM 4.5 model xarr.xpex.xn105:pshort_model.40
Warning: A2 = 1.0885 is larger than 1. A2 is set to 1 and A1 is set to 0.
Warning: Pdibl1 = -0.00669442 is negative.

Checking parameters for BSIM 4.5 model xarr.xpex.xn104:pshort_model.43
Warning: Eta0 = -0.000373202 is negative.

Checking parameters for BSIM 4.5 model xarr.xpex.xn103:pshort_model.40
Warning: A2 = 1.0885 is larger than 1. A2 is set to 1 and A1 is set to 0.
Warning: Pdibl1 = -0.00669442 is negative.

Checking parameters for BSIM 4.5 model xarr.xpex.xn102:pshort_model.43
Warning: Eta0 = -0.000373202 is negative.

Checking parameters for BSIM 4.5 model xarr.xpex.xn101:pshort_model.32
Warning: A2 = 1.14662 is larger than 1. A2 is set to 1 and A1 is set to 0.
Warning: Pdibl1 = -0.0493749 is negative.
Warning: Pdibl2 = -0.000925472 is negative.

Checking parameters for BSIM 4.5 model xarr.xpex.xn100:pshort_model.32
Warning: A2 = 1.14662 is larger than 1. A2 is set to 1 and A1 is set to 0.
Warning: Pdibl1 = -0.0493749 is negative.
Warning: Pdibl2 = -0.000925472 is negative.

Checking parameters for BSIM 4.5 model xarr.xpex.xn99:pshort_model.43
Warning: Eta0 = -0.000373202 is negative.

Checking parameters for BSIM 4.5 model xarr.xpex.xn98:pshort_model.32
Warning: A2 = 1.14662 is larger than 1. A2 is set to 1 and A1 is set to 0.
Warning: Pdibl1 = -0.0493749 is negative.
Warning: Pdibl2 = -0.000925472 is negative.

Checking parameters for BSIM 4.5 model xarr.xpex.xn97:pshort_model.32
Warning: A2 = 1.14662 is larger than 1. A2 is set to 1 and A1 is set to 0.
Warning: Pdibl1 = -0.0493749 is negative.
Warning: Pdibl2 = -0.000925472 is negative.

Checking parameters for BSIM 4.5 model xarr.xpex.xn96:pshort_model.40
Warning: A2 = 1.0885 is larger than 1. A2 is set to 1 and A1 is set to 0.
Warning: Pdibl1 = -0.00669442 is negative.

Checking parameters for BSIM 4.5 model xarr.xpex.xn95:pshort_model.43
Warning: Eta0 = -0.000373202 is negative.

Checking parameters for BSIM 4.5 model xarr.xpex.xn94:pshort_model.40
Warning: A2 = 1.0885 is larger than 1. A2 is set to 1 and A1 is set to 0.
Warning: Pdibl1 = -0.00669442 is negative.

Checking parameters for BSIM 4.5 model xarr.xpex.xn93:pshort_model.40
Warning: A2 = 1.0885 is larger than 1. A2 is set to 1 and A1 is set to 0.
Warning: Pdibl1 = -0.00669442 is negative.

Checking parameters for BSIM 4.5 model xarr.xpex.xn92:pshort_model.40
Warning: A2 = 1.0885 is larger than 1. A2 is set to 1 and A1 is set to 0.
Warning: Pdibl1 = -0.00669442 is negative.

Checking parameters for BSIM 4.5 model xarr.xpex.xn91:pshort_model.40
Warning: A2 = 1.0885 is larger than 1. A2 is set to 1 and A1 is set to 0.
Warning: Pdibl1 = -0.00669442 is negative.

Checking parameters for BSIM 4.5 model xarr.xpex.xn90:pshort_model.40
Warning: A2 = 1.0885 is larger than 1. A2 is set to 1 and A1 is set to 0.
Warning: Pdibl1 = -0.00669442 is negative.

Checking parameters for BSIM 4.5 model xarr.xpex.xn89:pshort_model.40
Warning: A2 = 1.0885 is larger than 1. A2 is set to 1 and A1 is set to 0.
Warning: Pdibl1 = -0.00669442 is negative.

Checking parameters for BSIM 4.5 model xarr.xpex.xn88:pshort_model.40
Warning: A2 = 1.0885 is larger than 1. A2 is set to 1 and A1 is set to 0.
Warning: Pdibl1 = -0.00669442 is negative.

Checking parameters for BSIM 4.5 model xarr.xpex.xn87:pshort_model.40
Warning: A2 = 1.0885 is larger than 1. A2 is set to 1 and A1 is set to 0.
Warning: Pdibl1 = -0.00669442 is negative.

Checking parameters for BSIM 4.5 model xarr.xpex.xn86:pshort_model.40
Warning: A2 = 1.0885 is larger than 1. A2 is set to 1 and A1 is set to 0.
Warning: Pdibl1 = -0.00669442 is negative.

Checking parameters for BSIM 4.5 model xarr.xpex.xn85:pshort_model.40
Warning: A2 = 1.0885 is larger than 1. A2 is set to 1 and A1 is set to 0.
Warning: Pdibl1 = -0.00669442 is negative.

Checking parameters for BSIM 4.5 model xarr.xpex.xn84:pshort_model.40
Warning: A2 = 1.0885 is larger than 1. A2 is set to 1 and A1 is set to 0.
Warning: Pdibl1 = -0.00669442 is negative.

Checking parameters for BSIM 4.5 model xarr.xpex.xn83:pshort_model.40
Warning: A2 = 1.0885 is larger than 1. A2 is set to 1 and A1 is set to 0.
Warning: Pdibl1 = -0.00669442 is negative.

Checking parameters for BSIM 4.5 model xarr.xpex.xn82:pshort_model.40
Warning: A2 = 1.0885 is larger than 1. A2 is set to 1 and A1 is set to 0.
Warning: Pdibl1 = -0.00669442 is negative.

Checking parameters for BSIM 4.5 model xarr.xpex.xn81:pshort_model.40
Warning: A2 = 1.0885 is larger than 1. A2 is set to 1 and A1 is set to 0.
Warning: Pdibl1 = -0.00669442 is negative.

Checking parameters for BSIM 4.5 model xarr.xpex.xn80:pshort_model.40
Warning: A2 = 1.0885 is larger than 1. A2 is set to 1 and A1 is set to 0.
Warning: Pdibl1 = -0.00669442 is negative.

Checking parameters for BSIM 4.5 model xarr.xpex.xn79:pshort_model.40
Warning: A2 = 1.0885 is larger than 1. A2 is set to 1 and A1 is set to 0.
Warning: Pdibl1 = -0.00669442 is negative.

Checking parameters for BSIM 4.5 model xarr.xpex.xn78:pshort_model.40
Warning: A2 = 1.0885 is larger than 1. A2 is set to 1 and A1 is set to 0.
Warning: Pdibl1 = -0.00669442 is negative.

Checking parameters for BSIM 4.5 model xarr.xpex.xn77:pshort_model.40
Warning: A2 = 1.0885 is larger than 1. A2 is set to 1 and A1 is set to 0.
Warning: Pdibl1 = -0.00669442 is negative.

Checking parameters for BSIM 4.5 model xarr.xpex.xn76:pshort_model.40
Warning: A2 = 1.0885 is larger than 1. A2 is set to 1 and A1 is set to 0.
Warning: Pdibl1 = -0.00669442 is negative.

Checking parameters for BSIM 4.5 model xarr.xpex.xn75:pshort_model.40
Warning: A2 = 1.0885 is larger than 1. A2 is set to 1 and A1 is set to 0.
Warning: Pdibl1 = -0.00669442 is negative.

Checking parameters for BSIM 4.5 model xarr.xpex.xn74:pshort_model.40
Warning: A2 = 1.0885 is larger than 1. A2 is set to 1 and A1 is set to 0.
Warning: Pdibl1 = -0.00669442 is negative.

Checking parameters for BSIM 4.5 model xarr.xpex.xn73:pshort_model.40
Warning: A2 = 1.0885 is larger than 1. A2 is set to 1 and A1 is set to 0.
Warning: Pdibl1 = -0.00669442 is negative.

Checking parameters for BSIM 4.5 model xarr.xpex.xn72:pshort_model.40
Warning: A2 = 1.0885 is larger than 1. A2 is set to 1 and A1 is set to 0.
Warning: Pdibl1 = -0.00669442 is negative.

Checking parameters for BSIM 4.5 model xarr.xpex.xn71:pshort_model.40
Warning: A2 = 1.0885 is larger than 1. A2 is set to 1 and A1 is set to 0.
Warning: Pdibl1 = -0.00669442 is negative.

Checking parameters for BSIM 4.5 model xarr.xpex.xn70:pshort_model.40
Warning: A2 = 1.0885 is larger than 1. A2 is set to 1 and A1 is set to 0.
Warning: Pdibl1 = -0.00669442 is negative.

Checking parameters for BSIM 4.5 model xarr.xpex.xn69:pshort_model.40
Warning: A2 = 1.0885 is larger than 1. A2 is set to 1 and A1 is set to 0.
Warning: Pdibl1 = -0.00669442 is negative.

Checking parameters for BSIM 4.5 model xarr.xpex.xn68:pshort_model.40
Warning: A2 = 1.0885 is larger than 1. A2 is set to 1 and A1 is set to 0.
Warning: Pdibl1 = -0.00669442 is negative.

Checking parameters for BSIM 4.5 model xarr.xpex.xn67:pshort_model.40
Warning: A2 = 1.0885 is larger than 1. A2 is set to 1 and A1 is set to 0.
Warning: Pdibl1 = -0.00669442 is negative.

Checking parameters for BSIM 4.5 model xarr.xpex.xn66:nshort_model.48
Warning: Eta0 = -0.0261666 is negative.

Checking parameters for BSIM 4.5 model xarr.xpex.xn65:nshort_model.40
Warning: Eta0 = -0.00908636 is negative.

Checking parameters for BSIM 4.5 model xarr.xpex.xn64:nshort_model.40
Warning: Eta0 = -0.00908636 is negative.

Checking parameters for BSIM 4.5 model xarr.xpex.xn63:nshort_model.40
Warning: Eta0 = -0.00908636 is negative.

Checking parameters for BSIM 4.5 model xarr.xpex.xn62:nshort_model.40
Warning: Eta0 = -0.00908636 is negative.

Checking parameters for BSIM 4.5 model xarr.xpex.xn61:nshort_model.48
Warning: Eta0 = -0.0261666 is negative.

Checking parameters for BSIM 4.5 model xarr.xpex.xn60:nshort_model.48
Warning: Eta0 = -0.0261666 is negative.

Checking parameters for BSIM 4.5 model xarr.xpex.xn59:nshort_model.40
Warning: Eta0 = -0.00908636 is negative.

Checking parameters for BSIM 4.5 model xarr.xpex.xn58:nshort_model.40
Warning: Eta0 = -0.00908636 is negative.

Checking parameters for BSIM 4.5 model xarr.xpex.xn57:nshort_model.40
Warning: Eta0 = -0.00908636 is negative.

Checking parameters for BSIM 4.5 model xarr.xpex.xn56:nshort_model.40
Warning: Eta0 = -0.00908636 is negative.

Checking parameters for BSIM 4.5 model xarr.xpex.xn55:nshort_model.48
Warning: Eta0 = -0.0261666 is negative.

Checking parameters for BSIM 4.5 model xarr.xpex.xn54:nshort_model.48
Warning: Eta0 = -0.0261666 is negative.

Checking parameters for BSIM 4.5 model xarr.xpex.xn53:nshort_model.40
Warning: Eta0 = -0.00908636 is negative.

Checking parameters for BSIM 4.5 model xarr.xpex.xn52:nshort_model.40
Warning: Eta0 = -0.00908636 is negative.

Checking parameters for BSIM 4.5 model xarr.xpex.xn51:nshort_model.40
Warning: Eta0 = -0.00908636 is negative.

Checking parameters for BSIM 4.5 model xarr.xpex.xn50:nshort_model.40
Warning: Eta0 = -0.00908636 is negative.

Checking parameters for BSIM 4.5 model xarr.xpex.xn49:nshort_model.48
Warning: Eta0 = -0.0261666 is negative.

Checking parameters for BSIM 4.5 model xarr.xpex.xn48:nshort_model.48
Warning: Eta0 = -0.0261666 is negative.

Checking parameters for BSIM 4.5 model xarr.xpex.xn47:nshort_model.48
Warning: Eta0 = -0.0261666 is negative.

Checking parameters for BSIM 4.5 model xarr.xpex.xn46:nshort_model.48
Warning: Eta0 = -0.0261666 is negative.

Checking parameters for BSIM 4.5 model xarr.xpex.xn45:nshort_model.48
Warning: Eta0 = -0.0261666 is negative.

Checking parameters for BSIM 4.5 model xarr.xpex.xn44:nshort_model.48
Warning: Eta0 = -0.0261666 is negative.

Checking parameters for BSIM 4.5 model xarr.xpex.xn43:nshort_model.48
Warning: Eta0 = -0.0261666 is negative.

Checking parameters for BSIM 4.5 model xarr.xpex.xn42:nshort_model.48
Warning: Eta0 = -0.0261666 is negative.

Checking parameters for BSIM 4.5 model xarr.xpex.xn41:nshort_model.48
Warning: Eta0 = -0.0261666 is negative.

Checking parameters for BSIM 4.5 model xarr.xpex.xn40:nshort_model.48
Warning: Eta0 = -0.0261666 is negative.

Checking parameters for BSIM 4.5 model xarr.xpex.xn39:nshort_model.48
Warning: Eta0 = -0.0261666 is negative.

Checking parameters for BSIM 4.5 model xarr.xpex.xn38:nshort_model.48
Warning: Eta0 = -0.0261666 is negative.

Checking parameters for BSIM 4.5 model xarr.xpex.xn37:nshort_model.48
Warning: Eta0 = -0.0261666 is negative.

Checking parameters for BSIM 4.5 model xarr.xpex.xn35:nshort_model.48
Warning: Eta0 = -0.0261666 is negative.

Checking parameters for BSIM 4.5 model xarr.xpex.xn33:nshort_model.48
Warning: Eta0 = -0.0261666 is negative.

Checking parameters for BSIM 4.5 model xarr.xpex.xn31:nshort_model.48
Warning: Eta0 = -0.0261666 is negative.

Checking parameters for BSIM 4.5 model xarr.xpex.xn28:nshort_model.48
Warning: Eta0 = -0.0261666 is negative.

Checking parameters for BSIM 4.5 model xarr.xpex.xn27:nshort_model.48
Warning: Eta0 = -0.0261666 is negative.

Checking parameters for BSIM 4.5 model xarr.xpex.xn25:nshort_model.48
Warning: Eta0 = -0.0261666 is negative.

Checking parameters for BSIM 4.5 model xarr.xpex.xn23:nshort_model.48
Warning: Eta0 = -0.0261666 is negative.

Checking parameters for BSIM 4.5 model xarr.xpex.xn21:nshort_model.48
Warning: Eta0 = -0.0261666 is negative.

Checking parameters for BSIM 4.5 model xarr.xpex.xn8:nshort_model.40
Warning: Eta0 = -0.00908636 is negative.

Checking parameters for BSIM 4.5 model xarr.xpex.xn7:nshort_model.40
Warning: Eta0 = -0.00908636 is negative.

Checking parameters for BSIM 4.5 model xarr.xpex.xn6:nshort_model.40
Warning: Eta0 = -0.00908636 is negative.

Checking parameters for BSIM 4.5 model xarr.xpex.xn5:nshort_model.40
Warning: Eta0 = -0.00908636 is negative.

Checking parameters for BSIM 4.5 model xarr.xpex.xn4:nshort_model.40
Warning: Eta0 = -0.00908636 is negative.

Checking parameters for BSIM 4.5 model xarr.xpex.xn3:nshort_model.40
Warning: Eta0 = -0.00908636 is negative.

Checking parameters for BSIM 4.5 model xarr.xpex.xn2:nshort_model.40
Warning: Eta0 = -0.00908636 is negative.

Checking parameters for BSIM 4.5 model xarr.xpex.xn1:nshort_model.40
Warning: Eta0 = -0.00908636 is negative.

Error: measure  vsub_max  max(TRIG) : no such vector as 'v(xarr.vsubs)'

Error: measure  vsub_min  min(TRIG) : no such vector as 'v(xarr.vsubs)'
Warning from checkvalid: vector vsub_max is not available or has zero length.
Error: RHS "(vsub_max - vsub_min) / 1.8" invalid
Warning from checkvalid: vector vsub_swing_frac is not available or has zero length.

