|* Post-layout ro_array_core (whole array, real inter-ring wiring), FLOATING
|* substrate, rings 2-4 PRESENT BUT STOPPED (en2/en3/en4 held at 0 for the
|* whole run) -- the array-scale sibling of
|* sim/post-layout-ro-ring5/testbench/tb_post_layout_substrate_float_solo.spice.
|*
|* Purpose: separate LOADING (the floating node's own capacitance/impedance,
|* present even with no other ring switching) from COUPLING (ring 1's period
|* moving because rings 2-4 are actually driving the same shared node), the
|* same three-way decomposition DR-0005 finding 3 used at ring scope:
|*
|*   loading  = t(this deck)                         - t(tied, sibling deck)
|*   coupling = t(substrate_float, all 4 running)     - t(this deck)
|*
|* Same array GDS extraction as the other two decks in this directory (real
|* physical ring-to-ring proximity, not four separately-placed leaf cells),
|* so this is the strongest available bound on the substrate mechanism this
|* repo has produced -- still not the physical answer (the extractor emits
|* no substrate or tap resistance at all; klayout-tools#1503), but bracketing
|* the terminals of a real, physically-placed layout's own shared node
|* rather than a hand-tied approximation of one.
|*
|* With en2/en3/en4 held at 0, ro_nand2's own defined-output-on-disable state
|* (design/README.md; DR-0003) pins ring2/3/4's node ro_ring5 outputs high --
|* a defined, non-switching state, not a floating one -- so rn2/rn3/rn4 (and
|* therefore ro2/ro3/ro4 and the XOR tree downstream of them) settle and stay
|* put; only ring 1 free-runs.
|*
|* This file is a TEMPLATE: sim/bin/corner-run.py substitutes /Users/rwalters/.volare/volare/sky130/versions/c6d73a35f524070e85faff4a6a9eef49553ebc2b/sky130A/libs.tech/combined/sky130.lib.spice,
|* tt, /Users/rwalters/GitHub/sky130-trng/.loom/worktrees/issue-22/layout/pex-array/ro_array_core_pex.spice, 27.0 and 1.8. As committed it is not a
|* runnable deck. Invoke with
|* `--pex-lib layout/pex-array/ro_array_core_pex.spice`.
|
|.option scale=1u
|.lib "/Users/rwalters/.volare/volare/sky130/versions/c6d73a35f524070e85faff4a6a9eef49553ebc2b/sky130A/libs.tech/combined/sky130.lib.spice" tt
|
|.include "/Users/rwalters/GitHub/sky130-trng/.loom/worktrees/issue-22/layout/pex-array/ro_array_core_pex.spice"
|
|.temp 27.0
|
|* --- substrate return node: FLOATING (see header) -- no Vsub source ----
|
|Vddrp1 pvddr1 0 dc 1.8
|Vddrp2 pvddr2 0 dc 1.8
|Vddrp3 pvddr3 0 dc 1.8
|Vddrp4 pvddr4 0 dc 1.8
|Vddp pvdd 0 dc 1.8
|Venp1 pen1 0 PULSE(0 1.8 5n 100p 100p 1u 2u)
|* rings 2-4: held at 0 for the whole run -- present, but never released.
|Venp2 pen2 0 dc 0
|Venp3 pen3 0 dc 0
|Venp4 pen4 0 dc 0
|xarr pen1 pen2 pen3 pen4 pvddr1 pvddr2 pvddr3 pvddr4 pvdd 0 pxo pro1 pro2 pro3 pro4 ro_array_core_pex
|
|.ic v(pro1)=0
|.ic v(pro2)=0
|.ic v(pro3)=0
|.ic v(pro4)=0
|
|.save v(pro1) v(xarr.vsubs)
|.save i(Vddrp1)
|
|.tran 5p 800n uic
|
|.control
|run
|
|meas tran pt1a when v(pro1)=0.5*1.8 rise=3
|meas tran pt1b when v(pro1)=0.5*1.8 rise=13
|let p_tr1 = (pt1b - pt1a)/10
|
|meas tran vsub_max MAX v(xarr.vsubs) from=100n to=800n
|meas tran vsub_min MIN v(xarr.vsubs) from=100n to=800n
|let vsub_swing_frac = (vsub_max - vsub_min) / 1.8
|
|print p_tr1
|print vsub_swing_frac
|.endc
|.end
|

----- stdout -----

Note: Compatibility modes selected: hs a


Circuit: * post-layout ro_array_core (whole array, real inter-ring wiring), floating

option SCALE: Scale is set to 1e-06 for instance and model parameters
option SCALE: Scale is set to 1e-06 for instance and model parameters
option SCALE: Scale is set to 1e-06 for instance and model parameters
option SCALE: Scale is set to 1e-06 for instance and model parameters
option SCALE: Scale is set to 1e-06 for instance and model parameters
Doing analysis at TEMP = 27.000000 and TNOM = 27.000000

Using SPARSE 1.3 as Direct Linear Solver
Operating point simulation skipped by 'uic',
  now using transient initial conditions.
 Reference value :  5.00000e-14
 Reference value :  1.35221e-09
 Reference value :  2.88721e-09
 Reference value :  4.45221e-09
 Reference value :  5.94250e-09
 Reference value :  7.57250e-09
 Reference value :  9.08750e-09
 Reference value :  1.06225e-08
 Reference value :  1.21775e-08
 Reference value :  1.36625e-08
 Reference value :  1.51975e-08
 Reference value :  1.67175e-08
 Reference value :  1.82625e-08
 Reference value :  1.96775e-08
 Reference value :  2.10925e-08
 Reference value :  2.24575e-08
 Reference value :  2.38525e-08
 Reference value :  2.52825e-08
 Reference value :  2.66925e-08
 Reference value :  2.81275e-08
 Reference value :  2.96025e-08
 Reference value :  3.10625e-08
 Reference value :  3.25425e-08
 Reference value :  3.41825e-08
 Reference value :  3.56525e-08
 Reference value :  3.71775e-08
 Reference value :  3.87075e-08
 Reference value :  4.01125e-08
 Reference value :  4.16375e-08
 Reference value :  4.31325e-08
 Reference value :  4.47225e-08
 Reference value :  4.61825e-08
 Reference value :  4.77475e-08
 Reference value :  4.91975e-08
 Reference value :  5.07125e-08
 Reference value :  5.22475e-08
 Reference value :  5.37775e-08
 Reference value :  5.52225e-08
 Reference value :  5.67125e-08
 Reference value :  5.82375e-08
 Reference value :  5.95775e-08
 Reference value :  6.11125e-08
 Reference value :  6.24925e-08
 Reference value :  6.39775e-08
 Reference value :  6.54625e-08
 Reference value :  6.68525e-08
 Reference value :  6.83175e-08
 Reference value :  6.98275e-08
 Reference value :  7.13675e-08
 Reference value :  7.28175e-08
 Reference value :  7.43375e-08
 Reference value :  7.58375e-08
 Reference value :  7.74225e-08
 Reference value :  7.89225e-08
 Reference value :  8.04175e-08
 Reference value :  8.19425e-08
 Reference value :  8.35125e-08
 Reference value :  8.50875e-08
 Reference value :  8.65525e-08
 Reference value :  8.80875e-08
 Reference value :  8.95675e-08
 Reference value :  9.10925e-08
 Reference value :  9.24775e-08
 Reference value :  9.39375e-08
 Reference value :  9.53875e-08
 Reference value :  9.68875e-08
 Reference value :  9.84425e-08
 Reference value :  9.99875e-08
 Reference value :  1.01498e-07
 Reference value :  1.03043e-07
 Reference value :  1.04583e-07
 Reference value :  1.06078e-07
 Reference value :  1.07603e-07
 Reference value :  1.09123e-07
 Reference value :  1.10668e-07
 Reference value :  1.12128e-07
 Reference value :  1.13493e-07
 Reference value :  1.14883e-07
 Reference value :  1.16418e-07
 Reference value :  1.17933e-07
 Reference value :  1.19398e-07
 Reference value :  1.20923e-07
 Reference value :  1.22518e-07
 Reference value :  1.24068e-07
 Reference value :  1.25573e-07
 Reference value :  1.27113e-07
 Reference value :  1.28633e-07
 Reference value :  1.30173e-07
 Reference value :  1.31718e-07
 Reference value :  1.33198e-07
 Reference value :  1.34773e-07
 Reference value :  1.36343e-07
 Reference value :  1.37883e-07
 Reference value :  1.39358e-07
 Reference value :  1.40923e-07
 Reference value :  1.42443e-07
 Reference value :  1.43948e-07
 Reference value :  1.45343e-07
 Reference value :  1.46748e-07
 Reference value :  1.48158e-07
 Reference value :  1.49608e-07
 Reference value :  1.51048e-07
 Reference value :  1.52443e-07
 Reference value :  1.53948e-07
 Reference value :  1.55433e-07
 Reference value :  1.57013e-07
 Reference value :  1.58483e-07
 Reference value :  1.59968e-07
 Reference value :  1.61433e-07
 Reference value :  1.62933e-07
 Reference value :  1.64468e-07
 Reference value :  1.65943e-07
 Reference value :  1.67458e-07
 Reference value :  1.68953e-07
 Reference value :  1.70528e-07
 Reference value :  1.71978e-07
 Reference value :  1.73418e-07
 Reference value :  1.74888e-07
 Reference value :  1.76413e-07
 Reference value :  1.77998e-07
 Reference value :  1.79368e-07
 Reference value :  1.80828e-07
 Reference value :  1.82323e-07
 Reference value :  1.83828e-07
 Reference value :  1.85258e-07
 Reference value :  1.86718e-07
 Reference value :  1.88173e-07
 Reference value :  1.89638e-07
 Reference value :  1.91138e-07
 Reference value :  1.92513e-07
 Reference value :  1.93973e-07
 Reference value :  1.95338e-07
 Reference value :  1.96753e-07
 Reference value :  1.98113e-07
 Reference value :  1.99428e-07
 Reference value :  2.00758e-07
 Reference value :  2.02213e-07
 Reference value :  2.03603e-07
 Reference value :  2.04958e-07
 Reference value :  2.06343e-07
 Reference value :  2.07703e-07
 Reference value :  2.09068e-07
 Reference value :  2.10448e-07
 Reference value :  2.11763e-07
 Reference value :  2.13218e-07
 Reference value :  2.14628e-07
 Reference value :  2.16113e-07
 Reference value :  2.17603e-07
 Reference value :  2.19038e-07
 Reference value :  2.20498e-07
 Reference value :  2.21878e-07
 Reference value :  2.23308e-07
 Reference value :  2.24698e-07
 Reference value :  2.26078e-07
 Reference value :  2.27463e-07
 Reference value :  2.28853e-07
 Reference value :  2.30253e-07
 Reference value :  2.31578e-07
 Reference value :  2.32953e-07
 Reference value :  2.34293e-07
 Reference value :  2.35668e-07
 Reference value :  2.37048e-07
 Reference value :  2.38378e-07
 Reference value :  2.39718e-07
 Reference value :  2.41078e-07
 Reference value :  2.42478e-07
 Reference value :  2.43933e-07
 Reference value :  2.45253e-07
 Reference value :  2.46663e-07
 Reference value :  2.48033e-07
 Reference value :  2.49428e-07
 Reference value :  2.50818e-07
 Reference value :  2.52163e-07
 Reference value :  2.53568e-07
 Reference value :  2.54938e-07
 Reference value :  2.56343e-07
 Reference value :  2.57748e-07
 Reference value :  2.59073e-07
 Reference value :  2.60428e-07
 Reference value :  2.61838e-07
 Reference value :  2.63223e-07
 Reference value :  2.64543e-07
 Reference value :  2.65913e-07
 Reference value :  2.67198e-07
 Reference value :  2.68523e-07
 Reference value :  2.69878e-07
 Reference value :  2.71163e-07
 Reference value :  2.72523e-07
 Reference value :  2.73893e-07
 Reference value :  2.75288e-07
 Reference value :  2.76653e-07
 Reference value :  2.77978e-07
 Reference value :  2.79323e-07
 Reference value :  2.80683e-07
 Reference value :  2.82053e-07
 Reference value :  2.83378e-07
 Reference value :  2.84713e-07
 Reference value :  2.86112e-07
 Reference value :  2.87447e-07
 Reference value :  2.88872e-07
 Reference value :  2.90312e-07
 Reference value :  2.91652e-07
 Reference value :  2.93057e-07
 Reference value :  2.94397e-07
 Reference value :  2.95777e-07
 Reference value :  2.97182e-07
 Reference value :  2.98517e-07
 Reference value :  2.99867e-07
 Reference value :  3.01292e-07
 Reference value :  3.02627e-07
 Reference value :  3.03992e-07
 Reference value :  3.05307e-07
 Reference value :  3.06657e-07
 Reference value :  3.08032e-07
 Reference value :  3.09447e-07
 Reference value :  3.10807e-07
 Reference value :  3.12192e-07
 Reference value :  3.13582e-07
 Reference value :  3.15007e-07
 Reference value :  3.16437e-07
 Reference value :  3.17797e-07
 Reference value :  3.19192e-07
 Reference value :  3.20537e-07
 Reference value :  3.21872e-07
 Reference value :  3.23257e-07
 Reference value :  3.24582e-07
 Reference value :  3.25977e-07
 Reference value :  3.27357e-07
 Reference value :  3.28802e-07
 Reference value :  3.30212e-07
 Reference value :  3.31517e-07
 Reference value :  3.32882e-07
 Reference value :  3.34187e-07
 Reference value :  3.35502e-07
 Reference value :  3.36822e-07
 Reference value :  3.38132e-07
 Reference value :  3.39497e-07
 Reference value :  3.40817e-07
 Reference value :  3.42177e-07
 Reference value :  3.43517e-07
 Reference value :  3.44847e-07
 Reference value :  3.46202e-07
 Reference value :  3.47527e-07
 Reference value :  3.48867e-07
 Reference value :  3.50197e-07
 Reference value :  3.51502e-07
 Reference value :  3.52857e-07
 Reference value :  3.54167e-07
 Reference value :  3.55557e-07
 Reference value :  3.56947e-07
 Reference value :  3.58312e-07
 Reference value :  3.59717e-07
 Reference value :  3.61137e-07
 Reference value :  3.62567e-07
 Reference value :  3.63887e-07
 Reference value :  3.65302e-07
 Reference value :  3.66672e-07
 Reference value :  3.68077e-07
 Reference value :  3.69467e-07
 Reference value :  3.70767e-07
 Reference value :  3.72132e-07
 Reference value :  3.73527e-07
 Reference value :  3.74942e-07
 Reference value :  3.76352e-07
 Reference value :  3.77627e-07
 Reference value :  3.79007e-07
 Reference value :  3.80407e-07
 Reference value :  3.81817e-07
 Reference value :  3.83222e-07
 Reference value :  3.84592e-07
 Reference value :  3.85952e-07
 Reference value :  3.87367e-07
 Reference value :  3.88732e-07
 Reference value :  3.90102e-07
 Reference value :  3.91407e-07
 Reference value :  3.92772e-07
 Reference value :  3.94122e-07
 Reference value :  3.95537e-07
 Reference value :  3.96892e-07
 Reference value :  3.98197e-07
 Reference value :  3.99557e-07
 Reference value :  4.00932e-07
 Reference value :  4.02282e-07
 Reference value :  4.03562e-07
 Reference value :  4.04887e-07
 Reference value :  4.06197e-07
 Reference value :  4.07567e-07
 Reference value :  4.08942e-07
 Reference value :  4.10362e-07
 Reference value :  4.11722e-07
 Reference value :  4.13087e-07
 Reference value :  4.14462e-07
 Reference value :  4.15877e-07
 Reference value :  4.17237e-07
 Reference value :  4.18682e-07
 Reference value :  4.20072e-07
 Reference value :  4.21527e-07
 Reference value :  4.22907e-07
 Reference value :  4.24247e-07
 Reference value :  4.25667e-07
 Reference value :  4.27097e-07
 Reference value :  4.28517e-07
 Reference value :  4.29947e-07
 Reference value :  4.31262e-07
 Reference value :  4.32752e-07
 Reference value :  4.34187e-07
 Reference value :  4.35687e-07
 Reference value :  4.37062e-07
 Reference value :  4.38457e-07
 Reference value :  4.39827e-07
 Reference value :  4.41192e-07
 Reference value :  4.42562e-07
 Reference value :  4.43867e-07
 Reference value :  4.45232e-07
 Reference value :  4.46582e-07
 Reference value :  4.47982e-07
 Reference value :  4.49377e-07
 Reference value :  4.50732e-07
 Reference value :  4.52107e-07
 Reference value :  4.53482e-07
 Reference value :  4.54882e-07
 Reference value :  4.56282e-07
 Reference value :  4.57602e-07
 Reference value :  4.58972e-07
 Reference value :  4.60317e-07
 Reference value :  4.61652e-07
 Reference value :  4.63027e-07
 Reference value :  4.64332e-07
 Reference value :  4.65702e-07
 Reference value :  4.67052e-07
 Reference value :  4.68447e-07
 Reference value :  4.69812e-07
 Reference value :  4.71187e-07
 Reference value :  4.72532e-07
 Reference value :  4.73917e-07
 Reference value :  4.75297e-07
 Reference value :  4.76657e-07
 Reference value :  4.78037e-07
 Reference value :  4.79412e-07
 Reference value :  4.80797e-07
 Reference value :  4.82162e-07
 Reference value :  4.83447e-07
 Reference value :  4.84827e-07
 Reference value :  4.86182e-07
 Reference value :  4.87542e-07
 Reference value :  4.88982e-07
 Reference value :  4.90332e-07
 Reference value :  4.91722e-07
 Reference value :  4.93022e-07
 Reference value :  4.94382e-07
 Reference value :  4.95762e-07
 Reference value :  4.97032e-07
 Reference value :  4.98347e-07
 Reference value :  4.99687e-07
 Reference value :  5.01027e-07
 Reference value :  5.02357e-07
 Reference value :  5.03647e-07
 Reference value :  5.05002e-07
 Reference value :  5.06332e-07
 Reference value :  5.07702e-07
 Reference value :  5.09092e-07
 Reference value :  5.10512e-07
 Reference value :  5.11927e-07
 Reference value :  5.13307e-07
 Reference value :  5.14732e-07
 Reference value :  5.16142e-07
 Reference value :  5.17522e-07
 Reference value :  5.18912e-07
 Reference value :  5.20337e-07
 Reference value :  5.21727e-07
 Reference value :  5.23077e-07
 Reference value :  5.24547e-07
 Reference value :  5.25902e-07
 Reference value :  5.27347e-07
 Reference value :  5.28742e-07
 Reference value :  5.30082e-07
 Reference value :  5.31412e-07
 Reference value :  5.32717e-07
 Reference value :  5.34062e-07
 Reference value :  5.35417e-07
 Reference value :  5.36692e-07
 Reference value :  5.38072e-07
 Reference value :  5.39442e-07
 Reference value :  5.40772e-07
 Reference value :  5.42117e-07
 Reference value :  5.43407e-07
 Reference value :  5.44757e-07
 Reference value :  5.46097e-07
 Reference value :  5.47492e-07
 Reference value :  5.48912e-07
 Reference value :  5.50252e-07
 Reference value :  5.51657e-07
 Reference value :  5.53072e-07
 Reference value :  5.54482e-07
 Reference value :  5.55932e-07
 Reference value :  5.57312e-07
 Reference value :  5.58717e-07
 Reference value :  5.60217e-07
 Reference value :  5.61697e-07
 Reference value :  5.63027e-07
 Reference value :  5.64442e-07
 Reference value :  5.65852e-07
 Reference value :  5.67312e-07
 Reference value :  5.68722e-07
 Reference value :  5.70042e-07
 Reference value :  5.71422e-07
 Reference value :  5.72732e-07
 Reference value :  5.74047e-07
 Reference value :  5.75372e-07
 Reference value :  5.76612e-07
 Reference value :  5.77952e-07
 Reference value :  5.79262e-07
 Reference value :  5.80617e-07
 Reference value :  5.81962e-07
 Reference value :  5.83217e-07
 Reference value :  5.84562e-07
 Reference value :  5.85882e-07
 Reference value :  5.87272e-07
 Reference value :  5.88612e-07
 Reference value :  5.89922e-07
 Reference value :  5.91297e-07
 Reference value :  5.92632e-07
 Reference value :  5.94047e-07
 Reference value :  5.95447e-07
 Reference value :  5.96757e-07
 Reference value :  5.98127e-07
 Reference value :  5.99517e-07
 Reference value :  6.00908e-07
 Reference value :  6.02278e-07
 Reference value :  6.03613e-07
 Reference value :  6.04983e-07
 Reference value :  6.06498e-07
 Reference value :  6.07918e-07
 Reference value :  6.09283e-07
 Reference value :  6.10798e-07
 Reference value :  6.12208e-07
 Reference value :  6.13673e-07
 Reference value :  6.15133e-07
 Reference value :  6.16518e-07
 Reference value :  6.17913e-07
 Reference value :  6.19308e-07
 Reference value :  6.20668e-07
 Reference value :  6.22048e-07
 Reference value :  6.23333e-07
 Reference value :  6.24668e-07
 Reference value :  6.25988e-07
 Reference value :  6.27268e-07
 Reference value :  6.28613e-07
 Reference value :  6.29873e-07
 Reference value :  6.31188e-07
 Reference value :  6.32493e-07
 Reference value :  6.33828e-07
 Reference value :  6.35183e-07
 Reference value :  6.36458e-07
 Reference value :  6.37783e-07
 Reference value :  6.39093e-07
 Reference value :  6.40438e-07
 Reference value :  6.41763e-07
 Reference value :  6.43038e-07
 Reference value :  6.44418e-07
 Reference value :  6.45813e-07
 Reference value :  6.47243e-07
 Reference value :  6.48603e-07
 Reference value :  6.49928e-07
 Reference value :  6.51278e-07
 Reference value :  6.52638e-07
 Reference value :  6.54023e-07
 Reference value :  6.55343e-07
 Reference value :  6.56703e-07
 Reference value :  6.58028e-07
 Reference value :  6.59398e-07
 Reference value :  6.60738e-07
 Reference value :  6.62053e-07
 Reference value :  6.63368e-07
 Reference value :  6.64718e-07
 Reference value :  6.66053e-07
 Reference value :  6.67398e-07
 Reference value :  6.68748e-07
 Reference value :  6.70058e-07
 Reference value :  6.71403e-07
 Reference value :  6.72753e-07
 Reference value :  6.74178e-07
 Reference value :  6.75508e-07
 Reference value :  6.76908e-07
 Reference value :  6.78263e-07
 Reference value :  6.79658e-07
 Reference value :  6.81048e-07
 Reference value :  6.82428e-07
 Reference value :  6.83823e-07
 Reference value :  6.85173e-07
 Reference value :  6.86583e-07
 Reference value :  6.87963e-07
 Reference value :  6.89288e-07
 Reference value :  6.90628e-07
 Reference value :  6.91913e-07
 Reference value :  6.93253e-07
 Reference value :  6.94613e-07
 Reference value :  6.95893e-07
 Reference value :  6.97248e-07
 Reference value :  6.98583e-07
 Reference value :  6.99938e-07
 Reference value :  7.01293e-07
 Reference value :  7.02573e-07
 Reference value :  7.03928e-07
 Reference value :  7.05288e-07
 Reference value :  7.06718e-07
 Reference value :  7.08118e-07
 Reference value :  7.09448e-07
 Reference value :  7.10778e-07
 Reference value :  7.12133e-07
 Reference value :  7.13498e-07
 Reference value :  7.14853e-07
 Reference value :  7.16143e-07
 Reference value :  7.17463e-07
 Reference value :  7.18833e-07
 Reference value :  7.20258e-07
 Reference value :  7.21608e-07
 Reference value :  7.23038e-07
 Reference value :  7.24348e-07
 Reference value :  7.25763e-07
 Reference value :  7.27138e-07
 Reference value :  7.28468e-07
 Reference value :  7.29768e-07
 Reference value :  7.31058e-07
 Reference value :  7.32383e-07
 Reference value :  7.33768e-07
 Reference value :  7.35103e-07
 Reference value :  7.36543e-07
 Reference value :  7.37938e-07
 Reference value :  7.39398e-07
 Reference value :  7.40878e-07
 Reference value :  7.42328e-07
 Reference value :  7.43773e-07
 Reference value :  7.45128e-07
 Reference value :  7.46568e-07
 Reference value :  7.47968e-07
 Reference value :  7.49343e-07
 Reference value :  7.50708e-07
 Reference value :  7.52128e-07
 Reference value :  7.53523e-07
 Reference value :  7.54878e-07
 Reference value :  7.56303e-07
 Reference value :  7.57668e-07
 Reference value :  7.59118e-07
 Reference value :  7.60538e-07
 Reference value :  7.61913e-07
 Reference value :  7.63298e-07
 Reference value :  7.64648e-07
 Reference value :  7.66148e-07
 Reference value :  7.67528e-07
 Reference value :  7.68843e-07
 Reference value :  7.70193e-07
 Reference value :  7.71523e-07
 Reference value :  7.72903e-07
 Reference value :  7.74293e-07
 Reference value :  7.75643e-07
 Reference value :  7.77013e-07
 Reference value :  7.78363e-07
 Reference value :  7.79763e-07
 Reference value :  7.81143e-07
 Reference value :  7.82503e-07
 Reference value :  7.83858e-07
 Reference value :  7.85223e-07
 Reference value :  7.86668e-07
 Reference value :  7.88043e-07
 Reference value :  7.89508e-07
 Reference value :  7.90883e-07
 Reference value :  7.92343e-07
 Reference value :  7.93783e-07
 Reference value :  7.95188e-07
 Reference value :  7.96573e-07
 Reference value :  7.97908e-07
 Reference value :  7.99313e-07
No. of Data Rows : 160024
pt1a                =  2.14596e-08
pt1b                =  8.77103e-08
 meas tran vsub_max max v(xarr.vsubs) from=100n to=800n failed!

 meas tran vsub_min min v(xarr.vsubs) from=100n to=800n failed!

p_tr1 = 6.625069e-09
Note: Simulation executed from .control section 

----- stderr -----

Error: measure  vsub_max  max(TRIG) : no such vector as 'v(xarr.vsubs)'

Error: measure  vsub_min  min(TRIG) : no such vector as 'v(xarr.vsubs)'
Warning from checkvalid: vector vsub_max is not available or has zero length.
Error: RHS "(vsub_max - vsub_min) / 1.8" invalid
Warning from checkvalid: vector vsub_swing_frac is not available or has zero length.

