|* Post-layout sampler_core (whole composed cell), FLOATING substrate, rings
|* 2-4 PRESENT BUT STOPPED (en2/en3/en4 held at 0 for the whole run) -- the
|* sampler_core-scope sibling of
|* sim/post-layout-ro-array-core/testbench/tb_post_layout_ro_array_core_substrate_float_solo.spice,
|* now with all six sampler_dff instances present, loaded and clocked
|* identically to the sibling _float and _tied decks (the tied deck being
|* sim/post-layout-sampler-core/testbench/tb_post_layout_sampler_core.spice's
|* own post-layout half, already run and recorded).
|*
|* Purpose: separate LOADING (the floating node's own capacitance/impedance,
|* plus everything on it that is common to all three decks) from COUPLING
|* (ring 1's period moving because rings 2-4 are actually driving the same
|* shared node), the same three-way decomposition DR-0005 (ring scope) and
|* DR-0006 (array scope) used:
|*
|*   loading  = t(this deck)                              - t(tied)
|*   coupling = t(substrate_float, all 4 rings running)    - t(this deck)
|*
|* Holding the six samplers' own clk/rst_n stimulus IDENTICAL across
|* TIED/FLOAT/SOLO (rather than omitting them here) means their own
|* contribution to substrate loading is common to all three decks and
|* cancels out of BOTH differences above -- what changes between this deck
|* and the sibling _float deck is only whether rings 2-4 are switching,
|* isolating the ring-to-ring term DR-0003 section 8 actually asks about.
|*
|* Same sampler_core_pex extraction as the sibling _tied/_float decks in
|* this directory (real physical ring/buffer/xor2/sampler-bank proximity,
|* not leaf cells hand-tied to a shared node), so this is the strongest
|* available bound on the substrate mechanism this repo has produced at
|* sampler_core scope -- still not the physical answer (the extractor emits
|* no substrate or tap resistance at all; klayout-tools#1503), but bracketing
|* the terminals of a real, physically-placed layout's own shared node.
|*
|* With en2/en3/en4 held at 0, ro_nand2's own defined-output-on-disable state
|* (design/README.md; DR-0003) pins ring2/3/4's node ro_ring5 outputs high --
|* a defined, non-switching state, not a floating one -- so rn2/rn3/rn4 (and
|* therefore ro2/ro3/ro4 and the XOR tree downstream of them) settle and stay
|* put; only ring 1 free-runs. The six samplers still latch whatever settles
|* onto their own `d` pins at each clk edge -- a defined value, not floating
|* -- so this deck's own reset/capture behaviour is not separately measured
|* (that is the sibling _tied deck's own scope); only ring 1's period and the
|* substrate node's own swing are read here.
|*
|* TWO measurement windows, matching the sibling _float deck exactly (see
|* that deck's header for the full statement). `p_tr1` (rise=3 -> rise=13)
|* is the tied deck's own estimator verbatim and, at this design's
|* post-layout ring periods, falls entirely before `rst_n` releases at
|* 300 ns -- samplers loaded and placed, not switching. `p_tr1_clk` is a
|* ten-period average taken from the first rising edge past 400 ns, inside
|* the clocked window, with all six samplers actually latching; it is
|* time-gated (`TRIG`/`TARG ... TD=400n`) rather than rise-indexed because
|* the ring period varies 3.1x across this repo's PVT grid. Only the
|* `coupling` half of the decomposition can be computed on the clocked
|* estimator, since the already-minted tied records carry no counterpart to
|* it.
|*
|* Global substrate addressing, corrected from the start (see the sibling
|* _float deck's header for DR-0006's own documented `v(xarr.vsubs)` defect
|* this deck avoids): `vsubs` is `.global`, addressed as `v(vsubs)`.
|*
|* This file is a TEMPLATE: sim/bin/corner-run.py substitutes /Users/rwalters/.volare/volare/sky130/versions/c6d73a35f524070e85faff4a6a9eef49553ebc2b/sky130A/libs.tech/combined/sky130.lib.spice,
|* ss, -40.0, 1.98 and 5p. As committed it is not a
|* runnable deck. Invoke with
|* `--pex-lib layout/pex-sampler-core/sampler_core_pex.spice`.
|
|.option scale=1u
|.lib "/Users/rwalters/.volare/volare/sky130/versions/c6d73a35f524070e85faff4a6a9eef49553ebc2b/sky130A/libs.tech/combined/sky130.lib.spice" ss
|
|.include "/Users/rwalters/GitHub/sky130-trng/.loom/worktrees/issue-22/layout/pex-sampler-core/sampler_core_pex.spice"
|
|.temp -40.0
|
|* --- substrate return node: FLOATING (see header) -- no Vsub source ----
|
|Vddrp1 pvddr1 0 dc 1.98
|Vddrp2 pvddr2 0 dc 1.98
|Vddrp3 pvddr3 0 dc 1.98
|Vddrp4 pvddr4 0 dc 1.98
|Vddp pvdd 0 dc 1.98
|Venp1 pen1 0 PULSE(0 1.98 5n 100p 100p 1u 2u)
|* rings 2-4: held at 0 for the whole run -- present, but never released.
|Venp2 pen2 0 dc 0
|Venp3 pen3 0 dc 0
|Venp4 pen4 0 dc 0
|Vrstnp prst_n 0 PULSE(0 1.98 300n 100p 100p 10u 20u)
|Vclkp pclk 0 PULSE(0 1.98 320n 100p 100p 49.8n 100n)
|xarr pen1 pen2 pen3 pen4 pvddr1 pvddr2 pvddr3 pvddr4 pvdd 0 pclk prst_n
|+ praw_bit praw_valid pring_bit1 pring_bit2 pring_bit3 pring_bit4
|+ sampler_core_pex
|
|.ic v(xarr.ro1)=0 v(xarr.ro2)=0 v(xarr.ro3)=0 v(xarr.ro4)=0
|
|.save v(xarr.ro1) v(vsubs)
|
|* tstop is 600 ns, not the tied deck's 800 ns -- see the sibling _float
|* deck's own note on the same line for why that truncation is provably
|* immaterial to every number either deck reports.
|.tran 5p 600n uic
|
|.control
|run
|
|* --- primary estimator: identical to the tied and _float decks ---------
|meas tran pt1a when v(xarr.ro1)=0.5*1.98 rise=3
|meas tran pt1b when v(xarr.ro1)=0.5*1.98 rise=13
|let p_tr1 = (pt1b - pt1a)/10
|
|* --- second estimator: clocked window, time-gated (see header) ---------
|meas tran pd1_clk TRIG v(xarr.ro1) VAL=0.5*1.98 RISE=1 TD=400n
|+ TARG v(xarr.ro1) VAL=0.5*1.98 RISE=11 TD=400n
|let p_tr1_clk = pd1_clk/10
|
|* --- shared substrate node's own excursion, two windows ----------------
|meas tran vsub_rst_max MAX v(vsubs) from=100n to=300n
|meas tran vsub_rst_min MIN v(vsubs) from=100n to=300n
|let vsub_swing_rst = (vsub_rst_max - vsub_rst_min) / 1.98
|meas tran vsub_clk_max MAX v(vsubs) from=400n to=600n
|meas tran vsub_clk_min MIN v(vsubs) from=400n to=600n
|let vsub_swing_clk = (vsub_clk_max - vsub_clk_min) / 1.98
|
|print p_tr1
|print p_tr1_clk
|print vsub_swing_rst
|print vsub_swing_clk
|.endc
|.end
|

----- stdout -----

Note: Compatibility modes selected: hs a


Circuit: * post-layout sampler_core (whole composed cell), floating substrate, rings

option SCALE: Scale is set to 1e-06 for instance and model parameters
option SCALE: Scale is set to 1e-06 for instance and model parameters
option SCALE: Scale is set to 1e-06 for instance and model parameters
option SCALE: Scale is set to 1e-06 for instance and model parameters
option SCALE: Scale is set to 1e-06 for instance and model parameters
Doing analysis at TEMP = -40.000000 and TNOM = 27.000000

Using SPARSE 1.3 as Direct Linear Solver
Operating point simulation skipped by 'uic',
  now using transient initial conditions.
 Reference value :  5.00000e-14
 Reference value :  3.72326e-10
 Reference value :  9.42326e-10
 Reference value :  1.52233e-09
 Reference value :  2.10733e-09
 Reference value :  2.68233e-09
 Reference value :  3.25733e-09
 Reference value :  3.83733e-09
 Reference value :  4.41233e-09
 Reference value :  4.98233e-09
 Reference value :  5.48250e-09
 Reference value :  6.04750e-09
 Reference value :  6.62250e-09
 Reference value :  7.19250e-09
 Reference value :  7.75750e-09
 Reference value :  8.31250e-09
 Reference value :  8.86750e-09
 Reference value :  9.42750e-09
 Reference value :  9.98250e-09
 Reference value :  1.05425e-08
 Reference value :  1.10925e-08
 Reference value :  1.16375e-08
 Reference value :  1.21975e-08
 Reference value :  1.27475e-08
 Reference value :  1.33025e-08
 Reference value :  1.38525e-08
 Reference value :  1.44025e-08
 Reference value :  1.49725e-08
 Reference value :  1.55375e-08
 Reference value :  1.60975e-08
 Reference value :  1.66525e-08
 Reference value :  1.72025e-08
 Reference value :  1.77675e-08
 Reference value :  1.83225e-08
 Reference value :  1.88775e-08
 Reference value :  1.94375e-08
 Reference value :  1.99875e-08
 Reference value :  2.05525e-08
 Reference value :  2.11075e-08
 Reference value :  2.16675e-08
 Reference value :  2.22175e-08
 Reference value :  2.27725e-08
 Reference value :  2.33275e-08
 Reference value :  2.38875e-08
 Reference value :  2.44425e-08
 Reference value :  2.49975e-08
 Reference value :  2.55725e-08
 Reference value :  2.61375e-08
 Reference value :  2.66925e-08
 Reference value :  2.72425e-08
 Reference value :  2.78075e-08
 Reference value :  2.83625e-08
 Reference value :  2.89075e-08
 Reference value :  2.94525e-08
 Reference value :  3.00075e-08
 Reference value :  3.05625e-08
 Reference value :  3.11225e-08
 Reference value :  3.16775e-08
 Reference value :  3.22225e-08
 Reference value :  3.27675e-08
 Reference value :  3.33175e-08
 Reference value :  3.38675e-08
 Reference value :  3.43975e-08
 Reference value :  3.49575e-08
 Reference value :  3.55225e-08
 Reference value :  3.60775e-08
 Reference value :  3.66375e-08
 Reference value :  3.71925e-08
 Reference value :  3.77325e-08
 Reference value :  3.82975e-08
 Reference value :  3.88575e-08
 Reference value :  3.94125e-08
 Reference value :  3.99625e-08
 Reference value :  4.05325e-08
 Reference value :  4.10975e-08
 Reference value :  4.16525e-08
 Reference value :  4.22075e-08
 Reference value :  4.27625e-08
 Reference value :  4.33025e-08
 Reference value :  4.38525e-08
 Reference value :  4.44075e-08
 Reference value :  4.49525e-08
 Reference value :  4.55025e-08
 Reference value :  4.60475e-08
 Reference value :  4.66125e-08
 Reference value :  4.71625e-08
 Reference value :  4.77175e-08
 Reference value :  4.82525e-08
 Reference value :  4.87925e-08
 Reference value :  4.93325e-08
 Reference value :  4.98625e-08
 Reference value :  5.03925e-08
 Reference value :  5.09375e-08
 Reference value :  5.14825e-08
 Reference value :  5.20275e-08
 Reference value :  5.25675e-08
 Reference value :  5.31025e-08
 Reference value :  5.36375e-08
 Reference value :  5.41825e-08
 Reference value :  5.47225e-08
 Reference value :  5.52575e-08
 Reference value :  5.57825e-08
 Reference value :  5.63225e-08
 Reference value :  5.68575e-08
 Reference value :  5.74025e-08
 Reference value :  5.79475e-08
 Reference value :  5.84775e-08
 Reference value :  5.90225e-08
 Reference value :  5.95575e-08
 Reference value :  6.01025e-08
 Reference value :  6.06175e-08
 Reference value :  6.11625e-08
 Reference value :  6.17025e-08
 Reference value :  6.22475e-08
 Reference value :  6.27875e-08
 Reference value :  6.33375e-08
 Reference value :  6.38575e-08
 Reference value :  6.43975e-08
 Reference value :  6.49375e-08
 Reference value :  6.54725e-08
 Reference value :  6.60025e-08
 Reference value :  6.65575e-08
 Reference value :  6.71225e-08
 Reference value :  6.76625e-08
 Reference value :  6.81975e-08
 Reference value :  6.87375e-08
 Reference value :  6.92675e-08
 Reference value :  6.98025e-08
 Reference value :  7.03375e-08
 Reference value :  7.08875e-08
 Reference value :  7.14225e-08
 Reference value :  7.19625e-08
 Reference value :  7.25075e-08
 Reference value :  7.30575e-08
 Reference value :  7.36025e-08
 Reference value :  7.41375e-08
 Reference value :  7.46725e-08
 Reference value :  7.52125e-08
 Reference value :  7.57525e-08
 Reference value :  7.62725e-08
 Reference value :  7.68175e-08
 Reference value :  7.73525e-08
 Reference value :  7.79075e-08
 Reference value :  7.84625e-08
 Reference value :  7.90125e-08
 Reference value :  7.95425e-08
 Reference value :  8.00875e-08
 Reference value :  8.06275e-08
 Reference value :  8.11575e-08
 Reference value :  8.16925e-08
 Reference value :  8.22475e-08
 Reference value :  8.27925e-08
 Reference value :  8.33425e-08
 Reference value :  8.38925e-08
 Reference value :  8.44375e-08
 Reference value :  8.49725e-08
 Reference value :  8.55175e-08
 Reference value :  8.60625e-08
 Reference value :  8.65975e-08
 Reference value :  8.71275e-08
 Reference value :  8.76725e-08
 Reference value :  8.82175e-08
 Reference value :  8.87825e-08
 Reference value :  8.93275e-08
 Reference value :  8.98575e-08
 Reference value :  9.03925e-08
 Reference value :  9.09425e-08
 Reference value :  9.14775e-08
 Reference value :  9.19875e-08
 Reference value :  9.25275e-08
 Reference value :  9.30625e-08
 Reference value :  9.36025e-08
 Reference value :  9.41425e-08
 Reference value :  9.46875e-08
 Reference value :  9.52175e-08
 Reference value :  9.57525e-08
 Reference value :  9.62925e-08
 Reference value :  9.68225e-08
 Reference value :  9.73575e-08
 Reference value :  9.79525e-08
 Reference value :  9.84975e-08
 Reference value :  9.90375e-08
 Reference value :  9.95725e-08
 Reference value :  1.00108e-07
 Reference value :  1.00648e-07
 Reference value :  1.01193e-07
 Reference value :  1.01733e-07
 Reference value :  1.02263e-07
 Reference value :  1.02798e-07
 Reference value :  1.03348e-07
 Reference value :  1.03898e-07
 Reference value :  1.04443e-07
 Reference value :  1.04978e-07
 Reference value :  1.05523e-07
 Reference value :  1.06053e-07
 Reference value :  1.06598e-07
 Reference value :  1.07143e-07
 Reference value :  1.07663e-07
 Reference value :  1.08208e-07
 Reference value :  1.08748e-07
 Reference value :  1.09303e-07
 Reference value :  1.09848e-07
 Reference value :  1.10388e-07
 Reference value :  1.10923e-07
 Reference value :  1.11463e-07
 Reference value :  1.11998e-07
 Reference value :  1.12533e-07
 Reference value :  1.13063e-07
 Reference value :  1.13613e-07
 Reference value :  1.14158e-07
 Reference value :  1.14703e-07
 Reference value :  1.15243e-07
 Reference value :  1.15783e-07
 Reference value :  1.16313e-07
 Reference value :  1.16848e-07
 Reference value :  1.17388e-07
 Reference value :  1.17918e-07
 Reference value :  1.18453e-07
 Reference value :  1.18993e-07
 Reference value :  1.19533e-07
 Reference value :  1.20078e-07
 Reference value :  1.20613e-07
 Reference value :  1.21163e-07
 Reference value :  1.21698e-07
 Reference value :  1.22238e-07
 Reference value :  1.22768e-07
 Reference value :  1.23298e-07
 Reference value :  1.23833e-07
 Reference value :  1.24373e-07
 Reference value :  1.24913e-07
 Reference value :  1.25453e-07
 Reference value :  1.25998e-07
 Reference value :  1.26528e-07
 Reference value :  1.27058e-07
 Reference value :  1.27598e-07
 Reference value :  1.28138e-07
 Reference value :  1.28658e-07
 Reference value :  1.29198e-07
 Reference value :  1.29733e-07
 Reference value :  1.30278e-07
 Reference value :  1.30823e-07
 Reference value :  1.31363e-07
 Reference value :  1.31893e-07
 Reference value :  1.32428e-07
 Reference value :  1.32968e-07
 Reference value :  1.33498e-07
 Reference value :  1.34028e-07
 Reference value :  1.34573e-07
 Reference value :  1.35113e-07
 Reference value :  1.35668e-07
 Reference value :  1.36208e-07
 Reference value :  1.36763e-07
 Reference value :  1.37298e-07
 Reference value :  1.37833e-07
 Reference value :  1.38373e-07
 Reference value :  1.38903e-07
 Reference value :  1.39438e-07
 Reference value :  1.39978e-07
 Reference value :  1.40528e-07
 Reference value :  1.41073e-07
 Reference value :  1.41613e-07
 Reference value :  1.42153e-07
 Reference value :  1.42688e-07
 Reference value :  1.43233e-07
 Reference value :  1.43923e-07
 Reference value :  1.44403e-07
 Reference value :  1.44923e-07
 Reference value :  1.45463e-07
 Reference value :  1.45998e-07
 Reference value :  1.46528e-07
 Reference value :  1.47063e-07
 Reference value :  1.47578e-07
 Reference value :  1.48103e-07
 Reference value :  1.48628e-07
 Reference value :  1.49153e-07
 Reference value :  1.49678e-07
 Reference value :  1.50208e-07
 Reference value :  1.50738e-07
 Reference value :  1.51268e-07
 Reference value :  1.51813e-07
 Reference value :  1.52343e-07
 Reference value :  1.52873e-07
 Reference value :  1.53398e-07
 Reference value :  1.53928e-07
 Reference value :  1.54448e-07
 Reference value :  1.54973e-07
 Reference value :  1.55503e-07
 Reference value :  1.56048e-07
 Reference value :  1.56593e-07
 Reference value :  1.57138e-07
 Reference value :  1.57668e-07
 Reference value :  1.58198e-07
 Reference value :  1.58753e-07
 Reference value :  1.59293e-07
 Reference value :  1.59823e-07
 Reference value :  1.60358e-07
 Reference value :  1.60908e-07
 Reference value :  1.61538e-07
 Reference value :  1.62098e-07
 Reference value :  1.62643e-07
 Reference value :  1.63183e-07
 Reference value :  1.63713e-07
 Reference value :  1.64248e-07
 Reference value :  1.64788e-07
 Reference value :  1.65303e-07
 Reference value :  1.65843e-07
 Reference value :  1.66388e-07
 Reference value :  1.66933e-07
 Reference value :  1.67473e-07
 Reference value :  1.68013e-07
 Reference value :  1.68548e-07
 Reference value :  1.69083e-07
 Reference value :  1.69628e-07
 Reference value :  1.70163e-07
 Reference value :  1.70693e-07
 Reference value :  1.71238e-07
 Reference value :  1.71783e-07
 Reference value :  1.72323e-07
 Reference value :  1.72863e-07
 Reference value :  1.73398e-07
 Reference value :  1.73913e-07
 Reference value :  1.74453e-07
 Reference value :  1.74988e-07
 Reference value :  1.75518e-07
 Reference value :  1.76043e-07
 Reference value :  1.76578e-07
 Reference value :  1.77123e-07
 Reference value :  1.77668e-07
 Reference value :  1.78208e-07
 Reference value :  1.78753e-07
 Reference value :  1.79293e-07
 Reference value :  1.79828e-07
 Reference value :  1.80368e-07
 Reference value :  1.80888e-07
 Reference value :  1.81428e-07
 Reference value :  1.81963e-07
 Reference value :  1.82518e-07
 Reference value :  1.83058e-07
 Reference value :  1.83598e-07
 Reference value :  1.84123e-07
 Reference value :  1.84658e-07
 Reference value :  1.85198e-07
 Reference value :  1.85733e-07
 Reference value :  1.86263e-07
 Reference value :  1.86808e-07
 Reference value :  1.87353e-07
 Reference value :  1.87893e-07
 Reference value :  1.88433e-07
 Reference value :  1.88973e-07
 Reference value :  1.89508e-07
 Reference value :  1.90058e-07
 Reference value :  1.90603e-07
 Reference value :  1.91133e-07
 Reference value :  1.91663e-07
 Reference value :  1.92203e-07
 Reference value :  1.92748e-07
 Reference value :  1.93293e-07
 Reference value :  1.93838e-07
 Reference value :  1.94378e-07
 Reference value :  1.94913e-07
 Reference value :  1.95448e-07
 Reference value :  1.95988e-07
 Reference value :  1.96518e-07
 Reference value :  1.97048e-07
 Reference value :  1.97588e-07
 Reference value :  1.98138e-07
 Reference value :  1.98678e-07
 Reference value :  1.99218e-07
 Reference value :  1.99748e-07
 Reference value :  2.00278e-07
 Reference value :  2.00818e-07
 Reference value :  2.01358e-07
 Reference value :  2.01878e-07
 Reference value :  2.02423e-07
 Reference value :  2.02963e-07
 Reference value :  2.03508e-07
 Reference value :  2.04048e-07
 Reference value :  2.04598e-07
 Reference value :  2.05128e-07
 Reference value :  2.05668e-07
 Reference value :  2.06203e-07
 Reference value :  2.06738e-07
 Reference value :  2.07283e-07
 Reference value :  2.07833e-07
 Reference value :  2.08378e-07
 Reference value :  2.08923e-07
 Reference value :  2.09463e-07
 Reference value :  2.09998e-07
 Reference value :  2.10528e-07
 Reference value :  2.11068e-07
 Reference value :  2.11608e-07
 Reference value :  2.12148e-07
 Reference value :  2.12683e-07
 Reference value :  2.13223e-07
 Reference value :  2.13763e-07
 Reference value :  2.14308e-07
 Reference value :  2.14848e-07
 Reference value :  2.15383e-07
 Reference value :  2.15908e-07
 Reference value :  2.16453e-07
 Reference value :  2.16993e-07
 Reference value :  2.17513e-07
 Reference value :  2.18058e-07
 Reference value :  2.18598e-07
 Reference value :  2.19153e-07
 Reference value :  2.19693e-07
 Reference value :  2.20243e-07
 Reference value :  2.20773e-07
 Reference value :  2.21308e-07
 Reference value :  2.21848e-07
 Reference value :  2.22378e-07
 Reference value :  2.22898e-07
 Reference value :  2.23448e-07
 Reference value :  2.23988e-07
 Reference value :  2.24533e-07
 Reference value :  2.25078e-07
 Reference value :  2.25618e-07
 Reference value :  2.26148e-07
 Reference value :  2.26693e-07
 Reference value :  2.27233e-07
 Reference value :  2.27773e-07
 Reference value :  2.28303e-07
 Reference value :  2.28848e-07
 Reference value :  2.29393e-07
 Reference value :  2.29938e-07
 Reference value :  2.30478e-07
 Reference value :  2.31013e-07
 Reference value :  2.31548e-07
 Reference value :  2.32083e-07
 Reference value :  2.32628e-07
 Reference value :  2.33168e-07
 Reference value :  2.33753e-07
 Reference value :  2.34298e-07
 Reference value :  2.34848e-07
 Reference value :  2.35388e-07
 Reference value :  2.35928e-07
 Reference value :  2.36473e-07
 Reference value :  2.37008e-07
 Reference value :  2.37548e-07
 Reference value :  2.38098e-07
 Reference value :  2.38643e-07
 Reference value :  2.39188e-07
 Reference value :  2.39723e-07
 Reference value :  2.40268e-07
 Reference value :  2.40813e-07
 Reference value :  2.41358e-07
 Reference value :  2.41888e-07
 Reference value :  2.42428e-07
 Reference value :  2.42973e-07
 Reference value :  2.43498e-07
 Reference value :  2.44033e-07
 Reference value :  2.44578e-07
 Reference value :  2.45118e-07
 Reference value :  2.45668e-07
 Reference value :  2.46218e-07
 Reference value :  2.46763e-07
 Reference value :  2.47313e-07
 Reference value :  2.47878e-07
 Reference value :  2.48423e-07
 Reference value :  2.48938e-07
 Reference value :  2.49478e-07
 Reference value :  2.50023e-07
 Reference value :  2.50568e-07
 Reference value :  2.51108e-07
 Reference value :  2.51658e-07
 Reference value :  2.52193e-07
 Reference value :  2.52728e-07
 Reference value :  2.53268e-07
 Reference value :  2.53833e-07
 Reference value :  2.54363e-07
 Reference value :  2.54903e-07
 Reference value :  2.55468e-07
 Reference value :  2.56018e-07
 Reference value :  2.56558e-07
 Reference value :  2.57093e-07
 Reference value :  2.57653e-07
 Reference value :  2.58188e-07
 Reference value :  2.58738e-07
 Reference value :  2.59293e-07
 Reference value :  2.59823e-07
 Reference value :  2.60363e-07
 Reference value :  2.60908e-07
 Reference value :  2.61443e-07
 Reference value :  2.61983e-07
 Reference value :  2.62518e-07
 Reference value :  2.63053e-07
 Reference value :  2.63598e-07
 Reference value :  2.64148e-07
 Reference value :  2.64678e-07
 Reference value :  2.65218e-07
 Reference value :  2.65758e-07
 Reference value :  2.66303e-07
 Reference value :  2.66838e-07
 Reference value :  2.67378e-07
 Reference value :  2.67908e-07
 Reference value :  2.68458e-07
 Reference value :  2.69053e-07
 Reference value :  2.69588e-07
 Reference value :  2.70128e-07
 Reference value :  2.70703e-07
 Reference value :  2.71243e-07
 Reference value :  2.71788e-07
 Reference value :  2.72333e-07
 Reference value :  2.72883e-07
 Reference value :  2.73413e-07
 Reference value :  2.73963e-07
 Reference value :  2.74503e-07
 Reference value :  2.75018e-07
 Reference value :  2.75558e-07
 Reference value :  2.76103e-07
 Reference value :  2.76643e-07
 Reference value :  2.77193e-07
 Reference value :  2.77733e-07
 Reference value :  2.78273e-07
 Reference value :  2.78813e-07
 Reference value :  2.79363e-07
 Reference value :  2.79893e-07
 Reference value :  2.80423e-07
 Reference value :  2.80968e-07
 Reference value :  2.81508e-07
 Reference value :  2.82058e-07
 Reference value :  2.82613e-07
 Reference value :  2.83148e-07
 Reference value :  2.83673e-07
 Reference value :  2.84213e-07
 Reference value :  2.84753e-07
 Reference value :  2.85283e-07
 Reference value :  2.85812e-07
 Reference value :  2.86357e-07
 Reference value :  2.86897e-07
 Reference value :  2.87442e-07
 Reference value :  2.87992e-07
 Reference value :  2.88532e-07
 Reference value :  2.89062e-07
 Reference value :  2.89592e-07
 Reference value :  2.90137e-07
 Reference value :  2.90667e-07
 Reference value :  2.91202e-07
 Reference value :  2.91742e-07
 Reference value :  2.92282e-07
 Reference value :  2.92822e-07
 Reference value :  2.93362e-07
 Reference value :  2.93902e-07
 Reference value :  2.94437e-07
 Reference value :  2.94982e-07
 Reference value :  2.95522e-07
 Reference value :  2.96042e-07
 Reference value :  2.96582e-07
 Reference value :  2.97127e-07
 Reference value :  2.97667e-07
 Reference value :  2.98207e-07
 Reference value :  2.98752e-07
 Reference value :  2.99282e-07
 Reference value :  2.99827e-07
 Reference value :  3.00252e-07
 Reference value :  3.00792e-07
 Reference value :  3.01302e-07
 Reference value :  3.01817e-07
 Reference value :  3.02347e-07
 Reference value :  3.02892e-07
 Reference value :  3.03437e-07
 Reference value :  3.03987e-07
 Reference value :  3.04507e-07
 Reference value :  3.04992e-07
 Reference value :  3.05527e-07
 Reference value :  3.06057e-07
 Reference value :  3.06577e-07
 Reference value :  3.07097e-07
 Reference value :  3.07637e-07
 Reference value :  3.08177e-07
 Reference value :  3.08727e-07
 Reference value :  3.09267e-07
 Reference value :  3.09787e-07
 Reference value :  3.10307e-07
 Reference value :  3.10847e-07
 Reference value :  3.11377e-07
 Reference value :  3.11897e-07
 Reference value :  3.12412e-07
 Reference value :  3.12957e-07
 Reference value :  3.13502e-07
 Reference value :  3.14057e-07
 Reference value :  3.14597e-07
 Reference value :  3.15117e-07
 Reference value :  3.15622e-07
 Reference value :  3.16157e-07
 Reference value :  3.16687e-07
 Reference value :  3.17212e-07
 Reference value :  3.17732e-07
 Reference value :  3.18267e-07
 Reference value :  3.18812e-07
 Reference value :  3.19352e-07
 Reference value :  3.19887e-07
 Reference value :  3.20317e-07
 Reference value :  3.20747e-07
 Reference value :  3.21172e-07
 Reference value :  3.21692e-07
 Reference value :  3.22212e-07
 Reference value :  3.22767e-07
 Reference value :  3.23302e-07
 Reference value :  3.23842e-07
 Reference value :  3.24387e-07
 Reference value :  3.24937e-07
 Reference value :  3.25462e-07
 Reference value :  3.25997e-07
 Reference value :  3.26537e-07
 Reference value :  3.27067e-07
 Reference value :  3.27592e-07
 Reference value :  3.28132e-07
 Reference value :  3.28677e-07
 Reference value :  3.29232e-07
 Reference value :  3.29782e-07
 Reference value :  3.30322e-07
 Reference value :  3.30842e-07
 Reference value :  3.31387e-07
 Reference value :  3.31927e-07
 Reference value :  3.32462e-07
 Reference value :  3.32987e-07
 Reference value :  3.33527e-07
 Reference value :  3.34062e-07
 Reference value :  3.34602e-07
 Reference value :  3.35152e-07
 Reference value :  3.35697e-07
 Reference value :  3.36222e-07
 Reference value :  3.36767e-07
 Reference value :  3.37302e-07
 Reference value :  3.37822e-07
 Reference value :  3.38362e-07
 Reference value :  3.38902e-07
 Reference value :  3.39442e-07
 Reference value :  3.39982e-07
 Reference value :  3.40532e-07
 Reference value :  3.41062e-07
 Reference value :  3.41592e-07
 Reference value :  3.42132e-07
 Reference value :  3.42667e-07
 Reference value :  3.43192e-07
 Reference value :  3.43727e-07
 Reference value :  3.44267e-07
 Reference value :  3.44807e-07
 Reference value :  3.45347e-07
 Reference value :  3.45892e-07
 Reference value :  3.46417e-07
 Reference value :  3.46947e-07
 Reference value :  3.47482e-07
 Reference value :  3.48017e-07
 Reference value :  3.48547e-07
 Reference value :  3.49087e-07
 Reference value :  3.49622e-07
 Reference value :  3.50162e-07
 Reference value :  3.50712e-07
 Reference value :  3.51257e-07
 Reference value :  3.51787e-07
 Reference value :  3.52332e-07
 Reference value :  3.52872e-07
 Reference value :  3.53407e-07
 Reference value :  3.53942e-07
 Reference value :  3.54492e-07
 Reference value :  3.55042e-07
 Reference value :  3.55592e-07
 Reference value :  3.56132e-07
 Reference value :  3.56667e-07
 Reference value :  3.57197e-07
 Reference value :  3.57747e-07
 Reference value :  3.58287e-07
 Reference value :  3.58812e-07
 Reference value :  3.59352e-07
 Reference value :  3.59897e-07
 Reference value :  3.60437e-07
 Reference value :  3.60987e-07
 Reference value :  3.61532e-07
 Reference value :  3.62067e-07
 Reference value :  3.62597e-07
 Reference value :  3.63137e-07
 Reference value :  3.63667e-07
 Reference value :  3.64192e-07
 Reference value :  3.64732e-07
 Reference value :  3.65272e-07
 Reference value :  3.65822e-07
 Reference value :  3.66372e-07
 Reference value :  3.66912e-07
 Reference value :  3.67442e-07
 Reference value :  3.67977e-07
 Reference value :  3.68517e-07
 Reference value :  3.69052e-07
 Reference value :  3.69587e-07
 Reference value :  3.70077e-07
 Reference value :  3.70592e-07
 Reference value :  3.71132e-07
 Reference value :  3.71672e-07
 Reference value :  3.72212e-07
 Reference value :  3.72707e-07
 Reference value :  3.73202e-07
 Reference value :  3.73742e-07
 Reference value :  3.74272e-07
 Reference value :  3.74817e-07
 Reference value :  3.75332e-07
 Reference value :  3.75887e-07
 Reference value :  3.76427e-07
 Reference value :  3.76972e-07
 Reference value :  3.77512e-07
 Reference value :  3.78017e-07
 Reference value :  3.78612e-07
 Reference value :  3.79182e-07
 Reference value :  3.79692e-07
 Reference value :  3.80227e-07
 Reference value :  3.80757e-07
 Reference value :  3.81302e-07
 Reference value :  3.81857e-07
 Reference value :  3.82397e-07
 Reference value :  3.82927e-07
 Reference value :  3.83412e-07
 Reference value :  3.83957e-07
 Reference value :  3.84497e-07
 Reference value :  3.85007e-07
 Reference value :  3.85527e-07
 Reference value :  3.86067e-07
 Reference value :  3.86612e-07
 Reference value :  3.87157e-07
 Reference value :  3.87707e-07
 Reference value :  3.88227e-07
 Reference value :  3.88717e-07
 Reference value :  3.89247e-07
 Reference value :  3.89782e-07
 Reference value :  3.90302e-07
 Reference value :  3.90832e-07
 Reference value :  3.91367e-07
 Reference value :  3.91907e-07
 Reference value :  3.92452e-07
 Reference value :  3.92992e-07
 Reference value :  3.93522e-07
 Reference value :  3.94012e-07
 Reference value :  3.94552e-07
 Reference value :  3.95087e-07
 Reference value :  3.95607e-07
 Reference value :  3.96127e-07
 Reference value :  3.96677e-07
 Reference value :  3.97222e-07
 Reference value :  3.97762e-07
 Reference value :  3.98302e-07
 Reference value :  3.98822e-07
 Reference value :  3.99312e-07
 Reference value :  3.99852e-07
 Reference value :  4.00382e-07
 Reference value :  4.00902e-07
 Reference value :  4.01412e-07
 Reference value :  4.01947e-07
 Reference value :  4.02497e-07
 Reference value :  4.03047e-07
 Reference value :  4.03587e-07
 Reference value :  4.04092e-07
 Reference value :  4.04592e-07
 Reference value :  4.05132e-07
 Reference value :  4.05662e-07
 Reference value :  4.06187e-07
 Reference value :  4.06697e-07
 Reference value :  4.07242e-07
 Reference value :  4.07782e-07
 Reference value :  4.08327e-07
 Reference value :  4.08872e-07
 Reference value :  4.09382e-07
 Reference value :  4.09897e-07
 Reference value :  4.10437e-07
 Reference value :  4.10957e-07
 Reference value :  4.11482e-07
 Reference value :  4.11997e-07
 Reference value :  4.12532e-07
 Reference value :  4.13072e-07
 Reference value :  4.13622e-07
 Reference value :  4.14162e-07
 Reference value :  4.14662e-07
 Reference value :  4.15187e-07
 Reference value :  4.15802e-07
 Reference value :  4.16317e-07
 Reference value :  4.16852e-07
 Reference value :  4.17382e-07
 Reference value :  4.17922e-07
 Reference value :  4.18462e-07
 Reference value :  4.19012e-07
 Reference value :  4.19542e-07
 Reference value :  4.20012e-07
 Reference value :  4.20457e-07
 Reference value :  4.20997e-07
 Reference value :  4.21517e-07
 Reference value :  4.22052e-07
 Reference value :  4.22592e-07
 Reference value :  4.23132e-07
 Reference value :  4.23677e-07
 Reference value :  4.24222e-07
 Reference value :  4.24752e-07
 Reference value :  4.25287e-07
 Reference value :  4.25822e-07
 Reference value :  4.26352e-07
 Reference value :  4.26872e-07
 Reference value :  4.27417e-07
 Reference value :  4.27967e-07
 Reference value :  4.28517e-07
 Reference value :  4.29057e-07
 Reference value :  4.29612e-07
 Reference value :  4.30127e-07
 Reference value :  4.30672e-07
 Reference value :  4.31292e-07
 Reference value :  4.31822e-07
 Reference value :  4.32347e-07
 Reference value :  4.32887e-07
 Reference value :  4.33452e-07
 Reference value :  4.33997e-07
 Reference value :  4.34537e-07
 Reference value :  4.35082e-07
 Reference value :  4.35622e-07
 Reference value :  4.36162e-07
 Reference value :  4.36707e-07
 Reference value :  4.37217e-07
 Reference value :  4.37747e-07
 Reference value :  4.38287e-07
 Reference value :  4.38832e-07
 Reference value :  4.39377e-07
 Reference value :  4.39917e-07
 Reference value :  4.40442e-07
 Reference value :  4.40982e-07
 Reference value :  4.41517e-07
 Reference value :  4.42047e-07
 Reference value :  4.42567e-07
 Reference value :  4.43107e-07
 Reference value :  4.43642e-07
 Reference value :  4.44187e-07
 Reference value :  4.44727e-07
 Reference value :  4.45267e-07
 Reference value :  4.45797e-07
 Reference value :  4.46342e-07
 Reference value :  4.46882e-07
 Reference value :  4.47412e-07
 Reference value :  4.47937e-07
 Reference value :  4.48482e-07
 Reference value :  4.49022e-07
 Reference value :  4.49562e-07
 Reference value :  4.50107e-07
 Reference value :  4.50647e-07
 Reference value :  4.51172e-07
 Reference value :  4.51722e-07
 Reference value :  4.52262e-07
 Reference value :  4.52792e-07
 Reference value :  4.53327e-07
 Reference value :  4.53877e-07
 Reference value :  4.54427e-07
 Reference value :  4.54992e-07
 Reference value :  4.55557e-07
 Reference value :  4.56192e-07
 Reference value :  4.56832e-07
 Reference value :  4.57487e-07
 Reference value :  4.58127e-07
 Reference value :  4.58747e-07
 Reference value :  4.59472e-07
 Reference value :  4.60222e-07
 Reference value :  4.60907e-07
 Reference value :  4.61552e-07
 Reference value :  4.62172e-07
 Reference value :  4.62777e-07
 Reference value :  4.63412e-07
 Reference value :  4.64147e-07
 Reference value :  4.64807e-07
 Reference value :  4.65457e-07
 Reference value :  4.66017e-07
 Reference value :  4.66602e-07
 Reference value :  4.67292e-07
 Reference value :  4.67917e-07
 Reference value :  4.68517e-07
 Reference value :  4.69117e-07
 Reference value :  4.69732e-07
 Reference value :  4.70307e-07
 Reference value :  4.70922e-07
 Reference value :  4.71582e-07
 Reference value :  4.72152e-07
 Reference value :  4.72722e-07
 Reference value :  4.73332e-07
 Reference value :  4.74017e-07
 Reference value :  4.74652e-07
 Reference value :  4.75357e-07
 Reference value :  4.76017e-07
 Reference value :  4.76717e-07
 Reference value :  4.77302e-07
 Reference value :  4.77907e-07
 Reference value :  4.78567e-07
 Reference value :  4.79237e-07
 Reference value :  4.79822e-07
 Reference value :  4.80442e-07
 Reference value :  4.81107e-07
 Reference value :  4.81908e-07
 Reference value :  4.82688e-07
 Reference value :  4.83333e-07
 Reference value :  4.84128e-07
 Reference value :  4.84828e-07
 Reference value :  4.85563e-07
 Reference value :  4.86333e-07
 Reference value :  4.87093e-07
 Reference value :  4.87808e-07
 Reference value :  4.88443e-07
 Reference value :  4.89098e-07
 Reference value :  4.89828e-07
 Reference value :  4.90428e-07
 Reference value :  4.91148e-07
 Reference value :  4.91808e-07
 Reference value :  4.92473e-07
 Reference value :  4.93088e-07
 Reference value :  4.93678e-07
 Reference value :  4.94298e-07
 Reference value :  4.94878e-07
 Reference value :  4.95513e-07
 Reference value :  4.96213e-07
 Reference value :  4.96838e-07
 Reference value :  4.97483e-07
 Reference value :  4.98248e-07
 Reference value :  4.98903e-07
 Reference value :  4.99618e-07
 Reference value :  5.00338e-07
 Reference value :  5.00933e-07
 Reference value :  5.01588e-07
 Reference value :  5.02138e-07
 Reference value :  5.02808e-07
 Reference value :  5.03433e-07
 Reference value :  5.03993e-07
 Reference value :  5.04653e-07
 Reference value :  5.05378e-07
 Reference value :  5.05993e-07
 Reference value :  5.06598e-07
 Reference value :  5.07233e-07
 Reference value :  5.07858e-07
 Reference value :  5.08463e-07
 Reference value :  5.09013e-07
 Reference value :  5.09623e-07
 Reference value :  5.10243e-07
 Reference value :  5.10828e-07
 Reference value :  5.11413e-07
 Reference value :  5.12028e-07
 Reference value :  5.12643e-07
 Reference value :  5.13258e-07
 Reference value :  5.13853e-07
 Reference value :  5.14423e-07
 Reference value :  5.15048e-07
 Reference value :  5.15648e-07
 Reference value :  5.16248e-07
 Reference value :  5.16833e-07
 Reference value :  5.17443e-07
 Reference value :  5.18048e-07
 Reference value :  5.18663e-07
 Reference value :  5.19248e-07
 Reference value :  5.19833e-07
 Reference value :  5.20378e-07
 Reference value :  5.20968e-07
 Reference value :  5.21558e-07
 Reference value :  5.22178e-07
 Reference value :  5.22793e-07
 Reference value :  5.23423e-07
 Reference value :  5.24048e-07
 Reference value :  5.24638e-07
 Reference value :  5.25273e-07
 Reference value :  5.25878e-07
 Reference value :  5.26478e-07
 Reference value :  5.27098e-07
 Reference value :  5.27718e-07
 Reference value :  5.28348e-07
 Reference value :  5.28973e-07
 Reference value :  5.29583e-07
 Reference value :  5.30188e-07
 Reference value :  5.30738e-07
 Reference value :  5.31268e-07
 Reference value :  5.31793e-07
 Reference value :  5.32348e-07
 Reference value :  5.32898e-07
 Reference value :  5.33443e-07
 Reference value :  5.33988e-07
 Reference value :  5.34528e-07
 Reference value :  5.35058e-07
 Reference value :  5.35598e-07
 Reference value :  5.36148e-07
 Reference value :  5.36673e-07
 Reference value :  5.37198e-07
 Reference value :  5.37743e-07
 Reference value :  5.38283e-07
 Reference value :  5.38828e-07
 Reference value :  5.39373e-07
 Reference value :  5.39908e-07
 Reference value :  5.40443e-07
 Reference value :  5.40983e-07
 Reference value :  5.41528e-07
 Reference value :  5.42048e-07
 Reference value :  5.42588e-07
 Reference value :  5.43143e-07
 Reference value :  5.43683e-07
 Reference value :  5.44228e-07
 Reference value :  5.44773e-07
 Reference value :  5.45298e-07
 Reference value :  5.45848e-07
 Reference value :  5.46388e-07
 Reference value :  5.46923e-07
 Reference value :  5.47458e-07
 Reference value :  5.48233e-07
 Reference value :  5.48868e-07
 Reference value :  5.49498e-07
 Reference value :  5.50203e-07
 Reference value :  5.50828e-07
 Reference value :  5.51373e-07
 Reference value :  5.51918e-07
 Reference value :  5.52433e-07
 Reference value :  5.52973e-07
 Reference value :  5.53518e-07
 Reference value :  5.54073e-07
 Reference value :  5.54618e-07
 Reference value :  5.55163e-07
 Reference value :  5.55688e-07
 Reference value :  5.56228e-07
 Reference value :  5.56773e-07
 Reference value :  5.57303e-07
 Reference value :  5.57823e-07
 Reference value :  5.58363e-07
 Reference value :  5.58903e-07
 Reference value :  5.59448e-07
 Reference value :  5.60003e-07
 Reference value :  5.60623e-07
 Reference value :  5.61143e-07
 Reference value :  5.61693e-07
 Reference value :  5.62453e-07
 Reference value :  5.63168e-07
 Reference value :  5.64028e-07
 Reference value :  5.64708e-07
 Reference value :  5.65383e-07
 Reference value :  5.66008e-07
 Reference value :  5.66643e-07
 Reference value :  5.67243e-07
 Reference value :  5.67778e-07
 Reference value :  5.68383e-07
 Reference value :  5.69078e-07
 Reference value :  5.69788e-07
 Reference value :  5.70468e-07
 Reference value :  5.71278e-07
 Reference value :  5.72058e-07
 Reference value :  5.72853e-07
 Reference value :  5.73358e-07
 Reference value :  5.73908e-07
 Reference value :  5.74743e-07
 Reference value :  5.75423e-07
 Reference value :  5.76333e-07
 Reference value :  5.76988e-07
 Reference value :  5.77738e-07
 Reference value :  5.78583e-07
 Reference value :  5.79148e-07
 Reference value :  5.79673e-07
 Reference value :  5.80293e-07
 Reference value :  5.81128e-07
 Reference value :  5.81753e-07
 Reference value :  5.82393e-07
 Reference value :  5.83053e-07
 Reference value :  5.83653e-07
 Reference value :  5.84248e-07
 Reference value :  5.84828e-07
 Reference value :  5.85373e-07
 Reference value :  5.85928e-07
 Reference value :  5.86588e-07
 Reference value :  5.87393e-07
 Reference value :  5.88193e-07
 Reference value :  5.89043e-07
 Reference value :  5.89733e-07
 Reference value :  5.90348e-07
 Reference value :  5.90988e-07
 Reference value :  5.91618e-07
 Reference value :  5.92168e-07
 Reference value :  5.92783e-07
 Reference value :  5.93438e-07
 Reference value :  5.94043e-07
 Reference value :  5.94683e-07
 Reference value :  5.95328e-07
 Reference value :  5.95953e-07
 Reference value :  5.96568e-07
 Reference value :  5.97173e-07
 Reference value :  5.97703e-07
 Reference value :  5.98258e-07
 Reference value :  5.99223e-07
No. of Data Rows : 120066
pt1a                =  1.82881e-08
pt1b                =  7.05975e-08
pd1_clk             =  5.22747e-08 targ=  4.52470e-07 trig=  4.00196e-07
vsub_rst_max        =  9.45527e-01 at=  2.97827e-07
vsub_rst_min        =  8.20057e-01 at=  1.01443e-07
vsub_clk_max        =  1.03216e+00 at=  5.64778e-07
vsub_clk_min        =  9.02460e-01 at=  4.04887e-07
p_tr1 = 5.230933e-09
p_tr1_clk = 5.227469e-09
vsub_swing_rst = 6.336848e-02
vsub_swing_clk = 6.550737e-02
Note: Simulation executed from .control section 

----- stderr -----

Checking parameters for BSIM 4.5 model xarr.xpex.xn132:nshort_model.48
Warning: Eta0 = -0.0286127 is negative.

Checking parameters for BSIM 4.5 model xarr.xpex.xn131:nshort_model.48
Warning: Eta0 = -0.0286127 is negative.

Checking parameters for BSIM 4.5 model xarr.xpex.xn129:nshort_model.48
Warning: Eta0 = -0.0286127 is negative.

Checking parameters for BSIM 4.5 model xarr.xpex.xn127:nshort_model.48
Warning: Eta0 = -0.0286127 is negative.

Checking parameters for BSIM 4.5 model xarr.xpex.xn125:nshort_model.48
Warning: Eta0 = -0.0286127 is negative.

Checking parameters for BSIM 4.5 model xarr.xpex.xn120:nshort_model.48
Warning: Eta0 = -0.0286127 is negative.

Checking parameters for BSIM 4.5 model xarr.xpex.xn119:nshort_model.48
Warning: Eta0 = -0.0286127 is negative.

Checking parameters for BSIM 4.5 model xarr.xpex.xn117:nshort_model.48
Warning: Eta0 = -0.0286127 is negative.

Checking parameters for BSIM 4.5 model xarr.xpex.xn115:nshort_model.48
Warning: Eta0 = -0.0286127 is negative.

Checking parameters for BSIM 4.5 model xarr.xpex.xn113:nshort_model.48
Warning: Eta0 = -0.0286127 is negative.

Checking parameters for BSIM 4.5 model xarr.xpex.xn108:nshort_model.48
Warning: Eta0 = -0.0286127 is negative.

Checking parameters for BSIM 4.5 model xarr.xpex.xn107:nshort_model.48
Warning: Eta0 = -0.0286127 is negative.

Checking parameters for BSIM 4.5 model xarr.xpex.xn105:nshort_model.48
Warning: Eta0 = -0.0286127 is negative.

Checking parameters for BSIM 4.5 model xarr.xpex.xn103:nshort_model.48
Warning: Eta0 = -0.0286127 is negative.

Checking parameters for BSIM 4.5 model xarr.xpex.xn102:nshort_model.48
Warning: Eta0 = -0.0286127 is negative.

Checking parameters for BSIM 4.5 model xarr.xpex.xn98:nshort_model.48
Warning: Eta0 = -0.0286127 is negative.

Checking parameters for BSIM 4.5 model xarr.xpex.xn94:nshort_model.48
Warning: Eta0 = -0.0286127 is negative.

Checking parameters for BSIM 4.5 model xarr.xpex.xn90:nshort_model.48
Warning: Eta0 = -0.0286127 is negative.

Checking parameters for BSIM 4.5 model xarr.xpex.xn89:nshort_model.48
Warning: Eta0 = -0.0286127 is negative.

Checking parameters for BSIM 4.5 model xarr.xpex.xn86:nshort_model.48
Warning: Eta0 = -0.0286127 is negative.

Checking parameters for BSIM 4.5 model xarr.xpex.xn82:nshort_model.48
Warning: Eta0 = -0.0286127 is negative.

Checking parameters for BSIM 4.5 model xarr.xpex.xn81:nshort_model.48
Warning: Eta0 = -0.0286127 is negative.

Checking parameters for BSIM 4.5 model xarr.xpex.xn79:nshort_model.48
Warning: Eta0 = -0.0286127 is negative.

Checking parameters for BSIM 4.5 model xarr.xpex.xn78:nshort_model.48
Warning: Eta0 = -0.0286127 is negative.

Checking parameters for BSIM 4.5 model xarr.xpex.xn76:nshort_model.48
Warning: Eta0 = -0.0286127 is negative.

Checking parameters for BSIM 4.5 model xarr.xpex.xn68:nshort_model.48
Warning: Eta0 = -0.0286127 is negative.

Checking parameters for BSIM 4.5 model xarr.xpex.xn66:nshort_model.48
Warning: Eta0 = -0.0286127 is negative.

Checking parameters for BSIM 4.5 model xarr.xpex.xn65:nshort_model.48
Warning: Eta0 = -0.0286127 is negative.

Checking parameters for BSIM 4.5 model xarr.xpex.xn64:nshort_model.48
Warning: Eta0 = -0.0286127 is negative.

Checking parameters for BSIM 4.5 model xarr.xpex.xn63:nshort_model.48
Warning: Eta0 = -0.0286127 is negative.

Checking parameters for BSIM 4.5 model xarr.xpex.xn62:nshort_model.48
Warning: Eta0 = -0.0286127 is negative.

Checking parameters for BSIM 4.5 model xarr.xpex.xn61:nshort_model.48
Warning: Eta0 = -0.0286127 is negative.

Checking parameters for BSIM 4.5 model xarr.xpex.xn60:nshort_model.48
Warning: Eta0 = -0.0286127 is negative.

Checking parameters for BSIM 4.5 model xarr.xpex.xn59:nshort_model.48
Warning: Eta0 = -0.0286127 is negative.

Checking parameters for BSIM 4.5 model xarr.xpex.xn58:nshort_model.48
Warning: Eta0 = -0.0286127 is negative.

Checking parameters for BSIM 4.5 model xarr.xpex.xn57:nshort_model.48
Warning: Eta0 = -0.0286127 is negative.

Checking parameters for BSIM 4.5 model xarr.xpex.xn56:nshort_model.48
Warning: Eta0 = -0.0286127 is negative.

Checking parameters for BSIM 4.5 model xarr.xpex.xn55:nshort_model.48
Warning: Eta0 = -0.0286127 is negative.

Checking parameters for BSIM 4.5 model xarr.xpex.xn54:nshort_model.48
Warning: Eta0 = -0.0286127 is negative.

Checking parameters for BSIM 4.5 model xarr.xpex.xn53:nshort_model.48
Warning: Eta0 = -0.0286127 is negative.

Checking parameters for BSIM 4.5 model xarr.xpex.xn52:nshort_model.48
Warning: Eta0 = -0.0286127 is negative.

Checking parameters for BSIM 4.5 model xarr.xpex.xn51:nshort_model.48
Warning: Eta0 = -0.0286127 is negative.

Checking parameters for BSIM 4.5 model xarr.xpex.xn50:nshort_model.48
Warning: Eta0 = -0.0286127 is negative.

Checking parameters for BSIM 4.5 model xarr.xpex.xn49:nshort_model.48
Warning: Eta0 = -0.0286127 is negative.

Checking parameters for BSIM 4.5 model xarr.xpex.xn48:nshort_model.48
Warning: Eta0 = -0.0286127 is negative.

Checking parameters for BSIM 4.5 model xarr.xpex.xn47:nshort_model.48
Warning: Eta0 = -0.0286127 is negative.

Checking parameters for BSIM 4.5 model xarr.xpex.xn46:nshort_model.48
Warning: Eta0 = -0.0286127 is negative.

Checking parameters for BSIM 4.5 model xarr.xpex.xn45:nshort_model.48
Warning: Eta0 = -0.0286127 is negative.

Checking parameters for BSIM 4.5 model xarr.xpex.xn44:nshort_model.48
Warning: Eta0 = -0.0286127 is negative.

Checking parameters for BSIM 4.5 model xarr.xpex.xn43:nshort_model.48
Warning: Eta0 = -0.0286127 is negative.

Checking parameters for BSIM 4.5 model xarr.xpex.xn42:nshort_model.48
Warning: Eta0 = -0.0286127 is negative.

Checking parameters for BSIM 4.5 model xarr.xpex.xn41:nshort_model.48
Warning: Eta0 = -0.0286127 is negative.

Checking parameters for BSIM 4.5 model xarr.xpex.xn40:nshort_model.48
Warning: Eta0 = -0.0286127 is negative.

Checking parameters for BSIM 4.5 model xarr.xpex.xn39:nshort_model.48
Warning: Eta0 = -0.0286127 is negative.

Checking parameters for BSIM 4.5 model xarr.xpex.xn38:nshort_model.48
Warning: Eta0 = -0.0286127 is negative.

Checking parameters for BSIM 4.5 model xarr.xpex.xn37:nshort_model.48
Warning: Eta0 = -0.0286127 is negative.

Checking parameters for BSIM 4.5 model xarr.xpex.xn36:nshort_model.48
Warning: Eta0 = -0.0286127 is negative.

Checking parameters for BSIM 4.5 model xarr.xpex.xn35:nshort_model.48
Warning: Eta0 = -0.0286127 is negative.

Checking parameters for BSIM 4.5 model xarr.xpex.xn34:nshort_model.48
Warning: Eta0 = -0.0286127 is negative.

Checking parameters for BSIM 4.5 model xarr.xpex.xn33:nshort_model.48
Warning: Eta0 = -0.0286127 is negative.

Checking parameters for BSIM 4.5 model xarr.xpex.xn32:nshort_model.48
Warning: Eta0 = -0.0286127 is negative.

Checking parameters for BSIM 4.5 model xarr.xpex.xn31:nshort_model.48
Warning: Eta0 = -0.0286127 is negative.

Checking parameters for BSIM 4.5 model xarr.xpex.xn30:nshort_model.48
Warning: Eta0 = -0.0286127 is negative.

Checking parameters for BSIM 4.5 model xarr.xpex.xn29:nshort_model.48
Warning: Eta0 = -0.0286127 is negative.

Checking parameters for BSIM 4.5 model xarr.xpex.xn28:nshort_model.48
Warning: Eta0 = -0.0286127 is negative.

Checking parameters for BSIM 4.5 model xarr.xpex.xn27:nshort_model.48
Warning: Eta0 = -0.0286127 is negative.

Checking parameters for BSIM 4.5 model xarr.xpex.xn26:nshort_model.48
Warning: Eta0 = -0.0286127 is negative.

Checking parameters for BSIM 4.5 model xarr.xpex.xn25:nshort_model.48
Warning: Eta0 = -0.0286127 is negative.

