|* Post-layout ro_array_core (whole array, real inter-ring wiring), FLOATING
|* substrate, rings 2-4 PRESENT BUT STOPPED (en2/en3/en4 held at 0 for the
|* whole run) -- the array-scale sibling of
|* sim/post-layout-ro-ring5/testbench/tb_post_layout_substrate_float_solo.spice.
|*
|* Purpose: separate LOADING (the floating node's own capacitance/impedance,
|* present even with no other ring switching) from COUPLING (ring 1's period
|* moving because rings 2-4 are actually driving the same shared node), the
|* same three-way decomposition DR-0005 finding 3 used at ring scope:
|*
|*   loading  = t(this deck)                         - t(tied, sibling deck)
|*   coupling = t(substrate_float, all 4 running)     - t(this deck)
|*
|* Same array GDS extraction as the other two decks in this directory (real
|* physical ring-to-ring proximity, not four separately-placed leaf cells),
|* so this is the strongest available bound on the substrate mechanism this
|* repo has produced -- still not the physical answer (the extractor emits
|* no substrate or tap resistance at all; klayout-tools#1503), but bracketing
|* the terminals of a real, physically-placed layout's own shared node
|* rather than a hand-tied approximation of one.
|*
|* With en2/en3/en4 held at 0, ro_nand2's own defined-output-on-disable state
|* (design/README.md; DR-0003) pins ring2/3/4's node ro_ring5 outputs high --
|* a defined, non-switching state, not a floating one -- so rn2/rn3/rn4 (and
|* therefore ro2/ro3/ro4 and the XOR tree downstream of them) settle and stay
|* put; only ring 1 free-runs.
|*
|* This file is a TEMPLATE: sim/bin/corner-run.py substitutes /Users/rwalters/.volare/volare/sky130/versions/c6d73a35f524070e85faff4a6a9eef49553ebc2b/sky130A/libs.tech/combined/sky130.lib.spice,
|* ff, /Users/rwalters/GitHub/sky130-trng/.loom/worktrees/issue-22/layout/pex-array/ro_array_core_pex.spice, 125.0 and 1.98. As committed it is not a
|* runnable deck. Invoke with
|* `--pex-lib layout/pex-array/ro_array_core_pex.spice`.
|
|.option scale=1u
|.lib "/Users/rwalters/.volare/volare/sky130/versions/c6d73a35f524070e85faff4a6a9eef49553ebc2b/sky130A/libs.tech/combined/sky130.lib.spice" ff
|
|.include "/Users/rwalters/GitHub/sky130-trng/.loom/worktrees/issue-22/layout/pex-array/ro_array_core_pex.spice"
|
|.temp 125.0
|
|* --- substrate return node: FLOATING (see header) -- no Vsub source ----
|
|Vddrp1 pvddr1 0 dc 1.98
|Vddrp2 pvddr2 0 dc 1.98
|Vddrp3 pvddr3 0 dc 1.98
|Vddrp4 pvddr4 0 dc 1.98
|Vddp pvdd 0 dc 1.98
|Venp1 pen1 0 PULSE(0 1.98 5n 100p 100p 1u 2u)
|* rings 2-4: held at 0 for the whole run -- present, but never released.
|Venp2 pen2 0 dc 0
|Venp3 pen3 0 dc 0
|Venp4 pen4 0 dc 0
|xarr pen1 pen2 pen3 pen4 pvddr1 pvddr2 pvddr3 pvddr4 pvdd 0 pxo pro1 pro2 pro3 pro4 ro_array_core_pex
|
|.ic v(pro1)=0
|.ic v(pro2)=0
|.ic v(pro3)=0
|.ic v(pro4)=0
|
|.save v(pro1) v(xarr.vsubs)
|.save i(Vddrp1)
|
|.tran 5p 800n uic
|
|.control
|run
|
|meas tran pt1a when v(pro1)=0.5*1.98 rise=3
|meas tran pt1b when v(pro1)=0.5*1.98 rise=13
|let p_tr1 = (pt1b - pt1a)/10
|
|meas tran vsub_max MAX v(xarr.vsubs) from=100n to=800n
|meas tran vsub_min MIN v(xarr.vsubs) from=100n to=800n
|let vsub_swing_frac = (vsub_max - vsub_min) / 1.98
|
|print p_tr1
|print vsub_swing_frac
|.endc
|.end
|

----- stdout -----

Note: Compatibility modes selected: hs a


Circuit: * post-layout ro_array_core (whole array, real inter-ring wiring), floating

option SCALE: Scale is set to 1e-06 for instance and model parameters
option SCALE: Scale is set to 1e-06 for instance and model parameters
option SCALE: Scale is set to 1e-06 for instance and model parameters
option SCALE: Scale is set to 1e-06 for instance and model parameters
option SCALE: Scale is set to 1e-06 for instance and model parameters
Doing analysis at TEMP = 125.000000 and TNOM = 27.000000

Using SPARSE 1.3 as Direct Linear Solver
Operating point simulation skipped by 'uic',
  now using transient initial conditions.
 Reference value :  5.00000e-14
 Reference value :  1.08737e-09
 Reference value :  2.40237e-09
 Reference value :  3.71737e-09
 Reference value :  5.02250e-09
 Reference value :  6.27250e-09
 Reference value :  7.56250e-09
 Reference value :  8.85750e-09
 Reference value :  1.02025e-08
 Reference value :  1.15375e-08
 Reference value :  1.29125e-08
 Reference value :  1.42025e-08
 Reference value :  1.55575e-08
 Reference value :  1.68775e-08
 Reference value :  1.83325e-08
 Reference value :  1.95925e-08
 Reference value :  2.08975e-08
 Reference value :  2.21675e-08
 Reference value :  2.34775e-08
 Reference value :  2.47425e-08
 Reference value :  2.60775e-08
 Reference value :  2.73825e-08
 Reference value :  2.87175e-08
 Reference value :  2.99975e-08
 Reference value :  3.13275e-08
 Reference value :  3.26325e-08
 Reference value :  3.39525e-08
 Reference value :  3.51775e-08
 Reference value :  3.64975e-08
 Reference value :  3.77925e-08
 Reference value :  3.91275e-08
 Reference value :  4.04275e-08
 Reference value :  4.17325e-08
 Reference value :  4.30225e-08
 Reference value :  4.43775e-08
 Reference value :  4.56575e-08
 Reference value :  4.69975e-08
 Reference value :  4.82925e-08
 Reference value :  4.96625e-08
 Reference value :  5.10825e-08
 Reference value :  5.24675e-08
 Reference value :  5.37725e-08
 Reference value :  5.50925e-08
 Reference value :  5.63775e-08
 Reference value :  5.77125e-08
 Reference value :  5.90075e-08
 Reference value :  6.03325e-08
 Reference value :  6.16275e-08
 Reference value :  6.29625e-08
 Reference value :  6.42525e-08
 Reference value :  6.55725e-08
 Reference value :  6.68325e-08
 Reference value :  6.81925e-08
 Reference value :  6.95025e-08
 Reference value :  7.08275e-08
 Reference value :  7.21375e-08
 Reference value :  7.34725e-08
 Reference value :  7.47775e-08
 Reference value :  7.61075e-08
 Reference value :  7.73775e-08
 Reference value :  7.87275e-08
 Reference value :  8.00125e-08
 Reference value :  8.13325e-08
 Reference value :  8.26025e-08
 Reference value :  8.39375e-08
 Reference value :  8.52425e-08
 Reference value :  8.65975e-08
 Reference value :  8.79175e-08
 Reference value :  8.92575e-08
 Reference value :  9.05625e-08
 Reference value :  9.18925e-08
 Reference value :  9.31775e-08
 Reference value :  9.46325e-08
 Reference value :  9.59225e-08
 Reference value :  9.72275e-08
 Reference value :  9.85125e-08
 Reference value :  9.98425e-08
 Reference value :  1.01188e-07
 Reference value :  1.02498e-07
 Reference value :  1.03773e-07
 Reference value :  1.05123e-07
 Reference value :  1.06413e-07
 Reference value :  1.07723e-07
 Reference value :  1.08998e-07
 Reference value :  1.10338e-07
 Reference value :  1.11668e-07
 Reference value :  1.12983e-07
 Reference value :  1.14278e-07
 Reference value :  1.15653e-07
 Reference value :  1.16923e-07
 Reference value :  1.18263e-07
 Reference value :  1.19553e-07
 Reference value :  1.20893e-07
 Reference value :  1.22183e-07
 Reference value :  1.23488e-07
 Reference value :  1.24773e-07
 Reference value :  1.26098e-07
 Reference value :  1.27363e-07
 Reference value :  1.28668e-07
 Reference value :  1.29938e-07
 Reference value :  1.31338e-07
 Reference value :  1.32648e-07
 Reference value :  1.33958e-07
 Reference value :  1.35248e-07
 Reference value :  1.36593e-07
 Reference value :  1.37883e-07
 Reference value :  1.39208e-07
 Reference value :  1.40478e-07
 Reference value :  1.41823e-07
 Reference value :  1.43108e-07
 Reference value :  1.44423e-07
 Reference value :  1.45693e-07
 Reference value :  1.47038e-07
 Reference value :  1.48333e-07
 Reference value :  1.49663e-07
 Reference value :  1.50938e-07
 Reference value :  1.52263e-07
 Reference value :  1.53548e-07
 Reference value :  1.54843e-07
 Reference value :  1.56108e-07
 Reference value :  1.57433e-07
 Reference value :  1.58713e-07
 Reference value :  1.60028e-07
 Reference value :  1.61278e-07
 Reference value :  1.62598e-07
 Reference value :  1.63873e-07
 Reference value :  1.65198e-07
 Reference value :  1.66478e-07
 Reference value :  1.67803e-07
 Reference value :  1.69088e-07
 Reference value :  1.70393e-07
 Reference value :  1.71653e-07
 Reference value :  1.72978e-07
 Reference value :  1.74263e-07
 Reference value :  1.75578e-07
 Reference value :  1.76828e-07
 Reference value :  1.78148e-07
 Reference value :  1.79448e-07
 Reference value :  1.80748e-07
 Reference value :  1.82013e-07
 Reference value :  1.83348e-07
 Reference value :  1.84678e-07
 Reference value :  1.86008e-07
 Reference value :  1.87293e-07
 Reference value :  1.88633e-07
 Reference value :  1.89963e-07
 Reference value :  1.91303e-07
 Reference value :  1.92728e-07
 Reference value :  1.94078e-07
 Reference value :  1.95398e-07
 Reference value :  1.96728e-07
 Reference value :  1.97988e-07
 Reference value :  1.99333e-07
 Reference value :  2.00648e-07
 Reference value :  2.01983e-07
 Reference value :  2.03258e-07
 Reference value :  2.04603e-07
 Reference value :  2.05908e-07
 Reference value :  2.07248e-07
 Reference value :  2.08528e-07
 Reference value :  2.09863e-07
 Reference value :  2.11173e-07
 Reference value :  2.12503e-07
 Reference value :  2.13763e-07
 Reference value :  2.15103e-07
 Reference value :  2.16428e-07
 Reference value :  2.17738e-07
 Reference value :  2.18998e-07
 Reference value :  2.20328e-07
 Reference value :  2.21623e-07
 Reference value :  2.22953e-07
 Reference value :  2.24233e-07
 Reference value :  2.25583e-07
 Reference value :  2.26898e-07
 Reference value :  2.28223e-07
 Reference value :  2.29498e-07
 Reference value :  2.30823e-07
 Reference value :  2.32113e-07
 Reference value :  2.33423e-07
 Reference value :  2.34678e-07
 Reference value :  2.36003e-07
 Reference value :  2.37318e-07
 Reference value :  2.38643e-07
 Reference value :  2.39908e-07
 Reference value :  2.41243e-07
 Reference value :  2.42558e-07
 Reference value :  2.43873e-07
 Reference value :  2.45163e-07
 Reference value :  2.46498e-07
 Reference value :  2.47833e-07
 Reference value :  2.49138e-07
 Reference value :  2.50413e-07
 Reference value :  2.51833e-07
 Reference value :  2.53128e-07
 Reference value :  2.54458e-07
 Reference value :  2.55723e-07
 Reference value :  2.57058e-07
 Reference value :  2.58368e-07
 Reference value :  2.59708e-07
 Reference value :  2.60973e-07
 Reference value :  2.62298e-07
 Reference value :  2.63628e-07
 Reference value :  2.64918e-07
 Reference value :  2.66163e-07
 Reference value :  2.67478e-07
 Reference value :  2.68828e-07
 Reference value :  2.70108e-07
 Reference value :  2.71358e-07
 Reference value :  2.72683e-07
 Reference value :  2.73998e-07
 Reference value :  2.75293e-07
 Reference value :  2.76543e-07
 Reference value :  2.77883e-07
 Reference value :  2.79218e-07
 Reference value :  2.80548e-07
 Reference value :  2.81853e-07
 Reference value :  2.83183e-07
 Reference value :  2.84508e-07
 Reference value :  2.85807e-07
 Reference value :  2.87067e-07
 Reference value :  2.88417e-07
 Reference value :  2.89747e-07
 Reference value :  2.91047e-07
 Reference value :  2.92302e-07
 Reference value :  2.93647e-07
 Reference value :  2.95017e-07
 Reference value :  2.96317e-07
 Reference value :  2.97572e-07
 Reference value :  2.98882e-07
 Reference value :  3.00217e-07
 Reference value :  3.01517e-07
 Reference value :  3.02772e-07
 Reference value :  3.04077e-07
 Reference value :  3.05402e-07
 Reference value :  3.06727e-07
 Reference value :  3.07997e-07
 Reference value :  3.09312e-07
 Reference value :  3.10632e-07
 Reference value :  3.11917e-07
 Reference value :  3.13187e-07
 Reference value :  3.14507e-07
 Reference value :  3.15832e-07
 Reference value :  3.17132e-07
 Reference value :  3.18402e-07
 Reference value :  3.19722e-07
 Reference value :  3.21037e-07
 Reference value :  3.22297e-07
 Reference value :  3.23607e-07
 Reference value :  3.24897e-07
 Reference value :  3.26217e-07
 Reference value :  3.27507e-07
 Reference value :  3.28872e-07
 Reference value :  3.30182e-07
 Reference value :  3.31507e-07
 Reference value :  3.32787e-07
 Reference value :  3.34082e-07
 Reference value :  3.35362e-07
 Reference value :  3.36667e-07
 Reference value :  3.37962e-07
 Reference value :  3.39267e-07
 Reference value :  3.40587e-07
 Reference value :  3.41927e-07
 Reference value :  3.43222e-07
 Reference value :  3.44527e-07
 Reference value :  3.45842e-07
 Reference value :  3.47157e-07
 Reference value :  3.48457e-07
 Reference value :  3.49762e-07
 Reference value :  3.51072e-07
 Reference value :  3.52392e-07
 Reference value :  3.53722e-07
 Reference value :  3.55027e-07
 Reference value :  3.56307e-07
 Reference value :  3.57607e-07
 Reference value :  3.58882e-07
 Reference value :  3.60202e-07
 Reference value :  3.61467e-07
 Reference value :  3.62787e-07
 Reference value :  3.64077e-07
 Reference value :  3.65402e-07
 Reference value :  3.66682e-07
 Reference value :  3.68022e-07
 Reference value :  3.69302e-07
 Reference value :  3.70617e-07
 Reference value :  3.71882e-07
 Reference value :  3.73197e-07
 Reference value :  3.74472e-07
 Reference value :  3.75767e-07
 Reference value :  3.76997e-07
 Reference value :  3.78307e-07
 Reference value :  3.79577e-07
 Reference value :  3.80942e-07
 Reference value :  3.82202e-07
 Reference value :  3.83517e-07
 Reference value :  3.84797e-07
 Reference value :  3.86192e-07
 Reference value :  3.87432e-07
 Reference value :  3.88772e-07
 Reference value :  3.90037e-07
 Reference value :  3.91347e-07
 Reference value :  3.92607e-07
 Reference value :  3.93932e-07
 Reference value :  3.95232e-07
 Reference value :  3.96542e-07
 Reference value :  3.97832e-07
 Reference value :  3.99447e-07
 Reference value :  4.00817e-07
 Reference value :  4.02232e-07
 Reference value :  4.03537e-07
 Reference value :  4.04867e-07
 Reference value :  4.06132e-07
 Reference value :  4.07462e-07
 Reference value :  4.08717e-07
 Reference value :  4.10057e-07
 Reference value :  4.11372e-07
 Reference value :  4.12682e-07
 Reference value :  4.13952e-07
 Reference value :  4.15272e-07
 Reference value :  4.16567e-07
 Reference value :  4.17887e-07
 Reference value :  4.19142e-07
 Reference value :  4.20477e-07
 Reference value :  4.21802e-07
 Reference value :  4.23122e-07
 Reference value :  4.24422e-07
 Reference value :  4.25742e-07
 Reference value :  4.27057e-07
 Reference value :  4.28352e-07
 Reference value :  4.29597e-07
 Reference value :  4.30932e-07
 Reference value :  4.32212e-07
 Reference value :  4.33507e-07
 Reference value :  4.34747e-07
 Reference value :  4.36067e-07
 Reference value :  4.37357e-07
 Reference value :  4.38677e-07
 Reference value :  4.39932e-07
 Reference value :  4.41242e-07
 Reference value :  4.42632e-07
 Reference value :  4.44042e-07
 Reference value :  4.45442e-07
 Reference value :  4.46772e-07
 Reference value :  4.48067e-07
 Reference value :  4.49402e-07
 Reference value :  4.50712e-07
 Reference value :  4.52082e-07
 Reference value :  4.53387e-07
 Reference value :  4.54717e-07
 Reference value :  4.55957e-07
 Reference value :  4.57287e-07
 Reference value :  4.58597e-07
 Reference value :  4.59932e-07
 Reference value :  4.61197e-07
 Reference value :  4.62547e-07
 Reference value :  4.63847e-07
 Reference value :  4.65187e-07
 Reference value :  4.66437e-07
 Reference value :  4.67762e-07
 Reference value :  4.69062e-07
 Reference value :  4.70397e-07
 Reference value :  4.71667e-07
 Reference value :  4.73022e-07
 Reference value :  4.74347e-07
 Reference value :  4.75702e-07
 Reference value :  4.76972e-07
 Reference value :  4.78267e-07
 Reference value :  4.79642e-07
 Reference value :  4.80922e-07
 Reference value :  4.82167e-07
 Reference value :  4.83502e-07
 Reference value :  4.84797e-07
 Reference value :  4.86117e-07
 Reference value :  4.87387e-07
 Reference value :  4.88727e-07
 Reference value :  4.90057e-07
 Reference value :  4.91392e-07
 Reference value :  4.92667e-07
 Reference value :  4.94012e-07
 Reference value :  4.95322e-07
 Reference value :  4.96697e-07
 Reference value :  4.97977e-07
 Reference value :  4.99312e-07
 Reference value :  5.00617e-07
 Reference value :  5.01947e-07
 Reference value :  5.03237e-07
 Reference value :  5.04602e-07
 Reference value :  5.05897e-07
 Reference value :  5.07242e-07
 Reference value :  5.08532e-07
 Reference value :  5.09902e-07
 Reference value :  5.11192e-07
 Reference value :  5.12527e-07
 Reference value :  5.13812e-07
 Reference value :  5.15162e-07
 Reference value :  5.16477e-07
 Reference value :  5.17812e-07
 Reference value :  5.19077e-07
 Reference value :  5.20422e-07
 Reference value :  5.21722e-07
 Reference value :  5.23072e-07
 Reference value :  5.24357e-07
 Reference value :  5.25697e-07
 Reference value :  5.26967e-07
 Reference value :  5.28977e-07
 Reference value :  5.30337e-07
 Reference value :  5.31597e-07
 Reference value :  5.32882e-07
 Reference value :  5.34172e-07
 Reference value :  5.35442e-07
 Reference value :  5.36672e-07
 Reference value :  5.37847e-07
 Reference value :  5.39067e-07
 Reference value :  5.40227e-07
 Reference value :  5.41462e-07
 Reference value :  5.42632e-07
 Reference value :  5.43842e-07
 Reference value :  5.45017e-07
 Reference value :  5.46212e-07
 Reference value :  5.47447e-07
 Reference value :  5.48652e-07
 Reference value :  5.49847e-07
 Reference value :  5.51052e-07
 Reference value :  5.52287e-07
 Reference value :  5.53472e-07
 Reference value :  5.54697e-07
 Reference value :  5.55892e-07
 Reference value :  5.57097e-07
 Reference value :  5.58272e-07
 Reference value :  5.59467e-07
 Reference value :  5.60607e-07
 Reference value :  5.61812e-07
 Reference value :  5.63027e-07
 Reference value :  5.64212e-07
 Reference value :  5.65417e-07
 Reference value :  5.66582e-07
 Reference value :  5.67792e-07
 Reference value :  5.68957e-07
 Reference value :  5.70167e-07
 Reference value :  5.71302e-07
 Reference value :  5.72512e-07
 Reference value :  5.73737e-07
 Reference value :  5.74897e-07
 Reference value :  5.76067e-07
 Reference value :  5.77247e-07
 Reference value :  5.78452e-07
 Reference value :  5.79642e-07
 Reference value :  5.80877e-07
 Reference value :  5.82022e-07
 Reference value :  5.83247e-07
 Reference value :  5.84462e-07
 Reference value :  5.85657e-07
 Reference value :  5.86802e-07
 Reference value :  5.88012e-07
 Reference value :  5.89227e-07
 Reference value :  5.90367e-07
 Reference value :  5.91577e-07
 Reference value :  5.92717e-07
 Reference value :  5.93952e-07
 Reference value :  5.95122e-07
 Reference value :  5.96347e-07
 Reference value :  5.97527e-07
 Reference value :  5.98722e-07
 Reference value :  5.99922e-07
 Reference value :  6.01098e-07
 Reference value :  6.02308e-07
 Reference value :  6.03478e-07
 Reference value :  6.04688e-07
 Reference value :  6.05848e-07
 Reference value :  6.07068e-07
 Reference value :  6.08208e-07
 Reference value :  6.09413e-07
 Reference value :  6.10633e-07
 Reference value :  6.11823e-07
 Reference value :  6.12978e-07
 Reference value :  6.14173e-07
 Reference value :  6.15373e-07
 Reference value :  6.16558e-07
 Reference value :  6.17763e-07
 Reference value :  6.18908e-07
 Reference value :  6.20123e-07
 Reference value :  6.21333e-07
 Reference value :  6.22528e-07
 Reference value :  6.23693e-07
 Reference value :  6.24933e-07
 Reference value :  6.26133e-07
 Reference value :  6.27303e-07
 Reference value :  6.28498e-07
 Reference value :  6.29653e-07
 Reference value :  6.30868e-07
 Reference value :  6.32033e-07
 Reference value :  6.33238e-07
 Reference value :  6.34393e-07
 Reference value :  6.35568e-07
 Reference value :  6.36793e-07
 Reference value :  6.37953e-07
 Reference value :  6.39128e-07
 Reference value :  6.40293e-07
 Reference value :  6.41508e-07
 Reference value :  6.42678e-07
 Reference value :  6.43898e-07
 Reference value :  6.45083e-07
 Reference value :  6.46293e-07
 Reference value :  6.47513e-07
 Reference value :  6.48688e-07
 Reference value :  6.49878e-07
 Reference value :  6.51088e-07
 Reference value :  6.52303e-07
 Reference value :  6.53488e-07
 Reference value :  6.54688e-07
 Reference value :  6.55833e-07
 Reference value :  6.57073e-07
 Reference value :  6.58248e-07
 Reference value :  6.59463e-07
 Reference value :  6.60603e-07
 Reference value :  6.61843e-07
 Reference value :  6.63028e-07
 Reference value :  6.64203e-07
 Reference value :  6.65413e-07
 Reference value :  6.66558e-07
 Reference value :  6.67803e-07
 Reference value :  6.68993e-07
 Reference value :  6.70188e-07
 Reference value :  6.71318e-07
 Reference value :  6.72518e-07
 Reference value :  6.73738e-07
 Reference value :  6.74908e-07
 Reference value :  6.76103e-07
 Reference value :  6.77298e-07
 Reference value :  6.78498e-07
 Reference value :  6.79663e-07
 Reference value :  6.80863e-07
 Reference value :  6.82008e-07
 Reference value :  6.83228e-07
 Reference value :  6.84443e-07
 Reference value :  6.85648e-07
 Reference value :  6.86788e-07
 Reference value :  6.87993e-07
 Reference value :  6.89213e-07
 Reference value :  6.90388e-07
 Reference value :  6.91608e-07
 Reference value :  6.92743e-07
 Reference value :  6.93953e-07
 Reference value :  6.95148e-07
 Reference value :  6.96368e-07
 Reference value :  6.97503e-07
 Reference value :  6.98703e-07
 Reference value :  6.99953e-07
 Reference value :  7.01138e-07
 Reference value :  7.02318e-07
 Reference value :  7.03478e-07
 Reference value :  7.04688e-07
 Reference value :  7.05853e-07
 Reference value :  7.07063e-07
 Reference value :  7.08218e-07
 Reference value :  7.09428e-07
 Reference value :  7.10638e-07
 Reference value :  7.11903e-07
 Reference value :  7.13058e-07
 Reference value :  7.14278e-07
 Reference value :  7.15508e-07
 Reference value :  7.16673e-07
 Reference value :  7.17868e-07
 Reference value :  7.19028e-07
 Reference value :  7.20263e-07
 Reference value :  7.21483e-07
 Reference value :  7.22683e-07
 Reference value :  7.23833e-07
 Reference value :  7.25068e-07
 Reference value :  7.26298e-07
 Reference value :  7.27483e-07
 Reference value :  7.28668e-07
 Reference value :  7.29853e-07
 Reference value :  7.31048e-07
 Reference value :  7.32233e-07
 Reference value :  7.33453e-07
 Reference value :  7.34633e-07
 Reference value :  7.35853e-07
 Reference value :  7.37078e-07
 Reference value :  7.38283e-07
 Reference value :  7.39448e-07
 Reference value :  7.40668e-07
 Reference value :  7.41878e-07
 Reference value :  7.43068e-07
 Reference value :  7.44263e-07
 Reference value :  7.45428e-07
 Reference value :  7.46618e-07
 Reference value :  7.47813e-07
 Reference value :  7.49018e-07
 Reference value :  7.50178e-07
 Reference value :  7.51393e-07
 Reference value :  7.52618e-07
 Reference value :  7.53798e-07
 Reference value :  7.54988e-07
 Reference value :  7.56168e-07
 Reference value :  7.57383e-07
 Reference value :  7.58563e-07
 Reference value :  7.59763e-07
 Reference value :  7.60923e-07
 Reference value :  7.62138e-07
 Reference value :  7.63348e-07
 Reference value :  7.64528e-07
 Reference value :  7.65673e-07
 Reference value :  7.66903e-07
 Reference value :  7.68108e-07
 Reference value :  7.69278e-07
 Reference value :  7.70498e-07
 Reference value :  7.71643e-07
 Reference value :  7.72863e-07
 Reference value :  7.74058e-07
 Reference value :  7.75263e-07
 Reference value :  7.76413e-07
 Reference value :  7.77758e-07
 Reference value :  7.78958e-07
 Reference value :  7.80153e-07
 Reference value :  7.81363e-07
 Reference value :  7.82548e-07
 Reference value :  7.83778e-07
 Reference value :  7.84963e-07
 Reference value :  7.86173e-07
 Reference value :  7.87353e-07
 Reference value :  7.88558e-07
 Reference value :  7.89753e-07
 Reference value :  7.90988e-07
 Reference value :  7.92153e-07
 Reference value :  7.93388e-07
 Reference value :  7.94628e-07
 Reference value :  7.95803e-07
 Reference value :  7.96988e-07
 Reference value :  7.98173e-07
 Reference value :  7.99368e-07
No. of Data Rows : 160024
pt1a                =  1.29341e-08
pt1b                =  6.55464e-08
 meas tran vsub_max max v(xarr.vsubs) from=100n to=800n failed!

 meas tran vsub_min min v(xarr.vsubs) from=100n to=800n failed!

p_tr1 = 5.261221e-09
Note: Simulation executed from .control section 

----- stderr -----

Checking parameters for BSIM 4.5 model xarr.xpex.xn132:pshort_model.43
Warning: Eta0 = -0.000373202 is negative.

Checking parameters for BSIM 4.5 model xarr.xpex.xn131:pshort_model.43
Warning: Eta0 = -0.000373202 is negative.

Checking parameters for BSIM 4.5 model xarr.xpex.xn130:pshort_model.43
Warning: Eta0 = -0.000373202 is negative.

Checking parameters for BSIM 4.5 model xarr.xpex.xn129:pshort_model.43
Warning: Eta0 = -0.000373202 is negative.

Checking parameters for BSIM 4.5 model xarr.xpex.xn128:pshort_model.43
Warning: Eta0 = -0.000373202 is negative.

Checking parameters for BSIM 4.5 model xarr.xpex.xn127:pshort_model.43
Warning: Eta0 = -0.000373202 is negative.

Checking parameters for BSIM 4.5 model xarr.xpex.xn126:pshort_model.43
Warning: Eta0 = -0.000373202 is negative.

Checking parameters for BSIM 4.5 model xarr.xpex.xn125:pshort_model.43
Warning: Eta0 = -0.000373202 is negative.

Checking parameters for BSIM 4.5 model xarr.xpex.xn124:pshort_model.43
Warning: Eta0 = -0.000373202 is negative.

Checking parameters for BSIM 4.5 model xarr.xpex.xn123:pshort_model.43
Warning: Eta0 = -0.000373202 is negative.

Checking parameters for BSIM 4.5 model xarr.xpex.xn122:pshort_model.43
Warning: Eta0 = -0.000373202 is negative.

Checking parameters for BSIM 4.5 model xarr.xpex.xn121:pshort_model.43
Warning: Eta0 = -0.000373202 is negative.

Checking parameters for BSIM 4.5 model xarr.xpex.xn120:pshort_model.40
Warning: A2 = 1.0885 is larger than 1. A2 is set to 1 and A1 is set to 0.
Warning: Pdibl1 = -0.00669442 is negative.

Checking parameters for BSIM 4.5 model xarr.xpex.xn119:pshort_model.43
Warning: Eta0 = -0.000373202 is negative.

Checking parameters for BSIM 4.5 model xarr.xpex.xn118:pshort_model.32
Warning: A2 = 1.14662 is larger than 1. A2 is set to 1 and A1 is set to 0.
Warning: Pdibl1 = -0.0493749 is negative.
Warning: Pdibl2 = -0.000925472 is negative.

Checking parameters for BSIM 4.5 model xarr.xpex.xn117:pshort_model.32
Warning: A2 = 1.14662 is larger than 1. A2 is set to 1 and A1 is set to 0.
Warning: Pdibl1 = -0.0493749 is negative.
Warning: Pdibl2 = -0.000925472 is negative.

Checking parameters for BSIM 4.5 model xarr.xpex.xn116:pshort_model.43
Warning: Eta0 = -0.000373202 is negative.

Checking parameters for BSIM 4.5 model xarr.xpex.xn115:pshort_model.32
Warning: A2 = 1.14662 is larger than 1. A2 is set to 1 and A1 is set to 0.
Warning: Pdibl1 = -0.0493749 is negative.
Warning: Pdibl2 = -0.000925472 is negative.

Checking parameters for BSIM 4.5 model xarr.xpex.xn114:pshort_model.32
Warning: A2 = 1.14662 is larger than 1. A2 is set to 1 and A1 is set to 0.
Warning: Pdibl1 = -0.0493749 is negative.
Warning: Pdibl2 = -0.000925472 is negative.

Checking parameters for BSIM 4.5 model xarr.xpex.xn113:pshort_model.40
Warning: A2 = 1.0885 is larger than 1. A2 is set to 1 and A1 is set to 0.
Warning: Pdibl1 = -0.00669442 is negative.

Checking parameters for BSIM 4.5 model xarr.xpex.xn112:pshort_model.43
Warning: Eta0 = -0.000373202 is negative.

Checking parameters for BSIM 4.5 model xarr.xpex.xn111:pshort_model.40
Warning: A2 = 1.0885 is larger than 1. A2 is set to 1 and A1 is set to 0.
Warning: Pdibl1 = -0.00669442 is negative.

Checking parameters for BSIM 4.5 model xarr.xpex.xn110:pshort_model.32
Warning: A2 = 1.14662 is larger than 1. A2 is set to 1 and A1 is set to 0.
Warning: Pdibl1 = -0.0493749 is negative.
Warning: Pdibl2 = -0.000925472 is negative.

Checking parameters for BSIM 4.5 model xarr.xpex.xn109:pshort_model.32
Warning: A2 = 1.14662 is larger than 1. A2 is set to 1 and A1 is set to 0.
Warning: Pdibl1 = -0.0493749 is negative.
Warning: Pdibl2 = -0.000925472 is negative.

Checking parameters for BSIM 4.5 model xarr.xpex.xn108:pshort_model.43
Warning: Eta0 = -0.000373202 is negative.

Checking parameters for BSIM 4.5 model xarr.xpex.xn107:pshort_model.32
Warning: A2 = 1.14662 is larger than 1. A2 is set to 1 and A1 is set to 0.
Warning: Pdibl1 = -0.0493749 is negative.
Warning: Pdibl2 = -0.000925472 is negative.

Checking parameters for BSIM 4.5 model xarr.xpex.xn106:pshort_model.32
Warning: A2 = 1.14662 is larger than 1. A2 is set to 1 and A1 is set to 0.
Warning: Pdibl1 = -0.0493749 is negative.
Warning: Pdibl2 = -0.000925472 is negative.

Checking parameters for BSIM 4.5 model xarr.xpex.xn105:pshort_model.40
Warning: A2 = 1.0885 is larger than 1. A2 is set to 1 and A1 is set to 0.
Warning: Pdibl1 = -0.00669442 is negative.

Checking parameters for BSIM 4.5 model xarr.xpex.xn104:pshort_model.43
Warning: Eta0 = -0.000373202 is negative.

Checking parameters for BSIM 4.5 model xarr.xpex.xn103:pshort_model.40
Warning: A2 = 1.0885 is larger than 1. A2 is set to 1 and A1 is set to 0.
Warning: Pdibl1 = -0.00669442 is negative.

Checking parameters for BSIM 4.5 model xarr.xpex.xn102:pshort_model.43
Warning: Eta0 = -0.000373202 is negative.

Checking parameters for BSIM 4.5 model xarr.xpex.xn101:pshort_model.32
Warning: A2 = 1.14662 is larger than 1. A2 is set to 1 and A1 is set to 0.
Warning: Pdibl1 = -0.0493749 is negative.
Warning: Pdibl2 = -0.000925472 is negative.

Checking parameters for BSIM 4.5 model xarr.xpex.xn100:pshort_model.32
Warning: A2 = 1.14662 is larger than 1. A2 is set to 1 and A1 is set to 0.
Warning: Pdibl1 = -0.0493749 is negative.
Warning: Pdibl2 = -0.000925472 is negative.

Checking parameters for BSIM 4.5 model xarr.xpex.xn99:pshort_model.43
Warning: Eta0 = -0.000373202 is negative.

Checking parameters for BSIM 4.5 model xarr.xpex.xn98:pshort_model.32
Warning: A2 = 1.14662 is larger than 1. A2 is set to 1 and A1 is set to 0.
Warning: Pdibl1 = -0.0493749 is negative.
Warning: Pdibl2 = -0.000925472 is negative.

Checking parameters for BSIM 4.5 model xarr.xpex.xn97:pshort_model.32
Warning: A2 = 1.14662 is larger than 1. A2 is set to 1 and A1 is set to 0.
Warning: Pdibl1 = -0.0493749 is negative.
Warning: Pdibl2 = -0.000925472 is negative.

Checking parameters for BSIM 4.5 model xarr.xpex.xn96:pshort_model.40
Warning: A2 = 1.0885 is larger than 1. A2 is set to 1 and A1 is set to 0.
Warning: Pdibl1 = -0.00669442 is negative.

Checking parameters for BSIM 4.5 model xarr.xpex.xn95:pshort_model.43
Warning: Eta0 = -0.000373202 is negative.

Checking parameters for BSIM 4.5 model xarr.xpex.xn94:pshort_model.40
Warning: A2 = 1.0885 is larger than 1. A2 is set to 1 and A1 is set to 0.
Warning: Pdibl1 = -0.00669442 is negative.

Checking parameters for BSIM 4.5 model xarr.xpex.xn93:pshort_model.40
Warning: A2 = 1.0885 is larger than 1. A2 is set to 1 and A1 is set to 0.
Warning: Pdibl1 = -0.00669442 is negative.

Checking parameters for BSIM 4.5 model xarr.xpex.xn92:pshort_model.40
Warning: A2 = 1.0885 is larger than 1. A2 is set to 1 and A1 is set to 0.
Warning: Pdibl1 = -0.00669442 is negative.

Checking parameters for BSIM 4.5 model xarr.xpex.xn91:pshort_model.40
Warning: A2 = 1.0885 is larger than 1. A2 is set to 1 and A1 is set to 0.
Warning: Pdibl1 = -0.00669442 is negative.

Checking parameters for BSIM 4.5 model xarr.xpex.xn90:pshort_model.40
Warning: A2 = 1.0885 is larger than 1. A2 is set to 1 and A1 is set to 0.
Warning: Pdibl1 = -0.00669442 is negative.

Checking parameters for BSIM 4.5 model xarr.xpex.xn89:pshort_model.40
Warning: A2 = 1.0885 is larger than 1. A2 is set to 1 and A1 is set to 0.
Warning: Pdibl1 = -0.00669442 is negative.

Checking parameters for BSIM 4.5 model xarr.xpex.xn88:pshort_model.40
Warning: A2 = 1.0885 is larger than 1. A2 is set to 1 and A1 is set to 0.
Warning: Pdibl1 = -0.00669442 is negative.

Checking parameters for BSIM 4.5 model xarr.xpex.xn87:pshort_model.40
Warning: A2 = 1.0885 is larger than 1. A2 is set to 1 and A1 is set to 0.
Warning: Pdibl1 = -0.00669442 is negative.

Checking parameters for BSIM 4.5 model xarr.xpex.xn86:pshort_model.40
Warning: A2 = 1.0885 is larger than 1. A2 is set to 1 and A1 is set to 0.
Warning: Pdibl1 = -0.00669442 is negative.

Checking parameters for BSIM 4.5 model xarr.xpex.xn85:pshort_model.40
Warning: A2 = 1.0885 is larger than 1. A2 is set to 1 and A1 is set to 0.
Warning: Pdibl1 = -0.00669442 is negative.

Checking parameters for BSIM 4.5 model xarr.xpex.xn84:pshort_model.40
Warning: A2 = 1.0885 is larger than 1. A2 is set to 1 and A1 is set to 0.
Warning: Pdibl1 = -0.00669442 is negative.

Checking parameters for BSIM 4.5 model xarr.xpex.xn83:pshort_model.40
Warning: A2 = 1.0885 is larger than 1. A2 is set to 1 and A1 is set to 0.
Warning: Pdibl1 = -0.00669442 is negative.

Checking parameters for BSIM 4.5 model xarr.xpex.xn82:pshort_model.40
Warning: A2 = 1.0885 is larger than 1. A2 is set to 1 and A1 is set to 0.
Warning: Pdibl1 = -0.00669442 is negative.

Checking parameters for BSIM 4.5 model xarr.xpex.xn81:pshort_model.40
Warning: A2 = 1.0885 is larger than 1. A2 is set to 1 and A1 is set to 0.
Warning: Pdibl1 = -0.00669442 is negative.

Checking parameters for BSIM 4.5 model xarr.xpex.xn80:pshort_model.40
Warning: A2 = 1.0885 is larger than 1. A2 is set to 1 and A1 is set to 0.
Warning: Pdibl1 = -0.00669442 is negative.

Checking parameters for BSIM 4.5 model xarr.xpex.xn79:pshort_model.40
Warning: A2 = 1.0885 is larger than 1. A2 is set to 1 and A1 is set to 0.
Warning: Pdibl1 = -0.00669442 is negative.

Checking parameters for BSIM 4.5 model xarr.xpex.xn78:pshort_model.40
Warning: A2 = 1.0885 is larger than 1. A2 is set to 1 and A1 is set to 0.
Warning: Pdibl1 = -0.00669442 is negative.

Checking parameters for BSIM 4.5 model xarr.xpex.xn77:pshort_model.40
Warning: A2 = 1.0885 is larger than 1. A2 is set to 1 and A1 is set to 0.
Warning: Pdibl1 = -0.00669442 is negative.

Checking parameters for BSIM 4.5 model xarr.xpex.xn76:pshort_model.40
Warning: A2 = 1.0885 is larger than 1. A2 is set to 1 and A1 is set to 0.
Warning: Pdibl1 = -0.00669442 is negative.

Checking parameters for BSIM 4.5 model xarr.xpex.xn75:pshort_model.40
Warning: A2 = 1.0885 is larger than 1. A2 is set to 1 and A1 is set to 0.
Warning: Pdibl1 = -0.00669442 is negative.

Checking parameters for BSIM 4.5 model xarr.xpex.xn74:pshort_model.40
Warning: A2 = 1.0885 is larger than 1. A2 is set to 1 and A1 is set to 0.
Warning: Pdibl1 = -0.00669442 is negative.

Checking parameters for BSIM 4.5 model xarr.xpex.xn73:pshort_model.40
Warning: A2 = 1.0885 is larger than 1. A2 is set to 1 and A1 is set to 0.
Warning: Pdibl1 = -0.00669442 is negative.

Checking parameters for BSIM 4.5 model xarr.xpex.xn72:pshort_model.40
Warning: A2 = 1.0885 is larger than 1. A2 is set to 1 and A1 is set to 0.
Warning: Pdibl1 = -0.00669442 is negative.

Checking parameters for BSIM 4.5 model xarr.xpex.xn71:pshort_model.40
Warning: A2 = 1.0885 is larger than 1. A2 is set to 1 and A1 is set to 0.
Warning: Pdibl1 = -0.00669442 is negative.

Checking parameters for BSIM 4.5 model xarr.xpex.xn70:pshort_model.40
Warning: A2 = 1.0885 is larger than 1. A2 is set to 1 and A1 is set to 0.
Warning: Pdibl1 = -0.00669442 is negative.

Checking parameters for BSIM 4.5 model xarr.xpex.xn69:pshort_model.40
Warning: A2 = 1.0885 is larger than 1. A2 is set to 1 and A1 is set to 0.
Warning: Pdibl1 = -0.00669442 is negative.

Checking parameters for BSIM 4.5 model xarr.xpex.xn68:pshort_model.40
Warning: A2 = 1.0885 is larger than 1. A2 is set to 1 and A1 is set to 0.
Warning: Pdibl1 = -0.00669442 is negative.

Checking parameters for BSIM 4.5 model xarr.xpex.xn67:pshort_model.40
Warning: A2 = 1.0885 is larger than 1. A2 is set to 1 and A1 is set to 0.
Warning: Pdibl1 = -0.00669442 is negative.

Checking parameters for BSIM 4.5 model xarr.xpex.xn66:nshort_model.48
Warning: Eta0 = -0.0261666 is negative.

Checking parameters for BSIM 4.5 model xarr.xpex.xn65:nshort_model.40
Warning: Eta0 = -0.00908636 is negative.

Checking parameters for BSIM 4.5 model xarr.xpex.xn64:nshort_model.40
Warning: Eta0 = -0.00908636 is negative.

Checking parameters for BSIM 4.5 model xarr.xpex.xn63:nshort_model.40
Warning: Eta0 = -0.00908636 is negative.

Checking parameters for BSIM 4.5 model xarr.xpex.xn62:nshort_model.40
Warning: Eta0 = -0.00908636 is negative.

Checking parameters for BSIM 4.5 model xarr.xpex.xn61:nshort_model.48
Warning: Eta0 = -0.0261666 is negative.

Checking parameters for BSIM 4.5 model xarr.xpex.xn60:nshort_model.48
Warning: Eta0 = -0.0261666 is negative.

Checking parameters for BSIM 4.5 model xarr.xpex.xn59:nshort_model.40
Warning: Eta0 = -0.00908636 is negative.

Checking parameters for BSIM 4.5 model xarr.xpex.xn58:nshort_model.40
Warning: Eta0 = -0.00908636 is negative.

Checking parameters for BSIM 4.5 model xarr.xpex.xn57:nshort_model.40
Warning: Eta0 = -0.00908636 is negative.

Checking parameters for BSIM 4.5 model xarr.xpex.xn56:nshort_model.40
Warning: Eta0 = -0.00908636 is negative.

Checking parameters for BSIM 4.5 model xarr.xpex.xn55:nshort_model.48
Warning: Eta0 = -0.0261666 is negative.

Checking parameters for BSIM 4.5 model xarr.xpex.xn54:nshort_model.48
Warning: Eta0 = -0.0261666 is negative.

Checking parameters for BSIM 4.5 model xarr.xpex.xn53:nshort_model.40
Warning: Eta0 = -0.00908636 is negative.

Checking parameters for BSIM 4.5 model xarr.xpex.xn52:nshort_model.40
Warning: Eta0 = -0.00908636 is negative.

Checking parameters for BSIM 4.5 model xarr.xpex.xn51:nshort_model.40
Warning: Eta0 = -0.00908636 is negative.

Checking parameters for BSIM 4.5 model xarr.xpex.xn50:nshort_model.40
Warning: Eta0 = -0.00908636 is negative.

Checking parameters for BSIM 4.5 model xarr.xpex.xn49:nshort_model.48
Warning: Eta0 = -0.0261666 is negative.

Checking parameters for BSIM 4.5 model xarr.xpex.xn48:nshort_model.48
Warning: Eta0 = -0.0261666 is negative.

Checking parameters for BSIM 4.5 model xarr.xpex.xn47:nshort_model.48
Warning: Eta0 = -0.0261666 is negative.

Checking parameters for BSIM 4.5 model xarr.xpex.xn46:nshort_model.48
Warning: Eta0 = -0.0261666 is negative.

Checking parameters for BSIM 4.5 model xarr.xpex.xn45:nshort_model.48
Warning: Eta0 = -0.0261666 is negative.

Checking parameters for BSIM 4.5 model xarr.xpex.xn44:nshort_model.48
Warning: Eta0 = -0.0261666 is negative.

Checking parameters for BSIM 4.5 model xarr.xpex.xn43:nshort_model.48
Warning: Eta0 = -0.0261666 is negative.

Checking parameters for BSIM 4.5 model xarr.xpex.xn42:nshort_model.48
Warning: Eta0 = -0.0261666 is negative.

Checking parameters for BSIM 4.5 model xarr.xpex.xn41:nshort_model.48
Warning: Eta0 = -0.0261666 is negative.

Checking parameters for BSIM 4.5 model xarr.xpex.xn40:nshort_model.48
Warning: Eta0 = -0.0261666 is negative.

Checking parameters for BSIM 4.5 model xarr.xpex.xn39:nshort_model.48
Warning: Eta0 = -0.0261666 is negative.

Checking parameters for BSIM 4.5 model xarr.xpex.xn38:nshort_model.48
Warning: Eta0 = -0.0261666 is negative.

Checking parameters for BSIM 4.5 model xarr.xpex.xn37:nshort_model.48
Warning: Eta0 = -0.0261666 is negative.

Checking parameters for BSIM 4.5 model xarr.xpex.xn35:nshort_model.48
Warning: Eta0 = -0.0261666 is negative.

Checking parameters for BSIM 4.5 model xarr.xpex.xn33:nshort_model.48
Warning: Eta0 = -0.0261666 is negative.

Checking parameters for BSIM 4.5 model xarr.xpex.xn31:nshort_model.48
Warning: Eta0 = -0.0261666 is negative.

Checking parameters for BSIM 4.5 model xarr.xpex.xn28:nshort_model.48
Warning: Eta0 = -0.0261666 is negative.

Checking parameters for BSIM 4.5 model xarr.xpex.xn27:nshort_model.48
Warning: Eta0 = -0.0261666 is negative.

Checking parameters for BSIM 4.5 model xarr.xpex.xn25:nshort_model.48
Warning: Eta0 = -0.0261666 is negative.

Checking parameters for BSIM 4.5 model xarr.xpex.xn23:nshort_model.48
Warning: Eta0 = -0.0261666 is negative.

Checking parameters for BSIM 4.5 model xarr.xpex.xn21:nshort_model.48
Warning: Eta0 = -0.0261666 is negative.

Checking parameters for BSIM 4.5 model xarr.xpex.xn8:nshort_model.40
Warning: Eta0 = -0.00908636 is negative.

Checking parameters for BSIM 4.5 model xarr.xpex.xn7:nshort_model.40
Warning: Eta0 = -0.00908636 is negative.

Checking parameters for BSIM 4.5 model xarr.xpex.xn6:nshort_model.40
Warning: Eta0 = -0.00908636 is negative.

Checking parameters for BSIM 4.5 model xarr.xpex.xn5:nshort_model.40
Warning: Eta0 = -0.00908636 is negative.

Checking parameters for BSIM 4.5 model xarr.xpex.xn4:nshort_model.40
Warning: Eta0 = -0.00908636 is negative.

Checking parameters for BSIM 4.5 model xarr.xpex.xn3:nshort_model.40
Warning: Eta0 = -0.00908636 is negative.

Checking parameters for BSIM 4.5 model xarr.xpex.xn2:nshort_model.40
Warning: Eta0 = -0.00908636 is negative.

Checking parameters for BSIM 4.5 model xarr.xpex.xn1:nshort_model.40
Warning: Eta0 = -0.00908636 is negative.

Error: measure  vsub_max  max(TRIG) : no such vector as 'v(xarr.vsubs)'

Error: measure  vsub_min  min(TRIG) : no such vector as 'v(xarr.vsubs)'
Warning from checkvalid: vector vsub_max is not available or has zero length.
Error: RHS "(vsub_max - vsub_min) / 1.98" invalid
Warning from checkvalid: vector vsub_swing_frac is not available or has zero length.

