|* Post-layout ro_array_core (whole array, real inter-ring wiring), FLOATING
|* substrate, rings 2-4 PRESENT BUT STOPPED (en2/en3/en4 held at 0 for the
|* whole run) -- the array-scale sibling of
|* sim/post-layout-ro-ring5/testbench/tb_post_layout_substrate_float_solo.spice.
|*
|* Purpose: separate LOADING (the floating node's own capacitance/impedance,
|* present even with no other ring switching) from COUPLING (ring 1's period
|* moving because rings 2-4 are actually driving the same shared node), the
|* same three-way decomposition DR-0005 finding 3 used at ring scope:
|*
|*   loading  = t(this deck)                         - t(tied, sibling deck)
|*   coupling = t(substrate_float, all 4 running)     - t(this deck)
|*
|* Same array GDS extraction as the other two decks in this directory (real
|* physical ring-to-ring proximity, not four separately-placed leaf cells),
|* so this is the strongest available bound on the substrate mechanism this
|* repo has produced -- still not the physical answer (the extractor emits
|* no substrate or tap resistance at all; klayout-tools#1503), but bracketing
|* the terminals of a real, physically-placed layout's own shared node
|* rather than a hand-tied approximation of one.
|*
|* With en2/en3/en4 held at 0, ro_nand2's own defined-output-on-disable state
|* (design/README.md; DR-0003) pins ring2/3/4's node ro_ring5 outputs high --
|* a defined, non-switching state, not a floating one -- so rn2/rn3/rn4 (and
|* therefore ro2/ro3/ro4 and the XOR tree downstream of them) settle and stay
|* put; only ring 1 free-runs.
|*
|* This file is a TEMPLATE: sim/bin/corner-run.py substitutes /Users/rwalters/.volare/volare/sky130/versions/c6d73a35f524070e85faff4a6a9eef49553ebc2b/sky130A/libs.tech/combined/sky130.lib.spice,
|* ff, /Users/rwalters/GitHub/sky130-trng/.loom/worktrees/issue-22/layout/pex-array/ro_array_core_pex.spice, 27.0 and 1.8. As committed it is not a
|* runnable deck. Invoke with
|* `--pex-lib layout/pex-array/ro_array_core_pex.spice`.
|
|.option scale=1u
|.lib "/Users/rwalters/.volare/volare/sky130/versions/c6d73a35f524070e85faff4a6a9eef49553ebc2b/sky130A/libs.tech/combined/sky130.lib.spice" ff
|
|.include "/Users/rwalters/GitHub/sky130-trng/.loom/worktrees/issue-22/layout/pex-array/ro_array_core_pex.spice"
|
|.temp 27.0
|
|* --- substrate return node: FLOATING (see header) -- no Vsub source ----
|
|Vddrp1 pvddr1 0 dc 1.8
|Vddrp2 pvddr2 0 dc 1.8
|Vddrp3 pvddr3 0 dc 1.8
|Vddrp4 pvddr4 0 dc 1.8
|Vddp pvdd 0 dc 1.8
|Venp1 pen1 0 PULSE(0 1.8 5n 100p 100p 1u 2u)
|* rings 2-4: held at 0 for the whole run -- present, but never released.
|Venp2 pen2 0 dc 0
|Venp3 pen3 0 dc 0
|Venp4 pen4 0 dc 0
|xarr pen1 pen2 pen3 pen4 pvddr1 pvddr2 pvddr3 pvddr4 pvdd 0 pxo pro1 pro2 pro3 pro4 ro_array_core_pex
|
|.ic v(pro1)=0
|.ic v(pro2)=0
|.ic v(pro3)=0
|.ic v(pro4)=0
|
|.save v(pro1) v(xarr.vsubs)
|.save i(Vddrp1)
|
|.tran 5p 800n uic
|
|.control
|run
|
|meas tran pt1a when v(pro1)=0.5*1.8 rise=3
|meas tran pt1b when v(pro1)=0.5*1.8 rise=13
|let p_tr1 = (pt1b - pt1a)/10
|
|meas tran vsub_max MAX v(xarr.vsubs) from=100n to=800n
|meas tran vsub_min MIN v(xarr.vsubs) from=100n to=800n
|let vsub_swing_frac = (vsub_max - vsub_min) / 1.8
|
|print p_tr1
|print vsub_swing_frac
|.endc
|.end
|

----- stdout -----

Note: Compatibility modes selected: hs a


Circuit: * post-layout ro_array_core (whole array, real inter-ring wiring), floating

option SCALE: Scale is set to 1e-06 for instance and model parameters
option SCALE: Scale is set to 1e-06 for instance and model parameters
option SCALE: Scale is set to 1e-06 for instance and model parameters
option SCALE: Scale is set to 1e-06 for instance and model parameters
option SCALE: Scale is set to 1e-06 for instance and model parameters
Doing analysis at TEMP = 27.000000 and TNOM = 27.000000

Using SPARSE 1.3 as Direct Linear Solver
Operating point simulation skipped by 'uic',
  now using transient initial conditions.
 Reference value :  5.00000e-14
 Reference value :  1.15717e-09
 Reference value :  2.48217e-09
 Reference value :  3.79717e-09
 Reference value :  5.06750e-09
 Reference value :  6.36750e-09
 Reference value :  7.70250e-09
 Reference value :  9.03750e-09
 Reference value :  1.03625e-08
 Reference value :  1.16575e-08
 Reference value :  1.30325e-08
 Reference value :  1.43725e-08
 Reference value :  1.57375e-08
 Reference value :  1.70875e-08
 Reference value :  1.86075e-08
 Reference value :  1.99025e-08
 Reference value :  2.12975e-08
 Reference value :  2.27175e-08
 Reference value :  2.40925e-08
 Reference value :  2.53825e-08
 Reference value :  2.67025e-08
 Reference value :  2.80075e-08
 Reference value :  2.93125e-08
 Reference value :  3.06075e-08
 Reference value :  3.19875e-08
 Reference value :  3.33475e-08
 Reference value :  3.46475e-08
 Reference value :  3.59425e-08
 Reference value :  3.73175e-08
 Reference value :  3.86675e-08
 Reference value :  3.99625e-08
 Reference value :  4.12575e-08
 Reference value :  4.25875e-08
 Reference value :  4.39425e-08
 Reference value :  4.52425e-08
 Reference value :  4.65675e-08
 Reference value :  4.78525e-08
 Reference value :  4.92175e-08
 Reference value :  5.05025e-08
 Reference value :  5.18225e-08
 Reference value :  5.31075e-08
 Reference value :  5.44725e-08
 Reference value :  5.59125e-08
 Reference value :  5.72525e-08
 Reference value :  5.85225e-08
 Reference value :  5.98425e-08
 Reference value :  6.11775e-08
 Reference value :  6.24575e-08
 Reference value :  6.37325e-08
 Reference value :  6.50575e-08
 Reference value :  6.63775e-08
 Reference value :  6.76275e-08
 Reference value :  6.89225e-08
 Reference value :  7.01925e-08
 Reference value :  7.15225e-08
 Reference value :  7.27775e-08
 Reference value :  7.41125e-08
 Reference value :  7.53975e-08
 Reference value :  7.67525e-08
 Reference value :  7.80575e-08
 Reference value :  7.93675e-08
 Reference value :  8.06425e-08
 Reference value :  8.19325e-08
 Reference value :  8.32575e-08
 Reference value :  8.45325e-08
 Reference value :  8.57875e-08
 Reference value :  8.71125e-08
 Reference value :  8.84425e-08
 Reference value :  8.97275e-08
 Reference value :  9.10475e-08
 Reference value :  9.23675e-08
 Reference value :  9.37025e-08
 Reference value :  9.49925e-08
 Reference value :  9.63175e-08
 Reference value :  9.75775e-08
 Reference value :  9.90225e-08
 Reference value :  1.00308e-07
 Reference value :  1.01628e-07
 Reference value :  1.02893e-07
 Reference value :  1.04213e-07
 Reference value :  1.05578e-07
 Reference value :  1.06863e-07
 Reference value :  1.08123e-07
 Reference value :  1.09463e-07
 Reference value :  1.10773e-07
 Reference value :  1.12048e-07
 Reference value :  1.13343e-07
 Reference value :  1.14643e-07
 Reference value :  1.16008e-07
 Reference value :  1.17273e-07
 Reference value :  1.18583e-07
 Reference value :  1.19903e-07
 Reference value :  1.21203e-07
 Reference value :  1.22498e-07
 Reference value :  1.23803e-07
 Reference value :  1.25058e-07
 Reference value :  1.26363e-07
 Reference value :  1.27658e-07
 Reference value :  1.28918e-07
 Reference value :  1.30158e-07
 Reference value :  1.31418e-07
 Reference value :  1.32703e-07
 Reference value :  1.33998e-07
 Reference value :  1.35333e-07
 Reference value :  1.36598e-07
 Reference value :  1.37913e-07
 Reference value :  1.39208e-07
 Reference value :  1.40513e-07
 Reference value :  1.41768e-07
 Reference value :  1.43083e-07
 Reference value :  1.44368e-07
 Reference value :  1.45638e-07
 Reference value :  1.46888e-07
 Reference value :  1.48193e-07
 Reference value :  1.49493e-07
 Reference value :  1.50748e-07
 Reference value :  1.52028e-07
 Reference value :  1.53253e-07
 Reference value :  1.54553e-07
 Reference value :  1.55828e-07
 Reference value :  1.57108e-07
 Reference value :  1.58333e-07
 Reference value :  1.59628e-07
 Reference value :  1.60938e-07
 Reference value :  1.62188e-07
 Reference value :  1.63433e-07
 Reference value :  1.64708e-07
 Reference value :  1.66003e-07
 Reference value :  1.67248e-07
 Reference value :  1.68548e-07
 Reference value :  1.69783e-07
 Reference value :  1.71078e-07
 Reference value :  1.72343e-07
 Reference value :  1.73613e-07
 Reference value :  1.74853e-07
 Reference value :  1.76158e-07
 Reference value :  1.77458e-07
 Reference value :  1.78713e-07
 Reference value :  1.79978e-07
 Reference value :  1.81238e-07
 Reference value :  1.82523e-07
 Reference value :  1.83793e-07
 Reference value :  1.85088e-07
 Reference value :  1.86338e-07
 Reference value :  1.87643e-07
 Reference value :  1.88963e-07
 Reference value :  1.90233e-07
 Reference value :  1.91493e-07
 Reference value :  1.92803e-07
 Reference value :  1.94133e-07
 Reference value :  1.95538e-07
 Reference value :  1.96793e-07
 Reference value :  1.98118e-07
 Reference value :  1.99448e-07
 Reference value :  2.00698e-07
 Reference value :  2.02018e-07
 Reference value :  2.03313e-07
 Reference value :  2.04628e-07
 Reference value :  2.05908e-07
 Reference value :  2.07198e-07
 Reference value :  2.08493e-07
 Reference value :  2.09813e-07
 Reference value :  2.11113e-07
 Reference value :  2.12378e-07
 Reference value :  2.13633e-07
 Reference value :  2.14928e-07
 Reference value :  2.16238e-07
 Reference value :  2.17508e-07
 Reference value :  2.18798e-07
 Reference value :  2.20053e-07
 Reference value :  2.21358e-07
 Reference value :  2.22633e-07
 Reference value :  2.23938e-07
 Reference value :  2.25188e-07
 Reference value :  2.26493e-07
 Reference value :  2.27818e-07
 Reference value :  2.29083e-07
 Reference value :  2.30333e-07
 Reference value :  2.31638e-07
 Reference value :  2.32943e-07
 Reference value :  2.34198e-07
 Reference value :  2.35478e-07
 Reference value :  2.36743e-07
 Reference value :  2.38043e-07
 Reference value :  2.39308e-07
 Reference value :  2.40698e-07
 Reference value :  2.41953e-07
 Reference value :  2.43263e-07
 Reference value :  2.44528e-07
 Reference value :  2.45833e-07
 Reference value :  2.47103e-07
 Reference value :  2.48413e-07
 Reference value :  2.49728e-07
 Reference value :  2.51003e-07
 Reference value :  2.52283e-07
 Reference value :  2.53708e-07
 Reference value :  2.55018e-07
 Reference value :  2.56273e-07
 Reference value :  2.57563e-07
 Reference value :  2.58838e-07
 Reference value :  2.60168e-07
 Reference value :  2.61438e-07
 Reference value :  2.62763e-07
 Reference value :  2.64008e-07
 Reference value :  2.65328e-07
 Reference value :  2.66623e-07
 Reference value :  2.67878e-07
 Reference value :  2.69103e-07
 Reference value :  2.70403e-07
 Reference value :  2.71743e-07
 Reference value :  2.72963e-07
 Reference value :  2.74243e-07
 Reference value :  2.75518e-07
 Reference value :  2.76818e-07
 Reference value :  2.78088e-07
 Reference value :  2.79393e-07
 Reference value :  2.80643e-07
 Reference value :  2.81958e-07
 Reference value :  2.83263e-07
 Reference value :  2.84533e-07
 Reference value :  2.85772e-07
 Reference value :  2.87062e-07
 Reference value :  2.88357e-07
 Reference value :  2.89627e-07
 Reference value :  2.90912e-07
 Reference value :  2.92187e-07
 Reference value :  2.93492e-07
 Reference value :  2.94757e-07
 Reference value :  2.96052e-07
 Reference value :  2.97317e-07
 Reference value :  2.98662e-07
 Reference value :  2.99962e-07
 Reference value :  3.01242e-07
 Reference value :  3.02487e-07
 Reference value :  3.03777e-07
 Reference value :  3.05077e-07
 Reference value :  3.06317e-07
 Reference value :  3.07622e-07
 Reference value :  3.08892e-07
 Reference value :  3.10192e-07
 Reference value :  3.11437e-07
 Reference value :  3.12722e-07
 Reference value :  3.13967e-07
 Reference value :  3.15267e-07
 Reference value :  3.16552e-07
 Reference value :  3.17812e-07
 Reference value :  3.19077e-07
 Reference value :  3.20387e-07
 Reference value :  3.21687e-07
 Reference value :  3.22897e-07
 Reference value :  3.24187e-07
 Reference value :  3.25472e-07
 Reference value :  3.26767e-07
 Reference value :  3.28027e-07
 Reference value :  3.29402e-07
 Reference value :  3.30642e-07
 Reference value :  3.31942e-07
 Reference value :  3.33232e-07
 Reference value :  3.34492e-07
 Reference value :  3.35737e-07
 Reference value :  3.37022e-07
 Reference value :  3.38312e-07
 Reference value :  3.39572e-07
 Reference value :  3.40872e-07
 Reference value :  3.42152e-07
 Reference value :  3.43462e-07
 Reference value :  3.44732e-07
 Reference value :  3.46052e-07
 Reference value :  3.47317e-07
 Reference value :  3.48617e-07
 Reference value :  3.49912e-07
 Reference value :  3.51177e-07
 Reference value :  3.52472e-07
 Reference value :  3.53772e-07
 Reference value :  3.55102e-07
 Reference value :  3.56367e-07
 Reference value :  3.57637e-07
 Reference value :  3.58932e-07
 Reference value :  3.60222e-07
 Reference value :  3.61457e-07
 Reference value :  3.62742e-07
 Reference value :  3.63982e-07
 Reference value :  3.65282e-07
 Reference value :  3.66567e-07
 Reference value :  3.67847e-07
 Reference value :  3.69087e-07
 Reference value :  3.70377e-07
 Reference value :  3.71682e-07
 Reference value :  3.72937e-07
 Reference value :  3.74207e-07
 Reference value :  3.75462e-07
 Reference value :  3.76742e-07
 Reference value :  3.77987e-07
 Reference value :  3.79262e-07
 Reference value :  3.80497e-07
 Reference value :  3.81837e-07
 Reference value :  3.83132e-07
 Reference value :  3.84392e-07
 Reference value :  3.85612e-07
 Reference value :  3.87002e-07
 Reference value :  3.88297e-07
 Reference value :  3.89572e-07
 Reference value :  3.90807e-07
 Reference value :  3.92067e-07
 Reference value :  3.93367e-07
 Reference value :  3.94602e-07
 Reference value :  3.95907e-07
 Reference value :  3.97162e-07
 Reference value :  3.98497e-07
 Reference value :  4.00027e-07
 Reference value :  4.01402e-07
 Reference value :  4.02787e-07
 Reference value :  4.04132e-07
 Reference value :  4.05422e-07
 Reference value :  4.06687e-07
 Reference value :  4.07962e-07
 Reference value :  4.09267e-07
 Reference value :  4.10582e-07
 Reference value :  4.11847e-07
 Reference value :  4.13122e-07
 Reference value :  4.14427e-07
 Reference value :  4.15727e-07
 Reference value :  4.16977e-07
 Reference value :  4.18267e-07
 Reference value :  4.19522e-07
 Reference value :  4.20837e-07
 Reference value :  4.22167e-07
 Reference value :  4.23462e-07
 Reference value :  4.24762e-07
 Reference value :  4.26062e-07
 Reference value :  4.27372e-07
 Reference value :  4.28612e-07
 Reference value :  4.29847e-07
 Reference value :  4.31142e-07
 Reference value :  4.32422e-07
 Reference value :  4.33647e-07
 Reference value :  4.34922e-07
 Reference value :  4.36162e-07
 Reference value :  4.37457e-07
 Reference value :  4.38732e-07
 Reference value :  4.39997e-07
 Reference value :  4.41227e-07
 Reference value :  4.42612e-07
 Reference value :  4.44007e-07
 Reference value :  4.45412e-07
 Reference value :  4.46667e-07
 Reference value :  4.47977e-07
 Reference value :  4.49312e-07
 Reference value :  4.50597e-07
 Reference value :  4.51932e-07
 Reference value :  4.53207e-07
 Reference value :  4.54522e-07
 Reference value :  4.55747e-07
 Reference value :  4.57047e-07
 Reference value :  4.58327e-07
 Reference value :  4.59627e-07
 Reference value :  4.60917e-07
 Reference value :  4.62232e-07
 Reference value :  4.63502e-07
 Reference value :  4.64822e-07
 Reference value :  4.66127e-07
 Reference value :  4.67382e-07
 Reference value :  4.68657e-07
 Reference value :  4.69962e-07
 Reference value :  4.71262e-07
 Reference value :  4.72537e-07
 Reference value :  4.73862e-07
 Reference value :  4.75147e-07
 Reference value :  4.76447e-07
 Reference value :  4.77687e-07
 Reference value :  4.78952e-07
 Reference value :  4.80157e-07
 Reference value :  4.81442e-07
 Reference value :  4.82752e-07
 Reference value :  4.84022e-07
 Reference value :  4.85297e-07
 Reference value :  4.86592e-07
 Reference value :  4.87922e-07
 Reference value :  4.89212e-07
 Reference value :  4.90517e-07
 Reference value :  4.91782e-07
 Reference value :  4.93092e-07
 Reference value :  4.94372e-07
 Reference value :  4.95687e-07
 Reference value :  4.96962e-07
 Reference value :  4.98287e-07
 Reference value :  4.99602e-07
 Reference value :  5.00862e-07
 Reference value :  5.02132e-07
 Reference value :  5.03472e-07
 Reference value :  5.04792e-07
 Reference value :  5.06062e-07
 Reference value :  5.07387e-07
 Reference value :  5.08662e-07
 Reference value :  5.09982e-07
 Reference value :  5.11237e-07
 Reference value :  5.12537e-07
 Reference value :  5.13802e-07
 Reference value :  5.15127e-07
 Reference value :  5.16412e-07
 Reference value :  5.17692e-07
 Reference value :  5.18952e-07
 Reference value :  5.20262e-07
 Reference value :  5.21597e-07
 Reference value :  5.22862e-07
 Reference value :  5.24137e-07
 Reference value :  5.25627e-07
 Reference value :  5.27462e-07
 Reference value :  5.28717e-07
 Reference value :  5.29907e-07
 Reference value :  5.31252e-07
 Reference value :  5.32562e-07
 Reference value :  5.33712e-07
 Reference value :  5.34907e-07
 Reference value :  5.36057e-07
 Reference value :  5.37252e-07
 Reference value :  5.38452e-07
 Reference value :  5.39602e-07
 Reference value :  5.40757e-07
 Reference value :  5.41952e-07
 Reference value :  5.43122e-07
 Reference value :  5.44257e-07
 Reference value :  5.45442e-07
 Reference value :  5.46592e-07
 Reference value :  5.47807e-07
 Reference value :  5.48982e-07
 Reference value :  5.50137e-07
 Reference value :  5.51412e-07
 Reference value :  5.52572e-07
 Reference value :  5.53777e-07
 Reference value :  5.54962e-07
 Reference value :  5.56107e-07
 Reference value :  5.57257e-07
 Reference value :  5.58407e-07
 Reference value :  5.59562e-07
 Reference value :  5.60752e-07
 Reference value :  5.61902e-07
 Reference value :  5.63042e-07
 Reference value :  5.64237e-07
 Reference value :  5.65412e-07
 Reference value :  5.66552e-07
 Reference value :  5.67722e-07
 Reference value :  5.68862e-07
 Reference value :  5.70052e-07
 Reference value :  5.71247e-07
 Reference value :  5.72357e-07
 Reference value :  5.73537e-07
 Reference value :  5.74672e-07
 Reference value :  5.75862e-07
 Reference value :  5.77067e-07
 Reference value :  5.78222e-07
 Reference value :  5.79402e-07
 Reference value :  5.80552e-07
 Reference value :  5.81737e-07
 Reference value :  5.82927e-07
 Reference value :  5.84057e-07
 Reference value :  5.85172e-07
 Reference value :  5.86327e-07
 Reference value :  5.87642e-07
 Reference value :  5.88807e-07
 Reference value :  5.89982e-07
 Reference value :  5.91122e-07
 Reference value :  5.92307e-07
 Reference value :  5.93487e-07
 Reference value :  5.94632e-07
 Reference value :  5.95787e-07
 Reference value :  5.96922e-07
 Reference value :  5.98097e-07
 Reference value :  5.99307e-07
 Reference value :  6.00457e-07
 Reference value :  6.01613e-07
 Reference value :  6.02768e-07
 Reference value :  6.03983e-07
 Reference value :  6.05153e-07
 Reference value :  6.06298e-07
 Reference value :  6.07418e-07
 Reference value :  6.08603e-07
 Reference value :  6.09758e-07
 Reference value :  6.10898e-07
 Reference value :  6.12063e-07
 Reference value :  6.13198e-07
 Reference value :  6.14373e-07
 Reference value :  6.15563e-07
 Reference value :  6.16723e-07
 Reference value :  6.17898e-07
 Reference value :  6.19048e-07
 Reference value :  6.20263e-07
 Reference value :  6.21468e-07
 Reference value :  6.22618e-07
 Reference value :  6.23783e-07
 Reference value :  6.24943e-07
 Reference value :  6.26143e-07
 Reference value :  6.27323e-07
 Reference value :  6.28478e-07
 Reference value :  6.29628e-07
 Reference value :  6.30813e-07
 Reference value :  6.31968e-07
 Reference value :  6.33148e-07
 Reference value :  6.34313e-07
 Reference value :  6.35448e-07
 Reference value :  6.36633e-07
 Reference value :  6.37823e-07
 Reference value :  6.38953e-07
 Reference value :  6.40183e-07
 Reference value :  6.41333e-07
 Reference value :  6.42528e-07
 Reference value :  6.43713e-07
 Reference value :  6.44843e-07
 Reference value :  6.46003e-07
 Reference value :  6.47153e-07
 Reference value :  6.48348e-07
 Reference value :  6.49543e-07
 Reference value :  6.50673e-07
 Reference value :  6.51828e-07
 Reference value :  6.53048e-07
 Reference value :  6.54248e-07
 Reference value :  6.55413e-07
 Reference value :  6.56578e-07
 Reference value :  6.57743e-07
 Reference value :  6.58903e-07
 Reference value :  6.60098e-07
 Reference value :  6.61238e-07
 Reference value :  6.62403e-07
 Reference value :  6.63543e-07
 Reference value :  6.64723e-07
 Reference value :  6.65903e-07
 Reference value :  6.67028e-07
 Reference value :  6.68203e-07
 Reference value :  6.69373e-07
 Reference value :  6.70563e-07
 Reference value :  6.71768e-07
 Reference value :  6.72918e-07
 Reference value :  6.74038e-07
 Reference value :  6.75233e-07
 Reference value :  6.76418e-07
 Reference value :  6.77583e-07
 Reference value :  6.78773e-07
 Reference value :  6.79893e-07
 Reference value :  6.81108e-07
 Reference value :  6.82288e-07
 Reference value :  6.83433e-07
 Reference value :  6.84638e-07
 Reference value :  6.85753e-07
 Reference value :  6.86938e-07
 Reference value :  6.88138e-07
 Reference value :  6.89293e-07
 Reference value :  6.90448e-07
 Reference value :  6.91613e-07
 Reference value :  6.92873e-07
 Reference value :  6.94038e-07
 Reference value :  6.95268e-07
 Reference value :  6.96418e-07
 Reference value :  6.97598e-07
 Reference value :  6.98798e-07
 Reference value :  6.99958e-07
 Reference value :  7.01128e-07
 Reference value :  7.02273e-07
 Reference value :  7.03458e-07
 Reference value :  7.04643e-07
 Reference value :  7.05803e-07
 Reference value :  7.06978e-07
 Reference value :  7.08193e-07
 Reference value :  7.09383e-07
 Reference value :  7.10583e-07
 Reference value :  7.11723e-07
 Reference value :  7.12863e-07
 Reference value :  7.14058e-07
 Reference value :  7.15268e-07
 Reference value :  7.16458e-07
 Reference value :  7.17618e-07
 Reference value :  7.18748e-07
 Reference value :  7.19948e-07
 Reference value :  7.21148e-07
 Reference value :  7.22293e-07
 Reference value :  7.23473e-07
 Reference value :  7.24623e-07
 Reference value :  7.25793e-07
 Reference value :  7.26973e-07
 Reference value :  7.28098e-07
 Reference value :  7.29283e-07
 Reference value :  7.30453e-07
 Reference value :  7.31668e-07
 Reference value :  7.32848e-07
 Reference value :  7.34023e-07
 Reference value :  7.35158e-07
 Reference value :  7.36338e-07
 Reference value :  7.37538e-07
 Reference value :  7.38678e-07
 Reference value :  7.39848e-07
 Reference value :  7.40948e-07
 Reference value :  7.42138e-07
 Reference value :  7.43338e-07
 Reference value :  7.44458e-07
 Reference value :  7.45643e-07
 Reference value :  7.46773e-07
 Reference value :  7.47958e-07
 Reference value :  7.49143e-07
 Reference value :  7.50288e-07
 Reference value :  7.51448e-07
 Reference value :  7.52598e-07
 Reference value :  7.53818e-07
 Reference value :  7.54998e-07
 Reference value :  7.56143e-07
 Reference value :  7.57303e-07
 Reference value :  7.58483e-07
 Reference value :  7.59668e-07
 Reference value :  7.60808e-07
 Reference value :  7.61993e-07
 Reference value :  7.63138e-07
 Reference value :  7.64313e-07
 Reference value :  7.65498e-07
 Reference value :  7.66663e-07
 Reference value :  7.67843e-07
 Reference value :  7.68988e-07
 Reference value :  7.70158e-07
 Reference value :  7.71353e-07
 Reference value :  7.72503e-07
 Reference value :  7.73678e-07
 Reference value :  7.74843e-07
 Reference value :  7.76048e-07
 Reference value :  7.77198e-07
 Reference value :  7.78348e-07
 Reference value :  7.79483e-07
 Reference value :  7.80663e-07
 Reference value :  7.81843e-07
 Reference value :  7.82993e-07
 Reference value :  7.84203e-07
 Reference value :  7.85338e-07
 Reference value :  7.86538e-07
 Reference value :  7.87813e-07
 Reference value :  7.88923e-07
 Reference value :  7.90098e-07
 Reference value :  7.91188e-07
 Reference value :  7.92408e-07
 Reference value :  7.93598e-07
 Reference value :  7.94743e-07
 Reference value :  7.95918e-07
 Reference value :  7.97078e-07
 Reference value :  7.98263e-07
 Reference value :  7.99443e-07
No. of Data Rows : 160024
pt1a                =  1.32486e-08
pt1b                =  6.87449e-08
 meas tran vsub_max max v(xarr.vsubs) from=100n to=800n failed!

 meas tran vsub_min min v(xarr.vsubs) from=100n to=800n failed!

p_tr1 = 5.549625e-09
Note: Simulation executed from .control section 

----- stderr -----

Checking parameters for BSIM 4.5 model xarr.xpex.xn132:pshort_model.43
Warning: Eta0 = -0.000373202 is negative.

Checking parameters for BSIM 4.5 model xarr.xpex.xn131:pshort_model.43
Warning: Eta0 = -0.000373202 is negative.

Checking parameters for BSIM 4.5 model xarr.xpex.xn130:pshort_model.43
Warning: Eta0 = -0.000373202 is negative.

Checking parameters for BSIM 4.5 model xarr.xpex.xn129:pshort_model.43
Warning: Eta0 = -0.000373202 is negative.

Checking parameters for BSIM 4.5 model xarr.xpex.xn128:pshort_model.43
Warning: Eta0 = -0.000373202 is negative.

Checking parameters for BSIM 4.5 model xarr.xpex.xn127:pshort_model.43
Warning: Eta0 = -0.000373202 is negative.

Checking parameters for BSIM 4.5 model xarr.xpex.xn126:pshort_model.43
Warning: Eta0 = -0.000373202 is negative.

Checking parameters for BSIM 4.5 model xarr.xpex.xn125:pshort_model.43
Warning: Eta0 = -0.000373202 is negative.

Checking parameters for BSIM 4.5 model xarr.xpex.xn124:pshort_model.43
Warning: Eta0 = -0.000373202 is negative.

Checking parameters for BSIM 4.5 model xarr.xpex.xn123:pshort_model.43
Warning: Eta0 = -0.000373202 is negative.

Checking parameters for BSIM 4.5 model xarr.xpex.xn122:pshort_model.43
Warning: Eta0 = -0.000373202 is negative.

Checking parameters for BSIM 4.5 model xarr.xpex.xn121:pshort_model.43
Warning: Eta0 = -0.000373202 is negative.

Checking parameters for BSIM 4.5 model xarr.xpex.xn120:pshort_model.40
Warning: A2 = 1.0885 is larger than 1. A2 is set to 1 and A1 is set to 0.
Warning: Pdibl1 = -0.00669442 is negative.

Checking parameters for BSIM 4.5 model xarr.xpex.xn119:pshort_model.43
Warning: Eta0 = -0.000373202 is negative.

Checking parameters for BSIM 4.5 model xarr.xpex.xn118:pshort_model.32
Warning: A2 = 1.14662 is larger than 1. A2 is set to 1 and A1 is set to 0.
Warning: Pdibl1 = -0.0493749 is negative.
Warning: Pdibl2 = -0.000925472 is negative.

Checking parameters for BSIM 4.5 model xarr.xpex.xn117:pshort_model.32
Warning: A2 = 1.14662 is larger than 1. A2 is set to 1 and A1 is set to 0.
Warning: Pdibl1 = -0.0493749 is negative.
Warning: Pdibl2 = -0.000925472 is negative.

Checking parameters for BSIM 4.5 model xarr.xpex.xn116:pshort_model.43
Warning: Eta0 = -0.000373202 is negative.

Checking parameters for BSIM 4.5 model xarr.xpex.xn115:pshort_model.32
Warning: A2 = 1.14662 is larger than 1. A2 is set to 1 and A1 is set to 0.
Warning: Pdibl1 = -0.0493749 is negative.
Warning: Pdibl2 = -0.000925472 is negative.

Checking parameters for BSIM 4.5 model xarr.xpex.xn114:pshort_model.32
Warning: A2 = 1.14662 is larger than 1. A2 is set to 1 and A1 is set to 0.
Warning: Pdibl1 = -0.0493749 is negative.
Warning: Pdibl2 = -0.000925472 is negative.

Checking parameters for BSIM 4.5 model xarr.xpex.xn113:pshort_model.40
Warning: A2 = 1.0885 is larger than 1. A2 is set to 1 and A1 is set to 0.
Warning: Pdibl1 = -0.00669442 is negative.

Checking parameters for BSIM 4.5 model xarr.xpex.xn112:pshort_model.43
Warning: Eta0 = -0.000373202 is negative.

Checking parameters for BSIM 4.5 model xarr.xpex.xn111:pshort_model.40
Warning: A2 = 1.0885 is larger than 1. A2 is set to 1 and A1 is set to 0.
Warning: Pdibl1 = -0.00669442 is negative.

Checking parameters for BSIM 4.5 model xarr.xpex.xn110:pshort_model.32
Warning: A2 = 1.14662 is larger than 1. A2 is set to 1 and A1 is set to 0.
Warning: Pdibl1 = -0.0493749 is negative.
Warning: Pdibl2 = -0.000925472 is negative.

Checking parameters for BSIM 4.5 model xarr.xpex.xn109:pshort_model.32
Warning: A2 = 1.14662 is larger than 1. A2 is set to 1 and A1 is set to 0.
Warning: Pdibl1 = -0.0493749 is negative.
Warning: Pdibl2 = -0.000925472 is negative.

Checking parameters for BSIM 4.5 model xarr.xpex.xn108:pshort_model.43
Warning: Eta0 = -0.000373202 is negative.

Checking parameters for BSIM 4.5 model xarr.xpex.xn107:pshort_model.32
Warning: A2 = 1.14662 is larger than 1. A2 is set to 1 and A1 is set to 0.
Warning: Pdibl1 = -0.0493749 is negative.
Warning: Pdibl2 = -0.000925472 is negative.

Checking parameters for BSIM 4.5 model xarr.xpex.xn106:pshort_model.32
Warning: A2 = 1.14662 is larger than 1. A2 is set to 1 and A1 is set to 0.
Warning: Pdibl1 = -0.0493749 is negative.
Warning: Pdibl2 = -0.000925472 is negative.

Checking parameters for BSIM 4.5 model xarr.xpex.xn105:pshort_model.40
Warning: A2 = 1.0885 is larger than 1. A2 is set to 1 and A1 is set to 0.
Warning: Pdibl1 = -0.00669442 is negative.

Checking parameters for BSIM 4.5 model xarr.xpex.xn104:pshort_model.43
Warning: Eta0 = -0.000373202 is negative.

Checking parameters for BSIM 4.5 model xarr.xpex.xn103:pshort_model.40
Warning: A2 = 1.0885 is larger than 1. A2 is set to 1 and A1 is set to 0.
Warning: Pdibl1 = -0.00669442 is negative.

Checking parameters for BSIM 4.5 model xarr.xpex.xn102:pshort_model.43
Warning: Eta0 = -0.000373202 is negative.

Checking parameters for BSIM 4.5 model xarr.xpex.xn101:pshort_model.32
Warning: A2 = 1.14662 is larger than 1. A2 is set to 1 and A1 is set to 0.
Warning: Pdibl1 = -0.0493749 is negative.
Warning: Pdibl2 = -0.000925472 is negative.

Checking parameters for BSIM 4.5 model xarr.xpex.xn100:pshort_model.32
Warning: A2 = 1.14662 is larger than 1. A2 is set to 1 and A1 is set to 0.
Warning: Pdibl1 = -0.0493749 is negative.
Warning: Pdibl2 = -0.000925472 is negative.

Checking parameters for BSIM 4.5 model xarr.xpex.xn99:pshort_model.43
Warning: Eta0 = -0.000373202 is negative.

Checking parameters for BSIM 4.5 model xarr.xpex.xn98:pshort_model.32
Warning: A2 = 1.14662 is larger than 1. A2 is set to 1 and A1 is set to 0.
Warning: Pdibl1 = -0.0493749 is negative.
Warning: Pdibl2 = -0.000925472 is negative.

Checking parameters for BSIM 4.5 model xarr.xpex.xn97:pshort_model.32
Warning: A2 = 1.14662 is larger than 1. A2 is set to 1 and A1 is set to 0.
Warning: Pdibl1 = -0.0493749 is negative.
Warning: Pdibl2 = -0.000925472 is negative.

Checking parameters for BSIM 4.5 model xarr.xpex.xn96:pshort_model.40
Warning: A2 = 1.0885 is larger than 1. A2 is set to 1 and A1 is set to 0.
Warning: Pdibl1 = -0.00669442 is negative.

Checking parameters for BSIM 4.5 model xarr.xpex.xn95:pshort_model.43
Warning: Eta0 = -0.000373202 is negative.

Checking parameters for BSIM 4.5 model xarr.xpex.xn94:pshort_model.40
Warning: A2 = 1.0885 is larger than 1. A2 is set to 1 and A1 is set to 0.
Warning: Pdibl1 = -0.00669442 is negative.

Checking parameters for BSIM 4.5 model xarr.xpex.xn93:pshort_model.40
Warning: A2 = 1.0885 is larger than 1. A2 is set to 1 and A1 is set to 0.
Warning: Pdibl1 = -0.00669442 is negative.

Checking parameters for BSIM 4.5 model xarr.xpex.xn92:pshort_model.40
Warning: A2 = 1.0885 is larger than 1. A2 is set to 1 and A1 is set to 0.
Warning: Pdibl1 = -0.00669442 is negative.

Checking parameters for BSIM 4.5 model xarr.xpex.xn91:pshort_model.40
Warning: A2 = 1.0885 is larger than 1. A2 is set to 1 and A1 is set to 0.
Warning: Pdibl1 = -0.00669442 is negative.

Checking parameters for BSIM 4.5 model xarr.xpex.xn90:pshort_model.40
Warning: A2 = 1.0885 is larger than 1. A2 is set to 1 and A1 is set to 0.
Warning: Pdibl1 = -0.00669442 is negative.

Checking parameters for BSIM 4.5 model xarr.xpex.xn89:pshort_model.40
Warning: A2 = 1.0885 is larger than 1. A2 is set to 1 and A1 is set to 0.
Warning: Pdibl1 = -0.00669442 is negative.

Checking parameters for BSIM 4.5 model xarr.xpex.xn88:pshort_model.40
Warning: A2 = 1.0885 is larger than 1. A2 is set to 1 and A1 is set to 0.
Warning: Pdibl1 = -0.00669442 is negative.

Checking parameters for BSIM 4.5 model xarr.xpex.xn87:pshort_model.40
Warning: A2 = 1.0885 is larger than 1. A2 is set to 1 and A1 is set to 0.
Warning: Pdibl1 = -0.00669442 is negative.

Checking parameters for BSIM 4.5 model xarr.xpex.xn86:pshort_model.40
Warning: A2 = 1.0885 is larger than 1. A2 is set to 1 and A1 is set to 0.
Warning: Pdibl1 = -0.00669442 is negative.

Checking parameters for BSIM 4.5 model xarr.xpex.xn85:pshort_model.40
Warning: A2 = 1.0885 is larger than 1. A2 is set to 1 and A1 is set to 0.
Warning: Pdibl1 = -0.00669442 is negative.

Checking parameters for BSIM 4.5 model xarr.xpex.xn84:pshort_model.40
Warning: A2 = 1.0885 is larger than 1. A2 is set to 1 and A1 is set to 0.
Warning: Pdibl1 = -0.00669442 is negative.

Checking parameters for BSIM 4.5 model xarr.xpex.xn83:pshort_model.40
Warning: A2 = 1.0885 is larger than 1. A2 is set to 1 and A1 is set to 0.
Warning: Pdibl1 = -0.00669442 is negative.

Checking parameters for BSIM 4.5 model xarr.xpex.xn82:pshort_model.40
Warning: A2 = 1.0885 is larger than 1. A2 is set to 1 and A1 is set to 0.
Warning: Pdibl1 = -0.00669442 is negative.

Checking parameters for BSIM 4.5 model xarr.xpex.xn81:pshort_model.40
Warning: A2 = 1.0885 is larger than 1. A2 is set to 1 and A1 is set to 0.
Warning: Pdibl1 = -0.00669442 is negative.

Checking parameters for BSIM 4.5 model xarr.xpex.xn80:pshort_model.40
Warning: A2 = 1.0885 is larger than 1. A2 is set to 1 and A1 is set to 0.
Warning: Pdibl1 = -0.00669442 is negative.

Checking parameters for BSIM 4.5 model xarr.xpex.xn79:pshort_model.40
Warning: A2 = 1.0885 is larger than 1. A2 is set to 1 and A1 is set to 0.
Warning: Pdibl1 = -0.00669442 is negative.

Checking parameters for BSIM 4.5 model xarr.xpex.xn78:pshort_model.40
Warning: A2 = 1.0885 is larger than 1. A2 is set to 1 and A1 is set to 0.
Warning: Pdibl1 = -0.00669442 is negative.

Checking parameters for BSIM 4.5 model xarr.xpex.xn77:pshort_model.40
Warning: A2 = 1.0885 is larger than 1. A2 is set to 1 and A1 is set to 0.
Warning: Pdibl1 = -0.00669442 is negative.

Checking parameters for BSIM 4.5 model xarr.xpex.xn76:pshort_model.40
Warning: A2 = 1.0885 is larger than 1. A2 is set to 1 and A1 is set to 0.
Warning: Pdibl1 = -0.00669442 is negative.

Checking parameters for BSIM 4.5 model xarr.xpex.xn75:pshort_model.40
Warning: A2 = 1.0885 is larger than 1. A2 is set to 1 and A1 is set to 0.
Warning: Pdibl1 = -0.00669442 is negative.

Checking parameters for BSIM 4.5 model xarr.xpex.xn74:pshort_model.40
Warning: A2 = 1.0885 is larger than 1. A2 is set to 1 and A1 is set to 0.
Warning: Pdibl1 = -0.00669442 is negative.

Checking parameters for BSIM 4.5 model xarr.xpex.xn73:pshort_model.40
Warning: A2 = 1.0885 is larger than 1. A2 is set to 1 and A1 is set to 0.
Warning: Pdibl1 = -0.00669442 is negative.

Checking parameters for BSIM 4.5 model xarr.xpex.xn72:pshort_model.40
Warning: A2 = 1.0885 is larger than 1. A2 is set to 1 and A1 is set to 0.
Warning: Pdibl1 = -0.00669442 is negative.

Checking parameters for BSIM 4.5 model xarr.xpex.xn71:pshort_model.40
Warning: A2 = 1.0885 is larger than 1. A2 is set to 1 and A1 is set to 0.
Warning: Pdibl1 = -0.00669442 is negative.

Checking parameters for BSIM 4.5 model xarr.xpex.xn70:pshort_model.40
Warning: A2 = 1.0885 is larger than 1. A2 is set to 1 and A1 is set to 0.
Warning: Pdibl1 = -0.00669442 is negative.

Checking parameters for BSIM 4.5 model xarr.xpex.xn69:pshort_model.40
Warning: A2 = 1.0885 is larger than 1. A2 is set to 1 and A1 is set to 0.
Warning: Pdibl1 = -0.00669442 is negative.

Checking parameters for BSIM 4.5 model xarr.xpex.xn68:pshort_model.40
Warning: A2 = 1.0885 is larger than 1. A2 is set to 1 and A1 is set to 0.
Warning: Pdibl1 = -0.00669442 is negative.

Checking parameters for BSIM 4.5 model xarr.xpex.xn67:pshort_model.40
Warning: A2 = 1.0885 is larger than 1. A2 is set to 1 and A1 is set to 0.
Warning: Pdibl1 = -0.00669442 is negative.

Checking parameters for BSIM 4.5 model xarr.xpex.xn66:nshort_model.48
Warning: Eta0 = -0.0261666 is negative.

Checking parameters for BSIM 4.5 model xarr.xpex.xn65:nshort_model.40
Warning: Eta0 = -0.00908636 is negative.

Checking parameters for BSIM 4.5 model xarr.xpex.xn64:nshort_model.40
Warning: Eta0 = -0.00908636 is negative.

Checking parameters for BSIM 4.5 model xarr.xpex.xn63:nshort_model.40
Warning: Eta0 = -0.00908636 is negative.

Checking parameters for BSIM 4.5 model xarr.xpex.xn62:nshort_model.40
Warning: Eta0 = -0.00908636 is negative.

Checking parameters for BSIM 4.5 model xarr.xpex.xn61:nshort_model.48
Warning: Eta0 = -0.0261666 is negative.

Checking parameters for BSIM 4.5 model xarr.xpex.xn60:nshort_model.48
Warning: Eta0 = -0.0261666 is negative.

Checking parameters for BSIM 4.5 model xarr.xpex.xn59:nshort_model.40
Warning: Eta0 = -0.00908636 is negative.

Checking parameters for BSIM 4.5 model xarr.xpex.xn58:nshort_model.40
Warning: Eta0 = -0.00908636 is negative.

Checking parameters for BSIM 4.5 model xarr.xpex.xn57:nshort_model.40
Warning: Eta0 = -0.00908636 is negative.

Checking parameters for BSIM 4.5 model xarr.xpex.xn56:nshort_model.40
Warning: Eta0 = -0.00908636 is negative.

Checking parameters for BSIM 4.5 model xarr.xpex.xn55:nshort_model.48
Warning: Eta0 = -0.0261666 is negative.

Checking parameters for BSIM 4.5 model xarr.xpex.xn54:nshort_model.48
Warning: Eta0 = -0.0261666 is negative.

Checking parameters for BSIM 4.5 model xarr.xpex.xn53:nshort_model.40
Warning: Eta0 = -0.00908636 is negative.

Checking parameters for BSIM 4.5 model xarr.xpex.xn52:nshort_model.40
Warning: Eta0 = -0.00908636 is negative.

Checking parameters for BSIM 4.5 model xarr.xpex.xn51:nshort_model.40
Warning: Eta0 = -0.00908636 is negative.

Checking parameters for BSIM 4.5 model xarr.xpex.xn50:nshort_model.40
Warning: Eta0 = -0.00908636 is negative.

Checking parameters for BSIM 4.5 model xarr.xpex.xn49:nshort_model.48
Warning: Eta0 = -0.0261666 is negative.

Checking parameters for BSIM 4.5 model xarr.xpex.xn48:nshort_model.48
Warning: Eta0 = -0.0261666 is negative.

Checking parameters for BSIM 4.5 model xarr.xpex.xn47:nshort_model.48
Warning: Eta0 = -0.0261666 is negative.

Checking parameters for BSIM 4.5 model xarr.xpex.xn46:nshort_model.48
Warning: Eta0 = -0.0261666 is negative.

Checking parameters for BSIM 4.5 model xarr.xpex.xn45:nshort_model.48
Warning: Eta0 = -0.0261666 is negative.

Checking parameters for BSIM 4.5 model xarr.xpex.xn44:nshort_model.48
Warning: Eta0 = -0.0261666 is negative.

Checking parameters for BSIM 4.5 model xarr.xpex.xn43:nshort_model.48
Warning: Eta0 = -0.0261666 is negative.

Checking parameters for BSIM 4.5 model xarr.xpex.xn42:nshort_model.48
Warning: Eta0 = -0.0261666 is negative.

Checking parameters for BSIM 4.5 model xarr.xpex.xn41:nshort_model.48
Warning: Eta0 = -0.0261666 is negative.

Checking parameters for BSIM 4.5 model xarr.xpex.xn40:nshort_model.48
Warning: Eta0 = -0.0261666 is negative.

Checking parameters for BSIM 4.5 model xarr.xpex.xn39:nshort_model.48
Warning: Eta0 = -0.0261666 is negative.

Checking parameters for BSIM 4.5 model xarr.xpex.xn38:nshort_model.48
Warning: Eta0 = -0.0261666 is negative.

Checking parameters for BSIM 4.5 model xarr.xpex.xn37:nshort_model.48
Warning: Eta0 = -0.0261666 is negative.

Checking parameters for BSIM 4.5 model xarr.xpex.xn35:nshort_model.48
Warning: Eta0 = -0.0261666 is negative.

Checking parameters for BSIM 4.5 model xarr.xpex.xn33:nshort_model.48
Warning: Eta0 = -0.0261666 is negative.

Checking parameters for BSIM 4.5 model xarr.xpex.xn31:nshort_model.48
Warning: Eta0 = -0.0261666 is negative.

Checking parameters for BSIM 4.5 model xarr.xpex.xn28:nshort_model.48
Warning: Eta0 = -0.0261666 is negative.

Checking parameters for BSIM 4.5 model xarr.xpex.xn27:nshort_model.48
Warning: Eta0 = -0.0261666 is negative.

Checking parameters for BSIM 4.5 model xarr.xpex.xn25:nshort_model.48
Warning: Eta0 = -0.0261666 is negative.

Checking parameters for BSIM 4.5 model xarr.xpex.xn23:nshort_model.48
Warning: Eta0 = -0.0261666 is negative.

Checking parameters for BSIM 4.5 model xarr.xpex.xn21:nshort_model.48
Warning: Eta0 = -0.0261666 is negative.

Checking parameters for BSIM 4.5 model xarr.xpex.xn8:nshort_model.40
Warning: Eta0 = -0.00908636 is negative.

Checking parameters for BSIM 4.5 model xarr.xpex.xn7:nshort_model.40
Warning: Eta0 = -0.00908636 is negative.

Checking parameters for BSIM 4.5 model xarr.xpex.xn6:nshort_model.40
Warning: Eta0 = -0.00908636 is negative.

Checking parameters for BSIM 4.5 model xarr.xpex.xn5:nshort_model.40
Warning: Eta0 = -0.00908636 is negative.

Checking parameters for BSIM 4.5 model xarr.xpex.xn4:nshort_model.40
Warning: Eta0 = -0.00908636 is negative.

Checking parameters for BSIM 4.5 model xarr.xpex.xn3:nshort_model.40
Warning: Eta0 = -0.00908636 is negative.

Checking parameters for BSIM 4.5 model xarr.xpex.xn2:nshort_model.40
Warning: Eta0 = -0.00908636 is negative.

Checking parameters for BSIM 4.5 model xarr.xpex.xn1:nshort_model.40
Warning: Eta0 = -0.00908636 is negative.

Error: measure  vsub_max  max(TRIG) : no such vector as 'v(xarr.vsubs)'

Error: measure  vsub_min  min(TRIG) : no such vector as 'v(xarr.vsubs)'
Warning from checkvalid: vector vsub_max is not available or has zero length.
Error: RHS "(vsub_max - vsub_min) / 1.8" invalid
Warning from checkvalid: vector vsub_swing_frac is not available or has zero length.

