|* Post-layout ro_array_core (whole array, real inter-ring wiring), FLOATING
|* substrate, rings 2-4 PRESENT BUT STOPPED (en2/en3/en4 held at 0 for the
|* whole run) -- the array-scale sibling of
|* sim/post-layout-ro-ring5/testbench/tb_post_layout_substrate_float_solo.spice.
|*
|* Purpose: separate LOADING (the floating node's own capacitance/impedance,
|* present even with no other ring switching) from COUPLING (ring 1's period
|* moving because rings 2-4 are actually driving the same shared node), the
|* same three-way decomposition DR-0005 finding 3 used at ring scope:
|*
|*   loading  = t(this deck)                         - t(tied, sibling deck)
|*   coupling = t(substrate_float, all 4 running)     - t(this deck)
|*
|* Same array GDS extraction as the other two decks in this directory (real
|* physical ring-to-ring proximity, not four separately-placed leaf cells),
|* so this is the strongest available bound on the substrate mechanism this
|* repo has produced -- still not the physical answer (the extractor emits
|* no substrate or tap resistance at all; klayout-tools#1503), but bracketing
|* the terminals of a real, physically-placed layout's own shared node
|* rather than a hand-tied approximation of one.
|*
|* With en2/en3/en4 held at 0, ro_nand2's own defined-output-on-disable state
|* (design/README.md; DR-0003) pins ring2/3/4's node ro_ring5 outputs high --
|* a defined, non-switching state, not a floating one -- so rn2/rn3/rn4 (and
|* therefore ro2/ro3/ro4 and the XOR tree downstream of them) settle and stay
|* put; only ring 1 free-runs.
|*
|* This file is a TEMPLATE: sim/bin/corner-run.py substitutes /Users/rwalters/.volare/volare/sky130/versions/c6d73a35f524070e85faff4a6a9eef49553ebc2b/sky130A/libs.tech/combined/sky130.lib.spice,
|* ss, /Users/rwalters/GitHub/sky130-trng/.loom/worktrees/issue-22/layout/pex-array/ro_array_core_pex.spice, 27.0 and 1.8. As committed it is not a
|* runnable deck. Invoke with
|* `--pex-lib layout/pex-array/ro_array_core_pex.spice`.
|
|.option scale=1u
|.lib "/Users/rwalters/.volare/volare/sky130/versions/c6d73a35f524070e85faff4a6a9eef49553ebc2b/sky130A/libs.tech/combined/sky130.lib.spice" ss
|
|.include "/Users/rwalters/GitHub/sky130-trng/.loom/worktrees/issue-22/layout/pex-array/ro_array_core_pex.spice"
|
|.temp 27.0
|
|* --- substrate return node: FLOATING (see header) -- no Vsub source ----
|
|Vddrp1 pvddr1 0 dc 1.8
|Vddrp2 pvddr2 0 dc 1.8
|Vddrp3 pvddr3 0 dc 1.8
|Vddrp4 pvddr4 0 dc 1.8
|Vddp pvdd 0 dc 1.8
|Venp1 pen1 0 PULSE(0 1.8 5n 100p 100p 1u 2u)
|* rings 2-4: held at 0 for the whole run -- present, but never released.
|Venp2 pen2 0 dc 0
|Venp3 pen3 0 dc 0
|Venp4 pen4 0 dc 0
|xarr pen1 pen2 pen3 pen4 pvddr1 pvddr2 pvddr3 pvddr4 pvdd 0 pxo pro1 pro2 pro3 pro4 ro_array_core_pex
|
|.ic v(pro1)=0
|.ic v(pro2)=0
|.ic v(pro3)=0
|.ic v(pro4)=0
|
|.save v(pro1) v(xarr.vsubs)
|.save i(Vddrp1)
|
|.tran 5p 800n uic
|
|.control
|run
|
|meas tran pt1a when v(pro1)=0.5*1.8 rise=3
|meas tran pt1b when v(pro1)=0.5*1.8 rise=13
|let p_tr1 = (pt1b - pt1a)/10
|
|meas tran vsub_max MAX v(xarr.vsubs) from=100n to=800n
|meas tran vsub_min MIN v(xarr.vsubs) from=100n to=800n
|let vsub_swing_frac = (vsub_max - vsub_min) / 1.8
|
|print p_tr1
|print vsub_swing_frac
|.endc
|.end
|

----- stdout -----

Note: Compatibility modes selected: hs a


Circuit: * post-layout ro_array_core (whole array, real inter-ring wiring), floating

option SCALE: Scale is set to 1e-06 for instance and model parameters
option SCALE: Scale is set to 1e-06 for instance and model parameters
option SCALE: Scale is set to 1e-06 for instance and model parameters
option SCALE: Scale is set to 1e-06 for instance and model parameters
option SCALE: Scale is set to 1e-06 for instance and model parameters
Doing analysis at TEMP = 27.000000 and TNOM = 27.000000

Using SPARSE 1.3 as Direct Linear Solver
Operating point simulation skipped by 'uic',
  now using transient initial conditions.
 Reference value :  5.00000e-14
 Reference value :  1.10228e-09
 Reference value :  2.42228e-09
 Reference value :  3.77228e-09
 Reference value :  5.07750e-09
 Reference value :  6.38250e-09
 Reference value :  7.72750e-09
 Reference value :  9.08250e-09
 Reference value :  1.04275e-08
 Reference value :  1.17725e-08
 Reference value :  1.31175e-08
 Reference value :  1.44375e-08
 Reference value :  1.57775e-08
 Reference value :  1.71275e-08
 Reference value :  1.84525e-08
 Reference value :  1.97775e-08
 Reference value :  2.11075e-08
 Reference value :  2.24225e-08
 Reference value :  2.37525e-08
 Reference value :  2.50825e-08
 Reference value :  2.63875e-08
 Reference value :  2.77575e-08
 Reference value :  2.90975e-08
 Reference value :  3.04575e-08
 Reference value :  3.17325e-08
 Reference value :  3.30525e-08
 Reference value :  3.43875e-08
 Reference value :  3.57425e-08
 Reference value :  3.70725e-08
 Reference value :  3.84425e-08
 Reference value :  3.97375e-08
 Reference value :  4.10875e-08
 Reference value :  4.23275e-08
 Reference value :  4.36625e-08
 Reference value :  4.49925e-08
 Reference value :  4.63475e-08
 Reference value :  4.76125e-08
 Reference value :  4.89125e-08
 Reference value :  5.01975e-08
 Reference value :  5.15325e-08
 Reference value :  5.28875e-08
 Reference value :  5.42225e-08
 Reference value :  5.55125e-08
 Reference value :  5.68325e-08
 Reference value :  5.81475e-08
 Reference value :  5.94775e-08
 Reference value :  6.08125e-08
 Reference value :  6.21475e-08
 Reference value :  6.34325e-08
 Reference value :  6.47575e-08
 Reference value :  6.60675e-08
 Reference value :  6.73825e-08
 Reference value :  6.87025e-08
 Reference value :  7.00725e-08
 Reference value :  7.13775e-08
 Reference value :  7.27175e-08
 Reference value :  7.40175e-08
 Reference value :  7.53375e-08
 Reference value :  7.66575e-08
 Reference value :  7.79675e-08
 Reference value :  7.92825e-08
 Reference value :  8.05875e-08
 Reference value :  8.19175e-08
 Reference value :  8.32375e-08
 Reference value :  8.45775e-08
 Reference value :  8.59325e-08
 Reference value :  8.72625e-08
 Reference value :  8.85425e-08
 Reference value :  8.98775e-08
 Reference value :  9.12025e-08
 Reference value :  9.25325e-08
 Reference value :  9.38375e-08
 Reference value :  9.51425e-08
 Reference value :  9.64225e-08
 Reference value :  9.77625e-08
 Reference value :  9.90825e-08
 Reference value :  1.00413e-07
 Reference value :  1.01743e-07
 Reference value :  1.03088e-07
 Reference value :  1.04358e-07
 Reference value :  1.05663e-07
 Reference value :  1.06948e-07
 Reference value :  1.08263e-07
 Reference value :  1.09603e-07
 Reference value :  1.10948e-07
 Reference value :  1.12253e-07
 Reference value :  1.13583e-07
 Reference value :  1.14898e-07
 Reference value :  1.16213e-07
 Reference value :  1.17533e-07
 Reference value :  1.18938e-07
 Reference value :  1.20228e-07
 Reference value :  1.21543e-07
 Reference value :  1.22873e-07
 Reference value :  1.24223e-07
 Reference value :  1.25543e-07
 Reference value :  1.26873e-07
 Reference value :  1.28168e-07
 Reference value :  1.29518e-07
 Reference value :  1.30868e-07
 Reference value :  1.32173e-07
 Reference value :  1.33478e-07
 Reference value :  1.34798e-07
 Reference value :  1.36078e-07
 Reference value :  1.37408e-07
 Reference value :  1.38738e-07
 Reference value :  1.40033e-07
 Reference value :  1.41378e-07
 Reference value :  1.42663e-07
 Reference value :  1.43978e-07
 Reference value :  1.45248e-07
 Reference value :  1.46558e-07
 Reference value :  1.47863e-07
 Reference value :  1.49193e-07
 Reference value :  1.50543e-07
 Reference value :  1.51878e-07
 Reference value :  1.53163e-07
 Reference value :  1.54498e-07
 Reference value :  1.55783e-07
 Reference value :  1.57123e-07
 Reference value :  1.58458e-07
 Reference value :  1.59808e-07
 Reference value :  1.61098e-07
 Reference value :  1.62423e-07
 Reference value :  1.63703e-07
 Reference value :  1.65123e-07
 Reference value :  1.66588e-07
 Reference value :  1.67968e-07
 Reference value :  1.69253e-07
 Reference value :  1.70573e-07
 Reference value :  1.71873e-07
 Reference value :  1.73218e-07
 Reference value :  1.74568e-07
 Reference value :  1.75903e-07
 Reference value :  1.77158e-07
 Reference value :  1.78493e-07
 Reference value :  1.79798e-07
 Reference value :  1.81133e-07
 Reference value :  1.82458e-07
 Reference value :  1.83778e-07
 Reference value :  1.85063e-07
 Reference value :  1.86378e-07
 Reference value :  1.87713e-07
 Reference value :  1.89023e-07
 Reference value :  1.90343e-07
 Reference value :  1.91688e-07
 Reference value :  1.92983e-07
 Reference value :  1.94288e-07
 Reference value :  1.95623e-07
 Reference value :  1.96923e-07
 Reference value :  1.98268e-07
 Reference value :  1.99603e-07
 Reference value :  2.00913e-07
 Reference value :  2.02203e-07
 Reference value :  2.03528e-07
 Reference value :  2.04808e-07
 Reference value :  2.06138e-07
 Reference value :  2.07453e-07
 Reference value :  2.08783e-07
 Reference value :  2.10058e-07
 Reference value :  2.11388e-07
 Reference value :  2.12693e-07
 Reference value :  2.14018e-07
 Reference value :  2.15368e-07
 Reference value :  2.16718e-07
 Reference value :  2.18008e-07
 Reference value :  2.19348e-07
 Reference value :  2.20653e-07
 Reference value :  2.21988e-07
 Reference value :  2.23323e-07
 Reference value :  2.24728e-07
 Reference value :  2.26213e-07
 Reference value :  2.27553e-07
 Reference value :  2.28858e-07
 Reference value :  2.30198e-07
 Reference value :  2.31538e-07
 Reference value :  2.32858e-07
 Reference value :  2.34143e-07
 Reference value :  2.35563e-07
 Reference value :  2.36853e-07
 Reference value :  2.38188e-07
 Reference value :  2.39518e-07
 Reference value :  2.40843e-07
 Reference value :  2.42178e-07
 Reference value :  2.43508e-07
 Reference value :  2.44818e-07
 Reference value :  2.46138e-07
 Reference value :  2.47463e-07
 Reference value :  2.48793e-07
 Reference value :  2.50088e-07
 Reference value :  2.51393e-07
 Reference value :  2.52728e-07
 Reference value :  2.54038e-07
 Reference value :  2.55378e-07
 Reference value :  2.56723e-07
 Reference value :  2.58028e-07
 Reference value :  2.59348e-07
 Reference value :  2.60638e-07
 Reference value :  2.61878e-07
 Reference value :  2.63238e-07
 Reference value :  2.64543e-07
 Reference value :  2.65818e-07
 Reference value :  2.67113e-07
 Reference value :  2.68423e-07
 Reference value :  2.69728e-07
 Reference value :  2.71038e-07
 Reference value :  2.72348e-07
 Reference value :  2.73663e-07
 Reference value :  2.75013e-07
 Reference value :  2.76343e-07
 Reference value :  2.77623e-07
 Reference value :  2.78953e-07
 Reference value :  2.80298e-07
 Reference value :  2.81623e-07
 Reference value :  2.82903e-07
 Reference value :  2.84233e-07
 Reference value :  2.85617e-07
 Reference value :  2.87077e-07
 Reference value :  2.88417e-07
 Reference value :  2.89742e-07
 Reference value :  2.91007e-07
 Reference value :  2.92332e-07
 Reference value :  2.93627e-07
 Reference value :  2.95017e-07
 Reference value :  2.96352e-07
 Reference value :  2.97677e-07
 Reference value :  2.98937e-07
 Reference value :  3.00267e-07
 Reference value :  3.01522e-07
 Reference value :  3.02827e-07
 Reference value :  3.04142e-07
 Reference value :  3.05452e-07
 Reference value :  3.06712e-07
 Reference value :  3.08022e-07
 Reference value :  3.09367e-07
 Reference value :  3.10672e-07
 Reference value :  3.11992e-07
 Reference value :  3.13342e-07
 Reference value :  3.14657e-07
 Reference value :  3.16002e-07
 Reference value :  3.17332e-07
 Reference value :  3.18712e-07
 Reference value :  3.20067e-07
 Reference value :  3.21392e-07
 Reference value :  3.22652e-07
 Reference value :  3.23942e-07
 Reference value :  3.25257e-07
 Reference value :  3.26552e-07
 Reference value :  3.27872e-07
 Reference value :  3.29177e-07
 Reference value :  3.30537e-07
 Reference value :  3.31812e-07
 Reference value :  3.33127e-07
 Reference value :  3.34427e-07
 Reference value :  3.35737e-07
 Reference value :  3.37072e-07
 Reference value :  3.38467e-07
 Reference value :  3.39757e-07
 Reference value :  3.41077e-07
 Reference value :  3.42372e-07
 Reference value :  3.43702e-07
 Reference value :  3.45027e-07
 Reference value :  3.46402e-07
 Reference value :  3.47677e-07
 Reference value :  3.49007e-07
 Reference value :  3.50297e-07
 Reference value :  3.51622e-07
 Reference value :  3.52977e-07
 Reference value :  3.54327e-07
 Reference value :  3.55577e-07
 Reference value :  3.56927e-07
 Reference value :  3.58247e-07
 Reference value :  3.59597e-07
 Reference value :  3.60922e-07
 Reference value :  3.62257e-07
 Reference value :  3.63522e-07
 Reference value :  3.64832e-07
 Reference value :  3.66142e-07
 Reference value :  3.67447e-07
 Reference value :  3.68782e-07
 Reference value :  3.70102e-07
 Reference value :  3.71392e-07
 Reference value :  3.72712e-07
 Reference value :  3.74022e-07
 Reference value :  3.75312e-07
 Reference value :  3.76702e-07
 Reference value :  3.78022e-07
 Reference value :  3.79362e-07
 Reference value :  3.80697e-07
 Reference value :  3.82022e-07
 Reference value :  3.83312e-07
 Reference value :  3.84637e-07
 Reference value :  3.85957e-07
 Reference value :  3.87347e-07
 Reference value :  3.88567e-07
 Reference value :  3.89892e-07
 Reference value :  3.91187e-07
 Reference value :  3.92642e-07
 Reference value :  3.94132e-07
 Reference value :  3.95437e-07
 Reference value :  3.96737e-07
 Reference value :  3.98067e-07
 Reference value :  3.99372e-07
 Reference value :  4.00707e-07
 Reference value :  4.02062e-07
 Reference value :  4.03367e-07
 Reference value :  4.04667e-07
 Reference value :  4.06002e-07
 Reference value :  4.07277e-07
 Reference value :  4.08592e-07
 Reference value :  4.09907e-07
 Reference value :  4.11247e-07
 Reference value :  4.12532e-07
 Reference value :  4.13867e-07
 Reference value :  4.15177e-07
 Reference value :  4.16557e-07
 Reference value :  4.17882e-07
 Reference value :  4.19212e-07
 Reference value :  4.20527e-07
 Reference value :  4.21862e-07
 Reference value :  4.23177e-07
 Reference value :  4.24522e-07
 Reference value :  4.25862e-07
 Reference value :  4.27272e-07
 Reference value :  4.28657e-07
 Reference value :  4.29982e-07
 Reference value :  4.31282e-07
 Reference value :  4.32612e-07
 Reference value :  4.33937e-07
 Reference value :  4.35262e-07
 Reference value :  4.36537e-07
 Reference value :  4.37837e-07
 Reference value :  4.39157e-07
 Reference value :  4.40452e-07
 Reference value :  4.41792e-07
 Reference value :  4.43142e-07
 Reference value :  4.44492e-07
 Reference value :  4.45832e-07
 Reference value :  4.47097e-07
 Reference value :  4.48337e-07
 Reference value :  4.49642e-07
 Reference value :  4.50947e-07
 Reference value :  4.52257e-07
 Reference value :  4.53537e-07
 Reference value :  4.54857e-07
 Reference value :  4.56157e-07
 Reference value :  4.57477e-07
 Reference value :  4.58827e-07
 Reference value :  4.60137e-07
 Reference value :  4.61447e-07
 Reference value :  4.62752e-07
 Reference value :  4.63977e-07
 Reference value :  4.65297e-07
 Reference value :  4.66617e-07
 Reference value :  4.67937e-07
 Reference value :  4.69227e-07
 Reference value :  4.70542e-07
 Reference value :  4.71867e-07
 Reference value :  4.73207e-07
 Reference value :  4.74542e-07
 Reference value :  4.75907e-07
 Reference value :  4.77152e-07
 Reference value :  4.78417e-07
 Reference value :  4.79687e-07
 Reference value :  4.81002e-07
 Reference value :  4.82337e-07
 Reference value :  4.83692e-07
 Reference value :  4.84982e-07
 Reference value :  4.86327e-07
 Reference value :  4.87687e-07
 Reference value :  4.89032e-07
 Reference value :  4.90382e-07
 Reference value :  4.91772e-07
 Reference value :  4.93057e-07
 Reference value :  4.94362e-07
 Reference value :  4.95712e-07
 Reference value :  4.97062e-07
 Reference value :  4.98472e-07
 Reference value :  4.99822e-07
 Reference value :  5.01132e-07
 Reference value :  5.02457e-07
 Reference value :  5.03792e-07
 Reference value :  5.05092e-07
 Reference value :  5.06442e-07
 Reference value :  5.07817e-07
 Reference value :  5.09092e-07
 Reference value :  5.10402e-07
 Reference value :  5.11762e-07
 Reference value :  5.13082e-07
 Reference value :  5.14442e-07
 Reference value :  5.15782e-07
 Reference value :  5.17102e-07
 Reference value :  5.18387e-07
 Reference value :  5.19727e-07
 Reference value :  5.21027e-07
 Reference value :  5.22382e-07
 Reference value :  5.23717e-07
 Reference value :  5.25052e-07
 Reference value :  5.26367e-07
 Reference value :  5.27712e-07
 Reference value :  5.29027e-07
 Reference value :  5.30377e-07
 Reference value :  5.31697e-07
 Reference value :  5.33067e-07
 Reference value :  5.34337e-07
 Reference value :  5.35672e-07
 Reference value :  5.36982e-07
 Reference value :  5.38387e-07
 Reference value :  5.39707e-07
 Reference value :  5.41017e-07
 Reference value :  5.42312e-07
 Reference value :  5.43642e-07
 Reference value :  5.44947e-07
 Reference value :  5.46312e-07
 Reference value :  5.47657e-07
 Reference value :  5.49017e-07
 Reference value :  5.50322e-07
 Reference value :  5.51652e-07
 Reference value :  5.52947e-07
 Reference value :  5.54312e-07
 Reference value :  5.55667e-07
 Reference value :  5.57017e-07
 Reference value :  5.58332e-07
 Reference value :  5.59687e-07
 Reference value :  5.60992e-07
 Reference value :  5.62332e-07
 Reference value :  5.63697e-07
 Reference value :  5.65057e-07
 Reference value :  5.66352e-07
 Reference value :  5.67707e-07
 Reference value :  5.69017e-07
 Reference value :  5.70362e-07
 Reference value :  5.71697e-07
 Reference value :  5.73032e-07
 Reference value :  5.74332e-07
 Reference value :  5.75657e-07
 Reference value :  5.77002e-07
 Reference value :  5.78282e-07
 Reference value :  5.79632e-07
 Reference value :  5.80972e-07
 Reference value :  5.82277e-07
 Reference value :  5.83567e-07
 Reference value :  5.84897e-07
 Reference value :  5.86212e-07
 Reference value :  5.87547e-07
 Reference value :  5.88892e-07
 Reference value :  5.90217e-07
 Reference value :  5.91527e-07
 Reference value :  5.92862e-07
 Reference value :  5.94187e-07
 Reference value :  5.95547e-07
 Reference value :  5.96887e-07
 Reference value :  5.98212e-07
 Reference value :  5.99472e-07
 Reference value :  6.00803e-07
 Reference value :  6.02108e-07
 Reference value :  6.03443e-07
 Reference value :  6.04778e-07
 Reference value :  6.06123e-07
 Reference value :  6.07428e-07
 Reference value :  6.08763e-07
 Reference value :  6.10063e-07
 Reference value :  6.11413e-07
 Reference value :  6.12758e-07
 Reference value :  6.14103e-07
 Reference value :  6.15403e-07
 Reference value :  6.16733e-07
 Reference value :  6.18033e-07
 Reference value :  6.19403e-07
 Reference value :  6.20708e-07
 Reference value :  6.22018e-07
 Reference value :  6.23388e-07
 Reference value :  6.24718e-07
 Reference value :  6.26018e-07
 Reference value :  6.27353e-07
 Reference value :  6.28703e-07
 Reference value :  6.30048e-07
 Reference value :  6.31408e-07
 Reference value :  6.32753e-07
 Reference value :  6.34053e-07
 Reference value :  6.35393e-07
 Reference value :  6.36738e-07
 Reference value :  6.38078e-07
 Reference value :  6.39368e-07
 Reference value :  6.40708e-07
 Reference value :  6.42038e-07
 Reference value :  6.43343e-07
 Reference value :  6.44703e-07
 Reference value :  6.46028e-07
 Reference value :  6.47313e-07
 Reference value :  6.48628e-07
 Reference value :  6.49953e-07
 Reference value :  6.51263e-07
 Reference value :  6.52598e-07
 Reference value :  6.53963e-07
 Reference value :  6.55278e-07
 Reference value :  6.56613e-07
 Reference value :  6.57953e-07
 Reference value :  6.59273e-07
 Reference value :  6.60983e-07
 Reference value :  6.62318e-07
 Reference value :  6.63683e-07
 Reference value :  6.64978e-07
 Reference value :  6.66298e-07
 Reference value :  6.67603e-07
 Reference value :  6.68903e-07
 Reference value :  6.70228e-07
 Reference value :  6.71528e-07
 Reference value :  6.72848e-07
 Reference value :  6.74148e-07
 Reference value :  6.75443e-07
 Reference value :  6.76758e-07
 Reference value :  6.78098e-07
 Reference value :  6.79393e-07
 Reference value :  6.80683e-07
 Reference value :  6.82013e-07
 Reference value :  6.83313e-07
 Reference value :  6.84658e-07
 Reference value :  6.85973e-07
 Reference value :  6.87298e-07
 Reference value :  6.88588e-07
 Reference value :  6.89923e-07
 Reference value :  6.91243e-07
 Reference value :  6.92573e-07
 Reference value :  6.93903e-07
 Reference value :  6.95253e-07
 Reference value :  6.96563e-07
 Reference value :  6.97893e-07
 Reference value :  6.99228e-07
 Reference value :  7.00583e-07
 Reference value :  7.01918e-07
 Reference value :  7.03253e-07
 Reference value :  7.04548e-07
 Reference value :  7.05898e-07
 Reference value :  7.07168e-07
 Reference value :  7.08608e-07
 Reference value :  7.09958e-07
 Reference value :  7.11293e-07
 Reference value :  7.12583e-07
 Reference value :  7.13913e-07
 Reference value :  7.15228e-07
 Reference value :  7.16558e-07
 Reference value :  7.17863e-07
 Reference value :  7.19238e-07
 Reference value :  7.20518e-07
 Reference value :  7.21843e-07
 Reference value :  7.23148e-07
 Reference value :  7.24458e-07
 Reference value :  7.25798e-07
 Reference value :  7.27128e-07
 Reference value :  7.28398e-07
 Reference value :  7.29693e-07
 Reference value :  7.31023e-07
 Reference value :  7.32328e-07
 Reference value :  7.33633e-07
 Reference value :  7.34943e-07
 Reference value :  7.36228e-07
 Reference value :  7.37558e-07
 Reference value :  7.38903e-07
 Reference value :  7.40218e-07
 Reference value :  7.41533e-07
 Reference value :  7.42848e-07
 Reference value :  7.44193e-07
 Reference value :  7.45458e-07
 Reference value :  7.46813e-07
 Reference value :  7.48113e-07
 Reference value :  7.49453e-07
 Reference value :  7.50708e-07
 Reference value :  7.52028e-07
 Reference value :  7.53298e-07
 Reference value :  7.54623e-07
 Reference value :  7.55913e-07
 Reference value :  7.57253e-07
 Reference value :  7.58593e-07
 Reference value :  7.59893e-07
 Reference value :  7.61163e-07
 Reference value :  7.62483e-07
 Reference value :  7.63798e-07
 Reference value :  7.65153e-07
 Reference value :  7.66543e-07
 Reference value :  7.67908e-07
 Reference value :  7.69218e-07
 Reference value :  7.70543e-07
 Reference value :  7.71878e-07
 Reference value :  7.73238e-07
 Reference value :  7.74528e-07
 Reference value :  7.75868e-07
 Reference value :  7.77173e-07
 Reference value :  7.78513e-07
 Reference value :  7.79873e-07
 Reference value :  7.81203e-07
 Reference value :  7.82553e-07
 Reference value :  7.83893e-07
 Reference value :  7.85298e-07
 Reference value :  7.86628e-07
 Reference value :  7.87973e-07
 Reference value :  7.89348e-07
 Reference value :  7.90718e-07
 Reference value :  7.92063e-07
 Reference value :  7.93403e-07
 Reference value :  7.94773e-07
 Reference value :  7.96083e-07
 Reference value :  7.97418e-07
 Reference value :  7.98793e-07
No. of Data Rows : 160024
pt1a                =  1.70241e-08
pt1b                =  9.81278e-08
 meas tran vsub_max max v(xarr.vsubs) from=100n to=800n failed!

 meas tran vsub_min min v(xarr.vsubs) from=100n to=800n failed!

p_tr1 = 8.110370e-09
Note: Simulation executed from .control section 

----- stderr -----

Checking parameters for BSIM 4.5 model xarr.xpex.xn66:nshort_model.48
Warning: Eta0 = -0.0286127 is negative.

Checking parameters for BSIM 4.5 model xarr.xpex.xn61:nshort_model.48
Warning: Eta0 = -0.0286127 is negative.

Checking parameters for BSIM 4.5 model xarr.xpex.xn60:nshort_model.48
Warning: Eta0 = -0.0286127 is negative.

Checking parameters for BSIM 4.5 model xarr.xpex.xn55:nshort_model.48
Warning: Eta0 = -0.0286127 is negative.

Checking parameters for BSIM 4.5 model xarr.xpex.xn54:nshort_model.48
Warning: Eta0 = -0.0286127 is negative.

Checking parameters for BSIM 4.5 model xarr.xpex.xn49:nshort_model.48
Warning: Eta0 = -0.0286127 is negative.

Checking parameters for BSIM 4.5 model xarr.xpex.xn48:nshort_model.48
Warning: Eta0 = -0.0286127 is negative.

Checking parameters for BSIM 4.5 model xarr.xpex.xn47:nshort_model.48
Warning: Eta0 = -0.0286127 is negative.

Checking parameters for BSIM 4.5 model xarr.xpex.xn46:nshort_model.48
Warning: Eta0 = -0.0286127 is negative.

Checking parameters for BSIM 4.5 model xarr.xpex.xn45:nshort_model.48
Warning: Eta0 = -0.0286127 is negative.

Checking parameters for BSIM 4.5 model xarr.xpex.xn44:nshort_model.48
Warning: Eta0 = -0.0286127 is negative.

Checking parameters for BSIM 4.5 model xarr.xpex.xn43:nshort_model.48
Warning: Eta0 = -0.0286127 is negative.

Checking parameters for BSIM 4.5 model xarr.xpex.xn42:nshort_model.48
Warning: Eta0 = -0.0286127 is negative.

Checking parameters for BSIM 4.5 model xarr.xpex.xn41:nshort_model.48
Warning: Eta0 = -0.0286127 is negative.

Checking parameters for BSIM 4.5 model xarr.xpex.xn40:nshort_model.48
Warning: Eta0 = -0.0286127 is negative.

Checking parameters for BSIM 4.5 model xarr.xpex.xn39:nshort_model.48
Warning: Eta0 = -0.0286127 is negative.

Checking parameters for BSIM 4.5 model xarr.xpex.xn38:nshort_model.48
Warning: Eta0 = -0.0286127 is negative.

Checking parameters for BSIM 4.5 model xarr.xpex.xn37:nshort_model.48
Warning: Eta0 = -0.0286127 is negative.

Checking parameters for BSIM 4.5 model xarr.xpex.xn35:nshort_model.48
Warning: Eta0 = -0.0286127 is negative.

Checking parameters for BSIM 4.5 model xarr.xpex.xn33:nshort_model.48
Warning: Eta0 = -0.0286127 is negative.

Checking parameters for BSIM 4.5 model xarr.xpex.xn31:nshort_model.48
Warning: Eta0 = -0.0286127 is negative.

Checking parameters for BSIM 4.5 model xarr.xpex.xn28:nshort_model.48
Warning: Eta0 = -0.0286127 is negative.

Checking parameters for BSIM 4.5 model xarr.xpex.xn27:nshort_model.48
Warning: Eta0 = -0.0286127 is negative.

Checking parameters for BSIM 4.5 model xarr.xpex.xn25:nshort_model.48
Warning: Eta0 = -0.0286127 is negative.

Checking parameters for BSIM 4.5 model xarr.xpex.xn23:nshort_model.48
Warning: Eta0 = -0.0286127 is negative.

Checking parameters for BSIM 4.5 model xarr.xpex.xn21:nshort_model.48
Warning: Eta0 = -0.0286127 is negative.

Error: measure  vsub_max  max(TRIG) : no such vector as 'v(xarr.vsubs)'

Error: measure  vsub_min  min(TRIG) : no such vector as 'v(xarr.vsubs)'
Warning from checkvalid: vector vsub_max is not available or has zero length.
Error: RHS "(vsub_max - vsub_min) / 1.8" invalid
Warning from checkvalid: vector vsub_swing_frac is not available or has zero length.

