|* Post-layout ro_ring5: the four-ring wstv frequency ladder, extracted
|* parasitics vs. the pre-layout netlist, in ONE deck.
|*
|* Purpose (issue #22, acceptance criterion 2). Every ro_ring5 number this
|* repo has recorded so far comes from design/*.spice -- xschem's own
|* schematic export, with no physical interconnect in it at all. This deck
|* re-runs the same measurement against layout/pex/ro_ring5_pex.spice, the
|* `klt extract --parasitics` netlist of the composed, DRC-clean and
|* LVS-clean cells under layout/ (layout/bin/pex-netlist.py builds it from
|* the committed GDS; layout/pex/README.md states exactly what its parasitic
|* model contains).
|*
|* Why both rings are in ONE deck rather than compared across two records.
|* The quantity of interest is a RATIO -- how much slower is the same ring
|* once its own intra-cell parasitics are present -- and a ratio taken
|* across two runs silently inherits every difference between them (corner
|* section, temperature, solver settings, ngspice build, the estimator's own
|* start-up transient). Running the pre-layout ring as a same-deck control
|* at the same corner, same temperature, same supply, same timestep and the
|* same measurement code makes the parasitic contribution the ONLY thing
|* that differs between the two numbers this deck prints.
|*
|* Topology. Eight five-stage rings, built in place exactly as
|* design/xschem/ro_ring5.sch wires one (ro_nand2 + 4 x ro_stage), on eight
|* independent supply sources so each ring's own supply current is
|* separately measurable:
|*
|*   p1..p4  POST-LAYOUT, wstv = 0.42 / 0.44 / 0.46 / 0.48 um -- one
|*           physical cell per ring, the four distinct DRC/LVS-clean
|*           layout cells under layout/ro_{stage,nand2}[_wstv0p4x]/.
|*   q1..q4  PRE-LAYOUT control, the identical ladder from
|*           design/ro_array_core.spice's parameterized .subckt.
|*
|* Every ring drives its own output buffer -- a post-layout ro_buf_pex for
|* p1..p4, a pre-layout ro_buf for q1..q4 -- on one block supply per side,
|* so no buffer's current contaminates a ring's own vddr.
|* design/xschem/ro_array_core.sch wires a per-ring output buffer this way,
|* and buffering ALL four rings rather than one is what makes the four
|* periods a comparable ladder (see the buffer block below).
|*
|* The substrate tie. layout/pex/ro_ring5_pex.spice declares the
|* extractor's substrate return node `vsubs` .global, and every
|* net-to-substrate capacitance in every post-layout cell returns to it
|* (see layout/bin/pex-netlist.py's docstring, and klayout-tools#1503 for
|* why the extractor's own per-instance scoping cannot be used as-is). This
|* deck ties it HARD to 0 -- the physically-motivated choice, since every
|* composed cell carries its own psub guard ring tied to vss and vss is 0
|* here. The complementary bound (vsubs left floating on the extractor's own
|* 1 TOhm dc tie, which makes the shared substrate node an inter-ring
|* coupling path) is measured by this slug's sibling testbench,
|* tb_post_layout_substrate_float.spice.
|*
|* PVT: this deck is run at the same four (temp, supply) points
|* sim/ro-ring5-swing-and-current/ used, each bundling the tt/ss/ff process
|* axis into one record:
|*   -40 degC / 1.62 V   the measured entropy-binding corner (ss)
|*    27 degC / 1.80 V   nominal
|*   125 degC / 1.98 V   the worst five-stage ring swing in #10's grid
|*   -40 degC / 1.98 V   the fastest ring measured anywhere in that grid
|*
|* tstop is 160 ns, twice that deck's 80 ns, because the post-layout rings
|* are slower and the period estimator needs 11 rising edges of the SLOWEST
|* ring (wstv = 0.42, post-layout, ss / -40 degC / 1.62 V) to fit inside the
|* window with start-up discarded.
|*
|* This file is a TEMPLATE: sim/bin/corner-run.py substitutes /Users/rwalters/.volare/volare/sky130/versions/c6d73a35f524070e85faff4a6a9eef49553ebc2b/sky130A/libs.tech/combined/sky130.lib.spice,
|* ss, /Users/rwalters/GitHub/sky130-trng/.loom/worktrees/issue-22/design/ro_array_core.spice, /Users/rwalters/GitHub/sky130-trng/.loom/worktrees/issue-22/layout/pex/ro_ring5_pex.spice, -40.0, 1.98 and 5p. As
|* committed it is not a runnable deck.
|
|.option scale=1u
|.lib "/Users/rwalters/.volare/volare/sky130/versions/c6d73a35f524070e85faff4a6a9eef49553ebc2b/sky130A/libs.tech/combined/sky130.lib.spice" ss
|
|* pre-layout subcircuit library (ro_nand2 / ro_stage / ro_buf)
|.include "/Users/rwalters/GitHub/sky130-trng/.loom/worktrees/issue-22/design/ro_array_core.spice"
|* post-layout subcircuit library (ro_*_pex_*), generated from layout/
|.include "/Users/rwalters/GitHub/sky130-trng/.loom/worktrees/issue-22/layout/pex/ro_ring5_pex.spice"
|
|.temp -40.0
|
|* --- substrate return node: hard tie (see header) ----------------------
|Vsub vsubs 0 dc 0
|
|* --- post-layout rings, one physical cell per wstv ---------------------
|Vddrp1 vddrp1 0 dc 1.98
|Venp1 enp1 0 dc 1.98
|xgp1 p1o enp1 p1a vddrp1 0 ro_nand2_pex_wstv0p42
|x1p1 p1a p1b vddrp1 0 ro_stage_pex_wstv0p42
|x2p1 p1b p1c vddrp1 0 ro_stage_pex_wstv0p42
|x3p1 p1c p1d vddrp1 0 ro_stage_pex_wstv0p42
|x4p1 p1d p1o vddrp1 0 ro_stage_pex_wstv0p42
|
|Vddrp2 vddrp2 0 dc 1.98
|Venp2 enp2 0 dc 1.98
|xgp2 p2o enp2 p2a vddrp2 0 ro_nand2_pex_wstv0p44
|x1p2 p2a p2b vddrp2 0 ro_stage_pex_wstv0p44
|x2p2 p2b p2c vddrp2 0 ro_stage_pex_wstv0p44
|x3p2 p2c p2d vddrp2 0 ro_stage_pex_wstv0p44
|x4p2 p2d p2o vddrp2 0 ro_stage_pex_wstv0p44
|
|Vddrp3 vddrp3 0 dc 1.98
|Venp3 enp3 0 dc 1.98
|xgp3 p3o enp3 p3a vddrp3 0 ro_nand2_pex_wstv0p46
|x1p3 p3a p3b vddrp3 0 ro_stage_pex_wstv0p46
|x2p3 p3b p3c vddrp3 0 ro_stage_pex_wstv0p46
|x3p3 p3c p3d vddrp3 0 ro_stage_pex_wstv0p46
|x4p3 p3d p3o vddrp3 0 ro_stage_pex_wstv0p46
|
|Vddrp4 vddrp4 0 dc 1.98
|Venp4 enp4 0 dc 1.98
|xgp4 p4o enp4 p4a vddrp4 0 ro_nand2_pex_wstv0p48
|x1p4 p4a p4b vddrp4 0 ro_stage_pex_wstv0p48
|x2p4 p4b p4c vddrp4 0 ro_stage_pex_wstv0p48
|x3p4 p4c p4d vddrp4 0 ro_stage_pex_wstv0p48
|x4p4 p4d p4o vddrp4 0 ro_stage_pex_wstv0p48
|
|* --- pre-layout control rings, identical ladder ------------------------
|Vddrq1 vddrq1 0 dc 1.98
|Venq1 enq1 0 dc 1.98
|xgq1 q1o enq1 q1a vddrq1 0 ro_nand2 wstv=0.42 lstv=2 cld=0.5f
|x1q1 q1a q1b vddrq1 0 ro_stage wstv=0.42 lstv=2 cld=0.5f
|x2q1 q1b q1c vddrq1 0 ro_stage wstv=0.42 lstv=2 cld=0.5f
|x3q1 q1c q1d vddrq1 0 ro_stage wstv=0.42 lstv=2 cld=0.5f
|x4q1 q1d q1o vddrq1 0 ro_stage wstv=0.42 lstv=2 cld=0.5f
|
|Vddrq2 vddrq2 0 dc 1.98
|Venq2 enq2 0 dc 1.98
|xgq2 q2o enq2 q2a vddrq2 0 ro_nand2 wstv=0.44 lstv=2 cld=0.5f
|x1q2 q2a q2b vddrq2 0 ro_stage wstv=0.44 lstv=2 cld=0.5f
|x2q2 q2b q2c vddrq2 0 ro_stage wstv=0.44 lstv=2 cld=0.5f
|x3q2 q2c q2d vddrq2 0 ro_stage wstv=0.44 lstv=2 cld=0.5f
|x4q2 q2d q2o vddrq2 0 ro_stage wstv=0.44 lstv=2 cld=0.5f
|
|Vddrq3 vddrq3 0 dc 1.98
|Venq3 enq3 0 dc 1.98
|xgq3 q3o enq3 q3a vddrq3 0 ro_nand2 wstv=0.46 lstv=2 cld=0.5f
|x1q3 q3a q3b vddrq3 0 ro_stage wstv=0.46 lstv=2 cld=0.5f
|x2q3 q3b q3c vddrq3 0 ro_stage wstv=0.46 lstv=2 cld=0.5f
|x3q3 q3c q3d vddrq3 0 ro_stage wstv=0.46 lstv=2 cld=0.5f
|x4q3 q3d q3o vddrq3 0 ro_stage wstv=0.46 lstv=2 cld=0.5f
|
|Vddrq4 vddrq4 0 dc 1.98
|Venq4 enq4 0 dc 1.98
|xgq4 q4o enq4 q4a vddrq4 0 ro_nand2 wstv=0.48 lstv=2 cld=0.5f
|x1q4 q4a q4b vddrq4 0 ro_stage wstv=0.48 lstv=2 cld=0.5f
|x2q4 q4b q4c vddrq4 0 ro_stage wstv=0.48 lstv=2 cld=0.5f
|x3q4 q4c q4d vddrq4 0 ro_stage wstv=0.48 lstv=2 cld=0.5f
|x4q4 q4d q4o vddrq4 0 ro_stage wstv=0.48 lstv=2 cld=0.5f
|
|* --- output buffers: one per ring, on a block supply per side ----------
|* EVERY ring is buffered, post-layout and pre-layout alike. This is not
|* decoration: design/xschem/ro_array_core.sch buffers all four rings, and
|* an earlier revision of this deck that buffered only ring 1 made its own
|* ladder metric meaningless -- the buffered ring ran ~18% slower than its
|* unbuffered neighbours purely from the extra load, which reads as ladder
|* span rather than as the loading it is. See sim/post-layout-ro-ring5's
|* entry in sim/README.md.
|Vddp vddp 0 dc 1.98
|xbp1 p1o p1ob vddp 0 ro_buf_pex
|xbp2 p2o p2ob vddp 0 ro_buf_pex
|xbp3 p3o p3ob vddp 0 ro_buf_pex
|xbp4 p4o p4ob vddp 0 ro_buf_pex
|Vddq vddq 0 dc 1.98
|xbq1 q1o q1ob vddq 0 ro_buf
|xbq2 q2o q2ob vddq 0 ro_buf
|xbq3 q3o q3ob vddq 0 ro_buf
|xbq4 q4o q4ob vddq 0 ro_buf
|
|.ic v(p1o)=0 v(p1a)=1.98 v(p1b)=0 v(p1c)=1.98 v(p1d)=0
|.ic v(p2o)=0 v(p2a)=1.98 v(p2b)=0 v(p2c)=1.98 v(p2d)=0
|.ic v(p3o)=0 v(p3a)=1.98 v(p3b)=0 v(p3c)=1.98 v(p3d)=0
|.ic v(p4o)=0 v(p4a)=1.98 v(p4b)=0 v(p4c)=1.98 v(p4d)=0
|.ic v(q1o)=0 v(q1a)=1.98 v(q1b)=0 v(q1c)=1.98 v(q1d)=0
|.ic v(q2o)=0 v(q2a)=1.98 v(q2b)=0 v(q2c)=1.98 v(q2d)=0
|.ic v(q3o)=0 v(q3a)=1.98 v(q3b)=0 v(q3c)=1.98 v(q3d)=0
|.ic v(q4o)=0 v(q4a)=1.98 v(q4b)=0 v(q4c)=1.98 v(q4d)=0
|
|.tran 5p 160n uic
|
|.control
|run
|
|* Period of every ring, from 8 whole periods with the first two rising
|* edges discarded as start-up -- the same estimator
|* sim/ro-ring5-swing-and-current/ uses, so the two campaigns' periods are
|* directly comparable.
|meas tran tp1a when v(p1o)=0.5*1.98 rise=3
|meas tran tp1b when v(p1o)=0.5*1.98 rise=11
|let t_pex_wstv0p42 = (tp1b - tp1a)/8
|meas tran tp2a when v(p2o)=0.5*1.98 rise=3
|meas tran tp2b when v(p2o)=0.5*1.98 rise=11
|let t_pex_wstv0p44 = (tp2b - tp2a)/8
|meas tran tp3a when v(p3o)=0.5*1.98 rise=3
|meas tran tp3b when v(p3o)=0.5*1.98 rise=11
|let t_pex_wstv0p46 = (tp3b - tp3a)/8
|meas tran tp4a when v(p4o)=0.5*1.98 rise=3
|meas tran tp4b when v(p4o)=0.5*1.98 rise=11
|let t_pex_wstv0p48 = (tp4b - tp4a)/8
|
|meas tran tq1a when v(q1o)=0.5*1.98 rise=3
|meas tran tq1b when v(q1o)=0.5*1.98 rise=11
|let t_pre_wstv0p42 = (tq1b - tq1a)/8
|meas tran tq2a when v(q2o)=0.5*1.98 rise=3
|meas tran tq2b when v(q2o)=0.5*1.98 rise=11
|let t_pre_wstv0p44 = (tq2b - tq2a)/8
|meas tran tq3a when v(q3o)=0.5*1.98 rise=3
|meas tran tq3b when v(q3o)=0.5*1.98 rise=11
|let t_pre_wstv0p46 = (tq3b - tq3a)/8
|meas tran tq4a when v(q4o)=0.5*1.98 rise=3
|meas tran tq4b when v(q4o)=0.5*1.98 rise=11
|let t_pre_wstv0p48 = (tq4b - tq4a)/8
|
|* The headline ratio: same ring, same corner, parasitics on vs. off.
|let slowdown_wstv0p42 = t_pex_wstv0p42 / t_pre_wstv0p42
|let slowdown_wstv0p44 = t_pex_wstv0p44 / t_pre_wstv0p44
|let slowdown_wstv0p46 = t_pex_wstv0p46 / t_pre_wstv0p46
|let slowdown_wstv0p48 = t_pex_wstv0p48 / t_pre_wstv0p48
|
|* Ladder span (DR-0003 section 8's skew_span, re-measured post-layout).
|* Stated as slowest/fastest ring under the ladder's expected monotone
|* ordering; the four periods above are printed individually so a reader
|* can confirm that ordering rather than take it on trust.
|let skew_span_pex = t_pex_wstv0p42 / t_pex_wstv0p48
|let skew_span_pre = t_pre_wstv0p42 / t_pre_wstv0p48
|
|* Swing, ring node and buffered output, post-layout and pre-layout.
|* Steady-state window: 20 ns of start-up discarded.
|meas tran vmaxp MAX v(p1o) from=20n to=160n
|meas tran vminp MIN v(p1o) from=20n to=160n
|meas tran vmaxpb MAX v(p1ob) from=20n to=160n
|meas tran vminpb MIN v(p1ob) from=20n to=160n
|meas tran vmaxq MAX v(q1o) from=20n to=160n
|meas tran vminq MIN v(q1o) from=20n to=160n
|meas tran vmaxqb MAX v(q1ob) from=20n to=160n
|meas tran vminqb MIN v(q1ob) from=20n to=160n
|let swing_frac_pex_ring = (vmaxp - vminp) / 1.98
|let swing_frac_pex_buf = (vmaxpb - vminpb) / 1.98
|let swing_frac_pre_ring = (vmaxq - vminq) / 1.98
|let swing_frac_pre_buf = (vmaxqb - vminqb) / 1.98
|
|* Per-ring supply current, running. i(Vsrc) is negative for current
|* delivered by the source, so the printed figures are sign-flipped to read
|* as consumed current.
|meas tran ip1raw AVG i(Vddrp1) from=20n to=160n
|meas tran ip4raw AVG i(Vddrp4) from=20n to=160n
|meas tran iq1raw AVG i(Vddrq1) from=20n to=160n
|meas tran iq4raw AVG i(Vddrq4) from=20n to=160n
|let i_pex_wstv0p42 = -ip1raw
|let i_pex_wstv0p48 = -ip4raw
|let i_pre_wstv0p42 = -iq1raw
|let i_pre_wstv0p48 = -iq4raw
|
|print t_pex_wstv0p42
|print t_pex_wstv0p44
|print t_pex_wstv0p46
|print t_pex_wstv0p48
|print t_pre_wstv0p42
|print t_pre_wstv0p44
|print t_pre_wstv0p46
|print t_pre_wstv0p48
|print slowdown_wstv0p42
|print slowdown_wstv0p44
|print slowdown_wstv0p46
|print slowdown_wstv0p48
|print skew_span_pex
|print skew_span_pre
|print swing_frac_pex_ring
|print swing_frac_pex_buf
|print swing_frac_pre_ring
|print swing_frac_pre_buf
|print i_pex_wstv0p42
|print i_pex_wstv0p48
|print i_pre_wstv0p42
|print i_pre_wstv0p48
|.endc
|.end
|

----- stdout -----

Note: Compatibility modes selected: hs a


Circuit: * post-layout ro_ring5: the four-ring wstv frequency ladder, extracted

option SCALE: Scale is set to 1e-06 for instance and model parameters
option SCALE: Scale is set to 1e-06 for instance and model parameters
option SCALE: Scale is set to 1e-06 for instance and model parameters
option SCALE: Scale is set to 1e-06 for instance and model parameters
option SCALE: Scale is set to 1e-06 for instance and model parameters
Doing analysis at TEMP = -40.000000 and TNOM = 27.000000

Using SPARSE 1.3 as Direct Linear Solver
Operating point simulation skipped by 'uic',
  now using transient initial conditions.
 Reference value :  5.00000e-14
 Reference value :  8.50930e-10
 Reference value :  1.89593e-09
 Reference value :  2.99093e-09
 Reference value :  4.01093e-09
 Reference value :  4.93093e-09
 Reference value :  5.90093e-09
 Reference value :  6.90093e-09
 Reference value :  7.88593e-09
 Reference value :  8.85093e-09
 Reference value :  9.86093e-09
 Reference value :  1.07959e-08
 Reference value :  1.18159e-08
 Reference value :  1.28559e-08
 Reference value :  1.38759e-08
 Reference value :  1.48659e-08
 Reference value :  1.59159e-08
 Reference value :  1.69459e-08
 Reference value :  1.79809e-08
 Reference value :  1.90059e-08
 Reference value :  1.99909e-08
 Reference value :  2.09659e-08
 Reference value :  2.19659e-08
 Reference value :  2.29459e-08
 Reference value :  2.40059e-08
 Reference value :  2.49859e-08
 Reference value :  2.59809e-08
 Reference value :  2.69709e-08
 Reference value :  2.79959e-08
 Reference value :  2.90159e-08
 Reference value :  3.00459e-08
 Reference value :  3.10959e-08
 Reference value :  3.21259e-08
 Reference value :  3.31709e-08
 Reference value :  3.42259e-08
 Reference value :  3.52559e-08
 Reference value :  3.62909e-08
 Reference value :  3.73309e-08
 Reference value :  3.83709e-08
 Reference value :  3.93709e-08
 Reference value :  4.03859e-08
 Reference value :  4.13509e-08
 Reference value :  4.22659e-08
 Reference value :  4.32259e-08
 Reference value :  4.41909e-08
 Reference value :  4.51759e-08
 Reference value :  4.62509e-08
 Reference value :  4.72709e-08
 Reference value :  4.83309e-08
 Reference value :  4.93509e-08
 Reference value :  5.03709e-08
 Reference value :  5.14059e-08
 Reference value :  5.24559e-08
 Reference value :  5.35159e-08
 Reference value :  5.45009e-08
 Reference value :  5.55409e-08
 Reference value :  5.65609e-08
 Reference value :  5.75959e-08
 Reference value :  5.86009e-08
 Reference value :  5.96709e-08
 Reference value :  6.06959e-08
 Reference value :  6.21159e-08
 Reference value :  6.33659e-08
 Reference value :  6.45509e-08
 Reference value :  6.55659e-08
 Reference value :  6.65859e-08
 Reference value :  6.77209e-08
 Reference value :  6.89609e-08
 Reference value :  6.99359e-08
 Reference value :  7.09409e-08
 Reference value :  7.19909e-08
 Reference value :  7.30109e-08
 Reference value :  7.39959e-08
 Reference value :  7.49909e-08
 Reference value :  7.60759e-08
 Reference value :  7.71609e-08
 Reference value :  7.81959e-08
 Reference value :  7.93109e-08
 Reference value :  8.03459e-08
 Reference value :  8.14309e-08
 Reference value :  8.25009e-08
 Reference value :  8.36809e-08
 Reference value :  8.47559e-08
 Reference value :  8.58459e-08
 Reference value :  8.71259e-08
 Reference value :  8.82609e-08
 Reference value :  8.92909e-08
 Reference value :  9.02909e-08
 Reference value :  9.12809e-08
 Reference value :  9.23059e-08
 Reference value :  9.33609e-08
 Reference value :  9.43809e-08
 Reference value :  9.54159e-08
 Reference value :  9.64409e-08
 Reference value :  9.74759e-08
 Reference value :  9.85109e-08
 Reference value :  9.95459e-08
 Reference value :  1.00566e-07
 Reference value :  1.01586e-07
 Reference value :  1.02661e-07
 Reference value :  1.03686e-07
 Reference value :  1.04681e-07
 Reference value :  1.05751e-07
 Reference value :  1.06746e-07
 Reference value :  1.07791e-07
 Reference value :  1.08801e-07
 Reference value :  1.09806e-07
 Reference value :  1.10786e-07
 Reference value :  1.11766e-07
 Reference value :  1.12736e-07
 Reference value :  1.13741e-07
 Reference value :  1.14726e-07
 Reference value :  1.15751e-07
 Reference value :  1.16806e-07
 Reference value :  1.17826e-07
 Reference value :  1.18911e-07
 Reference value :  1.19936e-07
 Reference value :  1.20981e-07
 Reference value :  1.22031e-07
 Reference value :  1.23046e-07
 Reference value :  1.24076e-07
 Reference value :  1.25071e-07
 Reference value :  1.26111e-07
 Reference value :  1.27091e-07
 Reference value :  1.28146e-07
 Reference value :  1.29146e-07
 Reference value :  1.30211e-07
 Reference value :  1.31236e-07
 Reference value :  1.32301e-07
 Reference value :  1.33386e-07
 Reference value :  1.34376e-07
 Reference value :  1.35396e-07
 Reference value :  1.36416e-07
 Reference value :  1.37441e-07
 Reference value :  1.38446e-07
 Reference value :  1.39491e-07
 Reference value :  1.40536e-07
 Reference value :  1.41596e-07
 Reference value :  1.42661e-07
 Reference value :  1.43661e-07
 Reference value :  1.44671e-07
 Reference value :  1.45686e-07
 Reference value :  1.46696e-07
 Reference value :  1.47681e-07
 Reference value :  1.48681e-07
 Reference value :  1.49746e-07
 Reference value :  1.50741e-07
 Reference value :  1.51786e-07
 Reference value :  1.52826e-07
 Reference value :  1.53866e-07
 Reference value :  1.54901e-07
 Reference value :  1.55971e-07
 Reference value :  1.56991e-07
 Reference value :  1.58011e-07
 Reference value :  1.59041e-07
No. of Data Rows : 32016
tp1a                =  6.87284e-09
tp1b                =  3.33359e-08
tp2a                =  6.67148e-09
tp2b                =  3.22547e-08
tp3a                =  6.45950e-09
tp3b                =  3.11314e-08
tp4a                =  6.24753e-09
tp4b                =  3.00162e-08
tq1a                =  5.29685e-09
tq1b                =  2.42101e-08
tq2a                =  5.12129e-09
tq2b                =  2.33047e-08
tq3a                =  4.94021e-09
tq3b                =  2.23877e-08
tq4a                =  4.76172e-09
tq4b                =  2.14933e-08
vmaxp               =  1.78343e+00 at=  9.06459e-08
vminp               =  -2.36911e-02 at=  1.31946e-07
vmaxpb              =  1.99081e+00 at=  2.62459e-08
vminpb              =  -5.73029e-03 at=  4.46009e-08
vmaxq               =  1.73700e+00 at=  4.62459e-08
vminq               =  -2.93052e-02 at=  6.39459e-08
vmaxqb              =  1.99751e+00 at=  6.87909e-08
vminqb              =  -8.17234e-03 at=  7.95209e-08
ip1raw              =  -1.36511e-05 from=  2.00000e-08 to=  1.60000e-07
ip4raw              =  -1.48451e-05 from=  2.00000e-08 to=  1.60000e-07
iq1raw              =  -1.40382e-05 from=  2.00000e-08 to=  1.60000e-07
iq4raw              =  -1.54049e-05 from=  2.00000e-08 to=  1.60000e-07
t_pex_wstv0p42 = 3.307880e-09
t_pex_wstv0p44 = 3.197901e-09
t_pex_wstv0p46 = 3.083987e-09
t_pex_wstv0p48 = 2.971084e-09
t_pre_wstv0p42 = 2.364162e-09
t_pre_wstv0p44 = 2.272927e-09
t_pre_wstv0p46 = 2.180936e-09
t_pre_wstv0p48 = 2.091443e-09
slowdown_wstv0p42 = 1.399177e+00
slowdown_wstv0p44 = 1.406953e+00
slowdown_wstv0p46 = 1.414066e+00
slowdown_wstv0p48 = 1.420591e+00
skew_span_pex = 1.113358e+00
skew_span_pre = 1.130398e+00
swing_frac_pex_ring = 9.126900e-01
swing_frac_pex_buf = 1.008353e+00
swing_frac_pre_ring = 8.920754e-01
swing_frac_pre_buf = 1.012969e+00
i_pex_wstv0p42 = 1.365108e-05
i_pex_wstv0p48 = 1.484508e-05
i_pre_wstv0p42 = 1.403821e-05
i_pre_wstv0p48 = 1.540485e-05
Note: Simulation executed from .control section 

----- stderr -----

Checking parameters for BSIM 4.5 model xbq4.xmn:nshort_model.48
Warning: Eta0 = -0.0286127 is negative.

Checking parameters for BSIM 4.5 model xbq3.xmn:nshort_model.48
Warning: Eta0 = -0.0286127 is negative.

Checking parameters for BSIM 4.5 model xbq2.xmn:nshort_model.48
Warning: Eta0 = -0.0286127 is negative.

Checking parameters for BSIM 4.5 model xbq1.xmn:nshort_model.48
Warning: Eta0 = -0.0286127 is negative.

Checking parameters for BSIM 4.5 model xbp4.xpex.xn1:nshort_model.48
Warning: Eta0 = -0.0286127 is negative.

Checking parameters for BSIM 4.5 model xbp3.xpex.xn1:nshort_model.48
Warning: Eta0 = -0.0286127 is negative.

Checking parameters for BSIM 4.5 model xbp2.xpex.xn1:nshort_model.48
Warning: Eta0 = -0.0286127 is negative.

Checking parameters for BSIM 4.5 model xbp1.xpex.xn1:nshort_model.48
Warning: Eta0 = -0.0286127 is negative.

Checking parameters for BSIM 4.5 model x4q4.xmn:nshort_model.48
Warning: Eta0 = -0.0286127 is negative.

Checking parameters for BSIM 4.5 model x4q4.xmph:pshort_model.44
Warning: Eta0 = -0.00221468 is negative.

Checking parameters for BSIM 4.5 model x3q4.xmn:nshort_model.48
Warning: Eta0 = -0.0286127 is negative.

Checking parameters for BSIM 4.5 model x3q4.xmph:pshort_model.44
Warning: Eta0 = -0.00221468 is negative.

Checking parameters for BSIM 4.5 model x2q4.xmn:nshort_model.48
Warning: Eta0 = -0.0286127 is negative.

Checking parameters for BSIM 4.5 model x2q4.xmph:pshort_model.44
Warning: Eta0 = -0.00221468 is negative.

Checking parameters for BSIM 4.5 model x1q4.xmn:nshort_model.48
Warning: Eta0 = -0.0286127 is negative.

Checking parameters for BSIM 4.5 model x1q4.xmph:pshort_model.44
Warning: Eta0 = -0.00221468 is negative.

Checking parameters for BSIM 4.5 model xgq4.xmph:pshort_model.44
Warning: Eta0 = -0.00221468 is negative.

Checking parameters for BSIM 4.5 model x4q3.xmn:nshort_model.48
Warning: Eta0 = -0.0286127 is negative.

Checking parameters for BSIM 4.5 model x4q3.xmph:pshort_model.44
Warning: Eta0 = -0.00221468 is negative.

Checking parameters for BSIM 4.5 model x3q3.xmn:nshort_model.48
Warning: Eta0 = -0.0286127 is negative.

Checking parameters for BSIM 4.5 model x3q3.xmph:pshort_model.44
Warning: Eta0 = -0.00221468 is negative.

Checking parameters for BSIM 4.5 model x2q3.xmn:nshort_model.48
Warning: Eta0 = -0.0286127 is negative.

Checking parameters for BSIM 4.5 model x2q3.xmph:pshort_model.44
Warning: Eta0 = -0.00221468 is negative.

Checking parameters for BSIM 4.5 model x1q3.xmn:nshort_model.48
Warning: Eta0 = -0.0286127 is negative.

Checking parameters for BSIM 4.5 model x1q3.xmph:pshort_model.44
Warning: Eta0 = -0.00221468 is negative.

Checking parameters for BSIM 4.5 model xgq3.xmph:pshort_model.44
Warning: Eta0 = -0.00221468 is negative.

Checking parameters for BSIM 4.5 model x4q2.xmn:nshort_model.48
Warning: Eta0 = -0.0286127 is negative.

Checking parameters for BSIM 4.5 model x4q2.xmph:pshort_model.44
Warning: Eta0 = -0.00221468 is negative.

Checking parameters for BSIM 4.5 model x3q2.xmn:nshort_model.48
Warning: Eta0 = -0.0286127 is negative.

Checking parameters for BSIM 4.5 model x3q2.xmph:pshort_model.44
Warning: Eta0 = -0.00221468 is negative.

Checking parameters for BSIM 4.5 model x2q2.xmn:nshort_model.48
Warning: Eta0 = -0.0286127 is negative.

Checking parameters for BSIM 4.5 model x2q2.xmph:pshort_model.44
Warning: Eta0 = -0.00221468 is negative.

Checking parameters for BSIM 4.5 model x1q2.xmn:nshort_model.48
Warning: Eta0 = -0.0286127 is negative.

Checking parameters for BSIM 4.5 model x1q2.xmph:pshort_model.44
Warning: Eta0 = -0.00221468 is negative.

Checking parameters for BSIM 4.5 model xgq2.xmph:pshort_model.44
Warning: Eta0 = -0.00221468 is negative.

Checking parameters for BSIM 4.5 model x4q1.xmn:nshort_model.48
Warning: Eta0 = -0.0286127 is negative.

Checking parameters for BSIM 4.5 model x4q1.xmph:pshort_model.44
Warning: Eta0 = -0.00221468 is negative.

Checking parameters for BSIM 4.5 model x3q1.xmn:nshort_model.48
Warning: Eta0 = -0.0286127 is negative.

Checking parameters for BSIM 4.5 model x3q1.xmph:pshort_model.44
Warning: Eta0 = -0.00221468 is negative.

Checking parameters for BSIM 4.5 model x2q1.xmn:nshort_model.48
Warning: Eta0 = -0.0286127 is negative.

Checking parameters for BSIM 4.5 model x2q1.xmph:pshort_model.44
Warning: Eta0 = -0.00221468 is negative.

Checking parameters for BSIM 4.5 model x1q1.xmn:nshort_model.48
Warning: Eta0 = -0.0286127 is negative.

Checking parameters for BSIM 4.5 model x1q1.xmph:pshort_model.44
Warning: Eta0 = -0.00221468 is negative.

Checking parameters for BSIM 4.5 model xgq1.xmph:pshort_model.44
Warning: Eta0 = -0.00221468 is negative.

Checking parameters for BSIM 4.5 model x4p4.xpex.xn1:nshort_model.48
Warning: Eta0 = -0.0286127 is negative.

Checking parameters for BSIM 4.5 model x3p4.xpex.xn1:nshort_model.48
Warning: Eta0 = -0.0286127 is negative.

Checking parameters for BSIM 4.5 model x2p4.xpex.xn1:nshort_model.48
Warning: Eta0 = -0.0286127 is negative.

Checking parameters for BSIM 4.5 model x1p4.xpex.xn1:nshort_model.48
Warning: Eta0 = -0.0286127 is negative.

Checking parameters for BSIM 4.5 model x4p3.xpex.xn1:nshort_model.48
Warning: Eta0 = -0.0286127 is negative.

Checking parameters for BSIM 4.5 model x3p3.xpex.xn1:nshort_model.48
Warning: Eta0 = -0.0286127 is negative.

Checking parameters for BSIM 4.5 model x2p3.xpex.xn1:nshort_model.48
Warning: Eta0 = -0.0286127 is negative.

Checking parameters for BSIM 4.5 model x1p3.xpex.xn1:nshort_model.48
Warning: Eta0 = -0.0286127 is negative.

Checking parameters for BSIM 4.5 model x4p2.xpex.xn1:nshort_model.48
Warning: Eta0 = -0.0286127 is negative.

Checking parameters for BSIM 4.5 model x3p2.xpex.xn1:nshort_model.48
Warning: Eta0 = -0.0286127 is negative.

Checking parameters for BSIM 4.5 model x2p2.xpex.xn1:nshort_model.48
Warning: Eta0 = -0.0286127 is negative.

Checking parameters for BSIM 4.5 model x1p2.xpex.xn1:nshort_model.48
Warning: Eta0 = -0.0286127 is negative.

Checking parameters for BSIM 4.5 model x4p1.xpex.xn2:nshort_model.48
Warning: Eta0 = -0.0286127 is negative.

Checking parameters for BSIM 4.5 model x3p1.xpex.xn2:nshort_model.48
Warning: Eta0 = -0.0286127 is negative.

Checking parameters for BSIM 4.5 model x2p1.xpex.xn2:nshort_model.48
Warning: Eta0 = -0.0286127 is negative.

Checking parameters for BSIM 4.5 model x1p1.xpex.xn2:nshort_model.48
Warning: Eta0 = -0.0286127 is negative.

