|* Post-layout ro_array_core: the whole entropy source (four non-identical
|* rings + four output buffers + the three-xor2 combining tree), extracted
|* FLAT from ONE `klt extract --parasitics` run over
|* layout/ro_array_core-placement-poc/ro_array_core_signal9_poc.gds -- the
|* same DRC-clean (0 violations), klt-lvs-MATCHING (132/132 devices, 96/96
|* nets against design/ro_array_core.spice's own .subckt ro_array_core) GDS
|* that PoC directory's own README documents ("Increment 8"). Real inter-ring
|* wiring is included for the first time: the ring->buffer signal chain, the
|* buffer->XOR fan-in, the XOR combining tree's own t1/t2 routing, and the
|* array-wide vdd bus for the four buffers + three xor2 instances -- none of
|* which sim/post-layout-ro-ring5-assembled/ (one ring at a time, ideal
|* wires between rings) could include, and none of which
|* sim/ro-array-core-combining/ (pre-layout, no physical interconnect at
|* all) could include either.
|*
|* Purpose (issue #22's acceptance bar: "Post-layout PVT simulation results
|* land under sim/, extracted parasitics included" plus the DR-0003 section
|* 8 wstv inter-ring decorrelation re-evaluation). This is a two-way,
|* same-corner comparison (post-layout array vs. pre-layout control, the
|* SAME topology sim/ro-array-core-combining/'s own testbench drives),
|* matching sim/post-layout-ro-ring5-assembled/'s own comparison discipline
|* one hierarchy level up. It reuses that record's own measurement set
|* (per-ring periods, combining fidelity in both the edge-retention and
|* value-fidelity senses, and array supply current) rather than inventing a
|* new one, so every number here is directly comparable to
|* sim/ro-array-core-combining/'s own pre-layout record by name.
|*
|* Topology, post-layout side (prefix p): xarr is ONE flat-extracted cell --
|* design/xschem/ro_array_core.sch's own hierarchy, already wired, sourced
|* from layout/pex-array/ro_array_core_pex.spice via
|* layout/bin/pex-netlist.py (shared, unmodified, with
|* layout/pex/pex.json's and layout/pex-ring/pex.json's own leaf/ring
|* descriptors). t1/t2 (the XOR tree's own inter-stage nets) are internal to
|* the wrapper subckt at the SAME literal names design/ro_array_core.spice's
|* own .subckt ro_array_core uses internally, so they are reachable exactly
|* the way sim/ro-array-core-combining/'s own testbench reaches them
|* (`v(xarr.t1)`, one level of hierarchy) -- confirmed by this deck's own
|* first successful run, not assumed.
|*
|* Topology, pre-layout side (no prefix, matching
|* sim/ro-array-core-combining/'s own testbench net names exactly): xctl is
|* the identical topology from design/ro_array_core.spice's parameterized
|* .subckt ro_array_core, same-deck same-corner control.
|*
|* The substrate tie. layout/pex-array/ro_array_core_pex.spice declares the
|* extractor's substrate return node `vsubs` .global (klayout-tools#1503,
|* same as every other post-layout deck in this repo). This deck ties it
|* HARD to 0, the same physically-motivated choice
|* sim/post-layout-ro-ring5-assembled/ and sim/post-layout-ro-ring5/ both
|* use -- every composed cell's own psub guard ring is tied to vss, and vss
|* is 0 here. Inter-ring coupling through a floating substrate is a
|* different, separately-bracketed question (spec/decision-records/DR-0005)
|* and is not re-litigated by this deck's own hard tie.
|*
|* PVT: the same four (temp, supply) points
|* sim/post-layout-ro-ring5-assembled/ uses, each bundling the tt/ss/ff
|* process axis:
|*   -40 degC / 1.62 V   the measured entropy-binding corner (ss)
|*    27 degC / 1.80 V   nominal
|*   125 degC / 1.98 V   the worst five-stage ring swing in #10's grid
|*   -40 degC / 1.98 V   the fastest ring measured anywhere in that grid
|*
|* Window. Post-layout parasitics measurably slow the array (every prior
|* post-layout ring record in this repo reports 1.4x-2.4x slowdown over
|* pre-layout, and the array adds inter-ring wiring + XOR-tree loading on
|* top), so this deck's tstop is 4x sim/ro-array-core-combining/'s own 200n
|* -- 800n -- with the same 5 ns enable-release point and the same
|* 10-period ring / 48-edge combining-node estimators (rise=3..13 for
|* periods, rise=2..50 at the combining nodes), now measured from a 700 ns
|* window (100 ns to 800 ns) rather than that deck's 60-200 ns, to keep the
|* same edge counts reachable at the slowest corner. Confirmed sufficient by
|* this deck's own first run at every corner (every meas below resolved,
|* not "no value found"), not assumed from the pre-layout deck's own margin.
|*
|* This file is a TEMPLATE: sim/bin/corner-run.py substitutes /Users/rwalters/.volare/volare/sky130/versions/c6d73a35f524070e85faff4a6a9eef49553ebc2b/sky130A/libs.tech/combined/sky130.lib.spice,
|* ff, /Users/rwalters/GitHub/sky130-trng/.loom/worktrees/issue-22/design/ro_array_core.spice, /Users/rwalters/GitHub/sky130-trng/.loom/worktrees/issue-22/layout/pex-array/ro_array_core_pex.spice, -40.0, 1.62 and 5p. As
|* committed it is not a runnable deck. Invoke with
|* `--ro-ring5 design/ro_array_core.spice` and
|* `--pex-lib layout/pex-array/ro_array_core_pex.spice`.
|
|.option scale=1u
|.lib "/Users/rwalters/.volare/volare/sky130/versions/c6d73a35f524070e85faff4a6a9eef49553ebc2b/sky130A/libs.tech/combined/sky130.lib.spice" ff
|
|* pre-layout subcircuit library (ro_array_core / ro_ring5 / ro_buf / xor2)
|.include "/Users/rwalters/GitHub/sky130-trng/.loom/worktrees/issue-22/design/ro_array_core.spice"
|* post-layout ARRAY subcircuit library (ro_array_core_pex, flat-extracted
|* from the whole composed, DRC-clean and LVS-clean array GDS)
|.include "/Users/rwalters/GitHub/sky130-trng/.loom/worktrees/issue-22/layout/pex-array/ro_array_core_pex.spice"
|
|.temp -40.0
|
|* --- substrate return node: hard tie (see header) ----------------------
|Vsub vsubs 0 dc 0
|
|* --- post-layout ARRAY, one flat-extracted cell for the whole block ----
|Vddrp1 pvddr1 0 dc 1.62
|Vddrp2 pvddr2 0 dc 1.62
|Vddrp3 pvddr3 0 dc 1.62
|Vddrp4 pvddr4 0 dc 1.62
|Vddp pvdd 0 dc 1.62
|Venp1 pen1 0 PULSE(0 1.62 5n 100p 100p 1u 2u)
|Venp2 pen2 0 PULSE(0 1.62 5n 100p 100p 1u 2u)
|Venp3 pen3 0 PULSE(0 1.62 5n 100p 100p 1u 2u)
|Venp4 pen4 0 PULSE(0 1.62 5n 100p 100p 1u 2u)
|xarr pen1 pen2 pen3 pen4 pvddr1 pvddr2 pvddr3 pvddr4 pvdd 0 pxo pro1 pro2 pro3 pro4 ro_array_core_pex
|
|* --- pre-layout control, identical topology, single-call subckt --------
|Vddr1 vddr1 0 dc 1.62
|Vddr2 vddr2 0 dc 1.62
|Vddr3 vddr3 0 dc 1.62
|Vddr4 vddr4 0 dc 1.62
|Vdd vdd 0 dc 1.62
|Ven1 en1 0 PULSE(0 1.62 5n 100p 100p 1u 2u)
|Ven2 en2 0 PULSE(0 1.62 5n 100p 100p 1u 2u)
|Ven3 en3 0 PULSE(0 1.62 5n 100p 100p 1u 2u)
|Ven4 en4 0 PULSE(0 1.62 5n 100p 100p 1u 2u)
|xctl en1 en2 en3 en4 vddr1 vddr2 vddr3 vddr4 vdd 0 xo ro1 ro2 ro3 ro4 ro_array_core
|
|.ic v(pro1)=0
|.ic v(pro2)=0
|.ic v(pro3)=0
|.ic v(pro4)=0
|.ic v(ro1)=0
|.ic v(ro2)=0
|.ic v(ro3)=0
|.ic v(ro4)=0
|
|* Limit the saved transient trace set to exactly what the .meas statements
|* below need. Without this, ngspice keeps a full-resolution voltage history
|* for every node in the deck -- including every per-terminal parasitic-star
|* leg node the flat ARRAY extraction introduces (132 devices' worth, an
|* order of magnitude more than one ring alone) -- and
|* sim/post-layout-ro-ring5-assembled/'s own header records this exhausting
|* process memory outright at the ff corner's shorter timesteps. None of
|* those internal leg voltages are read by any .meas below.
|.save v(pro1) v(pro2) v(pro3) v(pro4) v(pxo) v(xarr.t1)
|.save v(ro1) v(ro2) v(ro3) v(ro4) v(xo) v(xctl.t1)
|.save i(Vddrp1) i(Vddrp2) i(Vddrp3) i(Vddrp4) i(Vddp)
|.save i(Vddr1) i(Vddr2) i(Vddr3) i(Vddr4) i(Vdd)
|
|.tran 5p 800n uic
|
|.control
|run
|
|* --- post-layout ARRAY: per-ring periods, 10 whole periods each, first
|* two rising edges discarded as start-up ------------------------------
|meas tran pt1a when v(pro1)=0.5*1.62 rise=3
|meas tran pt1b when v(pro1)=0.5*1.62 rise=13
|let p_tr1 = (pt1b - pt1a)/10
|meas tran pt2a when v(pro2)=0.5*1.62 rise=3
|meas tran pt2b when v(pro2)=0.5*1.62 rise=13
|let p_tr2 = (pt2b - pt2a)/10
|meas tran pt3a when v(pro3)=0.5*1.62 rise=3
|meas tran pt3b when v(pro3)=0.5*1.62 rise=13
|let p_tr3 = (pt3b - pt3a)/10
|meas tran pt4a when v(pro4)=0.5*1.62 rise=3
|meas tran pt4b when v(pro4)=0.5*1.62 rise=13
|let p_tr4 = (pt4b - pt4a)/10
|let p_f_ideal2 = 1/p_tr1 + 1/p_tr2
|let p_f_ideal = 1/p_tr1 + 1/p_tr2 + 1/p_tr3 + 1/p_tr4
|let p_skew_span = p_tr1/p_tr4
|
|* --- post-layout ARRAY combining node: swing and realized edge rate ---
|meas tran pvxo_max MAX v(pxo) from=100n to=800n
|meas tran pvxo_min MIN v(pxo) from=100n to=800n
|let p_swing_frac_xo = (pvxo_max - pvxo_min) / 1.62
|meas tran ptxo_a when v(pxo)=0.5*1.62 rise=2
|meas tran ptxo_b when v(pxo)=0.5*1.62 rise=50
|let p_f_xo = 48/(ptxo_b - ptxo_a)
|let p_edge_retention = p_f_xo / p_f_ideal
|meas tran ptt1a when v(xarr.t1)=0.5*1.62 rise=2
|meas tran ptt1b when v(xarr.t1)=0.5*1.62 rise=50
|let p_f_t1 = 48/(ptt1b - ptt1a)
|let p_retention_n2 = p_f_t1 / p_f_ideal2
|let p_retention_n4 = p_edge_retention
|
|* --- post-layout ARRAY value fidelity + supply current -----------------
|meas tran pvxo_avg AVG v(pxo) from=100n to=800n
|meas tran pvt1_avg AVG v(xarr.t1) from=100n to=800n
|let p_bias_xo = pvxo_avg / 1.62
|let p_bias_t1 = pvt1_avg / 1.62
|meas tran pi1 AVG i(Vddrp1) from=100n to=800n
|meas tran pi2 AVG i(Vddrp2) from=100n to=800n
|meas tran pi3 AVG i(Vddrp3) from=100n to=800n
|meas tran pi4 AVG i(Vddrp4) from=100n to=800n
|meas tran pib AVG i(Vddp) from=100n to=800n
|let p_i_rings = -(pi1 + pi2 + pi3 + pi4)
|let p_i_block = -pib
|let p_i_array_total = p_i_rings + p_i_block
|let p_p_array_total = p_i_array_total * 1.62
|
|* --- pre-layout CONTROL: identical estimators, identical node names as
|* sim/ro-array-core-combining/'s own testbench ---------------------------
|meas tran t1a when v(ro1)=0.5*1.62 rise=3
|meas tran t1b when v(ro1)=0.5*1.62 rise=13
|let tr1 = (t1b - t1a)/10
|meas tran t2a when v(ro2)=0.5*1.62 rise=3
|meas tran t2b when v(ro2)=0.5*1.62 rise=13
|let tr2 = (t2b - t2a)/10
|meas tran t3a when v(ro3)=0.5*1.62 rise=3
|meas tran t3b when v(ro3)=0.5*1.62 rise=13
|let tr3 = (t3b - t3a)/10
|meas tran t4a when v(ro4)=0.5*1.62 rise=3
|meas tran t4b when v(ro4)=0.5*1.62 rise=13
|let tr4 = (t4b - t4a)/10
|let f_ideal2 = 1/tr1 + 1/tr2
|let f_ideal = 1/tr1 + 1/tr2 + 1/tr3 + 1/tr4
|let skew_span = tr1/tr4
|
|meas tran vxo_max MAX v(xo) from=100n to=800n
|meas tran vxo_min MIN v(xo) from=100n to=800n
|let swing_frac_xo = (vxo_max - vxo_min) / 1.62
|meas tran txo_a when v(xo)=0.5*1.62 rise=2
|meas tran txo_b when v(xo)=0.5*1.62 rise=50
|let f_xo = 48/(txo_b - txo_a)
|let edge_retention = f_xo / f_ideal
|meas tran tt1a when v(xctl.t1)=0.5*1.62 rise=2
|meas tran tt1b when v(xctl.t1)=0.5*1.62 rise=50
|let f_t1 = 48/(tt1b - tt1a)
|let retention_n2 = f_t1 / f_ideal2
|let retention_n4 = edge_retention
|
|meas tran vxo_avg AVG v(xo) from=100n to=800n
|meas tran vt1_avg AVG v(xctl.t1) from=100n to=800n
|let bias_xo = vxo_avg / 1.62
|let bias_t1 = vt1_avg / 1.62
|meas tran i1 AVG i(Vddr1) from=100n to=800n
|meas tran i2 AVG i(Vddr2) from=100n to=800n
|meas tran i3 AVG i(Vddr3) from=100n to=800n
|meas tran i4 AVG i(Vddr4) from=100n to=800n
|meas tran ib AVG i(Vdd) from=100n to=800n
|let i_rings = -(i1 + i2 + i3 + i4)
|let i_block = -ib
|let i_array_total = i_rings + i_block
|let p_array_total_pre = i_array_total * 1.62
|
|* --- headline ratios: same block, same corner, real inter-ring wiring
|* (plus real intra-cell parasitics) vs. pre-layout (no interconnect,
|* ideal devices only) ----------------------------------------------------
|let slowdown_r1 = p_tr1 / tr1
|let slowdown_r2 = p_tr2 / tr2
|let slowdown_r3 = p_tr3 / tr3
|let slowdown_r4 = p_tr4 / tr4
|
|print p_tr1
|print p_tr2
|print p_tr3
|print p_tr4
|print p_skew_span
|print p_f_ideal
|print p_f_xo
|print p_edge_retention
|print p_retention_n2
|print p_retention_n4
|print p_bias_t1
|print p_bias_xo
|print p_swing_frac_xo
|print p_i_rings
|print p_i_block
|print p_i_array_total
|print p_p_array_total
|print tr1
|print tr2
|print tr3
|print tr4
|print skew_span
|print f_ideal
|print f_xo
|print edge_retention
|print retention_n2
|print retention_n4
|print bias_t1
|print bias_xo
|print swing_frac_xo
|print i_rings
|print i_block
|print i_array_total
|print p_array_total_pre
|print slowdown_r1
|print slowdown_r2
|print slowdown_r3
|print slowdown_r4
|.endc
|.end
|

----- stdout -----

Note: Compatibility modes selected: hs a


Circuit: * post-layout ro_array_core: the whole entropy source (four non-identical

option SCALE: Scale is set to 1e-06 for instance and model parameters
option SCALE: Scale is set to 1e-06 for instance and model parameters
option SCALE: Scale is set to 1e-06 for instance and model parameters
option SCALE: Scale is set to 1e-06 for instance and model parameters
option SCALE: Scale is set to 1e-06 for instance and model parameters
Doing analysis at TEMP = -40.000000 and TNOM = 27.000000

Using SPARSE 1.3 as Direct Linear Solver
Operating point simulation skipped by 'uic',
  now using transient initial conditions.
 Reference value :  5.00000e-14
 Reference value :  4.02167e-10
 Reference value :  9.92167e-10
 Reference value :  1.67717e-09
 Reference value :  2.34717e-09
 Reference value :  3.01217e-09
 Reference value :  3.58717e-09
 Reference value :  4.15217e-09
 Reference value :  4.73717e-09
 Reference value :  5.32750e-09
 Reference value :  6.02750e-09
 Reference value :  6.68250e-09
 Reference value :  7.34250e-09
 Reference value :  7.98250e-09
 Reference value :  8.56750e-09
 Reference value :  9.14250e-09
 Reference value :  9.72750e-09
 Reference value :  1.02325e-08
 Reference value :  1.08675e-08
 Reference value :  1.14775e-08
 Reference value :  1.20025e-08
 Reference value :  1.25525e-08
 Reference value :  1.30625e-08
 Reference value :  1.36075e-08
 Reference value :  1.40975e-08
 Reference value :  1.45675e-08
 Reference value :  1.51075e-08
 Reference value :  1.56625e-08
 Reference value :  1.62125e-08
 Reference value :  1.67375e-08
 Reference value :  1.73275e-08
 Reference value :  1.78725e-08
 Reference value :  1.83725e-08
 Reference value :  1.88325e-08
 Reference value :  1.93675e-08
 Reference value :  1.98375e-08
 Reference value :  2.03775e-08
 Reference value :  2.08725e-08
 Reference value :  2.13875e-08
 Reference value :  2.18525e-08
 Reference value :  2.23425e-08
 Reference value :  2.28325e-08
 Reference value :  2.33575e-08
 Reference value :  2.38875e-08
 Reference value :  2.44075e-08
 Reference value :  2.49375e-08
 Reference value :  2.54525e-08
 Reference value :  2.59875e-08
 Reference value :  2.64925e-08
 Reference value :  2.70825e-08
 Reference value :  2.75675e-08
 Reference value :  2.81625e-08
 Reference value :  2.86475e-08
 Reference value :  2.91075e-08
 Reference value :  2.95875e-08
 Reference value :  3.00525e-08
 Reference value :  3.05725e-08
 Reference value :  3.10875e-08
 Reference value :  3.16325e-08
 Reference value :  3.20925e-08
 Reference value :  3.26025e-08
 Reference value :  3.31825e-08
 Reference value :  3.37625e-08
 Reference value :  3.43575e-08
 Reference value :  3.49175e-08
 Reference value :  3.54925e-08
 Reference value :  3.59575e-08
 Reference value :  3.64425e-08
 Reference value :  3.70175e-08
 Reference value :  3.75325e-08
 Reference value :  3.80675e-08
 Reference value :  3.85525e-08
 Reference value :  3.91375e-08
 Reference value :  3.96525e-08
 Reference value :  4.02875e-08
 Reference value :  4.08825e-08
 Reference value :  4.13925e-08
 Reference value :  4.18625e-08
 Reference value :  4.23675e-08
 Reference value :  4.28975e-08
 Reference value :  4.35075e-08
 Reference value :  4.41025e-08
 Reference value :  4.45975e-08
 Reference value :  4.51725e-08
 Reference value :  4.57375e-08
 Reference value :  4.63025e-08
 Reference value :  4.69625e-08
 Reference value :  4.75125e-08
 Reference value :  4.79875e-08
 Reference value :  4.84575e-08
 Reference value :  4.89425e-08
 Reference value :  4.95275e-08
 Reference value :  5.01725e-08
 Reference value :  5.06725e-08
 Reference value :  5.11925e-08
 Reference value :  5.17225e-08
 Reference value :  5.22425e-08
 Reference value :  5.28025e-08
 Reference value :  5.33425e-08
 Reference value :  5.39525e-08
 Reference value :  5.44775e-08
 Reference value :  5.49525e-08
 Reference value :  5.54375e-08
 Reference value :  5.60375e-08
 Reference value :  5.65475e-08
 Reference value :  5.71675e-08
 Reference value :  5.76925e-08
 Reference value :  5.82625e-08
 Reference value :  5.87975e-08
 Reference value :  5.93875e-08
 Reference value :  5.98925e-08
 Reference value :  6.04275e-08
 Reference value :  6.09425e-08
 Reference value :  6.14675e-08
 Reference value :  6.20225e-08
 Reference value :  6.25525e-08
 Reference value :  6.31175e-08
 Reference value :  6.36325e-08
 Reference value :  6.41575e-08
 Reference value :  6.46825e-08
 Reference value :  6.52525e-08
 Reference value :  6.58525e-08
 Reference value :  6.64575e-08
 Reference value :  6.71325e-08
 Reference value :  6.76675e-08
 Reference value :  6.82075e-08
 Reference value :  6.87725e-08
 Reference value :  6.93375e-08
 Reference value :  6.98775e-08
 Reference value :  7.05275e-08
 Reference value :  7.11225e-08
 Reference value :  7.16825e-08
 Reference value :  7.22475e-08
 Reference value :  7.27775e-08
 Reference value :  7.33175e-08
 Reference value :  7.39375e-08
 Reference value :  7.45925e-08
 Reference value :  7.51475e-08
 Reference value :  7.58325e-08
 Reference value :  7.65175e-08
 Reference value :  7.71275e-08
 Reference value :  7.76275e-08
 Reference value :  7.81275e-08
 Reference value :  7.87425e-08
 Reference value :  7.94275e-08
 Reference value :  8.00775e-08
 Reference value :  8.07175e-08
 Reference value :  8.12925e-08
 Reference value :  8.19175e-08
 Reference value :  8.25525e-08
 Reference value :  8.31925e-08
 Reference value :  8.37525e-08
 Reference value :  8.43325e-08
 Reference value :  8.48425e-08
 Reference value :  8.53375e-08
 Reference value :  8.59975e-08
 Reference value :  8.65925e-08
 Reference value :  8.71575e-08
 Reference value :  8.77125e-08
 Reference value :  8.83225e-08
 Reference value :  8.90075e-08
 Reference value :  8.96225e-08
 Reference value :  9.01875e-08
 Reference value :  9.07925e-08
 Reference value :  9.13425e-08
 Reference value :  9.19225e-08
 Reference value :  9.25075e-08
 Reference value :  9.30275e-08
 Reference value :  9.35675e-08
 Reference value :  9.41075e-08
 Reference value :  9.46325e-08
 Reference value :  9.51975e-08
 Reference value :  9.57375e-08
 Reference value :  9.62675e-08
 Reference value :  9.68025e-08
 Reference value :  9.73375e-08
 Reference value :  9.78425e-08
 Reference value :  9.83825e-08
 Reference value :  9.89625e-08
 Reference value :  9.95125e-08
 Reference value :  1.00048e-07
 Reference value :  1.00588e-07
 Reference value :  1.01093e-07
 Reference value :  1.01588e-07
 Reference value :  1.02093e-07
 Reference value :  1.02708e-07
 Reference value :  1.03263e-07
 Reference value :  1.03758e-07
 Reference value :  1.04288e-07
 Reference value :  1.04933e-07
 Reference value :  1.05503e-07
 Reference value :  1.06133e-07
 Reference value :  1.06648e-07
 Reference value :  1.07178e-07
 Reference value :  1.07723e-07
 Reference value :  1.08293e-07
 Reference value :  1.08878e-07
 Reference value :  1.09473e-07
 Reference value :  1.10038e-07
 Reference value :  1.10538e-07
 Reference value :  1.11088e-07
 Reference value :  1.11738e-07
 Reference value :  1.12328e-07
 Reference value :  1.12883e-07
 Reference value :  1.13393e-07
 Reference value :  1.13978e-07
 Reference value :  1.14533e-07
 Reference value :  1.15198e-07
 Reference value :  1.15743e-07
 Reference value :  1.16233e-07
 Reference value :  1.16718e-07
 Reference value :  1.17238e-07
 Reference value :  1.17823e-07
 Reference value :  1.18473e-07
 Reference value :  1.19043e-07
 Reference value :  1.19538e-07
 Reference value :  1.20108e-07
 Reference value :  1.20628e-07
 Reference value :  1.21288e-07
 Reference value :  1.21948e-07
 Reference value :  1.22453e-07
 Reference value :  1.22953e-07
 Reference value :  1.23463e-07
 Reference value :  1.24013e-07
 Reference value :  1.24638e-07
 Reference value :  1.25188e-07
 Reference value :  1.25798e-07
 Reference value :  1.26368e-07
 Reference value :  1.26928e-07
 Reference value :  1.27563e-07
 Reference value :  1.28103e-07
 Reference value :  1.28723e-07
 Reference value :  1.29238e-07
 Reference value :  1.29833e-07
 Reference value :  1.30368e-07
 Reference value :  1.30958e-07
 Reference value :  1.31498e-07
 Reference value :  1.32078e-07
 Reference value :  1.32603e-07
 Reference value :  1.33218e-07
 Reference value :  1.33788e-07
 Reference value :  1.34283e-07
 Reference value :  1.34838e-07
 Reference value :  1.35333e-07
 Reference value :  1.35858e-07
 Reference value :  1.36418e-07
 Reference value :  1.36963e-07
 Reference value :  1.37458e-07
 Reference value :  1.38008e-07
 Reference value :  1.38503e-07
 Reference value :  1.39003e-07
 Reference value :  1.39553e-07
 Reference value :  1.40108e-07
 Reference value :  1.40598e-07
 Reference value :  1.41128e-07
 Reference value :  1.41738e-07
 Reference value :  1.42313e-07
 Reference value :  1.42833e-07
 Reference value :  1.43348e-07
 Reference value :  1.43873e-07
 Reference value :  1.44378e-07
 Reference value :  1.44938e-07
 Reference value :  1.45493e-07
 Reference value :  1.45998e-07
 Reference value :  1.46543e-07
 Reference value :  1.47098e-07
 Reference value :  1.47733e-07
 Reference value :  1.48353e-07
 Reference value :  1.48908e-07
 Reference value :  1.49488e-07
 Reference value :  1.49993e-07
 Reference value :  1.50463e-07
 Reference value :  1.51008e-07
 Reference value :  1.51558e-07
 Reference value :  1.52068e-07
 Reference value :  1.52653e-07
 Reference value :  1.53208e-07
 Reference value :  1.53833e-07
 Reference value :  1.54488e-07
 Reference value :  1.55023e-07
 Reference value :  1.55498e-07
 Reference value :  1.55988e-07
 Reference value :  1.56468e-07
 Reference value :  1.56943e-07
 Reference value :  1.57433e-07
 Reference value :  1.58033e-07
 Reference value :  1.58678e-07
 Reference value :  1.59213e-07
 Reference value :  1.59728e-07
 Reference value :  1.60193e-07
 Reference value :  1.60733e-07
 Reference value :  1.61288e-07
 Reference value :  1.61813e-07
 Reference value :  1.62378e-07
 Reference value :  1.62883e-07
 Reference value :  1.63378e-07
 Reference value :  1.63893e-07
 Reference value :  1.64453e-07
 Reference value :  1.64978e-07
 Reference value :  1.65538e-07
 Reference value :  1.66088e-07
 Reference value :  1.66643e-07
 Reference value :  1.67173e-07
 Reference value :  1.67698e-07
 Reference value :  1.68228e-07
 Reference value :  1.68778e-07
 Reference value :  1.69283e-07
 Reference value :  1.69828e-07
 Reference value :  1.70403e-07
 Reference value :  1.70918e-07
 Reference value :  1.71458e-07
 Reference value :  1.71993e-07
 Reference value :  1.72508e-07
 Reference value :  1.73063e-07
 Reference value :  1.73618e-07
 Reference value :  1.74173e-07
 Reference value :  1.74728e-07
 Reference value :  1.75263e-07
 Reference value :  1.75783e-07
 Reference value :  1.76288e-07
 Reference value :  1.76828e-07
 Reference value :  1.77443e-07
 Reference value :  1.77978e-07
 Reference value :  1.78473e-07
 Reference value :  1.78998e-07
 Reference value :  1.79628e-07
 Reference value :  1.80193e-07
 Reference value :  1.80818e-07
 Reference value :  1.81363e-07
 Reference value :  1.81873e-07
 Reference value :  1.82348e-07
 Reference value :  1.82913e-07
 Reference value :  1.83468e-07
 Reference value :  1.84068e-07
 Reference value :  1.84578e-07
 Reference value :  1.85203e-07
 Reference value :  1.85718e-07
 Reference value :  1.86328e-07
 Reference value :  1.86933e-07
 Reference value :  1.87488e-07
 Reference value :  1.87973e-07
 Reference value :  1.88488e-07
 Reference value :  1.89073e-07
 Reference value :  1.89703e-07
 Reference value :  1.90298e-07
 Reference value :  1.90823e-07
 Reference value :  1.91303e-07
 Reference value :  1.91798e-07
 Reference value :  1.92343e-07
 Reference value :  1.93023e-07
 Reference value :  1.93573e-07
 Reference value :  1.94173e-07
 Reference value :  1.94723e-07
 Reference value :  1.95218e-07
 Reference value :  1.95788e-07
 Reference value :  1.96418e-07
 Reference value :  1.96993e-07
 Reference value :  1.97518e-07
 Reference value :  1.97993e-07
 Reference value :  1.98513e-07
 Reference value :  1.99118e-07
 Reference value :  1.99663e-07
 Reference value :  2.00248e-07
 Reference value :  2.00803e-07
 Reference value :  2.01438e-07
 Reference value :  2.02028e-07
 Reference value :  2.02598e-07
 Reference value :  2.03198e-07
 Reference value :  2.03763e-07
 Reference value :  2.04408e-07
 Reference value :  2.04983e-07
 Reference value :  2.05588e-07
 Reference value :  2.06163e-07
 Reference value :  2.06733e-07
 Reference value :  2.07273e-07
 Reference value :  2.07893e-07
 Reference value :  2.08463e-07
 Reference value :  2.09018e-07
 Reference value :  2.09558e-07
 Reference value :  2.10038e-07
 Reference value :  2.10578e-07
 Reference value :  2.11178e-07
 Reference value :  2.11738e-07
 Reference value :  2.12288e-07
 Reference value :  2.12863e-07
 Reference value :  2.13458e-07
 Reference value :  2.13953e-07
 Reference value :  2.14503e-07
 Reference value :  2.15023e-07
 Reference value :  2.15548e-07
 Reference value :  2.16103e-07
 Reference value :  2.16768e-07
 Reference value :  2.17278e-07
 Reference value :  2.17793e-07
 Reference value :  2.18323e-07
 Reference value :  2.18808e-07
 Reference value :  2.19383e-07
 Reference value :  2.20013e-07
 Reference value :  2.20608e-07
 Reference value :  2.21168e-07
 Reference value :  2.21783e-07
 Reference value :  2.22433e-07
 Reference value :  2.23043e-07
 Reference value :  2.23578e-07
 Reference value :  2.24138e-07
 Reference value :  2.24673e-07
 Reference value :  2.25333e-07
 Reference value :  2.25973e-07
 Reference value :  2.26473e-07
 Reference value :  2.26963e-07
 Reference value :  2.27488e-07
 Reference value :  2.28113e-07
 Reference value :  2.28803e-07
 Reference value :  2.29408e-07
 Reference value :  2.29933e-07
 Reference value :  2.30418e-07
 Reference value :  2.30938e-07
 Reference value :  2.31403e-07
 Reference value :  2.31868e-07
 Reference value :  2.32363e-07
 Reference value :  2.32918e-07
 Reference value :  2.33398e-07
 Reference value :  2.33973e-07
 Reference value :  2.34538e-07
 Reference value :  2.35193e-07
 Reference value :  2.35768e-07
 Reference value :  2.36283e-07
 Reference value :  2.36833e-07
 Reference value :  2.37363e-07
 Reference value :  2.37953e-07
 Reference value :  2.38518e-07
 Reference value :  2.39138e-07
 Reference value :  2.39678e-07
 Reference value :  2.40253e-07
 Reference value :  2.40778e-07
 Reference value :  2.41328e-07
 Reference value :  2.41853e-07
 Reference value :  2.42383e-07
 Reference value :  2.42923e-07
 Reference value :  2.43443e-07
 Reference value :  2.43948e-07
 Reference value :  2.44493e-07
 Reference value :  2.45123e-07
 Reference value :  2.45688e-07
 Reference value :  2.46233e-07
 Reference value :  2.46743e-07
 Reference value :  2.47228e-07
 Reference value :  2.47708e-07
 Reference value :  2.48243e-07
 Reference value :  2.48813e-07
 Reference value :  2.49363e-07
 Reference value :  2.49863e-07
 Reference value :  2.50383e-07
 Reference value :  2.50998e-07
 Reference value :  2.51603e-07
 Reference value :  2.52228e-07
 Reference value :  2.52733e-07
 Reference value :  2.53233e-07
 Reference value :  2.53798e-07
 Reference value :  2.54398e-07
 Reference value :  2.55028e-07
 Reference value :  2.55623e-07
 Reference value :  2.56163e-07
 Reference value :  2.56653e-07
 Reference value :  2.57218e-07
 Reference value :  2.57763e-07
 Reference value :  2.58323e-07
 Reference value :  2.58863e-07
 Reference value :  2.59368e-07
 Reference value :  2.59888e-07
 Reference value :  2.60423e-07
 Reference value :  2.60998e-07
 Reference value :  2.61618e-07
 Reference value :  2.62183e-07
 Reference value :  2.62668e-07
 Reference value :  2.63173e-07
 Reference value :  2.63688e-07
 Reference value :  2.64288e-07
 Reference value :  2.64848e-07
 Reference value :  2.65363e-07
 Reference value :  2.65873e-07
 Reference value :  2.66373e-07
 Reference value :  2.66903e-07
 Reference value :  2.67528e-07
 Reference value :  2.68088e-07
 Reference value :  2.68653e-07
 Reference value :  2.69213e-07
 Reference value :  2.69693e-07
 Reference value :  2.70228e-07
 Reference value :  2.70848e-07
 Reference value :  2.71398e-07
 Reference value :  2.71923e-07
 Reference value :  2.72483e-07
 Reference value :  2.73063e-07
 Reference value :  2.73643e-07
 Reference value :  2.74208e-07
 Reference value :  2.74783e-07
 Reference value :  2.75308e-07
 Reference value :  2.75953e-07
 Reference value :  2.76503e-07
 Reference value :  2.77063e-07
 Reference value :  2.77648e-07
 Reference value :  2.78228e-07
 Reference value :  2.78853e-07
 Reference value :  2.79433e-07
 Reference value :  2.80008e-07
 Reference value :  2.80568e-07
 Reference value :  2.81138e-07
 Reference value :  2.81668e-07
 Reference value :  2.82283e-07
 Reference value :  2.82838e-07
 Reference value :  2.83343e-07
 Reference value :  2.83858e-07
 Reference value :  2.84358e-07
 Reference value :  2.84833e-07
 Reference value :  2.85357e-07
 Reference value :  2.85917e-07
 Reference value :  2.86497e-07
 Reference value :  2.87037e-07
 Reference value :  2.87672e-07
 Reference value :  2.88272e-07
 Reference value :  2.88807e-07
 Reference value :  2.89342e-07
 Reference value :  2.89962e-07
 Reference value :  2.90622e-07
 Reference value :  2.91262e-07
 Reference value :  2.91802e-07
 Reference value :  2.92392e-07
 Reference value :  2.92972e-07
 Reference value :  2.93687e-07
 Reference value :  2.94347e-07
 Reference value :  2.94972e-07
 Reference value :  2.95522e-07
 Reference value :  2.96047e-07
 Reference value :  2.96602e-07
 Reference value :  2.97207e-07
 Reference value :  2.97762e-07
 Reference value :  2.98272e-07
 Reference value :  2.98777e-07
 Reference value :  2.99287e-07
 Reference value :  2.99777e-07
 Reference value :  3.00402e-07
 Reference value :  3.00927e-07
 Reference value :  3.01422e-07
 Reference value :  3.01892e-07
 Reference value :  3.02387e-07
 Reference value :  3.03022e-07
 Reference value :  3.03662e-07
 Reference value :  3.04242e-07
 Reference value :  3.04732e-07
 Reference value :  3.05242e-07
 Reference value :  3.05757e-07
 Reference value :  3.06272e-07
 Reference value :  3.06867e-07
 Reference value :  3.07452e-07
 Reference value :  3.07942e-07
 Reference value :  3.08507e-07
 Reference value :  3.09012e-07
 Reference value :  3.09507e-07
 Reference value :  3.10277e-07
 Reference value :  3.10817e-07
 Reference value :  3.11347e-07
 Reference value :  3.11897e-07
 Reference value :  3.12457e-07
 Reference value :  3.13007e-07
 Reference value :  3.13552e-07
 Reference value :  3.14097e-07
 Reference value :  3.14702e-07
 Reference value :  3.15242e-07
 Reference value :  3.15777e-07
 Reference value :  3.16302e-07
 Reference value :  3.16847e-07
 Reference value :  3.17382e-07
 Reference value :  3.17942e-07
 Reference value :  3.18502e-07
 Reference value :  3.19017e-07
 Reference value :  3.19627e-07
 Reference value :  3.20197e-07
 Reference value :  3.20782e-07
 Reference value :  3.21307e-07
 Reference value :  3.21797e-07
 Reference value :  3.22287e-07
 Reference value :  3.22847e-07
 Reference value :  3.23447e-07
 Reference value :  3.24022e-07
 Reference value :  3.24562e-07
 Reference value :  3.25072e-07
 Reference value :  3.25692e-07
 Reference value :  3.26257e-07
 Reference value :  3.26847e-07
 Reference value :  3.27357e-07
 Reference value :  3.27847e-07
 Reference value :  3.28312e-07
 Reference value :  3.28862e-07
 Reference value :  3.29422e-07
 Reference value :  3.30047e-07
 Reference value :  3.30527e-07
 Reference value :  3.31087e-07
 Reference value :  3.31637e-07
 Reference value :  3.32167e-07
 Reference value :  3.32757e-07
 Reference value :  3.33352e-07
 Reference value :  3.33847e-07
 Reference value :  3.34362e-07
 Reference value :  3.34897e-07
 Reference value :  3.35492e-07
 Reference value :  3.36087e-07
 Reference value :  3.36712e-07
 Reference value :  3.37247e-07
 Reference value :  3.37807e-07
 Reference value :  3.38287e-07
 Reference value :  3.38897e-07
 Reference value :  3.39482e-07
 Reference value :  3.40057e-07
 Reference value :  3.40637e-07
 Reference value :  3.41112e-07
 Reference value :  3.41702e-07
 Reference value :  3.42347e-07
 Reference value :  3.42882e-07
 Reference value :  3.43517e-07
 Reference value :  3.44092e-07
 Reference value :  3.44652e-07
 Reference value :  3.45227e-07
 Reference value :  3.45787e-07
 Reference value :  3.46347e-07
 Reference value :  3.46837e-07
 Reference value :  3.47307e-07
 Reference value :  3.47787e-07
 Reference value :  3.48357e-07
 Reference value :  3.48882e-07
 Reference value :  3.49457e-07
 Reference value :  3.49997e-07
 Reference value :  3.50637e-07
 Reference value :  3.51192e-07
 Reference value :  3.51702e-07
 Reference value :  3.52247e-07
 Reference value :  3.52797e-07
 Reference value :  3.53392e-07
 Reference value :  3.54002e-07
 Reference value :  3.54542e-07
 Reference value :  3.55097e-07
 Reference value :  3.55622e-07
 Reference value :  3.56167e-07
 Reference value :  3.56742e-07
 Reference value :  3.57322e-07
 Reference value :  3.57807e-07
 Reference value :  3.58317e-07
 Reference value :  3.58822e-07
 Reference value :  3.59297e-07
 Reference value :  3.59822e-07
 Reference value :  3.60377e-07
 Reference value :  3.60882e-07
 Reference value :  3.61377e-07
 Reference value :  3.61917e-07
 Reference value :  3.62552e-07
 Reference value :  3.63067e-07
 Reference value :  3.63582e-07
 Reference value :  3.64162e-07
 Reference value :  3.64747e-07
 Reference value :  3.65337e-07
 Reference value :  3.65962e-07
 Reference value :  3.66502e-07
 Reference value :  3.67077e-07
 Reference value :  3.67597e-07
 Reference value :  3.68132e-07
 Reference value :  3.68737e-07
 Reference value :  3.69317e-07
 Reference value :  3.69847e-07
 Reference value :  3.70407e-07
 Reference value :  3.70897e-07
 Reference value :  3.71367e-07
 Reference value :  3.71922e-07
 Reference value :  3.72467e-07
 Reference value :  3.73022e-07
 Reference value :  3.73557e-07
 Reference value :  3.74107e-07
 Reference value :  3.74667e-07
 Reference value :  3.75267e-07
 Reference value :  3.75847e-07
 Reference value :  3.76422e-07
 Reference value :  3.76927e-07
 Reference value :  3.77412e-07
 Reference value :  3.77877e-07
 Reference value :  3.78457e-07
 Reference value :  3.79012e-07
 Reference value :  3.79567e-07
 Reference value :  3.80102e-07
 Reference value :  3.80707e-07
 Reference value :  3.81342e-07
 Reference value :  3.81892e-07
 Reference value :  3.82377e-07
 Reference value :  3.82912e-07
 Reference value :  3.83442e-07
 Reference value :  3.84007e-07
 Reference value :  3.84622e-07
 Reference value :  3.85202e-07
 Reference value :  3.85767e-07
 Reference value :  3.86347e-07
 Reference value :  3.86867e-07
 Reference value :  3.87412e-07
 Reference value :  3.87927e-07
 Reference value :  3.88482e-07
 Reference value :  3.89027e-07
 Reference value :  3.89572e-07
 Reference value :  3.90087e-07
 Reference value :  3.90607e-07
 Reference value :  3.91177e-07
 Reference value :  3.91717e-07
 Reference value :  3.92252e-07
 Reference value :  3.92772e-07
 Reference value :  3.93262e-07
 Reference value :  3.93747e-07
 Reference value :  3.94282e-07
 Reference value :  3.94817e-07
 Reference value :  3.95372e-07
 Reference value :  3.95902e-07
 Reference value :  3.96392e-07
 Reference value :  3.96977e-07
 Reference value :  3.97537e-07
 Reference value :  3.98147e-07
 Reference value :  3.98707e-07
 Reference value :  3.99222e-07
 Reference value :  3.99722e-07
 Reference value :  4.00297e-07
 Reference value :  4.00907e-07
 Reference value :  4.01542e-07
 Reference value :  4.02032e-07
 Reference value :  4.02557e-07
 Reference value :  4.03057e-07
 Reference value :  4.03582e-07
 Reference value :  4.04177e-07
 Reference value :  4.04782e-07
 Reference value :  4.05292e-07
 Reference value :  4.05777e-07
 Reference value :  4.06262e-07
 Reference value :  4.06802e-07
 Reference value :  4.07352e-07
 Reference value :  4.07987e-07
 Reference value :  4.08492e-07
 Reference value :  4.09012e-07
 Reference value :  4.09547e-07
 Reference value :  4.10057e-07
 Reference value :  4.10652e-07
 Reference value :  4.11247e-07
 Reference value :  4.11782e-07
 Reference value :  4.12352e-07
 Reference value :  4.12832e-07
 Reference value :  4.13372e-07
 Reference value :  4.13942e-07
 Reference value :  4.14427e-07
 Reference value :  4.15032e-07
 Reference value :  4.15537e-07
 Reference value :  4.16027e-07
 Reference value :  4.16627e-07
 Reference value :  4.17242e-07
 Reference value :  4.17802e-07
 Reference value :  4.18342e-07
 Reference value :  4.18832e-07
 Reference value :  4.19362e-07
 Reference value :  4.20022e-07
 Reference value :  4.20547e-07
 Reference value :  4.21152e-07
 Reference value :  4.21632e-07
 Reference value :  4.22127e-07
 Reference value :  4.22712e-07
 Reference value :  4.23272e-07
 Reference value :  4.23807e-07
 Reference value :  4.24362e-07
 Reference value :  4.24852e-07
 Reference value :  4.25422e-07
 Reference value :  4.25997e-07
 Reference value :  4.26522e-07
 Reference value :  4.27082e-07
 Reference value :  4.27617e-07
 Reference value :  4.28087e-07
 Reference value :  4.28582e-07
 Reference value :  4.29117e-07
 Reference value :  4.29637e-07
 Reference value :  4.30152e-07
 Reference value :  4.30732e-07
 Reference value :  4.31267e-07
 Reference value :  4.31862e-07
 Reference value :  4.32377e-07
 Reference value :  4.32867e-07
 Reference value :  4.33382e-07
 Reference value :  4.34017e-07
 Reference value :  4.34537e-07
 Reference value :  4.35077e-07
 Reference value :  4.35622e-07
 Reference value :  4.36187e-07
 Reference value :  4.36782e-07
 Reference value :  4.37382e-07
 Reference value :  4.37887e-07
 Reference value :  4.38507e-07
 Reference value :  4.39057e-07
 Reference value :  4.39697e-07
 Reference value :  4.40327e-07
 Reference value :  4.40922e-07
 Reference value :  4.41502e-07
 Reference value :  4.42052e-07
 Reference value :  4.42562e-07
 Reference value :  4.43112e-07
 Reference value :  4.43707e-07
 Reference value :  4.44207e-07
 Reference value :  4.44757e-07
 Reference value :  4.45267e-07
 Reference value :  4.45772e-07
 Reference value :  4.46257e-07
 Reference value :  4.46817e-07
 Reference value :  4.47352e-07
 Reference value :  4.47867e-07
 Reference value :  4.48372e-07
 Reference value :  4.48882e-07
 Reference value :  4.49357e-07
 Reference value :  4.49892e-07
 Reference value :  4.50417e-07
 Reference value :  4.50927e-07
 Reference value :  4.51452e-07
 Reference value :  4.52042e-07
 Reference value :  4.52732e-07
 Reference value :  4.53322e-07
 Reference value :  4.53847e-07
 Reference value :  4.54417e-07
 Reference value :  4.54947e-07
 Reference value :  4.55457e-07
 Reference value :  4.56057e-07
 Reference value :  4.56677e-07
 Reference value :  4.57197e-07
 Reference value :  4.57807e-07
 Reference value :  4.58307e-07
 Reference value :  4.58797e-07
 Reference value :  4.59292e-07
 Reference value :  4.59872e-07
 Reference value :  4.60417e-07
 Reference value :  4.61012e-07
 Reference value :  4.61507e-07
 Reference value :  4.62072e-07
 Reference value :  4.62722e-07
 Reference value :  4.63262e-07
 Reference value :  4.63852e-07
 Reference value :  4.64357e-07
 Reference value :  4.64872e-07
 Reference value :  4.65362e-07
 Reference value :  4.65892e-07
 Reference value :  4.66472e-07
 Reference value :  4.67017e-07
 Reference value :  4.67592e-07
 Reference value :  4.68107e-07
 Reference value :  4.68652e-07
 Reference value :  4.69292e-07
 Reference value :  4.69917e-07
 Reference value :  4.70427e-07
 Reference value :  4.70942e-07
 Reference value :  4.71547e-07
 Reference value :  4.72102e-07
 Reference value :  4.72782e-07
 Reference value :  4.73337e-07
 Reference value :  4.73832e-07
 Reference value :  4.74317e-07
 Reference value :  4.74837e-07
 Reference value :  4.75387e-07
 Reference value :  4.76082e-07
 Reference value :  4.76612e-07
 Reference value :  4.77147e-07
 Reference value :  4.77697e-07
 Reference value :  4.78222e-07
 Reference value :  4.78842e-07
 Reference value :  4.79467e-07
 Reference value :  4.79947e-07
 Reference value :  4.80412e-07
 Reference value :  4.80902e-07
 Reference value :  4.81442e-07
 Reference value :  4.82007e-07
 Reference value :  4.82642e-07
 Reference value :  4.83152e-07
 Reference value :  4.83742e-07
 Reference value :  4.84232e-07
 Reference value :  4.84742e-07
 Reference value :  4.85322e-07
 Reference value :  4.85922e-07
 Reference value :  4.86577e-07
 Reference value :  4.87137e-07
 Reference value :  4.87667e-07
 Reference value :  4.88302e-07
 Reference value :  4.88857e-07
 Reference value :  4.89437e-07
 Reference value :  4.89992e-07
 Reference value :  4.90577e-07
 Reference value :  4.91147e-07
 Reference value :  4.91737e-07
 Reference value :  4.92262e-07
 Reference value :  4.92792e-07
 Reference value :  4.93272e-07
 Reference value :  4.93757e-07
 Reference value :  4.94292e-07
 Reference value :  4.94877e-07
 Reference value :  4.95407e-07
 Reference value :  4.95917e-07
 Reference value :  4.96397e-07
 Reference value :  4.96897e-07
 Reference value :  4.97462e-07
 Reference value :  4.97982e-07
 Reference value :  4.98527e-07
 Reference value :  4.99092e-07
 Reference value :  4.99622e-07
 Reference value :  5.00207e-07
 Reference value :  5.00797e-07
 Reference value :  5.01387e-07
 Reference value :  5.01902e-07
 Reference value :  5.02432e-07
 Reference value :  5.02897e-07
 Reference value :  5.03402e-07
 Reference value :  5.03952e-07
 Reference value :  5.04522e-07
 Reference value :  5.05052e-07
 Reference value :  5.05627e-07
 Reference value :  5.06237e-07
 Reference value :  5.06732e-07
 Reference value :  5.07212e-07
 Reference value :  5.07687e-07
 Reference value :  5.08292e-07
 Reference value :  5.08872e-07
 Reference value :  5.09397e-07
 Reference value :  5.09957e-07
 Reference value :  5.10552e-07
 Reference value :  5.11137e-07
 Reference value :  5.11767e-07
 Reference value :  5.12292e-07
 Reference value :  5.12872e-07
 Reference value :  5.13417e-07
 Reference value :  5.13917e-07
 Reference value :  5.14487e-07
 Reference value :  5.15122e-07
 Reference value :  5.15672e-07
 Reference value :  5.16257e-07
 Reference value :  5.16782e-07
 Reference value :  5.17287e-07
 Reference value :  5.17817e-07
 Reference value :  5.18432e-07
 Reference value :  5.18952e-07
 Reference value :  5.19492e-07
 Reference value :  5.20007e-07
 Reference value :  5.20487e-07
 Reference value :  5.21007e-07
 Reference value :  5.21552e-07
 Reference value :  5.22102e-07
 Reference value :  5.22582e-07
 Reference value :  5.23087e-07
 Reference value :  5.23687e-07
 Reference value :  5.24362e-07
 Reference value :  5.24892e-07
 Reference value :  5.25387e-07
 Reference value :  5.25907e-07
 Reference value :  5.26407e-07
 Reference value :  5.26887e-07
 Reference value :  5.27497e-07
 Reference value :  5.28032e-07
 Reference value :  5.28527e-07
 Reference value :  5.29072e-07
 Reference value :  5.29582e-07
 Reference value :  5.30107e-07
 Reference value :  5.30672e-07
 Reference value :  5.31257e-07
 Reference value :  5.31782e-07
 Reference value :  5.32387e-07
 Reference value :  5.32897e-07
 Reference value :  5.33402e-07
 Reference value :  5.33897e-07
 Reference value :  5.34447e-07
 Reference value :  5.34957e-07
 Reference value :  5.35527e-07
 Reference value :  5.36042e-07
 Reference value :  5.36587e-07
 Reference value :  5.37217e-07
 Reference value :  5.37772e-07
 Reference value :  5.38367e-07
 Reference value :  5.38932e-07
 Reference value :  5.39457e-07
 Reference value :  5.39922e-07
 Reference value :  5.40442e-07
 Reference value :  5.41007e-07
 Reference value :  5.41602e-07
 Reference value :  5.42112e-07
 Reference value :  5.42612e-07
 Reference value :  5.43227e-07
 Reference value :  5.43852e-07
 Reference value :  5.44447e-07
 Reference value :  5.44982e-07
 Reference value :  5.45517e-07
 Reference value :  5.45982e-07
 Reference value :  5.46472e-07
 Reference value :  5.47007e-07
 Reference value :  5.47647e-07
 Reference value :  5.48152e-07
 Reference value :  5.48687e-07
 Reference value :  5.49217e-07
 Reference value :  5.49742e-07
 Reference value :  5.50337e-07
 Reference value :  5.50922e-07
 Reference value :  5.51432e-07
 Reference value :  5.51912e-07
 Reference value :  5.52397e-07
 Reference value :  5.52927e-07
 Reference value :  5.53567e-07
 Reference value :  5.54157e-07
 Reference value :  5.54647e-07
 Reference value :  5.55122e-07
 Reference value :  5.55647e-07
 Reference value :  5.56152e-07
 Reference value :  5.56747e-07
 Reference value :  5.57352e-07
 Reference value :  5.57937e-07
 Reference value :  5.58487e-07
 Reference value :  5.58992e-07
 Reference value :  5.59542e-07
 Reference value :  5.60137e-07
 Reference value :  5.60652e-07
 Reference value :  5.61242e-07
 Reference value :  5.61727e-07
 Reference value :  5.62207e-07
 Reference value :  5.62827e-07
 Reference value :  5.63412e-07
 Reference value :  5.63972e-07
 Reference value :  5.64507e-07
 Reference value :  5.64987e-07
 Reference value :  5.65487e-07
 Reference value :  5.66102e-07
 Reference value :  5.66642e-07
 Reference value :  5.67207e-07
 Reference value :  5.67677e-07
 Reference value :  5.68147e-07
 Reference value :  5.68687e-07
 Reference value :  5.69237e-07
 Reference value :  5.69712e-07
 Reference value :  5.70247e-07
 Reference value :  5.70737e-07
 Reference value :  5.71212e-07
 Reference value :  5.71757e-07
 Reference value :  5.72317e-07
 Reference value :  5.72892e-07
 Reference value :  5.73402e-07
 Reference value :  5.73922e-07
 Reference value :  5.74382e-07
 Reference value :  5.74892e-07
 Reference value :  5.75447e-07
 Reference value :  5.76007e-07
 Reference value :  5.76512e-07
 Reference value :  5.77097e-07
 Reference value :  5.77752e-07
 Reference value :  5.78277e-07
 Reference value :  5.78837e-07
 Reference value :  5.79387e-07
 Reference value :  5.80012e-07
 Reference value :  5.80552e-07
 Reference value :  5.81177e-07
 Reference value :  5.81742e-07
 Reference value :  5.82212e-07
 Reference value :  5.82812e-07
 Reference value :  5.83437e-07
 Reference value :  5.83962e-07
 Reference value :  5.84572e-07
 Reference value :  5.85132e-07
 Reference value :  5.85722e-07
 Reference value :  5.86297e-07
 Reference value :  5.86857e-07
 Reference value :  5.87437e-07
 Reference value :  5.88047e-07
 Reference value :  5.88577e-07
 Reference value :  5.89137e-07
 Reference value :  5.89792e-07
 Reference value :  5.90302e-07
 Reference value :  5.90872e-07
 Reference value :  5.91402e-07
 Reference value :  5.91922e-07
 Reference value :  5.92452e-07
 Reference value :  5.93062e-07
 Reference value :  5.93602e-07
 Reference value :  5.94142e-07
 Reference value :  5.94697e-07
 Reference value :  5.95342e-07
 Reference value :  5.95922e-07
 Reference value :  5.96457e-07
 Reference value :  5.96957e-07
 Reference value :  5.97477e-07
 Reference value :  5.98007e-07
 Reference value :  5.98672e-07
 Reference value :  5.99217e-07
 Reference value :  5.99737e-07
 Reference value :  6.00287e-07
 Reference value :  6.00783e-07
 Reference value :  6.01273e-07
 Reference value :  6.01738e-07
 Reference value :  6.02288e-07
 Reference value :  6.02868e-07
 Reference value :  6.03383e-07
 Reference value :  6.03953e-07
 Reference value :  6.04503e-07
 Reference value :  6.05108e-07
 Reference value :  6.05618e-07
 Reference value :  6.06143e-07
 Reference value :  6.06748e-07
 Reference value :  6.07298e-07
 Reference value :  6.07923e-07
 Reference value :  6.08523e-07
 Reference value :  6.09078e-07
 Reference value :  6.09628e-07
 Reference value :  6.10213e-07
 Reference value :  6.10733e-07
 Reference value :  6.11268e-07
 Reference value :  6.11793e-07
 Reference value :  6.12358e-07
 Reference value :  6.12903e-07
 Reference value :  6.13473e-07
 Reference value :  6.13988e-07
 Reference value :  6.14488e-07
 Reference value :  6.15103e-07
 Reference value :  6.15758e-07
 Reference value :  6.16313e-07
 Reference value :  6.16858e-07
 Reference value :  6.17423e-07
 Reference value :  6.18003e-07
 Reference value :  6.18643e-07
 Reference value :  6.19293e-07
 Reference value :  6.19833e-07
 Reference value :  6.20333e-07
 Reference value :  6.20863e-07
 Reference value :  6.21383e-07
 Reference value :  6.21958e-07
 Reference value :  6.22543e-07
 Reference value :  6.23068e-07
 Reference value :  6.23533e-07
 Reference value :  6.24038e-07
 Reference value :  6.24548e-07
 Reference value :  6.25148e-07
 Reference value :  6.25713e-07
 Reference value :  6.26193e-07
 Reference value :  6.26768e-07
 Reference value :  6.27283e-07
 Reference value :  6.27848e-07
 Reference value :  6.28458e-07
 Reference value :  6.29028e-07
 Reference value :  6.29518e-07
 Reference value :  6.30028e-07
 Reference value :  6.30613e-07
 Reference value :  6.31158e-07
 Reference value :  6.31793e-07
 Reference value :  6.32288e-07
 Reference value :  6.32893e-07
 Reference value :  6.33393e-07
 Reference value :  6.33973e-07
 Reference value :  6.34553e-07
 Reference value :  6.35118e-07
 Reference value :  6.35683e-07
 Reference value :  6.36238e-07
 Reference value :  6.36778e-07
 Reference value :  6.37378e-07
 Reference value :  6.37953e-07
 Reference value :  6.38508e-07
 Reference value :  6.39023e-07
 Reference value :  6.39528e-07
 Reference value :  6.40013e-07
 Reference value :  6.40628e-07
 Reference value :  6.41163e-07
 Reference value :  6.41723e-07
 Reference value :  6.42218e-07
 Reference value :  6.42703e-07
 Reference value :  6.43218e-07
 Reference value :  6.43773e-07
 Reference value :  6.44273e-07
 Reference value :  6.44798e-07
 Reference value :  6.45308e-07
 Reference value :  6.45843e-07
 Reference value :  6.46423e-07
 Reference value :  6.46993e-07
 Reference value :  6.47473e-07
 Reference value :  6.48018e-07
 Reference value :  6.48553e-07
 Reference value :  6.49088e-07
 Reference value :  6.49648e-07
 Reference value :  6.50193e-07
 Reference value :  6.50753e-07
 Reference value :  6.51353e-07
 Reference value :  6.51973e-07
 Reference value :  6.52638e-07
 Reference value :  6.53153e-07
 Reference value :  6.53668e-07
 Reference value :  6.54298e-07
 Reference value :  6.54883e-07
 Reference value :  6.55498e-07
 Reference value :  6.56088e-07
 Reference value :  6.56688e-07
 Reference value :  6.57308e-07
 Reference value :  6.58303e-07
 Reference value :  6.59043e-07
 Reference value :  6.59608e-07
 Reference value :  6.60213e-07
 Reference value :  6.60943e-07
 Reference value :  6.61523e-07
 Reference value :  6.62038e-07
 Reference value :  6.62623e-07
 Reference value :  6.63263e-07
 Reference value :  6.63768e-07
 Reference value :  6.64408e-07
 Reference value :  6.65033e-07
 Reference value :  6.65603e-07
 Reference value :  6.66138e-07
 Reference value :  6.66753e-07
 Reference value :  6.67263e-07
 Reference value :  6.67838e-07
 Reference value :  6.68443e-07
 Reference value :  6.68973e-07
 Reference value :  6.69543e-07
 Reference value :  6.70223e-07
 Reference value :  6.70813e-07
 Reference value :  6.71523e-07
 Reference value :  6.72023e-07
 Reference value :  6.72558e-07
 Reference value :  6.73213e-07
 Reference value :  6.73938e-07
 Reference value :  6.74488e-07
 Reference value :  6.74998e-07
 Reference value :  6.75523e-07
 Reference value :  6.76228e-07
 Reference value :  6.76738e-07
 Reference value :  6.77378e-07
 Reference value :  6.77888e-07
 Reference value :  6.78633e-07
 Reference value :  6.79138e-07
 Reference value :  6.79623e-07
 Reference value :  6.80138e-07
 Reference value :  6.80803e-07
 Reference value :  6.81323e-07
 Reference value :  6.81903e-07
 Reference value :  6.82533e-07
 Reference value :  6.83158e-07
 Reference value :  6.83763e-07
 Reference value :  6.84413e-07
 Reference value :  6.85088e-07
 Reference value :  6.85743e-07
 Reference value :  6.86223e-07
 Reference value :  6.86933e-07
 Reference value :  6.87573e-07
 Reference value :  6.88188e-07
 Reference value :  6.88703e-07
 Reference value :  6.89423e-07
 Reference value :  6.90058e-07
 Reference value :  6.90823e-07
 Reference value :  6.91353e-07
 Reference value :  6.91953e-07
 Reference value :  6.92453e-07
 Reference value :  6.93033e-07
 Reference value :  6.93683e-07
 Reference value :  6.94223e-07
 Reference value :  6.94763e-07
 Reference value :  6.95478e-07
 Reference value :  6.95983e-07
 Reference value :  6.96578e-07
 Reference value :  6.97223e-07
 Reference value :  6.97793e-07
 Reference value :  6.98293e-07
 Reference value :  6.98803e-07
 Reference value :  6.99313e-07
 Reference value :  7.00048e-07
 Reference value :  7.00583e-07
 Reference value :  7.01083e-07
 Reference value :  7.01663e-07
 Reference value :  7.02223e-07
 Reference value :  7.02923e-07
 Reference value :  7.03503e-07
 Reference value :  7.04153e-07
 Reference value :  7.04808e-07
 Reference value :  7.05448e-07
 Reference value :  7.06138e-07
 Reference value :  7.06728e-07
 Reference value :  7.07413e-07
 Reference value :  7.07988e-07
 Reference value :  7.08613e-07
 Reference value :  7.09333e-07
 Reference value :  7.09858e-07
 Reference value :  7.10528e-07
 Reference value :  7.11003e-07
 Reference value :  7.11473e-07
 Reference value :  7.12108e-07
 Reference value :  7.12803e-07
 Reference value :  7.13348e-07
 Reference value :  7.13978e-07
 Reference value :  7.14448e-07
 Reference value :  7.15238e-07
 Reference value :  7.15798e-07
 Reference value :  7.16383e-07
 Reference value :  7.16883e-07
 Reference value :  7.17453e-07
 Reference value :  7.18088e-07
 Reference value :  7.18678e-07
 Reference value :  7.19308e-07
 Reference value :  7.19863e-07
 Reference value :  7.20453e-07
 Reference value :  7.21113e-07
 Reference value :  7.21828e-07
 Reference value :  7.22358e-07
 Reference value :  7.23033e-07
 Reference value :  7.23668e-07
 Reference value :  7.24258e-07
 Reference value :  7.24818e-07
 Reference value :  7.25453e-07
 Reference value :  7.26138e-07
 Reference value :  7.26773e-07
 Reference value :  7.27438e-07
 Reference value :  7.28003e-07
 Reference value :  7.28763e-07
 Reference value :  7.29413e-07
 Reference value :  7.30033e-07
 Reference value :  7.30803e-07
 Reference value :  7.31383e-07
 Reference value :  7.31963e-07
 Reference value :  7.32633e-07
 Reference value :  7.33248e-07
 Reference value :  7.33803e-07
 Reference value :  7.34323e-07
 Reference value :  7.34848e-07
 Reference value :  7.35503e-07
 Reference value :  7.36143e-07
 Reference value :  7.36678e-07
 Reference value :  7.37238e-07
 Reference value :  7.37773e-07
 Reference value :  7.38418e-07
 Reference value :  7.39053e-07
 Reference value :  7.39628e-07
 Reference value :  7.40323e-07
 Reference value :  7.41258e-07
 Reference value :  7.41963e-07
 Reference value :  7.42793e-07
 Reference value :  7.43393e-07
 Reference value :  7.43943e-07
 Reference value :  7.44438e-07
 Reference value :  7.44943e-07
 Reference value :  7.45473e-07
 Reference value :  7.46028e-07
 Reference value :  7.46538e-07
 Reference value :  7.47073e-07
 Reference value :  7.47583e-07
 Reference value :  7.48193e-07
 Reference value :  7.48818e-07
 Reference value :  7.49318e-07
 Reference value :  7.49858e-07
 Reference value :  7.50378e-07
 Reference value :  7.50983e-07
 Reference value :  7.51493e-07
 Reference value :  7.51998e-07
 Reference value :  7.52488e-07
 Reference value :  7.53088e-07
 Reference value :  7.53638e-07
 Reference value :  7.54233e-07
 Reference value :  7.54873e-07
 Reference value :  7.55463e-07
 Reference value :  7.56118e-07
 Reference value :  7.56698e-07
 Reference value :  7.57258e-07
 Reference value :  7.57728e-07
 Reference value :  7.58238e-07
 Reference value :  7.58793e-07
 Reference value :  7.59443e-07
 Reference value :  7.59968e-07
 Reference value :  7.60543e-07
 Reference value :  7.61178e-07
 Reference value :  7.61843e-07
 Reference value :  7.62518e-07
 Reference value :  7.63078e-07
 Reference value :  7.63628e-07
 Reference value :  7.64233e-07
 Reference value :  7.64698e-07
 Reference value :  7.65343e-07
 Reference value :  7.65923e-07
 Reference value :  7.66443e-07
 Reference value :  7.67018e-07
 Reference value :  7.67523e-07
 Reference value :  7.68178e-07
 Reference value :  7.68788e-07
 Reference value :  7.69363e-07
 Reference value :  7.69903e-07
 Reference value :  7.70463e-07
 Reference value :  7.71048e-07
 Reference value :  7.71743e-07
 Reference value :  7.72243e-07
 Reference value :  7.72698e-07
 Reference value :  7.73233e-07
 Reference value :  7.73808e-07
 Reference value :  7.74403e-07
 Reference value :  7.74983e-07
 Reference value :  7.75508e-07
 Reference value :  7.76083e-07
 Reference value :  7.76763e-07
 Reference value :  7.77503e-07
 Reference value :  7.78063e-07
 Reference value :  7.78628e-07
 Reference value :  7.79203e-07
 Reference value :  7.79738e-07
 Reference value :  7.80293e-07
 Reference value :  7.80873e-07
 Reference value :  7.81368e-07
 Reference value :  7.81963e-07
 Reference value :  7.82483e-07
 Reference value :  7.83023e-07
 Reference value :  7.83668e-07
 Reference value :  7.84213e-07
 Reference value :  7.84723e-07
 Reference value :  7.85198e-07
 Reference value :  7.85658e-07
 Reference value :  7.86088e-07
 Reference value :  7.86853e-07
 Reference value :  7.87338e-07
 Reference value :  7.87823e-07
 Reference value :  7.88303e-07
 Reference value :  7.88768e-07
 Reference value :  7.89298e-07
 Reference value :  7.89863e-07
 Reference value :  7.90408e-07
 Reference value :  7.90948e-07
 Reference value :  7.91438e-07
 Reference value :  7.91978e-07
 Reference value :  7.92538e-07
 Reference value :  7.93078e-07
 Reference value :  7.93708e-07
 Reference value :  7.94268e-07
 Reference value :  7.94838e-07
 Reference value :  7.95553e-07
 Reference value :  7.96103e-07
 Reference value :  7.96743e-07
 Reference value :  7.97343e-07
 Reference value :  7.97918e-07
 Reference value :  7.98583e-07
 Reference value :  7.99148e-07
 Reference value :  7.99748e-07
No. of Data Rows : 160024
pt1a                =  1.60694e-08
pt1b                =  9.23713e-08
pt2a                =  1.57132e-08
pt2b                =  8.94685e-08
pt3a                =  1.54747e-08
pt3b                =  8.69534e-08
pt4a                =  1.52884e-08
pt4b                =  8.52093e-08
pvxo_max            =  1.70334e+00 at=  5.93392e-07
pvxo_min            =  -9.83607e-02 at=  5.46797e-07
ptxo_a              =  2.37208e-08
ptxo_b              =  1.30222e-07
ptt1a               =  2.34917e-08
ptt1b               =  2.44673e-07
pvxo_avg            =  8.00558e-01 from=  1.00000e-07 to=  8.00000e-07
pvt1_avg            =  7.38363e-01 from=  1.00000e-07 to=  8.00000e-07
pi1                 =  -6.78415e-06 from=  1.00000e-07 to=  8.00000e-07
pi2                 =  -7.00000e-06 from=  1.00000e-07 to=  8.00000e-07
pi3                 =  -7.20085e-06 from=  1.00000e-07 to=  8.00000e-07
pi4                 =  -7.38971e-06 from=  1.00000e-07 to=  8.00000e-07
pib                 =  -5.11172e-05 from=  1.00000e-07 to=  8.00000e-07
t1a                 =  1.35212e-08
t1b                 =  4.74710e-08
t2a                 =  1.31758e-08
t2b                 =  4.56373e-08
t3a                 =  1.28374e-08
t3b                 =  4.39603e-08
t4a                 =  1.25353e-08
t4b                 =  4.23584e-08
vxo_max             =  1.80541e+00 at=  7.76148e-07
vxo_min             =  -1.94368e-01 at=  5.63252e-07
txo_a               =  1.21649e-08
txo_b               =  6.78794e-08
tt1a                =  1.00925e-08
tt1b                =  1.04218e-07
vxo_avg             =  7.86655e-01 from=  1.00000e-07 to=  8.00000e-07
vt1_avg             =  7.42230e-01 from=  1.00000e-07 to=  8.00000e-07
i1                  =  -7.72514e-06 from=  1.00000e-07 to=  8.00000e-07
i2                  =  -8.01247e-06 from=  1.00000e-07 to=  8.00000e-07
i3                  =  -8.29858e-06 from=  1.00000e-07 to=  8.00000e-07
i4                  =  -8.59075e-06 from=  1.00000e-07 to=  8.00000e-07
ib                  =  -4.66207e-05 from=  1.00000e-07 to=  8.00000e-07
p_tr1 = 7.630192e-09
p_tr2 = 7.375529e-09
p_tr3 = 7.147870e-09
p_tr4 = 6.992097e-09
p_skew_span = 1.091259e+00
p_f_ideal = 5.495622e+08
p_f_xo = 4.507009e+08
p_edge_retention = 8.201089e-01
p_retention_n2 = 8.138876e-01
p_retention_n4 = 8.201089e-01
p_bias_t1 = 4.557794e-01
p_bias_xo = 4.941717e-01
p_swing_frac_xo = 1.112160e+00
p_i_rings = 2.837470e-05
p_i_block = 5.111723e-05
p_i_array_total = 7.949194e-05
p_p_array_total = 1.287769e-04
tr1 = 3.394982e-09
tr2 = 3.246150e-09
tr3 = 3.112291e-09
tr4 = 2.982310e-09
skew_span = 1.138373e+00
f_ideal = 1.259227e+09
f_xo = 8.615353e+08
edge_retention = 6.841780e-01
retention_n2 = 8.462445e-01
retention_n4 = 6.841780e-01
bias_t1 = 4.581665e-01
bias_xo = 4.855897e-01
swing_frac_xo = 1.234428e+00
i_rings = 3.262695e-05
i_block = 4.662072e-05
i_array_total = 7.924767e-05
p_array_total_pre = 1.283812e-04
slowdown_r1 = 2.247491e+00
slowdown_r2 = 2.272085e+00
slowdown_r3 = 2.296659e+00
slowdown_r4 = 2.344524e+00
Note: Simulation executed from .control section 

----- stderr -----

Checking parameters for BSIM 4.5 model xctl.xa3.xmn4:nshort_model.40
Warning: Eta0 = -0.00908636 is negative.

Checking parameters for BSIM 4.5 model xctl.xa3.xmn3:nshort_model.40
Warning: Eta0 = -0.00908636 is negative.

Checking parameters for BSIM 4.5 model xctl.xa3.xmn2:nshort_model.40
Warning: Eta0 = -0.00908636 is negative.

Checking parameters for BSIM 4.5 model xctl.xa3.xmn1:nshort_model.40
Warning: Eta0 = -0.00908636 is negative.

Checking parameters for BSIM 4.5 model xctl.xa3.xmp4:pshort_model.32
Warning: A2 = 1.14662 is larger than 1. A2 is set to 1 and A1 is set to 0.
Warning: Pdibl1 = -0.0493749 is negative.
Warning: Pdibl2 = -0.000925472 is negative.

Checking parameters for BSIM 4.5 model xctl.xa3.xmp3:pshort_model.32
Warning: A2 = 1.14662 is larger than 1. A2 is set to 1 and A1 is set to 0.
Warning: Pdibl1 = -0.0493749 is negative.
Warning: Pdibl2 = -0.000925472 is negative.

Checking parameters for BSIM 4.5 model xctl.xa3.xmp2:pshort_model.32
Warning: A2 = 1.14662 is larger than 1. A2 is set to 1 and A1 is set to 0.
Warning: Pdibl1 = -0.0493749 is negative.
Warning: Pdibl2 = -0.000925472 is negative.

Checking parameters for BSIM 4.5 model xctl.xa3.xmp1:pshort_model.32
Warning: A2 = 1.14662 is larger than 1. A2 is set to 1 and A1 is set to 0.
Warning: Pdibl1 = -0.0493749 is negative.
Warning: Pdibl2 = -0.000925472 is negative.

Checking parameters for BSIM 4.5 model xctl.xa3.xmnib:nshort_model.48
Warning: Eta0 = -0.0261666 is negative.

Checking parameters for BSIM 4.5 model xctl.xa3.xmpib:pshort_model.40
Warning: A2 = 1.0885 is larger than 1. A2 is set to 1 and A1 is set to 0.
Warning: Pdibl1 = -0.00669442 is negative.

Checking parameters for BSIM 4.5 model xctl.xa3.xmnia:nshort_model.48
Warning: Eta0 = -0.0261666 is negative.

Checking parameters for BSIM 4.5 model xctl.xa3.xmpia:pshort_model.40
Warning: A2 = 1.0885 is larger than 1. A2 is set to 1 and A1 is set to 0.
Warning: Pdibl1 = -0.00669442 is negative.

Checking parameters for BSIM 4.5 model xctl.xa2.xmn4:nshort_model.40
Warning: Eta0 = -0.00908636 is negative.

Checking parameters for BSIM 4.5 model xctl.xa2.xmn3:nshort_model.40
Warning: Eta0 = -0.00908636 is negative.

Checking parameters for BSIM 4.5 model xctl.xa2.xmn2:nshort_model.40
Warning: Eta0 = -0.00908636 is negative.

Checking parameters for BSIM 4.5 model xctl.xa2.xmn1:nshort_model.40
Warning: Eta0 = -0.00908636 is negative.

Checking parameters for BSIM 4.5 model xctl.xa2.xmp4:pshort_model.32
Warning: A2 = 1.14662 is larger than 1. A2 is set to 1 and A1 is set to 0.
Warning: Pdibl1 = -0.0493749 is negative.
Warning: Pdibl2 = -0.000925472 is negative.

Checking parameters for BSIM 4.5 model xctl.xa2.xmp3:pshort_model.32
Warning: A2 = 1.14662 is larger than 1. A2 is set to 1 and A1 is set to 0.
Warning: Pdibl1 = -0.0493749 is negative.
Warning: Pdibl2 = -0.000925472 is negative.

Checking parameters for BSIM 4.5 model xctl.xa2.xmp2:pshort_model.32
Warning: A2 = 1.14662 is larger than 1. A2 is set to 1 and A1 is set to 0.
Warning: Pdibl1 = -0.0493749 is negative.
Warning: Pdibl2 = -0.000925472 is negative.

Checking parameters for BSIM 4.5 model xctl.xa2.xmp1:pshort_model.32
Warning: A2 = 1.14662 is larger than 1. A2 is set to 1 and A1 is set to 0.
Warning: Pdibl1 = -0.0493749 is negative.
Warning: Pdibl2 = -0.000925472 is negative.

Checking parameters for BSIM 4.5 model xctl.xa2.xmnib:nshort_model.48
Warning: Eta0 = -0.0261666 is negative.

Checking parameters for BSIM 4.5 model xctl.xa2.xmpib:pshort_model.40
Warning: A2 = 1.0885 is larger than 1. A2 is set to 1 and A1 is set to 0.
Warning: Pdibl1 = -0.00669442 is negative.

Checking parameters for BSIM 4.5 model xctl.xa2.xmnia:nshort_model.48
Warning: Eta0 = -0.0261666 is negative.

Checking parameters for BSIM 4.5 model xctl.xa2.xmpia:pshort_model.40
Warning: A2 = 1.0885 is larger than 1. A2 is set to 1 and A1 is set to 0.
Warning: Pdibl1 = -0.00669442 is negative.

Checking parameters for BSIM 4.5 model xctl.xa1.xmn4:nshort_model.40
Warning: Eta0 = -0.00908636 is negative.

Checking parameters for BSIM 4.5 model xctl.xa1.xmn3:nshort_model.40
Warning: Eta0 = -0.00908636 is negative.

Checking parameters for BSIM 4.5 model xctl.xa1.xmn2:nshort_model.40
Warning: Eta0 = -0.00908636 is negative.

Checking parameters for BSIM 4.5 model xctl.xa1.xmn1:nshort_model.40
Warning: Eta0 = -0.00908636 is negative.

Checking parameters for BSIM 4.5 model xctl.xa1.xmp4:pshort_model.32
Warning: A2 = 1.14662 is larger than 1. A2 is set to 1 and A1 is set to 0.
Warning: Pdibl1 = -0.0493749 is negative.
Warning: Pdibl2 = -0.000925472 is negative.

Checking parameters for BSIM 4.5 model xctl.xa1.xmp3:pshort_model.32
Warning: A2 = 1.14662 is larger than 1. A2 is set to 1 and A1 is set to 0.
Warning: Pdibl1 = -0.0493749 is negative.
Warning: Pdibl2 = -0.000925472 is negative.

Checking parameters for BSIM 4.5 model xctl.xa1.xmp2:pshort_model.32
Warning: A2 = 1.14662 is larger than 1. A2 is set to 1 and A1 is set to 0.
Warning: Pdibl1 = -0.0493749 is negative.
Warning: Pdibl2 = -0.000925472 is negative.

Checking parameters for BSIM 4.5 model xctl.xa1.xmp1:pshort_model.32
Warning: A2 = 1.14662 is larger than 1. A2 is set to 1 and A1 is set to 0.
Warning: Pdibl1 = -0.0493749 is negative.
Warning: Pdibl2 = -0.000925472 is negative.

Checking parameters for BSIM 4.5 model xctl.xa1.xmnib:nshort_model.48
Warning: Eta0 = -0.0261666 is negative.

Checking parameters for BSIM 4.5 model xctl.xa1.xmpib:pshort_model.40
Warning: A2 = 1.0885 is larger than 1. A2 is set to 1 and A1 is set to 0.
Warning: Pdibl1 = -0.00669442 is negative.

Checking parameters for BSIM 4.5 model xctl.xa1.xmnia:nshort_model.48
Warning: Eta0 = -0.0261666 is negative.

Checking parameters for BSIM 4.5 model xctl.xa1.xmpia:pshort_model.40
Warning: A2 = 1.0885 is larger than 1. A2 is set to 1 and A1 is set to 0.
Warning: Pdibl1 = -0.00669442 is negative.

Checking parameters for BSIM 4.5 model xctl.xb4.xmn:nshort_model.48
Warning: Eta0 = -0.0261666 is negative.

Checking parameters for BSIM 4.5 model xctl.xb4.xmp:pshort_model.40
Warning: A2 = 1.0885 is larger than 1. A2 is set to 1 and A1 is set to 0.
Warning: Pdibl1 = -0.00669442 is negative.

Checking parameters for BSIM 4.5 model xctl.xb3.xmn:nshort_model.48
Warning: Eta0 = -0.0261666 is negative.

Checking parameters for BSIM 4.5 model xctl.xb3.xmp:pshort_model.40
Warning: A2 = 1.0885 is larger than 1. A2 is set to 1 and A1 is set to 0.
Warning: Pdibl1 = -0.00669442 is negative.

Checking parameters for BSIM 4.5 model xctl.xb2.xmn:nshort_model.48
Warning: Eta0 = -0.0261666 is negative.

Checking parameters for BSIM 4.5 model xctl.xb2.xmp:pshort_model.40
Warning: A2 = 1.0885 is larger than 1. A2 is set to 1 and A1 is set to 0.
Warning: Pdibl1 = -0.00669442 is negative.

Checking parameters for BSIM 4.5 model xctl.xb1.xmn:nshort_model.48
Warning: Eta0 = -0.0261666 is negative.

Checking parameters for BSIM 4.5 model xctl.xb1.xmp:pshort_model.40
Warning: A2 = 1.0885 is larger than 1. A2 is set to 1 and A1 is set to 0.
Warning: Pdibl1 = -0.00669442 is negative.

Checking parameters for BSIM 4.5 model xctl.xr4.x4.xmn:nshort_model.48
Warning: Eta0 = -0.0261666 is negative.

Checking parameters for BSIM 4.5 model xctl.xr4.x4.xmp:pshort_model.40
Warning: A2 = 1.0885 is larger than 1. A2 is set to 1 and A1 is set to 0.
Warning: Pdibl1 = -0.00669442 is negative.

Checking parameters for BSIM 4.5 model xctl.xr4.x3.xmn:nshort_model.48
Warning: Eta0 = -0.0261666 is negative.

Checking parameters for BSIM 4.5 model xctl.xr4.x3.xmp:pshort_model.40
Warning: A2 = 1.0885 is larger than 1. A2 is set to 1 and A1 is set to 0.
Warning: Pdibl1 = -0.00669442 is negative.

Checking parameters for BSIM 4.5 model xctl.xr4.x2.xmn:nshort_model.48
Warning: Eta0 = -0.0261666 is negative.

Checking parameters for BSIM 4.5 model xctl.xr4.x2.xmp:pshort_model.40
Warning: A2 = 1.0885 is larger than 1. A2 is set to 1 and A1 is set to 0.
Warning: Pdibl1 = -0.00669442 is negative.

Checking parameters for BSIM 4.5 model xctl.xr4.x1.xmn:nshort_model.48
Warning: Eta0 = -0.0261666 is negative.

Checking parameters for BSIM 4.5 model xctl.xr4.x1.xmp:pshort_model.40
Warning: A2 = 1.0885 is larger than 1. A2 is set to 1 and A1 is set to 0.
Warning: Pdibl1 = -0.00669442 is negative.

Checking parameters for BSIM 4.5 model xctl.xr4.xg.xmnb:nshort_model.40
Warning: Eta0 = -0.00908636 is negative.

Checking parameters for BSIM 4.5 model xctl.xr4.xg.xmna:nshort_model.40
Warning: Eta0 = -0.00908636 is negative.

Checking parameters for BSIM 4.5 model xctl.xr4.xg.xmpb:pshort_model.40
Warning: A2 = 1.0885 is larger than 1. A2 is set to 1 and A1 is set to 0.
Warning: Pdibl1 = -0.00669442 is negative.

Checking parameters for BSIM 4.5 model xctl.xr4.xg.xmpa:pshort_model.40
Warning: A2 = 1.0885 is larger than 1. A2 is set to 1 and A1 is set to 0.
Warning: Pdibl1 = -0.00669442 is negative.

Checking parameters for BSIM 4.5 model xctl.xr3.x4.xmn:nshort_model.48
Warning: Eta0 = -0.0261666 is negative.

Checking parameters for BSIM 4.5 model xctl.xr3.x4.xmp:pshort_model.40
Warning: A2 = 1.0885 is larger than 1. A2 is set to 1 and A1 is set to 0.
Warning: Pdibl1 = -0.00669442 is negative.

Checking parameters for BSIM 4.5 model xctl.xr3.x3.xmn:nshort_model.48
Warning: Eta0 = -0.0261666 is negative.

Checking parameters for BSIM 4.5 model xctl.xr3.x3.xmp:pshort_model.40
Warning: A2 = 1.0885 is larger than 1. A2 is set to 1 and A1 is set to 0.
Warning: Pdibl1 = -0.00669442 is negative.

Checking parameters for BSIM 4.5 model xctl.xr3.x2.xmn:nshort_model.48
Warning: Eta0 = -0.0261666 is negative.

Checking parameters for BSIM 4.5 model xctl.xr3.x2.xmp:pshort_model.40
Warning: A2 = 1.0885 is larger than 1. A2 is set to 1 and A1 is set to 0.
Warning: Pdibl1 = -0.00669442 is negative.

Checking parameters for BSIM 4.5 model xctl.xr3.x1.xmn:nshort_model.48
Warning: Eta0 = -0.0261666 is negative.

Checking parameters for BSIM 4.5 model xctl.xr3.x1.xmp:pshort_model.40
Warning: A2 = 1.0885 is larger than 1. A2 is set to 1 and A1 is set to 0.
Warning: Pdibl1 = -0.00669442 is negative.

Checking parameters for BSIM 4.5 model xctl.xr3.xg.xmnb:nshort_model.40
Warning: Eta0 = -0.00908636 is negative.

Checking parameters for BSIM 4.5 model xctl.xr3.xg.xmna:nshort_model.40
Warning: Eta0 = -0.00908636 is negative.

Checking parameters for BSIM 4.5 model xctl.xr3.xg.xmpb:pshort_model.40
Warning: A2 = 1.0885 is larger than 1. A2 is set to 1 and A1 is set to 0.
Warning: Pdibl1 = -0.00669442 is negative.

Checking parameters for BSIM 4.5 model xctl.xr3.xg.xmpa:pshort_model.40
Warning: A2 = 1.0885 is larger than 1. A2 is set to 1 and A1 is set to 0.
Warning: Pdibl1 = -0.00669442 is negative.

Checking parameters for BSIM 4.5 model xctl.xr2.x4.xmn:nshort_model.48
Warning: Eta0 = -0.0261666 is negative.

Checking parameters for BSIM 4.5 model xctl.xr2.x4.xmp:pshort_model.40
Warning: A2 = 1.0885 is larger than 1. A2 is set to 1 and A1 is set to 0.
Warning: Pdibl1 = -0.00669442 is negative.

Checking parameters for BSIM 4.5 model xctl.xr2.x3.xmn:nshort_model.48
Warning: Eta0 = -0.0261666 is negative.

Checking parameters for BSIM 4.5 model xctl.xr2.x3.xmp:pshort_model.40
Warning: A2 = 1.0885 is larger than 1. A2 is set to 1 and A1 is set to 0.
Warning: Pdibl1 = -0.00669442 is negative.

Checking parameters for BSIM 4.5 model xctl.xr2.x2.xmn:nshort_model.48
Warning: Eta0 = -0.0261666 is negative.

Checking parameters for BSIM 4.5 model xctl.xr2.x2.xmp:pshort_model.40
Warning: A2 = 1.0885 is larger than 1. A2 is set to 1 and A1 is set to 0.
Warning: Pdibl1 = -0.00669442 is negative.

Checking parameters for BSIM 4.5 model xctl.xr2.x1.xmn:nshort_model.48
Warning: Eta0 = -0.0261666 is negative.

Checking parameters for BSIM 4.5 model xctl.xr2.x1.xmp:pshort_model.40
Warning: A2 = 1.0885 is larger than 1. A2 is set to 1 and A1 is set to 0.
Warning: Pdibl1 = -0.00669442 is negative.

Checking parameters for BSIM 4.5 model xctl.xr2.xg.xmnb:nshort_model.40
Warning: Eta0 = -0.00908636 is negative.

Checking parameters for BSIM 4.5 model xctl.xr2.xg.xmna:nshort_model.40
Warning: Eta0 = -0.00908636 is negative.

Checking parameters for BSIM 4.5 model xctl.xr2.xg.xmpb:pshort_model.40
Warning: A2 = 1.0885 is larger than 1. A2 is set to 1 and A1 is set to 0.
Warning: Pdibl1 = -0.00669442 is negative.

Checking parameters for BSIM 4.5 model xctl.xr2.xg.xmpa:pshort_model.40
Warning: A2 = 1.0885 is larger than 1. A2 is set to 1 and A1 is set to 0.
Warning: Pdibl1 = -0.00669442 is negative.

Checking parameters for BSIM 4.5 model xctl.xr1.x4.xmn:nshort_model.48
Warning: Eta0 = -0.0261666 is negative.

Checking parameters for BSIM 4.5 model xctl.xr1.x4.xmp:pshort_model.40
Warning: A2 = 1.0885 is larger than 1. A2 is set to 1 and A1 is set to 0.
Warning: Pdibl1 = -0.00669442 is negative.

Checking parameters for BSIM 4.5 model xctl.xr1.x3.xmn:nshort_model.48
Warning: Eta0 = -0.0261666 is negative.

Checking parameters for BSIM 4.5 model xctl.xr1.x3.xmp:pshort_model.40
Warning: A2 = 1.0885 is larger than 1. A2 is set to 1 and A1 is set to 0.
Warning: Pdibl1 = -0.00669442 is negative.

Checking parameters for BSIM 4.5 model xctl.xr1.x2.xmn:nshort_model.48
Warning: Eta0 = -0.0261666 is negative.

Checking parameters for BSIM 4.5 model xctl.xr1.x2.xmp:pshort_model.40
Warning: A2 = 1.0885 is larger than 1. A2 is set to 1 and A1 is set to 0.
Warning: Pdibl1 = -0.00669442 is negative.

Checking parameters for BSIM 4.5 model xctl.xr1.x1.xmn:nshort_model.48
Warning: Eta0 = -0.0261666 is negative.

Checking parameters for BSIM 4.5 model xctl.xr1.x1.xmp:pshort_model.40
Warning: A2 = 1.0885 is larger than 1. A2 is set to 1 and A1 is set to 0.
Warning: Pdibl1 = -0.00669442 is negative.

Checking parameters for BSIM 4.5 model xctl.xr1.xg.xmnb:nshort_model.40
Warning: Eta0 = -0.00908636 is negative.

Checking parameters for BSIM 4.5 model xctl.xr1.xg.xmna:nshort_model.40
Warning: Eta0 = -0.00908636 is negative.

Checking parameters for BSIM 4.5 model xctl.xr1.xg.xmpb:pshort_model.40
Warning: A2 = 1.0885 is larger than 1. A2 is set to 1 and A1 is set to 0.
Warning: Pdibl1 = -0.00669442 is negative.

Checking parameters for BSIM 4.5 model xctl.xr1.xg.xmpa:pshort_model.40
Warning: A2 = 1.0885 is larger than 1. A2 is set to 1 and A1 is set to 0.
Warning: Pdibl1 = -0.00669442 is negative.

Checking parameters for BSIM 4.5 model xarr.xpex.xn132:pshort_model.43
Warning: Eta0 = -0.000373202 is negative.

Checking parameters for BSIM 4.5 model xarr.xpex.xn131:pshort_model.43
Warning: Eta0 = -0.000373202 is negative.

Checking parameters for BSIM 4.5 model xarr.xpex.xn130:pshort_model.43
Warning: Eta0 = -0.000373202 is negative.

Checking parameters for BSIM 4.5 model xarr.xpex.xn129:pshort_model.43
Warning: Eta0 = -0.000373202 is negative.

Checking parameters for BSIM 4.5 model xarr.xpex.xn128:pshort_model.43
Warning: Eta0 = -0.000373202 is negative.

Checking parameters for BSIM 4.5 model xarr.xpex.xn127:pshort_model.43
Warning: Eta0 = -0.000373202 is negative.

Checking parameters for BSIM 4.5 model xarr.xpex.xn126:pshort_model.43
Warning: Eta0 = -0.000373202 is negative.

Checking parameters for BSIM 4.5 model xarr.xpex.xn125:pshort_model.43
Warning: Eta0 = -0.000373202 is negative.

Checking parameters for BSIM 4.5 model xarr.xpex.xn124:pshort_model.43
Warning: Eta0 = -0.000373202 is negative.

Checking parameters for BSIM 4.5 model xarr.xpex.xn123:pshort_model.43
Warning: Eta0 = -0.000373202 is negative.

Checking parameters for BSIM 4.5 model xarr.xpex.xn122:pshort_model.43
Warning: Eta0 = -0.000373202 is negative.

Checking parameters for BSIM 4.5 model xarr.xpex.xn121:pshort_model.43
Warning: Eta0 = -0.000373202 is negative.

Checking parameters for BSIM 4.5 model xarr.xpex.xn120:pshort_model.40
Warning: A2 = 1.0885 is larger than 1. A2 is set to 1 and A1 is set to 0.
Warning: Pdibl1 = -0.00669442 is negative.

Checking parameters for BSIM 4.5 model xarr.xpex.xn119:pshort_model.43
Warning: Eta0 = -0.000373202 is negative.

Checking parameters for BSIM 4.5 model xarr.xpex.xn118:pshort_model.32
Warning: A2 = 1.14662 is larger than 1. A2 is set to 1 and A1 is set to 0.
Warning: Pdibl1 = -0.0493749 is negative.
Warning: Pdibl2 = -0.000925472 is negative.

Checking parameters for BSIM 4.5 model xarr.xpex.xn117:pshort_model.32
Warning: A2 = 1.14662 is larger than 1. A2 is set to 1 and A1 is set to 0.
Warning: Pdibl1 = -0.0493749 is negative.
Warning: Pdibl2 = -0.000925472 is negative.

Checking parameters for BSIM 4.5 model xarr.xpex.xn116:pshort_model.43
Warning: Eta0 = -0.000373202 is negative.

Checking parameters for BSIM 4.5 model xarr.xpex.xn115:pshort_model.32
Warning: A2 = 1.14662 is larger than 1. A2 is set to 1 and A1 is set to 0.
Warning: Pdibl1 = -0.0493749 is negative.
Warning: Pdibl2 = -0.000925472 is negative.

Checking parameters for BSIM 4.5 model xarr.xpex.xn114:pshort_model.32
Warning: A2 = 1.14662 is larger than 1. A2 is set to 1 and A1 is set to 0.
Warning: Pdibl1 = -0.0493749 is negative.
Warning: Pdibl2 = -0.000925472 is negative.

Checking parameters for BSIM 4.5 model xarr.xpex.xn113:pshort_model.40
Warning: A2 = 1.0885 is larger than 1. A2 is set to 1 and A1 is set to 0.
Warning: Pdibl1 = -0.00669442 is negative.

Checking parameters for BSIM 4.5 model xarr.xpex.xn112:pshort_model.43
Warning: Eta0 = -0.000373202 is negative.

Checking parameters for BSIM 4.5 model xarr.xpex.xn111:pshort_model.40
Warning: A2 = 1.0885 is larger than 1. A2 is set to 1 and A1 is set to 0.
Warning: Pdibl1 = -0.00669442 is negative.

Checking parameters for BSIM 4.5 model xarr.xpex.xn110:pshort_model.32
Warning: A2 = 1.14662 is larger than 1. A2 is set to 1 and A1 is set to 0.
Warning: Pdibl1 = -0.0493749 is negative.
Warning: Pdibl2 = -0.000925472 is negative.

Checking parameters for BSIM 4.5 model xarr.xpex.xn109:pshort_model.32
Warning: A2 = 1.14662 is larger than 1. A2 is set to 1 and A1 is set to 0.
Warning: Pdibl1 = -0.0493749 is negative.
Warning: Pdibl2 = -0.000925472 is negative.

Checking parameters for BSIM 4.5 model xarr.xpex.xn108:pshort_model.43
Warning: Eta0 = -0.000373202 is negative.

Checking parameters for BSIM 4.5 model xarr.xpex.xn107:pshort_model.32
Warning: A2 = 1.14662 is larger than 1. A2 is set to 1 and A1 is set to 0.
Warning: Pdibl1 = -0.0493749 is negative.
Warning: Pdibl2 = -0.000925472 is negative.

Checking parameters for BSIM 4.5 model xarr.xpex.xn106:pshort_model.32
Warning: A2 = 1.14662 is larger than 1. A2 is set to 1 and A1 is set to 0.
Warning: Pdibl1 = -0.0493749 is negative.
Warning: Pdibl2 = -0.000925472 is negative.

Checking parameters for BSIM 4.5 model xarr.xpex.xn105:pshort_model.40
Warning: A2 = 1.0885 is larger than 1. A2 is set to 1 and A1 is set to 0.
Warning: Pdibl1 = -0.00669442 is negative.

Checking parameters for BSIM 4.5 model xarr.xpex.xn104:pshort_model.43
Warning: Eta0 = -0.000373202 is negative.

Checking parameters for BSIM 4.5 model xarr.xpex.xn103:pshort_model.40
Warning: A2 = 1.0885 is larger than 1. A2 is set to 1 and A1 is set to 0.
Warning: Pdibl1 = -0.00669442 is negative.

Checking parameters for BSIM 4.5 model xarr.xpex.xn102:pshort_model.43
Warning: Eta0 = -0.000373202 is negative.

Checking parameters for BSIM 4.5 model xarr.xpex.xn101:pshort_model.32
Warning: A2 = 1.14662 is larger than 1. A2 is set to 1 and A1 is set to 0.
Warning: Pdibl1 = -0.0493749 is negative.
Warning: Pdibl2 = -0.000925472 is negative.

Checking parameters for BSIM 4.5 model xarr.xpex.xn100:pshort_model.32
Warning: A2 = 1.14662 is larger than 1. A2 is set to 1 and A1 is set to 0.
Warning: Pdibl1 = -0.0493749 is negative.
Warning: Pdibl2 = -0.000925472 is negative.

Checking parameters for BSIM 4.5 model xarr.xpex.xn99:pshort_model.43
Warning: Eta0 = -0.000373202 is negative.

Checking parameters for BSIM 4.5 model xarr.xpex.xn98:pshort_model.32
Warning: A2 = 1.14662 is larger than 1. A2 is set to 1 and A1 is set to 0.
Warning: Pdibl1 = -0.0493749 is negative.
Warning: Pdibl2 = -0.000925472 is negative.

Checking parameters for BSIM 4.5 model xarr.xpex.xn97:pshort_model.32
Warning: A2 = 1.14662 is larger than 1. A2 is set to 1 and A1 is set to 0.
Warning: Pdibl1 = -0.0493749 is negative.
Warning: Pdibl2 = -0.000925472 is negative.

Checking parameters for BSIM 4.5 model xarr.xpex.xn96:pshort_model.40
Warning: A2 = 1.0885 is larger than 1. A2 is set to 1 and A1 is set to 0.
Warning: Pdibl1 = -0.00669442 is negative.

Checking parameters for BSIM 4.5 model xarr.xpex.xn95:pshort_model.43
Warning: Eta0 = -0.000373202 is negative.

Checking parameters for BSIM 4.5 model xarr.xpex.xn94:pshort_model.40
Warning: A2 = 1.0885 is larger than 1. A2 is set to 1 and A1 is set to 0.
Warning: Pdibl1 = -0.00669442 is negative.

Checking parameters for BSIM 4.5 model xarr.xpex.xn93:pshort_model.40
Warning: A2 = 1.0885 is larger than 1. A2 is set to 1 and A1 is set to 0.
Warning: Pdibl1 = -0.00669442 is negative.

Checking parameters for BSIM 4.5 model xarr.xpex.xn92:pshort_model.40
Warning: A2 = 1.0885 is larger than 1. A2 is set to 1 and A1 is set to 0.
Warning: Pdibl1 = -0.00669442 is negative.

Checking parameters for BSIM 4.5 model xarr.xpex.xn91:pshort_model.40
Warning: A2 = 1.0885 is larger than 1. A2 is set to 1 and A1 is set to 0.
Warning: Pdibl1 = -0.00669442 is negative.

Checking parameters for BSIM 4.5 model xarr.xpex.xn90:pshort_model.40
Warning: A2 = 1.0885 is larger than 1. A2 is set to 1 and A1 is set to 0.
Warning: Pdibl1 = -0.00669442 is negative.

Checking parameters for BSIM 4.5 model xarr.xpex.xn89:pshort_model.40
Warning: A2 = 1.0885 is larger than 1. A2 is set to 1 and A1 is set to 0.
Warning: Pdibl1 = -0.00669442 is negative.

Checking parameters for BSIM 4.5 model xarr.xpex.xn88:pshort_model.40
Warning: A2 = 1.0885 is larger than 1. A2 is set to 1 and A1 is set to 0.
Warning: Pdibl1 = -0.00669442 is negative.

Checking parameters for BSIM 4.5 model xarr.xpex.xn87:pshort_model.40
Warning: A2 = 1.0885 is larger than 1. A2 is set to 1 and A1 is set to 0.
Warning: Pdibl1 = -0.00669442 is negative.

Checking parameters for BSIM 4.5 model xarr.xpex.xn86:pshort_model.40
Warning: A2 = 1.0885 is larger than 1. A2 is set to 1 and A1 is set to 0.
Warning: Pdibl1 = -0.00669442 is negative.

Checking parameters for BSIM 4.5 model xarr.xpex.xn85:pshort_model.40
Warning: A2 = 1.0885 is larger than 1. A2 is set to 1 and A1 is set to 0.
Warning: Pdibl1 = -0.00669442 is negative.

Checking parameters for BSIM 4.5 model xarr.xpex.xn84:pshort_model.40
Warning: A2 = 1.0885 is larger than 1. A2 is set to 1 and A1 is set to 0.
Warning: Pdibl1 = -0.00669442 is negative.

Checking parameters for BSIM 4.5 model xarr.xpex.xn83:pshort_model.40
Warning: A2 = 1.0885 is larger than 1. A2 is set to 1 and A1 is set to 0.
Warning: Pdibl1 = -0.00669442 is negative.

Checking parameters for BSIM 4.5 model xarr.xpex.xn82:pshort_model.40
Warning: A2 = 1.0885 is larger than 1. A2 is set to 1 and A1 is set to 0.
Warning: Pdibl1 = -0.00669442 is negative.

Checking parameters for BSIM 4.5 model xarr.xpex.xn81:pshort_model.40
Warning: A2 = 1.0885 is larger than 1. A2 is set to 1 and A1 is set to 0.
Warning: Pdibl1 = -0.00669442 is negative.

Checking parameters for BSIM 4.5 model xarr.xpex.xn80:pshort_model.40
Warning: A2 = 1.0885 is larger than 1. A2 is set to 1 and A1 is set to 0.
Warning: Pdibl1 = -0.00669442 is negative.

Checking parameters for BSIM 4.5 model xarr.xpex.xn79:pshort_model.40
Warning: A2 = 1.0885 is larger than 1. A2 is set to 1 and A1 is set to 0.
Warning: Pdibl1 = -0.00669442 is negative.

Checking parameters for BSIM 4.5 model xarr.xpex.xn78:pshort_model.40
Warning: A2 = 1.0885 is larger than 1. A2 is set to 1 and A1 is set to 0.
Warning: Pdibl1 = -0.00669442 is negative.

Checking parameters for BSIM 4.5 model xarr.xpex.xn77:pshort_model.40
Warning: A2 = 1.0885 is larger than 1. A2 is set to 1 and A1 is set to 0.
Warning: Pdibl1 = -0.00669442 is negative.

Checking parameters for BSIM 4.5 model xarr.xpex.xn76:pshort_model.40
Warning: A2 = 1.0885 is larger than 1. A2 is set to 1 and A1 is set to 0.
Warning: Pdibl1 = -0.00669442 is negative.

Checking parameters for BSIM 4.5 model xarr.xpex.xn75:pshort_model.40
Warning: A2 = 1.0885 is larger than 1. A2 is set to 1 and A1 is set to 0.
Warning: Pdibl1 = -0.00669442 is negative.

Checking parameters for BSIM 4.5 model xarr.xpex.xn74:pshort_model.40
Warning: A2 = 1.0885 is larger than 1. A2 is set to 1 and A1 is set to 0.
Warning: Pdibl1 = -0.00669442 is negative.

Checking parameters for BSIM 4.5 model xarr.xpex.xn73:pshort_model.40
Warning: A2 = 1.0885 is larger than 1. A2 is set to 1 and A1 is set to 0.
Warning: Pdibl1 = -0.00669442 is negative.

Checking parameters for BSIM 4.5 model xarr.xpex.xn72:pshort_model.40
Warning: A2 = 1.0885 is larger than 1. A2 is set to 1 and A1 is set to 0.
Warning: Pdibl1 = -0.00669442 is negative.

Checking parameters for BSIM 4.5 model xarr.xpex.xn71:pshort_model.40
Warning: A2 = 1.0885 is larger than 1. A2 is set to 1 and A1 is set to 0.
Warning: Pdibl1 = -0.00669442 is negative.

Checking parameters for BSIM 4.5 model xarr.xpex.xn70:pshort_model.40
Warning: A2 = 1.0885 is larger than 1. A2 is set to 1 and A1 is set to 0.
Warning: Pdibl1 = -0.00669442 is negative.

Checking parameters for BSIM 4.5 model xarr.xpex.xn69:pshort_model.40
Warning: A2 = 1.0885 is larger than 1. A2 is set to 1 and A1 is set to 0.
Warning: Pdibl1 = -0.00669442 is negative.

Checking parameters for BSIM 4.5 model xarr.xpex.xn68:pshort_model.40
Warning: A2 = 1.0885 is larger than 1. A2 is set to 1 and A1 is set to 0.
Warning: Pdibl1 = -0.00669442 is negative.

Checking parameters for BSIM 4.5 model xarr.xpex.xn67:pshort_model.40
Warning: A2 = 1.0885 is larger than 1. A2 is set to 1 and A1 is set to 0.
Warning: Pdibl1 = -0.00669442 is negative.

Checking parameters for BSIM 4.5 model xarr.xpex.xn66:nshort_model.48
Warning: Eta0 = -0.0261666 is negative.

Checking parameters for BSIM 4.5 model xarr.xpex.xn65:nshort_model.40
Warning: Eta0 = -0.00908636 is negative.

Checking parameters for BSIM 4.5 model xarr.xpex.xn64:nshort_model.40
Warning: Eta0 = -0.00908636 is negative.

Checking parameters for BSIM 4.5 model xarr.xpex.xn63:nshort_model.40
Warning: Eta0 = -0.00908636 is negative.

Checking parameters for BSIM 4.5 model xarr.xpex.xn62:nshort_model.40
Warning: Eta0 = -0.00908636 is negative.

Checking parameters for BSIM 4.5 model xarr.xpex.xn61:nshort_model.48
Warning: Eta0 = -0.0261666 is negative.

Checking parameters for BSIM 4.5 model xarr.xpex.xn60:nshort_model.48
Warning: Eta0 = -0.0261666 is negative.

Checking parameters for BSIM 4.5 model xarr.xpex.xn59:nshort_model.40
Warning: Eta0 = -0.00908636 is negative.

Checking parameters for BSIM 4.5 model xarr.xpex.xn58:nshort_model.40
Warning: Eta0 = -0.00908636 is negative.

Checking parameters for BSIM 4.5 model xarr.xpex.xn57:nshort_model.40
Warning: Eta0 = -0.00908636 is negative.

Checking parameters for BSIM 4.5 model xarr.xpex.xn56:nshort_model.40
Warning: Eta0 = -0.00908636 is negative.

Checking parameters for BSIM 4.5 model xarr.xpex.xn55:nshort_model.48
Warning: Eta0 = -0.0261666 is negative.

Checking parameters for BSIM 4.5 model xarr.xpex.xn54:nshort_model.48
Warning: Eta0 = -0.0261666 is negative.

Checking parameters for BSIM 4.5 model xarr.xpex.xn53:nshort_model.40
Warning: Eta0 = -0.00908636 is negative.

Checking parameters for BSIM 4.5 model xarr.xpex.xn52:nshort_model.40
Warning: Eta0 = -0.00908636 is negative.

Checking parameters for BSIM 4.5 model xarr.xpex.xn51:nshort_model.40
Warning: Eta0 = -0.00908636 is negative.

Checking parameters for BSIM 4.5 model xarr.xpex.xn50:nshort_model.40
Warning: Eta0 = -0.00908636 is negative.

Checking parameters for BSIM 4.5 model xarr.xpex.xn49:nshort_model.48
Warning: Eta0 = -0.0261666 is negative.

Checking parameters for BSIM 4.5 model xarr.xpex.xn48:nshort_model.48
Warning: Eta0 = -0.0261666 is negative.

Checking parameters for BSIM 4.5 model xarr.xpex.xn47:nshort_model.48
Warning: Eta0 = -0.0261666 is negative.

Checking parameters for BSIM 4.5 model xarr.xpex.xn46:nshort_model.48
Warning: Eta0 = -0.0261666 is negative.

Checking parameters for BSIM 4.5 model xarr.xpex.xn45:nshort_model.48
Warning: Eta0 = -0.0261666 is negative.

Checking parameters for BSIM 4.5 model xarr.xpex.xn44:nshort_model.48
Warning: Eta0 = -0.0261666 is negative.

Checking parameters for BSIM 4.5 model xarr.xpex.xn43:nshort_model.48
Warning: Eta0 = -0.0261666 is negative.

Checking parameters for BSIM 4.5 model xarr.xpex.xn42:nshort_model.48
Warning: Eta0 = -0.0261666 is negative.

Checking parameters for BSIM 4.5 model xarr.xpex.xn41:nshort_model.48
Warning: Eta0 = -0.0261666 is negative.

Checking parameters for BSIM 4.5 model xarr.xpex.xn40:nshort_model.48
Warning: Eta0 = -0.0261666 is negative.

Checking parameters for BSIM 4.5 model xarr.xpex.xn39:nshort_model.48
Warning: Eta0 = -0.0261666 is negative.

Checking parameters for BSIM 4.5 model xarr.xpex.xn38:nshort_model.48
Warning: Eta0 = -0.0261666 is negative.

Checking parameters for BSIM 4.5 model xarr.xpex.xn37:nshort_model.48
Warning: Eta0 = -0.0261666 is negative.

Checking parameters for BSIM 4.5 model xarr.xpex.xn35:nshort_model.48
Warning: Eta0 = -0.0261666 is negative.

Checking parameters for BSIM 4.5 model xarr.xpex.xn33:nshort_model.48
Warning: Eta0 = -0.0261666 is negative.

Checking parameters for BSIM 4.5 model xarr.xpex.xn31:nshort_model.48
Warning: Eta0 = -0.0261666 is negative.

Checking parameters for BSIM 4.5 model xarr.xpex.xn28:nshort_model.48
Warning: Eta0 = -0.0261666 is negative.

Checking parameters for BSIM 4.5 model xarr.xpex.xn27:nshort_model.48
Warning: Eta0 = -0.0261666 is negative.

Checking parameters for BSIM 4.5 model xarr.xpex.xn25:nshort_model.48
Warning: Eta0 = -0.0261666 is negative.

Checking parameters for BSIM 4.5 model xarr.xpex.xn23:nshort_model.48
Warning: Eta0 = -0.0261666 is negative.

Checking parameters for BSIM 4.5 model xarr.xpex.xn21:nshort_model.48
Warning: Eta0 = -0.0261666 is negative.

Checking parameters for BSIM 4.5 model xarr.xpex.xn8:nshort_model.40
Warning: Eta0 = -0.00908636 is negative.

Checking parameters for BSIM 4.5 model xarr.xpex.xn7:nshort_model.40
Warning: Eta0 = -0.00908636 is negative.

Checking parameters for BSIM 4.5 model xarr.xpex.xn6:nshort_model.40
Warning: Eta0 = -0.00908636 is negative.

Checking parameters for BSIM 4.5 model xarr.xpex.xn5:nshort_model.40
Warning: Eta0 = -0.00908636 is negative.

Checking parameters for BSIM 4.5 model xarr.xpex.xn4:nshort_model.40
Warning: Eta0 = -0.00908636 is negative.

Checking parameters for BSIM 4.5 model xarr.xpex.xn3:nshort_model.40
Warning: Eta0 = -0.00908636 is negative.

Checking parameters for BSIM 4.5 model xarr.xpex.xn2:nshort_model.40
Warning: Eta0 = -0.00908636 is negative.

Checking parameters for BSIM 4.5 model xarr.xpex.xn1:nshort_model.40
Warning: Eta0 = -0.00908636 is negative.

