OpenROAD 26Q3-1510-g6cb3f2b704 
Features included (+) or not (-): +GPU +GUI +Python
This program is licensed under the BSD-3 license. See the LICENSE file for details.
Components of this program may be licensed under more restrictive licenses which must be honored.
Found 0 macro blocks.
Using 2 tracks default min distance between IO pins.
[INFO PPL-0001] Number of available slots 696
[INFO PPL-0002] Number of I/O             111
[INFO PPL-0003] Number of I/O w/sink      82
[INFO PPL-0004] Number of I/O w/o sink    29
[INFO PPL-0005] Slots per section         200
[INFO PPL-0008] Successfully assigned pins to sections.
[INFO PPL-0012] I/O nets HPWL: 10256.15 um.
[INFO GPL-0001] ---- Initialize GPL Main Data Structures
[INFO GPL-0002] DBU: 1000
[INFO GPL-0003] SiteSize: (  0.460  2.720 ) um
[INFO GPL-0004] CoreBBox: (  5.060  5.440 ) ( 189.060 187.680 ) um
[INFO GPL-0016] Core area:                   33532.160 um^2
[INFO GPL-0036] Movable instances area:      22099.946 um^2
[INFO GPL-0037] Total instances area:        22660.483 um^2
[INFO GPL-0035] Pin density area adjust:      1764.312 um^2
[INFO GPL-0032] ---- Initialize Region: Top-level
[INFO GPL-0006] Number of instances:              2768
[INFO GPL-0007] Movable instances:                2320
[INFO GPL-0008] Fixed instances:                   448
[INFO GPL-0009] Dummy instances:                     0
[INFO GPL-0010] Number of nets:                   2363
[INFO GPL-0011] Number of pins:                   8525
[INFO GPL-0012] Die BBox:       (  0.000  0.000 ) ( 194.390 194.390 ) um
[INFO GPL-0013] Placement BBox: (  5.060  5.440 ) ( 189.060 187.680 ) um
[INFO GPL-0014] Region name: top-level.
[INFO GPL-0015] Region area:                 33532.160 um^2
[INFO GPL-0017] Fixed instances area:          560.538 um^2
[INFO GPL-0018] Movable instances area:      23864.257 um^2
[INFO GPL-0019] Utilization:                    72.378 %
[INFO GPL-0020] Standard cells area:         23864.257 um^2
[INFO GPL-0021] Large instances area:            0.000 um^2
[INFO GPL-0005] ---- Execute Conjugate Gradient Initial Placement.
[INFO GPL-0051] Source of initial instance position counters:
	Odb location = 0	Core center = 2320	Region center = 0
[InitialPlace]  Iter: 1 conjugate gradient residual: 0.00000009 HPWL: 41872025
[InitialPlace]  Iter: 2 conjugate gradient residual: 0.00000010 HPWL: 21621453
[InitialPlace]  Iter: 3 conjugate gradient residual: 0.00000009 HPWL: 21567706
[InitialPlace]  Iter: 4 conjugate gradient residual: 0.00000008 HPWL: 21599928
[InitialPlace]  Iter: 5 conjugate gradient residual: 0.00000009 HPWL: 21576724
[INFO GPL-0033] ---- Initialize Nesterov Region: Top-level
[WARNING GPL-0302] Target density 0.6000 is too low for the available free area.
Automatically adjusting to uniform density 0.7300.
[INFO GPL-0023] Placement target density:       0.7300
[INFO GPL-0024] Movable insts average area:     10.286 um^2
[INFO GPL-0025] Ideal bin area:                 14.091 um^2
[INFO GPL-0026] Ideal bin count:                  2379
[INFO GPL-0027] Total bin area:              33532.160 um^2
[INFO GPL-0028] Bin count (X, Y):          32 ,     32
[INFO GPL-0029] Bin size (W * H):       5.750 *  5.695 um
[INFO GPL-0030] Number of bins:                   1024
[INFO GPL-0084] ---- Execute Nesterov Global Placement.
[INFO GPL-0031] HPWL: Half-Perimeter Wirelength
Iteration | Overflow |     HPWL (um) |  HPWL(%) |   Penalty | Group
---------------------------------------------------------------
        0 |   0.9895 |  8.040108e+03 |   +0.00% |  9.07e-16 |      
       10 |   0.9784 |  9.384383e+03 |  +16.72% |  1.48e-15 |      
       20 |   0.9783 |  9.385183e+03 |   +0.01% |  2.41e-15 |      
       30 |   0.9781 |  9.389819e+03 |   +0.05% |  3.92e-15 |      
       40 |   0.9779 |  9.403947e+03 |   +0.15% |  6.39e-15 |      
       50 |   0.9777 |  9.410618e+03 |   +0.07% |  1.04e-14 |      
       60 |   0.9776 |  9.415160e+03 |   +0.05% |  1.69e-14 |      
       70 |   0.9776 |  9.415782e+03 |   +0.01% |  2.76e-14 |      
       80 |   0.9776 |  9.417918e+03 |   +0.02% |  4.50e-14 |      
       90 |   0.9775 |  9.426048e+03 |   +0.09% |  7.32e-14 |      
      100 |   0.9775 |  9.442059e+03 |   +0.17% |  1.19e-13 |      
      110 |   0.9774 |  9.471857e+03 |   +0.32% |  1.94e-13 |      
      120 |   0.9771 |  9.524258e+03 |   +0.55% |  3.16e-13 |      
      130 |   0.9758 |  9.624339e+03 |   +1.05% |  5.15e-13 |      
      140 |   0.9754 |  9.806669e+03 |   +1.89% |  8.40e-13 |      
      150 |   0.9732 |  1.012874e+04 |   +3.28% |  1.37e-12 |      
      160 |   0.9679 |  1.067108e+04 |   +5.35% |  2.23e-12 |      
      170 |   0.9590 |  1.154852e+04 |   +8.22% |  3.63e-12 |      
      180 |   0.9495 |  1.267369e+04 |   +9.74% |  5.91e-12 |      
      190 |   0.9346 |  1.409811e+04 |  +11.24% |  9.62e-12 |      
      200 |   0.9194 |  1.574567e+04 |  +11.69% |  1.57e-11 |      
      210 |   0.8990 |  1.768474e+04 |  +12.31% |  2.55e-11 |      
      220 |   0.8755 |  2.001407e+04 |  +13.17% |  4.16e-11 |      
      230 |   0.8487 |  2.274271e+04 |  +13.63% |  6.77e-11 |      
      240 |   0.8164 |  2.561050e+04 |  +12.61% |  1.10e-10 |      
      250 |   0.7836 |  2.820166e+04 |  +10.12% |  1.79e-10 |      
      260 |   0.7458 |  3.077541e+04 |   +9.13% |  2.92e-10 |      
      270 |   0.7061 |  3.331663e+04 |   +8.26% |  4.76e-10 |      
      280 |   0.6659 |  3.572315e+04 |   +7.22% |  7.75e-10 |      
[INFO GPL-0100] Timing-driven iteration 1/2, virtual: false.
[INFO GPL-0101]    Iter: 289, overflow: 0.635, keep resizer changes at: 1, HPWL: 37361156
Iteration |   Area    | Resized | Buffers | Nets repaired | Remaining
---------------------------------------------------------------------
        0 |     +0.0% |       0 |       0 |             0 |      2363
    final |     +0.0% |       0 |       0 |             0 |         0
---------------------------------------------------------------------
   Iter   |    Area   | Removed | Inserted |   Pins
          |           | Buffers | Buffers  | Remaining
-------------------------------------------------------
        0 |     +0.0% |       0 |        0 |      2166
      210 |     -0.1% |      11 |        2 |      1956
      420 |     -0.3% |      31 |        5 |      1746
      630 |     -0.3% |      31 |        5 |      1536
      840 |     -0.4% |      36 |        5 |      1326
     1050 |     -0.5% |      38 |        5 |      1116
     1260 |     -0.7% |      63 |        9 |       906
     1470 |     -1.2% |     101 |       13 |       696
     1680 |     -1.5% |     122 |       17 |       486
     1890 |     -1.6% |     136 |       19 |       276
     2100 |     -1.8% |     147 |       19 |        66
    final |     -1.9% |     154 |       20 |         0
-------------------------------------------------------
[INFO GPL-0106] Timing-driven: worst slack -4e-06
[INFO GPL-0107] Timing-driven: repair_design delta area: -427.910 um^2 (-1.79%)
[INFO GPL-0108] Timing-driven: repair_design, gpl delta gcells: -134 (-5.78%)
[INFO GPL-0109] Timing-driven: repair_design, gcells created: 20, deleted: 154
[INFO GPL-0110] Timing-driven: new target density: 0.7170219
Iteration | Overflow |     HPWL (um) |  HPWL(%) |   Penalty | Group
---------------------------------------------------------------
      290 |   0.6244 |  3.292458e+04 |   -7.83% |  1.26e-09 |      
[INFO GPL-0038] Routability snapshot saved at iter = 294
      293 |   0.5860 |  3.349812e+04 |          |           |      
      300 |   0.5248 |  3.363072e+04 |   +2.14% |  2.06e-09 |      
      310 |   0.4787 |  3.328085e+04 |   -1.04% |  3.35e-09 |      
      320 |   0.4256 |  3.378199e+04 |   +1.51% |  5.45e-09 |      
      330 |   0.3809 |  3.399927e+04 |   +0.64% |  8.88e-09 |      
      340 |   0.3319 |  3.340979e+04 |   -1.73% |  1.40e-08 |      
      350 |   0.3048 |  3.339302e+04 |   -0.05% |  2.07e-08 |      
[INFO GPL-0040] Routability iteration: 1
[INFO GPL-0041] Total routing overflow: 0.0000
[INFO GPL-0042] Number of overflowed tiles: 0 (0.00%)
[INFO GPL-0043] Average top 0.5% routing congestion: 0.9694
[INFO GPL-0044] Average top 1.0% routing congestion: 0.9351
[INFO GPL-0045] Average top 2.0% routing congestion: 0.8820
[INFO GPL-0046] Average top 5.0% routing congestion: 0.7993
[INFO GPL-0047] Routability iteration weighted routing congestion: 0.9522
[INFO GPL-0050] Weighted routing congestion is lower than target routing congestion(1.0100), end routability optimization.
[INFO GPL-0090] Routability finished. Target routing congestion achieved succesfully.
Iteration | Overflow |     HPWL (um) |  HPWL(%) |   Penalty | Group
---------------------------------------------------------------
      360 |   0.2769 |  3.350657e+04 |   +0.34% |  3.05e-08 |      
      370 |   0.2484 |  3.342930e+04 |   -0.23% |  4.49e-08 |      
      380 |   0.2210 |  3.343394e+04 |   +0.01% |  6.61e-08 |      
      390 |   0.1931 |  3.357173e+04 |   +0.41% |  9.74e-08 |      
[INFO GPL-0100] Timing-driven iteration 2/2, virtual: false.
[INFO GPL-0101]    Iter: 391, overflow: 0.193, keep resizer changes at: 1, HPWL: 33571726
Iteration |   Area    | Resized | Buffers | Nets repaired | Remaining
---------------------------------------------------------------------
        0 |     +0.0% |       0 |       0 |             0 |      2229
    final |     +0.0% |       0 |       0 |             0 |         0
---------------------------------------------------------------------
   Iter   |    Area   | Removed | Inserted |   Pins
          |           | Buffers | Buffers  | Remaining
-------------------------------------------------------
        0 |     +0.0% |       0 |        0 |      2166
      210 |     -0.0% |       2 |        2 |      1956
      420 |     -0.0% |       5 |        5 |      1746
      630 |     -0.0% |       5 |        5 |      1536
      840 |     +0.0% |       5 |        6 |      1326
     1050 |     +0.0% |       5 |        6 |      1116
     1260 |     +0.0% |       9 |       10 |       906
     1470 |     +0.0% |      13 |       14 |       696
     1680 |     +0.0% |      17 |       18 |       486
     1890 |     +0.0% |      19 |       20 |       276
     2100 |     +0.0% |      19 |       20 |        66
    final |     +0.1% |      20 |       23 |         0
-------------------------------------------------------
[INFO GPL-0106] Timing-driven: worst slack -4e-06
[INFO GPL-0107] Timing-driven: repair_design delta area: 22.522 um^2 (+0.10%)
[INFO GPL-0108] Timing-driven: repair_design, gpl delta gcells: 3 (+0.14%)
[INFO GPL-0109] Timing-driven: repair_design, gcells created: 23, deleted: 20
[INFO GPL-0110] Timing-driven: new target density: 0.71770495
Iteration | Overflow |     HPWL (um) |  HPWL(%) |   Penalty | Group
---------------------------------------------------------------
      400 |   0.1699 |  3.352982e+04 |   -0.12% |  1.44e-07 |      
      410 |   0.1464 |  3.353787e+04 |   +0.02% |  2.11e-07 |      
      420 |   0.1288 |  3.365824e+04 |   +0.36% |  3.11e-07 |      
      430 |   0.1085 |  3.374849e+04 |   +0.27% |  4.59e-07 |      
      436 |   0.0990 |  3.378185e+04 |          |  6.02e-07 |      
---------------------------------------------------------------
[INFO GPL-1001] Global placement finished at iteration 436
[INFO GPL-1017] Routability mode iteration count: 58
[INFO GPL-1005] Routability final weighted congestion: 0.8023
[INFO GPL-1002] Placed Cell Area            23458.8685
[INFO GPL-1003] Available Free Area         32971.6224
[INFO GPL-1004] Minimum Feasible Density        0.7300 (cell_area / free_area)
[INFO GPL-1006]   Suggested Target Densities:
[INFO GPL-1007]     - For 90% usage of free space: 0.7905
[INFO GPL-1008]     - For 80% usage of free space: 0.8894
[INFO GPL-1011] Original area (um^2): 23864.26
[INFO GPL-1012] Total routability artificial inflation: 0.00 (+0.00%)
[INFO GPL-1013] Total timing-driven delta area: -405.39 (-1.70%)
[INFO GPL-1014] Final placement area: 23458.87 (-1.70%)
Iteration |   Area    | Resized | Buffers | Nets repaired | Remaining
---------------------------------------------------------------------
        0 |     +0.0% |       0 |       0 |             0 |      2232
    final |     +0.0% |       0 |       0 |             0 |         0
---------------------------------------------------------------------
[INFO RSZ-0504] Runtime: 0.13s
[INFO RSZ-0100] Repair move sequence: UnbufferMove SizeUpMove SwapPinsMove BufferMove CloneMove SplitLoadMove 
[INFO RSZ-0098] No setup violations found
[INFO RSZ-0505] Runtime: 0.08s
[INFO RSZ-0033] No hold violations found.
[INFO RSZ-0506] Runtime: 0.02s
[INFO DPL-0006] Core area: 33532.16 um^2
[INFO DPL-0007] Movable instances area: 21694.56 um^2
[INFO DPL-0008] Fixed instances area within core: 560.54 um^2
[INFO DPL-0009] Utilization: 66.4%
[INFO DPL-0005] Diamond search max displacement: +/- 500 sites horizontally, +/- 100 rows vertically.
[INFO DPL-1102] Legalizing using negotiation legalizer.
[INFO DPL-1103] Negotiation base search window: +/-20 sites horizontally, +/-5 rows vertically 
	Automatic search window extension enabled.
	Search window extendable up to the max displacement cap of +/-500 sites, +/-100 rows near walls.
[INFO DPL-1104] NegotiationLegalizer DRC penalty: 5.
[INFO DPL-0392] Negotiation cell height distribution (1 unique row-count(s)):
[INFO DPL-0393]   height 1 row(s): 2637 cells
          |      Total |  Illegal |  Illegal
Iteration | Violations |    Cells |    Sites
---------------------------------------------
        0 |        163 |        37 |       126
        1 |         35 |        11 |        24
        2 |         20 |         6 |        14
        3 |          0 |         0 |         0
Negotiation phase 1 converged at iteration 3.
[INFO DPL-0500] Runtime: 0.03s
Placement Analysis
---------------------------------
total displacement       7864.5 u
average displacement        3.0 u
max displacement           18.8 u
original HPWL           33822.1 u
legalized HPWL          41457.5 u
delta HPWL                   23 %

===KLT_SETUP_VIOLATIONS_BEGIN===
No paths found.

===KLT_SETUP_VIOLATIONS_END===
===KLT_HOLD_VIOLATIONS_BEGIN===
No paths found.

===KLT_HOLD_VIOLATIONS_END===
