OpenROAD 26Q3-1510-g6cb3f2b704 
Features included (+) or not (-): +GPU +GUI +Python
This program is licensed under the BSD-3 license. See the LICENSE file for details.
Components of this program may be licensed under more restrictive licenses which must be honored.
===KLT_MAX_TRANSITION_LIBRARY_VIOLATIONS_BEGIN===
max slew

Pin                                    Limit    Slew   Slack
------------------------------------------------------------
_2625_/Y                                1.50    2.55   -1.05 (VIOLATED)
_2698_/B                                1.50    2.55   -1.05 (VIOLATED)
_2699_/A2                               1.50    2.55   -1.05 (VIOLATED)
_2735_/B                                1.50    2.55   -1.05 (VIOLATED)
_2736_/A2                               1.50    2.55   -1.05 (VIOLATED)
_2711_/B                                1.50    2.55   -1.05 (VIOLATED)
_2712_/A2                               1.50    2.55   -1.05 (VIOLATED)
_2715_/B                                1.50    2.55   -1.05 (VIOLATED)
_2716_/A2                               1.50    2.55   -1.05 (VIOLATED)
_2673_/B                                1.50    2.55   -1.05 (VIOLATED)
_2674_/A2                               1.50    2.55   -1.05 (VIOLATED)
_2731_/B                                1.50    2.55   -1.05 (VIOLATED)
_2732_/A2                               1.50    2.55   -1.05 (VIOLATED)
_2684_/B                                1.50    2.55   -1.05 (VIOLATED)
_2685_/A2                               1.50    2.55   -1.05 (VIOLATED)
_2695_/B                                1.50    2.55   -1.05 (VIOLATED)
_2696_/A2                               1.50    2.55   -1.05 (VIOLATED)
_2688_/B                                1.50    2.55   -1.05 (VIOLATED)
_2702_/B                                1.50    2.55   -1.05 (VIOLATED)
_2703_/A2                               1.50    2.55   -1.05 (VIOLATED)
_2719_/B                                1.50    2.55   -1.05 (VIOLATED)
_2689_/A2                               1.50    2.55   -1.05 (VIOLATED)
_2720_/A2                               1.50    2.55   -1.05 (VIOLATED)
_2727_/B                                1.50    2.55   -1.05 (VIOLATED)
_2723_/B                                1.50    2.55   -1.05 (VIOLATED)
_2724_/A2                               1.50    2.55   -1.05 (VIOLATED)
_2728_/A2                               1.50    2.55   -1.05 (VIOLATED)
_2706_/B                                1.50    2.55   -1.05 (VIOLATED)
_2707_/A2                               1.50    2.55   -1.05 (VIOLATED)
place33/A                               1.50    2.55   -1.05 (VIOLATED)
_2801_/Y                                1.49    1.84   -0.35 (VIOLATED)
_3180_/Y                                1.48    1.83   -0.35 (VIOLATED)
_2071_/X                                1.49    1.84   -0.35 (VIOLATED)
_2077_/B                                1.50    1.84   -0.34 (VIOLATED)
_2089_/B                                1.50    1.84   -0.34 (VIOLATED)
_2103_/B2                               1.50    1.84   -0.34 (VIOLATED)
_2096_/B                                1.50    1.84   -0.34 (VIOLATED)
_2093_/B                                1.50    1.84   -0.34 (VIOLATED)
_2116_/B2                               1.50    1.84   -0.34 (VIOLATED)
_2106_/B                                1.50    1.84   -0.34 (VIOLATED)
_2113_/B2                               1.50    1.84   -0.34 (VIOLATED)
_2109_/B                                1.50    1.84   -0.34 (VIOLATED)
_2126_/B                                1.50    1.84   -0.34 (VIOLATED)
_2129_/B                                1.50    1.84   -0.34 (VIOLATED)
_2119_/B                                1.50    1.84   -0.34 (VIOLATED)
_2122_/B                                1.50    1.84   -0.34 (VIOLATED)
_2132_/B                                1.50    1.84   -0.34 (VIOLATED)
_2147_/B2                               1.50    1.84   -0.34 (VIOLATED)
_2144_/B                                1.50    1.84   -0.34 (VIOLATED)
_2135_/B2                               1.50    1.84   -0.34 (VIOLATED)
_2138_/B                                1.50    1.84   -0.34 (VIOLATED)
_3142_/B                                1.50    1.84   -0.34 (VIOLATED)
_2141_/B                                1.50    1.84   -0.34 (VIOLATED)
_2150_/B2                               1.50    1.84   -0.34 (VIOLATED)
_2153_/B2                               1.50    1.84   -0.34 (VIOLATED)
_2156_/B                                1.50    1.84   -0.34 (VIOLATED)
_2159_/B2                               1.50    1.84   -0.34 (VIOLATED)
_2171_/B2                               1.50    1.84   -0.34 (VIOLATED)
_2162_/B2                               1.50    1.84   -0.34 (VIOLATED)
_2180_/B2                               1.50    1.84   -0.34 (VIOLATED)
_2177_/B2                               1.50    1.84   -0.34 (VIOLATED)
_2165_/B                                1.50    1.84   -0.34 (VIOLATED)
_2168_/B2                               1.50    1.84   -0.34 (VIOLATED)
_2209_/B                                1.50    1.84   -0.34 (VIOLATED)
_2183_/A                                1.50    1.84   -0.34 (VIOLATED)
_2404_/A2                               1.50    1.84   -0.34 (VIOLATED)
_2405_/A3                               1.50    1.84   -0.34 (VIOLATED)
_3196_/B2                               1.50    1.84   -0.34 (VIOLATED)
_3201_/B2                               1.50    1.84   -0.34 (VIOLATED)
_3207_/B2                               1.50    1.84   -0.34 (VIOLATED)
_3205_/B2                               1.50    1.84   -0.34 (VIOLATED)
_3209_/B2                               1.50    1.84   -0.34 (VIOLATED)
_3213_/B2                               1.50    1.84   -0.34 (VIOLATED)
_3217_/B2                               1.50    1.84   -0.34 (VIOLATED)
_3220_/B2                               1.50    1.84   -0.34 (VIOLATED)
_2802_/B1                               1.50    1.84   -0.34 (VIOLATED)
_3183_/B2                               1.50    1.84   -0.34 (VIOLATED)
_3227_/A1                               1.50    1.84   -0.34 (VIOLATED)
_3234_/B2                               1.50    1.84   -0.34 (VIOLATED)
_3237_/A1                               1.50    1.84   -0.34 (VIOLATED)
_3240_/A1                               1.50    1.84   -0.34 (VIOLATED)
_3243_/A1                               1.50    1.84   -0.34 (VIOLATED)
_3255_/A1                               1.50    1.84   -0.34 (VIOLATED)
_3260_/A1                               1.50    1.84   -0.34 (VIOLATED)
_3262_/B2                               1.50    1.84   -0.34 (VIOLATED)
_3266_/A1                               1.50    1.84   -0.34 (VIOLATED)
_3271_/A1                               1.50    1.84   -0.34 (VIOLATED)
_3277_/A1                               1.50    1.84   -0.34 (VIOLATED)
_3285_/A1                               1.50    1.84   -0.34 (VIOLATED)
_3291_/A1                               1.50    1.84   -0.34 (VIOLATED)
_3232_/A2                               1.50    1.83   -0.33 (VIOLATED)
_3261_/B                                1.50    1.83   -0.33 (VIOLATED)
_3264_/A2                               1.50    1.83   -0.33 (VIOLATED)
_3279_/A2                               1.50    1.83   -0.33 (VIOLATED)
_3242_/B1                               1.50    1.83   -0.33 (VIOLATED)
_3253_/A2                               1.50    1.83   -0.33 (VIOLATED)
_3276_/A2                               1.50    1.83   -0.33 (VIOLATED)
_3226_/B                                1.50    1.83   -0.33 (VIOLATED)
_3233_/B                                1.50    1.83   -0.33 (VIOLATED)
_3236_/A2                               1.50    1.83   -0.33 (VIOLATED)
_3239_/A2                               1.50    1.83   -0.33 (VIOLATED)
_3259_/A2                               1.50    1.83   -0.33 (VIOLATED)
_3270_/A2                               1.50    1.83   -0.33 (VIOLATED)
_3284_/A2                               1.50    1.83   -0.33 (VIOLATED)
_3290_/A2                               1.50    1.83   -0.33 (VIOLATED)
place36/A                               1.50    1.83   -0.33 (VIOLATED)
_2476_/B                                1.50    1.67   -0.17 (VIOLATED)
_2477_/A2                               1.50    1.67   -0.17 (VIOLATED)
_2465_/B                                1.50    1.67   -0.17 (VIOLATED)
_2466_/A2                               1.50    1.67   -0.17 (VIOLATED)
_2519_/B                                1.50    1.67   -0.17 (VIOLATED)
_2520_/A2                               1.50    1.67   -0.17 (VIOLATED)
_2510_/A2                               1.50    1.67   -0.17 (VIOLATED)
_2438_/B                                1.50    1.67   -0.17 (VIOLATED)
_2439_/A2                               1.50    1.67   -0.17 (VIOLATED)
_2509_/B                                1.50    1.67   -0.17 (VIOLATED)
_2460_/A2                               1.50    1.67   -0.17 (VIOLATED)
_2489_/A2                               1.50    1.67   -0.17 (VIOLATED)
_2488_/B                                1.50    1.67   -0.17 (VIOLATED)
_2452_/B                                1.50    1.67   -0.17 (VIOLATED)
_2453_/A2                               1.50    1.67   -0.17 (VIOLATED)
_2554_/A2                               1.50    1.67   -0.17 (VIOLATED)
_2459_/B                                1.50    1.67   -0.17 (VIOLATED)
_2504_/B                                1.50    1.67   -0.17 (VIOLATED)
_2505_/A2                               1.50    1.67   -0.17 (VIOLATED)
_2553_/B                                1.50    1.67   -0.17 (VIOLATED)
_2484_/A2                               1.50    1.67   -0.17 (VIOLATED)
_2500_/A2                               1.50    1.67   -0.17 (VIOLATED)
_2499_/B                                1.50    1.67   -0.17 (VIOLATED)
_2483_/B                                1.50    1.67   -0.17 (VIOLATED)
_2515_/A2                               1.50    1.67   -0.17 (VIOLATED)
_2514_/B                                1.50    1.67   -0.17 (VIOLATED)
_2472_/A2                               1.50    1.67   -0.17 (VIOLATED)
_2471_/B                                1.50    1.67   -0.17 (VIOLATED)
_2494_/A2                               1.50    1.67   -0.17 (VIOLATED)
_2493_/B                                1.50    1.67   -0.17 (VIOLATED)
_3162_/A                                1.50    1.67   -0.17 (VIOLATED)
_3163_/A2                               1.50    1.67   -0.17 (VIOLATED)
_2530_/A2                               1.50    1.67   -0.17 (VIOLATED)
_2529_/B                                1.50    1.67   -0.17 (VIOLATED)
_2621_/B                                1.50    1.67   -0.17 (VIOLATED)
_2622_/A2                               1.50    1.67   -0.17 (VIOLATED)
_2535_/A2                               1.50    1.67   -0.17 (VIOLATED)
_2563_/A2                               1.50    1.67   -0.17 (VIOLATED)
_2534_/B                                1.50    1.67   -0.17 (VIOLATED)
_2562_/B                                1.50    1.67   -0.17 (VIOLATED)
_2582_/B                                1.50    1.67   -0.17 (VIOLATED)
_2583_/A2                               1.50    1.67   -0.17 (VIOLATED)
_2588_/B                                1.50    1.67   -0.17 (VIOLATED)
_2525_/A2                               1.50    1.67   -0.17 (VIOLATED)
_2589_/A2                               1.50    1.67   -0.17 (VIOLATED)
_2524_/B                                1.50    1.67   -0.17 (VIOLATED)
_2616_/B                                1.50    1.67   -0.17 (VIOLATED)
_2594_/B                                1.50    1.67   -0.17 (VIOLATED)
_2595_/A2                               1.50    1.67   -0.17 (VIOLATED)
_2559_/B                                1.50    1.67   -0.17 (VIOLATED)
_2560_/A2                               1.50    1.67   -0.17 (VIOLATED)
_2539_/B                                1.50    1.67   -0.17 (VIOLATED)
_2540_/A2                               1.50    1.67   -0.17 (VIOLATED)
_2570_/B                                1.50    1.67   -0.17 (VIOLATED)
_2571_/A2                               1.50    1.67   -0.17 (VIOLATED)
_2604_/B                                1.50    1.67   -0.17 (VIOLATED)
_2607_/B                                1.50    1.67   -0.17 (VIOLATED)
_2545_/B                                1.50    1.67   -0.17 (VIOLATED)
_2608_/A2                               1.50    1.67   -0.17 (VIOLATED)
_2546_/A2                               1.50    1.67   -0.17 (VIOLATED)
_2579_/B                                1.50    1.67   -0.17 (VIOLATED)
_2433_/X                                1.50    1.67   -0.17 (VIOLATED)
_2235_/Y                                1.49    1.60   -0.12 (VIOLATED)
_2248_/B                                1.50    1.60   -0.10 (VIOLATED)
_2273_/B                                1.50    1.60   -0.10 (VIOLATED)
_2237_/B                                1.50    1.60   -0.10 (VIOLATED)
_2241_/B                                1.50    1.60   -0.10 (VIOLATED)
_2245_/B                                1.50    1.60   -0.10 (VIOLATED)
_2251_/B                                1.50    1.60   -0.10 (VIOLATED)
_2254_/B                                1.50    1.60   -0.10 (VIOLATED)
_2257_/B                                1.50    1.60   -0.10 (VIOLATED)
_2260_/B                                1.50    1.60   -0.10 (VIOLATED)
_2264_/B                                1.50    1.60   -0.10 (VIOLATED)
_2267_/B                                1.50    1.60   -0.10 (VIOLATED)
_2270_/B                                1.50    1.60   -0.10 (VIOLATED)
_2276_/B                                1.50    1.60   -0.10 (VIOLATED)
_2280_/B                                1.50    1.60   -0.10 (VIOLATED)
_2283_/B                                1.50    1.60   -0.10 (VIOLATED)
_2286_/B                                1.50    1.60   -0.10 (VIOLATED)
_2289_/B                                1.50    1.60   -0.10 (VIOLATED)
_2292_/B                                1.50    1.60   -0.10 (VIOLATED)
_2295_/B                                1.50    1.60   -0.10 (VIOLATED)
_2298_/B                                1.50    1.60   -0.10 (VIOLATED)
_2301_/B                                1.50    1.60   -0.10 (VIOLATED)
_2304_/B                                1.50    1.60   -0.10 (VIOLATED)
_2307_/B                                1.50    1.60   -0.10 (VIOLATED)
_2311_/B                                1.50    1.60   -0.10 (VIOLATED)
_2314_/B                                1.50    1.60   -0.10 (VIOLATED)
_2317_/B                                1.50    1.60   -0.10 (VIOLATED)
_2320_/B                                1.50    1.60   -0.10 (VIOLATED)
_2323_/B                                1.50    1.60   -0.10 (VIOLATED)
_2326_/B                                1.50    1.60   -0.10 (VIOLATED)
_2329_/B                                1.50    1.60   -0.10 (VIOLATED)
_2332_/B                                1.50    1.60   -0.10 (VIOLATED)
_1463_/Y                                1.49    1.52   -0.03 (VIOLATED)
_1465_/C                                1.50    1.52   -0.02 (VIOLATED)
_1476_/B                                1.50    1.52   -0.02 (VIOLATED)
_1492_/D                                1.50    1.52   -0.02 (VIOLATED)
_1499_/B                                1.50    1.52   -0.02 (VIOLATED)
_1506_/B                                1.50    1.52   -0.02 (VIOLATED)
_1522_/A                                1.50    1.52   -0.02 (VIOLATED)
_1530_/C                                1.50    1.52   -0.02 (VIOLATED)
_1536_/B                                1.50    1.52   -0.02 (VIOLATED)
_1547_/B                                1.50    1.52   -0.02 (VIOLATED)
_1553_/B                                1.50    1.52   -0.02 (VIOLATED)
_1559_/B                                1.50    1.52   -0.02 (VIOLATED)
_1570_/C                                1.50    1.52   -0.02 (VIOLATED)

===KLT_MAX_TRANSITION_LIBRARY_VIOLATIONS_END===
===KLT_MAX_CAPACITANCE_LIBRARY_VIOLATIONS_BEGIN===
max capacitance

Pin                                    Limit     Cap   Slack
------------------------------------------------------------
_2625_/Y                                0.05    0.09   -0.04 (VIOLATED)

_2071_/X                                0.10    0.12   -0.02 (VIOLATED)

_2433_/X                                0.19    0.21   -0.02 (VIOLATED)

_2801_/Y                                0.06    0.08   -0.02 (VIOLATED)

_2235_/Y                                0.09    0.11   -0.01 (VIOLATED)

_3180_/Y                                0.05    0.06   -0.01 (VIOLATED)

_1463_/Y                                0.04    0.04   -0.00 (VIOLATED)

===KLT_MAX_CAPACITANCE_LIBRARY_VIOLATIONS_END===
===KLT_MAX_TRANSITION_VIOLATIONS_BEGIN===
max slew

Pin                                    Limit    Slew   Slack
------------------------------------------------------------
_2625_/Y                                1.50    2.55   -1.05 (VIOLATED)
_2698_/B                                1.50    2.55   -1.05 (VIOLATED)
_2699_/A2                               1.50    2.55   -1.05 (VIOLATED)
_2735_/B                                1.50    2.55   -1.05 (VIOLATED)
_2736_/A2                               1.50    2.55   -1.05 (VIOLATED)
_2711_/B                                1.50    2.55   -1.05 (VIOLATED)
_2712_/A2                               1.50    2.55   -1.05 (VIOLATED)
_2715_/B                                1.50    2.55   -1.05 (VIOLATED)
_2716_/A2                               1.50    2.55   -1.05 (VIOLATED)
_2673_/B                                1.50    2.55   -1.05 (VIOLATED)
_2674_/A2                               1.50    2.55   -1.05 (VIOLATED)
_2731_/B                                1.50    2.55   -1.05 (VIOLATED)
_2732_/A2                               1.50    2.55   -1.05 (VIOLATED)
_2684_/B                                1.50    2.55   -1.05 (VIOLATED)
_2685_/A2                               1.50    2.55   -1.05 (VIOLATED)
_2695_/B                                1.50    2.55   -1.05 (VIOLATED)
_2696_/A2                               1.50    2.55   -1.05 (VIOLATED)
_2688_/B                                1.50    2.55   -1.05 (VIOLATED)
_2702_/B                                1.50    2.55   -1.05 (VIOLATED)
_2703_/A2                               1.50    2.55   -1.05 (VIOLATED)
_2719_/B                                1.50    2.55   -1.05 (VIOLATED)
_2689_/A2                               1.50    2.55   -1.05 (VIOLATED)
_2720_/A2                               1.50    2.55   -1.05 (VIOLATED)
_2727_/B                                1.50    2.55   -1.05 (VIOLATED)
_2723_/B                                1.50    2.55   -1.05 (VIOLATED)
_2724_/A2                               1.50    2.55   -1.05 (VIOLATED)
_2728_/A2                               1.50    2.55   -1.05 (VIOLATED)
_2706_/B                                1.50    2.55   -1.05 (VIOLATED)
_2707_/A2                               1.50    2.55   -1.05 (VIOLATED)
place33/A                               1.50    2.55   -1.05 (VIOLATED)
_2801_/Y                                1.49    1.84   -0.35 (VIOLATED)
_3180_/Y                                1.48    1.83   -0.35 (VIOLATED)
_2071_/X                                1.49    1.84   -0.35 (VIOLATED)
_2077_/B                                1.50    1.84   -0.34 (VIOLATED)
_2089_/B                                1.50    1.84   -0.34 (VIOLATED)
_2103_/B2                               1.50    1.84   -0.34 (VIOLATED)
_2096_/B                                1.50    1.84   -0.34 (VIOLATED)
_2093_/B                                1.50    1.84   -0.34 (VIOLATED)
_2116_/B2                               1.50    1.84   -0.34 (VIOLATED)
_2106_/B                                1.50    1.84   -0.34 (VIOLATED)
_2113_/B2                               1.50    1.84   -0.34 (VIOLATED)
_2109_/B                                1.50    1.84   -0.34 (VIOLATED)
_2126_/B                                1.50    1.84   -0.34 (VIOLATED)
_2129_/B                                1.50    1.84   -0.34 (VIOLATED)
_2119_/B                                1.50    1.84   -0.34 (VIOLATED)
_2122_/B                                1.50    1.84   -0.34 (VIOLATED)
_2132_/B                                1.50    1.84   -0.34 (VIOLATED)
_2147_/B2                               1.50    1.84   -0.34 (VIOLATED)
_2144_/B                                1.50    1.84   -0.34 (VIOLATED)
_2135_/B2                               1.50    1.84   -0.34 (VIOLATED)
_2138_/B                                1.50    1.84   -0.34 (VIOLATED)
_3142_/B                                1.50    1.84   -0.34 (VIOLATED)
_2141_/B                                1.50    1.84   -0.34 (VIOLATED)
_2150_/B2                               1.50    1.84   -0.34 (VIOLATED)
_2153_/B2                               1.50    1.84   -0.34 (VIOLATED)
_2156_/B                                1.50    1.84   -0.34 (VIOLATED)
_2159_/B2                               1.50    1.84   -0.34 (VIOLATED)
_2171_/B2                               1.50    1.84   -0.34 (VIOLATED)
_2162_/B2                               1.50    1.84   -0.34 (VIOLATED)
_2180_/B2                               1.50    1.84   -0.34 (VIOLATED)
_2177_/B2                               1.50    1.84   -0.34 (VIOLATED)
_2165_/B                                1.50    1.84   -0.34 (VIOLATED)
_2168_/B2                               1.50    1.84   -0.34 (VIOLATED)
_2209_/B                                1.50    1.84   -0.34 (VIOLATED)
_2183_/A                                1.50    1.84   -0.34 (VIOLATED)
_2404_/A2                               1.50    1.84   -0.34 (VIOLATED)
_2405_/A3                               1.50    1.84   -0.34 (VIOLATED)
_3196_/B2                               1.50    1.84   -0.34 (VIOLATED)
_3201_/B2                               1.50    1.84   -0.34 (VIOLATED)
_3207_/B2                               1.50    1.84   -0.34 (VIOLATED)
_3205_/B2                               1.50    1.84   -0.34 (VIOLATED)
_3209_/B2                               1.50    1.84   -0.34 (VIOLATED)
_3213_/B2                               1.50    1.84   -0.34 (VIOLATED)
_3217_/B2                               1.50    1.84   -0.34 (VIOLATED)
_3220_/B2                               1.50    1.84   -0.34 (VIOLATED)
_2802_/B1                               1.50    1.84   -0.34 (VIOLATED)
_3183_/B2                               1.50    1.84   -0.34 (VIOLATED)
_3227_/A1                               1.50    1.84   -0.34 (VIOLATED)
_3234_/B2                               1.50    1.84   -0.34 (VIOLATED)
_3237_/A1                               1.50    1.84   -0.34 (VIOLATED)
_3240_/A1                               1.50    1.84   -0.34 (VIOLATED)
_3243_/A1                               1.50    1.84   -0.34 (VIOLATED)
_3255_/A1                               1.50    1.84   -0.34 (VIOLATED)
_3260_/A1                               1.50    1.84   -0.34 (VIOLATED)
_3262_/B2                               1.50    1.84   -0.34 (VIOLATED)
_3266_/A1                               1.50    1.84   -0.34 (VIOLATED)
_3271_/A1                               1.50    1.84   -0.34 (VIOLATED)
_3277_/A1                               1.50    1.84   -0.34 (VIOLATED)
_3285_/A1                               1.50    1.84   -0.34 (VIOLATED)
_3291_/A1                               1.50    1.84   -0.34 (VIOLATED)
_3232_/A2                               1.50    1.83   -0.33 (VIOLATED)
_3261_/B                                1.50    1.83   -0.33 (VIOLATED)
_3264_/A2                               1.50    1.83   -0.33 (VIOLATED)
_3279_/A2                               1.50    1.83   -0.33 (VIOLATED)
_3242_/B1                               1.50    1.83   -0.33 (VIOLATED)
_3253_/A2                               1.50    1.83   -0.33 (VIOLATED)
_3276_/A2                               1.50    1.83   -0.33 (VIOLATED)
_3226_/B                                1.50    1.83   -0.33 (VIOLATED)
_3233_/B                                1.50    1.83   -0.33 (VIOLATED)
_3236_/A2                               1.50    1.83   -0.33 (VIOLATED)
_3239_/A2                               1.50    1.83   -0.33 (VIOLATED)
_3259_/A2                               1.50    1.83   -0.33 (VIOLATED)
_3270_/A2                               1.50    1.83   -0.33 (VIOLATED)
_3284_/A2                               1.50    1.83   -0.33 (VIOLATED)
_3290_/A2                               1.50    1.83   -0.33 (VIOLATED)
place36/A                               1.50    1.83   -0.33 (VIOLATED)
_2476_/B                                1.50    1.67   -0.17 (VIOLATED)
_2477_/A2                               1.50    1.67   -0.17 (VIOLATED)
_2465_/B                                1.50    1.67   -0.17 (VIOLATED)
_2466_/A2                               1.50    1.67   -0.17 (VIOLATED)
_2519_/B                                1.50    1.67   -0.17 (VIOLATED)
_2520_/A2                               1.50    1.67   -0.17 (VIOLATED)
_2510_/A2                               1.50    1.67   -0.17 (VIOLATED)
_2438_/B                                1.50    1.67   -0.17 (VIOLATED)
_2439_/A2                               1.50    1.67   -0.17 (VIOLATED)
_2509_/B                                1.50    1.67   -0.17 (VIOLATED)
_2460_/A2                               1.50    1.67   -0.17 (VIOLATED)
_2489_/A2                               1.50    1.67   -0.17 (VIOLATED)
_2488_/B                                1.50    1.67   -0.17 (VIOLATED)
_2452_/B                                1.50    1.67   -0.17 (VIOLATED)
_2453_/A2                               1.50    1.67   -0.17 (VIOLATED)
_2554_/A2                               1.50    1.67   -0.17 (VIOLATED)
_2459_/B                                1.50    1.67   -0.17 (VIOLATED)
_2504_/B                                1.50    1.67   -0.17 (VIOLATED)
_2505_/A2                               1.50    1.67   -0.17 (VIOLATED)
_2553_/B                                1.50    1.67   -0.17 (VIOLATED)
_2484_/A2                               1.50    1.67   -0.17 (VIOLATED)
_2500_/A2                               1.50    1.67   -0.17 (VIOLATED)
_2499_/B                                1.50    1.67   -0.17 (VIOLATED)
_2483_/B                                1.50    1.67   -0.17 (VIOLATED)
_2515_/A2                               1.50    1.67   -0.17 (VIOLATED)
_2514_/B                                1.50    1.67   -0.17 (VIOLATED)
_2472_/A2                               1.50    1.67   -0.17 (VIOLATED)
_2471_/B                                1.50    1.67   -0.17 (VIOLATED)
_2494_/A2                               1.50    1.67   -0.17 (VIOLATED)
_2493_/B                                1.50    1.67   -0.17 (VIOLATED)
_3162_/A                                1.50    1.67   -0.17 (VIOLATED)
_3163_/A2                               1.50    1.67   -0.17 (VIOLATED)
_2530_/A2                               1.50    1.67   -0.17 (VIOLATED)
_2529_/B                                1.50    1.67   -0.17 (VIOLATED)
_2621_/B                                1.50    1.67   -0.17 (VIOLATED)
_2622_/A2                               1.50    1.67   -0.17 (VIOLATED)
_2535_/A2                               1.50    1.67   -0.17 (VIOLATED)
_2563_/A2                               1.50    1.67   -0.17 (VIOLATED)
_2534_/B                                1.50    1.67   -0.17 (VIOLATED)
_2562_/B                                1.50    1.67   -0.17 (VIOLATED)
_2582_/B                                1.50    1.67   -0.17 (VIOLATED)
_2583_/A2                               1.50    1.67   -0.17 (VIOLATED)
_2588_/B                                1.50    1.67   -0.17 (VIOLATED)
_2525_/A2                               1.50    1.67   -0.17 (VIOLATED)
_2589_/A2                               1.50    1.67   -0.17 (VIOLATED)
_2524_/B                                1.50    1.67   -0.17 (VIOLATED)
_2616_/B                                1.50    1.67   -0.17 (VIOLATED)
_2594_/B                                1.50    1.67   -0.17 (VIOLATED)
_2595_/A2                               1.50    1.67   -0.17 (VIOLATED)
_2559_/B                                1.50    1.67   -0.17 (VIOLATED)
_2560_/A2                               1.50    1.67   -0.17 (VIOLATED)
_2539_/B                                1.50    1.67   -0.17 (VIOLATED)
_2540_/A2                               1.50    1.67   -0.17 (VIOLATED)
_2570_/B                                1.50    1.67   -0.17 (VIOLATED)
_2571_/A2                               1.50    1.67   -0.17 (VIOLATED)
_2604_/B                                1.50    1.67   -0.17 (VIOLATED)
_2607_/B                                1.50    1.67   -0.17 (VIOLATED)
_2545_/B                                1.50    1.67   -0.17 (VIOLATED)
_2608_/A2                               1.50    1.67   -0.17 (VIOLATED)
_2546_/A2                               1.50    1.67   -0.17 (VIOLATED)
_2579_/B                                1.50    1.67   -0.17 (VIOLATED)
_2433_/X                                1.50    1.67   -0.17 (VIOLATED)
_2235_/Y                                1.49    1.60   -0.12 (VIOLATED)
_2248_/B                                1.50    1.60   -0.10 (VIOLATED)
_2273_/B                                1.50    1.60   -0.10 (VIOLATED)
_2237_/B                                1.50    1.60   -0.10 (VIOLATED)
_2241_/B                                1.50    1.60   -0.10 (VIOLATED)
_2245_/B                                1.50    1.60   -0.10 (VIOLATED)
_2251_/B                                1.50    1.60   -0.10 (VIOLATED)
_2254_/B                                1.50    1.60   -0.10 (VIOLATED)
_2257_/B                                1.50    1.60   -0.10 (VIOLATED)
_2260_/B                                1.50    1.60   -0.10 (VIOLATED)
_2264_/B                                1.50    1.60   -0.10 (VIOLATED)
_2267_/B                                1.50    1.60   -0.10 (VIOLATED)
_2270_/B                                1.50    1.60   -0.10 (VIOLATED)
_2276_/B                                1.50    1.60   -0.10 (VIOLATED)
_2280_/B                                1.50    1.60   -0.10 (VIOLATED)
_2283_/B                                1.50    1.60   -0.10 (VIOLATED)
_2286_/B                                1.50    1.60   -0.10 (VIOLATED)
_2289_/B                                1.50    1.60   -0.10 (VIOLATED)
_2292_/B                                1.50    1.60   -0.10 (VIOLATED)
_2295_/B                                1.50    1.60   -0.10 (VIOLATED)
_2298_/B                                1.50    1.60   -0.10 (VIOLATED)
_2301_/B                                1.50    1.60   -0.10 (VIOLATED)
_2304_/B                                1.50    1.60   -0.10 (VIOLATED)
_2307_/B                                1.50    1.60   -0.10 (VIOLATED)
_2311_/B                                1.50    1.60   -0.10 (VIOLATED)
_2314_/B                                1.50    1.60   -0.10 (VIOLATED)
_2317_/B                                1.50    1.60   -0.10 (VIOLATED)
_2320_/B                                1.50    1.60   -0.10 (VIOLATED)
_2323_/B                                1.50    1.60   -0.10 (VIOLATED)
_2326_/B                                1.50    1.60   -0.10 (VIOLATED)
_2329_/B                                1.50    1.60   -0.10 (VIOLATED)
_2332_/B                                1.50    1.60   -0.10 (VIOLATED)
_1463_/Y                                1.49    1.52   -0.03 (VIOLATED)
_1465_/C                                1.50    1.52   -0.02 (VIOLATED)
_1476_/B                                1.50    1.52   -0.02 (VIOLATED)
_1492_/D                                1.50    1.52   -0.02 (VIOLATED)
_1499_/B                                1.50    1.52   -0.02 (VIOLATED)
_1506_/B                                1.50    1.52   -0.02 (VIOLATED)
_1522_/A                                1.50    1.52   -0.02 (VIOLATED)
_1530_/C                                1.50    1.52   -0.02 (VIOLATED)
_1536_/B                                1.50    1.52   -0.02 (VIOLATED)
_1547_/B                                1.50    1.52   -0.02 (VIOLATED)
_1553_/B                                1.50    1.52   -0.02 (VIOLATED)
_1559_/B                                1.50    1.52   -0.02 (VIOLATED)
_1570_/C                                1.50    1.52   -0.02 (VIOLATED)

===KLT_MAX_TRANSITION_VIOLATIONS_END===
===KLT_MAX_CAPACITANCE_VIOLATIONS_BEGIN===
max capacitance

Pin                                    Limit     Cap   Slack
------------------------------------------------------------
_2625_/Y                                0.05    0.09   -0.04 (VIOLATED)

_2071_/X                                0.10    0.12   -0.02 (VIOLATED)

_2433_/X                                0.19    0.21   -0.02 (VIOLATED)

_2801_/Y                                0.06    0.08   -0.02 (VIOLATED)

_2235_/Y                                0.09    0.11   -0.01 (VIOLATED)

_3180_/Y                                0.05    0.06   -0.01 (VIOLATED)

_1463_/Y                                0.04    0.04   -0.00 (VIOLATED)

===KLT_MAX_CAPACITANCE_VIOLATIONS_END===
