OpenROAD 26Q3-1510-g6cb3f2b704 
Features included (+) or not (-): +GPU +GUI +Python
This program is licensed under the BSD-3 license. See the LICENSE file for details.
Components of this program may be licensed under more restrictive licenses which must be honored.
Found 0 macro blocks.
Using 2 tracks default min distance between IO pins.
[INFO PPL-0001] Number of available slots 882
[INFO PPL-0002] Number of I/O             111
[INFO PPL-0003] Number of I/O w/sink      82
[INFO PPL-0004] Number of I/O w/o sink    29
[INFO PPL-0005] Slots per section         200
[INFO PPL-0008] Successfully assigned pins to sections.
[INFO PPL-0012] I/O nets HPWL: 12333.21 um.
[INFO GPL-0001] ---- Initialize GPL Main Data Structures
[INFO GPL-0002] DBU: 1000
[INFO GPL-0003] SiteSize: (  0.460  2.720 ) um
[INFO GPL-0004] CoreBBox: (  5.060  5.440 ) ( 239.660 239.360 ) um
[INFO GPL-0016] Core area:                   54877.632 um^2
[INFO GPL-0036] Movable instances area:      22099.946 um^2
[INFO GPL-0037] Total instances area:        22980.790 um^2
[INFO GPL-0035] Pin density area adjust:      1764.312 um^2
[INFO GPL-0032] ---- Initialize Region: Top-level
[INFO GPL-0006] Number of instances:              3024
[INFO GPL-0007] Movable instances:                2320
[INFO GPL-0008] Fixed instances:                   704
[INFO GPL-0009] Dummy instances:                     0
[INFO GPL-0010] Number of nets:                   2363
[INFO GPL-0011] Number of pins:                   8525
[INFO GPL-0012] Die BBox:       (  0.000  0.000 ) ( 245.050 245.050 ) um
[INFO GPL-0013] Placement BBox: (  5.060  5.440 ) ( 239.660 239.360 ) um
[INFO GPL-0014] Region name: top-level.
[INFO GPL-0015] Region area:                 54877.632 um^2
[INFO GPL-0017] Fixed instances area:          880.845 um^2
[INFO GPL-0018] Movable instances area:      23864.257 um^2
[INFO GPL-0019] Utilization:                    44.196 %
[INFO GPL-0020] Standard cells area:         23864.257 um^2
[INFO GPL-0021] Large instances area:            0.000 um^2
[INFO GPL-0005] ---- Execute Conjugate Gradient Initial Placement.
[INFO GPL-0051] Source of initial instance position counters:
	Odb location = 0	Core center = 2320	Region center = 0
[InitialPlace]  Iter: 1 conjugate gradient residual: 0.00000009 HPWL: 28345125
[InitialPlace]  Iter: 2 conjugate gradient residual: 0.00000008 HPWL: 21607067
[InitialPlace]  Iter: 3 conjugate gradient residual: 0.00000007 HPWL: 21568747
[InitialPlace]  Iter: 4 conjugate gradient residual: 0.00000007 HPWL: 21589885
[InitialPlace]  Iter: 5 conjugate gradient residual: 0.00000007 HPWL: 21573312
[INFO GPL-0033] ---- Initialize Nesterov Region: Top-level
[INFO GPL-0023] Placement target density:       0.6000
[INFO GPL-0024] Movable insts average area:     10.286 um^2
[INFO GPL-0025] Ideal bin area:                 17.144 um^2
[INFO GPL-0026] Ideal bin count:                  3201
[INFO GPL-0027] Total bin area:              54877.632 um^2
[INFO GPL-0028] Bin count (X, Y):          32 ,     32
[INFO GPL-0029] Bin size (W * H):       7.331 *  7.310 um
[INFO GPL-0030] Number of bins:                   1024
[INFO GPL-0084] ---- Execute Nesterov Global Placement.
[INFO GPL-0031] HPWL: Half-Perimeter Wirelength
Iteration | Overflow |     HPWL (um) |  HPWL(%) |   Penalty | Group
---------------------------------------------------------------
        0 |   0.9882 |  8.208626e+03 |   +0.00% |  9.21e-16 |      
       10 |   0.9788 |  9.568455e+03 |  +16.57% |  1.50e-15 |      
       20 |   0.9787 |  9.575910e+03 |   +0.08% |  2.44e-15 |      
       30 |   0.9787 |  9.575795e+03 |   -0.00% |  3.98e-15 |      
       40 |   0.9787 |  9.589203e+03 |   +0.14% |  6.48e-15 |      
       50 |   0.9787 |  9.596758e+03 |   +0.08% |  1.06e-14 |      
       60 |   0.9787 |  9.602197e+03 |   +0.06% |  1.72e-14 |      
       70 |   0.9787 |  9.602415e+03 |   +0.00% |  2.80e-14 |      
       80 |   0.9787 |  9.604641e+03 |   +0.02% |  4.56e-14 |      
       90 |   0.9786 |  9.613782e+03 |   +0.10% |  7.43e-14 |      
      100 |   0.9786 |  9.633270e+03 |   +0.20% |  1.21e-13 |      
      110 |   0.9784 |  9.668872e+03 |   +0.37% |  1.97e-13 |      
      120 |   0.9781 |  9.731337e+03 |   +0.65% |  3.21e-13 |      
      130 |   0.9768 |  9.843756e+03 |   +1.16% |  5.23e-13 |      
      140 |   0.9745 |  1.004947e+04 |   +2.09% |  8.52e-13 |      
      150 |   0.9726 |  1.045708e+04 |   +4.06% |  1.39e-12 |      
      160 |   0.9685 |  1.120741e+04 |   +7.18% |  2.26e-12 |      
      170 |   0.9618 |  1.234745e+04 |  +10.17% |  3.68e-12 |      
      180 |   0.9488 |  1.380640e+04 |  +11.82% |  6.00e-12 |      
      190 |   0.9365 |  1.553630e+04 |  +12.53% |  9.76e-12 |      
      200 |   0.9215 |  1.743670e+04 |  +12.23% |  1.59e-11 |      
      210 |   0.8986 |  1.947653e+04 |  +11.70% |  2.59e-11 |      
      220 |   0.8723 |  2.194693e+04 |  +12.68% |  4.22e-11 |      
      230 |   0.8463 |  2.482931e+04 |  +13.13% |  6.87e-11 |      
      240 |   0.8159 |  2.774431e+04 |  +11.74% |  1.12e-10 |      
      250 |   0.7836 |  3.039859e+04 |   +9.57% |  1.82e-10 |      
      260 |   0.7469 |  3.325895e+04 |   +9.41% |  2.97e-10 |      
      270 |   0.7041 |  3.573625e+04 |   +7.45% |  4.83e-10 |      
      280 |   0.6674 |  3.831714e+04 |   +7.22% |  7.86e-10 |      
[INFO GPL-0100] Timing-driven iteration 1/2, virtual: false.
[INFO GPL-0101]    Iter: 289, overflow: 0.633, keep resizer changes at: 1, HPWL: 40577058
Iteration |   Area    | Resized | Buffers | Nets repaired | Remaining
---------------------------------------------------------------------
        0 |     +0.0% |       0 |       0 |             0 |      2363
    final |     +0.1% |       2 |       1 |             2 |         0
---------------------------------------------------------------------
[INFO RSZ-0034] Found 2 slew violations.
[INFO RSZ-0039] Resized 2 instances.
[INFO RSZ-0038] Inserted 1 buffers in 2 nets.
   Iter   |    Area   | Removed | Inserted |   Pins
          |           | Buffers | Buffers  | Remaining
-------------------------------------------------------
        0 |     +0.0% |       0 |        0 |      2166
      210 |     -0.1% |      11 |        3 |      1956
      420 |     -0.2% |      31 |        7 |      1746
      630 |     -0.2% |      31 |        7 |      1536
      840 |     -0.2% |      36 |        9 |      1326
     1050 |     -0.3% |      38 |        9 |      1116
     1260 |     -0.5% |      63 |       16 |       906
     1470 |     -0.8% |     101 |       24 |       696
     1680 |     -0.9% |     123 |       33 |       486
     1890 |     -1.0% |     137 |       37 |       276
     2100 |     -1.1% |     148 |       39 |        66
    final |     -1.1% |     155 |       43 |         0
-------------------------------------------------------
[INFO GPL-0106] Timing-driven: worst slack -4e-06
[INFO GPL-0107] Timing-driven: repair_design delta area: -236.427 um^2 (-0.99%)
[INFO GPL-0108] Timing-driven: repair_design, gpl delta gcells: -111 (-4.78%)
[INFO GPL-0109] Timing-driven: repair_design, gcells created: 44, deleted: 155
[INFO GPL-0110] Timing-driven: new target density: 0.59562147
Iteration | Overflow |     HPWL (um) |  HPWL(%) |   Penalty | Group
---------------------------------------------------------------
      290 |   0.6186 |  3.571822e+04 |   -6.78% |  1.28e-09 |      
[INFO GPL-0038] Routability snapshot saved at iter = 293
      292 |   0.5959 |  3.604173e+04 |          |           |      
      300 |   0.5230 |  3.662304e+04 |   +2.53% |  2.09e-09 |      
      310 |   0.4855 |  3.633006e+04 |   -0.80% |  3.40e-09 |      
      320 |   0.4197 |  3.771997e+04 |   +3.83% |  5.53e-09 |      
      330 |   0.3681 |  3.755613e+04 |   -0.43% |  9.01e-09 |      
      340 |   0.3190 |  3.767242e+04 |   +0.31% |  1.41e-08 |      
[INFO GPL-0040] Routability iteration: 1
[INFO GPL-0041] Total routing overflow: 0.2266
[INFO GPL-0042] Number of overflowed tiles: 2 (0.16%)
[INFO GPL-0043] Average top 0.5% routing congestion: 0.9777
[INFO GPL-0044] Average top 1.0% routing congestion: 0.9020
[INFO GPL-0045] Average top 2.0% routing congestion: 0.8306
[INFO GPL-0046] Average top 5.0% routing congestion: 0.7436
[INFO GPL-0047] Routability iteration weighted routing congestion: 0.9399
[INFO GPL-0050] Weighted routing congestion is lower than target routing congestion(1.0100), end routability optimization.
[INFO GPL-0090] Routability finished. Target routing congestion achieved succesfully.
Iteration | Overflow |     HPWL (um) |  HPWL(%) |   Penalty | Group
---------------------------------------------------------------
      350 |   0.2919 |  3.766514e+04 |   -0.02% |  2.08e-08 |      
      360 |   0.2677 |  3.751324e+04 |   -0.40% |  3.06e-08 |      
      370 |   0.2386 |  3.750951e+04 |   -0.01% |  4.51e-08 |      
      380 |   0.2083 |  3.752670e+04 |   +0.05% |  6.64e-08 |      
[INFO GPL-0100] Timing-driven iteration 2/2, virtual: false.
[INFO GPL-0101]    Iter: 389, overflow: 0.194, keep resizer changes at: 1, HPWL: 37480735
Iteration |   Area    | Resized | Buffers | Nets repaired | Remaining
---------------------------------------------------------------------
        0 |     +0.0% |       0 |       0 |             0 |      2252
    final |     +0.0% |       0 |       0 |             0 |         0
---------------------------------------------------------------------
   Iter   |    Area   | Removed | Inserted |   Pins
          |           | Buffers | Buffers  | Remaining
-------------------------------------------------------
        0 |     +0.0% |       0 |        0 |      2166
      210 |     +0.0% |       3 |        2 |      1956
      420 |     +0.1% |       7 |        8 |      1746
      630 |     +0.1% |       7 |        8 |      1536
      840 |     +0.1% |       9 |       10 |      1326
     1050 |     +0.2% |       9 |       12 |      1116
     1260 |     +0.2% |      16 |       21 |       906
     1470 |     +0.3% |      24 |       30 |       696
     1680 |     +0.3% |      33 |       40 |       486
     1890 |     +0.3% |      37 |       43 |       276
     2100 |     +0.3% |      39 |       46 |        66
    final |     +0.3% |      43 |       50 |         0
-------------------------------------------------------
[INFO GPL-0106] Timing-driven: worst slack -4e-06
[INFO GPL-0107] Timing-driven: repair_design delta area: 77.574 um^2 (+0.33%)
[INFO GPL-0108] Timing-driven: repair_design, gpl delta gcells: 7 (+0.32%)
[INFO GPL-0109] Timing-driven: repair_design, gcells created: 50, deleted: 43
[INFO GPL-0110] Timing-driven: new target density: 0.5970581
Iteration | Overflow |     HPWL (um) |  HPWL(%) |   Penalty | Group
---------------------------------------------------------------
      390 |   0.1859 |  3.797875e+04 |   +1.20% |  9.78e-08 |      
      400 |   0.1592 |  3.800409e+04 |   +0.07% |  1.44e-07 |      
      410 |   0.1359 |  3.787358e+04 |   -0.34% |  2.12e-07 |      
      420 |   0.1224 |  3.790676e+04 |   +0.09% |  3.13e-07 |      
      430 |   0.1036 |  3.794669e+04 |   +0.11% |  4.61e-07 |      
      432 |   0.0986 |  3.795733e+04 |          |  5.17e-07 |      
---------------------------------------------------------------
[INFO GPL-1001] Global placement finished at iteration 432
[INFO GPL-1017] Routability mode iteration count: 56
[INFO GPL-1005] Routability final weighted congestion: 0.8451
[INFO GPL-1002] Placed Cell Area            23705.4049
[INFO GPL-1003] Available Free Area         53996.7872
[INFO GPL-1004] Minimum Feasible Density        0.4500 (cell_area / free_area)
[INFO GPL-1006]   Suggested Target Densities:
[INFO GPL-1007]     - For 90% usage of free space: 0.4878
[INFO GPL-1008]     - For 80% usage of free space: 0.5488
[INFO GPL-1009]     - For 50% usage of free space: 0.8780
[INFO GPL-1011] Original area (um^2): 23864.26
[INFO GPL-1012] Total routability artificial inflation: 0.00 (+0.00%)
[INFO GPL-1013] Total timing-driven delta area: -158.85 (-0.67%)
[INFO GPL-1014] Final placement area: 23705.40 (-0.67%)
Iteration |   Area    | Resized | Buffers | Nets repaired | Remaining
---------------------------------------------------------------------
        0 |     +0.0% |       0 |       0 |             0 |      2259
    final |     +0.0% |       0 |       0 |             0 |         0
---------------------------------------------------------------------
[INFO RSZ-0504] Runtime: 0.14s
[INFO RSZ-0100] Repair move sequence: UnbufferMove SizeUpMove SwapPinsMove BufferMove CloneMove SplitLoadMove 
[INFO RSZ-0098] No setup violations found
[INFO RSZ-0505] Runtime: 0.03s
[INFO RSZ-0033] No hold violations found.
[INFO RSZ-0506] Runtime: 0.02s
[INFO DPL-0006] Core area: 54877.63 um^2
[INFO DPL-0007] Movable instances area: 21946.05 um^2
[INFO DPL-0008] Fixed instances area within core: 880.84 um^2
[INFO DPL-0009] Utilization: 41.6%
[INFO DPL-0005] Diamond search max displacement: +/- 500 sites horizontally, +/- 100 rows vertically.
[INFO DPL-1102] Legalizing using negotiation legalizer.
[INFO DPL-1103] Negotiation base search window: +/-20 sites horizontally, +/-5 rows vertically 
	Automatic search window extension enabled.
	Search window extendable up to the max displacement cap of +/-500 sites, +/-100 rows near walls.
[INFO DPL-1104] NegotiationLegalizer DRC penalty: 5.
[INFO DPL-0392] Negotiation cell height distribution (1 unique row-count(s)):
[INFO DPL-0393]   height 1 row(s): 2920 cells
          |      Total |  Illegal |  Illegal
Iteration | Violations |    Cells |    Sites
---------------------------------------------
        0 |         26 |         8 |        18
        1 |          0 |         0 |         0
Negotiation phase 1 converged at iteration 1.
[INFO DPL-0500] Runtime: 0.02s
Placement Analysis
---------------------------------
total displacement       7882.9 u
average displacement        2.7 u
max displacement           20.2 u
original HPWL           38023.8 u
legalized HPWL          45702.5 u
delta HPWL                   20 %

===KLT_SETUP_VIOLATIONS_BEGIN===
No paths found.

===KLT_SETUP_VIOLATIONS_END===
===KLT_HOLD_VIOLATIONS_BEGIN===
No paths found.

===KLT_HOLD_VIOLATIONS_END===
