OpenROAD 26Q3-1510-g6cb3f2b704 
Features included (+) or not (-): +GPU +GUI +Python
This program is licensed under the BSD-3 license. See the LICENSE file for details.
Components of this program may be licensed under more restrictive licenses which must be honored.
===KLT_MAX_TRANSITION_LIBRARY_VIOLATIONS_BEGIN===
===KLT_MAX_TRANSITION_LIBRARY_VIOLATIONS_END===
===KLT_MAX_CAPACITANCE_LIBRARY_VIOLATIONS_BEGIN===
===KLT_MAX_CAPACITANCE_LIBRARY_VIOLATIONS_END===
===KLT_MAX_TRANSITION_VIOLATIONS_BEGIN===
max slew

Pin                                    Limit    Slew   Slack
------------------------------------------------------------
_2348_/A2                               0.53    0.84   -0.31 (VIOLATED)
_2358_/A2                               0.53    0.84   -0.31 (VIOLATED)
_1903_/C                                0.53    0.84   -0.31 (VIOLATED)
_2078_/B                                0.53    0.84   -0.31 (VIOLATED)
_1902_/Y                                0.53    0.84   -0.31 (VIOLATED)
_1644_/B                                0.53    0.78   -0.25 (VIOLATED)
_1642_/Y                                0.53    0.78   -0.25 (VIOLATED)
_1643_/A                                0.53    0.78   -0.25 (VIOLATED)
_2507_/A                                0.53    0.75   -0.22 (VIOLATED)
_2509_/A                                0.53    0.75   -0.22 (VIOLATED)
_1551_/A2                               0.53    0.75   -0.22 (VIOLATED)
_2664_/A                                0.53    0.75   -0.22 (VIOLATED)
_1549_/Y                                0.53    0.75   -0.22 (VIOLATED)
_2273_/A                                0.53    0.75   -0.22 (VIOLATED)
_1695_/Y                                0.53    0.74   -0.21 (VIOLATED)
_1697_/A2                               0.53    0.74   -0.21 (VIOLATED)
_2115_/B                                0.53    0.74   -0.21 (VIOLATED)
_2837_/A                                0.53    0.74   -0.21 (VIOLATED)
_2839_/A                                0.53    0.74   -0.21 (VIOLATED)
_2957_/A                                0.53    0.74   -0.21 (VIOLATED)
_2568_/A                                0.53    0.73   -0.20 (VIOLATED)
_2570_/A                                0.53    0.73   -0.20 (VIOLATED)
_2703_/A1                               0.53    0.73   -0.20 (VIOLATED)
_1605_/A2                               0.53    0.73   -0.20 (VIOLATED)
_1603_/Y                                0.53    0.73   -0.20 (VIOLATED)
_2307_/A                                0.53    0.73   -0.20 (VIOLATED)
_3256_/B2                               0.53    0.71   -0.18 (VIOLATED)
_2381_/Y                                0.53    0.71   -0.18 (VIOLATED)
_2386_/B1                               0.53    0.71   -0.18 (VIOLATED)
_2389_/A                                0.53    0.71   -0.18 (VIOLATED)
_2392_/A                                0.53    0.71   -0.18 (VIOLATED)
_2395_/A2                               0.53    0.71   -0.18 (VIOLATED)
_2398_/A0                               0.53    0.71   -0.18 (VIOLATED)
_2474_/A                                0.53    0.70   -0.17 (VIOLATED)
_2476_/A                                0.53    0.70   -0.17 (VIOLATED)
_2646_/A                                0.53    0.70   -0.17 (VIOLATED)
_1509_/A2                               0.53    0.70   -0.17 (VIOLATED)
_1507_/Y                                0.53    0.70   -0.17 (VIOLATED)
_2254_/A                                0.53    0.70   -0.17 (VIOLATED)
_2411_/Y                                0.53    0.70   -0.17 (VIOLATED)
_2412_/B                                0.53    0.70   -0.17 (VIOLATED)
_2419_/B1                               0.53    0.70   -0.17 (VIOLATED)
_3159_/A1                               0.53    0.70   -0.17 (VIOLATED)
_1682_/Y                                0.53    0.70   -0.17 (VIOLATED)
_1684_/A2                               0.53    0.70   -0.17 (VIOLATED)
_2101_/B                                0.53    0.70   -0.17 (VIOLATED)
_2819_/A                                0.53    0.70   -0.17 (VIOLATED)
_2821_/A                                0.53    0.70   -0.17 (VIOLATED)
_2946_/A                                0.53    0.70   -0.17 (VIOLATED)
_2348_/A1                               0.53    0.69   -0.16 (VIOLATED)
_2355_/A2                               0.53    0.69   -0.16 (VIOLATED)
_1901_/Y                                0.53    0.69   -0.16 (VIOLATED)
_1903_/B                                0.53    0.69   -0.16 (VIOLATED)
_2078_/A                                0.53    0.69   -0.16 (VIOLATED)
_2517_/A                                0.53    0.67   -0.14 (VIOLATED)
_2519_/A                                0.53    0.67   -0.14 (VIOLATED)
_2670_/A                                0.53    0.67   -0.14 (VIOLATED)
_1563_/A2                               0.53    0.67   -0.14 (VIOLATED)
_1561_/Y                                0.53    0.67   -0.14 (VIOLATED)
_2280_/A                                0.53    0.67   -0.14 (VIOLATED)
_3238_/B2                               0.53    0.67   -0.13 (VIOLATED)
_3242_/A1                               0.53    0.67   -0.13 (VIOLATED)
_3254_/A1                               0.53    0.67   -0.13 (VIOLATED)
_2388_/Y                                0.53    0.67   -0.13 (VIOLATED)
_2389_/B                                0.53    0.67   -0.13 (VIOLATED)
_2392_/B                                0.53    0.67   -0.13 (VIOLATED)
_3265_/A1                               0.53    0.67   -0.13 (VIOLATED)
_1651_/Y                                0.53    0.66   -0.13 (VIOLATED)
_1652_/D                                0.53    0.66   -0.13 (VIOLATED)
_1653_/A3                               0.53    0.66   -0.13 (VIOLATED)
_2204_/B                                0.53    0.66   -0.13 (VIOLATED)
_2207_/A1                               0.53    0.66   -0.13 (VIOLATED)
_2211_/A2                               0.53    0.66   -0.13 (VIOLATED)
_3155_/A2                               0.53    0.66   -0.13 (VIOLATED)
_3165_/B                                0.53    0.66   -0.13 (VIOLATED)
_3160_/B                                0.53    0.66   -0.13 (VIOLATED)
_3162_/B                                0.53    0.66   -0.13 (VIOLATED)
_3153_/Y                                0.53    0.66   -0.13 (VIOLATED)
_1455_/Y                                0.53    0.65   -0.12 (VIOLATED)
_1456_/B                                0.53    0.65   -0.12 (VIOLATED)
_1517_/B                                0.53    0.65   -0.12 (VIOLATED)
_1564_/B                                0.53    0.65   -0.12 (VIOLATED)
_3242_/A2                               0.53    0.65   -0.12 (VIOLATED)
_2548_/Y                                0.53    0.65   -0.12 (VIOLATED)
_2549_/B                                0.53    0.65   -0.12 (VIOLATED)
ANTENNA_2/DIODE                         0.53    0.65   -0.12 (VIOLATED)
_3285_/A2                               0.53    0.65   -0.12 (VIOLATED)
_2919_/Y                                0.53    0.65   -0.12 (VIOLATED)
_2922_/A0                               0.53    0.65   -0.12 (VIOLATED)
_2402_/Y                                0.53    0.65   -0.12 (VIOLATED)
_2403_/B                                0.53    0.65   -0.12 (VIOLATED)
_2411_/A1                               0.53    0.65   -0.12 (VIOLATED)
_3250_/B                                0.53    0.65   -0.11 (VIOLATED)
_3281_/B1                               0.53    0.65   -0.11 (VIOLATED)
_3247_/A2                               0.53    0.65   -0.11 (VIOLATED)
_3267_/B1                               0.53    0.65   -0.11 (VIOLATED)
_3229_/Y                                0.53    0.65   -0.11 (VIOLATED)
_3230_/B                                0.53    0.65   -0.11 (VIOLATED)
_3238_/A3                               0.53    0.65   -0.11 (VIOLATED)
_3272_/B                                0.53    0.65   -0.11 (VIOLATED)
_1503_/Y                                0.53    0.64   -0.11 (VIOLATED)
_1504_/C                                0.53    0.64   -0.11 (VIOLATED)
_1559_/C                                0.53    0.64   -0.11 (VIOLATED)
_1598_/B                                0.53    0.64   -0.11 (VIOLATED)
_2417_/D                                0.53    0.63   -0.10 (VIOLATED)
_2420_/A2                               0.53    0.63   -0.10 (VIOLATED)
_2801_/C                                0.53    0.63   -0.10 (VIOLATED)
_2416_/Y                                0.53    0.63   -0.10 (VIOLATED)
_3187_/B                                0.53    0.63   -0.10 (VIOLATED)
_2512_/A                                0.53    0.63   -0.10 (VIOLATED)
_2514_/A                                0.53    0.63   -0.10 (VIOLATED)
_2667_/A                                0.53    0.63   -0.10 (VIOLATED)
_1557_/A2                               0.53    0.63   -0.10 (VIOLATED)
_1555_/Y                                0.53    0.63   -0.10 (VIOLATED)
_2276_/A                                0.53    0.63   -0.10 (VIOLATED)
_1784_/Y                                0.53    0.63   -0.10 (VIOLATED)
_1785_/B                                0.53    0.63   -0.10 (VIOLATED)
_2354_/B1                               0.53    0.63   -0.10 (VIOLATED)
_3051_/A0                               0.53    0.61   -0.08 (VIOLATED)
_2427_/Y                                0.53    0.61   -0.08 (VIOLATED)
_2428_/B                                0.53    0.61   -0.08 (VIOLATED)
_2542_/Y                                0.53    0.61   -0.07 (VIOLATED)
_2543_/B                                0.53    0.61   -0.07 (VIOLATED)
_3238_/B1                               0.53    0.61   -0.07 (VIOLATED)
_1531_/A                                0.53    0.61   -0.07 (VIOLATED)
_1548_/A                                0.53    0.61   -0.07 (VIOLATED)
_1527_/C                                0.53    0.61   -0.07 (VIOLATED)
_1520_/C                                0.53    0.61   -0.07 (VIOLATED)
_1523_/A                                0.53    0.61   -0.07 (VIOLATED)
_1537_/A                                0.53    0.61   -0.07 (VIOLATED)
_1535_/B                                0.53    0.61   -0.07 (VIOLATED)
_1552_/B                                0.53    0.61   -0.07 (VIOLATED)
_1554_/A                                0.53    0.61   -0.07 (VIOLATED)
_1560_/A                                0.53    0.61   -0.07 (VIOLATED)
_1558_/B                                0.53    0.61   -0.07 (VIOLATED)
_1542_/B                                0.53    0.61   -0.07 (VIOLATED)
_1518_/Y                                0.53    0.61   -0.07 (VIOLATED)
_1492_/Y                                0.53    0.60   -0.07 (VIOLATED)
_1493_/B1                               0.53    0.60   -0.07 (VIOLATED)
_1591_/A1                               0.53    0.60   -0.07 (VIOLATED)
_2422_/Y                                0.53    0.59   -0.06 (VIOLATED)
_2423_/B                                0.53    0.59   -0.06 (VIOLATED)
_2802_/A2                               0.53    0.59   -0.06 (VIOLATED)
_1768_/Y                                0.53    0.59   -0.06 (VIOLATED)
_1769_/A                                0.53    0.59   -0.06 (VIOLATED)
_2391_/B                                0.53    0.59   -0.06 (VIOLATED)
_2423_/A                                0.53    0.59   -0.06 (VIOLATED)
_2802_/A1                               0.53    0.59   -0.06 (VIOLATED)
_2565_/Y                                0.53    0.59   -0.05 (VIOLATED)
_2566_/B                                0.53    0.59   -0.05 (VIOLATED)
_3254_/A2                               0.53    0.59   -0.05 (VIOLATED)
_2625_/D                                0.53    0.58   -0.05 (VIOLATED)
_2335_/Y                                0.53    0.58   -0.05 (VIOLATED)
_2336_/A2                               0.53    0.58   -0.05 (VIOLATED)
_2337_/A2                               0.53    0.58   -0.05 (VIOLATED)
_2340_/A                                0.53    0.58   -0.05 (VIOLATED)
_2794_/Y                                0.53    0.57   -0.04 (VIOLATED)
_2795_/C                                0.53    0.57   -0.04 (VIOLATED)
_3051_/A1                               0.53    0.57   -0.04 (VIOLATED)
_3223_/B                                0.53    0.56   -0.03 (VIOLATED)
_2369_/Y                                0.53    0.56   -0.03 (VIOLATED)
_2370_/B                                0.53    0.56   -0.03 (VIOLATED)
_2872_/A                                0.53    0.56   -0.03 (VIOLATED)
_2146_/B                                0.53    0.56   -0.03 (VIOLATED)
_2874_/A                                0.53    0.56   -0.03 (VIOLATED)
_2980_/A                                0.53    0.56   -0.03 (VIOLATED)
_1719_/Y                                0.53    0.56   -0.03 (VIOLATED)
_1721_/A2                               0.53    0.56   -0.03 (VIOLATED)
_2591_/Y                                0.53    0.55   -0.02 (VIOLATED)
_2592_/B                                0.53    0.55   -0.02 (VIOLATED)
_3268_/B                                0.53    0.55   -0.02 (VIOLATED)
_2597_/Y                                0.53    0.55   -0.02 (VIOLATED)
_2598_/B                                0.53    0.55   -0.02 (VIOLATED)
_3274_/A2                               0.53    0.55   -0.02 (VIOLATED)
_1496_/Y                                0.53    0.54   -0.01 (VIOLATED)
_1497_/C                                0.53    0.54   -0.01 (VIOLATED)
_1553_/C                                0.53    0.54   -0.01 (VIOLATED)
_1594_/B                                0.53    0.54   -0.01 (VIOLATED)
_1952_/Y                                0.53    0.54   -0.01 (VIOLATED)
_1978_/B2                               0.53    0.54   -0.01 (VIOLATED)
_1981_/B1                               0.53    0.54   -0.01 (VIOLATED)
_1984_/B2                               0.53    0.54   -0.01 (VIOLATED)
_1992_/B1                               0.53    0.54   -0.01 (VIOLATED)
place359/A                              0.53    0.54   -0.01 (VIOLATED)
_1661_/Y                                0.53    0.54   -0.01 (VIOLATED)
_1662_/B                                0.53    0.54   -0.01 (VIOLATED)
_2070_/A                                0.53    0.54   -0.01 (VIOLATED)
_2210_/A2                               0.53    0.54   -0.01 (VIOLATED)
_1913_/B                                0.53    0.54   -0.00 (VIOLATED)
_1813_/B                                0.53    0.54   -0.00 (VIOLATED)
_1901_/B                                0.53    0.54   -0.00 (VIOLATED)
_1812_/Y                                0.53    0.54   -0.00 (VIOLATED)

===KLT_MAX_TRANSITION_VIOLATIONS_END===
===KLT_MAX_CAPACITANCE_VIOLATIONS_BEGIN===
max capacitance

Pin                                    Limit     Cap   Slack
------------------------------------------------------------
max_cap547/X                            0.03    0.04   -0.01 (VIOLATED)

wire538/X                               0.03    0.04   -0.01 (VIOLATED)

wire572/X                               0.03    0.04   -0.00 (VIOLATED)

max_cap506/X                            0.03    0.04   -0.00 (VIOLATED)

place375/X                              0.03    0.04   -0.00 (VIOLATED)

wire465/X                               0.03    0.04   -0.00 (VIOLATED)

_1518_/Y                                0.03    0.04   -0.00 (VIOLATED)

wire534/X                               0.03    0.04   -0.00 (VIOLATED)

max_cap561/X                            0.03    0.04   -0.00 (VIOLATED)

wire477/X                               0.03    0.04   -0.00 (VIOLATED)

max_cap553/X                            0.03    0.04   -0.00 (VIOLATED)

max_cap488/X                            0.03    0.04   -0.00 (VIOLATED)

max_cap495/X                            0.03    0.04   -0.00 (VIOLATED)

max_cap559/X                            0.03    0.04   -0.00 (VIOLATED)

max_cap521/X                            0.03    0.04   -0.00 (VIOLATED)

max_cap584/X                            0.03    0.04   -0.00 (VIOLATED)

place409/X                              0.03    0.04   -0.00 (VIOLATED)

wire341/X                               0.03    0.04   -0.00 (VIOLATED)

wire462/X                               0.03    0.04   -0.00 (VIOLATED)

wire562/X                               0.03    0.04   -0.00 (VIOLATED)

max_cap527/X                            0.03    0.04   -0.00 (VIOLATED)

wire485/X                               0.03    0.04   -0.00 (VIOLATED)

wire526/X                               0.03    0.04   -0.00 (VIOLATED)

max_cap557/X                            0.03    0.04   -0.00 (VIOLATED)

wire476/X                               0.03    0.04   -0.00 (VIOLATED)

max_cap586/X                            0.03    0.04   -0.00 (VIOLATED)

max_cap578/X                            0.03    0.04   -0.00 (VIOLATED)

max_cap554/X                            0.03    0.04   -0.00 (VIOLATED)

max_cap517/X                            0.03    0.04   -0.00 (VIOLATED)

max_cap472/X                            0.03    0.04   -0.00 (VIOLATED)

max_cap540/X                            0.03    0.04   -0.00 (VIOLATED)

max_cap474/X                            0.03    0.04   -0.00 (VIOLATED)

max_cap520/X                            0.03    0.04   -0.00 (VIOLATED)

max_cap471/X                            0.03    0.04   -0.00 (VIOLATED)

max_cap545/X                            0.03    0.04   -0.00 (VIOLATED)

max_cap563/X                            0.03    0.04   -0.00 (VIOLATED)

max_cap541/X                            0.03    0.04   -0.00 (VIOLATED)

max_cap56/X                             0.03    0.04   -0.00 (VIOLATED)

wire560/X                               0.03    0.04   -0.00 (VIOLATED)

max_cap347/X                            0.03    0.04   -0.00 (VIOLATED)

max_cap566/X                            0.03    0.04   -0.00 (VIOLATED)

wire486/X                               0.03    0.04   -0.00 (VIOLATED)

_1645_/Y                                0.03    0.04   -0.00 (VIOLATED)

max_cap513/X                            0.03    0.04   -0.00 (VIOLATED)

max_cap582/X                            0.03    0.04   -0.00 (VIOLATED)

max_cap50/X                             0.03    0.04   -0.00 (VIOLATED)

max_cap546/X                            0.03    0.04   -0.00 (VIOLATED)

max_cap512/X                            0.03    0.04   -0.00 (VIOLATED)

max_cap583/X                            0.03    0.04   -0.00 (VIOLATED)

place371/X                              0.03    0.04   -0.00 (VIOLATED)

max_cap491/X                            0.03    0.04   -0.00 (VIOLATED)

max_cap524/X                            0.03    0.04   -0.00 (VIOLATED)

place351/X                              0.03    0.04   -0.00 (VIOLATED)

max_cap537/X                            0.03    0.04   -0.00 (VIOLATED)

max_cap501/X                            0.03    0.04   -0.00 (VIOLATED)

place400/X                              0.03    0.04   -0.00 (VIOLATED)

max_cap552/X                            0.03    0.04   -0.00 (VIOLATED)

max_cap88/X                             0.03    0.04   -0.00 (VIOLATED)

max_cap36/X                             0.03    0.04   -0.00 (VIOLATED)

max_cap324/X                            0.03    0.04   -0.00 (VIOLATED)

max_cap451/X                            0.03    0.04   -0.00 (VIOLATED)

max_cap74/X                             0.03    0.04   -0.00 (VIOLATED)

===KLT_MAX_CAPACITANCE_VIOLATIONS_END===
