|* Post-layout ro_array_core (whole array, real inter-ring wiring) with the
|* shared substrate node left FLOATING -- the array-scale sibling of
|* sim/post-layout-ro-ring5/testbench/tb_post_layout_substrate_float.spice,
|* now over the REAL composed array GDS (real physical ring-to-ring
|* proximity, well spacing and shared psub geometry, not four separately
|* extracted leaf cells hand-tied to a shared node as if placed at infinite
|* separation -- see DR-0005's own "Proximity" limitation, which this deck
|* closes for the substrate mechanism specifically).
|*
|* Purpose (DR-0003 section 8's inter-ring decorrelation gap; DR-0005's own
|* "Follow-up required" section: "Findings 1 and 3 should be re-run against
|* the assembled block when it exists"). This deck differs from
|* tb_post_layout_ro_array_core.spice's post-layout half in exactly one
|* respect: that deck ties `vsubs` hard to 0 (`Vsub vsubs 0 dc 0`), this one
|* does not tie it at all, leaving it on
|* layout/pex-array/ro_array_core_pex.spice's own
|* `Rvsubs_dctie vsubs 0 1e+12` (klayout-tools#1503). The pair brackets the
|* real answer the same way DR-0005's ring-level pair did:
|*
|*   TIED   (sibling deck, already run) -- ideal zero-impedance substrate,
|*          no inter-ring coupling possible by construction.
|*   FLOAT  (this deck) -- ideal infinite-impedance shared substrate: every
|*          ring's switching current is forced through the shared node's
|*          capacitance and into every other ring.
|*
|* No pre-layout control: a pre-layout netlist has no substrate node, so it
|* has nothing to say about this question (same choice
|* tb_post_layout_substrate_float.spice made at ring scope).
|*
|* Measured: each ring's own period (line for line comparable against the
|* sibling tied deck's p_tr1-p_tr4 at the same corner/temp/vdd), the array
|* skew span, and the substrate node's own peak-to-peak excursion -- the
|* direct measure of how hard the four rings (now WITH the buffer + XOR tree
|* load, both riding the same block vdd, also present) are driving each
|* other through it.
|*
|* This file is a TEMPLATE: sim/bin/corner-run.py substitutes /Users/rwalters/.volare/volare/sky130/versions/c6d73a35f524070e85faff4a6a9eef49553ebc2b/sky130A/libs.tech/combined/sky130.lib.spice,
|* ss, /Users/rwalters/GitHub/sky130-trng/.loom/worktrees/issue-22/layout/pex-array/ro_array_core_pex.spice, 125.0 and 1.98. As committed it is not a
|* runnable deck. Invoke with
|* `--pex-lib layout/pex-array/ro_array_core_pex.spice` (no --ro-ring5
|* needed: this deck includes only the post-layout library).
|
|.option scale=1u
|.lib "/Users/rwalters/.volare/volare/sky130/versions/c6d73a35f524070e85faff4a6a9eef49553ebc2b/sky130A/libs.tech/combined/sky130.lib.spice" ss
|
|* post-layout ARRAY subcircuit library only -- no pre-layout control, see
|* header for why.
|.include "/Users/rwalters/GitHub/sky130-trng/.loom/worktrees/issue-22/layout/pex-array/ro_array_core_pex.spice"
|
|.temp 125.0
|
|* --- substrate return node: FLOATING (see header) -- no Vsub source ----
|
|Vddrp1 pvddr1 0 dc 1.98
|Vddrp2 pvddr2 0 dc 1.98
|Vddrp3 pvddr3 0 dc 1.98
|Vddrp4 pvddr4 0 dc 1.98
|Vddp pvdd 0 dc 1.98
|Venp1 pen1 0 PULSE(0 1.98 5n 100p 100p 1u 2u)
|Venp2 pen2 0 PULSE(0 1.98 5n 100p 100p 1u 2u)
|Venp3 pen3 0 PULSE(0 1.98 5n 100p 100p 1u 2u)
|Venp4 pen4 0 PULSE(0 1.98 5n 100p 100p 1u 2u)
|xarr pen1 pen2 pen3 pen4 pvddr1 pvddr2 pvddr3 pvddr4 pvdd 0 pxo pro1 pro2 pro3 pro4 ro_array_core_pex
|
|.ic v(pro1)=0
|.ic v(pro2)=0
|.ic v(pro3)=0
|.ic v(pro4)=0
|
|.save v(pro1) v(pro2) v(pro3) v(pro4) v(xarr.vsubs)
|.save i(Vddrp1) i(Vddrp2) i(Vddrp3) i(Vddrp4) i(Vddp)
|
|.tran 5p 800n uic
|
|.control
|run
|
|meas tran pt1a when v(pro1)=0.5*1.98 rise=3
|meas tran pt1b when v(pro1)=0.5*1.98 rise=13
|let p_tr1 = (pt1b - pt1a)/10
|meas tran pt2a when v(pro2)=0.5*1.98 rise=3
|meas tran pt2b when v(pro2)=0.5*1.98 rise=13
|let p_tr2 = (pt2b - pt2a)/10
|meas tran pt3a when v(pro3)=0.5*1.98 rise=3
|meas tran pt3b when v(pro3)=0.5*1.98 rise=13
|let p_tr3 = (pt3b - pt3a)/10
|meas tran pt4a when v(pro4)=0.5*1.98 rise=3
|meas tran pt4b when v(pro4)=0.5*1.98 rise=13
|let p_tr4 = (pt4b - pt4a)/10
|let p_skew_span = p_tr1/p_tr4
|
|meas tran vsub_max MAX v(xarr.vsubs) from=100n to=800n
|meas tran vsub_min MIN v(xarr.vsubs) from=100n to=800n
|let vsub_swing_frac = (vsub_max - vsub_min) / 1.98
|
|print p_tr1
|print p_tr2
|print p_tr3
|print p_tr4
|print p_skew_span
|print vsub_swing_frac
|.endc
|.end
|

----- stdout -----

Note: Compatibility modes selected: hs a


Circuit: * post-layout ro_array_core (whole array, real inter-ring wiring) with the

option SCALE: Scale is set to 1e-06 for instance and model parameters
option SCALE: Scale is set to 1e-06 for instance and model parameters
option SCALE: Scale is set to 1e-06 for instance and model parameters
option SCALE: Scale is set to 1e-06 for instance and model parameters
option SCALE: Scale is set to 1e-06 for instance and model parameters
Doing analysis at TEMP = 125.000000 and TNOM = 27.000000

Using SPARSE 1.3 as Direct Linear Solver
Operating point simulation skipped by 'uic',
  now using transient initial conditions.
 Reference value :  5.00000e-14
 Reference value :  1.31741e-09
 Reference value :  2.90741e-09
 Reference value :  4.39741e-09
 Reference value :  5.77750e-09
 Reference value :  7.22250e-09
 Reference value :  8.65250e-09
 Reference value :  1.01025e-08
 Reference value :  1.15875e-08
 Reference value :  1.30475e-08
 Reference value :  1.45425e-08
 Reference value :  1.60425e-08
 Reference value :  1.75325e-08
 Reference value :  1.91525e-08
 Reference value :  2.06475e-08
 Reference value :  2.21275e-08
 Reference value :  2.35975e-08
 Reference value :  2.50675e-08
 Reference value :  2.65525e-08
 Reference value :  2.80225e-08
 Reference value :  2.94675e-08
 Reference value :  3.08875e-08
 Reference value :  3.23475e-08
 Reference value :  3.37625e-08
 Reference value :  3.51575e-08
 Reference value :  3.64925e-08
 Reference value :  3.79175e-08
 Reference value :  3.93125e-08
 Reference value :  4.07375e-08
 Reference value :  4.22025e-08
 Reference value :  4.34875e-08
 Reference value :  4.48575e-08
 Reference value :  4.62925e-08
 Reference value :  4.77425e-08
 Reference value :  4.91025e-08
 Reference value :  5.06075e-08
 Reference value :  5.21125e-08
 Reference value :  5.35575e-08
 Reference value :  5.49975e-08
 Reference value :  5.63325e-08
 Reference value :  5.78025e-08
 Reference value :  5.92925e-08
 Reference value :  6.08125e-08
 Reference value :  6.22675e-08
 Reference value :  6.37325e-08
 Reference value :  6.51575e-08
 Reference value :  6.65675e-08
 Reference value :  6.80125e-08
 Reference value :  6.94475e-08
 Reference value :  7.09575e-08
 Reference value :  7.23925e-08
 Reference value :  7.38225e-08
 Reference value :  7.52875e-08
 Reference value :  7.67475e-08
 Reference value :  7.81875e-08
 Reference value :  7.95825e-08
 Reference value :  8.11475e-08
 Reference value :  8.26375e-08
 Reference value :  8.40775e-08
 Reference value :  8.55825e-08
 Reference value :  8.71175e-08
 Reference value :  8.86075e-08
 Reference value :  9.01325e-08
 Reference value :  9.16375e-08
 Reference value :  9.31325e-08
 Reference value :  9.46075e-08
 Reference value :  9.60775e-08
 Reference value :  9.75675e-08
 Reference value :  9.90875e-08
 Reference value :  1.00633e-07
 Reference value :  1.02053e-07
 Reference value :  1.03533e-07
 Reference value :  1.04853e-07
 Reference value :  1.06308e-07
 Reference value :  1.07688e-07
 Reference value :  1.09093e-07
 Reference value :  1.10428e-07
 Reference value :  1.11833e-07
 Reference value :  1.13213e-07
 Reference value :  1.14648e-07
 Reference value :  1.16123e-07
 Reference value :  1.17668e-07
 Reference value :  1.19158e-07
 Reference value :  1.20628e-07
 Reference value :  1.22133e-07
 Reference value :  1.23723e-07
 Reference value :  1.25243e-07
 Reference value :  1.26753e-07
 Reference value :  1.28243e-07
 Reference value :  1.29678e-07
 Reference value :  1.31128e-07
 Reference value :  1.32538e-07
 Reference value :  1.33978e-07
 Reference value :  1.35398e-07
 Reference value :  1.36838e-07
 Reference value :  1.38218e-07
 Reference value :  1.39588e-07
 Reference value :  1.40973e-07
 Reference value :  1.42358e-07
 Reference value :  1.43778e-07
 Reference value :  1.45238e-07
 Reference value :  1.46678e-07
 Reference value :  1.48153e-07
 Reference value :  1.49568e-07
 Reference value :  1.51028e-07
 Reference value :  1.52483e-07
 Reference value :  1.53878e-07
 Reference value :  1.55353e-07
 Reference value :  1.56753e-07
 Reference value :  1.58333e-07
 Reference value :  1.59763e-07
 Reference value :  1.61193e-07
 Reference value :  1.62543e-07
 Reference value :  1.63863e-07
 Reference value :  1.65268e-07
 Reference value :  1.66618e-07
 Reference value :  1.68003e-07
 Reference value :  1.69273e-07
 Reference value :  1.70598e-07
 Reference value :  1.72048e-07
 Reference value :  1.73388e-07
 Reference value :  1.74858e-07
 Reference value :  1.76188e-07
 Reference value :  1.77578e-07
 Reference value :  1.79083e-07
 Reference value :  1.80573e-07
 Reference value :  1.81978e-07
 Reference value :  1.83338e-07
 Reference value :  1.84728e-07
 Reference value :  1.86113e-07
 Reference value :  1.87533e-07
 Reference value :  1.88898e-07
 Reference value :  1.90473e-07
 Reference value :  1.91933e-07
 Reference value :  1.93413e-07
 Reference value :  1.94968e-07
 Reference value :  1.96458e-07
 Reference value :  1.98003e-07
 Reference value :  1.99448e-07
 Reference value :  2.00933e-07
 Reference value :  2.02378e-07
 Reference value :  2.03798e-07
 Reference value :  2.05108e-07
 Reference value :  2.06638e-07
 Reference value :  2.08053e-07
 Reference value :  2.09538e-07
 Reference value :  2.10903e-07
 Reference value :  2.12283e-07
 Reference value :  2.13778e-07
 Reference value :  2.15198e-07
 Reference value :  2.16708e-07
 Reference value :  2.18068e-07
 Reference value :  2.19498e-07
 Reference value :  2.20908e-07
 Reference value :  2.22333e-07
 Reference value :  2.23728e-07
 Reference value :  2.25088e-07
 Reference value :  2.26498e-07
 Reference value :  2.27888e-07
 Reference value :  2.29343e-07
 Reference value :  2.30778e-07
 Reference value :  2.32233e-07
 Reference value :  2.33658e-07
 Reference value :  2.35108e-07
 Reference value :  2.36683e-07
 Reference value :  2.38183e-07
 Reference value :  2.39613e-07
 Reference value :  2.41048e-07
 Reference value :  2.42443e-07
 Reference value :  2.43818e-07
 Reference value :  2.45173e-07
 Reference value :  2.46653e-07
 Reference value :  2.48113e-07
 Reference value :  2.49548e-07
 Reference value :  2.51103e-07
 Reference value :  2.52613e-07
 Reference value :  2.54118e-07
 Reference value :  2.55603e-07
 Reference value :  2.57153e-07
 Reference value :  2.58673e-07
 Reference value :  2.60248e-07
 Reference value :  2.61698e-07
 Reference value :  2.63203e-07
 Reference value :  2.64778e-07
 Reference value :  2.66278e-07
 Reference value :  2.67793e-07
 Reference value :  2.69303e-07
 Reference value :  2.70783e-07
 Reference value :  2.72268e-07
 Reference value :  2.73663e-07
 Reference value :  2.75053e-07
 Reference value :  2.76483e-07
 Reference value :  2.77888e-07
 Reference value :  2.79288e-07
 Reference value :  2.80653e-07
 Reference value :  2.82093e-07
 Reference value :  2.83593e-07
 Reference value :  2.85053e-07
 Reference value :  2.86467e-07
 Reference value :  2.87962e-07
 Reference value :  2.89492e-07
 Reference value :  2.90967e-07
 Reference value :  2.92432e-07
 Reference value :  2.93897e-07
 Reference value :  2.95397e-07
 Reference value :  2.96862e-07
 Reference value :  2.98387e-07
 Reference value :  2.99882e-07
 Reference value :  3.01372e-07
 Reference value :  3.02737e-07
 Reference value :  3.04242e-07
 Reference value :  3.05737e-07
 Reference value :  3.07262e-07
 Reference value :  3.08772e-07
 Reference value :  3.10222e-07
 Reference value :  3.11687e-07
 Reference value :  3.13187e-07
 Reference value :  3.14682e-07
 Reference value :  3.16142e-07
 Reference value :  3.17687e-07
 Reference value :  3.19117e-07
 Reference value :  3.20602e-07
 Reference value :  3.22032e-07
 Reference value :  3.23507e-07
 Reference value :  3.24952e-07
 Reference value :  3.26357e-07
 Reference value :  3.27767e-07
 Reference value :  3.29197e-07
 Reference value :  3.30717e-07
 Reference value :  3.32132e-07
 Reference value :  3.33657e-07
 Reference value :  3.35142e-07
 Reference value :  3.36502e-07
 Reference value :  3.37952e-07
 Reference value :  3.39387e-07
 Reference value :  3.40907e-07
 Reference value :  3.42422e-07
 Reference value :  3.43877e-07
 Reference value :  3.45352e-07
 Reference value :  3.46777e-07
 Reference value :  3.48197e-07
 Reference value :  3.49672e-07
 Reference value :  3.51077e-07
 Reference value :  3.52517e-07
 Reference value :  3.53967e-07
 Reference value :  3.55552e-07
 Reference value :  3.56987e-07
 Reference value :  3.58547e-07
 Reference value :  3.60052e-07
 Reference value :  3.61557e-07
 Reference value :  3.63027e-07
 Reference value :  3.64592e-07
 Reference value :  3.66117e-07
 Reference value :  3.67642e-07
 Reference value :  3.69142e-07
 Reference value :  3.70687e-07
 Reference value :  3.72232e-07
 Reference value :  3.73727e-07
 Reference value :  3.75162e-07
 Reference value :  3.76667e-07
 Reference value :  3.78172e-07
 Reference value :  3.79687e-07
 Reference value :  3.81182e-07
 Reference value :  3.82752e-07
 Reference value :  3.84222e-07
 Reference value :  3.85692e-07
 Reference value :  3.87172e-07
 Reference value :  3.88627e-07
 Reference value :  3.90112e-07
 Reference value :  3.91657e-07
 Reference value :  3.93087e-07
 Reference value :  3.94612e-07
 Reference value :  3.96102e-07
 Reference value :  3.97582e-07
 Reference value :  3.99022e-07
 Reference value :  4.00542e-07
 Reference value :  4.02022e-07
 Reference value :  4.03512e-07
 Reference value :  4.05142e-07
 Reference value :  4.06602e-07
 Reference value :  4.08127e-07
 Reference value :  4.09517e-07
 Reference value :  4.10962e-07
 Reference value :  4.12467e-07
 Reference value :  4.13912e-07
 Reference value :  4.15352e-07
 Reference value :  4.16767e-07
 Reference value :  4.18262e-07
 Reference value :  4.19652e-07
 Reference value :  4.21152e-07
 Reference value :  4.22497e-07
 Reference value :  4.23997e-07
 Reference value :  4.25417e-07
 Reference value :  4.26877e-07
 Reference value :  4.28262e-07
 Reference value :  4.29592e-07
 Reference value :  4.31032e-07
 Reference value :  4.32552e-07
 Reference value :  4.34097e-07
 Reference value :  4.35472e-07
 Reference value :  4.36947e-07
 Reference value :  4.38492e-07
 Reference value :  4.40037e-07
 Reference value :  4.41537e-07
 Reference value :  4.43022e-07
 Reference value :  4.44502e-07
 Reference value :  4.46017e-07
 Reference value :  4.47502e-07
 Reference value :  4.48947e-07
 Reference value :  4.50467e-07
 Reference value :  4.51977e-07
 Reference value :  4.53422e-07
 Reference value :  4.54832e-07
 Reference value :  4.56167e-07
 Reference value :  4.57557e-07
 Reference value :  4.58847e-07
 Reference value :  4.60332e-07
 Reference value :  4.61792e-07
 Reference value :  4.63212e-07
 Reference value :  4.64602e-07
 Reference value :  4.66012e-07
 Reference value :  4.67437e-07
 Reference value :  4.68937e-07
 Reference value :  4.70317e-07
 Reference value :  4.71767e-07
 Reference value :  4.73237e-07
 Reference value :  4.74712e-07
 Reference value :  4.76222e-07
 Reference value :  4.77637e-07
 Reference value :  4.79112e-07
 Reference value :  4.80607e-07
 Reference value :  4.82077e-07
 Reference value :  4.83542e-07
 Reference value :  4.84997e-07
 Reference value :  4.86452e-07
 Reference value :  4.87912e-07
 Reference value :  4.89362e-07
 Reference value :  4.90822e-07
 Reference value :  4.92322e-07
 Reference value :  4.93737e-07
 Reference value :  4.95222e-07
 Reference value :  4.96677e-07
 Reference value :  4.98197e-07
 Reference value :  4.99637e-07
 Reference value :  5.01037e-07
 Reference value :  5.02407e-07
 Reference value :  5.03902e-07
 Reference value :  5.05372e-07
 Reference value :  5.06862e-07
 Reference value :  5.08307e-07
 Reference value :  5.09757e-07
 Reference value :  5.11237e-07
 Reference value :  5.12657e-07
 Reference value :  5.14127e-07
 Reference value :  5.15592e-07
 Reference value :  5.17052e-07
 Reference value :  5.18447e-07
 Reference value :  5.19847e-07
 Reference value :  5.21247e-07
 Reference value :  5.22672e-07
 Reference value :  5.24097e-07
 Reference value :  5.25407e-07
 Reference value :  5.26802e-07
 Reference value :  5.28197e-07
 Reference value :  5.29642e-07
 Reference value :  5.31112e-07
 Reference value :  5.32542e-07
 Reference value :  5.34012e-07
 Reference value :  5.35517e-07
 Reference value :  5.37002e-07
 Reference value :  5.38477e-07
 Reference value :  5.39942e-07
 Reference value :  5.41427e-07
 Reference value :  5.42937e-07
 Reference value :  5.44472e-07
 Reference value :  5.45937e-07
 Reference value :  5.47467e-07
 Reference value :  5.48972e-07
 Reference value :  5.50467e-07
 Reference value :  5.51977e-07
 Reference value :  5.53457e-07
 Reference value :  5.54857e-07
 Reference value :  5.56212e-07
 Reference value :  5.57687e-07
 Reference value :  5.59282e-07
 Reference value :  5.60787e-07
 Reference value :  5.62267e-07
 Reference value :  5.63767e-07
 Reference value :  5.65272e-07
 Reference value :  5.66787e-07
 Reference value :  5.68257e-07
 Reference value :  5.69837e-07
 Reference value :  5.71327e-07
 Reference value :  5.72832e-07
 Reference value :  5.74322e-07
 Reference value :  5.75737e-07
 Reference value :  5.77142e-07
 Reference value :  5.78542e-07
 Reference value :  5.79987e-07
 Reference value :  5.81442e-07
 Reference value :  5.82917e-07
 Reference value :  5.84347e-07
 Reference value :  5.85757e-07
 Reference value :  5.87217e-07
 Reference value :  5.88672e-07
 Reference value :  5.90047e-07
 Reference value :  5.91547e-07
 Reference value :  5.93082e-07
 Reference value :  5.94542e-07
 Reference value :  5.96022e-07
 Reference value :  5.97457e-07
 Reference value :  5.98942e-07
 Reference value :  6.00432e-07
 Reference value :  6.01933e-07
 Reference value :  6.03398e-07
 Reference value :  6.04923e-07
 Reference value :  6.06428e-07
 Reference value :  6.07898e-07
 Reference value :  6.09428e-07
 Reference value :  6.10878e-07
 Reference value :  6.12353e-07
 Reference value :  6.13733e-07
 Reference value :  6.15178e-07
 Reference value :  6.16663e-07
 Reference value :  6.18138e-07
 Reference value :  6.19588e-07
 Reference value :  6.21108e-07
 Reference value :  6.22593e-07
 Reference value :  6.24078e-07
 Reference value :  6.25543e-07
 Reference value :  6.26983e-07
 Reference value :  6.28453e-07
 Reference value :  6.29983e-07
 Reference value :  6.31493e-07
 Reference value :  6.32963e-07
 Reference value :  6.34413e-07
 Reference value :  6.35908e-07
 Reference value :  6.37403e-07
 Reference value :  6.38908e-07
 Reference value :  6.40363e-07
 Reference value :  6.41928e-07
 Reference value :  6.43433e-07
 Reference value :  6.44918e-07
 Reference value :  6.46388e-07
 Reference value :  6.47878e-07
 Reference value :  6.49383e-07
 Reference value :  6.50828e-07
 Reference value :  6.52363e-07
 Reference value :  6.54063e-07
 Reference value :  6.55583e-07
 Reference value :  6.57143e-07
 Reference value :  6.58623e-07
 Reference value :  6.60058e-07
 Reference value :  6.61578e-07
 Reference value :  6.63093e-07
 Reference value :  6.64628e-07
 Reference value :  6.66093e-07
 Reference value :  6.67598e-07
 Reference value :  6.69103e-07
 Reference value :  6.70543e-07
 Reference value :  6.71988e-07
 Reference value :  6.73488e-07
 Reference value :  6.74913e-07
 Reference value :  6.76328e-07
 Reference value :  6.77758e-07
 Reference value :  6.79228e-07
 Reference value :  6.80668e-07
 Reference value :  6.82028e-07
 Reference value :  6.83528e-07
 Reference value :  6.85013e-07
 Reference value :  6.86528e-07
 Reference value :  6.88043e-07
 Reference value :  6.89583e-07
 Reference value :  6.91013e-07
 Reference value :  6.92458e-07
 Reference value :  6.94018e-07
 Reference value :  6.95498e-07
 Reference value :  6.96998e-07
 Reference value :  6.98473e-07
 Reference value :  7.00023e-07
 Reference value :  7.01478e-07
 Reference value :  7.02953e-07
 Reference value :  7.04428e-07
 Reference value :  7.06018e-07
 Reference value :  7.07548e-07
 Reference value :  7.09018e-07
 Reference value :  7.10483e-07
 Reference value :  7.11968e-07
 Reference value :  7.13568e-07
 Reference value :  7.15038e-07
 Reference value :  7.16453e-07
 Reference value :  7.17933e-07
 Reference value :  7.19398e-07
 Reference value :  7.20843e-07
 Reference value :  7.22288e-07
 Reference value :  7.23688e-07
 Reference value :  7.25123e-07
 Reference value :  7.26538e-07
 Reference value :  7.27938e-07
 Reference value :  7.29328e-07
 Reference value :  7.30828e-07
 Reference value :  7.32308e-07
 Reference value :  7.33788e-07
 Reference value :  7.35278e-07
 Reference value :  7.36733e-07
 Reference value :  7.38308e-07
 Reference value :  7.39798e-07
 Reference value :  7.41298e-07
 Reference value :  7.42748e-07
 Reference value :  7.44103e-07
 Reference value :  7.45563e-07
 Reference value :  7.46968e-07
 Reference value :  7.48318e-07
 Reference value :  7.49808e-07
 Reference value :  7.51208e-07
 Reference value :  7.52598e-07
 Reference value :  7.54043e-07
 Reference value :  7.55523e-07
 Reference value :  7.57048e-07
 Reference value :  7.58518e-07
 Reference value :  7.59943e-07
 Reference value :  7.61378e-07
 Reference value :  7.62763e-07
 Reference value :  7.64173e-07
 Reference value :  7.65583e-07
 Reference value :  7.67023e-07
 Reference value :  7.68508e-07
 Reference value :  7.69928e-07
 Reference value :  7.71388e-07
 Reference value :  7.72848e-07
 Reference value :  7.74323e-07
 Reference value :  7.75848e-07
 Reference value :  7.77278e-07
 Reference value :  7.78723e-07
 Reference value :  7.80188e-07
 Reference value :  7.81638e-07
 Reference value :  7.83048e-07
 Reference value :  7.84558e-07
 Reference value :  7.86073e-07
 Reference value :  7.87578e-07
 Reference value :  7.89018e-07
 Reference value :  7.90463e-07
 Reference value :  7.91943e-07
 Reference value :  7.93373e-07
 Reference value :  7.94803e-07
 Reference value :  7.96183e-07
 Reference value :  7.97673e-07
 Reference value :  7.99133e-07
No. of Data Rows : 160024
pt1a                =  2.38602e-08
pt1b                =  9.84339e-08
pt2a                =  2.26308e-08
pt2b                =  9.28968e-08
pt3a                =  2.17810e-08
pt3b                =  8.82940e-08
pt4a                =  2.09246e-08
pt4b                =  8.38682e-08
 meas tran vsub_max max v(xarr.vsubs) from=100n to=800n failed!

 meas tran vsub_min min v(xarr.vsubs) from=100n to=800n failed!

p_tr1 = 7.457371e-09
p_tr2 = 7.026596e-09
p_tr3 = 6.651302e-09
p_tr4 = 6.294365e-09
p_skew_span = 1.184769e+00
Note: Simulation executed from .control section 

----- stderr -----

Checking parameters for BSIM 4.5 model xarr.xpex.xn66:nshort_model.48
Warning: Eta0 = -0.0286127 is negative.

Checking parameters for BSIM 4.5 model xarr.xpex.xn61:nshort_model.48
Warning: Eta0 = -0.0286127 is negative.

Checking parameters for BSIM 4.5 model xarr.xpex.xn60:nshort_model.48
Warning: Eta0 = -0.0286127 is negative.

Checking parameters for BSIM 4.5 model xarr.xpex.xn55:nshort_model.48
Warning: Eta0 = -0.0286127 is negative.

Checking parameters for BSIM 4.5 model xarr.xpex.xn54:nshort_model.48
Warning: Eta0 = -0.0286127 is negative.

Checking parameters for BSIM 4.5 model xarr.xpex.xn49:nshort_model.48
Warning: Eta0 = -0.0286127 is negative.

Checking parameters for BSIM 4.5 model xarr.xpex.xn48:nshort_model.48
Warning: Eta0 = -0.0286127 is negative.

Checking parameters for BSIM 4.5 model xarr.xpex.xn47:nshort_model.48
Warning: Eta0 = -0.0286127 is negative.

Checking parameters for BSIM 4.5 model xarr.xpex.xn46:nshort_model.48
Warning: Eta0 = -0.0286127 is negative.

Checking parameters for BSIM 4.5 model xarr.xpex.xn45:nshort_model.48
Warning: Eta0 = -0.0286127 is negative.

Checking parameters for BSIM 4.5 model xarr.xpex.xn44:nshort_model.48
Warning: Eta0 = -0.0286127 is negative.

Checking parameters for BSIM 4.5 model xarr.xpex.xn43:nshort_model.48
Warning: Eta0 = -0.0286127 is negative.

Checking parameters for BSIM 4.5 model xarr.xpex.xn42:nshort_model.48
Warning: Eta0 = -0.0286127 is negative.

Checking parameters for BSIM 4.5 model xarr.xpex.xn41:nshort_model.48
Warning: Eta0 = -0.0286127 is negative.

Checking parameters for BSIM 4.5 model xarr.xpex.xn40:nshort_model.48
Warning: Eta0 = -0.0286127 is negative.

Checking parameters for BSIM 4.5 model xarr.xpex.xn39:nshort_model.48
Warning: Eta0 = -0.0286127 is negative.

Checking parameters for BSIM 4.5 model xarr.xpex.xn38:nshort_model.48
Warning: Eta0 = -0.0286127 is negative.

Checking parameters for BSIM 4.5 model xarr.xpex.xn37:nshort_model.48
Warning: Eta0 = -0.0286127 is negative.

Checking parameters for BSIM 4.5 model xarr.xpex.xn35:nshort_model.48
Warning: Eta0 = -0.0286127 is negative.

Checking parameters for BSIM 4.5 model xarr.xpex.xn33:nshort_model.48
Warning: Eta0 = -0.0286127 is negative.

Checking parameters for BSIM 4.5 model xarr.xpex.xn31:nshort_model.48
Warning: Eta0 = -0.0286127 is negative.

Checking parameters for BSIM 4.5 model xarr.xpex.xn28:nshort_model.48
Warning: Eta0 = -0.0286127 is negative.

Checking parameters for BSIM 4.5 model xarr.xpex.xn27:nshort_model.48
Warning: Eta0 = -0.0286127 is negative.

Checking parameters for BSIM 4.5 model xarr.xpex.xn25:nshort_model.48
Warning: Eta0 = -0.0286127 is negative.

Checking parameters for BSIM 4.5 model xarr.xpex.xn23:nshort_model.48
Warning: Eta0 = -0.0286127 is negative.

Checking parameters for BSIM 4.5 model xarr.xpex.xn21:nshort_model.48
Warning: Eta0 = -0.0286127 is negative.

Error: measure  vsub_max  max(TRIG) : no such vector as 'v(xarr.vsubs)'

Error: measure  vsub_min  min(TRIG) : no such vector as 'v(xarr.vsubs)'
Warning from checkvalid: vector vsub_max is not available or has zero length.
Error: RHS "(vsub_max - vsub_min) / 1.98" invalid
Warning from checkvalid: vector vsub_swing_frac is not available or has zero length.

