|* Post-layout ro_array_core (whole array, real inter-ring wiring), FLOATING
|* substrate, rings 2-4 PRESENT BUT STOPPED (en2/en3/en4 held at 0 for the
|* whole run) -- the array-scale sibling of
|* sim/post-layout-ro-ring5/testbench/tb_post_layout_substrate_float_solo.spice.
|*
|* Purpose: separate LOADING (the floating node's own capacitance/impedance,
|* present even with no other ring switching) from COUPLING (ring 1's period
|* moving because rings 2-4 are actually driving the same shared node), the
|* same three-way decomposition DR-0005 finding 3 used at ring scope:
|*
|*   loading  = t(this deck)                         - t(tied, sibling deck)
|*   coupling = t(substrate_float, all 4 running)     - t(this deck)
|*
|* Same array GDS extraction as the other two decks in this directory (real
|* physical ring-to-ring proximity, not four separately-placed leaf cells),
|* so this is the strongest available bound on the substrate mechanism this
|* repo has produced -- still not the physical answer (the extractor emits
|* no substrate or tap resistance at all; klayout-tools#1503), but bracketing
|* the terminals of a real, physically-placed layout's own shared node
|* rather than a hand-tied approximation of one.
|*
|* With en2/en3/en4 held at 0, ro_nand2's own defined-output-on-disable state
|* (design/README.md; DR-0003) pins ring2/3/4's node ro_ring5 outputs high --
|* a defined, non-switching state, not a floating one -- so rn2/rn3/rn4 (and
|* therefore ro2/ro3/ro4 and the XOR tree downstream of them) settle and stay
|* put; only ring 1 free-runs.
|*
|* This file is a TEMPLATE: sim/bin/corner-run.py substitutes /Users/rwalters/.volare/volare/sky130/versions/c6d73a35f524070e85faff4a6a9eef49553ebc2b/sky130A/libs.tech/combined/sky130.lib.spice,
|* ss, /Users/rwalters/GitHub/sky130-trng/.loom/worktrees/issue-22/layout/pex-array/ro_array_core_pex.spice, -40.0 and 1.98. As committed it is not a
|* runnable deck. Invoke with
|* `--pex-lib layout/pex-array/ro_array_core_pex.spice`.
|
|.option scale=1u
|.lib "/Users/rwalters/.volare/volare/sky130/versions/c6d73a35f524070e85faff4a6a9eef49553ebc2b/sky130A/libs.tech/combined/sky130.lib.spice" ss
|
|.include "/Users/rwalters/GitHub/sky130-trng/.loom/worktrees/issue-22/layout/pex-array/ro_array_core_pex.spice"
|
|.temp -40.0
|
|* --- substrate return node: FLOATING (see header) -- no Vsub source ----
|
|Vddrp1 pvddr1 0 dc 1.98
|Vddrp2 pvddr2 0 dc 1.98
|Vddrp3 pvddr3 0 dc 1.98
|Vddrp4 pvddr4 0 dc 1.98
|Vddp pvdd 0 dc 1.98
|Venp1 pen1 0 PULSE(0 1.98 5n 100p 100p 1u 2u)
|* rings 2-4: held at 0 for the whole run -- present, but never released.
|Venp2 pen2 0 dc 0
|Venp3 pen3 0 dc 0
|Venp4 pen4 0 dc 0
|xarr pen1 pen2 pen3 pen4 pvddr1 pvddr2 pvddr3 pvddr4 pvdd 0 pxo pro1 pro2 pro3 pro4 ro_array_core_pex
|
|.ic v(pro1)=0
|.ic v(pro2)=0
|.ic v(pro3)=0
|.ic v(pro4)=0
|
|.save v(pro1) v(xarr.vsubs)
|.save i(Vddrp1)
|
|.tran 5p 800n uic
|
|.control
|run
|
|meas tran pt1a when v(pro1)=0.5*1.98 rise=3
|meas tran pt1b when v(pro1)=0.5*1.98 rise=13
|let p_tr1 = (pt1b - pt1a)/10
|
|meas tran vsub_max MAX v(xarr.vsubs) from=100n to=800n
|meas tran vsub_min MIN v(xarr.vsubs) from=100n to=800n
|let vsub_swing_frac = (vsub_max - vsub_min) / 1.98
|
|print p_tr1
|print vsub_swing_frac
|.endc
|.end
|

----- stdout -----

Note: Compatibility modes selected: hs a


Circuit: * post-layout ro_array_core (whole array, real inter-ring wiring), floating

option SCALE: Scale is set to 1e-06 for instance and model parameters
option SCALE: Scale is set to 1e-06 for instance and model parameters
option SCALE: Scale is set to 1e-06 for instance and model parameters
option SCALE: Scale is set to 1e-06 for instance and model parameters
option SCALE: Scale is set to 1e-06 for instance and model parameters
Doing analysis at TEMP = -40.000000 and TNOM = 27.000000

Using SPARSE 1.3 as Direct Linear Solver
Operating point simulation skipped by 'uic',
  now using transient initial conditions.
 Reference value :  5.00000e-14
 Reference value :  1.30197e-09
 Reference value :  2.89197e-09
 Reference value :  4.38697e-09
 Reference value :  5.79750e-09
 Reference value :  7.23750e-09
 Reference value :  9.56750e-09
 Reference value :  1.12025e-08
 Reference value :  1.26375e-08
 Reference value :  1.40975e-08
 Reference value :  1.55625e-08
 Reference value :  1.69675e-08
 Reference value :  1.83975e-08
 Reference value :  1.97525e-08
 Reference value :  2.11875e-08
 Reference value :  2.25775e-08
 Reference value :  2.40375e-08
 Reference value :  2.55225e-08
 Reference value :  2.70125e-08
 Reference value :  2.84725e-08
 Reference value :  2.99325e-08
 Reference value :  3.14225e-08
 Reference value :  3.28325e-08
 Reference value :  3.42775e-08
 Reference value :  3.57425e-08
 Reference value :  3.71975e-08
 Reference value :  3.86025e-08
 Reference value :  4.00675e-08
 Reference value :  4.15675e-08
 Reference value :  4.29925e-08
 Reference value :  4.44675e-08
 Reference value :  4.59175e-08
 Reference value :  4.73875e-08
 Reference value :  4.89875e-08
 Reference value :  5.04025e-08
 Reference value :  5.18925e-08
 Reference value :  5.33125e-08
 Reference value :  5.47475e-08
 Reference value :  5.61925e-08
 Reference value :  5.76775e-08
 Reference value :  5.93175e-08
 Reference value :  6.07625e-08
 Reference value :  6.21725e-08
 Reference value :  6.36525e-08
 Reference value :  6.50125e-08
 Reference value :  6.63875e-08
 Reference value :  6.78925e-08
 Reference value :  6.93625e-08
 Reference value :  7.09525e-08
 Reference value :  7.24225e-08
 Reference value :  7.39225e-08
 Reference value :  7.53675e-08
 Reference value :  7.68125e-08
 Reference value :  7.83125e-08
 Reference value :  7.98075e-08
 Reference value :  8.12225e-08
 Reference value :  8.27425e-08
 Reference value :  8.42225e-08
 Reference value :  8.56275e-08
 Reference value :  8.70875e-08
 Reference value :  8.87075e-08
 Reference value :  9.01825e-08
 Reference value :  9.16575e-08
 Reference value :  9.31525e-08
 Reference value :  9.46625e-08
 Reference value :  9.60525e-08
 Reference value :  9.75475e-08
 Reference value :  9.90725e-08
 Reference value :  1.00548e-07
 Reference value :  1.02083e-07
 Reference value :  1.03553e-07
 Reference value :  1.05123e-07
 Reference value :  1.06563e-07
 Reference value :  1.08093e-07
 Reference value :  1.09628e-07
 Reference value :  1.11178e-07
 Reference value :  1.12713e-07
 Reference value :  1.14248e-07
 Reference value :  1.15728e-07
 Reference value :  1.17258e-07
 Reference value :  1.18723e-07
 Reference value :  1.20183e-07
 Reference value :  1.21643e-07
 Reference value :  1.23153e-07
 Reference value :  1.24663e-07
 Reference value :  1.26228e-07
 Reference value :  1.27683e-07
 Reference value :  1.29218e-07
 Reference value :  1.30808e-07
 Reference value :  1.32328e-07
 Reference value :  1.33883e-07
 Reference value :  1.35368e-07
 Reference value :  1.36888e-07
 Reference value :  1.38353e-07
 Reference value :  1.39918e-07
 Reference value :  1.41548e-07
 Reference value :  1.43018e-07
 Reference value :  1.44528e-07
 Reference value :  1.46048e-07
 Reference value :  1.47603e-07
 Reference value :  1.49188e-07
 Reference value :  1.50693e-07
 Reference value :  1.52223e-07
 Reference value :  1.53833e-07
 Reference value :  1.55483e-07
 Reference value :  1.56968e-07
 Reference value :  1.58418e-07
 Reference value :  1.59883e-07
 Reference value :  1.61363e-07
 Reference value :  1.62903e-07
 Reference value :  1.64333e-07
 Reference value :  1.65878e-07
 Reference value :  1.67413e-07
 Reference value :  1.68888e-07
 Reference value :  1.70368e-07
 Reference value :  1.71858e-07
 Reference value :  1.73363e-07
 Reference value :  1.74813e-07
 Reference value :  1.76273e-07
 Reference value :  1.77833e-07
 Reference value :  1.79298e-07
 Reference value :  1.80783e-07
 Reference value :  1.82238e-07
 Reference value :  1.83788e-07
 Reference value :  1.85263e-07
 Reference value :  1.86748e-07
 Reference value :  1.88303e-07
 Reference value :  1.89833e-07
 Reference value :  1.91358e-07
 Reference value :  1.92863e-07
 Reference value :  1.94423e-07
 Reference value :  1.95863e-07
 Reference value :  1.97343e-07
 Reference value :  1.98903e-07
 Reference value :  2.00423e-07
 Reference value :  2.01948e-07
 Reference value :  2.03423e-07
 Reference value :  2.04958e-07
 Reference value :  2.06383e-07
 Reference value :  2.07873e-07
 Reference value :  2.09398e-07
 Reference value :  2.10863e-07
 Reference value :  2.12328e-07
 Reference value :  2.13758e-07
 Reference value :  2.15253e-07
 Reference value :  2.16683e-07
 Reference value :  2.18168e-07
 Reference value :  2.19673e-07
 Reference value :  2.21178e-07
 Reference value :  2.22653e-07
 Reference value :  2.24133e-07
 Reference value :  2.25643e-07
 Reference value :  2.27088e-07
 Reference value :  2.28553e-07
 Reference value :  2.30043e-07
 Reference value :  2.31578e-07
 Reference value :  2.32988e-07
 Reference value :  2.34448e-07
 Reference value :  2.35938e-07
 Reference value :  2.37343e-07
 Reference value :  2.38788e-07
 Reference value :  2.40243e-07
 Reference value :  2.41783e-07
 Reference value :  2.43263e-07
 Reference value :  2.44733e-07
 Reference value :  2.46223e-07
 Reference value :  2.47643e-07
 Reference value :  2.49143e-07
 Reference value :  2.50568e-07
 Reference value :  2.52133e-07
 Reference value :  2.53653e-07
 Reference value :  2.55143e-07
 Reference value :  2.56688e-07
 Reference value :  2.58233e-07
 Reference value :  2.59808e-07
 Reference value :  2.61388e-07
 Reference value :  2.62923e-07
 Reference value :  2.64318e-07
 Reference value :  2.65738e-07
 Reference value :  2.67228e-07
 Reference value :  2.68913e-07
 Reference value :  2.70418e-07
 Reference value :  2.71958e-07
 Reference value :  2.73473e-07
 Reference value :  2.74883e-07
 Reference value :  2.76338e-07
 Reference value :  2.77868e-07
 Reference value :  2.79358e-07
 Reference value :  2.80838e-07
 Reference value :  2.82323e-07
 Reference value :  2.83803e-07
 Reference value :  2.85278e-07
 Reference value :  2.86812e-07
 Reference value :  2.88267e-07
 Reference value :  2.89662e-07
 Reference value :  2.91147e-07
 Reference value :  2.92537e-07
 Reference value :  2.93982e-07
 Reference value :  2.95352e-07
 Reference value :  2.96762e-07
 Reference value :  2.98157e-07
 Reference value :  2.99627e-07
 Reference value :  3.01037e-07
 Reference value :  3.02492e-07
 Reference value :  3.04012e-07
 Reference value :  3.05472e-07
 Reference value :  3.06982e-07
 Reference value :  3.08512e-07
 Reference value :  3.10047e-07
 Reference value :  3.11532e-07
 Reference value :  3.12987e-07
 Reference value :  3.14517e-07
 Reference value :  3.16072e-07
 Reference value :  3.17537e-07
 Reference value :  3.18982e-07
 Reference value :  3.20522e-07
 Reference value :  3.21957e-07
 Reference value :  3.23467e-07
 Reference value :  3.24942e-07
 Reference value :  3.26412e-07
 Reference value :  3.27897e-07
 Reference value :  3.29362e-07
 Reference value :  3.30897e-07
 Reference value :  3.32357e-07
 Reference value :  3.33827e-07
 Reference value :  3.35337e-07
 Reference value :  3.36802e-07
 Reference value :  3.38267e-07
 Reference value :  3.39732e-07
 Reference value :  3.41297e-07
 Reference value :  3.42732e-07
 Reference value :  3.44197e-07
 Reference value :  3.45672e-07
 Reference value :  3.47167e-07
 Reference value :  3.48592e-07
 Reference value :  3.50037e-07
 Reference value :  3.51547e-07
 Reference value :  3.53002e-07
 Reference value :  3.54507e-07
 Reference value :  3.56007e-07
 Reference value :  3.57422e-07
 Reference value :  3.58802e-07
 Reference value :  3.60202e-07
 Reference value :  3.61692e-07
 Reference value :  3.63142e-07
 Reference value :  3.64627e-07
 Reference value :  3.66107e-07
 Reference value :  3.67622e-07
 Reference value :  3.69092e-07
 Reference value :  3.70617e-07
 Reference value :  3.72202e-07
 Reference value :  3.73722e-07
 Reference value :  3.75192e-07
 Reference value :  3.76737e-07
 Reference value :  3.78322e-07
 Reference value :  3.79802e-07
 Reference value :  3.81317e-07
 Reference value :  3.82902e-07
 Reference value :  3.84412e-07
 Reference value :  3.85947e-07
 Reference value :  3.87497e-07
 Reference value :  3.89027e-07
 Reference value :  3.90542e-07
 Reference value :  3.92082e-07
 Reference value :  3.93642e-07
 Reference value :  3.95122e-07
 Reference value :  3.96477e-07
 Reference value :  3.97847e-07
 Reference value :  3.99272e-07
 Reference value :  4.00632e-07
 Reference value :  4.02122e-07
 Reference value :  4.03667e-07
 Reference value :  4.05137e-07
 Reference value :  4.06622e-07
 Reference value :  4.08087e-07
 Reference value :  4.09637e-07
 Reference value :  4.11147e-07
 Reference value :  4.12647e-07
 Reference value :  4.14187e-07
 Reference value :  4.15677e-07
 Reference value :  4.17142e-07
 Reference value :  4.18602e-07
 Reference value :  4.20147e-07
 Reference value :  4.21572e-07
 Reference value :  4.23027e-07
 Reference value :  4.24567e-07
 Reference value :  4.26067e-07
 Reference value :  4.27587e-07
 Reference value :  4.29137e-07
 Reference value :  4.30672e-07
 Reference value :  4.32207e-07
 Reference value :  4.33772e-07
 Reference value :  4.35307e-07
 Reference value :  4.36707e-07
 Reference value :  4.38092e-07
 Reference value :  4.39497e-07
 Reference value :  4.40952e-07
 Reference value :  4.42367e-07
 Reference value :  4.43812e-07
 Reference value :  4.45247e-07
 Reference value :  4.46762e-07
 Reference value :  4.48182e-07
 Reference value :  4.49712e-07
 Reference value :  4.51257e-07
 Reference value :  4.52762e-07
 Reference value :  4.54317e-07
 Reference value :  4.55877e-07
 Reference value :  4.57467e-07
 Reference value :  4.58967e-07
 Reference value :  4.60497e-07
 Reference value :  4.62027e-07
 Reference value :  4.63512e-07
 Reference value :  4.64997e-07
 Reference value :  4.66522e-07
 Reference value :  4.68012e-07
 Reference value :  4.69442e-07
 Reference value :  4.70817e-07
 Reference value :  4.72262e-07
 Reference value :  4.73722e-07
 Reference value :  4.75167e-07
 Reference value :  4.76597e-07
 Reference value :  4.78062e-07
 Reference value :  4.79442e-07
 Reference value :  4.80947e-07
 Reference value :  4.82457e-07
 Reference value :  4.83927e-07
 Reference value :  4.85387e-07
 Reference value :  4.86812e-07
 Reference value :  4.88297e-07
 Reference value :  4.89772e-07
 Reference value :  4.91212e-07
 Reference value :  4.92817e-07
 Reference value :  4.94307e-07
 Reference value :  4.95827e-07
 Reference value :  4.97397e-07
 Reference value :  4.98962e-07
 Reference value :  5.00352e-07
 Reference value :  5.01802e-07
 Reference value :  5.03337e-07
 Reference value :  5.04822e-07
 Reference value :  5.06332e-07
 Reference value :  5.07812e-07
 Reference value :  5.09287e-07
 Reference value :  5.10732e-07
 Reference value :  5.12237e-07
 Reference value :  5.13757e-07
 Reference value :  5.15297e-07
 Reference value :  5.16702e-07
 Reference value :  5.18182e-07
 Reference value :  5.19682e-07
 Reference value :  5.21187e-07
 Reference value :  5.22687e-07
 Reference value :  5.24227e-07
 Reference value :  5.25737e-07
 Reference value :  5.27302e-07
 Reference value :  5.28797e-07
 Reference value :  5.30332e-07
 Reference value :  5.31742e-07
 Reference value :  5.33147e-07
 Reference value :  5.34562e-07
 Reference value :  5.36092e-07
 Reference value :  5.37622e-07
 Reference value :  5.39167e-07
 Reference value :  5.40722e-07
 Reference value :  5.42222e-07
 Reference value :  5.43747e-07
 Reference value :  5.45287e-07
 Reference value :  5.46752e-07
 Reference value :  5.48257e-07
 Reference value :  5.49757e-07
 Reference value :  5.51352e-07
 Reference value :  5.52712e-07
 Reference value :  5.54177e-07
 Reference value :  5.55677e-07
 Reference value :  5.57232e-07
 Reference value :  5.58722e-07
 Reference value :  5.60237e-07
 Reference value :  5.61767e-07
 Reference value :  5.63282e-07
 Reference value :  5.64757e-07
 Reference value :  5.66292e-07
 Reference value :  5.67812e-07
 Reference value :  5.69352e-07
 Reference value :  5.70842e-07
 Reference value :  5.72412e-07
 Reference value :  5.73907e-07
 Reference value :  5.75422e-07
 Reference value :  5.76932e-07
 Reference value :  5.78337e-07
 Reference value :  5.79722e-07
 Reference value :  5.81102e-07
 Reference value :  5.82612e-07
 Reference value :  5.84087e-07
 Reference value :  5.85602e-07
 Reference value :  5.87152e-07
 Reference value :  5.88677e-07
 Reference value :  5.90142e-07
 Reference value :  5.91677e-07
 Reference value :  5.93217e-07
 Reference value :  5.94642e-07
 Reference value :  5.96147e-07
 Reference value :  5.97647e-07
 Reference value :  5.99167e-07
 Reference value :  6.00642e-07
 Reference value :  6.02143e-07
 Reference value :  6.03783e-07
 Reference value :  6.05268e-07
 Reference value :  6.06793e-07
 Reference value :  6.08343e-07
 Reference value :  6.09853e-07
 Reference value :  6.11383e-07
 Reference value :  6.12848e-07
 Reference value :  6.14343e-07
 Reference value :  6.15963e-07
 Reference value :  6.17443e-07
 Reference value :  6.19073e-07
 Reference value :  6.20593e-07
 Reference value :  6.22128e-07
 Reference value :  6.23608e-07
 Reference value :  6.25133e-07
 Reference value :  6.26553e-07
 Reference value :  6.28123e-07
 Reference value :  6.29653e-07
 Reference value :  6.31133e-07
 Reference value :  6.32618e-07
 Reference value :  6.34223e-07
 Reference value :  6.35768e-07
 Reference value :  6.37283e-07
 Reference value :  6.38803e-07
 Reference value :  6.40403e-07
 Reference value :  6.41868e-07
 Reference value :  6.43358e-07
 Reference value :  6.44858e-07
 Reference value :  6.46403e-07
 Reference value :  6.47853e-07
 Reference value :  6.49308e-07
 Reference value :  6.50878e-07
 Reference value :  6.52378e-07
 Reference value :  6.53888e-07
 Reference value :  6.55448e-07
 Reference value :  6.57008e-07
 Reference value :  6.58508e-07
 Reference value :  6.59988e-07
 Reference value :  6.61568e-07
 Reference value :  6.63063e-07
 Reference value :  6.64533e-07
 Reference value :  6.66063e-07
 Reference value :  6.67578e-07
 Reference value :  6.69208e-07
 Reference value :  6.70723e-07
 Reference value :  6.72233e-07
 Reference value :  6.73743e-07
 Reference value :  6.75218e-07
 Reference value :  6.76783e-07
 Reference value :  6.78278e-07
 Reference value :  6.79828e-07
 Reference value :  6.81373e-07
 Reference value :  6.82943e-07
 Reference value :  6.84423e-07
 Reference value :  6.85903e-07
 Reference value :  6.87418e-07
 Reference value :  6.88878e-07
 Reference value :  6.90358e-07
 Reference value :  6.91858e-07
 Reference value :  6.93333e-07
 Reference value :  6.94733e-07
 Reference value :  6.96348e-07
 Reference value :  6.98008e-07
 Reference value :  6.99538e-07
 Reference value :  7.01108e-07
 Reference value :  7.02948e-07
 Reference value :  7.04678e-07
 Reference value :  7.06323e-07
 Reference value :  7.07773e-07
 Reference value :  7.09253e-07
 Reference value :  7.10603e-07
 Reference value :  7.12068e-07
 Reference value :  7.13733e-07
 Reference value :  7.15198e-07
 Reference value :  7.16678e-07
 Reference value :  7.18198e-07
 Reference value :  7.19723e-07
 Reference value :  7.21158e-07
 Reference value :  7.22648e-07
 Reference value :  7.24193e-07
 Reference value :  7.25638e-07
 Reference value :  7.27123e-07
 Reference value :  7.28693e-07
 Reference value :  7.30298e-07
 Reference value :  7.31748e-07
 Reference value :  7.33248e-07
 Reference value :  7.34788e-07
 Reference value :  7.36248e-07
 Reference value :  7.37763e-07
 Reference value :  7.39263e-07
 Reference value :  7.40718e-07
 Reference value :  7.42183e-07
 Reference value :  7.43603e-07
 Reference value :  7.45138e-07
 Reference value :  7.46573e-07
 Reference value :  7.48123e-07
 Reference value :  7.49613e-07
 Reference value :  7.51123e-07
 Reference value :  7.52698e-07
 Reference value :  7.54218e-07
 Reference value :  7.55743e-07
 Reference value :  7.57178e-07
 Reference value :  7.58668e-07
 Reference value :  7.60168e-07
 Reference value :  7.61678e-07
 Reference value :  7.63093e-07
 Reference value :  7.64608e-07
 Reference value :  7.66168e-07
 Reference value :  7.67648e-07
 Reference value :  7.69168e-07
 Reference value :  7.70693e-07
 Reference value :  7.72258e-07
 Reference value :  7.73758e-07
 Reference value :  7.75253e-07
 Reference value :  7.76838e-07
 Reference value :  7.78263e-07
 Reference value :  7.79773e-07
 Reference value :  7.81278e-07
 Reference value :  7.82813e-07
 Reference value :  7.84288e-07
 Reference value :  7.85763e-07
 Reference value :  7.87353e-07
 Reference value :  7.88963e-07
 Reference value :  7.90448e-07
 Reference value :  7.91998e-07
 Reference value :  7.93543e-07
 Reference value :  7.94998e-07
 Reference value :  7.96418e-07
 Reference value :  7.97963e-07
 Reference value :  7.99368e-07
No. of Data Rows : 160024
pt1a                =  1.81312e-08
pt1b                =  7.06386e-08
 meas tran vsub_max max v(xarr.vsubs) from=100n to=800n failed!

 meas tran vsub_min min v(xarr.vsubs) from=100n to=800n failed!

p_tr1 = 5.250744e-09
Note: Simulation executed from .control section 

----- stderr -----

Checking parameters for BSIM 4.5 model xarr.xpex.xn66:nshort_model.48
Warning: Eta0 = -0.0286127 is negative.

Checking parameters for BSIM 4.5 model xarr.xpex.xn61:nshort_model.48
Warning: Eta0 = -0.0286127 is negative.

Checking parameters for BSIM 4.5 model xarr.xpex.xn60:nshort_model.48
Warning: Eta0 = -0.0286127 is negative.

Checking parameters for BSIM 4.5 model xarr.xpex.xn55:nshort_model.48
Warning: Eta0 = -0.0286127 is negative.

Checking parameters for BSIM 4.5 model xarr.xpex.xn54:nshort_model.48
Warning: Eta0 = -0.0286127 is negative.

Checking parameters for BSIM 4.5 model xarr.xpex.xn49:nshort_model.48
Warning: Eta0 = -0.0286127 is negative.

Checking parameters for BSIM 4.5 model xarr.xpex.xn48:nshort_model.48
Warning: Eta0 = -0.0286127 is negative.

Checking parameters for BSIM 4.5 model xarr.xpex.xn47:nshort_model.48
Warning: Eta0 = -0.0286127 is negative.

Checking parameters for BSIM 4.5 model xarr.xpex.xn46:nshort_model.48
Warning: Eta0 = -0.0286127 is negative.

Checking parameters for BSIM 4.5 model xarr.xpex.xn45:nshort_model.48
Warning: Eta0 = -0.0286127 is negative.

Checking parameters for BSIM 4.5 model xarr.xpex.xn44:nshort_model.48
Warning: Eta0 = -0.0286127 is negative.

Checking parameters for BSIM 4.5 model xarr.xpex.xn43:nshort_model.48
Warning: Eta0 = -0.0286127 is negative.

Checking parameters for BSIM 4.5 model xarr.xpex.xn42:nshort_model.48
Warning: Eta0 = -0.0286127 is negative.

Checking parameters for BSIM 4.5 model xarr.xpex.xn41:nshort_model.48
Warning: Eta0 = -0.0286127 is negative.

Checking parameters for BSIM 4.5 model xarr.xpex.xn40:nshort_model.48
Warning: Eta0 = -0.0286127 is negative.

Checking parameters for BSIM 4.5 model xarr.xpex.xn39:nshort_model.48
Warning: Eta0 = -0.0286127 is negative.

Checking parameters for BSIM 4.5 model xarr.xpex.xn38:nshort_model.48
Warning: Eta0 = -0.0286127 is negative.

Checking parameters for BSIM 4.5 model xarr.xpex.xn37:nshort_model.48
Warning: Eta0 = -0.0286127 is negative.

Checking parameters for BSIM 4.5 model xarr.xpex.xn35:nshort_model.48
Warning: Eta0 = -0.0286127 is negative.

Checking parameters for BSIM 4.5 model xarr.xpex.xn33:nshort_model.48
Warning: Eta0 = -0.0286127 is negative.

Checking parameters for BSIM 4.5 model xarr.xpex.xn31:nshort_model.48
Warning: Eta0 = -0.0286127 is negative.

Checking parameters for BSIM 4.5 model xarr.xpex.xn28:nshort_model.48
Warning: Eta0 = -0.0286127 is negative.

Checking parameters for BSIM 4.5 model xarr.xpex.xn27:nshort_model.48
Warning: Eta0 = -0.0286127 is negative.

Checking parameters for BSIM 4.5 model xarr.xpex.xn25:nshort_model.48
Warning: Eta0 = -0.0286127 is negative.

Checking parameters for BSIM 4.5 model xarr.xpex.xn23:nshort_model.48
Warning: Eta0 = -0.0286127 is negative.

Checking parameters for BSIM 4.5 model xarr.xpex.xn21:nshort_model.48
Warning: Eta0 = -0.0286127 is negative.

Error: measure  vsub_max  max(TRIG) : no such vector as 'v(xarr.vsubs)'

Error: measure  vsub_min  min(TRIG) : no such vector as 'v(xarr.vsubs)'
Warning from checkvalid: vector vsub_max is not available or has zero length.
Error: RHS "(vsub_max - vsub_min) / 1.98" invalid
Warning from checkvalid: vector vsub_swing_frac is not available or has zero length.

