OpenROAD 26Q3-1510-g6cb3f2b704 
Features included (+) or not (-): +GPU +GUI +Python
This program is licensed under the BSD-3 license. See the LICENSE file for details.
Components of this program may be licensed under more restrictive licenses which must be honored.
===KLT_MAX_TRANSITION_LIBRARY_VIOLATIONS_BEGIN===
===KLT_MAX_TRANSITION_LIBRARY_VIOLATIONS_END===
===KLT_MAX_CAPACITANCE_LIBRARY_VIOLATIONS_BEGIN===
===KLT_MAX_CAPACITANCE_LIBRARY_VIOLATIONS_END===
===KLT_MAX_TRANSITION_VIOLATIONS_BEGIN===
max slew

Pin                                    Limit    Slew   Slack
------------------------------------------------------------
_2348_/A2                               0.53    0.54   -0.01 (VIOLATED)
_2358_/A2                               0.53    0.54   -0.01 (VIOLATED)
_1903_/C                                0.53    0.54   -0.01 (VIOLATED)
_2078_/B                                0.53    0.54   -0.01 (VIOLATED)
_1902_/Y                                0.53    0.54   -0.01 (VIOLATED)

===KLT_MAX_TRANSITION_VIOLATIONS_END===
===KLT_MAX_CAPACITANCE_VIOLATIONS_BEGIN===
max capacitance

Pin                                    Limit     Cap   Slack
------------------------------------------------------------
max_cap547/X                            0.03    0.04   -0.01 (VIOLATED)

wire538/X                               0.03    0.04   -0.01 (VIOLATED)

wire572/X                               0.03    0.04   -0.01 (VIOLATED)

wire465/X                               0.03    0.04   -0.01 (VIOLATED)

max_cap506/X                            0.03    0.04   -0.01 (VIOLATED)

place375/X                              0.03    0.04   -0.01 (VIOLATED)

_1518_/Y                                0.03    0.04   -0.01 (VIOLATED)

wire341/X                               0.03    0.04   -0.01 (VIOLATED)

wire534/X                               0.03    0.04   -0.00 (VIOLATED)

max_cap561/X                            0.03    0.04   -0.00 (VIOLATED)

max_cap553/X                            0.03    0.04   -0.00 (VIOLATED)

max_cap521/X                            0.03    0.04   -0.00 (VIOLATED)

wire477/X                               0.03    0.04   -0.00 (VIOLATED)

max_cap584/X                            0.03    0.04   -0.00 (VIOLATED)

max_cap495/X                            0.03    0.04   -0.00 (VIOLATED)

max_cap488/X                            0.03    0.04   -0.00 (VIOLATED)

max_cap527/X                            0.03    0.04   -0.00 (VIOLATED)

max_cap559/X                            0.03    0.04   -0.00 (VIOLATED)

place409/X                              0.03    0.04   -0.00 (VIOLATED)

wire462/X                               0.03    0.04   -0.00 (VIOLATED)

wire562/X                               0.03    0.04   -0.00 (VIOLATED)

wire485/X                               0.03    0.04   -0.00 (VIOLATED)

wire526/X                               0.03    0.04   -0.00 (VIOLATED)

wire476/X                               0.03    0.04   -0.00 (VIOLATED)

max_cap586/X                            0.03    0.04   -0.00 (VIOLATED)

max_cap557/X                            0.03    0.04   -0.00 (VIOLATED)

max_cap56/X                             0.03    0.04   -0.00 (VIOLATED)

max_cap50/X                             0.03    0.04   -0.00 (VIOLATED)

max_cap347/X                            0.03    0.04   -0.00 (VIOLATED)

max_cap474/X                            0.03    0.04   -0.00 (VIOLATED)

max_cap554/X                            0.03    0.04   -0.00 (VIOLATED)

max_cap472/X                            0.03    0.04   -0.00 (VIOLATED)

max_cap578/X                            0.03    0.04   -0.00 (VIOLATED)

max_cap540/X                            0.03    0.04   -0.00 (VIOLATED)

max_cap520/X                            0.03    0.04   -0.00 (VIOLATED)

max_cap471/X                            0.03    0.04   -0.00 (VIOLATED)

max_cap517/X                            0.03    0.04   -0.00 (VIOLATED)

max_cap88/X                             0.03    0.04   -0.00 (VIOLATED)

max_cap36/X                             0.03    0.04   -0.00 (VIOLATED)

max_cap563/X                            0.03    0.04   -0.00 (VIOLATED)

max_cap74/X                             0.03    0.04   -0.00 (VIOLATED)

max_cap545/X                            0.03    0.04   -0.00 (VIOLATED)

max_cap541/X                            0.03    0.04   -0.00 (VIOLATED)

max_cap324/X                            0.03    0.04   -0.00 (VIOLATED)

max_cap582/X                            0.03    0.04   -0.00 (VIOLATED)

wire560/X                               0.03    0.04   -0.00 (VIOLATED)

max_cap566/X                            0.03    0.04   -0.00 (VIOLATED)

max_cap71/X                             0.03    0.04   -0.00 (VIOLATED)

place371/X                              0.03    0.04   -0.00 (VIOLATED)

wire486/X                               0.03    0.04   -0.00 (VIOLATED)

max_cap583/X                            0.03    0.04   -0.00 (VIOLATED)

max_cap491/X                            0.03    0.04   -0.00 (VIOLATED)

max_cap512/X                            0.03    0.04   -0.00 (VIOLATED)

place400/X                              0.03    0.04   -0.00 (VIOLATED)

max_cap546/X                            0.03    0.04   -0.00 (VIOLATED)

max_cap317/X                            0.03    0.04   -0.00 (VIOLATED)

max_cap524/X                            0.03    0.04   -0.00 (VIOLATED)

place351/X                              0.03    0.04   -0.00 (VIOLATED)

max_cap552/X                            0.03    0.04   -0.00 (VIOLATED)

max_cap513/X                            0.03    0.04   -0.00 (VIOLATED)

max_cap451/X                            0.03    0.04   -0.00 (VIOLATED)

_1645_/Y                                0.03    0.04   -0.00 (VIOLATED)

max_cap501/X                            0.03    0.04   -0.00 (VIOLATED)

wire328/X                               0.03    0.04   -0.00 (VIOLATED)

max_cap537/X                            0.03    0.04   -0.00 (VIOLATED)

max_cap86/X                             0.03    0.04   -0.00 (VIOLATED)

max_cap53/X                             0.03    0.04   -0.00 (VIOLATED)

max_cap590/X                            0.03    0.04   -0.00 (VIOLATED)

max_cap492/X                            0.03    0.04   -0.00 (VIOLATED)

max_cap551/X                            0.03    0.04   -0.00 (VIOLATED)

max_cap450/X                            0.03    0.04   -0.00 (VIOLATED)

max_cap587/X                            0.03    0.04   -0.00 (VIOLATED)

max_cap504/X                            0.03    0.04   -0.00 (VIOLATED)

max_cap528/X                            0.03    0.04   -0.00 (VIOLATED)

max_cap458/X                            0.03    0.04   -0.00 (VIOLATED)

max_cap544/X                            0.03    0.04   -0.00 (VIOLATED)

max_cap543/X                            0.03    0.04   -0.00 (VIOLATED)

max_cap460/X                            0.03    0.04   -0.00 (VIOLATED)

max_cap331/X                            0.03    0.04   -0.00 (VIOLATED)

max_cap507/X                            0.03    0.04   -0.00 (VIOLATED)

max_cap530/X                            0.03    0.04   -0.00 (VIOLATED)

max_cap531/X                            0.03    0.04   -0.00 (VIOLATED)

max_cap91/X                             0.03    0.04   -0.00 (VIOLATED)

max_cap466/X                            0.03    0.04   -0.00 (VIOLATED)

max_cap95/X                             0.03    0.04   -0.00 (VIOLATED)

max_cap487/X                            0.03    0.04   -0.00 (VIOLATED)

max_cap523/X                            0.03    0.04   -0.00 (VIOLATED)

max_cap516/X                            0.03    0.04   -0.00 (VIOLATED)

max_cap558/X                            0.03    0.04   -0.00 (VIOLATED)

max_cap464/X                            0.03    0.04   -0.00 (VIOLATED)

max_cap510/X                            0.03    0.04   -0.00 (VIOLATED)

max_cap585/X                            0.03    0.04   -0.00 (VIOLATED)

max_cap481/X                            0.03    0.04   -0.00 (VIOLATED)

place416/X                              0.03    0.04   -0.00 (VIOLATED)

max_cap490/X                            0.03    0.04   -0.00 (VIOLATED)

place427/X                              0.03    0.04   -0.00 (VIOLATED)

max_cap518/X                            0.03    0.04   -0.00 (VIOLATED)

max_cap459/X                            0.03    0.04   -0.00 (VIOLATED)

===KLT_MAX_CAPACITANCE_VIOLATIONS_END===
