|* ro_ring5 transient-noise jitter accumulation -- issue #10 flagship config
|*
|* Purpose: issue #10 acceptance criterion 2. Measures period T0 (`tbar`)
|* and jitter accumulation sigma_1/sigma_2/sigma_4/sigma_8 (`sigma_N`) for
|* design/ro_ring5.spice's 5-stage starved ring (1 ro_nand2 enable/stop
|* stage + 4 ro_stage delay cells -- design/README.md's "the cheap
|* transient-noise vehicle for the jitter characterization", explicitly
|* named in design/xschem/ for exactly this purpose), across the sky130
|* PVT grid.
|*
|* This is the campaign's FULL 27-point-grid flagship configuration (the
|* full {tt,ss,ff} x {-40,27,125 degC} x {nominal +/-10% supply} grid, per
|* spec/porting-plan.md Sec 3.1/DR-0006-style reduced-grid convention).
|* design/ro_ring11.sch (the actual 11-stage array ring) is the more
|* expensive config and is only run at the 3 PVT headline points -- see
|* tb_ro_ring11_jitter.spice's own header for why, and this ring's own
|* wall-clock-cost re-measurement below.
|*
|* Method (adapted from gf180-trng's sim/tb/ro-inv-05stage-jitter/, cited by
|* spec/porting-plan.md Sec 3.2 as "device-physics testbenches (re-run on
|* sky130 devices, not ported as evidence)"): ngspice's own .tran analysis
|* does not include intrinsic BSIM4 device noise (this is a general ngspice
|* architecture fact, not a PDK-specific one -- confirmed against this
|* checkout's own ngspice build during this campaign's development: a
|* purely deterministic .tran of this same ring, no injected sources at
|* all, converges to a bit-exact repeating period with zero run-to-run
|* seed sensitivity). So every stage's input carries an explicit trnoise()
|* voltage source, in series, exactly mirroring gf180-trng's per-stage
|* injection topology (ro -> gA -> nand2 -> n1 -> gB -> stage1 -> n2 -> ...
|* -> n4 -> gE -> stage4 -> ro).
|*
|* trnoise() calibration: NA=2.0e-3 (V rms), NT=2e-10 (s) -> one-sided
|* injected PSD S_inj = 2*NA^2*NT = 1.6e-15 V^2/Hz (4.0e-08 V/sqrt(Hz)),
|* anchored to sim/ro-stage-noise-mechanism-check/records/
|* 20260825-022446-d58d709.md's own measured onoise_spectrum density near
|* 1 GHz (~4.0e-08 V/sqrt(Hz) at tt, the closest sampled frequency to this
|* ring's own oscillation band) -- the same "anchor the fixed injection
|* level to the device's own measured near-oscillation-band noise density"
|* method gf180-trng's characterization-ro-delay-cell-jitter.md documents
|* (see its "Device .noise cross-check" section), simplified here to a
|* single anchor point rather than a full new per-corner device-.noise
|* sweep (out of this issue's budget -- see this record's caveats).
|* NT=2e-10 gives an implied noise bandwidth (~1/(2*NT) = 2.5 GHz) safely
|* above every oscillation frequency measured in this campaign's own grid.
|* CAVEAT: this is a single fixed injection level, not re-measured per
|* corner -- treat every sigma_N figure below as good to a factor of
|* roughly 1.5-2x, per gf180-trng's own precedent for the same method
|* (its characterization-ro-delay-cell-jitter.md's "Safe to size against"
|* item 5).
|*
|* Wall-clock cost, re-measured for sky130 (spec/porting-plan.md Sec 2.2
|* explicitly asks for this re-measurement rather than assuming gf180-trng's
|* own ~130-150s/run figure ports). Measured on this campaign's development
|* machine (8-core x86-64, ngspice-46, sky130A c6d73a35):
|*
|*   - ~1.9 s of wall clock per simulated ns for this 5-stage ring at
|*     `.tran 5p`, i.e. ~215 s per corner point at this deck's 115 ns tstop.
|*   - That cost is set by the transient step count, NOT by trnoise(): the
|*     same ring, same tstop, same max step, with the trnoise() sources
|*     replaced by plain `dc 0` sources, measured within a few percent of
|*     the same wall clock. (An earlier draft of this header asserted a
|*     ~475x trnoise penalty at NT=1e-11; that figure did not survive
|*     re-measurement at NT=2e-10 and has been struck.)
|*   - ro_ring11 is ~2.2x the devices AND ~2.2x the period, so it costs
|*     ~5x per measured period. That is why THIS ring, not ro_ring11, is
|*     the full-27-point-grid flagship and ro_ring11 runs only the 3
|*     headline points -- exactly the DR-0006 cost/coverage trade-off,
|*     re-measured on sky130 rather than inherited.
|*
|* tstop = 115 ns is sized from a deterministic (noise-free) period probe
|* run over the grid's extremes before this deck was fixed: the slowest
|* corner measured is 4.82 ns/period (ss / -40 degC / 1.62 V; the low-supply
|* edge dominates -- ss/1.98 V runs 2.02 ns/period, a 2.4x supply swing,
|* while -40 -> +125 degC at fixed supply moves it under 2%). 21 rising
|* crossings therefore need <= 5 + 20 x 4.82 = 101 ns, and 115 ns carries
|* the margin. A single uniform tstop across all 27 points (rather than a
|* per-corner one) keeps every record's measurement window identical.
|*
|* 20 periods measured (21 rising crossings, rise=2..22; the first rising
|* edge is discarded as `.ic` startup transient, per gf180-trng's own
|* convention), NOT gf180-trng's 128 -- a budget-driven reduction, made
|* deliberately per spec/porting-plan.md Sec 2.2's prompt to re-measure
|* DR-0006's cost/coverage trade-off rather than copy it: 128 periods at
|* this ring's worst-corner 4.82 ns period would need a ~620 ns tstop, ~20
|* min per corner point, ~9 h for the 27-point grid alone. CAVEAT: with 20
|* period samples the sigma_1 estimator itself carries ~16% (1-sigma)
|* statistical error, hence ~32% on sigma_1^2 and therefore on Q -- that is
|* the resolution floor for any corner-to-corner Q comparison read off this
|* grid, and the reduction in sim/ro-array-sizing/ states it as such.
|* sigma_1/sigma_2/sigma_4/sigma_8 only (no sigma_16/sigma_32 --
|* gf180-trng's own accumulated-jitter figures at N>=16 were themselves
|* flagged as "not yet resolvable trends" even at their much larger
|* period/seed count). CAVEAT: single seed per PVT point (gf180-trng used
|* >=4) -- seed-to-seed spread is NOT characterized by this campaign; a
|* documented gap, not a silent omission. The seed is deliberately held
|* CONSTANT across every point of the grid (common random numbers), so
|* corner-to-corner Q differences are not additionally confounded by
|* seed-to-seed variation.
|*
|* This file is a TEMPLATE: sim/bin/corner-run.py substitutes /home/ubuntu/.volare/volare/sky130/versions/c6d73a35f524070e85faff4a6a9eef49553ebc2b/sky130A/libs.tech/combined/sky130.lib.spice,
|* ss (process axis), /home/ubuntu/GitHub/sky130-trng/.loom/worktrees/issue-10/design/ro_ring5.spice (unused by this file -- the ring
|* is built in place from ro_nand2/ro_stage, both defined by
|* design/ro_ring5.spice, which /home/ubuntu/GitHub/sky130-trng/.loom/worktrees/issue-10/design/ro_ring5.spice still names, so --ro-ring5's
|* default is exactly the file this deck needs .include'd), -40.0/1.62
|* (the other two PVT axes) and 1 (this run's `.option seed=`). As
|* committed here this is not a runnable deck.
|
|.option scale=1u
|.lib "/home/ubuntu/.volare/volare/sky130/versions/c6d73a35f524070e85faff4a6a9eef49553ebc2b/sky130A/libs.tech/combined/sky130.lib.spice" ss
|
|.include "/home/ubuntu/GitHub/sky130-trng/.loom/worktrees/issue-10/design/ro_ring5.spice"
|
|.temp -40.0
|.option seed=1
|
|Vddr vddr 0 dc 1.62
|Ven en 0 dc 1.62
|
|xg gA en n1 vddr 0 ro_nand2
|VnA gA ro dc 0 trnoise(2.0e-3 2e-10 0 0)
|x1 gB n2 vddr 0 ro_stage
|VnB gB n1 dc 0 trnoise(2.0e-3 2e-10 0 0)
|x2 gC n3 vddr 0 ro_stage
|VnC gC n2 dc 0 trnoise(2.0e-3 2e-10 0 0)
|x3 gD n4 vddr 0 ro_stage
|VnD gD n3 dc 0 trnoise(2.0e-3 2e-10 0 0)
|x4 gE ro vddr 0 ro_stage
|VnE gE n4 dc 0 trnoise(2.0e-3 2e-10 0 0)
|
|.ic v(ro)=0 v(n1)=1.62 v(n2)=0 v(n3)=1.62 v(n4)=0
|
|.tran 20p 115n uic
|
|.control
|run
|meas tran vmax_ss MAX v(ro) from=20n to=115n
|meas tran vmin_ss MIN v(ro) from=20n to=115n
|let swing_frac = (vmax_ss - vmin_ss) / 1.62
|let k = 2
|let tc = vector(21)
|while k <= 22
|  meas tran tk when v(ro)=0.5*1.62 rise=$&k
|  let tc[k-2] = tk
|  let k = k + 1
|end
|let tbar = (tc[20] - tc[0])/20
|let r1 = (tc[1,20] - tc[0,19]) - 1*tbar
|let r2 = (tc[2,20] - tc[0,18]) - 2*tbar
|let r4 = (tc[4,20] - tc[0,16]) - 4*tbar
|let r8 = (tc[8,20] - tc[0,12]) - 8*tbar
|let sigma_1 = sqrt(mean(r1*r1)/(1 - 1/20))
|let sigma_2 = sqrt(mean(r2*r2)/(1 - 2/20))
|let sigma_4 = sqrt(mean(r4*r4)/(1 - 4/20))
|let sigma_8 = sqrt(mean(r8*r8)/(1 - 8/20))
|print vmax_ss
|print vmin_ss
|print swing_frac
|print tbar
|print sigma_1
|print sigma_2
|print sigma_4
|print sigma_8
|.endc
|.end
|

----- stdout -----

Note: No compatibility mode selected!


Circuit: * ro_ring5 transient-noise jitter accumulation -- issue #10 flagship config

Doing analysis at TEMP = -40.000000 and TNOM = 27.000000

Using SPARSE 1.3 as Direct Linear Solver
Operating point simulation skipped by 'uic',
  now using transient initial conditions.
 Reference value :  2.00000e-13
 Reference value :  2.26756e-13
 Reference value :  6.01347e-13
 Reference value :  1.43232e-12
 Reference value :  4.75620e-12
 Reference value :  1.23049e-11
 Reference value :  2.00000e-11
 Reference value :  2.53866e-11
 Reference value :  4.38549e-11
 Reference value :  8.38549e-11
 Reference value :  1.23855e-10
 Reference value :  1.63855e-10
 Reference value :  2.02000e-10
 Reference value :  2.30000e-10
 Reference value :  2.70000e-10
 Reference value :  3.10000e-10
 Reference value :  3.70000e-10
 Reference value :  4.02000e-10
 Reference value :  4.30000e-10
 Reference value :  4.90000e-10
 Reference value :  5.50000e-10
 Reference value :  6.00000e-10
 Reference value :  6.14000e-10
 Reference value :  6.70000e-10
 Reference value :  7.50000e-10
 Reference value :  8.00000e-10
 Reference value :  8.30000e-10
 Reference value :  8.90000e-10
 Reference value :  9.50000e-10
 Reference value :  1.00200e-09
 Reference value :  1.05000e-09
 Reference value :  1.13000e-09
 Reference value :  1.20000e-09
 Reference value :  1.23000e-09
 Reference value :  1.29000e-09
 Reference value :  1.33000e-09
 Reference value :  1.37000e-09
 Reference value :  1.40200e-09
 Reference value :  1.43000e-09
 Reference value :  1.49000e-09
 Reference value :  1.53000e-09
 Reference value :  1.58500e-09
 Reference value :  1.61400e-09
 Reference value :  1.69000e-09
 Reference value :  1.75000e-09
 Reference value :  1.80000e-09
 Reference value :  1.81400e-09
 Reference value :  1.87000e-09
 Reference value :  1.91000e-09
 Reference value :  1.95000e-09
 Reference value :  2.00000e-09
 Reference value :  2.01400e-09
 Reference value :  2.07000e-09
 Reference value :  2.13000e-09
 Reference value :  2.18500e-09
 Reference value :  2.20600e-09
 Reference value :  2.25000e-09
 Reference value :  2.31000e-09
 Reference value :  2.35000e-09
 Reference value :  2.38500e-09
 Reference value :  2.40600e-09
 Reference value :  2.45000e-09
 Reference value :  2.49000e-09
 Reference value :  2.55000e-09
 Reference value :  2.60200e-09
 Reference value :  2.63000e-09
 Reference value :  2.71000e-09
 Reference value :  2.77000e-09
 Reference value :  2.80000e-09
 Reference value :  2.81400e-09
 Reference value :  2.87000e-09
 Reference value :  2.95000e-09
 Reference value :  3.00000e-09
 Reference value :  3.01400e-09
 Reference value :  3.07000e-09
 Reference value :  3.13000e-09
 Reference value :  3.18500e-09
 Reference value :  3.20600e-09
 Reference value :  3.25000e-09
 Reference value :  3.31000e-09
 Reference value :  3.37000e-09
 Reference value :  3.40000e-09
 Reference value :  3.41400e-09
 Reference value :  3.47000e-09
 Reference value :  3.53000e-09
 Reference value :  3.58500e-09
 Reference value :  3.60600e-09
 Reference value :  3.65000e-09
 Reference value :  3.71000e-09
 Reference value :  3.77000e-09
 Reference value :  3.80200e-09
 Reference value :  3.83000e-09
 Reference value :  3.87000e-09
 Reference value :  3.91000e-09
 Reference value :  3.95000e-09
 Reference value :  4.00200e-09
 Reference value :  4.03000e-09
 Reference value :  4.09000e-09
 Reference value :  4.15000e-09
 Reference value :  4.20000e-09
 Reference value :  4.21400e-09
 Reference value :  4.27000e-09
 Reference value :  4.33000e-09
 Reference value :  4.38500e-09
 Reference value :  4.40600e-09
 Reference value :  4.45000e-09
 Reference value :  4.51000e-09
 Reference value :  4.55000e-09
 Reference value :  4.60000e-09
 Reference value :  4.61400e-09
 Reference value :  4.67000e-09
 Reference value :  4.73000e-09
 Reference value :  4.80000e-09
 Reference value :  4.81400e-09
 Reference value :  4.85000e-09
 Reference value :  4.89000e-09
 Reference value :  4.93000e-09
 Reference value :  4.98500e-09
 Reference value :  5.00600e-09
 Reference value :  5.05000e-09
 Reference value :  5.13000e-09
 Reference value :  5.20000e-09
 Reference value :  5.23000e-09
 Reference value :  5.29000e-09
 Reference value :  5.33000e-09
 Reference value :  5.38500e-09
 Reference value :  5.40600e-09
 Reference value :  5.45000e-09
 Reference value :  5.49000e-09
 Reference value :  5.55000e-09
 Reference value :  5.60000e-09
 Reference value :  5.61400e-09
 Reference value :  5.69000e-09
 Reference value :  5.75000e-09
 Reference value :  5.78500e-09
 Reference value :  5.80600e-09
 Reference value :  5.87000e-09
 Reference value :  5.95000e-09
 Reference value :  6.00200e-09
 Reference value :  6.03000e-09
 Reference value :  6.11000e-09
 Reference value :  6.17000e-09
 Reference value :  6.20200e-09
 Reference value :  6.23000e-09
 Reference value :  6.29000e-09
 Reference value :  6.35000e-09
 Reference value :  6.38500e-09
 Reference value :  6.40600e-09
 Reference value :  6.45000e-09
 Reference value :  6.49000e-09
 Reference value :  6.55000e-09
 Reference value :  6.60000e-09
 Reference value :  6.61400e-09
 Reference value :  6.67000e-09
 Reference value :  6.73000e-09
 Reference value :  6.77000e-09
 Reference value :  6.80200e-09
 Reference value :  6.83000e-09
 Reference value :  6.89000e-09
 Reference value :  6.95000e-09
 Reference value :  7.00200e-09
 Reference value :  7.03000e-09
 Reference value :  7.09000e-09
 Reference value :  7.15000e-09
 Reference value :  7.18500e-09
 Reference value :  7.20600e-09
 Reference value :  7.25000e-09
 Reference value :  7.29000e-09
 Reference value :  7.35000e-09
 Reference value :  7.38500e-09
 Reference value :  7.40600e-09
 Reference value :  7.45000e-09
 Reference value :  7.51000e-09
 Reference value :  7.57000e-09
 Reference value :  7.60000e-09
 Reference value :  7.63000e-09
 Reference value :  7.69000e-09
 Reference value :  7.75000e-09
 Reference value :  7.80000e-09
 Reference value :  7.81400e-09
 Reference value :  7.87000e-09
 Reference value :  7.95000e-09
 Reference value :  8.00000e-09
 Reference value :  8.01400e-09
 Reference value :  8.05000e-09
 Reference value :  8.09000e-09
 Reference value :  8.13000e-09
 Reference value :  8.20000e-09
 Reference value :  8.23000e-09
 Reference value :  8.27000e-09
 Reference value :  8.33000e-09
 Reference value :  8.40000e-09
 Reference value :  8.41400e-09
 Reference value :  8.47000e-09
 Reference value :  8.53000e-09
 Reference value :  8.58500e-09
 Reference value :  8.60600e-09
 Reference value :  8.65000e-09
 Reference value :  8.69000e-09
 Reference value :  8.73000e-09
 Reference value :  8.78500e-09
 Reference value :  8.80600e-09
 Reference value :  8.87000e-09
 Reference value :  8.95000e-09
 Reference value :  9.00000e-09
 Reference value :  9.03000e-09
 Reference value :  9.09000e-09
 Reference value :  9.15000e-09
 Reference value :  9.20000e-09
 Reference value :  9.21400e-09
 Reference value :  9.27000e-09
 Reference value :  9.33000e-09
 Reference value :  9.38500e-09
 Reference value :  9.40600e-09
 Reference value :  9.45000e-09
 Reference value :  9.51000e-09
 Reference value :  9.57000e-09
 Reference value :  9.60200e-09
 Reference value :  9.63000e-09
 Reference value :  9.67000e-09
 Reference value :  9.73000e-09
 Reference value :  9.77000e-09
 Reference value :  9.80200e-09
 Reference value :  9.83000e-09
 Reference value :  9.89000e-09
 Reference value :  9.95000e-09
 Reference value :  1.00000e-08
 Reference value :  1.00140e-08
 Reference value :  1.00700e-08
 Reference value :  1.01300e-08
 Reference value :  1.01700e-08
 Reference value :  1.02020e-08
 Reference value :  1.02300e-08
 Reference value :  1.02700e-08
 Reference value :  1.03300e-08
 Reference value :  1.03700e-08
 Reference value :  1.04020e-08
 Reference value :  1.04300e-08
 Reference value :  1.04900e-08
 Reference value :  1.05500e-08
 Reference value :  1.05850e-08
 Reference value :  1.06020e-08
 Reference value :  1.06500e-08
 Reference value :  1.07100e-08
 Reference value :  1.07700e-08
 Reference value :  1.08060e-08
 Reference value :  1.08500e-08
 Reference value :  1.09300e-08
 Reference value :  1.09850e-08
 Reference value :  1.10060e-08
 Reference value :  1.10500e-08
 Reference value :  1.11100e-08
 Reference value :  1.11700e-08
 Reference value :  1.12020e-08
 Reference value :  1.12300e-08
 Reference value :  1.12900e-08
 Reference value :  1.13500e-08
 Reference value :  1.14020e-08
 Reference value :  1.14500e-08
 Reference value :  1.15300e-08
 Reference value :  1.15700e-08
 Reference value :  1.16000e-08
 Reference value :  1.16300e-08
 Reference value :  1.16900e-08
 Reference value :  1.17500e-08
 Reference value :  1.18000e-08
 Reference value :  1.18140e-08
 Reference value :  1.18700e-08
 Reference value :  1.19300e-08
 Reference value :  1.19850e-08
 Reference value :  1.20060e-08
 Reference value :  1.20300e-08
 Reference value :  1.20700e-08
 Reference value :  1.21300e-08
 Reference value :  1.21850e-08
 Reference value :  1.22060e-08
 Reference value :  1.22500e-08
 Reference value :  1.23100e-08
 Reference value :  1.23700e-08
 Reference value :  1.24020e-08
 Reference value :  1.24300e-08
 Reference value :  1.24700e-08
 Reference value :  1.25300e-08
 Reference value :  1.25850e-08
 Reference value :  1.26060e-08
 Reference value :  1.26700e-08
 Reference value :  1.27300e-08
 Reference value :  1.27850e-08
 Reference value :  1.28060e-08
 Reference value :  1.28500e-08
 Reference value :  1.28900e-08
 Reference value :  1.29300e-08
 Reference value :  1.29850e-08
 Reference value :  1.30140e-08
 Reference value :  1.30500e-08
 Reference value :  1.30900e-08
 Reference value :  1.31300e-08
 Reference value :  1.32000e-08
 Reference value :  1.32140e-08
 Reference value :  1.32700e-08
 Reference value :  1.33300e-08
 Reference value :  1.33850e-08
 Reference value :  1.34060e-08
 Reference value :  1.34500e-08
 Reference value :  1.34900e-08
 Reference value :  1.35300e-08
 Reference value :  1.35700e-08
 Reference value :  1.36020e-08
 Reference value :  1.36300e-08
 Reference value :  1.36900e-08
 Reference value :  1.37500e-08
 Reference value :  1.38000e-08
 Reference value :  1.38140e-08
 Reference value :  1.38700e-08
 Reference value :  1.39300e-08
 Reference value :  1.39850e-08
 Reference value :  1.40060e-08
 Reference value :  1.40500e-08
 Reference value :  1.40900e-08
 Reference value :  1.41500e-08
 Reference value :  1.41850e-08
 Reference value :  1.42060e-08
 Reference value :  1.42300e-08
 Reference value :  1.42700e-08
 Reference value :  1.43100e-08
 Reference value :  1.43700e-08
 Reference value :  1.44020e-08
 Reference value :  1.44300e-08
 Reference value :  1.44700e-08
 Reference value :  1.45300e-08
 Reference value :  1.45700e-08
 Reference value :  1.46020e-08
 Reference value :  1.46300e-08
 Reference value :  1.46700e-08
 Reference value :  1.47300e-08
 Reference value :  1.47850e-08
 Reference value :  1.48060e-08
 Reference value :  1.48500e-08
 Reference value :  1.49100e-08
 Reference value :  1.49500e-08
 Reference value :  1.49850e-08
 Reference value :  1.50060e-08
 Reference value :  1.50500e-08
 Reference value :  1.50900e-08
 Reference value :  1.51300e-08
 Reference value :  1.51700e-08
 Reference value :  1.52020e-08
 Reference value :  1.52300e-08
 Reference value :  1.52900e-08
 Reference value :  1.53500e-08
 Reference value :  1.54000e-08
 Reference value :  1.54140e-08
 Reference value :  1.54500e-08
 Reference value :  1.55100e-08
 Reference value :  1.55700e-08
 Reference value :  1.56020e-08
 Reference value :  1.56300e-08
 Reference value :  1.56900e-08
 Reference value :  1.57500e-08
 Reference value :  1.58000e-08
 Reference value :  1.58140e-08
 Reference value :  1.58700e-08
 Reference value :  1.59100e-08
 Reference value :  1.59700e-08
 Reference value :  1.60020e-08
 Reference value :  1.60300e-08
 Reference value :  1.60700e-08
 Reference value :  1.61100e-08
 Reference value :  1.61700e-08
 Reference value :  1.62020e-08
 Reference value :  1.62300e-08
 Reference value :  1.62900e-08
 Reference value :  1.63500e-08
 Reference value :  1.63850e-08
 Reference value :  1.64060e-08
 Reference value :  1.64300e-08
 Reference value :  1.64700e-08
 Reference value :  1.65300e-08
 Reference value :  1.65850e-08
 Reference value :  1.66140e-08
 Reference value :  1.66900e-08
 Reference value :  1.67500e-08
 Reference value :  1.68000e-08
 Reference value :  1.68140e-08
 Reference value :  1.68500e-08
 Reference value :  1.68900e-08
 Reference value :  1.69300e-08
 Reference value :  1.69700e-08
 Reference value :  1.70000e-08
 Reference value :  1.70140e-08
 Reference value :  1.70700e-08
 Reference value :  1.71300e-08
 Reference value :  1.72000e-08
 Reference value :  1.72140e-08
 Reference value :  1.72700e-08
 Reference value :  1.73500e-08
 Reference value :  1.74020e-08
 Reference value :  1.74500e-08
 Reference value :  1.75300e-08
 Reference value :  1.76000e-08
 Reference value :  1.76300e-08
 Reference value :  1.76900e-08
 Reference value :  1.77300e-08
 Reference value :  1.77850e-08
 Reference value :  1.78140e-08
 Reference value :  1.78700e-08
 Reference value :  1.79300e-08
 Reference value :  1.79850e-08
 Reference value :  1.80060e-08
 Reference value :  1.80500e-08
 Reference value :  1.81100e-08
 Reference value :  1.81700e-08
 Reference value :  1.82020e-08
 Reference value :  1.82500e-08
 Reference value :  1.83100e-08
 Reference value :  1.83500e-08
 Reference value :  1.84000e-08
 Reference value :  1.84140e-08
 Reference value :  1.84700e-08
 Reference value :  1.85300e-08
 Reference value :  1.86000e-08
 Reference value :  1.86140e-08
 Reference value :  1.86900e-08
 Reference value :  1.87700e-08
 Reference value :  1.88020e-08
 Reference value :  1.88300e-08
 Reference value :  1.88700e-08
 Reference value :  1.89300e-08
 Reference value :  1.89850e-08
 Reference value :  1.90060e-08
 Reference value :  1.90500e-08
 Reference value :  1.90900e-08
 Reference value :  1.91300e-08
 Reference value :  1.91850e-08
 Reference value :  1.92060e-08
 Reference value :  1.92500e-08
 Reference value :  1.93100e-08
 Reference value :  1.93700e-08
 Reference value :  1.94000e-08
 Reference value :  1.94140e-08
 Reference value :  1.94900e-08
 Reference value :  1.95500e-08
 Reference value :  1.96000e-08
 Reference value :  1.96140e-08
 Reference value :  1.96700e-08
 Reference value :  1.97300e-08
 Reference value :  1.97700e-08
 Reference value :  1.98020e-08
 Reference value :  1.98300e-08
 Reference value :  1.98900e-08
 Reference value :  1.99300e-08
 Reference value :  1.99700e-08
 Reference value :  2.00020e-08
 Reference value :  2.00500e-08
 Reference value :  2.01300e-08
 Reference value :  2.02000e-08
 Reference value :  2.02140e-08
 Reference value :  2.02500e-08
 Reference value :  2.02900e-08
 Reference value :  2.03500e-08
 Reference value :  2.04020e-08
 Reference value :  2.04300e-08
 Reference value :  2.04900e-08
 Reference value :  2.05500e-08
 Reference value :  2.06000e-08
 Reference value :  2.06140e-08
 Reference value :  2.06700e-08
 Reference value :  2.07100e-08
 Reference value :  2.07500e-08
 Reference value :  2.08000e-08
 Reference value :  2.08140e-08
 Reference value :  2.08500e-08
 Reference value :  2.08900e-08
 Reference value :  2.09300e-08
 Reference value :  2.09700e-08
 Reference value :  2.10020e-08
 Reference value :  2.10300e-08
 Reference value :  2.10900e-08
 Reference value :  2.11500e-08
 Reference value :  2.11850e-08
 Reference value :  2.12060e-08
 Reference value :  2.12500e-08
 Reference value :  2.12900e-08
 Reference value :  2.13500e-08
 Reference value :  2.14000e-08
 Reference value :  2.14140e-08
 Reference value :  2.14700e-08
 Reference value :  2.15300e-08
 Reference value :  2.15850e-08
 Reference value :  2.16020e-08
 Reference value :  2.16300e-08
 Reference value :  2.16900e-08
 Reference value :  2.17300e-08
 Reference value :  2.17700e-08
 Reference value :  2.18000e-08
 Reference value :  2.18140e-08
 Reference value :  2.18700e-08
 Reference value :  2.19300e-08
 Reference value :  2.19850e-08
 Reference value :  2.20060e-08
 Reference value :  2.20500e-08
 Reference value :  2.20900e-08
 Reference value :  2.21300e-08
 Reference value :  2.21850e-08
 Reference value :  2.22140e-08
 Reference value :  2.22700e-08
 Reference value :  2.23500e-08
 Reference value :  2.24000e-08
 Reference value :  2.24300e-08
 Reference value :  2.24900e-08
 Reference value :  2.25500e-08
 Reference value :  2.25850e-08
 Reference value :  2.26140e-08
 Reference value :  2.26700e-08
 Reference value :  2.27300e-08
 Reference value :  2.27700e-08
 Reference value :  2.28020e-08
 Reference value :  2.28300e-08
 Reference value :  2.28900e-08
 Reference value :  2.29500e-08
 Reference value :  2.30020e-08
 Reference value :  2.30300e-08
 Reference value :  2.30900e-08
 Reference value :  2.31500e-08
 Reference value :  2.31850e-08
 Reference value :  2.32060e-08
 Reference value :  2.32500e-08
 Reference value :  2.33100e-08
 Reference value :  2.33850e-08
 Reference value :  2.34060e-08
 Reference value :  2.34500e-08
 Reference value :  2.35100e-08
 Reference value :  2.35850e-08
 Reference value :  2.36140e-08
 Reference value :  2.36700e-08
 Reference value :  2.37100e-08
 Reference value :  2.37700e-08
 Reference value :  2.38020e-08
 Reference value :  2.38300e-08
 Reference value :  2.38900e-08
 Reference value :  2.39300e-08
 Reference value :  2.39700e-08
 Reference value :  2.40020e-08
 Reference value :  2.40300e-08
 Reference value :  2.40900e-08
 Reference value :  2.41300e-08
 Reference value :  2.41850e-08
 Reference value :  2.42060e-08
 Reference value :  2.42500e-08
 Reference value :  2.43100e-08
 Reference value :  2.43700e-08
 Reference value :  2.44020e-08
 Reference value :  2.44300e-08
 Reference value :  2.44900e-08
 Reference value :  2.45500e-08
 Reference value :  2.45850e-08
 Reference value :  2.46060e-08
 Reference value :  2.46300e-08
 Reference value :  2.46700e-08
 Reference value :  2.47300e-08
 Reference value :  2.47700e-08
 Reference value :  2.48000e-08
 Reference value :  2.48140e-08
 Reference value :  2.48700e-08
 Reference value :  2.49300e-08
 Reference value :  2.49850e-08
 Reference value :  2.50060e-08
 Reference value :  2.50500e-08
 Reference value :  2.50900e-08
 Reference value :  2.51300e-08
 Reference value :  2.51850e-08
 Reference value :  2.52060e-08
 Reference value :  2.52500e-08
 Reference value :  2.53300e-08
 Reference value :  2.53850e-08
 Reference value :  2.54140e-08
 Reference value :  2.54700e-08
 Reference value :  2.55300e-08
 Reference value :  2.55700e-08
 Reference value :  2.56020e-08
 Reference value :  2.56300e-08
 Reference value :  2.56700e-08
 Reference value :  2.57100e-08
 Reference value :  2.57500e-08
 Reference value :  2.58000e-08
 Reference value :  2.58140e-08
 Reference value :  2.58700e-08
 Reference value :  2.59300e-08
 Reference value :  2.59850e-08
 Reference value :  2.60060e-08
 Reference value :  2.60500e-08
 Reference value :  2.61100e-08
 Reference value :  2.61700e-08
 Reference value :  2.62060e-08
 Reference value :  2.62500e-08
 Reference value :  2.63100e-08
 Reference value :  2.63700e-08
 Reference value :  2.64020e-08
 Reference value :  2.64300e-08
 Reference value :  2.64700e-08
 Reference value :  2.65100e-08
 Reference value :  2.65500e-08
 Reference value :  2.66000e-08
 Reference value :  2.66140e-08
 Reference value :  2.66500e-08
 Reference value :  2.67100e-08
 Reference value :  2.67700e-08
 Reference value :  2.68020e-08
 Reference value :  2.68300e-08
 Reference value :  2.68900e-08
 Reference value :  2.69500e-08
 Reference value :  2.70000e-08
 Reference value :  2.70140e-08
 Reference value :  2.70700e-08
 Reference value :  2.71300e-08
 Reference value :  2.71850e-08
 Reference value :  2.72060e-08
 Reference value :  2.72500e-08
 Reference value :  2.73100e-08
 Reference value :  2.73500e-08
 Reference value :  2.73850e-08
 Reference value :  2.74060e-08
 Reference value :  2.74700e-08
 Reference value :  2.75100e-08
 Reference value :  2.75500e-08
 Reference value :  2.75850e-08
 Reference value :  2.76140e-08
 Reference value :  2.76700e-08
 Reference value :  2.77500e-08
 Reference value :  2.78000e-08
 Reference value :  2.78140e-08
 Reference value :  2.78700e-08
 Reference value :  2.79500e-08
 Reference value :  2.80000e-08
 Reference value :  2.80140e-08
 Reference value :  2.80700e-08
 Reference value :  2.81300e-08
 Reference value :  2.81850e-08
 Reference value :  2.82060e-08
 Reference value :  2.82500e-08
 Reference value :  2.83100e-08
 Reference value :  2.83700e-08
 Reference value :  2.84020e-08
 Reference value :  2.84300e-08
 Reference value :  2.84900e-08
 Reference value :  2.85300e-08
 Reference value :  2.85850e-08
 Reference value :  2.86060e-08
 Reference value :  2.86500e-08
 Reference value :  2.86900e-08
 Reference value :  2.87500e-08
 Reference value :  2.88000e-08
 Reference value :  2.88140e-08
 Reference value :  2.88700e-08
 Reference value :  2.89500e-08
 Reference value :  2.89850e-08
 Reference value :  2.90060e-08
 Reference value :  2.90500e-08
 Reference value :  2.91100e-08
 Reference value :  2.91700e-08
 Reference value :  2.92020e-08
 Reference value :  2.92300e-08
 Reference value :  2.92900e-08
 Reference value :  2.93500e-08
 Reference value :  2.94000e-08
 Reference value :  2.94140e-08
 Reference value :  2.94500e-08
 Reference value :  2.94900e-08
 Reference value :  2.95500e-08
 Reference value :  2.95850e-08
 Reference value :  2.96060e-08
 Reference value :  2.96500e-08
 Reference value :  2.96900e-08
 Reference value :  2.97500e-08
 Reference value :  2.98020e-08
 Reference value :  2.98300e-08
 Reference value :  2.98700e-08
 Reference value :  2.99100e-08
 Reference value :  2.99500e-08
 Reference value :  2.99850e-08
 Reference value :  3.00060e-08
 Reference value :  3.00500e-08
 Reference value :  3.00900e-08
 Reference value :  3.01500e-08
 Reference value :  3.02000e-08
 Reference value :  3.02140e-08
 Reference value :  3.02700e-08
 Reference value :  3.03300e-08
 Reference value :  3.03850e-08
 Reference value :  3.04060e-08
 Reference value :  3.04500e-08
 Reference value :  3.04900e-08
 Reference value :  3.05300e-08
 Reference value :  3.05850e-08
 Reference value :  3.06060e-08
 Reference value :  3.06500e-08
 Reference value :  3.07100e-08
 Reference value :  3.07700e-08
 Reference value :  3.08020e-08
 Reference value :  3.08300e-08
 Reference value :  3.08700e-08
 Reference value :  3.09100e-08
 Reference value :  3.09700e-08
 Reference value :  3.10020e-08
 Reference value :  3.10300e-08
 Reference value :  3.10900e-08
 Reference value :  3.11500e-08
 Reference value :  3.12000e-08
 Reference value :  3.12300e-08
 Reference value :  3.12900e-08
 Reference value :  3.13300e-08
 Reference value :  3.13700e-08
 Reference value :  3.14000e-08
 Reference value :  3.14140e-08
 Reference value :  3.14500e-08
 Reference value :  3.14900e-08
 Reference value :  3.15300e-08
 Reference value :  3.15850e-08
 Reference value :  3.16060e-08
 Reference value :  3.16500e-08
 Reference value :  3.17100e-08
 Reference value :  3.17700e-08
 Reference value :  3.18060e-08
 Reference value :  3.18700e-08
 Reference value :  3.19300e-08
 Reference value :  3.19850e-08
 Reference value :  3.20060e-08
 Reference value :  3.20500e-08
 Reference value :  3.21100e-08
 Reference value :  3.21500e-08
 Reference value :  3.21850e-08
 Reference value :  3.22060e-08
 Reference value :  3.22300e-08
 Reference value :  3.22900e-08
 Reference value :  3.23300e-08
 Reference value :  3.23700e-08
 Reference value :  3.24020e-08
 Reference value :  3.24300e-08
 Reference value :  3.24900e-08
 Reference value :  3.25500e-08
 Reference value :  3.26000e-08
 Reference value :  3.26140e-08
 Reference value :  3.26700e-08
 Reference value :  3.27300e-08
 Reference value :  3.27850e-08
 Reference value :  3.28140e-08
 Reference value :  3.28700e-08
 Reference value :  3.29300e-08
 Reference value :  3.29850e-08
 Reference value :  3.30060e-08
 Reference value :  3.30500e-08
 Reference value :  3.31300e-08
 Reference value :  3.31850e-08
 Reference value :  3.32060e-08
 Reference value :  3.32500e-08
 Reference value :  3.33100e-08
 Reference value :  3.33500e-08
 Reference value :  3.34000e-08
 Reference value :  3.34140e-08
 Reference value :  3.34700e-08
 Reference value :  3.35100e-08
 Reference value :  3.35500e-08
 Reference value :  3.35850e-08
 Reference value :  3.36060e-08
 Reference value :  3.36500e-08
 Reference value :  3.37100e-08
 Reference value :  3.37700e-08
 Reference value :  3.38020e-08
 Reference value :  3.38300e-08
 Reference value :  3.38700e-08
 Reference value :  3.39100e-08
 Reference value :  3.39700e-08
 Reference value :  3.40020e-08
 Reference value :  3.40300e-08
 Reference value :  3.40900e-08
 Reference value :  3.41500e-08
 Reference value :  3.42020e-08
 Reference value :  3.42300e-08
 Reference value :  3.42900e-08
 Reference value :  3.43500e-08
 Reference value :  3.43850e-08
 Reference value :  3.44060e-08
 Reference value :  3.44500e-08
 Reference value :  3.45100e-08
 Reference value :  3.45700e-08
 Reference value :  3.46020e-08
 Reference value :  3.46300e-08
 Reference value :  3.46900e-08
 Reference value :  3.47300e-08
 Reference value :  3.47700e-08
 Reference value :  3.48020e-08
 Reference value :  3.48300e-08
 Reference value :  3.48900e-08
 Reference value :  3.49500e-08
 Reference value :  3.50000e-08
 Reference value :  3.50140e-08
 Reference value :  3.50700e-08
 Reference value :  3.51300e-08
 Reference value :  3.51850e-08
 Reference value :  3.52020e-08
 Reference value :  3.52300e-08
 Reference value :  3.52900e-08
 Reference value :  3.53300e-08
 Reference value :  3.53700e-08
 Reference value :  3.54000e-08
 Reference value :  3.54140e-08
 Reference value :  3.54700e-08
 Reference value :  3.55300e-08
 Reference value :  3.55850e-08
 Reference value :  3.56060e-08
 Reference value :  3.56500e-08
 Reference value :  3.56900e-08
 Reference value :  3.57300e-08
 Reference value :  3.57850e-08
 Reference value :  3.58060e-08
 Reference value :  3.58700e-08
 Reference value :  3.59500e-08
 Reference value :  3.60000e-08
 Reference value :  3.60140e-08
 Reference value :  3.60700e-08
 Reference value :  3.61100e-08
 Reference value :  3.61500e-08
 Reference value :  3.62000e-08
 Reference value :  3.62300e-08
 Reference value :  3.62700e-08
 Reference value :  3.63100e-08
 Reference value :  3.63700e-08
 Reference value :  3.64020e-08
 Reference value :  3.64300e-08
 Reference value :  3.64900e-08
 Reference value :  3.65300e-08
 Reference value :  3.65700e-08
 Reference value :  3.66020e-08
 Reference value :  3.66300e-08
 Reference value :  3.66900e-08
 Reference value :  3.67700e-08
 Reference value :  3.68020e-08
 Reference value :  3.68300e-08
 Reference value :  3.68900e-08
 Reference value :  3.69700e-08
 Reference value :  3.70000e-08
 Reference value :  3.70140e-08
 Reference value :  3.70500e-08
 Reference value :  3.71100e-08
 Reference value :  3.71700e-08
 Reference value :  3.72000e-08
 Reference value :  3.72140e-08
 Reference value :  3.72700e-08
 Reference value :  3.73300e-08
 Reference value :  3.73850e-08
 Reference value :  3.74060e-08
 Reference value :  3.74500e-08
 Reference value :  3.75100e-08
 Reference value :  3.75850e-08
 Reference value :  3.76060e-08
 Reference value :  3.76500e-08
 Reference value :  3.76900e-08
 Reference value :  3.77300e-08
 Reference value :  3.78000e-08
 Reference value :  3.78140e-08
 Reference value :  3.78900e-08
 Reference value :  3.79500e-08
 Reference value :  3.80020e-08
 Reference value :  3.80500e-08
 Reference value :  3.81100e-08
 Reference value :  3.81700e-08
 Reference value :  3.82020e-08
 Reference value :  3.82500e-08
 Reference value :  3.82900e-08
 Reference value :  3.83300e-08
 Reference value :  3.83700e-08
 Reference value :  3.84020e-08
 Reference value :  3.84500e-08
 Reference value :  3.85100e-08
 Reference value :  3.85850e-08
 Reference value :  3.86060e-08
 Reference value :  3.86500e-08
 Reference value :  3.86900e-08
 Reference value :  3.87500e-08
 Reference value :  3.88020e-08
 Reference value :  3.88500e-08
 Reference value :  3.89100e-08
 Reference value :  3.89700e-08
 Reference value :  3.90020e-08
 Reference value :  3.90500e-08
 Reference value :  3.90900e-08
 Reference value :  3.91300e-08
 Reference value :  3.91850e-08
 Reference value :  3.92060e-08
 Reference value :  3.92500e-08
 Reference value :  3.93100e-08
 Reference value :  3.93700e-08
 Reference value :  3.94060e-08
 Reference value :  3.94500e-08
 Reference value :  3.95100e-08
 Reference value :  3.95500e-08
 Reference value :  3.96000e-08
 Reference value :  3.96300e-08
 Reference value :  3.97100e-08
 Reference value :  3.97850e-08
 Reference value :  3.98140e-08
 Reference value :  3.98900e-08
 Reference value :  3.99500e-08
 Reference value :  4.00000e-08
 Reference value :  4.00140e-08
 Reference value :  4.00700e-08
 Reference value :  4.01300e-08
 Reference value :  4.01700e-08
 Reference value :  4.02000e-08
 Reference value :  4.02140e-08
 Reference value :  4.02500e-08
 Reference value :  4.02900e-08
 Reference value :  4.03500e-08
 Reference value :  4.04000e-08
 Reference value :  4.04140e-08
 Reference value :  4.04700e-08
 Reference value :  4.05100e-08
 Reference value :  4.05500e-08
 Reference value :  4.05850e-08
 Reference value :  4.06060e-08
 Reference value :  4.06500e-08
 Reference value :  4.07100e-08
 Reference value :  4.07700e-08
 Reference value :  4.08020e-08
 Reference value :  4.08300e-08
 Reference value :  4.08900e-08
 Reference value :  4.09300e-08
 Reference value :  4.09700e-08
 Reference value :  4.10000e-08
 Reference value :  4.10140e-08
 Reference value :  4.10700e-08
 Reference value :  4.11100e-08
 Reference value :  4.11500e-08
 Reference value :  4.12000e-08
 Reference value :  4.12140e-08
 Reference value :  4.12700e-08
 Reference value :  4.13300e-08
 Reference value :  4.13700e-08
 Reference value :  4.14000e-08
 Reference value :  4.14140e-08
 Reference value :  4.14700e-08
 Reference value :  4.15300e-08
 Reference value :  4.15850e-08
 Reference value :  4.16140e-08
 Reference value :  4.16700e-08
 Reference value :  4.17300e-08
 Reference value :  4.17850e-08
 Reference value :  4.18060e-08
 Reference value :  4.18500e-08
 Reference value :  4.19100e-08
 Reference value :  4.19700e-08
 Reference value :  4.20000e-08
 Reference value :  4.20140e-08
 Reference value :  4.20700e-08
 Reference value :  4.21500e-08
 Reference value :  4.22020e-08
 Reference value :  4.22300e-08
 Reference value :  4.22900e-08
 Reference value :  4.23500e-08
 Reference value :  4.24000e-08
 Reference value :  4.24140e-08
 Reference value :  4.24500e-08
 Reference value :  4.24900e-08
 Reference value :  4.25300e-08
 Reference value :  4.25700e-08
 Reference value :  4.26020e-08
 Reference value :  4.26300e-08
 Reference value :  4.27100e-08
 Reference value :  4.27700e-08
 Reference value :  4.28020e-08
 Reference value :  4.28300e-08
 Reference value :  4.28900e-08
 Reference value :  4.29500e-08
 Reference value :  4.29850e-08
 Reference value :  4.30060e-08
 Reference value :  4.30700e-08
 Reference value :  4.31300e-08
 Reference value :  4.31700e-08
 Reference value :  4.32000e-08
 Reference value :  4.32140e-08
 Reference value :  4.32700e-08
 Reference value :  4.33500e-08
 Reference value :  4.34020e-08
 Reference value :  4.34300e-08
 Reference value :  4.34900e-08
 Reference value :  4.35500e-08
 Reference value :  4.36020e-08
 Reference value :  4.36300e-08
 Reference value :  4.36900e-08
 Reference value :  4.37500e-08
 Reference value :  4.38000e-08
 Reference value :  4.38140e-08
 Reference value :  4.38700e-08
 Reference value :  4.39100e-08
 Reference value :  4.39500e-08
 Reference value :  4.39850e-08
 Reference value :  4.40060e-08
 Reference value :  4.40500e-08
 Reference value :  4.40900e-08
 Reference value :  4.41500e-08
 Reference value :  4.42000e-08
 Reference value :  4.42140e-08
 Reference value :  4.42700e-08
 Reference value :  4.43300e-08
 Reference value :  4.43700e-08
 Reference value :  4.44000e-08
 Reference value :  4.44140e-08
 Reference value :  4.44700e-08
 Reference value :  4.45300e-08
 Reference value :  4.45850e-08
 Reference value :  4.46060e-08
 Reference value :  4.46700e-08
 Reference value :  4.47300e-08
 Reference value :  4.47850e-08
 Reference value :  4.48060e-08
 Reference value :  4.48500e-08
 Reference value :  4.48900e-08
 Reference value :  4.49500e-08
 Reference value :  4.49850e-08
 Reference value :  4.50020e-08
 Reference value :  4.50300e-08
 Reference value :  4.50700e-08
 Reference value :  4.51300e-08
 Reference value :  4.51850e-08
 Reference value :  4.52140e-08
 Reference value :  4.52900e-08
 Reference value :  4.53500e-08
 Reference value :  4.54000e-08
 Reference value :  4.54300e-08
 Reference value :  4.54900e-08
 Reference value :  4.55500e-08
 Reference value :  4.56000e-08
 Reference value :  4.56300e-08
 Reference value :  4.56900e-08
 Reference value :  4.57500e-08
 Reference value :  4.58000e-08
 Reference value :  4.58300e-08
 Reference value :  4.58900e-08
 Reference value :  4.59300e-08
 Reference value :  4.59850e-08
 Reference value :  4.60140e-08
 Reference value :  4.60900e-08
 Reference value :  4.61700e-08
 Reference value :  4.62020e-08
 Reference value :  4.62300e-08
 Reference value :  4.63100e-08
 Reference value :  4.63700e-08
 Reference value :  4.64020e-08
 Reference value :  4.64300e-08
 Reference value :  4.65100e-08
 Reference value :  4.65850e-08
 Reference value :  4.66140e-08
 Reference value :  4.66700e-08
 Reference value :  4.67300e-08
 Reference value :  4.67850e-08
 Reference value :  4.68060e-08
 Reference value :  4.68500e-08
 Reference value :  4.68900e-08
 Reference value :  4.69500e-08
 Reference value :  4.70000e-08
 Reference value :  4.70300e-08
 Reference value :  4.71100e-08
 Reference value :  4.71700e-08
 Reference value :  4.72020e-08
 Reference value :  4.72500e-08
 Reference value :  4.72900e-08
 Reference value :  4.73500e-08
 Reference value :  4.74000e-08
 Reference value :  4.74300e-08
 Reference value :  4.74900e-08
 Reference value :  4.75700e-08
 Reference value :  4.76060e-08
 Reference value :  4.76700e-08
 Reference value :  4.77500e-08
 Reference value :  4.78000e-08
 Reference value :  4.78300e-08
 Reference value :  4.78900e-08
 Reference value :  4.79500e-08
 Reference value :  4.79850e-08
 Reference value :  4.80060e-08
 Reference value :  4.80500e-08
 Reference value :  4.80900e-08
 Reference value :  4.81500e-08
 Reference value :  4.82000e-08
 Reference value :  4.82300e-08
 Reference value :  4.82900e-08
 Reference value :  4.83300e-08
 Reference value :  4.83850e-08
 Reference value :  4.84140e-08
 Reference value :  4.84700e-08
 Reference value :  4.85300e-08
 Reference value :  4.86000e-08
 Reference value :  4.86300e-08
 Reference value :  4.86900e-08
 Reference value :  4.87300e-08
 Reference value :  4.87700e-08
 Reference value :  4.88060e-08
 Reference value :  4.88500e-08
 Reference value :  4.88900e-08
 Reference value :  4.89300e-08
 Reference value :  4.89700e-08
 Reference value :  4.90020e-08
 Reference value :  4.90300e-08
 Reference value :  4.90900e-08
 Reference value :  4.91500e-08
 Reference value :  4.92000e-08
 Reference value :  4.92300e-08
 Reference value :  4.92900e-08
 Reference value :  4.93500e-08
 Reference value :  4.94000e-08
 Reference value :  4.94140e-08
 Reference value :  4.94700e-08
 Reference value :  4.95300e-08
 Reference value :  4.95850e-08
 Reference value :  4.96060e-08
 Reference value :  4.96500e-08
 Reference value :  4.96900e-08
 Reference value :  4.97300e-08
 Reference value :  4.97850e-08
 Reference value :  4.98060e-08
 Reference value :  4.98500e-08
 Reference value :  4.99100e-08
 Reference value :  4.99700e-08
 Reference value :  5.00020e-08
 Reference value :  5.00300e-08
 Reference value :  5.00900e-08
 Reference value :  5.01300e-08
 Reference value :  5.01850e-08
 Reference value :  5.02060e-08
 Reference value :  5.02500e-08
 Reference value :  5.03100e-08
 Reference value :  5.03850e-08
 Reference value :  5.04060e-08
 Reference value :  5.04500e-08
 Reference value :  5.05300e-08
 Reference value :  5.05700e-08
 Reference value :  5.06000e-08
 Reference value :  5.06140e-08
 Reference value :  5.06700e-08
 Reference value :  5.07300e-08
 Reference value :  5.07850e-08
 Reference value :  5.08060e-08
 Reference value :  5.08500e-08
 Reference value :  5.09100e-08
 Reference value :  5.09700e-08
 Reference value :  5.10000e-08
 Reference value :  5.10140e-08
 Reference value :  5.10700e-08
 Reference value :  5.11300e-08
 Reference value :  5.11850e-08
 Reference value :  5.12060e-08
 Reference value :  5.12500e-08
 Reference value :  5.13100e-08
 Reference value :  5.13700e-08
 Reference value :  5.14020e-08
 Reference value :  5.14300e-08
 Reference value :  5.14700e-08
 Reference value :  5.15100e-08
 Reference value :  5.15700e-08
 Reference value :  5.16020e-08
 Reference value :  5.16300e-08
 Reference value :  5.16700e-08
 Reference value :  5.17300e-08
 Reference value :  5.17850e-08
 Reference value :  5.18060e-08
 Reference value :  5.18500e-08
 Reference value :  5.19100e-08
 Reference value :  5.19850e-08
 Reference value :  5.20140e-08
 Reference value :  5.20700e-08
 Reference value :  5.21300e-08
 Reference value :  5.21850e-08
 Reference value :  5.22060e-08
 Reference value :  5.22500e-08
 Reference value :  5.23100e-08
 Reference value :  5.23850e-08
 Reference value :  5.24140e-08
 Reference value :  5.24900e-08
 Reference value :  5.25700e-08
 Reference value :  5.26020e-08
 Reference value :  5.26300e-08
 Reference value :  5.26900e-08
 Reference value :  5.27500e-08
 Reference value :  5.28000e-08
 Reference value :  5.28300e-08
 Reference value :  5.28900e-08
 Reference value :  5.29500e-08
 Reference value :  5.30020e-08
 Reference value :  5.30500e-08
 Reference value :  5.31100e-08
 Reference value :  5.31700e-08
 Reference value :  5.32020e-08
 Reference value :  5.32500e-08
 Reference value :  5.33300e-08
 Reference value :  5.34000e-08
 Reference value :  5.34300e-08
 Reference value :  5.35100e-08
 Reference value :  5.35700e-08
 Reference value :  5.36020e-08
 Reference value :  5.36300e-08
 Reference value :  5.36700e-08
 Reference value :  5.37100e-08
 Reference value :  5.37500e-08
 Reference value :  5.37850e-08
 Reference value :  5.38060e-08
 Reference value :  5.38500e-08
 Reference value :  5.39100e-08
 Reference value :  5.39700e-08
 Reference value :  5.40000e-08
 Reference value :  5.40300e-08
 Reference value :  5.40700e-08
 Reference value :  5.41300e-08
 Reference value :  5.42000e-08
 Reference value :  5.42140e-08
 Reference value :  5.42700e-08
 Reference value :  5.43300e-08
 Reference value :  5.43850e-08
 Reference value :  5.44060e-08
 Reference value :  5.44500e-08
 Reference value :  5.45100e-08
 Reference value :  5.45500e-08
 Reference value :  5.46000e-08
 Reference value :  5.46140e-08
 Reference value :  5.46500e-08
 Reference value :  5.47100e-08
 Reference value :  5.47700e-08
 Reference value :  5.48020e-08
 Reference value :  5.48300e-08
 Reference value :  5.48900e-08
 Reference value :  5.49500e-08
 Reference value :  5.49850e-08
 Reference value :  5.50020e-08
 Reference value :  5.50300e-08
 Reference value :  5.51100e-08
 Reference value :  5.51700e-08
 Reference value :  5.52020e-08
 Reference value :  5.52500e-08
 Reference value :  5.53100e-08
 Reference value :  5.53700e-08
 Reference value :  5.54000e-08
 Reference value :  5.54140e-08
 Reference value :  5.54500e-08
 Reference value :  5.55100e-08
 Reference value :  5.55500e-08
 Reference value :  5.55850e-08
 Reference value :  5.56020e-08
 Reference value :  5.56300e-08
 Reference value :  5.56900e-08
 Reference value :  5.57700e-08
 Reference value :  5.58020e-08
 Reference value :  5.58300e-08
 Reference value :  5.58700e-08
 Reference value :  5.59300e-08
 Reference value :  5.59850e-08
 Reference value :  5.60060e-08
 Reference value :  5.60500e-08
 Reference value :  5.61300e-08
 Reference value :  5.61850e-08
 Reference value :  5.62140e-08
 Reference value :  5.62700e-08
 Reference value :  5.63100e-08
 Reference value :  5.63500e-08
 Reference value :  5.64000e-08
 Reference value :  5.64140e-08
 Reference value :  5.64500e-08
 Reference value :  5.64900e-08
 Reference value :  5.65300e-08
 Reference value :  5.65850e-08
 Reference value :  5.66060e-08
 Reference value :  5.66500e-08
 Reference value :  5.67100e-08
 Reference value :  5.67850e-08
 Reference value :  5.68060e-08
 Reference value :  5.68500e-08
 Reference value :  5.69100e-08
 Reference value :  5.69500e-08
 Reference value :  5.70000e-08
 Reference value :  5.70140e-08
 Reference value :  5.70700e-08
 Reference value :  5.71300e-08
 Reference value :  5.72000e-08
 Reference value :  5.72140e-08
 Reference value :  5.72700e-08
 Reference value :  5.73300e-08
 Reference value :  5.73850e-08
 Reference value :  5.74060e-08
 Reference value :  5.74500e-08
 Reference value :  5.75100e-08
 Reference value :  5.75700e-08
 Reference value :  5.76000e-08
 Reference value :  5.76300e-08
 Reference value :  5.76900e-08
 Reference value :  5.77300e-08
 Reference value :  5.78000e-08
 Reference value :  5.78140e-08
 Reference value :  5.78700e-08
 Reference value :  5.79100e-08
 Reference value :  5.79500e-08
 Reference value :  5.80000e-08
 Reference value :  5.80140e-08
 Reference value :  5.80700e-08
 Reference value :  5.81300e-08
 Reference value :  5.81850e-08
 Reference value :  5.82060e-08
 Reference value :  5.82500e-08
 Reference value :  5.83100e-08
 Reference value :  5.83700e-08
 Reference value :  5.84000e-08
 Reference value :  5.84300e-08
 Reference value :  5.84900e-08
 Reference value :  5.85300e-08
 Reference value :  5.85700e-08
 Reference value :  5.86000e-08
 Reference value :  5.86140e-08
 Reference value :  5.86700e-08
 Reference value :  5.87300e-08
 Reference value :  5.88000e-08
 Reference value :  5.88140e-08
 Reference value :  5.88700e-08
 Reference value :  5.89100e-08
 Reference value :  5.89700e-08
 Reference value :  5.90000e-08
 Reference value :  5.90140e-08
 Reference value :  5.90700e-08
 Reference value :  5.91300e-08
 Reference value :  5.91850e-08
 Reference value :  5.92140e-08
 Reference value :  5.92700e-08
 Reference value :  5.93100e-08
 Reference value :  5.93700e-08
 Reference value :  5.94000e-08
 Reference value :  5.94140e-08
 Reference value :  5.94500e-08
 Reference value :  5.94900e-08
 Reference value :  5.95500e-08
 Reference value :  5.96000e-08
 Reference value :  5.96300e-08
 Reference value :  5.96900e-08
 Reference value :  5.97500e-08
 Reference value :  5.98000e-08
 Reference value :  5.98140e-08
 Reference value :  5.98500e-08
 Reference value :  5.99100e-08
 Reference value :  5.99700e-08
 Reference value :  6.00020e-08
 Reference value :  6.00300e-08
 Reference value :  6.00900e-08
 Reference value :  6.01500e-08
 Reference value :  6.02000e-08
 Reference value :  6.02060e-08
 Reference value :  6.02500e-08
 Reference value :  6.02900e-08
 Reference value :  6.03300e-08
 Reference value :  6.03700e-08
 Reference value :  6.04000e-08
 Reference value :  6.04140e-08
 Reference value :  6.04700e-08
 Reference value :  6.05300e-08
 Reference value :  6.05850e-08
 Reference value :  6.06060e-08
 Reference value :  6.06500e-08
 Reference value :  6.06900e-08
 Reference value :  6.07500e-08
 Reference value :  6.08000e-08
 Reference value :  6.08300e-08
 Reference value :  6.08900e-08
 Reference value :  6.09500e-08
 Reference value :  6.10000e-08
 Reference value :  6.10140e-08
 Reference value :  6.10700e-08
 Reference value :  6.11100e-08
 Reference value :  6.11500e-08
 Reference value :  6.11850e-08
 Reference value :  6.12060e-08
 Reference value :  6.12500e-08
 Reference value :  6.12900e-08
 Reference value :  6.13300e-08
 Reference value :  6.13700e-08
 Reference value :  6.14020e-08
 Reference value :  6.14300e-08
 Reference value :  6.14900e-08
 Reference value :  6.15500e-08
 Reference value :  6.16000e-08
 Reference value :  6.16140e-08
 Reference value :  6.16700e-08
 Reference value :  6.17300e-08
 Reference value :  6.17700e-08
 Reference value :  6.18020e-08
 Reference value :  6.18300e-08
 Reference value :  6.18900e-08
 Reference value :  6.19500e-08
 Reference value :  6.20000e-08
 Reference value :  6.20140e-08
 Reference value :  6.20700e-08
 Reference value :  6.21300e-08
 Reference value :  6.22000e-08
 Reference value :  6.22140e-08
 Reference value :  6.22700e-08
 Reference value :  6.23100e-08
 Reference value :  6.23700e-08
 Reference value :  6.24020e-08
 Reference value :  6.24300e-08
 Reference value :  6.24700e-08
 Reference value :  6.25100e-08
 Reference value :  6.25700e-08
 Reference value :  6.26020e-08
 Reference value :  6.26300e-08
 Reference value :  6.26900e-08
 Reference value :  6.27300e-08
 Reference value :  6.27700e-08
 Reference value :  6.28000e-08
 Reference value :  6.28300e-08
 Reference value :  6.28900e-08
 Reference value :  6.29500e-08
 Reference value :  6.30000e-08
 Reference value :  6.30140e-08
 Reference value :  6.30900e-08
 Reference value :  6.31700e-08
 Reference value :  6.32000e-08
 Reference value :  6.32140e-08
 Reference value :  6.32700e-08
 Reference value :  6.33100e-08
 Reference value :  6.33700e-08
 Reference value :  6.34000e-08
 Reference value :  6.34300e-08
 Reference value :  6.34700e-08
 Reference value :  6.35500e-08
 Reference value :  6.36000e-08
 Reference value :  6.36140e-08
 Reference value :  6.36700e-08
 Reference value :  6.37100e-08
 Reference value :  6.37700e-08
 Reference value :  6.38020e-08
 Reference value :  6.38300e-08
 Reference value :  6.38900e-08
 Reference value :  6.39500e-08
 Reference value :  6.40000e-08
 Reference value :  6.40140e-08
 Reference value :  6.40700e-08
 Reference value :  6.41300e-08
 Reference value :  6.41700e-08
 Reference value :  6.42060e-08
 Reference value :  6.42500e-08
 Reference value :  6.42900e-08
 Reference value :  6.43300e-08
 Reference value :  6.43700e-08
 Reference value :  6.44020e-08
 Reference value :  6.44300e-08
 Reference value :  6.44900e-08
 Reference value :  6.45500e-08
 Reference value :  6.46000e-08
 Reference value :  6.46140e-08
 Reference value :  6.46500e-08
 Reference value :  6.47100e-08
 Reference value :  6.47850e-08
 Reference value :  6.48060e-08
 Reference value :  6.48500e-08
 Reference value :  6.49100e-08
 Reference value :  6.49700e-08
 Reference value :  6.50020e-08
 Reference value :  6.50300e-08
 Reference value :  6.50700e-08
 Reference value :  6.51100e-08
 Reference value :  6.51500e-08
 Reference value :  6.51850e-08
 Reference value :  6.52060e-08
 Reference value :  6.52500e-08
 Reference value :  6.53100e-08
 Reference value :  6.53850e-08
 Reference value :  6.54060e-08
 Reference value :  6.54500e-08
 Reference value :  6.55100e-08
 Reference value :  6.55700e-08
 Reference value :  6.56020e-08
 Reference value :  6.56300e-08
 Reference value :  6.56900e-08
 Reference value :  6.57500e-08
 Reference value :  6.58000e-08
 Reference value :  6.58140e-08
 Reference value :  6.58700e-08
 Reference value :  6.59100e-08
 Reference value :  6.59500e-08
 Reference value :  6.59850e-08
 Reference value :  6.60060e-08
 Reference value :  6.60700e-08
 Reference value :  6.61300e-08
 Reference value :  6.61850e-08
 Reference value :  6.62060e-08
 Reference value :  6.62500e-08
 Reference value :  6.63100e-08
 Reference value :  6.63700e-08
 Reference value :  6.64020e-08
 Reference value :  6.64300e-08
 Reference value :  6.64900e-08
 Reference value :  6.65500e-08
 Reference value :  6.66000e-08
 Reference value :  6.66140e-08
 Reference value :  6.66700e-08
 Reference value :  6.67300e-08
 Reference value :  6.67850e-08
 Reference value :  6.68060e-08
 Reference value :  6.68500e-08
 Reference value :  6.69100e-08
 Reference value :  6.69700e-08
 Reference value :  6.70020e-08
 Reference value :  6.70500e-08
 Reference value :  6.71100e-08
 Reference value :  6.71700e-08
 Reference value :  6.72020e-08
 Reference value :  6.72300e-08
 Reference value :  6.72700e-08
 Reference value :  6.73300e-08
 Reference value :  6.73850e-08
 Reference value :  6.74140e-08
 Reference value :  6.74900e-08
 Reference value :  6.75500e-08
 Reference value :  6.76000e-08
 Reference value :  6.76300e-08
 Reference value :  6.76900e-08
 Reference value :  6.77500e-08
 Reference value :  6.78000e-08
 Reference value :  6.78140e-08
 Reference value :  6.78700e-08
 Reference value :  6.79300e-08
 Reference value :  6.79850e-08
 Reference value :  6.80060e-08
 Reference value :  6.80500e-08
 Reference value :  6.81100e-08
 Reference value :  6.81500e-08
 Reference value :  6.82000e-08
 Reference value :  6.82140e-08
 Reference value :  6.82700e-08
 Reference value :  6.83300e-08
 Reference value :  6.83850e-08
 Reference value :  6.84140e-08
 Reference value :  6.84700e-08
 Reference value :  6.85300e-08
 Reference value :  6.85850e-08
 Reference value :  6.86140e-08
 Reference value :  6.86700e-08
 Reference value :  6.87500e-08
 Reference value :  6.88000e-08
 Reference value :  6.88140e-08
 Reference value :  6.88700e-08
 Reference value :  6.89300e-08
 Reference value :  6.89700e-08
 Reference value :  6.90020e-08
 Reference value :  6.90300e-08
 Reference value :  6.90700e-08
 Reference value :  6.91100e-08
 Reference value :  6.91500e-08
 Reference value :  6.92000e-08
 Reference value :  6.92140e-08
 Reference value :  6.92900e-08
 Reference value :  6.93500e-08
 Reference value :  6.94000e-08
 Reference value :  6.94300e-08
 Reference value :  6.94700e-08
 Reference value :  6.95100e-08
 Reference value :  6.95700e-08
 Reference value :  6.96020e-08
 Reference value :  6.96300e-08
 Reference value :  6.96900e-08
 Reference value :  6.97500e-08
 Reference value :  6.98000e-08
 Reference value :  6.98140e-08
 Reference value :  6.98700e-08
 Reference value :  6.99100e-08
 Reference value :  6.99500e-08
 Reference value :  6.99850e-08
 Reference value :  7.00060e-08
 Reference value :  7.00500e-08
 Reference value :  7.00900e-08
 Reference value :  7.01500e-08
 Reference value :  7.02020e-08
 Reference value :  7.02500e-08
 Reference value :  7.03100e-08
 Reference value :  7.03700e-08
 Reference value :  7.04060e-08
 Reference value :  7.04700e-08
 Reference value :  7.05300e-08
 Reference value :  7.05850e-08
 Reference value :  7.06060e-08
 Reference value :  7.06500e-08
 Reference value :  7.07100e-08
 Reference value :  7.07500e-08
 Reference value :  7.07850e-08
 Reference value :  7.08060e-08
 Reference value :  7.08500e-08
 Reference value :  7.09100e-08
 Reference value :  7.09500e-08
 Reference value :  7.10000e-08
 Reference value :  7.10140e-08
 Reference value :  7.10700e-08
 Reference value :  7.11300e-08
 Reference value :  7.11850e-08
 Reference value :  7.12060e-08
 Reference value :  7.12500e-08
 Reference value :  7.13100e-08
 Reference value :  7.13700e-08
 Reference value :  7.14020e-08
 Reference value :  7.14300e-08
 Reference value :  7.14700e-08
 Reference value :  7.15300e-08
 Reference value :  7.15700e-08
 Reference value :  7.16020e-08
 Reference value :  7.16300e-08
 Reference value :  7.17100e-08
 Reference value :  7.17850e-08
 Reference value :  7.18140e-08
 Reference value :  7.18700e-08
 Reference value :  7.19100e-08
 Reference value :  7.19500e-08
 Reference value :  7.20000e-08
 Reference value :  7.20140e-08
 Reference value :  7.20700e-08
 Reference value :  7.21100e-08
 Reference value :  7.21500e-08
 Reference value :  7.22000e-08
 Reference value :  7.22140e-08
 Reference value :  7.22700e-08
 Reference value :  7.23300e-08
 Reference value :  7.23700e-08
 Reference value :  7.24020e-08
 Reference value :  7.24300e-08
 Reference value :  7.24700e-08
 Reference value :  7.25300e-08
 Reference value :  7.25850e-08
 Reference value :  7.26060e-08
 Reference value :  7.26500e-08
 Reference value :  7.27300e-08
 Reference value :  7.27850e-08
 Reference value :  7.28060e-08
 Reference value :  7.28300e-08
 Reference value :  7.28700e-08
 Reference value :  7.29100e-08
 Reference value :  7.29500e-08
 Reference value :  7.29850e-08
 Reference value :  7.30060e-08
 Reference value :  7.30300e-08
 Reference value :  7.30700e-08
 Reference value :  7.31100e-08
 Reference value :  7.31700e-08
 Reference value :  7.32020e-08
 Reference value :  7.32300e-08
 Reference value :  7.32900e-08
 Reference value :  7.33300e-08
 Reference value :  7.33700e-08
 Reference value :  7.34020e-08
 Reference value :  7.34300e-08
 Reference value :  7.34900e-08
 Reference value :  7.35500e-08
 Reference value :  7.36000e-08
 Reference value :  7.36140e-08
 Reference value :  7.36700e-08
 Reference value :  7.37300e-08
 Reference value :  7.37700e-08
 Reference value :  7.38020e-08
 Reference value :  7.38300e-08
 Reference value :  7.38900e-08
 Reference value :  7.39300e-08
 Reference value :  7.39700e-08
 Reference value :  7.40020e-08
 Reference value :  7.40300e-08
 Reference value :  7.40900e-08
 Reference value :  7.41700e-08
 Reference value :  7.42060e-08
 Reference value :  7.42500e-08
 Reference value :  7.42900e-08
 Reference value :  7.43300e-08
 Reference value :  7.44000e-08
 Reference value :  7.44140e-08
 Reference value :  7.44700e-08
 Reference value :  7.45500e-08
 Reference value :  7.46000e-08
 Reference value :  7.46140e-08
 Reference value :  7.46700e-08
 Reference value :  7.47100e-08
 Reference value :  7.47700e-08
 Reference value :  7.48020e-08
 Reference value :  7.48300e-08
 Reference value :  7.48700e-08
 Reference value :  7.49100e-08
 Reference value :  7.49700e-08
 Reference value :  7.50020e-08
 Reference value :  7.50300e-08
 Reference value :  7.50900e-08
 Reference value :  7.51300e-08
 Reference value :  7.51850e-08
 Reference value :  7.52060e-08
 Reference value :  7.52500e-08
 Reference value :  7.53100e-08
 Reference value :  7.53700e-08
 Reference value :  7.54020e-08
 Reference value :  7.54300e-08
 Reference value :  7.55100e-08
 Reference value :  7.55700e-08
 Reference value :  7.56020e-08
 Reference value :  7.56300e-08
 Reference value :  7.56900e-08
 Reference value :  7.57500e-08
 Reference value :  7.58000e-08
 Reference value :  7.58300e-08
 Reference value :  7.58900e-08
 Reference value :  7.59700e-08
 Reference value :  7.60060e-08
 Reference value :  7.60700e-08
 Reference value :  7.61300e-08
 Reference value :  7.61850e-08
 Reference value :  7.62060e-08
 Reference value :  7.62500e-08
 Reference value :  7.62900e-08
 Reference value :  7.63500e-08
 Reference value :  7.64000e-08
 Reference value :  7.64300e-08
 Reference value :  7.65100e-08
 Reference value :  7.65700e-08
 Reference value :  7.66020e-08
 Reference value :  7.66300e-08
 Reference value :  7.66900e-08
 Reference value :  7.67300e-08
 Reference value :  7.67700e-08
 Reference value :  7.68020e-08
 Reference value :  7.68300e-08
 Reference value :  7.68900e-08
 Reference value :  7.69300e-08
 Reference value :  7.69700e-08
 Reference value :  7.70020e-08
 Reference value :  7.70300e-08
 Reference value :  7.70900e-08
 Reference value :  7.71500e-08
 Reference value :  7.71850e-08
 Reference value :  7.72060e-08
 Reference value :  7.72500e-08
 Reference value :  7.72900e-08
 Reference value :  7.73500e-08
 Reference value :  7.74000e-08
 Reference value :  7.74140e-08
 Reference value :  7.74700e-08
 Reference value :  7.75300e-08
 Reference value :  7.76000e-08
 Reference value :  7.76300e-08
 Reference value :  7.76700e-08
 Reference value :  7.77100e-08
 Reference value :  7.77700e-08
 Reference value :  7.78000e-08
 Reference value :  7.78140e-08
 Reference value :  7.78500e-08
 Reference value :  7.78900e-08
 Reference value :  7.79300e-08
 Reference value :  7.80000e-08
 Reference value :  7.80140e-08
 Reference value :  7.80700e-08
 Reference value :  7.81300e-08
 Reference value :  7.81700e-08
 Reference value :  7.82020e-08
 Reference value :  7.82300e-08
 Reference value :  7.82900e-08
 Reference value :  7.83500e-08
 Reference value :  7.84000e-08
 Reference value :  7.84140e-08
 Reference value :  7.84700e-08
 Reference value :  7.85300e-08
 Reference value :  7.85850e-08
 Reference value :  7.86060e-08
 Reference value :  7.86500e-08
 Reference value :  7.87100e-08
 Reference value :  7.87500e-08
 Reference value :  7.87850e-08
 Reference value :  7.88060e-08
 Reference value :  7.88500e-08
 Reference value :  7.89100e-08
 Reference value :  7.89700e-08
 Reference value :  7.90060e-08
 Reference value :  7.90500e-08
 Reference value :  7.91100e-08
 Reference value :  7.91500e-08
 Reference value :  7.92000e-08
 Reference value :  7.92140e-08
 Reference value :  7.92900e-08
 Reference value :  7.93500e-08
 Reference value :  7.94000e-08
 Reference value :  7.94140e-08
 Reference value :  7.94700e-08
 Reference value :  7.95100e-08
 Reference value :  7.95500e-08
 Reference value :  7.96000e-08
 Reference value :  7.96140e-08
 Reference value :  7.96500e-08
 Reference value :  7.97100e-08
 Reference value :  7.97700e-08
 Reference value :  7.98020e-08
 Reference value :  7.98300e-08
 Reference value :  7.98900e-08
 Reference value :  7.99500e-08
 Reference value :  7.99850e-08
 Reference value :  8.00060e-08
 Reference value :  8.00500e-08
 Reference value :  8.01100e-08
 Reference value :  8.01700e-08
 Reference value :  8.02020e-08
 Reference value :  8.02500e-08
 Reference value :  8.03100e-08
 Reference value :  8.03700e-08
 Reference value :  8.04000e-08
 Reference value :  8.04140e-08
 Reference value :  8.04500e-08
 Reference value :  8.05100e-08
 Reference value :  8.05700e-08
 Reference value :  8.06000e-08
 Reference value :  8.06300e-08
 Reference value :  8.06900e-08
 Reference value :  8.07700e-08
 Reference value :  8.08020e-08
 Reference value :  8.08300e-08
 Reference value :  8.08900e-08
 Reference value :  8.09500e-08
 Reference value :  8.10000e-08
 Reference value :  8.10140e-08
 Reference value :  8.10700e-08
 Reference value :  8.11100e-08
 Reference value :  8.11500e-08
 Reference value :  8.12000e-08
 Reference value :  8.12140e-08
 Reference value :  8.12700e-08
 Reference value :  8.13300e-08
 Reference value :  8.13850e-08
 Reference value :  8.14140e-08
 Reference value :  8.14700e-08
 Reference value :  8.15300e-08
 Reference value :  8.15700e-08
 Reference value :  8.16000e-08
 Reference value :  8.16140e-08
 Reference value :  8.16900e-08
 Reference value :  8.17300e-08
 Reference value :  8.17700e-08
 Reference value :  8.18000e-08
 Reference value :  8.18140e-08
 Reference value :  8.18700e-08
 Reference value :  8.19300e-08
 Reference value :  8.19850e-08
 Reference value :  8.20060e-08
 Reference value :  8.20500e-08
 Reference value :  8.20900e-08
 Reference value :  8.21500e-08
 Reference value :  8.22000e-08
 Reference value :  8.22300e-08
 Reference value :  8.22900e-08
 Reference value :  8.23500e-08
 Reference value :  8.24000e-08
 Reference value :  8.24300e-08
 Reference value :  8.24900e-08
 Reference value :  8.25300e-08
 Reference value :  8.25850e-08
 Reference value :  8.26060e-08
 Reference value :  8.26500e-08
 Reference value :  8.26900e-08
 Reference value :  8.27300e-08
 Reference value :  8.27850e-08
 Reference value :  8.28060e-08
 Reference value :  8.28500e-08
 Reference value :  8.29100e-08
 Reference value :  8.29700e-08
 Reference value :  8.30020e-08
 Reference value :  8.30500e-08
 Reference value :  8.31300e-08
 Reference value :  8.31850e-08
 Reference value :  8.32060e-08
 Reference value :  8.32500e-08
 Reference value :  8.33100e-08
 Reference value :  8.33700e-08
 Reference value :  8.34000e-08
 Reference value :  8.34140e-08
 Reference value :  8.34500e-08
 Reference value :  8.34900e-08
 Reference value :  8.35500e-08
 Reference value :  8.35850e-08
 Reference value :  8.36020e-08
 Reference value :  8.36300e-08
 Reference value :  8.36700e-08
 Reference value :  8.37300e-08
 Reference value :  8.37850e-08
 Reference value :  8.38060e-08
 Reference value :  8.38500e-08
 Reference value :  8.38900e-08
 Reference value :  8.39300e-08
 Reference value :  8.39700e-08
 Reference value :  8.40020e-08
 Reference value :  8.40300e-08
 Reference value :  8.40900e-08
 Reference value :  8.41500e-08
 Reference value :  8.42020e-08
 Reference value :  8.42300e-08
 Reference value :  8.42900e-08
 Reference value :  8.43300e-08
 Reference value :  8.43700e-08
 Reference value :  8.44020e-08
 Reference value :  8.44500e-08
 Reference value :  8.44900e-08
 Reference value :  8.45300e-08
 Reference value :  8.45700e-08
 Reference value :  8.46060e-08
 Reference value :  8.46500e-08
 Reference value :  8.47100e-08
 Reference value :  8.47700e-08
 Reference value :  8.48000e-08
 Reference value :  8.48140e-08
 Reference value :  8.48700e-08
 Reference value :  8.49300e-08
 Reference value :  8.49850e-08
 Reference value :  8.50060e-08
 Reference value :  8.50500e-08
 Reference value :  8.51100e-08
 Reference value :  8.51850e-08
 Reference value :  8.52060e-08
 Reference value :  8.52300e-08
 Reference value :  8.52700e-08
 Reference value :  8.53100e-08
 Reference value :  8.53700e-08
 Reference value :  8.54020e-08
 Reference value :  8.54300e-08
 Reference value :  8.54700e-08
 Reference value :  8.55300e-08
 Reference value :  8.56000e-08
 Reference value :  8.56140e-08
 Reference value :  8.56700e-08
 Reference value :  8.57300e-08
 Reference value :  8.57850e-08
 Reference value :  8.58060e-08
 Reference value :  8.58500e-08
 Reference value :  8.59100e-08
 Reference value :  8.59700e-08
 Reference value :  8.60020e-08
 Reference value :  8.60140e-08
 Reference value :  8.60900e-08
 Reference value :  8.61700e-08
 Reference value :  8.62020e-08
 Reference value :  8.62300e-08
 Reference value :  8.62900e-08
 Reference value :  8.63500e-08
 Reference value :  8.63850e-08
 Reference value :  8.64060e-08
 Reference value :  8.64700e-08
 Reference value :  8.65300e-08
 Reference value :  8.65700e-08
 Reference value :  8.66020e-08
 Reference value :  8.66500e-08
 Reference value :  8.67100e-08
 Reference value :  8.67700e-08
 Reference value :  8.68020e-08
 Reference value :  8.68300e-08
 Reference value :  8.68700e-08
 Reference value :  8.69100e-08
 Reference value :  8.69700e-08
 Reference value :  8.70020e-08
 Reference value :  8.70300e-08
 Reference value :  8.70900e-08
 Reference value :  8.71500e-08
 Reference value :  8.72000e-08
 Reference value :  8.72140e-08
 Reference value :  8.72700e-08
 Reference value :  8.73100e-08
 Reference value :  8.73500e-08
 Reference value :  8.74000e-08
 Reference value :  8.74140e-08
 Reference value :  8.74500e-08
 Reference value :  8.74900e-08
 Reference value :  8.75300e-08
 Reference value :  8.75700e-08
 Reference value :  8.76020e-08
 Reference value :  8.76300e-08
 Reference value :  8.76900e-08
 Reference value :  8.77300e-08
 Reference value :  8.77700e-08
 Reference value :  8.78000e-08
 Reference value :  8.78140e-08
 Reference value :  8.78700e-08
 Reference value :  8.79300e-08
 Reference value :  8.79850e-08
 Reference value :  8.80060e-08
 Reference value :  8.80500e-08
 Reference value :  8.81100e-08
 Reference value :  8.81700e-08
 Reference value :  8.82060e-08
 Reference value :  8.82500e-08
 Reference value :  8.82900e-08
 Reference value :  8.83300e-08
 Reference value :  8.83700e-08
 Reference value :  8.84020e-08
 Reference value :  8.84300e-08
 Reference value :  8.84700e-08
 Reference value :  8.85300e-08
 Reference value :  8.85850e-08
 Reference value :  8.86060e-08
 Reference value :  8.86500e-08
 Reference value :  8.86900e-08
 Reference value :  8.87300e-08
 Reference value :  8.87700e-08
 Reference value :  8.88020e-08
 Reference value :  8.88300e-08
 Reference value :  8.88900e-08
 Reference value :  8.89500e-08
 Reference value :  8.90000e-08
 Reference value :  8.90300e-08
 Reference value :  8.90900e-08
 Reference value :  8.91500e-08
 Reference value :  8.91850e-08
 Reference value :  8.92060e-08
 Reference value :  8.92500e-08
 Reference value :  8.92900e-08
 Reference value :  8.93300e-08
 Reference value :  8.93850e-08
 Reference value :  8.94060e-08
 Reference value :  8.94500e-08
 Reference value :  8.95300e-08
 Reference value :  8.95850e-08
 Reference value :  8.96020e-08
 Reference value :  8.96300e-08
 Reference value :  8.96900e-08
 Reference value :  8.97500e-08
 Reference value :  8.98020e-08
 Reference value :  8.98500e-08
 Reference value :  8.99100e-08
 Reference value :  8.99700e-08
 Reference value :  9.00060e-08
 Reference value :  9.00500e-08
 Reference value :  9.01100e-08
 Reference value :  9.01700e-08
 Reference value :  9.02000e-08
 Reference value :  9.02140e-08
 Reference value :  9.02500e-08
 Reference value :  9.02900e-08
 Reference value :  9.03500e-08
 Reference value :  9.04000e-08
 Reference value :  9.04140e-08
 Reference value :  9.04700e-08
 Reference value :  9.05300e-08
 Reference value :  9.05850e-08
 Reference value :  9.06060e-08
 Reference value :  9.06500e-08
 Reference value :  9.06900e-08
 Reference value :  9.07300e-08
 Reference value :  9.07700e-08
 Reference value :  9.08020e-08
 Reference value :  9.08500e-08
 Reference value :  9.09300e-08
 Reference value :  9.10000e-08
 Reference value :  9.10140e-08
 Reference value :  9.10900e-08
 Reference value :  9.11500e-08
 Reference value :  9.12000e-08
 Reference value :  9.12300e-08
 Reference value :  9.12900e-08
 Reference value :  9.13500e-08
 Reference value :  9.14000e-08
 Reference value :  9.14140e-08
 Reference value :  9.14700e-08
 Reference value :  9.15300e-08
 Reference value :  9.15850e-08
 Reference value :  9.16060e-08
 Reference value :  9.16500e-08
 Reference value :  9.16900e-08
 Reference value :  9.17300e-08
 Reference value :  9.17850e-08
 Reference value :  9.18060e-08
 Reference value :  9.18500e-08
 Reference value :  9.19100e-08
 Reference value :  9.19700e-08
 Reference value :  9.20020e-08
 Reference value :  9.20500e-08
 Reference value :  9.21100e-08
 Reference value :  9.21500e-08
 Reference value :  9.21850e-08
 Reference value :  9.22060e-08
 Reference value :  9.22500e-08
 Reference value :  9.22900e-08
 Reference value :  9.23500e-08
 Reference value :  9.24000e-08
 Reference value :  9.24300e-08
 Reference value :  9.25100e-08
 Reference value :  9.25850e-08
 Reference value :  9.26060e-08
 Reference value :  9.26700e-08
 Reference value :  9.27500e-08
 Reference value :  9.28020e-08
 Reference value :  9.28500e-08
 Reference value :  9.29300e-08
 Reference value :  9.30000e-08
 Reference value :  9.30300e-08
 Reference value :  9.30700e-08
 Reference value :  9.31300e-08
 Reference value :  9.31850e-08
 Reference value :  9.32060e-08
 Reference value :  9.32500e-08
 Reference value :  9.32900e-08
 Reference value :  9.33500e-08
 Reference value :  9.34020e-08
 Reference value :  9.34300e-08
 Reference value :  9.35100e-08
 Reference value :  9.35500e-08
 Reference value :  9.36000e-08
 Reference value :  9.36300e-08
 Reference value :  9.36900e-08
 Reference value :  9.37500e-08
 Reference value :  9.38000e-08
 Reference value :  9.38300e-08
 Reference value :  9.39100e-08
 Reference value :  9.39700e-08
 Reference value :  9.40000e-08
 Reference value :  9.40140e-08
 Reference value :  9.40700e-08
 Reference value :  9.41100e-08
 Reference value :  9.41700e-08
 Reference value :  9.42020e-08
 Reference value :  9.42500e-08
 Reference value :  9.43100e-08
 Reference value :  9.43700e-08
 Reference value :  9.44000e-08
 Reference value :  9.44140e-08
 Reference value :  9.44700e-08
 Reference value :  9.45500e-08
 Reference value :  9.46020e-08
 Reference value :  9.46300e-08
 Reference value :  9.47100e-08
 Reference value :  9.47700e-08
 Reference value :  9.48020e-08
 Reference value :  9.48300e-08
 Reference value :  9.48700e-08
 Reference value :  9.49100e-08
 Reference value :  9.49500e-08
 Reference value :  9.50000e-08
 Reference value :  9.50140e-08
 Reference value :  9.50700e-08
 Reference value :  9.51100e-08
 Reference value :  9.51700e-08
 Reference value :  9.52020e-08
 Reference value :  9.52500e-08
 Reference value :  9.53300e-08
 Reference value :  9.53850e-08
 Reference value :  9.54140e-08
 Reference value :  9.54700e-08
 Reference value :  9.55100e-08
 Reference value :  9.55500e-08
 Reference value :  9.55850e-08
 Reference value :  9.56060e-08
 Reference value :  9.56500e-08
 Reference value :  9.57100e-08
 Reference value :  9.57700e-08
 Reference value :  9.58020e-08
 Reference value :  9.58300e-08
 Reference value :  9.58900e-08
 Reference value :  9.59500e-08
 Reference value :  9.60000e-08
 Reference value :  9.60140e-08
 Reference value :  9.60700e-08
 Reference value :  9.61300e-08
 Reference value :  9.61850e-08
 Reference value :  9.62060e-08
 Reference value :  9.62500e-08
 Reference value :  9.62900e-08
 Reference value :  9.63500e-08
 Reference value :  9.64000e-08
 Reference value :  9.64140e-08
 Reference value :  9.64700e-08
 Reference value :  9.65100e-08
 Reference value :  9.65500e-08
 Reference value :  9.66000e-08
 Reference value :  9.66140e-08
 Reference value :  9.66900e-08
 Reference value :  9.67500e-08
 Reference value :  9.68000e-08
 Reference value :  9.68300e-08
 Reference value :  9.69100e-08
 Reference value :  9.69700e-08
 Reference value :  9.70020e-08
 Reference value :  9.70300e-08
 Reference value :  9.70700e-08
 Reference value :  9.71100e-08
 Reference value :  9.71500e-08
 Reference value :  9.71850e-08
 Reference value :  9.72060e-08
 Reference value :  9.72700e-08
 Reference value :  9.73500e-08
 Reference value :  9.74000e-08
 Reference value :  9.74300e-08
 Reference value :  9.74700e-08
 Reference value :  9.75300e-08
 Reference value :  9.75850e-08
 Reference value :  9.76060e-08
 Reference value :  9.76700e-08
 Reference value :  9.77500e-08
 Reference value :  9.78000e-08
 Reference value :  9.78140e-08
 Reference value :  9.78700e-08
 Reference value :  9.79100e-08
 Reference value :  9.79500e-08
 Reference value :  9.80000e-08
 Reference value :  9.80140e-08
 Reference value :  9.80500e-08
 Reference value :  9.80900e-08
 Reference value :  9.81500e-08
 Reference value :  9.82000e-08
 Reference value :  9.82140e-08
 Reference value :  9.82700e-08
 Reference value :  9.83300e-08
 Reference value :  9.83700e-08
 Reference value :  9.84000e-08
 Reference value :  9.84140e-08
 Reference value :  9.84700e-08
 Reference value :  9.85300e-08
 Reference value :  9.85850e-08
 Reference value :  9.86140e-08
 Reference value :  9.86900e-08
 Reference value :  9.87500e-08
 Reference value :  9.87850e-08
 Reference value :  9.88060e-08
 Reference value :  9.88500e-08
 Reference value :  9.88900e-08
 Reference value :  9.89500e-08
 Reference value :  9.89850e-08
 Reference value :  9.90060e-08
 Reference value :  9.90500e-08
 Reference value :  9.91100e-08
 Reference value :  9.91850e-08
 Reference value :  9.92140e-08
 Reference value :  9.92500e-08
 Reference value :  9.92900e-08
 Reference value :  9.93500e-08
 Reference value :  9.94000e-08
 Reference value :  9.94140e-08
 Reference value :  9.94700e-08
 Reference value :  9.95300e-08
 Reference value :  9.95850e-08
 Reference value :  9.96060e-08
 Reference value :  9.96500e-08
 Reference value :  9.96900e-08
 Reference value :  9.97300e-08
 Reference value :  9.97700e-08
 Reference value :  9.98020e-08
 Reference value :  9.98300e-08
 Reference value :  9.98700e-08
 Reference value :  9.99100e-08
 Reference value :  9.99500e-08
 Reference value :  1.00000e-07
 Reference value :  1.00014e-07
 Reference value :  1.00070e-07
 Reference value :  1.00130e-07
 Reference value :  1.00185e-07
 Reference value :  1.00214e-07
 Reference value :  1.00270e-07
 Reference value :  1.00330e-07
 Reference value :  1.00385e-07
 Reference value :  1.00414e-07
 Reference value :  1.00490e-07
 Reference value :  1.00570e-07
 Reference value :  1.00602e-07
 Reference value :  1.00650e-07
 Reference value :  1.00730e-07
 Reference value :  1.00800e-07
 Reference value :  1.00830e-07
 Reference value :  1.00870e-07
 Reference value :  1.00930e-07
 Reference value :  1.00985e-07
 Reference value :  1.01002e-07
 Reference value :  1.01030e-07
 Reference value :  1.01070e-07
 Reference value :  1.01110e-07
 Reference value :  1.01170e-07
 Reference value :  1.01202e-07
 Reference value :  1.01230e-07
 Reference value :  1.01290e-07
 Reference value :  1.01330e-07
 Reference value :  1.01370e-07
 Reference value :  1.01400e-07
 Reference value :  1.01414e-07
 Reference value :  1.01490e-07
 Reference value :  1.01570e-07
 Reference value :  1.01602e-07
 Reference value :  1.01650e-07
 Reference value :  1.01710e-07
 Reference value :  1.01770e-07
 Reference value :  1.01800e-07
 Reference value :  1.01830e-07
 Reference value :  1.01890e-07
 Reference value :  1.01930e-07
 Reference value :  1.01985e-07
 Reference value :  1.02006e-07
 Reference value :  1.02050e-07
 Reference value :  1.02110e-07
 Reference value :  1.02170e-07
 Reference value :  1.02202e-07
 Reference value :  1.02230e-07
 Reference value :  1.02270e-07
 Reference value :  1.02310e-07
 Reference value :  1.02370e-07
 Reference value :  1.02400e-07
 Reference value :  1.02414e-07
 Reference value :  1.02470e-07
 Reference value :  1.02530e-07
 Reference value :  1.02585e-07
 Reference value :  1.02606e-07
 Reference value :  1.02650e-07
 Reference value :  1.02690e-07
 Reference value :  1.02730e-07
 Reference value :  1.02770e-07
 Reference value :  1.02806e-07
 Reference value :  1.02830e-07
 Reference value :  1.02870e-07
 Reference value :  1.02910e-07
 Reference value :  1.02970e-07
 Reference value :  1.03006e-07
 Reference value :  1.03050e-07
 Reference value :  1.03130e-07
 Reference value :  1.03185e-07
 Reference value :  1.03206e-07
 Reference value :  1.03250e-07
 Reference value :  1.03310e-07
 Reference value :  1.03370e-07
 Reference value :  1.03402e-07
 Reference value :  1.03430e-07
 Reference value :  1.03490e-07
 Reference value :  1.03550e-07
 Reference value :  1.03600e-07
 Reference value :  1.03614e-07
 Reference value :  1.03650e-07
 Reference value :  1.03690e-07
 Reference value :  1.03730e-07
 Reference value :  1.03770e-07
 Reference value :  1.03800e-07
 Reference value :  1.03814e-07
 Reference value :  1.03870e-07
 Reference value :  1.03930e-07
 Reference value :  1.03985e-07
 Reference value :  1.04006e-07
 Reference value :  1.04050e-07
 Reference value :  1.04090e-07
 Reference value :  1.04150e-07
 Reference value :  1.04202e-07
 Reference value :  1.04250e-07
 Reference value :  1.04310e-07
 Reference value :  1.04370e-07
 Reference value :  1.04402e-07
 Reference value :  1.04430e-07
 Reference value :  1.04470e-07
 Reference value :  1.04510e-07
 Reference value :  1.04550e-07
 Reference value :  1.04585e-07
 Reference value :  1.04614e-07
 Reference value :  1.04670e-07
 Reference value :  1.04710e-07
 Reference value :  1.04750e-07
 Reference value :  1.04800e-07
 Reference value :  1.04814e-07
 Reference value :  1.04870e-07
 Reference value :  1.04950e-07
 Reference value :  1.05000e-07
 Reference value :  1.05014e-07
 Reference value :  1.05070e-07
 Reference value :  1.05130e-07
 Reference value :  1.05170e-07
 Reference value :  1.05202e-07
 Reference value :  1.05230e-07
 Reference value :  1.05310e-07
 Reference value :  1.05385e-07
 Reference value :  1.05414e-07
 Reference value :  1.05490e-07
 Reference value :  1.05550e-07
 Reference value :  1.05602e-07
 Reference value :  1.05650e-07
 Reference value :  1.05690e-07
 Reference value :  1.05750e-07
 Reference value :  1.05800e-07
 Reference value :  1.05830e-07
 Reference value :  1.05870e-07
 Reference value :  1.05910e-07
 Reference value :  1.05950e-07
 Reference value :  1.06000e-07
 Reference value :  1.06014e-07
 Reference value :  1.06070e-07
 Reference value :  1.06130e-07
 Reference value :  1.06185e-07
 Reference value :  1.06206e-07
 Reference value :  1.06250e-07
 Reference value :  1.06310e-07
 Reference value :  1.06370e-07
 Reference value :  1.06402e-07
 Reference value :  1.06430e-07
 Reference value :  1.06490e-07
 Reference value :  1.06550e-07
 Reference value :  1.06600e-07
 Reference value :  1.06614e-07
 Reference value :  1.06670e-07
 Reference value :  1.06710e-07
 Reference value :  1.06750e-07
 Reference value :  1.06785e-07
 Reference value :  1.06806e-07
 Reference value :  1.06850e-07
 Reference value :  1.06910e-07
 Reference value :  1.06970e-07
 Reference value :  1.07002e-07
 Reference value :  1.07030e-07
 Reference value :  1.07070e-07
 Reference value :  1.07110e-07
 Reference value :  1.07150e-07
 Reference value :  1.07200e-07
 Reference value :  1.07214e-07
 Reference value :  1.07270e-07
 Reference value :  1.07330e-07
 Reference value :  1.07385e-07
 Reference value :  1.07406e-07
 Reference value :  1.07450e-07
 Reference value :  1.07510e-07
 Reference value :  1.07550e-07
 Reference value :  1.07585e-07
 Reference value :  1.07614e-07
 Reference value :  1.07670e-07
 Reference value :  1.07730e-07
 Reference value :  1.07770e-07
 Reference value :  1.07802e-07
 Reference value :  1.07830e-07
 Reference value :  1.07890e-07
 Reference value :  1.07950e-07
 Reference value :  1.07985e-07
 Reference value :  1.08006e-07
 Reference value :  1.08030e-07
 Reference value :  1.08070e-07
 Reference value :  1.08130e-07
 Reference value :  1.08185e-07
 Reference value :  1.08206e-07
 Reference value :  1.08250e-07
 Reference value :  1.08310e-07
 Reference value :  1.08370e-07
 Reference value :  1.08402e-07
 Reference value :  1.08430e-07
 Reference value :  1.08470e-07
 Reference value :  1.08530e-07
 Reference value :  1.08570e-07
 Reference value :  1.08602e-07
 Reference value :  1.08630e-07
 Reference value :  1.08690e-07
 Reference value :  1.08750e-07
 Reference value :  1.08802e-07
 Reference value :  1.08850e-07
 Reference value :  1.08910e-07
 Reference value :  1.08970e-07
 Reference value :  1.09006e-07
 Reference value :  1.09070e-07
 Reference value :  1.09150e-07
 Reference value :  1.09202e-07
 Reference value :  1.09250e-07
 Reference value :  1.09310e-07
 Reference value :  1.09370e-07
 Reference value :  1.09400e-07
 Reference value :  1.09414e-07
 Reference value :  1.09470e-07
 Reference value :  1.09510e-07
 Reference value :  1.09550e-07
 Reference value :  1.09600e-07
 Reference value :  1.09630e-07
 Reference value :  1.09690e-07
 Reference value :  1.09750e-07
 Reference value :  1.09800e-07
 Reference value :  1.09814e-07
 Reference value :  1.09870e-07
 Reference value :  1.09950e-07
 Reference value :  1.09985e-07
 Reference value :  1.10006e-07
 Reference value :  1.10050e-07
 Reference value :  1.10090e-07
 Reference value :  1.10150e-07
 Reference value :  1.10200e-07
 Reference value :  1.10214e-07
 Reference value :  1.10290e-07
 Reference value :  1.10350e-07
 Reference value :  1.10400e-07
 Reference value :  1.10414e-07
 Reference value :  1.10470e-07
 Reference value :  1.10510e-07
 Reference value :  1.10570e-07
 Reference value :  1.10606e-07
 Reference value :  1.10650e-07
 Reference value :  1.10710e-07
 Reference value :  1.10750e-07
 Reference value :  1.10800e-07
 Reference value :  1.10830e-07
 Reference value :  1.10890e-07
 Reference value :  1.10950e-07
 Reference value :  1.11000e-07
 Reference value :  1.11030e-07
 Reference value :  1.11090e-07
 Reference value :  1.11150e-07
 Reference value :  1.11200e-07
 Reference value :  1.11214e-07
 Reference value :  1.11270e-07
 Reference value :  1.11330e-07
 Reference value :  1.11385e-07
 Reference value :  1.11406e-07
 Reference value :  1.11450e-07
 Reference value :  1.11510e-07
 Reference value :  1.11550e-07
 Reference value :  1.11585e-07
 Reference value :  1.11602e-07
 Reference value :  1.11630e-07
 Reference value :  1.11670e-07
 Reference value :  1.11730e-07
 Reference value :  1.11785e-07
 Reference value :  1.11806e-07
 Reference value :  1.11850e-07
 Reference value :  1.11890e-07
 Reference value :  1.11930e-07
 Reference value :  1.11985e-07
 Reference value :  1.12006e-07
 Reference value :  1.12070e-07
 Reference value :  1.12150e-07
 Reference value :  1.12202e-07
 Reference value :  1.12230e-07
 Reference value :  1.12290e-07
 Reference value :  1.12350e-07
 Reference value :  1.12385e-07
 Reference value :  1.12414e-07
 Reference value :  1.12470e-07
 Reference value :  1.12510e-07
 Reference value :  1.12550e-07
 Reference value :  1.12600e-07
 Reference value :  1.12630e-07
 Reference value :  1.12690e-07
 Reference value :  1.12770e-07
 Reference value :  1.12802e-07
 Reference value :  1.12850e-07
 Reference value :  1.12890e-07
 Reference value :  1.12950e-07
 Reference value :  1.13002e-07
 Reference value :  1.13050e-07
 Reference value :  1.13110e-07
 Reference value :  1.13170e-07
 Reference value :  1.13202e-07
 Reference value :  1.13230e-07
 Reference value :  1.13270e-07
 Reference value :  1.13310e-07
 Reference value :  1.13350e-07
 Reference value :  1.13400e-07
 Reference value :  1.13430e-07
 Reference value :  1.13470e-07
 Reference value :  1.13530e-07
 Reference value :  1.13600e-07
 Reference value :  1.13614e-07
 Reference value :  1.13670e-07
 Reference value :  1.13710e-07
 Reference value :  1.13750e-07
 Reference value :  1.13800e-07
 Reference value :  1.13814e-07
 Reference value :  1.13870e-07
 Reference value :  1.13950e-07
 Reference value :  1.14002e-07
 Reference value :  1.14030e-07
 Reference value :  1.14090e-07
 Reference value :  1.14130e-07
 Reference value :  1.14170e-07
 Reference value :  1.14200e-07
 Reference value :  1.14214e-07
 Reference value :  1.14270e-07
 Reference value :  1.14330e-07
 Reference value :  1.14385e-07
 Reference value :  1.14406e-07
 Reference value :  1.14470e-07
 Reference value :  1.14550e-07
 Reference value :  1.14600e-07
 Reference value :  1.14614e-07
 Reference value :  1.14670e-07
 Reference value :  1.14730e-07
 Reference value :  1.14785e-07
 Reference value :  1.14806e-07
 Reference value :  1.14850e-07
 Reference value :  1.14890e-07
 Reference value :  1.14970e-07
 Reference value :  1.15000e-07
 Reference value :  1.15000e-07
No. of Data Rows : 7492
vmax_ss             =  1.57733e+00 at=  9.92060e-08
vmin_ss             =  -4.41456e-02 at=  7.28060e-08
tk                  =  5.84735e-09
tk                  =  1.06694e-08
tk                  =  1.54946e-08
tk                  =  2.03133e-08
tk                  =  2.51351e-08
tk                  =  2.99639e-08
tk                  =  3.47854e-08
tk                  =  3.96117e-08
tk                  =  4.44367e-08
tk                  =  4.92558e-08
tk                  =  5.40777e-08
tk                  =  5.89034e-08
tk                  =  6.37268e-08
tk                  =  6.85439e-08
tk                  =  7.33686e-08
tk                  =  7.81960e-08
tk                  =  8.30177e-08
tk                  =  8.78408e-08
tk                  =  9.26548e-08
tk                  =  9.74784e-08
tk                  =  1.02298e-07
vmax_ss = 1.577331e+00
vmin_ss = -4.41456e-02
swing_frac = 1.000911e+00
tbar = 4.822537e-09
sigma_1 = 3.606166e-12
sigma_2 = 4.794317e-12
sigma_4 = 5.825030e-12
sigma_8 = 8.160555e-12
Note: Simulation executed from .control section 

----- stderr -----

Checking parameters for BSIM 4.5 model x4.xmn:nshort_model.48
Warning: Eta0 = -0.0286127 is negative.

Checking parameters for BSIM 4.5 model x4.xmph:pshort_model.44
Warning: Eta0 = -0.00221468 is negative.

Checking parameters for BSIM 4.5 model x3.xmn:nshort_model.48
Warning: Eta0 = -0.0286127 is negative.

Checking parameters for BSIM 4.5 model x3.xmph:pshort_model.44
Warning: Eta0 = -0.00221468 is negative.

Checking parameters for BSIM 4.5 model x2.xmn:nshort_model.48
Warning: Eta0 = -0.0286127 is negative.

Checking parameters for BSIM 4.5 model x2.xmph:pshort_model.44
Warning: Eta0 = -0.00221468 is negative.

Checking parameters for BSIM 4.5 model x1.xmn:nshort_model.48
Warning: Eta0 = -0.0286127 is negative.

Checking parameters for BSIM 4.5 model x1.xmph:pshort_model.44
Warning: Eta0 = -0.00221468 is negative.

Checking parameters for BSIM 4.5 model xg.xmph:pshort_model.44
Warning: Eta0 = -0.00221468 is negative.

