|* Post-layout ro_array_core: the whole entropy source (four non-identical
|* rings + four output buffers + the three-xor2 combining tree), extracted
|* FLAT from ONE `klt extract --parasitics` run over
|* layout/ro_array_core-placement-poc/ro_array_core_signal9_poc.gds -- the
|* same DRC-clean (0 violations), klt-lvs-MATCHING (132/132 devices, 96/96
|* nets against design/ro_array_core.spice's own .subckt ro_array_core) GDS
|* that PoC directory's own README documents ("Increment 8"). Real inter-ring
|* wiring is included for the first time: the ring->buffer signal chain, the
|* buffer->XOR fan-in, the XOR combining tree's own t1/t2 routing, and the
|* array-wide vdd bus for the four buffers + three xor2 instances -- none of
|* which sim/post-layout-ro-ring5-assembled/ (one ring at a time, ideal
|* wires between rings) could include, and none of which
|* sim/ro-array-core-combining/ (pre-layout, no physical interconnect at
|* all) could include either.
|*
|* Purpose (issue #22's acceptance bar: "Post-layout PVT simulation results
|* land under sim/, extracted parasitics included" plus the DR-0003 section
|* 8 wstv inter-ring decorrelation re-evaluation). This is a two-way,
|* same-corner comparison (post-layout array vs. pre-layout control, the
|* SAME topology sim/ro-array-core-combining/'s own testbench drives),
|* matching sim/post-layout-ro-ring5-assembled/'s own comparison discipline
|* one hierarchy level up. It reuses that record's own measurement set
|* (per-ring periods, combining fidelity in both the edge-retention and
|* value-fidelity senses, and array supply current) rather than inventing a
|* new one, so every number here is directly comparable to
|* sim/ro-array-core-combining/'s own pre-layout record by name.
|*
|* Topology, post-layout side (prefix p): xarr is ONE flat-extracted cell --
|* design/xschem/ro_array_core.sch's own hierarchy, already wired, sourced
|* from layout/pex-array/ro_array_core_pex.spice via
|* layout/bin/pex-netlist.py (shared, unmodified, with
|* layout/pex/pex.json's and layout/pex-ring/pex.json's own leaf/ring
|* descriptors). t1/t2 (the XOR tree's own inter-stage nets) are internal to
|* the wrapper subckt at the SAME literal names design/ro_array_core.spice's
|* own .subckt ro_array_core uses internally, so they are reachable exactly
|* the way sim/ro-array-core-combining/'s own testbench reaches them
|* (`v(xarr.t1)`, one level of hierarchy) -- confirmed by this deck's own
|* first successful run, not assumed.
|*
|* Topology, pre-layout side (no prefix, matching
|* sim/ro-array-core-combining/'s own testbench net names exactly): xctl is
|* the identical topology from design/ro_array_core.spice's parameterized
|* .subckt ro_array_core, same-deck same-corner control.
|*
|* The substrate tie. layout/pex-array/ro_array_core_pex.spice declares the
|* extractor's substrate return node `vsubs` .global (klayout-tools#1503,
|* same as every other post-layout deck in this repo). This deck ties it
|* HARD to 0, the same physically-motivated choice
|* sim/post-layout-ro-ring5-assembled/ and sim/post-layout-ro-ring5/ both
|* use -- every composed cell's own psub guard ring is tied to vss, and vss
|* is 0 here. Inter-ring coupling through a floating substrate is a
|* different, separately-bracketed question (spec/decision-records/DR-0005)
|* and is not re-litigated by this deck's own hard tie.
|*
|* PVT: the same four (temp, supply) points
|* sim/post-layout-ro-ring5-assembled/ uses, each bundling the tt/ss/ff
|* process axis:
|*   -40 degC / 1.62 V   the measured entropy-binding corner (ss)
|*    27 degC / 1.80 V   nominal
|*   125 degC / 1.98 V   the worst five-stage ring swing in #10's grid
|*   -40 degC / 1.98 V   the fastest ring measured anywhere in that grid
|*
|* Window. Post-layout parasitics measurably slow the array (every prior
|* post-layout ring record in this repo reports 1.4x-2.4x slowdown over
|* pre-layout, and the array adds inter-ring wiring + XOR-tree loading on
|* top), so this deck's tstop is 4x sim/ro-array-core-combining/'s own 200n
|* -- 800n -- with the same 5 ns enable-release point and the same
|* 10-period ring / 48-edge combining-node estimators (rise=3..13 for
|* periods, rise=2..50 at the combining nodes), now measured from a 700 ns
|* window (100 ns to 800 ns) rather than that deck's 60-200 ns, to keep the
|* same edge counts reachable at the slowest corner. Confirmed sufficient by
|* this deck's own first run at every corner (every meas below resolved,
|* not "no value found"), not assumed from the pre-layout deck's own margin.
|*
|* This file is a TEMPLATE: sim/bin/corner-run.py substitutes /Users/rwalters/.volare/volare/sky130/versions/c6d73a35f524070e85faff4a6a9eef49553ebc2b/sky130A/libs.tech/combined/sky130.lib.spice,
|* tt, /Users/rwalters/GitHub/sky130-trng/.loom/worktrees/issue-22/design/ro_array_core.spice, /Users/rwalters/GitHub/sky130-trng/.loom/worktrees/issue-22/layout/pex-array/ro_array_core_pex.spice, -40.0, 1.98 and 5p. As
|* committed it is not a runnable deck. Invoke with
|* `--ro-ring5 design/ro_array_core.spice` and
|* `--pex-lib layout/pex-array/ro_array_core_pex.spice`.
|
|.option scale=1u
|.lib "/Users/rwalters/.volare/volare/sky130/versions/c6d73a35f524070e85faff4a6a9eef49553ebc2b/sky130A/libs.tech/combined/sky130.lib.spice" tt
|
|* pre-layout subcircuit library (ro_array_core / ro_ring5 / ro_buf / xor2)
|.include "/Users/rwalters/GitHub/sky130-trng/.loom/worktrees/issue-22/design/ro_array_core.spice"
|* post-layout ARRAY subcircuit library (ro_array_core_pex, flat-extracted
|* from the whole composed, DRC-clean and LVS-clean array GDS)
|.include "/Users/rwalters/GitHub/sky130-trng/.loom/worktrees/issue-22/layout/pex-array/ro_array_core_pex.spice"
|
|.temp -40.0
|
|* --- substrate return node: hard tie (see header) ----------------------
|Vsub vsubs 0 dc 0
|
|* --- post-layout ARRAY, one flat-extracted cell for the whole block ----
|Vddrp1 pvddr1 0 dc 1.98
|Vddrp2 pvddr2 0 dc 1.98
|Vddrp3 pvddr3 0 dc 1.98
|Vddrp4 pvddr4 0 dc 1.98
|Vddp pvdd 0 dc 1.98
|Venp1 pen1 0 PULSE(0 1.98 5n 100p 100p 1u 2u)
|Venp2 pen2 0 PULSE(0 1.98 5n 100p 100p 1u 2u)
|Venp3 pen3 0 PULSE(0 1.98 5n 100p 100p 1u 2u)
|Venp4 pen4 0 PULSE(0 1.98 5n 100p 100p 1u 2u)
|xarr pen1 pen2 pen3 pen4 pvddr1 pvddr2 pvddr3 pvddr4 pvdd 0 pxo pro1 pro2 pro3 pro4 ro_array_core_pex
|
|* --- pre-layout control, identical topology, single-call subckt --------
|Vddr1 vddr1 0 dc 1.98
|Vddr2 vddr2 0 dc 1.98
|Vddr3 vddr3 0 dc 1.98
|Vddr4 vddr4 0 dc 1.98
|Vdd vdd 0 dc 1.98
|Ven1 en1 0 PULSE(0 1.98 5n 100p 100p 1u 2u)
|Ven2 en2 0 PULSE(0 1.98 5n 100p 100p 1u 2u)
|Ven3 en3 0 PULSE(0 1.98 5n 100p 100p 1u 2u)
|Ven4 en4 0 PULSE(0 1.98 5n 100p 100p 1u 2u)
|xctl en1 en2 en3 en4 vddr1 vddr2 vddr3 vddr4 vdd 0 xo ro1 ro2 ro3 ro4 ro_array_core
|
|.ic v(pro1)=0
|.ic v(pro2)=0
|.ic v(pro3)=0
|.ic v(pro4)=0
|.ic v(ro1)=0
|.ic v(ro2)=0
|.ic v(ro3)=0
|.ic v(ro4)=0
|
|* Limit the saved transient trace set to exactly what the .meas statements
|* below need. Without this, ngspice keeps a full-resolution voltage history
|* for every node in the deck -- including every per-terminal parasitic-star
|* leg node the flat ARRAY extraction introduces (132 devices' worth, an
|* order of magnitude more than one ring alone) -- and
|* sim/post-layout-ro-ring5-assembled/'s own header records this exhausting
|* process memory outright at the ff corner's shorter timesteps. None of
|* those internal leg voltages are read by any .meas below.
|.save v(pro1) v(pro2) v(pro3) v(pro4) v(pxo) v(xarr.t1)
|.save v(ro1) v(ro2) v(ro3) v(ro4) v(xo) v(xctl.t1)
|.save i(Vddrp1) i(Vddrp2) i(Vddrp3) i(Vddrp4) i(Vddp)
|.save i(Vddr1) i(Vddr2) i(Vddr3) i(Vddr4) i(Vdd)
|
|.tran 5p 800n uic
|
|.control
|run
|
|* --- post-layout ARRAY: per-ring periods, 10 whole periods each, first
|* two rising edges discarded as start-up ------------------------------
|meas tran pt1a when v(pro1)=0.5*1.98 rise=3
|meas tran pt1b when v(pro1)=0.5*1.98 rise=13
|let p_tr1 = (pt1b - pt1a)/10
|meas tran pt2a when v(pro2)=0.5*1.98 rise=3
|meas tran pt2b when v(pro2)=0.5*1.98 rise=13
|let p_tr2 = (pt2b - pt2a)/10
|meas tran pt3a when v(pro3)=0.5*1.98 rise=3
|meas tran pt3b when v(pro3)=0.5*1.98 rise=13
|let p_tr3 = (pt3b - pt3a)/10
|meas tran pt4a when v(pro4)=0.5*1.98 rise=3
|meas tran pt4b when v(pro4)=0.5*1.98 rise=13
|let p_tr4 = (pt4b - pt4a)/10
|let p_f_ideal2 = 1/p_tr1 + 1/p_tr2
|let p_f_ideal = 1/p_tr1 + 1/p_tr2 + 1/p_tr3 + 1/p_tr4
|let p_skew_span = p_tr1/p_tr4
|
|* --- post-layout ARRAY combining node: swing and realized edge rate ---
|meas tran pvxo_max MAX v(pxo) from=100n to=800n
|meas tran pvxo_min MIN v(pxo) from=100n to=800n
|let p_swing_frac_xo = (pvxo_max - pvxo_min) / 1.98
|meas tran ptxo_a when v(pxo)=0.5*1.98 rise=2
|meas tran ptxo_b when v(pxo)=0.5*1.98 rise=50
|let p_f_xo = 48/(ptxo_b - ptxo_a)
|let p_edge_retention = p_f_xo / p_f_ideal
|meas tran ptt1a when v(xarr.t1)=0.5*1.98 rise=2
|meas tran ptt1b when v(xarr.t1)=0.5*1.98 rise=50
|let p_f_t1 = 48/(ptt1b - ptt1a)
|let p_retention_n2 = p_f_t1 / p_f_ideal2
|let p_retention_n4 = p_edge_retention
|
|* --- post-layout ARRAY value fidelity + supply current -----------------
|meas tran pvxo_avg AVG v(pxo) from=100n to=800n
|meas tran pvt1_avg AVG v(xarr.t1) from=100n to=800n
|let p_bias_xo = pvxo_avg / 1.98
|let p_bias_t1 = pvt1_avg / 1.98
|meas tran pi1 AVG i(Vddrp1) from=100n to=800n
|meas tran pi2 AVG i(Vddrp2) from=100n to=800n
|meas tran pi3 AVG i(Vddrp3) from=100n to=800n
|meas tran pi4 AVG i(Vddrp4) from=100n to=800n
|meas tran pib AVG i(Vddp) from=100n to=800n
|let p_i_rings = -(pi1 + pi2 + pi3 + pi4)
|let p_i_block = -pib
|let p_i_array_total = p_i_rings + p_i_block
|let p_p_array_total = p_i_array_total * 1.98
|
|* --- pre-layout CONTROL: identical estimators, identical node names as
|* sim/ro-array-core-combining/'s own testbench ---------------------------
|meas tran t1a when v(ro1)=0.5*1.98 rise=3
|meas tran t1b when v(ro1)=0.5*1.98 rise=13
|let tr1 = (t1b - t1a)/10
|meas tran t2a when v(ro2)=0.5*1.98 rise=3
|meas tran t2b when v(ro2)=0.5*1.98 rise=13
|let tr2 = (t2b - t2a)/10
|meas tran t3a when v(ro3)=0.5*1.98 rise=3
|meas tran t3b when v(ro3)=0.5*1.98 rise=13
|let tr3 = (t3b - t3a)/10
|meas tran t4a when v(ro4)=0.5*1.98 rise=3
|meas tran t4b when v(ro4)=0.5*1.98 rise=13
|let tr4 = (t4b - t4a)/10
|let f_ideal2 = 1/tr1 + 1/tr2
|let f_ideal = 1/tr1 + 1/tr2 + 1/tr3 + 1/tr4
|let skew_span = tr1/tr4
|
|meas tran vxo_max MAX v(xo) from=100n to=800n
|meas tran vxo_min MIN v(xo) from=100n to=800n
|let swing_frac_xo = (vxo_max - vxo_min) / 1.98
|meas tran txo_a when v(xo)=0.5*1.98 rise=2
|meas tran txo_b when v(xo)=0.5*1.98 rise=50
|let f_xo = 48/(txo_b - txo_a)
|let edge_retention = f_xo / f_ideal
|meas tran tt1a when v(xctl.t1)=0.5*1.98 rise=2
|meas tran tt1b when v(xctl.t1)=0.5*1.98 rise=50
|let f_t1 = 48/(tt1b - tt1a)
|let retention_n2 = f_t1 / f_ideal2
|let retention_n4 = edge_retention
|
|meas tran vxo_avg AVG v(xo) from=100n to=800n
|meas tran vt1_avg AVG v(xctl.t1) from=100n to=800n
|let bias_xo = vxo_avg / 1.98
|let bias_t1 = vt1_avg / 1.98
|meas tran i1 AVG i(Vddr1) from=100n to=800n
|meas tran i2 AVG i(Vddr2) from=100n to=800n
|meas tran i3 AVG i(Vddr3) from=100n to=800n
|meas tran i4 AVG i(Vddr4) from=100n to=800n
|meas tran ib AVG i(Vdd) from=100n to=800n
|let i_rings = -(i1 + i2 + i3 + i4)
|let i_block = -ib
|let i_array_total = i_rings + i_block
|let p_array_total_pre = i_array_total * 1.98
|
|* --- headline ratios: same block, same corner, real inter-ring wiring
|* (plus real intra-cell parasitics) vs. pre-layout (no interconnect,
|* ideal devices only) ----------------------------------------------------
|let slowdown_r1 = p_tr1 / tr1
|let slowdown_r2 = p_tr2 / tr2
|let slowdown_r3 = p_tr3 / tr3
|let slowdown_r4 = p_tr4 / tr4
|
|print p_tr1
|print p_tr2
|print p_tr3
|print p_tr4
|print p_skew_span
|print p_f_ideal
|print p_f_xo
|print p_edge_retention
|print p_retention_n2
|print p_retention_n4
|print p_bias_t1
|print p_bias_xo
|print p_swing_frac_xo
|print p_i_rings
|print p_i_block
|print p_i_array_total
|print p_p_array_total
|print tr1
|print tr2
|print tr3
|print tr4
|print skew_span
|print f_ideal
|print f_xo
|print edge_retention
|print retention_n2
|print retention_n4
|print bias_t1
|print bias_xo
|print swing_frac_xo
|print i_rings
|print i_block
|print i_array_total
|print p_array_total_pre
|print slowdown_r1
|print slowdown_r2
|print slowdown_r3
|print slowdown_r4
|.endc
|.end
|

----- stdout -----

Note: Compatibility modes selected: hs a


Circuit: * post-layout ro_array_core: the whole entropy source (four non-identical

option SCALE: Scale is set to 1e-06 for instance and model parameters
option SCALE: Scale is set to 1e-06 for instance and model parameters
option SCALE: Scale is set to 1e-06 for instance and model parameters
option SCALE: Scale is set to 1e-06 for instance and model parameters
option SCALE: Scale is set to 1e-06 for instance and model parameters
Doing analysis at TEMP = -40.000000 and TNOM = 27.000000

Using SPARSE 1.3 as Direct Linear Solver
Operating point simulation skipped by 'uic',
  now using transient initial conditions.
 Reference value :  5.00000e-14
 Reference value :  4.70831e-10
 Reference value :  1.20083e-09
 Reference value :  1.88083e-09
 Reference value :  2.43083e-09
 Reference value :  2.94583e-09
 Reference value :  3.47583e-09
 Reference value :  4.05083e-09
 Reference value :  4.75083e-09
 Reference value :  5.45750e-09
 Reference value :  6.14750e-09
 Reference value :  6.86750e-09
 Reference value :  7.47250e-09
 Reference value :  8.06750e-09
 Reference value :  8.74250e-09
 Reference value :  9.30250e-09
 Reference value :  9.84750e-09
 Reference value :  1.04025e-08
 Reference value :  1.09275e-08
 Reference value :  1.14725e-08
 Reference value :  1.20375e-08
 Reference value :  1.26275e-08
 Reference value :  1.31625e-08
 Reference value :  1.36975e-08
 Reference value :  1.42275e-08
 Reference value :  1.47425e-08
 Reference value :  1.52675e-08
 Reference value :  1.57925e-08
 Reference value :  1.63175e-08
 Reference value :  1.68325e-08
 Reference value :  1.73525e-08
 Reference value :  1.78725e-08
 Reference value :  1.84425e-08
 Reference value :  1.90025e-08
 Reference value :  1.95425e-08
 Reference value :  2.01175e-08
 Reference value :  2.06475e-08
 Reference value :  2.12375e-08
 Reference value :  2.18325e-08
 Reference value :  2.23625e-08
 Reference value :  2.28975e-08
 Reference value :  2.35225e-08
 Reference value :  2.41025e-08
 Reference value :  2.46875e-08
 Reference value :  2.53125e-08
 Reference value :  2.58175e-08
 Reference value :  2.63425e-08
 Reference value :  2.69025e-08
 Reference value :  2.74675e-08
 Reference value :  2.80075e-08
 Reference value :  2.85625e-08
 Reference value :  2.91525e-08
 Reference value :  2.96575e-08
 Reference value :  3.01825e-08
 Reference value :  3.07075e-08
 Reference value :  3.12375e-08
 Reference value :  3.17975e-08
 Reference value :  3.23325e-08
 Reference value :  3.28775e-08
 Reference value :  3.34125e-08
 Reference value :  3.39525e-08
 Reference value :  3.44775e-08
 Reference value :  3.50075e-08
 Reference value :  3.55175e-08
 Reference value :  3.60575e-08
 Reference value :  3.65975e-08
 Reference value :  3.71175e-08
 Reference value :  3.76775e-08
 Reference value :  3.82225e-08
 Reference value :  3.87675e-08
 Reference value :  3.92925e-08
 Reference value :  3.98825e-08
 Reference value :  4.04175e-08
 Reference value :  4.09325e-08
 Reference value :  4.14725e-08
 Reference value :  4.20275e-08
 Reference value :  4.25975e-08
 Reference value :  4.31625e-08
 Reference value :  4.37975e-08
 Reference value :  4.43625e-08
 Reference value :  4.49325e-08
 Reference value :  4.55325e-08
 Reference value :  4.60575e-08
 Reference value :  4.65625e-08
 Reference value :  4.70875e-08
 Reference value :  4.76625e-08
 Reference value :  4.82175e-08
 Reference value :  4.87375e-08
 Reference value :  4.92575e-08
 Reference value :  4.97725e-08
 Reference value :  5.02875e-08
 Reference value :  5.08375e-08
 Reference value :  5.13675e-08
 Reference value :  5.19025e-08
 Reference value :  5.24325e-08
 Reference value :  5.29775e-08
 Reference value :  5.35125e-08
 Reference value :  5.40275e-08
 Reference value :  5.45575e-08
 Reference value :  5.51475e-08
 Reference value :  5.56875e-08
 Reference value :  5.62475e-08
 Reference value :  5.67775e-08
 Reference value :  5.73025e-08
 Reference value :  5.78175e-08
 Reference value :  5.84175e-08
 Reference value :  5.89325e-08
 Reference value :  5.94325e-08
 Reference value :  5.99475e-08
 Reference value :  6.05075e-08
 Reference value :  6.10225e-08
 Reference value :  6.15825e-08
 Reference value :  6.21825e-08
 Reference value :  6.27075e-08
 Reference value :  6.32375e-08
 Reference value :  6.38725e-08
 Reference value :  6.44225e-08
 Reference value :  6.49725e-08
 Reference value :  6.55475e-08
 Reference value :  6.60825e-08
 Reference value :  6.66075e-08
 Reference value :  6.71775e-08
 Reference value :  6.77475e-08
 Reference value :  6.82925e-08
 Reference value :  6.88525e-08
 Reference value :  6.93725e-08
 Reference value :  6.98925e-08
 Reference value :  7.04125e-08
 Reference value :  7.09325e-08
 Reference value :  7.14925e-08
 Reference value :  7.20325e-08
 Reference value :  7.25625e-08
 Reference value :  7.31575e-08
 Reference value :  7.37225e-08
 Reference value :  7.42625e-08
 Reference value :  7.48075e-08
 Reference value :  7.54025e-08
 Reference value :  7.59775e-08
 Reference value :  7.65875e-08
 Reference value :  7.71675e-08
 Reference value :  7.77075e-08
 Reference value :  7.82525e-08
 Reference value :  7.88025e-08
 Reference value :  7.93925e-08
 Reference value :  7.99575e-08
 Reference value :  8.05275e-08
 Reference value :  8.10475e-08
 Reference value :  8.15725e-08
 Reference value :  8.20675e-08
 Reference value :  8.26125e-08
 Reference value :  8.31175e-08
 Reference value :  8.36475e-08
 Reference value :  8.41775e-08
 Reference value :  8.47225e-08
 Reference value :  8.52625e-08
 Reference value :  8.58175e-08
 Reference value :  8.63325e-08
 Reference value :  8.68775e-08
 Reference value :  8.74175e-08
 Reference value :  8.79075e-08
 Reference value :  8.84525e-08
 Reference value :  8.89725e-08
 Reference value :  8.94775e-08
 Reference value :  9.00225e-08
 Reference value :  9.05675e-08
 Reference value :  9.11425e-08
 Reference value :  9.17175e-08
 Reference value :  9.22575e-08
 Reference value :  9.28025e-08
 Reference value :  9.33575e-08
 Reference value :  9.38875e-08
 Reference value :  9.44225e-08
 Reference value :  9.50225e-08
 Reference value :  9.55725e-08
 Reference value :  9.61325e-08
 Reference value :  9.67425e-08
 Reference value :  9.73425e-08
 Reference value :  9.79325e-08
 Reference value :  9.85425e-08
 Reference value :  9.90925e-08
 Reference value :  9.96325e-08
 Reference value :  1.00283e-07
 Reference value :  1.00838e-07
 Reference value :  1.01393e-07
 Reference value :  1.02023e-07
 Reference value :  1.02598e-07
 Reference value :  1.03138e-07
 Reference value :  1.03703e-07
 Reference value :  1.04243e-07
 Reference value :  1.04768e-07
 Reference value :  1.05308e-07
 Reference value :  1.05828e-07
 Reference value :  1.06393e-07
 Reference value :  1.06928e-07
 Reference value :  1.07473e-07
 Reference value :  1.08068e-07
 Reference value :  1.08623e-07
 Reference value :  1.09193e-07
 Reference value :  1.09808e-07
 Reference value :  1.10358e-07
 Reference value :  1.10948e-07
 Reference value :  1.11598e-07
 Reference value :  1.12193e-07
 Reference value :  1.12773e-07
 Reference value :  1.13393e-07
 Reference value :  1.13998e-07
 Reference value :  1.14603e-07
 Reference value :  1.15273e-07
 Reference value :  1.15858e-07
 Reference value :  1.16433e-07
 Reference value :  1.16988e-07
 Reference value :  1.17573e-07
 Reference value :  1.18123e-07
 Reference value :  1.18683e-07
 Reference value :  1.19353e-07
 Reference value :  1.19958e-07
 Reference value :  1.20603e-07
 Reference value :  1.21113e-07
 Reference value :  1.21728e-07
 Reference value :  1.22303e-07
 Reference value :  1.22813e-07
 Reference value :  1.23343e-07
 Reference value :  1.23863e-07
 Reference value :  1.24463e-07
 Reference value :  1.25058e-07
 Reference value :  1.25623e-07
 Reference value :  1.26208e-07
 Reference value :  1.26788e-07
 Reference value :  1.27328e-07
 Reference value :  1.27923e-07
 Reference value :  1.28463e-07
 Reference value :  1.28978e-07
 Reference value :  1.29528e-07
 Reference value :  1.30083e-07
 Reference value :  1.30623e-07
 Reference value :  1.31183e-07
 Reference value :  1.31818e-07
 Reference value :  1.32368e-07
 Reference value :  1.32933e-07
 Reference value :  1.33608e-07
 Reference value :  1.34213e-07
 Reference value :  1.34763e-07
 Reference value :  1.35348e-07
 Reference value :  1.35888e-07
 Reference value :  1.36403e-07
 Reference value :  1.36958e-07
 Reference value :  1.37498e-07
 Reference value :  1.38018e-07
 Reference value :  1.38703e-07
 Reference value :  1.39238e-07
 Reference value :  1.39763e-07
 Reference value :  1.40303e-07
 Reference value :  1.40843e-07
 Reference value :  1.41353e-07
 Reference value :  1.41908e-07
 Reference value :  1.42433e-07
 Reference value :  1.42993e-07
 Reference value :  1.43498e-07
 Reference value :  1.44058e-07
 Reference value :  1.44563e-07
 Reference value :  1.45068e-07
 Reference value :  1.45583e-07
 Reference value :  1.46108e-07
 Reference value :  1.46678e-07
 Reference value :  1.47223e-07
 Reference value :  1.47758e-07
 Reference value :  1.48333e-07
 Reference value :  1.48938e-07
 Reference value :  1.49453e-07
 Reference value :  1.50003e-07
 Reference value :  1.50538e-07
 Reference value :  1.51073e-07
 Reference value :  1.51593e-07
 Reference value :  1.52158e-07
 Reference value :  1.52718e-07
 Reference value :  1.53278e-07
 Reference value :  1.53823e-07
 Reference value :  1.54373e-07
 Reference value :  1.54943e-07
 Reference value :  1.55533e-07
 Reference value :  1.56073e-07
 Reference value :  1.56613e-07
 Reference value :  1.57148e-07
 Reference value :  1.57703e-07
 Reference value :  1.58278e-07
 Reference value :  1.58783e-07
 Reference value :  1.59278e-07
 Reference value :  1.59833e-07
 Reference value :  1.60363e-07
 Reference value :  1.60893e-07
 Reference value :  1.61473e-07
 Reference value :  1.62013e-07
 Reference value :  1.62563e-07
 Reference value :  1.63113e-07
 Reference value :  1.63658e-07
 Reference value :  1.64188e-07
 Reference value :  1.64763e-07
 Reference value :  1.65288e-07
 Reference value :  1.65853e-07
 Reference value :  1.66453e-07
 Reference value :  1.66983e-07
 Reference value :  1.67513e-07
 Reference value :  1.68098e-07
 Reference value :  1.68648e-07
 Reference value :  1.69253e-07
 Reference value :  1.69828e-07
 Reference value :  1.70383e-07
 Reference value :  1.70918e-07
 Reference value :  1.71463e-07
 Reference value :  1.72063e-07
 Reference value :  1.72598e-07
 Reference value :  1.73168e-07
 Reference value :  1.73728e-07
 Reference value :  1.74253e-07
 Reference value :  1.74783e-07
 Reference value :  1.75328e-07
 Reference value :  1.75868e-07
 Reference value :  1.76378e-07
 Reference value :  1.77023e-07
 Reference value :  1.77578e-07
 Reference value :  1.78143e-07
 Reference value :  1.78718e-07
 Reference value :  1.79238e-07
 Reference value :  1.79773e-07
 Reference value :  1.80293e-07
 Reference value :  1.80838e-07
 Reference value :  1.81368e-07
 Reference value :  1.81863e-07
 Reference value :  1.82463e-07
 Reference value :  1.82983e-07
 Reference value :  1.83528e-07
 Reference value :  1.84098e-07
 Reference value :  1.84788e-07
 Reference value :  1.85418e-07
 Reference value :  1.86018e-07
 Reference value :  1.86603e-07
 Reference value :  1.87133e-07
 Reference value :  1.87733e-07
 Reference value :  1.88263e-07
 Reference value :  1.88848e-07
 Reference value :  1.89403e-07
 Reference value :  1.89973e-07
 Reference value :  1.90588e-07
 Reference value :  1.91168e-07
 Reference value :  1.91748e-07
 Reference value :  1.92298e-07
 Reference value :  1.92848e-07
 Reference value :  1.93398e-07
 Reference value :  1.93978e-07
 Reference value :  1.94568e-07
 Reference value :  1.95133e-07
 Reference value :  1.95703e-07
 Reference value :  1.96268e-07
 Reference value :  1.96833e-07
 Reference value :  1.97378e-07
 Reference value :  1.97923e-07
 Reference value :  1.98528e-07
 Reference value :  1.99068e-07
 Reference value :  1.99643e-07
 Reference value :  2.00203e-07
 Reference value :  2.00803e-07
 Reference value :  2.01398e-07
 Reference value :  2.02013e-07
 Reference value :  2.02603e-07
 Reference value :  2.03278e-07
 Reference value :  2.03848e-07
 Reference value :  2.04433e-07
 Reference value :  2.05053e-07
 Reference value :  2.05648e-07
 Reference value :  2.06208e-07
 Reference value :  2.06818e-07
 Reference value :  2.07358e-07
 Reference value :  2.07893e-07
 Reference value :  2.08483e-07
 Reference value :  2.09023e-07
 Reference value :  2.09613e-07
 Reference value :  2.10248e-07
 Reference value :  2.10818e-07
 Reference value :  2.11378e-07
 Reference value :  2.11993e-07
 Reference value :  2.12558e-07
 Reference value :  2.13093e-07
 Reference value :  2.13628e-07
 Reference value :  2.14203e-07
 Reference value :  2.14733e-07
 Reference value :  2.15268e-07
 Reference value :  2.15793e-07
 Reference value :  2.16318e-07
 Reference value :  2.16848e-07
 Reference value :  2.17363e-07
 Reference value :  2.17973e-07
 Reference value :  2.18478e-07
 Reference value :  2.19013e-07
 Reference value :  2.19568e-07
 Reference value :  2.20163e-07
 Reference value :  2.20698e-07
 Reference value :  2.21283e-07
 Reference value :  2.21973e-07
 Reference value :  2.22583e-07
 Reference value :  2.23303e-07
 Reference value :  2.23958e-07
 Reference value :  2.24523e-07
 Reference value :  2.25113e-07
 Reference value :  2.25713e-07
 Reference value :  2.26253e-07
 Reference value :  2.26783e-07
 Reference value :  2.27323e-07
 Reference value :  2.27848e-07
 Reference value :  2.28388e-07
 Reference value :  2.28958e-07
 Reference value :  2.29598e-07
 Reference value :  2.30163e-07
 Reference value :  2.30723e-07
 Reference value :  2.31268e-07
 Reference value :  2.31778e-07
 Reference value :  2.32308e-07
 Reference value :  2.32833e-07
 Reference value :  2.33378e-07
 Reference value :  2.33908e-07
 Reference value :  2.34453e-07
 Reference value :  2.35043e-07
 Reference value :  2.35608e-07
 Reference value :  2.36228e-07
 Reference value :  2.36853e-07
 Reference value :  2.37488e-07
 Reference value :  2.38113e-07
 Reference value :  2.38658e-07
 Reference value :  2.39198e-07
 Reference value :  2.39828e-07
 Reference value :  2.40388e-07
 Reference value :  2.40993e-07
 Reference value :  2.41608e-07
 Reference value :  2.42173e-07
 Reference value :  2.42728e-07
 Reference value :  2.43273e-07
 Reference value :  2.43858e-07
 Reference value :  2.44413e-07
 Reference value :  2.45078e-07
 Reference value :  2.45708e-07
 Reference value :  2.46288e-07
 Reference value :  2.46913e-07
 Reference value :  2.47463e-07
 Reference value :  2.48053e-07
 Reference value :  2.48638e-07
 Reference value :  2.49223e-07
 Reference value :  2.49853e-07
 Reference value :  2.50428e-07
 Reference value :  2.50973e-07
 Reference value :  2.51518e-07
 Reference value :  2.52123e-07
 Reference value :  2.52658e-07
 Reference value :  2.53188e-07
 Reference value :  2.53763e-07
 Reference value :  2.54378e-07
 Reference value :  2.54913e-07
 Reference value :  2.55428e-07
 Reference value :  2.56003e-07
 Reference value :  2.56563e-07
 Reference value :  2.57093e-07
 Reference value :  2.57698e-07
 Reference value :  2.58318e-07
 Reference value :  2.58823e-07
 Reference value :  2.59358e-07
 Reference value :  2.59988e-07
 Reference value :  2.60533e-07
 Reference value :  2.61113e-07
 Reference value :  2.61788e-07
 Reference value :  2.62373e-07
 Reference value :  2.62993e-07
 Reference value :  2.63573e-07
 Reference value :  2.64158e-07
 Reference value :  2.64758e-07
 Reference value :  2.65343e-07
 Reference value :  2.65953e-07
 Reference value :  2.66608e-07
 Reference value :  2.67208e-07
 Reference value :  2.67798e-07
 Reference value :  2.68393e-07
 Reference value :  2.68983e-07
 Reference value :  2.69568e-07
 Reference value :  2.70113e-07
 Reference value :  2.70658e-07
 Reference value :  2.71243e-07
 Reference value :  2.71818e-07
 Reference value :  2.72413e-07
 Reference value :  2.73083e-07
 Reference value :  2.73673e-07
 Reference value :  2.74288e-07
 Reference value :  2.74903e-07
 Reference value :  2.75483e-07
 Reference value :  2.76058e-07
 Reference value :  2.76608e-07
 Reference value :  2.77113e-07
 Reference value :  2.77668e-07
 Reference value :  2.78298e-07
 Reference value :  2.78868e-07
 Reference value :  2.79453e-07
 Reference value :  2.80003e-07
 Reference value :  2.80873e-07
 Reference value :  2.81318e-07
 Reference value :  2.81808e-07
 Reference value :  2.82268e-07
 Reference value :  2.82743e-07
 Reference value :  2.83223e-07
 Reference value :  2.83753e-07
 Reference value :  2.84253e-07
 Reference value :  2.84783e-07
 Reference value :  2.85427e-07
 Reference value :  2.85932e-07
 Reference value :  2.86477e-07
 Reference value :  2.87007e-07
 Reference value :  2.87572e-07
 Reference value :  2.88052e-07
 Reference value :  2.88547e-07
 Reference value :  2.89042e-07
 Reference value :  2.89537e-07
 Reference value :  2.90027e-07
 Reference value :  2.90527e-07
 Reference value :  2.91017e-07
 Reference value :  2.91527e-07
 Reference value :  2.92067e-07
 Reference value :  2.92677e-07
 Reference value :  2.93202e-07
 Reference value :  2.93737e-07
 Reference value :  2.94277e-07
 Reference value :  2.94872e-07
 Reference value :  2.95387e-07
 Reference value :  2.95907e-07
 Reference value :  2.96507e-07
 Reference value :  2.97062e-07
 Reference value :  2.97607e-07
 Reference value :  2.98232e-07
 Reference value :  2.98817e-07
 Reference value :  2.99387e-07
 Reference value :  2.99962e-07
 Reference value :  3.00457e-07
 Reference value :  3.00942e-07
 Reference value :  3.01447e-07
 Reference value :  3.01972e-07
 Reference value :  3.02472e-07
 Reference value :  3.02987e-07
 Reference value :  3.03512e-07
 Reference value :  3.04092e-07
 Reference value :  3.04662e-07
 Reference value :  3.05207e-07
 Reference value :  3.05757e-07
 Reference value :  3.06277e-07
 Reference value :  3.06842e-07
 Reference value :  3.07382e-07
 Reference value :  3.07892e-07
 Reference value :  3.08437e-07
 Reference value :  3.09072e-07
 Reference value :  3.09657e-07
 Reference value :  3.10212e-07
 Reference value :  3.10812e-07
 Reference value :  3.11402e-07
 Reference value :  3.11887e-07
 Reference value :  3.12387e-07
 Reference value :  3.12912e-07
 Reference value :  3.13492e-07
 Reference value :  3.14037e-07
 Reference value :  3.14582e-07
 Reference value :  3.15267e-07
 Reference value :  3.15837e-07
 Reference value :  3.16427e-07
 Reference value :  3.17037e-07
 Reference value :  3.17627e-07
 Reference value :  3.18262e-07
 Reference value :  3.18852e-07
 Reference value :  3.19397e-07
 Reference value :  3.19987e-07
 Reference value :  3.20537e-07
 Reference value :  3.21072e-07
 Reference value :  3.21617e-07
 Reference value :  3.22157e-07
 Reference value :  3.22687e-07
 Reference value :  3.23222e-07
 Reference value :  3.23787e-07
 Reference value :  3.24332e-07
 Reference value :  3.24907e-07
 Reference value :  3.25497e-07
 Reference value :  3.26082e-07
 Reference value :  3.26652e-07
 Reference value :  3.27227e-07
 Reference value :  3.27827e-07
 Reference value :  3.28407e-07
 Reference value :  3.29022e-07
 Reference value :  3.29722e-07
 Reference value :  3.30262e-07
 Reference value :  3.30847e-07
 Reference value :  3.31517e-07
 Reference value :  3.32072e-07
 Reference value :  3.32662e-07
 Reference value :  3.33302e-07
 Reference value :  3.33842e-07
 Reference value :  3.34307e-07
 Reference value :  3.34812e-07
 Reference value :  3.35337e-07
 Reference value :  3.35857e-07
 Reference value :  3.36447e-07
 Reference value :  3.37007e-07
 Reference value :  3.37517e-07
 Reference value :  3.38072e-07
 Reference value :  3.38617e-07
 Reference value :  3.39177e-07
 Reference value :  3.39742e-07
 Reference value :  3.40257e-07
 Reference value :  3.40772e-07
 Reference value :  3.41267e-07
 Reference value :  3.41747e-07
 Reference value :  3.42252e-07
 Reference value :  3.42727e-07
 Reference value :  3.43177e-07
 Reference value :  3.43672e-07
 Reference value :  3.44132e-07
 Reference value :  3.44617e-07
 Reference value :  3.45112e-07
 Reference value :  3.45597e-07
 Reference value :  3.46112e-07
 Reference value :  3.46657e-07
 Reference value :  3.47182e-07
 Reference value :  3.47672e-07
 Reference value :  3.48192e-07
 Reference value :  3.48712e-07
 Reference value :  3.49227e-07
 Reference value :  3.49722e-07
 Reference value :  3.50252e-07
 Reference value :  3.50712e-07
 Reference value :  3.51187e-07
 Reference value :  3.51692e-07
 Reference value :  3.52182e-07
 Reference value :  3.52687e-07
 Reference value :  3.53227e-07
 Reference value :  3.53687e-07
 Reference value :  3.54187e-07
 Reference value :  3.54687e-07
 Reference value :  3.55207e-07
 Reference value :  3.55697e-07
 Reference value :  3.56192e-07
 Reference value :  3.56712e-07
 Reference value :  3.57197e-07
 Reference value :  3.57697e-07
 Reference value :  3.58227e-07
 Reference value :  3.58752e-07
 Reference value :  3.59237e-07
 Reference value :  3.59732e-07
 Reference value :  3.60247e-07
 Reference value :  3.60727e-07
 Reference value :  3.61242e-07
 Reference value :  3.61717e-07
 Reference value :  3.62217e-07
 Reference value :  3.62717e-07
 Reference value :  3.63207e-07
 Reference value :  3.63777e-07
 Reference value :  3.64257e-07
 Reference value :  3.64812e-07
 Reference value :  3.65337e-07
 Reference value :  3.65832e-07
 Reference value :  3.66342e-07
 Reference value :  3.66847e-07
 Reference value :  3.67372e-07
 Reference value :  3.67887e-07
 Reference value :  3.68387e-07
 Reference value :  3.68872e-07
 Reference value :  3.69392e-07
 Reference value :  3.69937e-07
 Reference value :  3.70412e-07
 Reference value :  3.70892e-07
 Reference value :  3.71427e-07
 Reference value :  3.71902e-07
 Reference value :  3.72372e-07
 Reference value :  3.72877e-07
 Reference value :  3.73462e-07
 Reference value :  3.73932e-07
 Reference value :  3.74432e-07
 Reference value :  3.74942e-07
 Reference value :  3.75437e-07
 Reference value :  3.75912e-07
 Reference value :  3.76412e-07
 Reference value :  3.76887e-07
 Reference value :  3.77392e-07
 Reference value :  3.77837e-07
 Reference value :  3.78312e-07
 Reference value :  3.78797e-07
 Reference value :  3.79257e-07
 Reference value :  3.79757e-07
 Reference value :  3.80237e-07
 Reference value :  3.80702e-07
 Reference value :  3.81232e-07
 Reference value :  3.81717e-07
 Reference value :  3.82212e-07
 Reference value :  3.82732e-07
 Reference value :  3.83277e-07
 Reference value :  3.83777e-07
 Reference value :  3.84267e-07
 Reference value :  3.84812e-07
 Reference value :  3.85317e-07
 Reference value :  3.85827e-07
 Reference value :  3.86312e-07
 Reference value :  3.86822e-07
 Reference value :  3.87317e-07
 Reference value :  3.87812e-07
 Reference value :  3.88352e-07
 Reference value :  3.88847e-07
 Reference value :  3.89317e-07
 Reference value :  3.89847e-07
 Reference value :  3.90332e-07
 Reference value :  3.90842e-07
 Reference value :  3.91327e-07
 Reference value :  3.91867e-07
 Reference value :  3.92347e-07
 Reference value :  3.92822e-07
 Reference value :  3.93332e-07
 Reference value :  3.93867e-07
 Reference value :  3.94482e-07
 Reference value :  3.95087e-07
 Reference value :  3.95572e-07
 Reference value :  3.96057e-07
 Reference value :  3.96537e-07
 Reference value :  3.97022e-07
 Reference value :  3.97507e-07
 Reference value :  3.98012e-07
 Reference value :  3.98507e-07
 Reference value :  3.98987e-07
 Reference value :  3.99502e-07
 Reference value :  3.99997e-07
 Reference value :  4.00537e-07
 Reference value :  4.01062e-07
 Reference value :  4.01537e-07
 Reference value :  4.02027e-07
 Reference value :  4.02527e-07
 Reference value :  4.03017e-07
 Reference value :  4.03482e-07
 Reference value :  4.03957e-07
 Reference value :  4.04432e-07
 Reference value :  4.04907e-07
 Reference value :  4.05377e-07
 Reference value :  4.05842e-07
 Reference value :  4.06342e-07
 Reference value :  4.06817e-07
 Reference value :  4.07287e-07
 Reference value :  4.07812e-07
 Reference value :  4.08312e-07
 Reference value :  4.08772e-07
 Reference value :  4.09242e-07
 Reference value :  4.09737e-07
 Reference value :  4.10227e-07
 Reference value :  4.10707e-07
 Reference value :  4.11232e-07
 Reference value :  4.11757e-07
 Reference value :  4.12277e-07
 Reference value :  4.12752e-07
 Reference value :  4.13257e-07
 Reference value :  4.13752e-07
 Reference value :  4.14222e-07
 Reference value :  4.14697e-07
 Reference value :  4.15162e-07
 Reference value :  4.15607e-07
 Reference value :  4.16092e-07
 Reference value :  4.16602e-07
 Reference value :  4.17062e-07
 Reference value :  4.17552e-07
 Reference value :  4.18017e-07
 Reference value :  4.18482e-07
 Reference value :  4.18972e-07
 Reference value :  4.19522e-07
 Reference value :  4.20062e-07
 Reference value :  4.20562e-07
 Reference value :  4.21062e-07
 Reference value :  4.21597e-07
 Reference value :  4.22092e-07
 Reference value :  4.22592e-07
 Reference value :  4.23087e-07
 Reference value :  4.23617e-07
 Reference value :  4.24122e-07
 Reference value :  4.24607e-07
 Reference value :  4.25107e-07
 Reference value :  4.25582e-07
 Reference value :  4.26047e-07
 Reference value :  4.26557e-07
 Reference value :  4.27037e-07
 Reference value :  4.27527e-07
 Reference value :  4.28012e-07
 Reference value :  4.28572e-07
 Reference value :  4.29087e-07
 Reference value :  4.29582e-07
 Reference value :  4.30132e-07
 Reference value :  4.30642e-07
 Reference value :  4.31157e-07
 Reference value :  4.31697e-07
 Reference value :  4.32202e-07
 Reference value :  4.32732e-07
 Reference value :  4.33277e-07
 Reference value :  4.33842e-07
 Reference value :  4.34462e-07
 Reference value :  4.35002e-07
 Reference value :  4.35602e-07
 Reference value :  4.36192e-07
 Reference value :  4.36737e-07
 Reference value :  4.37272e-07
 Reference value :  4.37832e-07
 Reference value :  4.38342e-07
 Reference value :  4.38877e-07
 Reference value :  4.39427e-07
 Reference value :  4.39937e-07
 Reference value :  4.40487e-07
 Reference value :  4.41017e-07
 Reference value :  4.41557e-07
 Reference value :  4.42087e-07
 Reference value :  4.42582e-07
 Reference value :  4.43112e-07
 Reference value :  4.43587e-07
 Reference value :  4.44072e-07
 Reference value :  4.44597e-07
 Reference value :  4.45072e-07
 Reference value :  4.45537e-07
 Reference value :  4.46022e-07
 Reference value :  4.46562e-07
 Reference value :  4.47082e-07
 Reference value :  4.47577e-07
 Reference value :  4.48072e-07
 Reference value :  4.48547e-07
 Reference value :  4.49012e-07
 Reference value :  4.49532e-07
 Reference value :  4.50052e-07
 Reference value :  4.50547e-07
 Reference value :  4.51077e-07
 Reference value :  4.51572e-07
 Reference value :  4.52062e-07
 Reference value :  4.52562e-07
 Reference value :  4.53072e-07
 Reference value :  4.53557e-07
 Reference value :  4.54082e-07
 Reference value :  4.54617e-07
 Reference value :  4.55117e-07
 Reference value :  4.55622e-07
 Reference value :  4.56117e-07
 Reference value :  4.56607e-07
 Reference value :  4.57077e-07
 Reference value :  4.57592e-07
 Reference value :  4.58112e-07
 Reference value :  4.58567e-07
 Reference value :  4.59047e-07
 Reference value :  4.59542e-07
 Reference value :  4.60037e-07
 Reference value :  4.60527e-07
 Reference value :  4.61017e-07
 Reference value :  4.61517e-07
 Reference value :  4.61997e-07
 Reference value :  4.62467e-07
 Reference value :  4.62942e-07
 Reference value :  4.63457e-07
 Reference value :  4.63972e-07
 Reference value :  4.64477e-07
 Reference value :  4.65007e-07
 Reference value :  4.65497e-07
 Reference value :  4.65972e-07
 Reference value :  4.66442e-07
 Reference value :  4.66947e-07
 Reference value :  4.67442e-07
 Reference value :  4.67947e-07
 Reference value :  4.68462e-07
 Reference value :  4.68927e-07
 Reference value :  4.69417e-07
 Reference value :  4.69912e-07
 Reference value :  4.70372e-07
 Reference value :  4.70832e-07
 Reference value :  4.71302e-07
 Reference value :  4.71792e-07
 Reference value :  4.72262e-07
 Reference value :  4.72757e-07
 Reference value :  4.73252e-07
 Reference value :  4.73787e-07
 Reference value :  4.74307e-07
 Reference value :  4.74807e-07
 Reference value :  4.75297e-07
 Reference value :  4.75787e-07
 Reference value :  4.76282e-07
 Reference value :  4.76762e-07
 Reference value :  4.77227e-07
 Reference value :  4.77712e-07
 Reference value :  4.78192e-07
 Reference value :  4.78647e-07
 Reference value :  4.79097e-07
 Reference value :  4.79557e-07
 Reference value :  4.80032e-07
 Reference value :  4.80527e-07
 Reference value :  4.80997e-07
 Reference value :  4.81507e-07
 Reference value :  4.81957e-07
 Reference value :  4.82402e-07
 Reference value :  4.82932e-07
 Reference value :  4.83422e-07
 Reference value :  4.83897e-07
 Reference value :  4.84392e-07
 Reference value :  4.84872e-07
 Reference value :  4.85347e-07
 Reference value :  4.85857e-07
 Reference value :  4.86357e-07
 Reference value :  4.86857e-07
 Reference value :  4.87337e-07
 Reference value :  4.87842e-07
 Reference value :  4.88327e-07
 Reference value :  4.88827e-07
 Reference value :  4.89397e-07
 Reference value :  4.89902e-07
 Reference value :  4.90362e-07
 Reference value :  4.90867e-07
 Reference value :  4.91447e-07
 Reference value :  4.91952e-07
 Reference value :  4.92452e-07
 Reference value :  4.92977e-07
 Reference value :  4.93472e-07
 Reference value :  4.93947e-07
 Reference value :  4.94412e-07
 Reference value :  4.94907e-07
 Reference value :  4.95407e-07
 Reference value :  4.95937e-07
 Reference value :  4.96497e-07
 Reference value :  4.96977e-07
 Reference value :  4.97487e-07
 Reference value :  4.98007e-07
 Reference value :  4.98527e-07
 Reference value :  4.99037e-07
 Reference value :  4.99527e-07
 Reference value :  5.00017e-07
 Reference value :  5.00492e-07
 Reference value :  5.00992e-07
 Reference value :  5.01492e-07
 Reference value :  5.01982e-07
 Reference value :  5.02452e-07
 Reference value :  5.02912e-07
 Reference value :  5.03412e-07
 Reference value :  5.03872e-07
 Reference value :  5.04317e-07
 Reference value :  5.04792e-07
 Reference value :  5.05297e-07
 Reference value :  5.05792e-07
 Reference value :  5.06302e-07
 Reference value :  5.06852e-07
 Reference value :  5.07347e-07
 Reference value :  5.07847e-07
 Reference value :  5.08352e-07
 Reference value :  5.08827e-07
 Reference value :  5.09322e-07
 Reference value :  5.09807e-07
 Reference value :  5.10287e-07
 Reference value :  5.10762e-07
 Reference value :  5.11292e-07
 Reference value :  5.11792e-07
 Reference value :  5.12272e-07
 Reference value :  5.12717e-07
 Reference value :  5.13217e-07
 Reference value :  5.13707e-07
 Reference value :  5.14207e-07
 Reference value :  5.14717e-07
 Reference value :  5.15217e-07
 Reference value :  5.15752e-07
 Reference value :  5.16242e-07
 Reference value :  5.16722e-07
 Reference value :  5.17202e-07
 Reference value :  5.17692e-07
 Reference value :  5.18162e-07
 Reference value :  5.18642e-07
 Reference value :  5.19117e-07
 Reference value :  5.19597e-07
 Reference value :  5.20092e-07
 Reference value :  5.20577e-07
 Reference value :  5.21087e-07
 Reference value :  5.21577e-07
 Reference value :  5.22057e-07
 Reference value :  5.22557e-07
 Reference value :  5.23052e-07
 Reference value :  5.23537e-07
 Reference value :  5.24007e-07
 Reference value :  5.24527e-07
 Reference value :  5.25012e-07
 Reference value :  5.25487e-07
 Reference value :  5.25977e-07
 Reference value :  5.26457e-07
 Reference value :  5.26932e-07
 Reference value :  5.27422e-07
 Reference value :  5.27922e-07
 Reference value :  5.28452e-07
 Reference value :  5.28987e-07
 Reference value :  5.29497e-07
 Reference value :  5.30007e-07
 Reference value :  5.30487e-07
 Reference value :  5.31032e-07
 Reference value :  5.31577e-07
 Reference value :  5.32142e-07
 Reference value :  5.32692e-07
 Reference value :  5.33277e-07
 Reference value :  5.33832e-07
 Reference value :  5.34322e-07
 Reference value :  5.34867e-07
 Reference value :  5.35397e-07
 Reference value :  5.35932e-07
 Reference value :  5.36522e-07
 Reference value :  5.37047e-07
 Reference value :  5.37657e-07
 Reference value :  5.38242e-07
 Reference value :  5.38742e-07
 Reference value :  5.39242e-07
 Reference value :  5.39732e-07
 Reference value :  5.40257e-07
 Reference value :  5.40797e-07
 Reference value :  5.41332e-07
 Reference value :  5.41872e-07
 Reference value :  5.42372e-07
 Reference value :  5.42882e-07
 Reference value :  5.43467e-07
 Reference value :  5.44052e-07
 Reference value :  5.44577e-07
 Reference value :  5.45087e-07
 Reference value :  5.45587e-07
 Reference value :  5.46092e-07
 Reference value :  5.46577e-07
 Reference value :  5.47097e-07
 Reference value :  5.47657e-07
 Reference value :  5.48177e-07
 Reference value :  5.48667e-07
 Reference value :  5.49147e-07
 Reference value :  5.49642e-07
 Reference value :  5.50132e-07
 Reference value :  5.50622e-07
 Reference value :  5.51152e-07
 Reference value :  5.51627e-07
 Reference value :  5.52117e-07
 Reference value :  5.52637e-07
 Reference value :  5.53122e-07
 Reference value :  5.53612e-07
 Reference value :  5.54117e-07
 Reference value :  5.54652e-07
 Reference value :  5.55127e-07
 Reference value :  5.55607e-07
 Reference value :  5.56072e-07
 Reference value :  5.56562e-07
 Reference value :  5.57037e-07
 Reference value :  5.57522e-07
 Reference value :  5.58017e-07
 Reference value :  5.58492e-07
 Reference value :  5.58937e-07
 Reference value :  5.59432e-07
 Reference value :  5.59937e-07
 Reference value :  5.60397e-07
 Reference value :  5.60877e-07
 Reference value :  5.61362e-07
 Reference value :  5.61852e-07
 Reference value :  5.62352e-07
 Reference value :  5.62837e-07
 Reference value :  5.63337e-07
 Reference value :  5.63817e-07
 Reference value :  5.64297e-07
 Reference value :  5.64792e-07
 Reference value :  5.65312e-07
 Reference value :  5.65807e-07
 Reference value :  5.66287e-07
 Reference value :  5.66752e-07
 Reference value :  5.67242e-07
 Reference value :  5.67717e-07
 Reference value :  5.68212e-07
 Reference value :  5.68732e-07
 Reference value :  5.69252e-07
 Reference value :  5.69737e-07
 Reference value :  5.70197e-07
 Reference value :  5.70697e-07
 Reference value :  5.71207e-07
 Reference value :  5.71682e-07
 Reference value :  5.72177e-07
 Reference value :  5.72667e-07
 Reference value :  5.73182e-07
 Reference value :  5.73657e-07
 Reference value :  5.74122e-07
 Reference value :  5.74562e-07
 Reference value :  5.75037e-07
 Reference value :  5.75512e-07
 Reference value :  5.76007e-07
 Reference value :  5.76477e-07
 Reference value :  5.76952e-07
 Reference value :  5.77412e-07
 Reference value :  5.77877e-07
 Reference value :  5.78387e-07
 Reference value :  5.78882e-07
 Reference value :  5.79427e-07
 Reference value :  5.79987e-07
 Reference value :  5.80517e-07
 Reference value :  5.81077e-07
 Reference value :  5.81602e-07
 Reference value :  5.82112e-07
 Reference value :  5.82587e-07
 Reference value :  5.83047e-07
 Reference value :  5.83527e-07
 Reference value :  5.83987e-07
 Reference value :  5.84487e-07
 Reference value :  5.84957e-07
 Reference value :  5.85472e-07
 Reference value :  5.85987e-07
 Reference value :  5.86512e-07
 Reference value :  5.87027e-07
 Reference value :  5.87547e-07
 Reference value :  5.88052e-07
 Reference value :  5.88532e-07
 Reference value :  5.89037e-07
 Reference value :  5.89542e-07
 Reference value :  5.90007e-07
 Reference value :  5.90477e-07
 Reference value :  5.90962e-07
 Reference value :  5.91447e-07
 Reference value :  5.91912e-07
 Reference value :  5.92377e-07
 Reference value :  5.92882e-07
 Reference value :  5.93367e-07
 Reference value :  5.93852e-07
 Reference value :  5.94332e-07
 Reference value :  5.94822e-07
 Reference value :  5.95322e-07
 Reference value :  5.95807e-07
 Reference value :  5.96297e-07
 Reference value :  5.96787e-07
 Reference value :  5.97282e-07
 Reference value :  5.97802e-07
 Reference value :  5.98292e-07
 Reference value :  5.98717e-07
 Reference value :  5.99217e-07
 Reference value :  5.99737e-07
 Reference value :  6.00302e-07
 Reference value :  6.00848e-07
 Reference value :  6.01373e-07
 Reference value :  6.01903e-07
 Reference value :  6.02433e-07
 Reference value :  6.02943e-07
 Reference value :  6.03498e-07
 Reference value :  6.04043e-07
 Reference value :  6.04568e-07
 Reference value :  6.05098e-07
 Reference value :  6.05643e-07
 Reference value :  6.06138e-07
 Reference value :  6.06663e-07
 Reference value :  6.07188e-07
 Reference value :  6.07743e-07
 Reference value :  6.08253e-07
 Reference value :  6.08763e-07
 Reference value :  6.09243e-07
 Reference value :  6.09768e-07
 Reference value :  6.10258e-07
 Reference value :  6.10808e-07
 Reference value :  6.11348e-07
 Reference value :  6.11873e-07
 Reference value :  6.12403e-07
 Reference value :  6.12898e-07
 Reference value :  6.13413e-07
 Reference value :  6.13948e-07
 Reference value :  6.14473e-07
 Reference value :  6.14988e-07
 Reference value :  6.15483e-07
 Reference value :  6.15983e-07
 Reference value :  6.16493e-07
 Reference value :  6.17023e-07
 Reference value :  6.17588e-07
 Reference value :  6.18138e-07
 Reference value :  6.18753e-07
 Reference value :  6.19338e-07
 Reference value :  6.19893e-07
 Reference value :  6.20438e-07
 Reference value :  6.20988e-07
 Reference value :  6.21533e-07
 Reference value :  6.22063e-07
 Reference value :  6.22608e-07
 Reference value :  6.23158e-07
 Reference value :  6.23663e-07
 Reference value :  6.24218e-07
 Reference value :  6.24718e-07
 Reference value :  6.25213e-07
 Reference value :  6.25718e-07
 Reference value :  6.26258e-07
 Reference value :  6.26773e-07
 Reference value :  6.27298e-07
 Reference value :  6.27838e-07
 Reference value :  6.28343e-07
 Reference value :  6.28848e-07
 Reference value :  6.29388e-07
 Reference value :  6.29913e-07
 Reference value :  6.30433e-07
 Reference value :  6.30948e-07
 Reference value :  6.31453e-07
 Reference value :  6.31983e-07
 Reference value :  6.32498e-07
 Reference value :  6.33008e-07
 Reference value :  6.33548e-07
 Reference value :  6.34113e-07
 Reference value :  6.34738e-07
 Reference value :  6.35313e-07
 Reference value :  6.35878e-07
 Reference value :  6.36508e-07
 Reference value :  6.37108e-07
 Reference value :  6.37698e-07
 Reference value :  6.38278e-07
 Reference value :  6.38918e-07
 Reference value :  6.39463e-07
 Reference value :  6.40003e-07
 Reference value :  6.40598e-07
 Reference value :  6.41118e-07
 Reference value :  6.41663e-07
 Reference value :  6.42208e-07
 Reference value :  6.42713e-07
 Reference value :  6.43268e-07
 Reference value :  6.43833e-07
 Reference value :  6.44413e-07
 Reference value :  6.45003e-07
 Reference value :  6.45603e-07
 Reference value :  6.46178e-07
 Reference value :  6.46723e-07
 Reference value :  6.47278e-07
 Reference value :  6.47803e-07
 Reference value :  6.48333e-07
 Reference value :  6.48858e-07
 Reference value :  6.49388e-07
 Reference value :  6.49908e-07
 Reference value :  6.50458e-07
 Reference value :  6.50998e-07
 Reference value :  6.51553e-07
 Reference value :  6.52098e-07
 Reference value :  6.52593e-07
 Reference value :  6.53113e-07
 Reference value :  6.53623e-07
 Reference value :  6.54128e-07
 Reference value :  6.54643e-07
 Reference value :  6.55198e-07
 Reference value :  6.55763e-07
 Reference value :  6.56313e-07
 Reference value :  6.56823e-07
 Reference value :  6.57318e-07
 Reference value :  6.57813e-07
 Reference value :  6.58313e-07
 Reference value :  6.58803e-07
 Reference value :  6.59318e-07
 Reference value :  6.59818e-07
 Reference value :  6.60313e-07
 Reference value :  6.60833e-07
 Reference value :  6.61353e-07
 Reference value :  6.61903e-07
 Reference value :  6.62413e-07
 Reference value :  6.62913e-07
 Reference value :  6.63403e-07
 Reference value :  6.63878e-07
 Reference value :  6.64423e-07
 Reference value :  6.64908e-07
 Reference value :  6.65373e-07
 Reference value :  6.65873e-07
 Reference value :  6.66373e-07
 Reference value :  6.66868e-07
 Reference value :  6.67358e-07
 Reference value :  6.67873e-07
 Reference value :  6.68353e-07
 Reference value :  6.68858e-07
 Reference value :  6.69373e-07
 Reference value :  6.69898e-07
 Reference value :  6.70408e-07
 Reference value :  6.70923e-07
 Reference value :  6.71443e-07
 Reference value :  6.71948e-07
 Reference value :  6.72438e-07
 Reference value :  6.72973e-07
 Reference value :  6.73478e-07
 Reference value :  6.73968e-07
 Reference value :  6.74533e-07
 Reference value :  6.75053e-07
 Reference value :  6.75568e-07
 Reference value :  6.76063e-07
 Reference value :  6.76558e-07
 Reference value :  6.77088e-07
 Reference value :  6.77638e-07
 Reference value :  6.78138e-07
 Reference value :  6.78663e-07
 Reference value :  6.79198e-07
 Reference value :  6.79703e-07
 Reference value :  6.80223e-07
 Reference value :  6.80778e-07
 Reference value :  6.81288e-07
 Reference value :  6.81763e-07
 Reference value :  6.82263e-07
 Reference value :  6.82783e-07
 Reference value :  6.83288e-07
 Reference value :  6.83778e-07
 Reference value :  6.84273e-07
 Reference value :  6.84783e-07
 Reference value :  6.85288e-07
 Reference value :  6.85803e-07
 Reference value :  6.86413e-07
 Reference value :  6.86933e-07
 Reference value :  6.87513e-07
 Reference value :  6.88063e-07
 Reference value :  6.88663e-07
 Reference value :  6.89178e-07
 Reference value :  6.89803e-07
 Reference value :  6.90348e-07
 Reference value :  6.90888e-07
 Reference value :  6.91473e-07
 Reference value :  6.91973e-07
 Reference value :  6.92458e-07
 Reference value :  6.93033e-07
 Reference value :  6.93648e-07
 Reference value :  6.94183e-07
 Reference value :  6.94728e-07
 Reference value :  6.95353e-07
 Reference value :  6.95888e-07
 Reference value :  6.96448e-07
 Reference value :  6.97078e-07
 Reference value :  6.97688e-07
 Reference value :  6.98318e-07
 Reference value :  6.98918e-07
 Reference value :  6.99538e-07
 Reference value :  7.00158e-07
 Reference value :  7.00678e-07
 Reference value :  7.01238e-07
 Reference value :  7.01808e-07
 Reference value :  7.02373e-07
 Reference value :  7.02908e-07
 Reference value :  7.03538e-07
 Reference value :  7.04163e-07
 Reference value :  7.04753e-07
 Reference value :  7.05278e-07
 Reference value :  7.05908e-07
 Reference value :  7.06593e-07
 Reference value :  7.07113e-07
 Reference value :  7.07798e-07
 Reference value :  7.08438e-07
 Reference value :  7.08978e-07
 Reference value :  7.09528e-07
 Reference value :  7.10063e-07
 Reference value :  7.10588e-07
 Reference value :  7.11233e-07
 Reference value :  7.11778e-07
 Reference value :  7.12443e-07
 Reference value :  7.12948e-07
 Reference value :  7.13533e-07
 Reference value :  7.14108e-07
 Reference value :  7.14648e-07
 Reference value :  7.15143e-07
 Reference value :  7.15688e-07
 Reference value :  7.16293e-07
 Reference value :  7.16838e-07
 Reference value :  7.17433e-07
 Reference value :  7.17943e-07
 Reference value :  7.18428e-07
 Reference value :  7.18938e-07
 Reference value :  7.19518e-07
 Reference value :  7.20023e-07
 Reference value :  7.20538e-07
 Reference value :  7.21063e-07
 Reference value :  7.21583e-07
 Reference value :  7.22103e-07
 Reference value :  7.22628e-07
 Reference value :  7.23198e-07
 Reference value :  7.23713e-07
 Reference value :  7.24233e-07
 Reference value :  7.24748e-07
 Reference value :  7.25323e-07
 Reference value :  7.25833e-07
 Reference value :  7.26293e-07
 Reference value :  7.26783e-07
 Reference value :  7.27318e-07
 Reference value :  7.27838e-07
 Reference value :  7.28373e-07
 Reference value :  7.28878e-07
 Reference value :  7.29403e-07
 Reference value :  7.29918e-07
 Reference value :  7.30443e-07
 Reference value :  7.30928e-07
 Reference value :  7.31458e-07
 Reference value :  7.31993e-07
 Reference value :  7.32478e-07
 Reference value :  7.32953e-07
 Reference value :  7.33483e-07
 Reference value :  7.34043e-07
 Reference value :  7.34608e-07
 Reference value :  7.35148e-07
 Reference value :  7.35673e-07
 Reference value :  7.36248e-07
 Reference value :  7.36803e-07
 Reference value :  7.37433e-07
 Reference value :  7.38033e-07
 Reference value :  7.38618e-07
 Reference value :  7.39198e-07
 Reference value :  7.39743e-07
 Reference value :  7.40323e-07
 Reference value :  7.40918e-07
 Reference value :  7.41508e-07
 Reference value :  7.42098e-07
 Reference value :  7.42673e-07
 Reference value :  7.43258e-07
 Reference value :  7.43773e-07
 Reference value :  7.44318e-07
 Reference value :  7.44828e-07
 Reference value :  7.45323e-07
 Reference value :  7.45823e-07
 Reference value :  7.46323e-07
 Reference value :  7.46823e-07
 Reference value :  7.47328e-07
 Reference value :  7.47833e-07
 Reference value :  7.48328e-07
 Reference value :  7.48858e-07
 Reference value :  7.49358e-07
 Reference value :  7.49878e-07
 Reference value :  7.50403e-07
 Reference value :  7.50918e-07
 Reference value :  7.51458e-07
 Reference value :  7.51988e-07
 Reference value :  7.52498e-07
 Reference value :  7.52978e-07
 Reference value :  7.53463e-07
 Reference value :  7.53968e-07
 Reference value :  7.54443e-07
 Reference value :  7.54938e-07
 Reference value :  7.55438e-07
 Reference value :  7.56033e-07
 Reference value :  7.56548e-07
 Reference value :  7.57078e-07
 Reference value :  7.57643e-07
 Reference value :  7.58168e-07
 Reference value :  7.58688e-07
 Reference value :  7.59208e-07
 Reference value :  7.59763e-07
 Reference value :  7.60273e-07
 Reference value :  7.60798e-07
 Reference value :  7.61283e-07
 Reference value :  7.61823e-07
 Reference value :  7.62353e-07
 Reference value :  7.62878e-07
 Reference value :  7.63393e-07
 Reference value :  7.63903e-07
 Reference value :  7.64438e-07
 Reference value :  7.64968e-07
 Reference value :  7.65483e-07
 Reference value :  7.65993e-07
 Reference value :  7.66523e-07
 Reference value :  7.67013e-07
 Reference value :  7.67628e-07
 Reference value :  7.68143e-07
 Reference value :  7.68668e-07
 Reference value :  7.69198e-07
 Reference value :  7.69673e-07
 Reference value :  7.70218e-07
 Reference value :  7.70798e-07
 Reference value :  7.71328e-07
 Reference value :  7.71868e-07
 Reference value :  7.72413e-07
 Reference value :  7.72938e-07
 Reference value :  7.73468e-07
 Reference value :  7.73988e-07
 Reference value :  7.74518e-07
 Reference value :  7.74993e-07
 Reference value :  7.75498e-07
 Reference value :  7.76043e-07
 Reference value :  7.76518e-07
 Reference value :  7.77038e-07
 Reference value :  7.77578e-07
 Reference value :  7.78118e-07
 Reference value :  7.78618e-07
 Reference value :  7.79123e-07
 Reference value :  7.79663e-07
 Reference value :  7.80158e-07
 Reference value :  7.80643e-07
 Reference value :  7.81173e-07
 Reference value :  7.81658e-07
 Reference value :  7.82123e-07
 Reference value :  7.82643e-07
 Reference value :  7.83138e-07
 Reference value :  7.83653e-07
 Reference value :  7.84158e-07
 Reference value :  7.84658e-07
 Reference value :  7.85168e-07
 Reference value :  7.85668e-07
 Reference value :  7.86168e-07
 Reference value :  7.86653e-07
 Reference value :  7.87163e-07
 Reference value :  7.87668e-07
 Reference value :  7.88148e-07
 Reference value :  7.88583e-07
 Reference value :  7.89083e-07
 Reference value :  7.89548e-07
 Reference value :  7.90033e-07
 Reference value :  7.90553e-07
 Reference value :  7.91093e-07
 Reference value :  7.91583e-07
 Reference value :  7.92088e-07
 Reference value :  7.92668e-07
 Reference value :  7.93158e-07
 Reference value :  7.93663e-07
 Reference value :  7.94193e-07
 Reference value :  7.94678e-07
 Reference value :  7.95193e-07
 Reference value :  7.95688e-07
 Reference value :  7.96258e-07
 Reference value :  7.96773e-07
 Reference value :  7.97323e-07
 Reference value :  7.97863e-07
 Reference value :  7.98378e-07
 Reference value :  7.98878e-07
 Reference value :  7.99373e-07
 Reference value :  7.99868e-07
No. of Data Rows : 160024
pt1a                =  1.16800e-08
pt1b                =  5.61824e-08
pt2a                =  1.14570e-08
pt2b                =  5.43685e-08
pt3a                =  1.13426e-08
pt3b                =  5.29715e-08
pt4a                =  1.11726e-08
pt4b                =  5.14369e-08
pvxo_max            =  2.06369e+00 at=  2.88812e-07
pvxo_min            =  -8.80413e-02 at=  6.46513e-07
ptxo_a              =  1.81256e-08
ptxo_b              =  9.66746e-08
ptt1a               =  1.61097e-08
ptt1b               =  1.49072e-07
pvxo_avg            =  7.54194e-01 from=  1.00000e-07 to=  8.00000e-07
pvt1_avg            =  8.72047e-01 from=  1.00000e-07 to=  8.00000e-07
pi1                 =  -1.47084e-05 from=  1.00000e-07 to=  8.00000e-07
pi2                 =  -1.51791e-05 from=  1.00000e-07 to=  8.00000e-07
pi3                 =  -1.56172e-05 from=  1.00000e-07 to=  8.00000e-07
pi4                 =  -1.60686e-05 from=  1.00000e-07 to=  8.00000e-07
pib                 =  -1.07953e-04 from=  1.00000e-07 to=  8.00000e-07
t1a                 =  9.99160e-09
t1b                 =  2.92364e-08
t2a                 =  9.77496e-09
t2b                 =  2.80863e-08
t3a                 =  9.55655e-09
t3b                 =  2.70254e-08
t4a                 =  9.36366e-09
t4b                 =  2.60119e-08
vxo_max             =  2.16107e+00 at=  6.08163e-07
vxo_min             =  -2.42526e-01 at=  2.67323e-07
txo_a               =  9.23664e-09
txo_b               =  4.84411e-08
tt1a                =  7.31455e-09
tt1b                =  6.39985e-08
vxo_avg             =  9.18442e-01 from=  1.00000e-07 to=  8.00000e-07
vt1_avg             =  8.94665e-01 from=  1.00000e-07 to=  8.00000e-07
i1                  =  -1.69492e-05 from=  1.00000e-07 to=  8.00000e-07
i2                  =  -1.75784e-05 from=  1.00000e-07 to=  8.00000e-07
i3                  =  -1.82273e-05 from=  1.00000e-07 to=  8.00000e-07
i4                  =  -1.89021e-05 from=  1.00000e-07 to=  8.00000e-07
ib                  =  -1.02120e-04 from=  1.00000e-07 to=  8.00000e-07
p_tr1 = 4.450243e-09
p_tr2 = 4.291152e-09
p_tr3 = 4.162893e-09
p_tr4 = 4.026429e-09
p_skew_span = 1.105258e+00
p_f_ideal = 9.463211e+08
p_f_xo = 6.110835e+08
p_edge_retention = 6.457465e-01
p_retention_n2 = 7.886614e-01
p_retention_n4 = 6.457465e-01
p_bias_t1 = 4.404278e-01
p_bias_xo = 3.809061e-01
p_swing_frac_xo = 1.086731e+00
p_i_rings = 6.157323e-05
p_i_block = 1.079526e-04
p_i_array_total = 1.695258e-04
p_p_array_total = 3.356611e-04
tr1 = 1.924480e-09
tr2 = 1.831131e-09
tr3 = 1.746889e-09
tr4 = 1.664828e-09
skew_span = 1.155964e+00
f_ideal = 2.238840e+09
f_xo = 1.224349e+09
edge_retention = 5.468677e-01
retention_n2 = 7.945720e-01
retention_n4 = 5.468677e-01
bias_t1 = 4.518511e-01
bias_xo = 4.638593e-01
swing_frac_xo = 1.213939e+00
i_rings = 7.165705e-05
i_block = 1.021204e-04
i_array_total = 1.737775e-04
p_array_total_pre = 3.440794e-04
slowdown_r1 = 2.312439e+00
slowdown_r2 = 2.343443e+00
slowdown_r3 = 2.383032e+00
slowdown_r4 = 2.418526e+00
Note: Simulation executed from .control section 

----- stderr -----

