OpenROAD 26Q3-1510-g6cb3f2b704 
Features included (+) or not (-): +GPU +GUI +Python
This program is licensed under the BSD-3 license. See the LICENSE file for details.
Components of this program may be licensed under more restrictive licenses which must be honored.
===KLT_MAX_TRANSITION_LIBRARY_VIOLATIONS_BEGIN===
max slew

Pin                                    Limit    Slew   Slack
------------------------------------------------------------
_1463_/Y                                4.95    7.59   -2.65 (VIOLATED)
_1465_/C                                5.00    7.59   -2.59 (VIOLATED)
_1476_/B                                5.00    7.59   -2.59 (VIOLATED)
_1492_/D                                5.00    7.59   -2.59 (VIOLATED)
_1499_/B                                5.00    7.59   -2.59 (VIOLATED)
_1506_/B                                5.00    7.59   -2.59 (VIOLATED)
_1522_/A                                5.00    7.59   -2.59 (VIOLATED)
_1530_/C                                5.00    7.59   -2.59 (VIOLATED)
_1536_/B                                5.00    7.59   -2.59 (VIOLATED)
_1547_/B                                5.00    7.59   -2.59 (VIOLATED)
_1553_/B                                5.00    7.59   -2.59 (VIOLATED)
_1559_/B                                5.00    7.59   -2.59 (VIOLATED)
_1570_/C                                5.00    7.59   -2.59 (VIOLATED)
_3180_/Y                                4.94    6.65   -1.71 (VIOLATED)
_3226_/B                                5.00    6.65   -1.65 (VIOLATED)
_3232_/A2                               5.00    6.65   -1.65 (VIOLATED)
_3233_/B                                5.00    6.65   -1.65 (VIOLATED)
_3236_/A2                               5.00    6.65   -1.65 (VIOLATED)
_3239_/A2                               5.00    6.65   -1.65 (VIOLATED)
_3242_/B1                               5.00    6.65   -1.65 (VIOLATED)
_3253_/A2                               5.00    6.65   -1.65 (VIOLATED)
_3259_/A2                               5.00    6.65   -1.65 (VIOLATED)
_3261_/B                                5.00    6.65   -1.65 (VIOLATED)
_3264_/A2                               5.00    6.65   -1.65 (VIOLATED)
_3270_/A2                               5.00    6.65   -1.65 (VIOLATED)
_3276_/A2                               5.00    6.65   -1.65 (VIOLATED)
_3279_/A2                               5.00    6.65   -1.65 (VIOLATED)
_3284_/A2                               5.00    6.65   -1.65 (VIOLATED)
_3290_/A2                               5.00    6.65   -1.65 (VIOLATED)
place36/A                               5.00    6.65   -1.65 (VIOLATED)
_2625_/Y                                4.99    6.54   -1.54 (VIOLATED)
_2673_/B                                5.00    6.54   -1.54 (VIOLATED)
_2674_/A2                               5.00    6.54   -1.54 (VIOLATED)
_2684_/B                                5.00    6.54   -1.54 (VIOLATED)
_2685_/A2                               5.00    6.54   -1.54 (VIOLATED)
_2688_/B                                5.00    6.54   -1.54 (VIOLATED)
_2689_/A2                               5.00    6.54   -1.54 (VIOLATED)
_2695_/B                                5.00    6.54   -1.54 (VIOLATED)
_2696_/A2                               5.00    6.54   -1.54 (VIOLATED)
_2698_/B                                5.00    6.54   -1.54 (VIOLATED)
_2699_/A2                               5.00    6.54   -1.54 (VIOLATED)
_2702_/B                                5.00    6.54   -1.54 (VIOLATED)
_2703_/A2                               5.00    6.54   -1.54 (VIOLATED)
_2706_/B                                5.00    6.54   -1.54 (VIOLATED)
_2707_/A2                               5.00    6.54   -1.54 (VIOLATED)
_2711_/B                                5.00    6.54   -1.54 (VIOLATED)
_2712_/A2                               5.00    6.54   -1.54 (VIOLATED)
_2715_/B                                5.00    6.54   -1.54 (VIOLATED)
_2716_/A2                               5.00    6.54   -1.54 (VIOLATED)
_2719_/B                                5.00    6.54   -1.54 (VIOLATED)
_2720_/A2                               5.00    6.54   -1.54 (VIOLATED)
_2723_/B                                5.00    6.54   -1.54 (VIOLATED)
_2724_/A2                               5.00    6.54   -1.54 (VIOLATED)
_2727_/B                                5.00    6.54   -1.54 (VIOLATED)
_2728_/A2                               5.00    6.54   -1.54 (VIOLATED)
_2731_/B                                5.00    6.54   -1.54 (VIOLATED)
_2732_/A2                               5.00    6.54   -1.54 (VIOLATED)
_2735_/B                                5.00    6.54   -1.54 (VIOLATED)
_2736_/A2                               5.00    6.54   -1.54 (VIOLATED)
place33/A                               5.00    6.54   -1.54 (VIOLATED)
_1766_/Y                                4.89    5.93   -1.04 (VIOLATED)
_1767_/B                                5.00    5.93   -0.93 (VIOLATED)
_1773_/C                                5.00    5.93   -0.93 (VIOLATED)
_3281_/A1                               5.00    5.93   -0.93 (VIOLATED)
_3288_/A1                               5.00    5.93   -0.93 (VIOLATED)
_3292_/A1                               5.00    5.93   -0.93 (VIOLATED)
_2071_/X                                5.00    5.60   -0.60 (VIOLATED)
_2077_/B                                5.00    5.60   -0.60 (VIOLATED)
_2089_/B                                5.00    5.60   -0.60 (VIOLATED)
_2093_/B                                5.00    5.60   -0.60 (VIOLATED)
_2096_/B                                5.00    5.60   -0.60 (VIOLATED)
_2103_/B2                               5.00    5.60   -0.60 (VIOLATED)
_2106_/B                                5.00    5.60   -0.60 (VIOLATED)
_2109_/B                                5.00    5.60   -0.60 (VIOLATED)
_2113_/B2                               5.00    5.60   -0.60 (VIOLATED)
_2116_/B2                               5.00    5.60   -0.60 (VIOLATED)
_2119_/B                                5.00    5.60   -0.60 (VIOLATED)
_2122_/B                                5.00    5.60   -0.60 (VIOLATED)
_2126_/B                                5.00    5.60   -0.60 (VIOLATED)
_2129_/B                                5.00    5.60   -0.60 (VIOLATED)
_2132_/B                                5.00    5.60   -0.60 (VIOLATED)
_2135_/B2                               5.00    5.60   -0.60 (VIOLATED)
_2138_/B                                5.00    5.60   -0.60 (VIOLATED)
_2141_/B                                5.00    5.60   -0.60 (VIOLATED)
_2144_/B                                5.00    5.60   -0.60 (VIOLATED)
_2147_/B2                               5.00    5.60   -0.60 (VIOLATED)
_2150_/B2                               5.00    5.60   -0.60 (VIOLATED)
_2153_/B2                               5.00    5.60   -0.60 (VIOLATED)
_2156_/B                                5.00    5.60   -0.60 (VIOLATED)
_2159_/B2                               5.00    5.60   -0.60 (VIOLATED)
_2162_/B2                               5.00    5.60   -0.60 (VIOLATED)
_2165_/B                                5.00    5.60   -0.60 (VIOLATED)
_2168_/B2                               5.00    5.60   -0.60 (VIOLATED)
_2171_/B2                               5.00    5.60   -0.60 (VIOLATED)
_2177_/B2                               5.00    5.60   -0.60 (VIOLATED)
_2180_/B2                               5.00    5.60   -0.60 (VIOLATED)
_2183_/A                                5.00    5.60   -0.60 (VIOLATED)
_2209_/B                                5.00    5.60   -0.60 (VIOLATED)
_2404_/A2                               5.00    5.60   -0.60 (VIOLATED)
_2405_/A3                               5.00    5.60   -0.60 (VIOLATED)
_3142_/B                                5.00    5.60   -0.60 (VIOLATED)
_2465_/B                                5.00    5.60   -0.60 (VIOLATED)
_2466_/A2                               5.00    5.60   -0.60 (VIOLATED)
_2476_/B                                5.00    5.60   -0.60 (VIOLATED)
_2477_/A2                               5.00    5.60   -0.60 (VIOLATED)
_2438_/B                                5.00    5.60   -0.60 (VIOLATED)
_2439_/A2                               5.00    5.60   -0.60 (VIOLATED)
_2509_/B                                5.00    5.60   -0.60 (VIOLATED)
_2510_/A2                               5.00    5.60   -0.60 (VIOLATED)
_2519_/B                                5.00    5.60   -0.60 (VIOLATED)
_2520_/A2                               5.00    5.60   -0.60 (VIOLATED)
_2460_/A2                               5.00    5.60   -0.60 (VIOLATED)
_2452_/B                                5.00    5.60   -0.60 (VIOLATED)
_2453_/A2                               5.00    5.60   -0.60 (VIOLATED)
_2488_/B                                5.00    5.60   -0.60 (VIOLATED)
_2489_/A2                               5.00    5.60   -0.60 (VIOLATED)
_2459_/B                                5.00    5.60   -0.60 (VIOLATED)
_2554_/A2                               5.00    5.60   -0.60 (VIOLATED)
_2504_/B                                5.00    5.60   -0.60 (VIOLATED)
_2505_/A2                               5.00    5.60   -0.60 (VIOLATED)
_2483_/B                                5.00    5.60   -0.60 (VIOLATED)
_2484_/A2                               5.00    5.60   -0.60 (VIOLATED)
_2499_/B                                5.00    5.60   -0.60 (VIOLATED)
_2500_/A2                               5.00    5.60   -0.60 (VIOLATED)
_2553_/B                                5.00    5.60   -0.60 (VIOLATED)
_2514_/B                                5.00    5.60   -0.60 (VIOLATED)
_2515_/A2                               5.00    5.60   -0.60 (VIOLATED)
_2472_/A2                               5.00    5.60   -0.60 (VIOLATED)
_2471_/B                                5.00    5.60   -0.60 (VIOLATED)
_2494_/A2                               5.00    5.60   -0.60 (VIOLATED)
_2493_/B                                5.00    5.60   -0.60 (VIOLATED)
_3162_/A                                5.00    5.60   -0.60 (VIOLATED)
_3163_/A2                               5.00    5.60   -0.60 (VIOLATED)
_2529_/B                                5.00    5.60   -0.60 (VIOLATED)
_2530_/A2                               5.00    5.60   -0.60 (VIOLATED)
_2534_/B                                5.00    5.60   -0.60 (VIOLATED)
_2535_/A2                               5.00    5.60   -0.60 (VIOLATED)
_2562_/B                                5.00    5.60   -0.60 (VIOLATED)
_2563_/A2                               5.00    5.60   -0.60 (VIOLATED)
_2621_/B                                5.00    5.60   -0.60 (VIOLATED)
_2622_/A2                               5.00    5.60   -0.60 (VIOLATED)
_2582_/B                                5.00    5.60   -0.60 (VIOLATED)
_2583_/A2                               5.00    5.60   -0.60 (VIOLATED)
_2525_/A2                               5.00    5.60   -0.60 (VIOLATED)
_2588_/B                                5.00    5.60   -0.60 (VIOLATED)
_2589_/A2                               5.00    5.60   -0.60 (VIOLATED)
_2524_/B                                5.00    5.60   -0.60 (VIOLATED)
_2616_/B                                5.00    5.60   -0.60 (VIOLATED)
_2594_/B                                5.00    5.60   -0.60 (VIOLATED)
_2595_/A2                               5.00    5.60   -0.60 (VIOLATED)
_2539_/B                                5.00    5.60   -0.60 (VIOLATED)
_2540_/A2                               5.00    5.60   -0.60 (VIOLATED)
_2559_/B                                5.00    5.60   -0.60 (VIOLATED)
_2560_/A2                               5.00    5.60   -0.60 (VIOLATED)
_2570_/B                                5.00    5.60   -0.60 (VIOLATED)
_2571_/A2                               5.00    5.60   -0.60 (VIOLATED)
_2604_/B                                5.00    5.60   -0.60 (VIOLATED)
_2607_/B                                5.00    5.60   -0.60 (VIOLATED)
_2545_/B                                5.00    5.60   -0.60 (VIOLATED)
_2546_/A2                               5.00    5.60   -0.60 (VIOLATED)
_2608_/A2                               5.00    5.60   -0.60 (VIOLATED)
_2579_/B                                5.00    5.60   -0.60 (VIOLATED)
_2433_/X                                5.03    5.60   -0.57 (VIOLATED)
_2416_/Y                                4.81    5.19   -0.38 (VIOLATED)
_2801_/Y                                4.98    5.26   -0.28 (VIOLATED)
_1902_/Y                                4.92    5.20   -0.27 (VIOLATED)
_3196_/B2                               5.00    5.26   -0.26 (VIOLATED)
_3201_/B2                               5.00    5.26   -0.26 (VIOLATED)
_3207_/B2                               5.00    5.26   -0.26 (VIOLATED)
_3209_/B2                               5.00    5.26   -0.26 (VIOLATED)
_3213_/B2                               5.00    5.26   -0.26 (VIOLATED)
_3205_/B2                               5.00    5.26   -0.26 (VIOLATED)
_3217_/B2                               5.00    5.26   -0.26 (VIOLATED)
_3220_/B2                               5.00    5.26   -0.26 (VIOLATED)
_2802_/B1                               5.00    5.26   -0.26 (VIOLATED)
_3183_/B2                               5.00    5.26   -0.26 (VIOLATED)
_3227_/A1                               5.00    5.26   -0.26 (VIOLATED)
_3234_/B2                               5.00    5.26   -0.26 (VIOLATED)
_3237_/A1                               5.00    5.26   -0.26 (VIOLATED)
_3240_/A1                               5.00    5.26   -0.26 (VIOLATED)
_3243_/A1                               5.00    5.26   -0.26 (VIOLATED)
_3255_/A1                               5.00    5.26   -0.26 (VIOLATED)
_3260_/A1                               5.00    5.26   -0.26 (VIOLATED)
_3262_/B2                               5.00    5.26   -0.26 (VIOLATED)
_3266_/A1                               5.00    5.26   -0.26 (VIOLATED)
_3271_/A1                               5.00    5.26   -0.26 (VIOLATED)
_3277_/A1                               5.00    5.26   -0.26 (VIOLATED)
_3285_/A1                               5.00    5.26   -0.26 (VIOLATED)
_3291_/A1                               5.00    5.26   -0.26 (VIOLATED)
_1903_/C                                5.00    5.20   -0.20 (VIOLATED)
_2078_/B                                5.00    5.20   -0.20 (VIOLATED)
_2348_/A2                               5.00    5.20   -0.20 (VIOLATED)
_2358_/A2                               5.00    5.20   -0.20 (VIOLATED)
_2417_/D                                5.00    5.19   -0.19 (VIOLATED)
_2420_/A2                               5.00    5.19   -0.19 (VIOLATED)
_2801_/C                                5.00    5.19   -0.19 (VIOLATED)
_3187_/B                                5.00    5.19   -0.19 (VIOLATED)
place21/X                               4.99    5.15   -0.15 (VIOLATED)
_2979_/S                                5.00    5.15   -0.15 (VIOLATED)
_3037_/S                                5.00    5.15   -0.15 (VIOLATED)
_2871_/S                                5.00    5.15   -0.15 (VIOLATED)
_3035_/S                                5.00    5.15   -0.15 (VIOLATED)
_2977_/S                                5.00    5.15   -0.15 (VIOLATED)
_2868_/S                                5.00    5.15   -0.15 (VIOLATED)
_2986_/S                                5.00    5.15   -0.15 (VIOLATED)
_2970_/S                                5.00    5.15   -0.15 (VIOLATED)
_3032_/S                                5.00    5.15   -0.15 (VIOLATED)
_3039_/S                                5.00    5.15   -0.15 (VIOLATED)
_2841_/S                                5.00    5.15   -0.15 (VIOLATED)
_2960_/S                                5.00    5.15   -0.15 (VIOLATED)
_3027_/S                                5.00    5.15   -0.15 (VIOLATED)
_3029_/S                                5.00    5.15   -0.15 (VIOLATED)
_2964_/S                                5.00    5.15   -0.15 (VIOLATED)
_3028_/S                                5.00    5.15   -0.15 (VIOLATED)
_3023_/S                                5.00    5.15   -0.15 (VIOLATED)
_2845_/S                                5.00    5.15   -0.15 (VIOLATED)
_2962_/S                                5.00    5.15   -0.15 (VIOLATED)
_2968_/S                                5.00    5.15   -0.15 (VIOLATED)
_3031_/S                                5.00    5.15   -0.15 (VIOLATED)
_2854_/S                                5.00    5.15   -0.15 (VIOLATED)
_2848_/S                                5.00    5.15   -0.15 (VIOLATED)
_3024_/S                                5.00    5.15   -0.15 (VIOLATED)
_2826_/S                                5.00    5.15   -0.15 (VIOLATED)
_2950_/S                                5.00    5.15   -0.15 (VIOLATED)
_2952_/S                                5.00    5.15   -0.15 (VIOLATED)
_2857_/S                                5.00    5.15   -0.15 (VIOLATED)
_2883_/S                                5.00    5.15   -0.15 (VIOLATED)
_2955_/S                                5.00    5.15   -0.15 (VIOLATED)
_3026_/S                                5.00    5.15   -0.15 (VIOLATED)
_2829_/S                                5.00    5.15   -0.15 (VIOLATED)
_3019_/S                                5.00    5.15   -0.15 (VIOLATED)
_3021_/S                                5.00    5.15   -0.15 (VIOLATED)
_2811_/S                                5.00    5.15   -0.15 (VIOLATED)
_2939_/S                                5.00    5.15   -0.15 (VIOLATED)
_2817_/S                                5.00    5.15   -0.15 (VIOLATED)
_2836_/S                                5.00    5.15   -0.15 (VIOLATED)
_2944_/S                                5.00    5.15   -0.15 (VIOLATED)
_3020_/S                                5.00    5.15   -0.15 (VIOLATED)
_2948_/S                                5.00    5.15   -0.15 (VIOLATED)
_3022_/S                                5.00    5.15   -0.15 (VIOLATED)
_3030_/S                                5.00    5.15   -0.15 (VIOLATED)
_2966_/S                                5.00    5.15   -0.15 (VIOLATED)
_2851_/S                                5.00    5.15   -0.15 (VIOLATED)
_2814_/S                                5.00    5.15   -0.15 (VIOLATED)
_2823_/S                                5.00    5.15   -0.15 (VIOLATED)
_2941_/S                                5.00    5.15   -0.15 (VIOLATED)
_2805_/S                                5.00    5.15   -0.15 (VIOLATED)
_2865_/S                                5.00    5.15   -0.15 (VIOLATED)
_2936_/S                                5.00    5.15   -0.15 (VIOLATED)
_2975_/S                                5.00    5.15   -0.15 (VIOLATED)
_3018_/S                                5.00    5.15   -0.15 (VIOLATED)
_3034_/S                                5.00    5.15   -0.15 (VIOLATED)
_3172_/S                                5.00    5.15   -0.15 (VIOLATED)
_3174_/S                                5.00    5.15   -0.15 (VIOLATED)
_3175_/S                                5.00    5.15   -0.15 (VIOLATED)
place23/X                               4.99    5.01   -0.02 (VIOLATED)
_2648_/S                                5.00    5.01   -0.01 (VIOLATED)
_2746_/B                                5.00    5.01   -0.01 (VIOLATED)
_2750_/B                                5.00    5.01   -0.01 (VIOLATED)
_2640_/S                                5.00    5.01   -0.01 (VIOLATED)
_2751_/A1                               5.00    5.01   -0.01 (VIOLATED)
_2666_/S                                5.00    5.01   -0.01 (VIOLATED)
_2747_/A1                               5.00    5.01   -0.01 (VIOLATED)
_2763_/B                                5.00    5.01   -0.01 (VIOLATED)
_2672_/S                                5.00    5.01   -0.01 (VIOLATED)
_2740_/B                                5.00    5.01   -0.01 (VIOLATED)
_2764_/A1                               5.00    5.01   -0.01 (VIOLATED)
_2767_/B                                5.00    5.01   -0.01 (VIOLATED)
_2741_/A1                               5.00    5.01   -0.01 (VIOLATED)
_2768_/A1                               5.00    5.01   -0.01 (VIOLATED)
_2521_/S                                5.00    5.01   -0.01 (VIOLATED)
_2777_/B                                5.00    5.01   -0.01 (VIOLATED)
_2778_/A1                               5.00    5.01   -0.01 (VIOLATED)
_2478_/S                                5.00    5.01   -0.01 (VIOLATED)
_2511_/S                                5.00    5.01   -0.01 (VIOLATED)
_2467_/S                                5.00    5.01   -0.01 (VIOLATED)
_2755_/B                                5.00    5.01   -0.01 (VIOLATED)
_2756_/A1                               5.00    5.01   -0.01 (VIOLATED)
_2742_/B                                5.00    5.01   -0.01 (VIOLATED)
_2637_/S                                5.00    5.01   -0.01 (VIOLATED)
_2446_/S                                5.00    5.01   -0.01 (VIOLATED)
_2630_/S                                5.00    5.01   -0.01 (VIOLATED)
_2744_/B                                5.00    5.01   -0.01 (VIOLATED)
_2745_/A1                               5.00    5.01   -0.01 (VIOLATED)
_2556_/S                                5.00    5.01   -0.01 (VIOLATED)
_2694_/S                                5.00    5.01   -0.01 (VIOLATED)
_2462_/S                                5.00    5.01   -0.01 (VIOLATED)
_2455_/S                                5.00    5.01   -0.01 (VIOLATED)
_2490_/S                                5.00    5.01   -0.01 (VIOLATED)
_2654_/S                                5.00    5.01   -0.01 (VIOLATED)
_2634_/S                                5.00    5.01   -0.01 (VIOLATED)
_2743_/A1                               5.00    5.01   -0.01 (VIOLATED)
_2753_/B                                5.00    5.01   -0.01 (VIOLATED)
_2761_/B                                5.00    5.01   -0.01 (VIOLATED)
_2663_/S                                5.00    5.01   -0.01 (VIOLATED)
_2762_/A1                               5.00    5.01   -0.01 (VIOLATED)
_2754_/A1                               5.00    5.01   -0.01 (VIOLATED)
_2506_/S                                5.00    5.01   -0.01 (VIOLATED)
_2651_/S                                5.00    5.01   -0.01 (VIOLATED)
_2485_/S                                5.00    5.01   -0.01 (VIOLATED)
_2759_/B                                5.00    5.01   -0.01 (VIOLATED)
_2765_/B                                5.00    5.01   -0.01 (VIOLATED)
_2660_/S                                5.00    5.01   -0.01 (VIOLATED)
_2516_/S                                5.00    5.01   -0.01 (VIOLATED)
_2760_/A1                               5.00    5.01   -0.01 (VIOLATED)
_2501_/S                                5.00    5.01   -0.01 (VIOLATED)
_2669_/S                                5.00    5.01   -0.01 (VIOLATED)
_2766_/A1                               5.00    5.01   -0.01 (VIOLATED)
_2473_/S                                5.00    5.01   -0.01 (VIOLATED)
_2645_/S                                5.00    5.01   -0.01 (VIOLATED)
_2748_/B                                5.00    5.01   -0.01 (VIOLATED)
_2496_/S                                5.00    5.01   -0.01 (VIOLATED)
_2657_/S                                5.00    5.01   -0.01 (VIOLATED)
_2749_/A1                               5.00    5.01   -0.01 (VIOLATED)
_2757_/B                                5.00    5.01   -0.01 (VIOLATED)
_2758_/A1                               5.00    5.01   -0.01 (VIOLATED)
_3167_/S                                5.00    5.01   -0.01 (VIOLATED)
_3164_/S                                5.00    5.01   -0.01 (VIOLATED)
_2771_/B                                5.00    5.01   -0.01 (VIOLATED)
_2611_/A                                5.00    5.01   -0.01 (VIOLATED)
_2612_/A1                               5.00    5.01   -0.01 (VIOLATED)
_2773_/B                                5.00    5.01   -0.01 (VIOLATED)
_3169_/A1                               5.00    5.01   -0.01 (VIOLATED)
_3168_/A                                5.00    5.01   -0.01 (VIOLATED)
_2531_/S                                5.00    5.01   -0.01 (VIOLATED)
_2678_/S                                5.00    5.01   -0.01 (VIOLATED)
_2772_/A1                               5.00    5.01   -0.01 (VIOLATED)
_2681_/S                                5.00    5.01   -0.01 (VIOLATED)
_2774_/A1                               5.00    5.01   -0.01 (VIOLATED)
_2536_/S                                5.00    5.01   -0.01 (VIOLATED)
_2235_/Y                                4.98    4.99   -0.01 (VIOLATED)

===KLT_MAX_TRANSITION_LIBRARY_VIOLATIONS_END===
===KLT_MAX_CAPACITANCE_LIBRARY_VIOLATIONS_BEGIN===
max capacitance

Pin                                    Limit     Cap   Slack
------------------------------------------------------------
_2625_/Y                                0.06    0.08   -0.02 (VIOLATED)

_2433_/X                                0.17    0.19   -0.02 (VIOLATED)

_3180_/Y                                0.04    0.06   -0.02 (VIOLATED)

_1463_/Y                                0.02    0.04   -0.01 (VIOLATED)

_2071_/X                                0.10    0.11   -0.01 (VIOLATED)

place21/X                               0.27    0.28   -0.01 (VIOLATED)

_2801_/Y                                0.07    0.07   -0.00 (VIOLATED)

_1766_/Y                                0.01    0.02   -0.00 (VIOLATED)

_1902_/Y                                0.02    0.02   -0.00 (VIOLATED)

place23/X                               0.27    0.27   -0.00 (VIOLATED)

_2416_/Y                                0.01    0.01   -0.00 (VIOLATED)

===KLT_MAX_CAPACITANCE_LIBRARY_VIOLATIONS_END===
===KLT_MAX_TRANSITION_VIOLATIONS_BEGIN===
max slew

Pin                                    Limit    Slew   Slack
------------------------------------------------------------
_1463_/Y                                4.95    7.59   -2.65 (VIOLATED)
_1465_/C                                5.00    7.59   -2.59 (VIOLATED)
_1476_/B                                5.00    7.59   -2.59 (VIOLATED)
_1492_/D                                5.00    7.59   -2.59 (VIOLATED)
_1499_/B                                5.00    7.59   -2.59 (VIOLATED)
_1506_/B                                5.00    7.59   -2.59 (VIOLATED)
_1522_/A                                5.00    7.59   -2.59 (VIOLATED)
_1530_/C                                5.00    7.59   -2.59 (VIOLATED)
_1536_/B                                5.00    7.59   -2.59 (VIOLATED)
_1547_/B                                5.00    7.59   -2.59 (VIOLATED)
_1553_/B                                5.00    7.59   -2.59 (VIOLATED)
_1559_/B                                5.00    7.59   -2.59 (VIOLATED)
_1570_/C                                5.00    7.59   -2.59 (VIOLATED)
_3180_/Y                                4.94    6.65   -1.71 (VIOLATED)
_3226_/B                                5.00    6.65   -1.65 (VIOLATED)
_3232_/A2                               5.00    6.65   -1.65 (VIOLATED)
_3233_/B                                5.00    6.65   -1.65 (VIOLATED)
_3236_/A2                               5.00    6.65   -1.65 (VIOLATED)
_3239_/A2                               5.00    6.65   -1.65 (VIOLATED)
_3242_/B1                               5.00    6.65   -1.65 (VIOLATED)
_3253_/A2                               5.00    6.65   -1.65 (VIOLATED)
_3259_/A2                               5.00    6.65   -1.65 (VIOLATED)
_3261_/B                                5.00    6.65   -1.65 (VIOLATED)
_3264_/A2                               5.00    6.65   -1.65 (VIOLATED)
_3270_/A2                               5.00    6.65   -1.65 (VIOLATED)
_3276_/A2                               5.00    6.65   -1.65 (VIOLATED)
_3279_/A2                               5.00    6.65   -1.65 (VIOLATED)
_3284_/A2                               5.00    6.65   -1.65 (VIOLATED)
_3290_/A2                               5.00    6.65   -1.65 (VIOLATED)
place36/A                               5.00    6.65   -1.65 (VIOLATED)
_2625_/Y                                4.99    6.54   -1.54 (VIOLATED)
_2673_/B                                5.00    6.54   -1.54 (VIOLATED)
_2674_/A2                               5.00    6.54   -1.54 (VIOLATED)
_2684_/B                                5.00    6.54   -1.54 (VIOLATED)
_2685_/A2                               5.00    6.54   -1.54 (VIOLATED)
_2688_/B                                5.00    6.54   -1.54 (VIOLATED)
_2689_/A2                               5.00    6.54   -1.54 (VIOLATED)
_2695_/B                                5.00    6.54   -1.54 (VIOLATED)
_2696_/A2                               5.00    6.54   -1.54 (VIOLATED)
_2698_/B                                5.00    6.54   -1.54 (VIOLATED)
_2699_/A2                               5.00    6.54   -1.54 (VIOLATED)
_2702_/B                                5.00    6.54   -1.54 (VIOLATED)
_2703_/A2                               5.00    6.54   -1.54 (VIOLATED)
_2706_/B                                5.00    6.54   -1.54 (VIOLATED)
_2707_/A2                               5.00    6.54   -1.54 (VIOLATED)
_2711_/B                                5.00    6.54   -1.54 (VIOLATED)
_2712_/A2                               5.00    6.54   -1.54 (VIOLATED)
_2715_/B                                5.00    6.54   -1.54 (VIOLATED)
_2716_/A2                               5.00    6.54   -1.54 (VIOLATED)
_2719_/B                                5.00    6.54   -1.54 (VIOLATED)
_2720_/A2                               5.00    6.54   -1.54 (VIOLATED)
_2723_/B                                5.00    6.54   -1.54 (VIOLATED)
_2724_/A2                               5.00    6.54   -1.54 (VIOLATED)
_2727_/B                                5.00    6.54   -1.54 (VIOLATED)
_2728_/A2                               5.00    6.54   -1.54 (VIOLATED)
_2731_/B                                5.00    6.54   -1.54 (VIOLATED)
_2732_/A2                               5.00    6.54   -1.54 (VIOLATED)
_2735_/B                                5.00    6.54   -1.54 (VIOLATED)
_2736_/A2                               5.00    6.54   -1.54 (VIOLATED)
place33/A                               5.00    6.54   -1.54 (VIOLATED)
_1766_/Y                                4.89    5.93   -1.04 (VIOLATED)
_1767_/B                                5.00    5.93   -0.93 (VIOLATED)
_1773_/C                                5.00    5.93   -0.93 (VIOLATED)
_3281_/A1                               5.00    5.93   -0.93 (VIOLATED)
_3288_/A1                               5.00    5.93   -0.93 (VIOLATED)
_3292_/A1                               5.00    5.93   -0.93 (VIOLATED)
_2071_/X                                5.00    5.60   -0.60 (VIOLATED)
_2077_/B                                5.00    5.60   -0.60 (VIOLATED)
_2089_/B                                5.00    5.60   -0.60 (VIOLATED)
_2093_/B                                5.00    5.60   -0.60 (VIOLATED)
_2096_/B                                5.00    5.60   -0.60 (VIOLATED)
_2103_/B2                               5.00    5.60   -0.60 (VIOLATED)
_2106_/B                                5.00    5.60   -0.60 (VIOLATED)
_2109_/B                                5.00    5.60   -0.60 (VIOLATED)
_2113_/B2                               5.00    5.60   -0.60 (VIOLATED)
_2116_/B2                               5.00    5.60   -0.60 (VIOLATED)
_2119_/B                                5.00    5.60   -0.60 (VIOLATED)
_2122_/B                                5.00    5.60   -0.60 (VIOLATED)
_2126_/B                                5.00    5.60   -0.60 (VIOLATED)
_2129_/B                                5.00    5.60   -0.60 (VIOLATED)
_2132_/B                                5.00    5.60   -0.60 (VIOLATED)
_2135_/B2                               5.00    5.60   -0.60 (VIOLATED)
_2138_/B                                5.00    5.60   -0.60 (VIOLATED)
_2141_/B                                5.00    5.60   -0.60 (VIOLATED)
_2144_/B                                5.00    5.60   -0.60 (VIOLATED)
_2147_/B2                               5.00    5.60   -0.60 (VIOLATED)
_2150_/B2                               5.00    5.60   -0.60 (VIOLATED)
_2153_/B2                               5.00    5.60   -0.60 (VIOLATED)
_2156_/B                                5.00    5.60   -0.60 (VIOLATED)
_2159_/B2                               5.00    5.60   -0.60 (VIOLATED)
_2162_/B2                               5.00    5.60   -0.60 (VIOLATED)
_2165_/B                                5.00    5.60   -0.60 (VIOLATED)
_2168_/B2                               5.00    5.60   -0.60 (VIOLATED)
_2171_/B2                               5.00    5.60   -0.60 (VIOLATED)
_2177_/B2                               5.00    5.60   -0.60 (VIOLATED)
_2180_/B2                               5.00    5.60   -0.60 (VIOLATED)
_2183_/A                                5.00    5.60   -0.60 (VIOLATED)
_2209_/B                                5.00    5.60   -0.60 (VIOLATED)
_2404_/A2                               5.00    5.60   -0.60 (VIOLATED)
_2405_/A3                               5.00    5.60   -0.60 (VIOLATED)
_3142_/B                                5.00    5.60   -0.60 (VIOLATED)
_2465_/B                                5.00    5.60   -0.60 (VIOLATED)
_2466_/A2                               5.00    5.60   -0.60 (VIOLATED)
_2476_/B                                5.00    5.60   -0.60 (VIOLATED)
_2477_/A2                               5.00    5.60   -0.60 (VIOLATED)
_2438_/B                                5.00    5.60   -0.60 (VIOLATED)
_2439_/A2                               5.00    5.60   -0.60 (VIOLATED)
_2509_/B                                5.00    5.60   -0.60 (VIOLATED)
_2510_/A2                               5.00    5.60   -0.60 (VIOLATED)
_2519_/B                                5.00    5.60   -0.60 (VIOLATED)
_2520_/A2                               5.00    5.60   -0.60 (VIOLATED)
_2460_/A2                               5.00    5.60   -0.60 (VIOLATED)
_2452_/B                                5.00    5.60   -0.60 (VIOLATED)
_2453_/A2                               5.00    5.60   -0.60 (VIOLATED)
_2488_/B                                5.00    5.60   -0.60 (VIOLATED)
_2489_/A2                               5.00    5.60   -0.60 (VIOLATED)
_2459_/B                                5.00    5.60   -0.60 (VIOLATED)
_2554_/A2                               5.00    5.60   -0.60 (VIOLATED)
_2504_/B                                5.00    5.60   -0.60 (VIOLATED)
_2505_/A2                               5.00    5.60   -0.60 (VIOLATED)
_2483_/B                                5.00    5.60   -0.60 (VIOLATED)
_2484_/A2                               5.00    5.60   -0.60 (VIOLATED)
_2499_/B                                5.00    5.60   -0.60 (VIOLATED)
_2500_/A2                               5.00    5.60   -0.60 (VIOLATED)
_2553_/B                                5.00    5.60   -0.60 (VIOLATED)
_2514_/B                                5.00    5.60   -0.60 (VIOLATED)
_2515_/A2                               5.00    5.60   -0.60 (VIOLATED)
_2472_/A2                               5.00    5.60   -0.60 (VIOLATED)
_2471_/B                                5.00    5.60   -0.60 (VIOLATED)
_2494_/A2                               5.00    5.60   -0.60 (VIOLATED)
_2493_/B                                5.00    5.60   -0.60 (VIOLATED)
_3162_/A                                5.00    5.60   -0.60 (VIOLATED)
_3163_/A2                               5.00    5.60   -0.60 (VIOLATED)
_2529_/B                                5.00    5.60   -0.60 (VIOLATED)
_2530_/A2                               5.00    5.60   -0.60 (VIOLATED)
_2534_/B                                5.00    5.60   -0.60 (VIOLATED)
_2535_/A2                               5.00    5.60   -0.60 (VIOLATED)
_2562_/B                                5.00    5.60   -0.60 (VIOLATED)
_2563_/A2                               5.00    5.60   -0.60 (VIOLATED)
_2621_/B                                5.00    5.60   -0.60 (VIOLATED)
_2622_/A2                               5.00    5.60   -0.60 (VIOLATED)
_2582_/B                                5.00    5.60   -0.60 (VIOLATED)
_2583_/A2                               5.00    5.60   -0.60 (VIOLATED)
_2525_/A2                               5.00    5.60   -0.60 (VIOLATED)
_2588_/B                                5.00    5.60   -0.60 (VIOLATED)
_2589_/A2                               5.00    5.60   -0.60 (VIOLATED)
_2524_/B                                5.00    5.60   -0.60 (VIOLATED)
_2616_/B                                5.00    5.60   -0.60 (VIOLATED)
_2594_/B                                5.00    5.60   -0.60 (VIOLATED)
_2595_/A2                               5.00    5.60   -0.60 (VIOLATED)
_2539_/B                                5.00    5.60   -0.60 (VIOLATED)
_2540_/A2                               5.00    5.60   -0.60 (VIOLATED)
_2559_/B                                5.00    5.60   -0.60 (VIOLATED)
_2560_/A2                               5.00    5.60   -0.60 (VIOLATED)
_2570_/B                                5.00    5.60   -0.60 (VIOLATED)
_2571_/A2                               5.00    5.60   -0.60 (VIOLATED)
_2604_/B                                5.00    5.60   -0.60 (VIOLATED)
_2607_/B                                5.00    5.60   -0.60 (VIOLATED)
_2545_/B                                5.00    5.60   -0.60 (VIOLATED)
_2546_/A2                               5.00    5.60   -0.60 (VIOLATED)
_2608_/A2                               5.00    5.60   -0.60 (VIOLATED)
_2579_/B                                5.00    5.60   -0.60 (VIOLATED)
_2433_/X                                5.03    5.60   -0.57 (VIOLATED)
_2416_/Y                                4.81    5.19   -0.38 (VIOLATED)
_2801_/Y                                4.98    5.26   -0.28 (VIOLATED)
_1902_/Y                                4.92    5.20   -0.27 (VIOLATED)
_3196_/B2                               5.00    5.26   -0.26 (VIOLATED)
_3201_/B2                               5.00    5.26   -0.26 (VIOLATED)
_3207_/B2                               5.00    5.26   -0.26 (VIOLATED)
_3209_/B2                               5.00    5.26   -0.26 (VIOLATED)
_3213_/B2                               5.00    5.26   -0.26 (VIOLATED)
_3205_/B2                               5.00    5.26   -0.26 (VIOLATED)
_3217_/B2                               5.00    5.26   -0.26 (VIOLATED)
_3220_/B2                               5.00    5.26   -0.26 (VIOLATED)
_2802_/B1                               5.00    5.26   -0.26 (VIOLATED)
_3183_/B2                               5.00    5.26   -0.26 (VIOLATED)
_3227_/A1                               5.00    5.26   -0.26 (VIOLATED)
_3234_/B2                               5.00    5.26   -0.26 (VIOLATED)
_3237_/A1                               5.00    5.26   -0.26 (VIOLATED)
_3240_/A1                               5.00    5.26   -0.26 (VIOLATED)
_3243_/A1                               5.00    5.26   -0.26 (VIOLATED)
_3255_/A1                               5.00    5.26   -0.26 (VIOLATED)
_3260_/A1                               5.00    5.26   -0.26 (VIOLATED)
_3262_/B2                               5.00    5.26   -0.26 (VIOLATED)
_3266_/A1                               5.00    5.26   -0.26 (VIOLATED)
_3271_/A1                               5.00    5.26   -0.26 (VIOLATED)
_3277_/A1                               5.00    5.26   -0.26 (VIOLATED)
_3285_/A1                               5.00    5.26   -0.26 (VIOLATED)
_3291_/A1                               5.00    5.26   -0.26 (VIOLATED)
_1903_/C                                5.00    5.20   -0.20 (VIOLATED)
_2078_/B                                5.00    5.20   -0.20 (VIOLATED)
_2348_/A2                               5.00    5.20   -0.20 (VIOLATED)
_2358_/A2                               5.00    5.20   -0.20 (VIOLATED)
_2417_/D                                5.00    5.19   -0.19 (VIOLATED)
_2420_/A2                               5.00    5.19   -0.19 (VIOLATED)
_2801_/C                                5.00    5.19   -0.19 (VIOLATED)
_3187_/B                                5.00    5.19   -0.19 (VIOLATED)
place21/X                               4.99    5.15   -0.15 (VIOLATED)
_2979_/S                                5.00    5.15   -0.15 (VIOLATED)
_3037_/S                                5.00    5.15   -0.15 (VIOLATED)
_2871_/S                                5.00    5.15   -0.15 (VIOLATED)
_3035_/S                                5.00    5.15   -0.15 (VIOLATED)
_2977_/S                                5.00    5.15   -0.15 (VIOLATED)
_2868_/S                                5.00    5.15   -0.15 (VIOLATED)
_2986_/S                                5.00    5.15   -0.15 (VIOLATED)
_2970_/S                                5.00    5.15   -0.15 (VIOLATED)
_3032_/S                                5.00    5.15   -0.15 (VIOLATED)
_3039_/S                                5.00    5.15   -0.15 (VIOLATED)
_2841_/S                                5.00    5.15   -0.15 (VIOLATED)
_2960_/S                                5.00    5.15   -0.15 (VIOLATED)
_3027_/S                                5.00    5.15   -0.15 (VIOLATED)
_3029_/S                                5.00    5.15   -0.15 (VIOLATED)
_2964_/S                                5.00    5.15   -0.15 (VIOLATED)
_3028_/S                                5.00    5.15   -0.15 (VIOLATED)
_3023_/S                                5.00    5.15   -0.15 (VIOLATED)
_2845_/S                                5.00    5.15   -0.15 (VIOLATED)
_2962_/S                                5.00    5.15   -0.15 (VIOLATED)
_2968_/S                                5.00    5.15   -0.15 (VIOLATED)
_3031_/S                                5.00    5.15   -0.15 (VIOLATED)
_2854_/S                                5.00    5.15   -0.15 (VIOLATED)
_2848_/S                                5.00    5.15   -0.15 (VIOLATED)
_3024_/S                                5.00    5.15   -0.15 (VIOLATED)
_2826_/S                                5.00    5.15   -0.15 (VIOLATED)
_2950_/S                                5.00    5.15   -0.15 (VIOLATED)
_2952_/S                                5.00    5.15   -0.15 (VIOLATED)
_2857_/S                                5.00    5.15   -0.15 (VIOLATED)
_2883_/S                                5.00    5.15   -0.15 (VIOLATED)
_2955_/S                                5.00    5.15   -0.15 (VIOLATED)
_3026_/S                                5.00    5.15   -0.15 (VIOLATED)
_2829_/S                                5.00    5.15   -0.15 (VIOLATED)
_3019_/S                                5.00    5.15   -0.15 (VIOLATED)
_3021_/S                                5.00    5.15   -0.15 (VIOLATED)
_2811_/S                                5.00    5.15   -0.15 (VIOLATED)
_2939_/S                                5.00    5.15   -0.15 (VIOLATED)
_2817_/S                                5.00    5.15   -0.15 (VIOLATED)
_2836_/S                                5.00    5.15   -0.15 (VIOLATED)
_2944_/S                                5.00    5.15   -0.15 (VIOLATED)
_3020_/S                                5.00    5.15   -0.15 (VIOLATED)
_2948_/S                                5.00    5.15   -0.15 (VIOLATED)
_3022_/S                                5.00    5.15   -0.15 (VIOLATED)
_3030_/S                                5.00    5.15   -0.15 (VIOLATED)
_2966_/S                                5.00    5.15   -0.15 (VIOLATED)
_2851_/S                                5.00    5.15   -0.15 (VIOLATED)
_2814_/S                                5.00    5.15   -0.15 (VIOLATED)
_2823_/S                                5.00    5.15   -0.15 (VIOLATED)
_2941_/S                                5.00    5.15   -0.15 (VIOLATED)
_2805_/S                                5.00    5.15   -0.15 (VIOLATED)
_2865_/S                                5.00    5.15   -0.15 (VIOLATED)
_2936_/S                                5.00    5.15   -0.15 (VIOLATED)
_2975_/S                                5.00    5.15   -0.15 (VIOLATED)
_3018_/S                                5.00    5.15   -0.15 (VIOLATED)
_3034_/S                                5.00    5.15   -0.15 (VIOLATED)
_3172_/S                                5.00    5.15   -0.15 (VIOLATED)
_3174_/S                                5.00    5.15   -0.15 (VIOLATED)
_3175_/S                                5.00    5.15   -0.15 (VIOLATED)
place23/X                               4.99    5.01   -0.02 (VIOLATED)
_2648_/S                                5.00    5.01   -0.01 (VIOLATED)
_2746_/B                                5.00    5.01   -0.01 (VIOLATED)
_2750_/B                                5.00    5.01   -0.01 (VIOLATED)
_2640_/S                                5.00    5.01   -0.01 (VIOLATED)
_2751_/A1                               5.00    5.01   -0.01 (VIOLATED)
_2666_/S                                5.00    5.01   -0.01 (VIOLATED)
_2747_/A1                               5.00    5.01   -0.01 (VIOLATED)
_2763_/B                                5.00    5.01   -0.01 (VIOLATED)
_2672_/S                                5.00    5.01   -0.01 (VIOLATED)
_2740_/B                                5.00    5.01   -0.01 (VIOLATED)
_2764_/A1                               5.00    5.01   -0.01 (VIOLATED)
_2767_/B                                5.00    5.01   -0.01 (VIOLATED)
_2741_/A1                               5.00    5.01   -0.01 (VIOLATED)
_2768_/A1                               5.00    5.01   -0.01 (VIOLATED)
_2521_/S                                5.00    5.01   -0.01 (VIOLATED)
_2777_/B                                5.00    5.01   -0.01 (VIOLATED)
_2778_/A1                               5.00    5.01   -0.01 (VIOLATED)
_2478_/S                                5.00    5.01   -0.01 (VIOLATED)
_2511_/S                                5.00    5.01   -0.01 (VIOLATED)
_2467_/S                                5.00    5.01   -0.01 (VIOLATED)
_2755_/B                                5.00    5.01   -0.01 (VIOLATED)
_2756_/A1                               5.00    5.01   -0.01 (VIOLATED)
_2742_/B                                5.00    5.01   -0.01 (VIOLATED)
_2637_/S                                5.00    5.01   -0.01 (VIOLATED)
_2446_/S                                5.00    5.01   -0.01 (VIOLATED)
_2630_/S                                5.00    5.01   -0.01 (VIOLATED)
_2744_/B                                5.00    5.01   -0.01 (VIOLATED)
_2745_/A1                               5.00    5.01   -0.01 (VIOLATED)
_2556_/S                                5.00    5.01   -0.01 (VIOLATED)
_2694_/S                                5.00    5.01   -0.01 (VIOLATED)
_2462_/S                                5.00    5.01   -0.01 (VIOLATED)
_2455_/S                                5.00    5.01   -0.01 (VIOLATED)
_2490_/S                                5.00    5.01   -0.01 (VIOLATED)
_2654_/S                                5.00    5.01   -0.01 (VIOLATED)
_2634_/S                                5.00    5.01   -0.01 (VIOLATED)
_2743_/A1                               5.00    5.01   -0.01 (VIOLATED)
_2753_/B                                5.00    5.01   -0.01 (VIOLATED)
_2761_/B                                5.00    5.01   -0.01 (VIOLATED)
_2663_/S                                5.00    5.01   -0.01 (VIOLATED)
_2762_/A1                               5.00    5.01   -0.01 (VIOLATED)
_2754_/A1                               5.00    5.01   -0.01 (VIOLATED)
_2506_/S                                5.00    5.01   -0.01 (VIOLATED)
_2651_/S                                5.00    5.01   -0.01 (VIOLATED)
_2485_/S                                5.00    5.01   -0.01 (VIOLATED)
_2759_/B                                5.00    5.01   -0.01 (VIOLATED)
_2765_/B                                5.00    5.01   -0.01 (VIOLATED)
_2660_/S                                5.00    5.01   -0.01 (VIOLATED)
_2516_/S                                5.00    5.01   -0.01 (VIOLATED)
_2760_/A1                               5.00    5.01   -0.01 (VIOLATED)
_2501_/S                                5.00    5.01   -0.01 (VIOLATED)
_2669_/S                                5.00    5.01   -0.01 (VIOLATED)
_2766_/A1                               5.00    5.01   -0.01 (VIOLATED)
_2473_/S                                5.00    5.01   -0.01 (VIOLATED)
_2645_/S                                5.00    5.01   -0.01 (VIOLATED)
_2748_/B                                5.00    5.01   -0.01 (VIOLATED)
_2496_/S                                5.00    5.01   -0.01 (VIOLATED)
_2657_/S                                5.00    5.01   -0.01 (VIOLATED)
_2749_/A1                               5.00    5.01   -0.01 (VIOLATED)
_2757_/B                                5.00    5.01   -0.01 (VIOLATED)
_2758_/A1                               5.00    5.01   -0.01 (VIOLATED)
_3167_/S                                5.00    5.01   -0.01 (VIOLATED)
_3164_/S                                5.00    5.01   -0.01 (VIOLATED)
_2771_/B                                5.00    5.01   -0.01 (VIOLATED)
_2611_/A                                5.00    5.01   -0.01 (VIOLATED)
_2612_/A1                               5.00    5.01   -0.01 (VIOLATED)
_2773_/B                                5.00    5.01   -0.01 (VIOLATED)
_3169_/A1                               5.00    5.01   -0.01 (VIOLATED)
_3168_/A                                5.00    5.01   -0.01 (VIOLATED)
_2531_/S                                5.00    5.01   -0.01 (VIOLATED)
_2678_/S                                5.00    5.01   -0.01 (VIOLATED)
_2772_/A1                               5.00    5.01   -0.01 (VIOLATED)
_2681_/S                                5.00    5.01   -0.01 (VIOLATED)
_2774_/A1                               5.00    5.01   -0.01 (VIOLATED)
_2536_/S                                5.00    5.01   -0.01 (VIOLATED)
_2235_/Y                                4.98    4.99   -0.01 (VIOLATED)

===KLT_MAX_TRANSITION_VIOLATIONS_END===
===KLT_MAX_CAPACITANCE_VIOLATIONS_BEGIN===
max capacitance

Pin                                    Limit     Cap   Slack
------------------------------------------------------------
_2625_/Y                                0.06    0.08   -0.02 (VIOLATED)

_2433_/X                                0.17    0.19   -0.02 (VIOLATED)

_3180_/Y                                0.04    0.06   -0.02 (VIOLATED)

_1463_/Y                                0.02    0.04   -0.01 (VIOLATED)

_2071_/X                                0.10    0.11   -0.01 (VIOLATED)

place21/X                               0.27    0.28   -0.01 (VIOLATED)

_2801_/Y                                0.07    0.07   -0.00 (VIOLATED)

_1766_/Y                                0.01    0.02   -0.00 (VIOLATED)

_1902_/Y                                0.02    0.02   -0.00 (VIOLATED)

place23/X                               0.27    0.27   -0.00 (VIOLATED)

_2416_/Y                                0.01    0.01   -0.00 (VIOLATED)

===KLT_MAX_CAPACITANCE_VIOLATIONS_END===
