|* Post-layout sampler_core (whole composed cell -- four skewed rings, four
|* output buffers, the three-xor2 combining tree, AND all six sampler_dff
|* instances) with the shared substrate node left FLOATING -- the
|* sampler_core-scope sibling of
|* sim/post-layout-ro-array-core/testbench/tb_post_layout_ro_array_core_substrate_float.spice,
|* now with the six-instance digitizer bank physically present on the same
|* shared substrate for the first time (the array-scope deck it extends from
|* has no samplers at all, in its netlist or in its extraction).
|*
|* Purpose (DR-0003 section 8's inter-ring decorrelation gap; DR-0006's own
|* "Follow-up required" section names sampler_core as the one remaining
|* hierarchy level with no substrate-coupling measurement of its own). This
|* deck differs from
|* sim/post-layout-sampler-core/testbench/tb_post_layout_sampler_core.spice's
|* post-layout half in exactly one respect: that deck ties `vsubs` hard to 0
|* (`Vsub vsubs 0 dc 0`), this one does not tie it at all, leaving it on
|* layout/pex-sampler-core/sampler_core_pex.spice's own
|* `Rvsubs_dctie vsubs 0 1e+12` (klayout-tools#1503). The pair brackets the
|* real answer the same way DR-0005 (ring scope) and DR-0006 (array scope)
|* did:
|*
|*   TIED   (sim/post-layout-sampler-core/'s own already-landed records) --
|*          ideal zero-impedance substrate, no inter-ring coupling possible
|*          by construction.
|*   FLOAT  (this deck) -- ideal infinite-impedance shared substrate: every
|*          ring's (and every sampler's) switching current is forced through
|*          the shared node's capacitance and into every other block sharing
|*          it.
|*
|* No pre-layout control: a pre-layout netlist has no substrate node, so it
|* has nothing to say about this question (same choice every prior
|* substrate-bracket deck in this repo makes). Dropping the pre-layout half
|* is also what makes this deck roughly half the cost of the tied deck it is
|* compared against, at no loss of comparability -- the tied deck's own
|* post-layout measurements are taken on the same nodes, with the same
|* estimators, in the same deck-local time windows.
|*
|* Stimulus is copied verbatim from tb_post_layout_sampler_core.spice's own
|* post-layout half (same en1-4/rst_n/clk timeline), so the six samplers see
|* an identical reset-release and clock history in TIED/FLOAT/SOLO. Their own
|* switching activity is then common to all three decks and cancels out of
|* the loading/coupling decomposition the sibling _solo deck computes,
|* isolating the ring-to-ring term DR-0003 section 8 actually asks about.
|*
|* TWO measurement windows, and the honest statement of what each contains.
|* The primary period estimator (`p_tr1`-`p_tr4`, rise=3 -> rise=13) is
|* copied verbatim from the tied deck so the three decks are comparable line
|* for line -- but at this design's post-layout ring periods (3.8-11.7 ns,
|* per the tied deck's own committed records) those thirteen rising edges all
|* fall inside the first ~100 ns of the run, i.e. BEFORE `rst_n` releases at
|* 300 ns and before `clk` starts at 320 ns. In that window the six samplers
|* are held in reset: their real `d`-pin fan-out load, their real extracted
|* capacitance to the shared substrate, and their real physical placement
|* beside the array are all present, but they are not switching. That window
|* is therefore a strictly-larger-scope repeat of DR-0006's array-scope
|* bracket (same measurement, more silicon on the shared node), not a
|* measurement of a new mechanism.
|*
|* The second estimator (`p_tr1_clk`-`p_tr4_clk`) is the new one: a
|* ten-period average taken from the first rising edge after 400 ns, i.e.
|* squarely inside the clocked window (clk rises at 320/420/520/620/720 ns),
|* with all six sampler_dff instances actually latching. It is written with
|* `TRIG`/`TARG ... TD=400n` rather than a fixed rise index on purpose: the
|* ring period varies 3.1x across this repo's PVT grid, so no single rise
|* index lands inside the clocked window at every corner, while a
|* time-gated trigger does. There is no TIED counterpart for this second
|* estimator (the tied records are already minted and are not re-run here),
|* so it yields a `coupling` figure -- float minus solo, both measured here
|* -- but no `loading` figure. That asymmetry is stated in the record rather
|* than papered over.
|*
|* Global substrate addressing, corrected. DR-0006's own array-scope
|* discovery ("A testbench defect, caught and documented rather than
|* silently fixed"): `vsubs` is `.global`-declared in
|* layout/pex-sampler-core/sampler_core_pex.spice (klayout-tools#1503's own
|* workaround), so it is the SAME node everywhere in this deck and must be
|* addressed as `v(vsubs)` directly, never `v(xarr.vsubs)` -- the
|* hierarchical form silently resolves to "no such vector" and DR-0006's own
|* array-scope float/solo decks paid that cost (their own substrate swing
|* measurement did not resolve). This deck uses the corrected form from the
|* start, and splits the swing into two windows so the reset-held one
|* (100-300 ns: rings running, samplers static) is directly comparable with
|* DR-0005's own ring-scope figures, while the clocked one (400-600 ns) adds
|* what the digitizer bank's own switching puts onto the same node.
|*
|* Window / memory. Without an explicit `.save`, ngspice retains a
|* full-resolution trace for every parasitic-star leg node this flat
|* extraction introduces -- confirmed to exhaust available process memory
|* outright during the tied deck's own development. `.save` below keeps only
|* the traces the `.meas` statements read.
|*
|* This file is a TEMPLATE: sim/bin/corner-run.py substitutes /Users/rwalters/.volare/volare/sky130/versions/c6d73a35f524070e85faff4a6a9eef49553ebc2b/sky130A/libs.tech/combined/sky130.lib.spice,
|* ff, -40.0, 1.62 and 5p. As committed it is not a
|* runnable deck. Invoke with
|* `--pex-lib layout/pex-sampler-core/sampler_core_pex.spice` (no
|* --ro-ring5 needed: this deck includes only the post-layout library).
|
|.option scale=1u
|.lib "/Users/rwalters/.volare/volare/sky130/versions/c6d73a35f524070e85faff4a6a9eef49553ebc2b/sky130A/libs.tech/combined/sky130.lib.spice" ff
|
|* post-layout WHOLE-CELL subcircuit library only -- no pre-layout control,
|* see header for why.
|.include "/Users/rwalters/GitHub/sky130-trng/.loom/worktrees/issue-22/layout/pex-sampler-core/sampler_core_pex.spice"
|
|.temp -40.0
|
|* --- substrate return node: FLOATING (see header) -- no Vsub source ----
|
|Vddrp1 pvddr1 0 dc 1.62
|Vddrp2 pvddr2 0 dc 1.62
|Vddrp3 pvddr3 0 dc 1.62
|Vddrp4 pvddr4 0 dc 1.62
|Vddp pvdd 0 dc 1.62
|Venp1 pen1 0 PULSE(0 1.62 5n 100p 100p 1u 2u)
|Venp2 pen2 0 PULSE(0 1.62 5n 100p 100p 1u 2u)
|Venp3 pen3 0 PULSE(0 1.62 5n 100p 100p 1u 2u)
|Venp4 pen4 0 PULSE(0 1.62 5n 100p 100p 1u 2u)
|Vrstnp prst_n 0 PULSE(0 1.62 300n 100p 100p 10u 20u)
|Vclkp pclk 0 PULSE(0 1.62 320n 100p 100p 49.8n 100n)
|xarr pen1 pen2 pen3 pen4 pvddr1 pvddr2 pvddr3 pvddr4 pvdd 0 pclk prst_n
|+ praw_bit praw_valid pring_bit1 pring_bit2 pring_bit3 pring_bit4
|+ sampler_core_pex
|
|.ic v(xarr.ro1)=0 v(xarr.ro2)=0 v(xarr.ro3)=0 v(xarr.ro4)=0
|
|.save v(xarr.ro1) v(xarr.ro2) v(xarr.ro3) v(xarr.ro4) v(vsubs)
|
|* tstop is 600 ns, not the tied deck's 800 ns: every measurement below
|* completes by ~530 ns even at the slowest corner on this repo's grid
|* (`ss` / -40 degC / 1.62 V, post-layout ring period 11.7 ns per the tied
|* deck's own records: first rising edge past 400 ns, plus ten periods).
|* A transient is causal, so truncating the run after the last measurement
|* cannot move any number this deck reports -- in particular `p_tr1`-`p_tr4`,
|* which are measured before 100 ns and are therefore bit-for-bit the same
|* quantity the tied deck's own 800 ns run measured. The truncation buys
|* back ~25% of a run that costs ~an hour per corner under load.
|.tran 5p 600n uic
|
|.control
|run
|
|* --- primary estimator: identical to the tied deck's own p_tr1-p_tr4, so
|* the tied/float/solo bracket is comparable line for line. Reset-held
|* window (see header): samplers loaded and placed, not switching. -------
|meas tran pt1a when v(xarr.ro1)=0.5*1.62 rise=3
|meas tran pt1b when v(xarr.ro1)=0.5*1.62 rise=13
|let p_tr1 = (pt1b - pt1a)/10
|meas tran pt2a when v(xarr.ro2)=0.5*1.62 rise=3
|meas tran pt2b when v(xarr.ro2)=0.5*1.62 rise=13
|let p_tr2 = (pt2b - pt2a)/10
|meas tran pt3a when v(xarr.ro3)=0.5*1.62 rise=3
|meas tran pt3b when v(xarr.ro3)=0.5*1.62 rise=13
|let p_tr3 = (pt3b - pt3a)/10
|meas tran pt4a when v(xarr.ro4)=0.5*1.62 rise=3
|meas tran pt4b when v(xarr.ro4)=0.5*1.62 rise=13
|let p_tr4 = (pt4b - pt4a)/10
|let p_skew_span = p_tr1/p_tr4
|
|* --- second estimator: ten periods from the first rising edge past 400 ns,
|* i.e. inside the clocked window, all six samplers latching. Time-gated
|* (TD=400n) rather than rise-indexed, because the ring period varies 3.1x
|* across this repo's PVT grid (see header). ------------------------------
|meas tran pd1_clk TRIG v(xarr.ro1) VAL=0.5*1.62 RISE=1 TD=400n
|+ TARG v(xarr.ro1) VAL=0.5*1.62 RISE=11 TD=400n
|let p_tr1_clk = pd1_clk/10
|meas tran pd2_clk TRIG v(xarr.ro2) VAL=0.5*1.62 RISE=1 TD=400n
|+ TARG v(xarr.ro2) VAL=0.5*1.62 RISE=11 TD=400n
|let p_tr2_clk = pd2_clk/10
|meas tran pd3_clk TRIG v(xarr.ro3) VAL=0.5*1.62 RISE=1 TD=400n
|+ TARG v(xarr.ro3) VAL=0.5*1.62 RISE=11 TD=400n
|let p_tr3_clk = pd3_clk/10
|meas tran pd4_clk TRIG v(xarr.ro4) VAL=0.5*1.62 RISE=1 TD=400n
|+ TARG v(xarr.ro4) VAL=0.5*1.62 RISE=11 TD=400n
|let p_tr4_clk = pd4_clk/10
|let p_skew_span_clk = p_tr1_clk/p_tr4_clk
|
|* --- shared substrate node's own excursion, two windows (see header) ----
|meas tran vsub_rst_max MAX v(vsubs) from=100n to=300n
|meas tran vsub_rst_min MIN v(vsubs) from=100n to=300n
|let vsub_swing_rst = (vsub_rst_max - vsub_rst_min) / 1.62
|meas tran vsub_clk_max MAX v(vsubs) from=400n to=600n
|meas tran vsub_clk_min MIN v(vsubs) from=400n to=600n
|let vsub_swing_clk = (vsub_clk_max - vsub_clk_min) / 1.62
|
|print p_tr1
|print p_tr2
|print p_tr3
|print p_tr4
|print p_skew_span
|print p_tr1_clk
|print p_tr2_clk
|print p_tr3_clk
|print p_tr4_clk
|print p_skew_span_clk
|print vsub_swing_rst
|print vsub_swing_clk
|.endc
|.end
|

----- stdout -----

Note: Compatibility modes selected: hs a


Circuit: * post-layout sampler_core (whole composed cell -- four skewed rings, four

option SCALE: Scale is set to 1e-06 for instance and model parameters
option SCALE: Scale is set to 1e-06 for instance and model parameters
option SCALE: Scale is set to 1e-06 for instance and model parameters
option SCALE: Scale is set to 1e-06 for instance and model parameters
option SCALE: Scale is set to 1e-06 for instance and model parameters
Doing analysis at TEMP = -40.000000 and TNOM = 27.000000

Using SPARSE 1.3 as Direct Linear Solver
Operating point simulation skipped by 'uic',
  now using transient initial conditions.
 Reference value :  5.00000e-14
 Reference value :  8.52118e-10
 Reference value :  1.89212e-09
 Reference value :  2.93712e-09
 Reference value :  4.00212e-09
 Reference value :  4.99606e-09
 Reference value :  5.57250e-09
 Reference value :  6.15250e-09
 Reference value :  6.85250e-09
 Reference value :  7.73750e-09
 Reference value :  8.48750e-09
 Reference value :  9.22750e-09
 Reference value :  9.97750e-09
 Reference value :  1.06825e-08
 Reference value :  1.13225e-08
 Reference value :  1.19375e-08
 Reference value :  1.25375e-08
 Reference value :  1.32125e-08
 Reference value :  1.38775e-08
 Reference value :  1.45125e-08
 Reference value :  1.52775e-08
 Reference value :  1.59475e-08
 Reference value :  1.66275e-08
 Reference value :  1.74925e-08
 Reference value :  1.81825e-08
 Reference value :  1.87575e-08
 Reference value :  1.95275e-08
 Reference value :  2.03775e-08
 Reference value :  2.10175e-08
 Reference value :  2.17575e-08
 Reference value :  2.23775e-08
 Reference value :  2.30575e-08
 Reference value :  2.37125e-08
 Reference value :  2.43225e-08
 Reference value :  2.49575e-08
 Reference value :  2.55925e-08
 Reference value :  2.63075e-08
 Reference value :  2.69425e-08
 Reference value :  2.75625e-08
 Reference value :  2.83925e-08
 Reference value :  2.90275e-08
 Reference value :  2.97225e-08
 Reference value :  3.04775e-08
 Reference value :  3.14775e-08
 Reference value :  3.23425e-08
 Reference value :  3.30225e-08
 Reference value :  3.37375e-08
 Reference value :  3.43175e-08
 Reference value :  3.49625e-08
 Reference value :  3.56175e-08
 Reference value :  3.62525e-08
 Reference value :  3.68625e-08
 Reference value :  3.74475e-08
 Reference value :  3.80925e-08
 Reference value :  3.87325e-08
 Reference value :  3.93225e-08
 Reference value :  3.99225e-08
 Reference value :  4.05475e-08
 Reference value :  4.12225e-08
 Reference value :  4.18425e-08
 Reference value :  4.24525e-08
 Reference value :  4.30675e-08
 Reference value :  4.36675e-08
 Reference value :  4.42875e-08
 Reference value :  4.48925e-08
 Reference value :  4.55325e-08
 Reference value :  4.64125e-08
 Reference value :  4.74075e-08
 Reference value :  4.82775e-08
 Reference value :  4.92175e-08
 Reference value :  4.98225e-08
 Reference value :  5.05625e-08
 Reference value :  5.12725e-08
 Reference value :  5.19075e-08
 Reference value :  5.26275e-08
 Reference value :  5.32675e-08
 Reference value :  5.38625e-08
 Reference value :  5.44275e-08
 Reference value :  5.50275e-08
 Reference value :  5.57925e-08
 Reference value :  5.65125e-08
 Reference value :  5.73425e-08
 Reference value :  5.82675e-08
 Reference value :  5.90525e-08
 Reference value :  5.99475e-08
 Reference value :  6.05225e-08
 Reference value :  6.11125e-08
 Reference value :  6.17725e-08
 Reference value :  6.24275e-08
 Reference value :  6.30275e-08
 Reference value :  6.37125e-08
 Reference value :  6.45125e-08
 Reference value :  6.52025e-08
 Reference value :  6.57775e-08
 Reference value :  6.63625e-08
 Reference value :  6.70075e-08
 Reference value :  6.76475e-08
 Reference value :  6.82575e-08
 Reference value :  6.89475e-08
 Reference value :  6.97675e-08
 Reference value :  7.04575e-08
 Reference value :  7.10175e-08
 Reference value :  7.16725e-08
 Reference value :  7.23375e-08
 Reference value :  7.29925e-08
 Reference value :  7.36225e-08
 Reference value :  7.43325e-08
 Reference value :  7.50275e-08
 Reference value :  7.55975e-08
 Reference value :  7.62275e-08
 Reference value :  7.68475e-08
 Reference value :  7.74775e-08
 Reference value :  7.79975e-08
 Reference value :  7.85475e-08
 Reference value :  7.91125e-08
 Reference value :  7.96725e-08
 Reference value :  8.02225e-08
 Reference value :  8.07625e-08
 Reference value :  8.13175e-08
 Reference value :  8.18975e-08
 Reference value :  8.25375e-08
 Reference value :  8.32175e-08
 Reference value :  8.38125e-08
 Reference value :  8.44225e-08
 Reference value :  8.49925e-08
 Reference value :  8.55725e-08
 Reference value :  8.62875e-08
 Reference value :  8.69075e-08
 Reference value :  8.75075e-08
 Reference value :  8.81725e-08
 Reference value :  8.87325e-08
 Reference value :  8.92725e-08
 Reference value :  8.99675e-08
 Reference value :  9.05825e-08
 Reference value :  9.12175e-08
 Reference value :  9.18975e-08
 Reference value :  9.25375e-08
 Reference value :  9.31775e-08
 Reference value :  9.38175e-08
 Reference value :  9.44275e-08
 Reference value :  9.50075e-08
 Reference value :  9.56275e-08
 Reference value :  9.63175e-08
 Reference value :  9.69275e-08
 Reference value :  9.76275e-08
 Reference value :  9.81925e-08
 Reference value :  9.87525e-08
 Reference value :  9.93125e-08
 Reference value :  9.98575e-08
 Reference value :  1.00533e-07
 Reference value :  1.01328e-07
 Reference value :  1.02148e-07
 Reference value :  1.02978e-07
 Reference value :  1.03888e-07
 Reference value :  1.04618e-07
 Reference value :  1.05203e-07
 Reference value :  1.05723e-07
 Reference value :  1.06398e-07
 Reference value :  1.07103e-07
 Reference value :  1.07993e-07
 Reference value :  1.08838e-07
 Reference value :  1.09663e-07
 Reference value :  1.10483e-07
 Reference value :  1.11193e-07
 Reference value :  1.11833e-07
 Reference value :  1.12448e-07
 Reference value :  1.13113e-07
 Reference value :  1.13713e-07
 Reference value :  1.14343e-07
 Reference value :  1.15038e-07
 Reference value :  1.15648e-07
 Reference value :  1.16188e-07
 Reference value :  1.16733e-07
 Reference value :  1.17243e-07
 Reference value :  1.17798e-07
 Reference value :  1.18358e-07
 Reference value :  1.18913e-07
 Reference value :  1.19428e-07
 Reference value :  1.19963e-07
 Reference value :  1.20598e-07
 Reference value :  1.21323e-07
 Reference value :  1.22138e-07
 Reference value :  1.23073e-07
 Reference value :  1.23808e-07
 Reference value :  1.24433e-07
 Reference value :  1.25108e-07
 Reference value :  1.25748e-07
 Reference value :  1.26358e-07
 Reference value :  1.26988e-07
 Reference value :  1.27598e-07
 Reference value :  1.28203e-07
 Reference value :  1.28903e-07
 Reference value :  1.29478e-07
 Reference value :  1.30033e-07
 Reference value :  1.30543e-07
 Reference value :  1.31048e-07
 Reference value :  1.31583e-07
 Reference value :  1.32138e-07
 Reference value :  1.32693e-07
 Reference value :  1.33243e-07
 Reference value :  1.33768e-07
 Reference value :  1.34303e-07
 Reference value :  1.34988e-07
 Reference value :  1.35628e-07
 Reference value :  1.36228e-07
 Reference value :  1.36858e-07
 Reference value :  1.37458e-07
 Reference value :  1.38033e-07
 Reference value :  1.38623e-07
 Reference value :  1.39223e-07
 Reference value :  1.39878e-07
 Reference value :  1.40473e-07
 Reference value :  1.41148e-07
 Reference value :  1.41758e-07
 Reference value :  1.42448e-07
 Reference value :  1.43018e-07
 Reference value :  1.43553e-07
 Reference value :  1.44093e-07
 Reference value :  1.44638e-07
 Reference value :  1.45198e-07
 Reference value :  1.45758e-07
 Reference value :  1.46293e-07
 Reference value :  1.46848e-07
 Reference value :  1.47368e-07
 Reference value :  1.47928e-07
 Reference value :  1.48538e-07
 Reference value :  1.49118e-07
 Reference value :  1.49798e-07
 Reference value :  1.50443e-07
 Reference value :  1.51078e-07
 Reference value :  1.51673e-07
 Reference value :  1.52288e-07
 Reference value :  1.52908e-07
 Reference value :  1.53533e-07
 Reference value :  1.54143e-07
 Reference value :  1.54838e-07
 Reference value :  1.55628e-07
 Reference value :  1.56168e-07
 Reference value :  1.56733e-07
 Reference value :  1.57288e-07
 Reference value :  1.57853e-07
 Reference value :  1.58393e-07
 Reference value :  1.58943e-07
 Reference value :  1.59493e-07
 Reference value :  1.60063e-07
 Reference value :  1.60623e-07
 Reference value :  1.61123e-07
 Reference value :  1.61708e-07
 Reference value :  1.62383e-07
 Reference value :  1.62998e-07
 Reference value :  1.63583e-07
 Reference value :  1.64223e-07
 Reference value :  1.65073e-07
 Reference value :  1.65753e-07
 Reference value :  1.66383e-07
 Reference value :  1.67008e-07
 Reference value :  1.67633e-07
 Reference value :  1.68218e-07
 Reference value :  1.68913e-07
 Reference value :  1.69538e-07
 Reference value :  1.70243e-07
 Reference value :  1.70803e-07
 Reference value :  1.71333e-07
 Reference value :  1.71903e-07
 Reference value :  1.72448e-07
 Reference value :  1.72993e-07
 Reference value :  1.73543e-07
 Reference value :  1.74113e-07
 Reference value :  1.74658e-07
 Reference value :  1.75183e-07
 Reference value :  1.75708e-07
 Reference value :  1.76238e-07
 Reference value :  1.76768e-07
 Reference value :  1.77308e-07
 Reference value :  1.77858e-07
 Reference value :  1.78388e-07
 Reference value :  1.78938e-07
 Reference value :  1.79478e-07
 Reference value :  1.80023e-07
 Reference value :  1.80573e-07
 Reference value :  1.81123e-07
 Reference value :  1.81653e-07
 Reference value :  1.82168e-07
 Reference value :  1.82633e-07
 Reference value :  1.83148e-07
 Reference value :  1.83678e-07
 Reference value :  1.84193e-07
 Reference value :  1.84728e-07
 Reference value :  1.85278e-07
 Reference value :  1.85813e-07
 Reference value :  1.86368e-07
 Reference value :  1.86903e-07
 Reference value :  1.87458e-07
 Reference value :  1.88008e-07
 Reference value :  1.88573e-07
 Reference value :  1.89098e-07
 Reference value :  1.89643e-07
 Reference value :  1.90198e-07
 Reference value :  1.90743e-07
 Reference value :  1.91288e-07
 Reference value :  1.91778e-07
 Reference value :  1.92328e-07
 Reference value :  1.92883e-07
 Reference value :  1.93418e-07
 Reference value :  1.93948e-07
 Reference value :  1.94508e-07
 Reference value :  1.95058e-07
 Reference value :  1.95608e-07
 Reference value :  1.96133e-07
 Reference value :  1.96663e-07
 Reference value :  1.97218e-07
 Reference value :  1.97758e-07
 Reference value :  1.98303e-07
 Reference value :  1.98828e-07
 Reference value :  1.99358e-07
 Reference value :  1.99918e-07
 Reference value :  2.00448e-07
 Reference value :  2.00983e-07
 Reference value :  2.01538e-07
 Reference value :  2.02088e-07
 Reference value :  2.02638e-07
 Reference value :  2.03168e-07
 Reference value :  2.03718e-07
 Reference value :  2.04253e-07
 Reference value :  2.04803e-07
 Reference value :  2.05343e-07
 Reference value :  2.05883e-07
 Reference value :  2.06428e-07
 Reference value :  2.06973e-07
 Reference value :  2.07523e-07
 Reference value :  2.08008e-07
 Reference value :  2.08553e-07
 Reference value :  2.09098e-07
 Reference value :  2.09648e-07
 Reference value :  2.10173e-07
 Reference value :  2.10723e-07
 Reference value :  2.11268e-07
 Reference value :  2.11808e-07
 Reference value :  2.12363e-07
 Reference value :  2.12903e-07
 Reference value :  2.13433e-07
 Reference value :  2.13973e-07
 Reference value :  2.14518e-07
 Reference value :  2.15013e-07
 Reference value :  2.15538e-07
 Reference value :  2.16088e-07
 Reference value :  2.16638e-07
 Reference value :  2.17178e-07
 Reference value :  2.17703e-07
 Reference value :  2.18263e-07
 Reference value :  2.18818e-07
 Reference value :  2.19353e-07
 Reference value :  2.19893e-07
 Reference value :  2.20413e-07
 Reference value :  2.20968e-07
 Reference value :  2.21503e-07
 Reference value :  2.21998e-07
 Reference value :  2.22513e-07
 Reference value :  2.23058e-07
 Reference value :  2.23608e-07
 Reference value :  2.24158e-07
 Reference value :  2.24678e-07
 Reference value :  2.25228e-07
 Reference value :  2.25783e-07
 Reference value :  2.26338e-07
 Reference value :  2.26868e-07
 Reference value :  2.27383e-07
 Reference value :  2.27933e-07
 Reference value :  2.28488e-07
 Reference value :  2.29018e-07
 Reference value :  2.29538e-07
 Reference value :  2.30058e-07
 Reference value :  2.30613e-07
 Reference value :  2.31163e-07
 Reference value :  2.31688e-07
 Reference value :  2.32238e-07
 Reference value :  2.32788e-07
 Reference value :  2.33343e-07
 Reference value :  2.33888e-07
 Reference value :  2.34423e-07
 Reference value :  2.34943e-07
 Reference value :  2.35493e-07
 Reference value :  2.36038e-07
 Reference value :  2.36528e-07
 Reference value :  2.37058e-07
 Reference value :  2.37598e-07
 Reference value :  2.38163e-07
 Reference value :  2.38688e-07
 Reference value :  2.39238e-07
 Reference value :  2.39793e-07
 Reference value :  2.40338e-07
 Reference value :  2.40888e-07
 Reference value :  2.41438e-07
 Reference value :  2.41958e-07
 Reference value :  2.42473e-07
 Reference value :  2.43023e-07
 Reference value :  2.43528e-07
 Reference value :  2.44063e-07
 Reference value :  2.44618e-07
 Reference value :  2.45173e-07
 Reference value :  2.45688e-07
 Reference value :  2.46238e-07
 Reference value :  2.46788e-07
 Reference value :  2.47338e-07
 Reference value :  2.47888e-07
 Reference value :  2.48433e-07
 Reference value :  2.48968e-07
 Reference value :  2.49518e-07
 Reference value :  2.50073e-07
 Reference value :  2.50578e-07
 Reference value :  2.51108e-07
 Reference value :  2.51633e-07
 Reference value :  2.52183e-07
 Reference value :  2.52723e-07
 Reference value :  2.53263e-07
 Reference value :  2.53818e-07
 Reference value :  2.54368e-07
 Reference value :  2.54913e-07
 Reference value :  2.55463e-07
 Reference value :  2.55998e-07
 Reference value :  2.56553e-07
 Reference value :  2.57098e-07
 Reference value :  2.57613e-07
 Reference value :  2.58128e-07
 Reference value :  2.58678e-07
 Reference value :  2.59223e-07
 Reference value :  2.59758e-07
 Reference value :  2.60303e-07
 Reference value :  2.60848e-07
 Reference value :  2.61403e-07
 Reference value :  2.61958e-07
 Reference value :  2.62508e-07
 Reference value :  2.63048e-07
 Reference value :  2.63598e-07
 Reference value :  2.64148e-07
 Reference value :  2.64668e-07
 Reference value :  2.65193e-07
 Reference value :  2.65743e-07
 Reference value :  2.66283e-07
 Reference value :  2.66828e-07
 Reference value :  2.67353e-07
 Reference value :  2.67913e-07
 Reference value :  2.68468e-07
 Reference value :  2.69018e-07
 Reference value :  2.69563e-07
 Reference value :  2.70108e-07
 Reference value :  2.70653e-07
 Reference value :  2.71203e-07
 Reference value :  2.71713e-07
 Reference value :  2.72233e-07
 Reference value :  2.72773e-07
 Reference value :  2.73313e-07
 Reference value :  2.73858e-07
 Reference value :  2.74378e-07
 Reference value :  2.74903e-07
 Reference value :  2.75443e-07
 Reference value :  2.76003e-07
 Reference value :  2.76548e-07
 Reference value :  2.77098e-07
 Reference value :  2.77648e-07
 Reference value :  2.78198e-07
 Reference value :  2.78698e-07
 Reference value :  2.79178e-07
 Reference value :  2.79683e-07
 Reference value :  2.80198e-07
 Reference value :  2.80723e-07
 Reference value :  2.81223e-07
 Reference value :  2.81773e-07
 Reference value :  2.82318e-07
 Reference value :  2.82863e-07
 Reference value :  2.83383e-07
 Reference value :  2.83868e-07
 Reference value :  2.84353e-07
 Reference value :  2.84818e-07
 Reference value :  2.85333e-07
 Reference value :  2.85852e-07
 Reference value :  2.86372e-07
 Reference value :  2.86912e-07
 Reference value :  2.87432e-07
 Reference value :  2.87947e-07
 Reference value :  2.88502e-07
 Reference value :  2.89032e-07
 Reference value :  2.89577e-07
 Reference value :  2.90112e-07
 Reference value :  2.90657e-07
 Reference value :  2.91192e-07
 Reference value :  2.91737e-07
 Reference value :  2.92277e-07
 Reference value :  2.92792e-07
 Reference value :  2.93317e-07
 Reference value :  2.93852e-07
 Reference value :  2.94402e-07
 Reference value :  2.94897e-07
 Reference value :  2.95402e-07
 Reference value :  2.95937e-07
 Reference value :  2.96462e-07
 Reference value :  2.96997e-07
 Reference value :  2.97537e-07
 Reference value :  2.98052e-07
 Reference value :  2.98607e-07
 Reference value :  2.99157e-07
 Reference value :  2.99667e-07
 Reference value :  3.00137e-07
 Reference value :  3.00617e-07
 Reference value :  3.01137e-07
 Reference value :  3.01642e-07
 Reference value :  3.02122e-07
 Reference value :  3.02592e-07
 Reference value :  3.03107e-07
 Reference value :  3.03632e-07
 Reference value :  3.04127e-07
 Reference value :  3.04632e-07
 Reference value :  3.05102e-07
 Reference value :  3.05647e-07
 Reference value :  3.06182e-07
 Reference value :  3.06687e-07
 Reference value :  3.07212e-07
 Reference value :  3.07702e-07
 Reference value :  3.08187e-07
 Reference value :  3.08607e-07
 Reference value :  3.09082e-07
 Reference value :  3.09602e-07
 Reference value :  3.10117e-07
 Reference value :  3.10637e-07
 Reference value :  3.11137e-07
 Reference value :  3.11657e-07
 Reference value :  3.12122e-07
 Reference value :  3.12642e-07
 Reference value :  3.13107e-07
 Reference value :  3.13602e-07
 Reference value :  3.14137e-07
 Reference value :  3.14622e-07
 Reference value :  3.15152e-07
 Reference value :  3.15637e-07
 Reference value :  3.16117e-07
 Reference value :  3.16607e-07
 Reference value :  3.17157e-07
 Reference value :  3.17672e-07
 Reference value :  3.18177e-07
 Reference value :  3.18677e-07
 Reference value :  3.19187e-07
 Reference value :  3.19692e-07
 Reference value :  3.20132e-07
 Reference value :  3.20602e-07
 Reference value :  3.21157e-07
 Reference value :  3.21697e-07
 Reference value :  3.22242e-07
 Reference value :  3.22762e-07
 Reference value :  3.23262e-07
 Reference value :  3.23802e-07
 Reference value :  3.24327e-07
 Reference value :  3.24852e-07
 Reference value :  3.25372e-07
 Reference value :  3.25897e-07
 Reference value :  3.26452e-07
 Reference value :  3.26982e-07
 Reference value :  3.27477e-07
 Reference value :  3.28007e-07
 Reference value :  3.28552e-07
 Reference value :  3.29072e-07
 Reference value :  3.29577e-07
 Reference value :  3.30092e-07
 Reference value :  3.30607e-07
 Reference value :  3.31152e-07
 Reference value :  3.31717e-07
 Reference value :  3.32267e-07
 Reference value :  3.32782e-07
 Reference value :  3.33282e-07
 Reference value :  3.33822e-07
 Reference value :  3.34327e-07
 Reference value :  3.34872e-07
 Reference value :  3.35377e-07
 Reference value :  3.35932e-07
 Reference value :  3.36417e-07
 Reference value :  3.36772e-07
 Reference value :  3.37162e-07
 Reference value :  3.37572e-07
 Reference value :  3.37962e-07
 Reference value :  3.38367e-07
 Reference value :  3.38807e-07
 Reference value :  3.39267e-07
 Reference value :  3.39672e-07
 Reference value :  3.40047e-07
 Reference value :  3.40492e-07
 Reference value :  3.41037e-07
 Reference value :  3.41542e-07
 Reference value :  3.42092e-07
 Reference value :  3.42642e-07
 Reference value :  3.43162e-07
 Reference value :  3.43682e-07
 Reference value :  3.44222e-07
 Reference value :  3.44767e-07
 Reference value :  3.45317e-07
 Reference value :  3.45872e-07
 Reference value :  3.46427e-07
 Reference value :  3.46977e-07
 Reference value :  3.47512e-07
 Reference value :  3.48037e-07
 Reference value :  3.48562e-07
 Reference value :  3.49117e-07
 Reference value :  3.49667e-07
 Reference value :  3.50172e-07
 Reference value :  3.50667e-07
 Reference value :  3.51222e-07
 Reference value :  3.51772e-07
 Reference value :  3.52312e-07
 Reference value :  3.52862e-07
 Reference value :  3.53417e-07
 Reference value :  3.53972e-07
 Reference value :  3.54517e-07
 Reference value :  3.55042e-07
 Reference value :  3.55577e-07
 Reference value :  3.56107e-07
 Reference value :  3.56657e-07
 Reference value :  3.57192e-07
 Reference value :  3.57737e-07
 Reference value :  3.58267e-07
 Reference value :  3.58827e-07
 Reference value :  3.59357e-07
 Reference value :  3.59892e-07
 Reference value :  3.60452e-07
 Reference value :  3.61002e-07
 Reference value :  3.61552e-07
 Reference value :  3.62087e-07
 Reference value :  3.62642e-07
 Reference value :  3.63152e-07
 Reference value :  3.63702e-07
 Reference value :  3.64252e-07
 Reference value :  3.64802e-07
 Reference value :  3.65352e-07
 Reference value :  3.65877e-07
 Reference value :  3.66427e-07
 Reference value :  3.66942e-07
 Reference value :  3.67497e-07
 Reference value :  3.68047e-07
 Reference value :  3.68592e-07
 Reference value :  3.69127e-07
 Reference value :  3.69652e-07
 Reference value :  3.70142e-07
 Reference value :  3.70672e-07
 Reference value :  3.71207e-07
 Reference value :  3.71717e-07
 Reference value :  3.72267e-07
 Reference value :  3.72822e-07
 Reference value :  3.73357e-07
 Reference value :  3.73872e-07
 Reference value :  3.74412e-07
 Reference value :  3.74967e-07
 Reference value :  3.75512e-07
 Reference value :  3.76032e-07
 Reference value :  3.76527e-07
 Reference value :  3.77027e-07
 Reference value :  3.77577e-07
 Reference value :  3.78127e-07
 Reference value :  3.78622e-07
 Reference value :  3.79157e-07
 Reference value :  3.79692e-07
 Reference value :  3.80247e-07
 Reference value :  3.80797e-07
 Reference value :  3.81282e-07
 Reference value :  3.81827e-07
 Reference value :  3.82362e-07
 Reference value :  3.82902e-07
 Reference value :  3.83407e-07
 Reference value :  3.83907e-07
 Reference value :  3.84417e-07
 Reference value :  3.84957e-07
 Reference value :  3.85472e-07
 Reference value :  3.86002e-07
 Reference value :  3.86517e-07
 Reference value :  3.87027e-07
 Reference value :  3.87577e-07
 Reference value :  3.88127e-07
 Reference value :  3.88632e-07
 Reference value :  3.89102e-07
 Reference value :  3.89612e-07
 Reference value :  3.90132e-07
 Reference value :  3.90647e-07
 Reference value :  3.91147e-07
 Reference value :  3.91667e-07
 Reference value :  3.92207e-07
 Reference value :  3.92732e-07
 Reference value :  3.93272e-07
 Reference value :  3.93792e-07
 Reference value :  3.94322e-07
 Reference value :  3.94817e-07
 Reference value :  3.95367e-07
 Reference value :  3.95877e-07
 Reference value :  3.96367e-07
 Reference value :  3.96857e-07
 Reference value :  3.97392e-07
 Reference value :  3.97897e-07
 Reference value :  3.98377e-07
 Reference value :  3.98892e-07
 Reference value :  3.99427e-07
 Reference value :  3.99942e-07
 Reference value :  4.00437e-07
 Reference value :  4.00987e-07
 Reference value :  4.01507e-07
 Reference value :  4.02032e-07
 Reference value :  4.02562e-07
 Reference value :  4.03087e-07
 Reference value :  4.03602e-07
 Reference value :  4.04072e-07
 Reference value :  4.04607e-07
 Reference value :  4.05117e-07
 Reference value :  4.05602e-07
 Reference value :  4.06097e-07
 Reference value :  4.06632e-07
 Reference value :  4.07147e-07
 Reference value :  4.07627e-07
 Reference value :  4.08177e-07
 Reference value :  4.08717e-07
 Reference value :  4.09242e-07
 Reference value :  4.09757e-07
 Reference value :  4.10287e-07
 Reference value :  4.10777e-07
 Reference value :  4.11302e-07
 Reference value :  4.11787e-07
 Reference value :  4.12267e-07
 Reference value :  4.12717e-07
 Reference value :  4.13197e-07
 Reference value :  4.13732e-07
 Reference value :  4.14247e-07
 Reference value :  4.14727e-07
 Reference value :  4.15287e-07
 Reference value :  4.15842e-07
 Reference value :  4.16367e-07
 Reference value :  4.16892e-07
 Reference value :  4.17407e-07
 Reference value :  4.17887e-07
 Reference value :  4.18437e-07
 Reference value :  4.18957e-07
 Reference value :  4.19437e-07
 Reference value :  4.19907e-07
 Reference value :  4.20312e-07
 Reference value :  4.20842e-07
 Reference value :  4.21372e-07
 Reference value :  4.21907e-07
 Reference value :  4.22457e-07
 Reference value :  4.23017e-07
 Reference value :  4.23572e-07
 Reference value :  4.24112e-07
 Reference value :  4.24642e-07
 Reference value :  4.25167e-07
 Reference value :  4.25717e-07
 Reference value :  4.26237e-07
 Reference value :  4.26747e-07
 Reference value :  4.27287e-07
 Reference value :  4.27822e-07
 Reference value :  4.28377e-07
 Reference value :  4.28887e-07
 Reference value :  4.29437e-07
 Reference value :  4.29992e-07
 Reference value :  4.30547e-07
 Reference value :  4.31092e-07
 Reference value :  4.31597e-07
 Reference value :  4.32132e-07
 Reference value :  4.32667e-07
 Reference value :  4.33217e-07
 Reference value :  4.33707e-07
 Reference value :  4.34212e-07
 Reference value :  4.34747e-07
 Reference value :  4.35292e-07
 Reference value :  4.35822e-07
 Reference value :  4.36352e-07
 Reference value :  4.36902e-07
 Reference value :  4.37452e-07
 Reference value :  4.38007e-07
 Reference value :  4.38537e-07
 Reference value :  4.39067e-07
 Reference value :  4.39602e-07
 Reference value :  4.40132e-07
 Reference value :  4.40657e-07
 Reference value :  4.41192e-07
 Reference value :  4.41737e-07
 Reference value :  4.42272e-07
 Reference value :  4.42817e-07
 Reference value :  4.43337e-07
 Reference value :  4.43882e-07
 Reference value :  4.44432e-07
 Reference value :  4.44987e-07
 Reference value :  4.45512e-07
 Reference value :  4.46067e-07
 Reference value :  4.46617e-07
 Reference value :  4.47142e-07
 Reference value :  4.47667e-07
 Reference value :  4.48222e-07
 Reference value :  4.48772e-07
 Reference value :  4.49302e-07
 Reference value :  4.49852e-07
 Reference value :  4.50367e-07
 Reference value :  4.50907e-07
 Reference value :  4.51457e-07
 Reference value :  4.51997e-07
 Reference value :  4.52532e-07
 Reference value :  4.53087e-07
 Reference value :  4.53647e-07
 Reference value :  4.54192e-07
 Reference value :  4.54722e-07
 Reference value :  4.55272e-07
 Reference value :  4.55827e-07
 Reference value :  4.56377e-07
 Reference value :  4.56937e-07
 Reference value :  4.57452e-07
 Reference value :  4.57987e-07
 Reference value :  4.58542e-07
 Reference value :  4.59072e-07
 Reference value :  4.59627e-07
 Reference value :  4.60177e-07
 Reference value :  4.60737e-07
 Reference value :  4.61282e-07
 Reference value :  4.61832e-07
 Reference value :  4.62387e-07
 Reference value :  4.62942e-07
 Reference value :  4.63507e-07
 Reference value :  4.64047e-07
 Reference value :  4.64722e-07
 Reference value :  4.65272e-07
 Reference value :  4.65792e-07
 Reference value :  4.66337e-07
 Reference value :  4.66887e-07
 Reference value :  4.67442e-07
 Reference value :  4.67992e-07
 Reference value :  4.68532e-07
 Reference value :  4.69082e-07
 Reference value :  4.69622e-07
 Reference value :  4.70117e-07
 Reference value :  4.70667e-07
 Reference value :  4.71212e-07
 Reference value :  4.71702e-07
 Reference value :  4.72192e-07
 Reference value :  4.72717e-07
 Reference value :  4.73232e-07
 Reference value :  4.73722e-07
 Reference value :  4.74252e-07
 Reference value :  4.74787e-07
 Reference value :  4.75297e-07
 Reference value :  4.75807e-07
 Reference value :  4.76302e-07
 Reference value :  4.76777e-07
 Reference value :  4.77262e-07
 Reference value :  4.77777e-07
 Reference value :  4.78322e-07
 Reference value :  4.78812e-07
 Reference value :  4.79302e-07
 Reference value :  4.79752e-07
 Reference value :  4.80282e-07
 Reference value :  4.80797e-07
 Reference value :  4.81333e-07
 Reference value :  4.81878e-07
 Reference value :  4.82373e-07
 Reference value :  4.82898e-07
 Reference value :  4.83428e-07
 Reference value :  4.83938e-07
 Reference value :  4.84488e-07
 Reference value :  4.84998e-07
 Reference value :  4.85523e-07
 Reference value :  4.86008e-07
 Reference value :  4.86508e-07
 Reference value :  4.87013e-07
 Reference value :  4.87523e-07
 Reference value :  4.88048e-07
 Reference value :  4.88608e-07
 Reference value :  4.89118e-07
 Reference value :  4.89628e-07
 Reference value :  4.90173e-07
 Reference value :  4.90693e-07
 Reference value :  4.91168e-07
 Reference value :  4.91678e-07
 Reference value :  4.92228e-07
 Reference value :  4.92708e-07
 Reference value :  4.93238e-07
 Reference value :  4.93733e-07
 Reference value :  4.94243e-07
 Reference value :  4.94793e-07
 Reference value :  4.95318e-07
 Reference value :  4.95853e-07
 Reference value :  4.96363e-07
 Reference value :  4.96878e-07
 Reference value :  4.97408e-07
 Reference value :  4.97938e-07
 Reference value :  4.98428e-07
 Reference value :  4.98953e-07
 Reference value :  4.99488e-07
 Reference value :  4.99983e-07
 Reference value :  5.00483e-07
 Reference value :  5.00973e-07
 Reference value :  5.01498e-07
 Reference value :  5.02048e-07
 Reference value :  5.02583e-07
 Reference value :  5.03033e-07
 Reference value :  5.03578e-07
 Reference value :  5.04128e-07
 Reference value :  5.04643e-07
 Reference value :  5.05138e-07
 Reference value :  5.05673e-07
 Reference value :  5.06173e-07
 Reference value :  5.06688e-07
 Reference value :  5.07218e-07
 Reference value :  5.07698e-07
 Reference value :  5.08228e-07
 Reference value :  5.08738e-07
 Reference value :  5.09258e-07
 Reference value :  5.09798e-07
 Reference value :  5.10283e-07
 Reference value :  5.10748e-07
 Reference value :  5.11298e-07
 Reference value :  5.11823e-07
 Reference value :  5.12328e-07
 Reference value :  5.12873e-07
 Reference value :  5.13373e-07
 Reference value :  5.13863e-07
 Reference value :  5.14368e-07
 Reference value :  5.14893e-07
 Reference value :  5.15373e-07
 Reference value :  5.15848e-07
 Reference value :  5.16328e-07
 Reference value :  5.16848e-07
 Reference value :  5.17338e-07
 Reference value :  5.17828e-07
 Reference value :  5.18323e-07
 Reference value :  5.18823e-07
 Reference value :  5.19348e-07
 Reference value :  5.19898e-07
 Reference value :  5.20368e-07
 Reference value :  5.20898e-07
 Reference value :  5.21428e-07
 Reference value :  5.21983e-07
 Reference value :  5.22533e-07
 Reference value :  5.23023e-07
 Reference value :  5.23548e-07
 Reference value :  5.24063e-07
 Reference value :  5.24613e-07
 Reference value :  5.25173e-07
 Reference value :  5.25668e-07
 Reference value :  5.26218e-07
 Reference value :  5.26768e-07
 Reference value :  5.27318e-07
 Reference value :  5.27853e-07
 Reference value :  5.28363e-07
 Reference value :  5.28913e-07
 Reference value :  5.29468e-07
 Reference value :  5.30018e-07
 Reference value :  5.30543e-07
 Reference value :  5.31043e-07
 Reference value :  5.31553e-07
 Reference value :  5.32098e-07
 Reference value :  5.32623e-07
 Reference value :  5.33143e-07
 Reference value :  5.33693e-07
 Reference value :  5.34238e-07
 Reference value :  5.34793e-07
 Reference value :  5.35323e-07
 Reference value :  5.35883e-07
 Reference value :  5.36433e-07
 Reference value :  5.36983e-07
 Reference value :  5.37523e-07
 Reference value :  5.38013e-07
 Reference value :  5.38498e-07
 Reference value :  5.39048e-07
 Reference value :  5.39563e-07
 Reference value :  5.40118e-07
 Reference value :  5.40653e-07
 Reference value :  5.41188e-07
 Reference value :  5.41738e-07
 Reference value :  5.42283e-07
 Reference value :  5.42818e-07
 Reference value :  5.43363e-07
 Reference value :  5.43918e-07
 Reference value :  5.44468e-07
 Reference value :  5.44978e-07
 Reference value :  5.45518e-07
 Reference value :  5.46073e-07
 Reference value :  5.46608e-07
 Reference value :  5.47143e-07
 Reference value :  5.47703e-07
 Reference value :  5.48243e-07
 Reference value :  5.48763e-07
 Reference value :  5.49288e-07
 Reference value :  5.49828e-07
 Reference value :  5.50368e-07
 Reference value :  5.50918e-07
 Reference value :  5.51468e-07
 Reference value :  5.51968e-07
 Reference value :  5.52468e-07
 Reference value :  5.53018e-07
 Reference value :  5.53538e-07
 Reference value :  5.54068e-07
 Reference value :  5.54613e-07
 Reference value :  5.55173e-07
 Reference value :  5.55728e-07
 Reference value :  5.56238e-07
 Reference value :  5.56803e-07
 Reference value :  5.57343e-07
 Reference value :  5.57893e-07
 Reference value :  5.58438e-07
 Reference value :  5.58943e-07
 Reference value :  5.59468e-07
 Reference value :  5.59993e-07
 Reference value :  5.60538e-07
 Reference value :  5.61033e-07
 Reference value :  5.61583e-07
 Reference value :  5.62143e-07
 Reference value :  5.62703e-07
 Reference value :  5.63248e-07
 Reference value :  5.63773e-07
 Reference value :  5.64323e-07
 Reference value :  5.64853e-07
 Reference value :  5.65403e-07
 Reference value :  5.65918e-07
 Reference value :  5.66473e-07
 Reference value :  5.67013e-07
 Reference value :  5.67588e-07
 Reference value :  5.68138e-07
 Reference value :  5.68683e-07
 Reference value :  5.69238e-07
 Reference value :  5.69788e-07
 Reference value :  5.70258e-07
 Reference value :  5.70718e-07
 Reference value :  5.71228e-07
 Reference value :  5.71718e-07
 Reference value :  5.72208e-07
 Reference value :  5.72693e-07
 Reference value :  5.73188e-07
 Reference value :  5.73688e-07
 Reference value :  5.74233e-07
 Reference value :  5.74738e-07
 Reference value :  5.75233e-07
 Reference value :  5.75748e-07
 Reference value :  5.76263e-07
 Reference value :  5.76763e-07
 Reference value :  5.77313e-07
 Reference value :  5.77808e-07
 Reference value :  5.78363e-07
 Reference value :  5.78858e-07
 Reference value :  5.79368e-07
 Reference value :  5.79868e-07
 Reference value :  5.80388e-07
 Reference value :  5.80938e-07
 Reference value :  5.81493e-07
 Reference value :  5.82003e-07
 Reference value :  5.82508e-07
 Reference value :  5.83023e-07
 Reference value :  5.83573e-07
 Reference value :  5.84068e-07
 Reference value :  5.84538e-07
 Reference value :  5.85078e-07
 Reference value :  5.85628e-07
 Reference value :  5.86173e-07
 Reference value :  5.86698e-07
 Reference value :  5.87183e-07
 Reference value :  5.87688e-07
 Reference value :  5.88243e-07
 Reference value :  5.88793e-07
 Reference value :  5.89278e-07
 Reference value :  5.89833e-07
 Reference value :  5.90388e-07
 Reference value :  5.90953e-07
 Reference value :  5.91483e-07
 Reference value :  5.91978e-07
 Reference value :  5.92543e-07
 Reference value :  5.93103e-07
 Reference value :  5.93673e-07
 Reference value :  5.94128e-07
 Reference value :  5.94623e-07
 Reference value :  5.95193e-07
 Reference value :  5.95753e-07
 Reference value :  5.96278e-07
 Reference value :  5.96808e-07
 Reference value :  5.97358e-07
 Reference value :  5.97908e-07
 Reference value :  5.98403e-07
 Reference value :  5.98918e-07
 Reference value :  5.99428e-07
 Reference value :  5.99953e-07
No. of Data Rows : 120066
pt1a                =  2.39176e-08
pt1b                =  1.00180e-07
pt2a                =  2.32478e-08
pt2b                =  9.70950e-08
pt3a                =  2.27131e-08
pt3b                =  9.40232e-08
pt4a                =  2.22205e-08
pt4b                =  9.12857e-08
pd1_clk             =  7.56357e-08 targ=  4.79230e-07 trig=  4.03595e-07
pd2_clk             =  7.34173e-08 targ=  4.78490e-07 trig=  4.05073e-07
pd3_clk             =  7.14555e-08 targ=  4.78161e-07 trig=  4.06705e-07
pd4_clk             =  6.90120e-08 targ=  4.74771e-07 trig=  4.05759e-07
vsub_rst_max        =  9.01589e-01 at=  2.09813e-07
vsub_rst_min        =  7.12150e-01 at=  2.64788e-07
vsub_clk_max        =  9.52228e-01 at=  4.20092e-07
vsub_clk_min        =  7.03723e-01 at=  4.70000e-07
p_tr1 = 7.626290e-09
p_tr2 = 7.384719e-09
p_tr3 = 7.131008e-09
p_tr4 = 6.906515e-09
p_skew_span = 1.104217e+00
p_tr1_clk = 7.563572e-09
p_tr2_clk = 7.341726e-09
p_tr3_clk = 7.145550e-09
p_tr4_clk = 6.901199e-09
p_skew_span_clk = 1.095979e+00
vsub_swing_rst = 1.169378e-01
vsub_swing_clk = 1.533981e-01
Note: Simulation executed from .control section 

----- stderr -----

Checking parameters for BSIM 4.5 model xarr.xpex.xn264:pshort_model.43
Warning: Eta0 = -0.000373202 is negative.

Checking parameters for BSIM 4.5 model xarr.xpex.xn263:pshort_model.43
Warning: Eta0 = -0.000373202 is negative.

Checking parameters for BSIM 4.5 model xarr.xpex.xn262:pshort_model.43
Warning: Eta0 = -0.000373202 is negative.

Checking parameters for BSIM 4.5 model xarr.xpex.xn261:pshort_model.43
Warning: Eta0 = -0.000373202 is negative.

Checking parameters for BSIM 4.5 model xarr.xpex.xn260:pshort_model.43
Warning: Eta0 = -0.000373202 is negative.

Checking parameters for BSIM 4.5 model xarr.xpex.xn259:pshort_model.43
Warning: Eta0 = -0.000373202 is negative.

Checking parameters for BSIM 4.5 model xarr.xpex.xn258:pshort_model.43
Warning: Eta0 = -0.000373202 is negative.

Checking parameters for BSIM 4.5 model xarr.xpex.xn257:pshort_model.43
Warning: Eta0 = -0.000373202 is negative.

Checking parameters for BSIM 4.5 model xarr.xpex.xn256:pshort_model.43
Warning: Eta0 = -0.000373202 is negative.

Checking parameters for BSIM 4.5 model xarr.xpex.xn255:pshort_model.43
Warning: Eta0 = -0.000373202 is negative.

Checking parameters for BSIM 4.5 model xarr.xpex.xn254:pshort_model.43
Warning: Eta0 = -0.000373202 is negative.

Checking parameters for BSIM 4.5 model xarr.xpex.xn253:pshort_model.43
Warning: Eta0 = -0.000373202 is negative.

Checking parameters for BSIM 4.5 model xarr.xpex.xn252:pshort_model.40
Warning: A2 = 1.0885 is larger than 1. A2 is set to 1 and A1 is set to 0.
Warning: Pdibl1 = -0.00669442 is negative.

Checking parameters for BSIM 4.5 model xarr.xpex.xn251:pshort_model.43
Warning: Eta0 = -0.000373202 is negative.

Checking parameters for BSIM 4.5 model xarr.xpex.xn250:pshort_model.32
Warning: A2 = 1.14662 is larger than 1. A2 is set to 1 and A1 is set to 0.
Warning: Pdibl1 = -0.0493749 is negative.
Warning: Pdibl2 = -0.000925472 is negative.

Checking parameters for BSIM 4.5 model xarr.xpex.xn249:pshort_model.32
Warning: A2 = 1.14662 is larger than 1. A2 is set to 1 and A1 is set to 0.
Warning: Pdibl1 = -0.0493749 is negative.
Warning: Pdibl2 = -0.000925472 is negative.

Checking parameters for BSIM 4.5 model xarr.xpex.xn248:pshort_model.43
Warning: Eta0 = -0.000373202 is negative.

Checking parameters for BSIM 4.5 model xarr.xpex.xn247:pshort_model.32
Warning: A2 = 1.14662 is larger than 1. A2 is set to 1 and A1 is set to 0.
Warning: Pdibl1 = -0.0493749 is negative.
Warning: Pdibl2 = -0.000925472 is negative.

Checking parameters for BSIM 4.5 model xarr.xpex.xn246:pshort_model.32
Warning: A2 = 1.14662 is larger than 1. A2 is set to 1 and A1 is set to 0.
Warning: Pdibl1 = -0.0493749 is negative.
Warning: Pdibl2 = -0.000925472 is negative.

Checking parameters for BSIM 4.5 model xarr.xpex.xn245:pshort_model.40
Warning: A2 = 1.0885 is larger than 1. A2 is set to 1 and A1 is set to 0.
Warning: Pdibl1 = -0.00669442 is negative.

Checking parameters for BSIM 4.5 model xarr.xpex.xn244:pshort_model.43
Warning: Eta0 = -0.000373202 is negative.

Checking parameters for BSIM 4.5 model xarr.xpex.xn243:pshort_model.40
Warning: A2 = 1.0885 is larger than 1. A2 is set to 1 and A1 is set to 0.
Warning: Pdibl1 = -0.00669442 is negative.

Checking parameters for BSIM 4.5 model xarr.xpex.xn242:pshort_model.32
Warning: A2 = 1.14662 is larger than 1. A2 is set to 1 and A1 is set to 0.
Warning: Pdibl1 = -0.0493749 is negative.
Warning: Pdibl2 = -0.000925472 is negative.

Checking parameters for BSIM 4.5 model xarr.xpex.xn241:pshort_model.32
Warning: A2 = 1.14662 is larger than 1. A2 is set to 1 and A1 is set to 0.
Warning: Pdibl1 = -0.0493749 is negative.
Warning: Pdibl2 = -0.000925472 is negative.

Checking parameters for BSIM 4.5 model xarr.xpex.xn240:pshort_model.43
Warning: Eta0 = -0.000373202 is negative.

Checking parameters for BSIM 4.5 model xarr.xpex.xn239:pshort_model.32
Warning: A2 = 1.14662 is larger than 1. A2 is set to 1 and A1 is set to 0.
Warning: Pdibl1 = -0.0493749 is negative.
Warning: Pdibl2 = -0.000925472 is negative.

Checking parameters for BSIM 4.5 model xarr.xpex.xn238:pshort_model.32
Warning: A2 = 1.14662 is larger than 1. A2 is set to 1 and A1 is set to 0.
Warning: Pdibl1 = -0.0493749 is negative.
Warning: Pdibl2 = -0.000925472 is negative.

Checking parameters for BSIM 4.5 model xarr.xpex.xn237:pshort_model.40
Warning: A2 = 1.0885 is larger than 1. A2 is set to 1 and A1 is set to 0.
Warning: Pdibl1 = -0.00669442 is negative.

Checking parameters for BSIM 4.5 model xarr.xpex.xn236:pshort_model.43
Warning: Eta0 = -0.000373202 is negative.

Checking parameters for BSIM 4.5 model xarr.xpex.xn235:pshort_model.40
Warning: A2 = 1.0885 is larger than 1. A2 is set to 1 and A1 is set to 0.
Warning: Pdibl1 = -0.00669442 is negative.

Checking parameters for BSIM 4.5 model xarr.xpex.xn234:pshort_model.43
Warning: Eta0 = -0.000373202 is negative.

Checking parameters for BSIM 4.5 model xarr.xpex.xn233:pshort_model.32
Warning: A2 = 1.14662 is larger than 1. A2 is set to 1 and A1 is set to 0.
Warning: Pdibl1 = -0.0493749 is negative.
Warning: Pdibl2 = -0.000925472 is negative.

Checking parameters for BSIM 4.5 model xarr.xpex.xn232:pshort_model.32
Warning: A2 = 1.14662 is larger than 1. A2 is set to 1 and A1 is set to 0.
Warning: Pdibl1 = -0.0493749 is negative.
Warning: Pdibl2 = -0.000925472 is negative.

Checking parameters for BSIM 4.5 model xarr.xpex.xn231:pshort_model.43
Warning: Eta0 = -0.000373202 is negative.

Checking parameters for BSIM 4.5 model xarr.xpex.xn230:pshort_model.32
Warning: A2 = 1.14662 is larger than 1. A2 is set to 1 and A1 is set to 0.
Warning: Pdibl1 = -0.0493749 is negative.
Warning: Pdibl2 = -0.000925472 is negative.

Checking parameters for BSIM 4.5 model xarr.xpex.xn229:pshort_model.32
Warning: A2 = 1.14662 is larger than 1. A2 is set to 1 and A1 is set to 0.
Warning: Pdibl1 = -0.0493749 is negative.
Warning: Pdibl2 = -0.000925472 is negative.

Checking parameters for BSIM 4.5 model xarr.xpex.xn228:pshort_model.40
Warning: A2 = 1.0885 is larger than 1. A2 is set to 1 and A1 is set to 0.
Warning: Pdibl1 = -0.00669442 is negative.

Checking parameters for BSIM 4.5 model xarr.xpex.xn227:pshort_model.43
Warning: Eta0 = -0.000373202 is negative.

Checking parameters for BSIM 4.5 model xarr.xpex.xn226:pshort_model.40
Warning: A2 = 1.0885 is larger than 1. A2 is set to 1 and A1 is set to 0.
Warning: Pdibl1 = -0.00669442 is negative.

Checking parameters for BSIM 4.5 model xarr.xpex.xn225:pshort_model.40
Warning: A2 = 1.0885 is larger than 1. A2 is set to 1 and A1 is set to 0.
Warning: Pdibl1 = -0.00669442 is negative.

Checking parameters for BSIM 4.5 model xarr.xpex.xn224:pshort_model.40
Warning: A2 = 1.0885 is larger than 1. A2 is set to 1 and A1 is set to 0.
Warning: Pdibl1 = -0.00669442 is negative.

Checking parameters for BSIM 4.5 model xarr.xpex.xn223:pshort_model.40
Warning: A2 = 1.0885 is larger than 1. A2 is set to 1 and A1 is set to 0.
Warning: Pdibl1 = -0.00669442 is negative.

Checking parameters for BSIM 4.5 model xarr.xpex.xn222:pshort_model.40
Warning: A2 = 1.0885 is larger than 1. A2 is set to 1 and A1 is set to 0.
Warning: Pdibl1 = -0.00669442 is negative.

Checking parameters for BSIM 4.5 model xarr.xpex.xn221:pshort_model.40
Warning: A2 = 1.0885 is larger than 1. A2 is set to 1 and A1 is set to 0.
Warning: Pdibl1 = -0.00669442 is negative.

Checking parameters for BSIM 4.5 model xarr.xpex.xn220:pshort_model.40
Warning: A2 = 1.0885 is larger than 1. A2 is set to 1 and A1 is set to 0.
Warning: Pdibl1 = -0.00669442 is negative.

Checking parameters for BSIM 4.5 model xarr.xpex.xn219:pshort_model.40
Warning: A2 = 1.0885 is larger than 1. A2 is set to 1 and A1 is set to 0.
Warning: Pdibl1 = -0.00669442 is negative.

Checking parameters for BSIM 4.5 model xarr.xpex.xn218:pshort_model.40
Warning: A2 = 1.0885 is larger than 1. A2 is set to 1 and A1 is set to 0.
Warning: Pdibl1 = -0.00669442 is negative.

Checking parameters for BSIM 4.5 model xarr.xpex.xn217:pshort_model.40
Warning: A2 = 1.0885 is larger than 1. A2 is set to 1 and A1 is set to 0.
Warning: Pdibl1 = -0.00669442 is negative.

Checking parameters for BSIM 4.5 model xarr.xpex.xn216:pshort_model.40
Warning: A2 = 1.0885 is larger than 1. A2 is set to 1 and A1 is set to 0.
Warning: Pdibl1 = -0.00669442 is negative.

Checking parameters for BSIM 4.5 model xarr.xpex.xn215:pshort_model.40
Warning: A2 = 1.0885 is larger than 1. A2 is set to 1 and A1 is set to 0.
Warning: Pdibl1 = -0.00669442 is negative.

Checking parameters for BSIM 4.5 model xarr.xpex.xn214:pshort_model.40
Warning: A2 = 1.0885 is larger than 1. A2 is set to 1 and A1 is set to 0.
Warning: Pdibl1 = -0.00669442 is negative.

Checking parameters for BSIM 4.5 model xarr.xpex.xn213:pshort_model.40
Warning: A2 = 1.0885 is larger than 1. A2 is set to 1 and A1 is set to 0.
Warning: Pdibl1 = -0.00669442 is negative.

Checking parameters for BSIM 4.5 model xarr.xpex.xn212:pshort_model.40
Warning: A2 = 1.0885 is larger than 1. A2 is set to 1 and A1 is set to 0.
Warning: Pdibl1 = -0.00669442 is negative.

Checking parameters for BSIM 4.5 model xarr.xpex.xn211:pshort_model.40
Warning: A2 = 1.0885 is larger than 1. A2 is set to 1 and A1 is set to 0.
Warning: Pdibl1 = -0.00669442 is negative.

Checking parameters for BSIM 4.5 model xarr.xpex.xn210:pshort_model.40
Warning: A2 = 1.0885 is larger than 1. A2 is set to 1 and A1 is set to 0.
Warning: Pdibl1 = -0.00669442 is negative.

Checking parameters for BSIM 4.5 model xarr.xpex.xn209:pshort_model.40
Warning: A2 = 1.0885 is larger than 1. A2 is set to 1 and A1 is set to 0.
Warning: Pdibl1 = -0.00669442 is negative.

Checking parameters for BSIM 4.5 model xarr.xpex.xn208:pshort_model.40
Warning: A2 = 1.0885 is larger than 1. A2 is set to 1 and A1 is set to 0.
Warning: Pdibl1 = -0.00669442 is negative.

Checking parameters for BSIM 4.5 model xarr.xpex.xn207:pshort_model.40
Warning: A2 = 1.0885 is larger than 1. A2 is set to 1 and A1 is set to 0.
Warning: Pdibl1 = -0.00669442 is negative.

Checking parameters for BSIM 4.5 model xarr.xpex.xn206:pshort_model.40
Warning: A2 = 1.0885 is larger than 1. A2 is set to 1 and A1 is set to 0.
Warning: Pdibl1 = -0.00669442 is negative.

Checking parameters for BSIM 4.5 model xarr.xpex.xn205:pshort_model.40
Warning: A2 = 1.0885 is larger than 1. A2 is set to 1 and A1 is set to 0.
Warning: Pdibl1 = -0.00669442 is negative.

Checking parameters for BSIM 4.5 model xarr.xpex.xn204:pshort_model.40
Warning: A2 = 1.0885 is larger than 1. A2 is set to 1 and A1 is set to 0.
Warning: Pdibl1 = -0.00669442 is negative.

Checking parameters for BSIM 4.5 model xarr.xpex.xn203:pshort_model.40
Warning: A2 = 1.0885 is larger than 1. A2 is set to 1 and A1 is set to 0.
Warning: Pdibl1 = -0.00669442 is negative.

Checking parameters for BSIM 4.5 model xarr.xpex.xn202:pshort_model.40
Warning: A2 = 1.0885 is larger than 1. A2 is set to 1 and A1 is set to 0.
Warning: Pdibl1 = -0.00669442 is negative.

Checking parameters for BSIM 4.5 model xarr.xpex.xn201:pshort_model.40
Warning: A2 = 1.0885 is larger than 1. A2 is set to 1 and A1 is set to 0.
Warning: Pdibl1 = -0.00669442 is negative.

Checking parameters for BSIM 4.5 model xarr.xpex.xn200:pshort_model.40
Warning: A2 = 1.0885 is larger than 1. A2 is set to 1 and A1 is set to 0.
Warning: Pdibl1 = -0.00669442 is negative.

Checking parameters for BSIM 4.5 model xarr.xpex.xn199:pshort_model.40
Warning: A2 = 1.0885 is larger than 1. A2 is set to 1 and A1 is set to 0.
Warning: Pdibl1 = -0.00669442 is negative.

Checking parameters for BSIM 4.5 model xarr.xpex.xn198:pshort_model.40
Warning: A2 = 1.0885 is larger than 1. A2 is set to 1 and A1 is set to 0.
Warning: Pdibl1 = -0.00669442 is negative.

Checking parameters for BSIM 4.5 model xarr.xpex.xn197:pshort_model.40
Warning: A2 = 1.0885 is larger than 1. A2 is set to 1 and A1 is set to 0.
Warning: Pdibl1 = -0.00669442 is negative.

Checking parameters for BSIM 4.5 model xarr.xpex.xn196:pshort_model.40
Warning: A2 = 1.0885 is larger than 1. A2 is set to 1 and A1 is set to 0.
Warning: Pdibl1 = -0.00669442 is negative.

Checking parameters for BSIM 4.5 model xarr.xpex.xn195:pshort_model.40
Warning: A2 = 1.0885 is larger than 1. A2 is set to 1 and A1 is set to 0.
Warning: Pdibl1 = -0.00669442 is negative.

Checking parameters for BSIM 4.5 model xarr.xpex.xn194:pshort_model.40
Warning: A2 = 1.0885 is larger than 1. A2 is set to 1 and A1 is set to 0.
Warning: Pdibl1 = -0.00669442 is negative.

Checking parameters for BSIM 4.5 model xarr.xpex.xn193:pshort_model.40
Warning: A2 = 1.0885 is larger than 1. A2 is set to 1 and A1 is set to 0.
Warning: Pdibl1 = -0.00669442 is negative.

Checking parameters for BSIM 4.5 model xarr.xpex.xn192:pshort_model.40
Warning: A2 = 1.0885 is larger than 1. A2 is set to 1 and A1 is set to 0.
Warning: Pdibl1 = -0.00669442 is negative.

Checking parameters for BSIM 4.5 model xarr.xpex.xn191:pshort_model.40
Warning: A2 = 1.0885 is larger than 1. A2 is set to 1 and A1 is set to 0.
Warning: Pdibl1 = -0.00669442 is negative.

Checking parameters for BSIM 4.5 model xarr.xpex.xn190:pshort_model.40
Warning: A2 = 1.0885 is larger than 1. A2 is set to 1 and A1 is set to 0.
Warning: Pdibl1 = -0.00669442 is negative.

Checking parameters for BSIM 4.5 model xarr.xpex.xn189:pshort_model.40
Warning: A2 = 1.0885 is larger than 1. A2 is set to 1 and A1 is set to 0.
Warning: Pdibl1 = -0.00669442 is negative.

Checking parameters for BSIM 4.5 model xarr.xpex.xn188:pshort_model.40
Warning: A2 = 1.0885 is larger than 1. A2 is set to 1 and A1 is set to 0.
Warning: Pdibl1 = -0.00669442 is negative.

Checking parameters for BSIM 4.5 model xarr.xpex.xn187:pshort_model.40
Warning: A2 = 1.0885 is larger than 1. A2 is set to 1 and A1 is set to 0.
Warning: Pdibl1 = -0.00669442 is negative.

Checking parameters for BSIM 4.5 model xarr.xpex.xn186:pshort_model.40
Warning: A2 = 1.0885 is larger than 1. A2 is set to 1 and A1 is set to 0.
Warning: Pdibl1 = -0.00669442 is negative.

Checking parameters for BSIM 4.5 model xarr.xpex.xn185:pshort_model.40
Warning: A2 = 1.0885 is larger than 1. A2 is set to 1 and A1 is set to 0.
Warning: Pdibl1 = -0.00669442 is negative.

Checking parameters for BSIM 4.5 model xarr.xpex.xn184:pshort_model.40
Warning: A2 = 1.0885 is larger than 1. A2 is set to 1 and A1 is set to 0.
Warning: Pdibl1 = -0.00669442 is negative.

Checking parameters for BSIM 4.5 model xarr.xpex.xn183:pshort_model.40
Warning: A2 = 1.0885 is larger than 1. A2 is set to 1 and A1 is set to 0.
Warning: Pdibl1 = -0.00669442 is negative.

Checking parameters for BSIM 4.5 model xarr.xpex.xn182:pshort_model.40
Warning: A2 = 1.0885 is larger than 1. A2 is set to 1 and A1 is set to 0.
Warning: Pdibl1 = -0.00669442 is negative.

Checking parameters for BSIM 4.5 model xarr.xpex.xn181:pshort_model.40
Warning: A2 = 1.0885 is larger than 1. A2 is set to 1 and A1 is set to 0.
Warning: Pdibl1 = -0.00669442 is negative.

Checking parameters for BSIM 4.5 model xarr.xpex.xn180:pshort_model.40
Warning: A2 = 1.0885 is larger than 1. A2 is set to 1 and A1 is set to 0.
Warning: Pdibl1 = -0.00669442 is negative.

Checking parameters for BSIM 4.5 model xarr.xpex.xn179:pshort_model.40
Warning: A2 = 1.0885 is larger than 1. A2 is set to 1 and A1 is set to 0.
Warning: Pdibl1 = -0.00669442 is negative.

Checking parameters for BSIM 4.5 model xarr.xpex.xn178:pshort_model.40
Warning: A2 = 1.0885 is larger than 1. A2 is set to 1 and A1 is set to 0.
Warning: Pdibl1 = -0.00669442 is negative.

Checking parameters for BSIM 4.5 model xarr.xpex.xn177:pshort_model.40
Warning: A2 = 1.0885 is larger than 1. A2 is set to 1 and A1 is set to 0.
Warning: Pdibl1 = -0.00669442 is negative.

Checking parameters for BSIM 4.5 model xarr.xpex.xn176:pshort_model.40
Warning: A2 = 1.0885 is larger than 1. A2 is set to 1 and A1 is set to 0.
Warning: Pdibl1 = -0.00669442 is negative.

Checking parameters for BSIM 4.5 model xarr.xpex.xn175:pshort_model.40
Warning: A2 = 1.0885 is larger than 1. A2 is set to 1 and A1 is set to 0.
Warning: Pdibl1 = -0.00669442 is negative.

Checking parameters for BSIM 4.5 model xarr.xpex.xn174:pshort_model.40
Warning: A2 = 1.0885 is larger than 1. A2 is set to 1 and A1 is set to 0.
Warning: Pdibl1 = -0.00669442 is negative.

Checking parameters for BSIM 4.5 model xarr.xpex.xn173:pshort_model.40
Warning: A2 = 1.0885 is larger than 1. A2 is set to 1 and A1 is set to 0.
Warning: Pdibl1 = -0.00669442 is negative.

Checking parameters for BSIM 4.5 model xarr.xpex.xn172:pshort_model.40
Warning: A2 = 1.0885 is larger than 1. A2 is set to 1 and A1 is set to 0.
Warning: Pdibl1 = -0.00669442 is negative.

Checking parameters for BSIM 4.5 model xarr.xpex.xn171:pshort_model.40
Warning: A2 = 1.0885 is larger than 1. A2 is set to 1 and A1 is set to 0.
Warning: Pdibl1 = -0.00669442 is negative.

Checking parameters for BSIM 4.5 model xarr.xpex.xn170:pshort_model.40
Warning: A2 = 1.0885 is larger than 1. A2 is set to 1 and A1 is set to 0.
Warning: Pdibl1 = -0.00669442 is negative.

Checking parameters for BSIM 4.5 model xarr.xpex.xn169:pshort_model.40
Warning: A2 = 1.0885 is larger than 1. A2 is set to 1 and A1 is set to 0.
Warning: Pdibl1 = -0.00669442 is negative.

Checking parameters for BSIM 4.5 model xarr.xpex.xn168:pshort_model.40
Warning: A2 = 1.0885 is larger than 1. A2 is set to 1 and A1 is set to 0.
Warning: Pdibl1 = -0.00669442 is negative.

Checking parameters for BSIM 4.5 model xarr.xpex.xn167:pshort_model.40
Warning: A2 = 1.0885 is larger than 1. A2 is set to 1 and A1 is set to 0.
Warning: Pdibl1 = -0.00669442 is negative.

Checking parameters for BSIM 4.5 model xarr.xpex.xn166:pshort_model.40
Warning: A2 = 1.0885 is larger than 1. A2 is set to 1 and A1 is set to 0.
Warning: Pdibl1 = -0.00669442 is negative.

Checking parameters for BSIM 4.5 model xarr.xpex.xn165:pshort_model.40
Warning: A2 = 1.0885 is larger than 1. A2 is set to 1 and A1 is set to 0.
Warning: Pdibl1 = -0.00669442 is negative.

Checking parameters for BSIM 4.5 model xarr.xpex.xn164:pshort_model.40
Warning: A2 = 1.0885 is larger than 1. A2 is set to 1 and A1 is set to 0.
Warning: Pdibl1 = -0.00669442 is negative.

Checking parameters for BSIM 4.5 model xarr.xpex.xn163:pshort_model.40
Warning: A2 = 1.0885 is larger than 1. A2 is set to 1 and A1 is set to 0.
Warning: Pdibl1 = -0.00669442 is negative.

Checking parameters for BSIM 4.5 model xarr.xpex.xn162:pshort_model.40
Warning: A2 = 1.0885 is larger than 1. A2 is set to 1 and A1 is set to 0.
Warning: Pdibl1 = -0.00669442 is negative.

Checking parameters for BSIM 4.5 model xarr.xpex.xn161:pshort_model.40
Warning: A2 = 1.0885 is larger than 1. A2 is set to 1 and A1 is set to 0.
Warning: Pdibl1 = -0.00669442 is negative.

Checking parameters for BSIM 4.5 model xarr.xpex.xn160:pshort_model.40
Warning: A2 = 1.0885 is larger than 1. A2 is set to 1 and A1 is set to 0.
Warning: Pdibl1 = -0.00669442 is negative.

Checking parameters for BSIM 4.5 model xarr.xpex.xn159:pshort_model.40
Warning: A2 = 1.0885 is larger than 1. A2 is set to 1 and A1 is set to 0.
Warning: Pdibl1 = -0.00669442 is negative.

Checking parameters for BSIM 4.5 model xarr.xpex.xn158:pshort_model.40
Warning: A2 = 1.0885 is larger than 1. A2 is set to 1 and A1 is set to 0.
Warning: Pdibl1 = -0.00669442 is negative.

Checking parameters for BSIM 4.5 model xarr.xpex.xn157:pshort_model.40
Warning: A2 = 1.0885 is larger than 1. A2 is set to 1 and A1 is set to 0.
Warning: Pdibl1 = -0.00669442 is negative.

Checking parameters for BSIM 4.5 model xarr.xpex.xn156:pshort_model.40
Warning: A2 = 1.0885 is larger than 1. A2 is set to 1 and A1 is set to 0.
Warning: Pdibl1 = -0.00669442 is negative.

Checking parameters for BSIM 4.5 model xarr.xpex.xn155:pshort_model.40
Warning: A2 = 1.0885 is larger than 1. A2 is set to 1 and A1 is set to 0.
Warning: Pdibl1 = -0.00669442 is negative.

Checking parameters for BSIM 4.5 model xarr.xpex.xn154:pshort_model.40
Warning: A2 = 1.0885 is larger than 1. A2 is set to 1 and A1 is set to 0.
Warning: Pdibl1 = -0.00669442 is negative.

Checking parameters for BSIM 4.5 model xarr.xpex.xn153:pshort_model.40
Warning: A2 = 1.0885 is larger than 1. A2 is set to 1 and A1 is set to 0.
Warning: Pdibl1 = -0.00669442 is negative.

Checking parameters for BSIM 4.5 model xarr.xpex.xn152:pshort_model.40
Warning: A2 = 1.0885 is larger than 1. A2 is set to 1 and A1 is set to 0.
Warning: Pdibl1 = -0.00669442 is negative.

Checking parameters for BSIM 4.5 model xarr.xpex.xn151:pshort_model.40
Warning: A2 = 1.0885 is larger than 1. A2 is set to 1 and A1 is set to 0.
Warning: Pdibl1 = -0.00669442 is negative.

Checking parameters for BSIM 4.5 model xarr.xpex.xn150:pshort_model.40
Warning: A2 = 1.0885 is larger than 1. A2 is set to 1 and A1 is set to 0.
Warning: Pdibl1 = -0.00669442 is negative.

Checking parameters for BSIM 4.5 model xarr.xpex.xn149:pshort_model.40
Warning: A2 = 1.0885 is larger than 1. A2 is set to 1 and A1 is set to 0.
Warning: Pdibl1 = -0.00669442 is negative.

Checking parameters for BSIM 4.5 model xarr.xpex.xn148:pshort_model.40
Warning: A2 = 1.0885 is larger than 1. A2 is set to 1 and A1 is set to 0.
Warning: Pdibl1 = -0.00669442 is negative.

Checking parameters for BSIM 4.5 model xarr.xpex.xn147:pshort_model.40
Warning: A2 = 1.0885 is larger than 1. A2 is set to 1 and A1 is set to 0.
Warning: Pdibl1 = -0.00669442 is negative.

Checking parameters for BSIM 4.5 model xarr.xpex.xn146:pshort_model.40
Warning: A2 = 1.0885 is larger than 1. A2 is set to 1 and A1 is set to 0.
Warning: Pdibl1 = -0.00669442 is negative.

Checking parameters for BSIM 4.5 model xarr.xpex.xn145:pshort_model.40
Warning: A2 = 1.0885 is larger than 1. A2 is set to 1 and A1 is set to 0.
Warning: Pdibl1 = -0.00669442 is negative.

Checking parameters for BSIM 4.5 model xarr.xpex.xn144:pshort_model.40
Warning: A2 = 1.0885 is larger than 1. A2 is set to 1 and A1 is set to 0.
Warning: Pdibl1 = -0.00669442 is negative.

Checking parameters for BSIM 4.5 model xarr.xpex.xn143:pshort_model.40
Warning: A2 = 1.0885 is larger than 1. A2 is set to 1 and A1 is set to 0.
Warning: Pdibl1 = -0.00669442 is negative.

Checking parameters for BSIM 4.5 model xarr.xpex.xn142:pshort_model.40
Warning: A2 = 1.0885 is larger than 1. A2 is set to 1 and A1 is set to 0.
Warning: Pdibl1 = -0.00669442 is negative.

Checking parameters for BSIM 4.5 model xarr.xpex.xn141:pshort_model.40
Warning: A2 = 1.0885 is larger than 1. A2 is set to 1 and A1 is set to 0.
Warning: Pdibl1 = -0.00669442 is negative.

Checking parameters for BSIM 4.5 model xarr.xpex.xn140:pshort_model.40
Warning: A2 = 1.0885 is larger than 1. A2 is set to 1 and A1 is set to 0.
Warning: Pdibl1 = -0.00669442 is negative.

Checking parameters for BSIM 4.5 model xarr.xpex.xn139:pshort_model.40
Warning: A2 = 1.0885 is larger than 1. A2 is set to 1 and A1 is set to 0.
Warning: Pdibl1 = -0.00669442 is negative.

Checking parameters for BSIM 4.5 model xarr.xpex.xn138:pshort_model.40
Warning: A2 = 1.0885 is larger than 1. A2 is set to 1 and A1 is set to 0.
Warning: Pdibl1 = -0.00669442 is negative.

Checking parameters for BSIM 4.5 model xarr.xpex.xn137:pshort_model.40
Warning: A2 = 1.0885 is larger than 1. A2 is set to 1 and A1 is set to 0.
Warning: Pdibl1 = -0.00669442 is negative.

Checking parameters for BSIM 4.5 model xarr.xpex.xn136:pshort_model.40
Warning: A2 = 1.0885 is larger than 1. A2 is set to 1 and A1 is set to 0.
Warning: Pdibl1 = -0.00669442 is negative.

Checking parameters for BSIM 4.5 model xarr.xpex.xn135:pshort_model.40
Warning: A2 = 1.0885 is larger than 1. A2 is set to 1 and A1 is set to 0.
Warning: Pdibl1 = -0.00669442 is negative.

Checking parameters for BSIM 4.5 model xarr.xpex.xn134:pshort_model.40
Warning: A2 = 1.0885 is larger than 1. A2 is set to 1 and A1 is set to 0.
Warning: Pdibl1 = -0.00669442 is negative.

Checking parameters for BSIM 4.5 model xarr.xpex.xn133:pshort_model.40
Warning: A2 = 1.0885 is larger than 1. A2 is set to 1 and A1 is set to 0.
Warning: Pdibl1 = -0.00669442 is negative.

Checking parameters for BSIM 4.5 model xarr.xpex.xn132:nshort_model.48
Warning: Eta0 = -0.0261666 is negative.

Checking parameters for BSIM 4.5 model xarr.xpex.xn131:nshort_model.48
Warning: Eta0 = -0.0261666 is negative.

Checking parameters for BSIM 4.5 model xarr.xpex.xn129:nshort_model.48
Warning: Eta0 = -0.0261666 is negative.

Checking parameters for BSIM 4.5 model xarr.xpex.xn127:nshort_model.48
Warning: Eta0 = -0.0261666 is negative.

Checking parameters for BSIM 4.5 model xarr.xpex.xn125:nshort_model.48
Warning: Eta0 = -0.0261666 is negative.

Checking parameters for BSIM 4.5 model xarr.xpex.xn123:nshort_model.40
Warning: Eta0 = -0.00908636 is negative.

Checking parameters for BSIM 4.5 model xarr.xpex.xn122:nshort_model.40
Warning: Eta0 = -0.00908636 is negative.

Checking parameters for BSIM 4.5 model xarr.xpex.xn120:nshort_model.48
Warning: Eta0 = -0.0261666 is negative.

Checking parameters for BSIM 4.5 model xarr.xpex.xn119:nshort_model.48
Warning: Eta0 = -0.0261666 is negative.

Checking parameters for BSIM 4.5 model xarr.xpex.xn117:nshort_model.48
Warning: Eta0 = -0.0261666 is negative.

Checking parameters for BSIM 4.5 model xarr.xpex.xn115:nshort_model.48
Warning: Eta0 = -0.0261666 is negative.

Checking parameters for BSIM 4.5 model xarr.xpex.xn113:nshort_model.48
Warning: Eta0 = -0.0261666 is negative.

Checking parameters for BSIM 4.5 model xarr.xpex.xn111:nshort_model.40
Warning: Eta0 = -0.00908636 is negative.

Checking parameters for BSIM 4.5 model xarr.xpex.xn110:nshort_model.40
Warning: Eta0 = -0.00908636 is negative.

Checking parameters for BSIM 4.5 model xarr.xpex.xn108:nshort_model.48
Warning: Eta0 = -0.0261666 is negative.

Checking parameters for BSIM 4.5 model xarr.xpex.xn107:nshort_model.48
Warning: Eta0 = -0.0261666 is negative.

Checking parameters for BSIM 4.5 model xarr.xpex.xn105:nshort_model.48
Warning: Eta0 = -0.0261666 is negative.

Checking parameters for BSIM 4.5 model xarr.xpex.xn103:nshort_model.48
Warning: Eta0 = -0.0261666 is negative.

Checking parameters for BSIM 4.5 model xarr.xpex.xn102:nshort_model.48
Warning: Eta0 = -0.0261666 is negative.

Checking parameters for BSIM 4.5 model xarr.xpex.xn100:nshort_model.40
Warning: Eta0 = -0.00908636 is negative.

Checking parameters for BSIM 4.5 model xarr.xpex.xn99:nshort_model.40
Warning: Eta0 = -0.00908636 is negative.

Checking parameters for BSIM 4.5 model xarr.xpex.xn98:nshort_model.48
Warning: Eta0 = -0.0261666 is negative.

Checking parameters for BSIM 4.5 model xarr.xpex.xn96:nshort_model.40
Warning: Eta0 = -0.00908636 is negative.

Checking parameters for BSIM 4.5 model xarr.xpex.xn95:nshort_model.40
Warning: Eta0 = -0.00908636 is negative.

Checking parameters for BSIM 4.5 model xarr.xpex.xn94:nshort_model.48
Warning: Eta0 = -0.0261666 is negative.

Checking parameters for BSIM 4.5 model xarr.xpex.xn93:nshort_model.40
Warning: Eta0 = -0.00908636 is negative.

Checking parameters for BSIM 4.5 model xarr.xpex.xn92:nshort_model.40
Warning: Eta0 = -0.00908636 is negative.

Checking parameters for BSIM 4.5 model xarr.xpex.xn90:nshort_model.48
Warning: Eta0 = -0.0261666 is negative.

Checking parameters for BSIM 4.5 model xarr.xpex.xn89:nshort_model.48
Warning: Eta0 = -0.0261666 is negative.

Checking parameters for BSIM 4.5 model xarr.xpex.xn88:nshort_model.40
Warning: Eta0 = -0.00908636 is negative.

Checking parameters for BSIM 4.5 model xarr.xpex.xn87:nshort_model.40
Warning: Eta0 = -0.00908636 is negative.

Checking parameters for BSIM 4.5 model xarr.xpex.xn86:nshort_model.48
Warning: Eta0 = -0.0261666 is negative.

Checking parameters for BSIM 4.5 model xarr.xpex.xn85:nshort_model.40
Warning: Eta0 = -0.00908636 is negative.

Checking parameters for BSIM 4.5 model xarr.xpex.xn84:nshort_model.40
Warning: Eta0 = -0.00908636 is negative.

Checking parameters for BSIM 4.5 model xarr.xpex.xn82:nshort_model.48
Warning: Eta0 = -0.0261666 is negative.

Checking parameters for BSIM 4.5 model xarr.xpex.xn81:nshort_model.48
Warning: Eta0 = -0.0261666 is negative.

Checking parameters for BSIM 4.5 model xarr.xpex.xn79:nshort_model.48
Warning: Eta0 = -0.0261666 is negative.

Checking parameters for BSIM 4.5 model xarr.xpex.xn78:nshort_model.48
Warning: Eta0 = -0.0261666 is negative.

Checking parameters for BSIM 4.5 model xarr.xpex.xn76:nshort_model.48
Warning: Eta0 = -0.0261666 is negative.

Checking parameters for BSIM 4.5 model xarr.xpex.xn75:nshort_model.40
Warning: Eta0 = -0.00908636 is negative.

Checking parameters for BSIM 4.5 model xarr.xpex.xn74:nshort_model.40
Warning: Eta0 = -0.00908636 is negative.

Checking parameters for BSIM 4.5 model xarr.xpex.xn72:nshort_model.40
Warning: Eta0 = -0.00908636 is negative.

Checking parameters for BSIM 4.5 model xarr.xpex.xn71:nshort_model.40
Warning: Eta0 = -0.00908636 is negative.

Checking parameters for BSIM 4.5 model xarr.xpex.xn70:nshort_model.40
Warning: Eta0 = -0.00908636 is negative.

Checking parameters for BSIM 4.5 model xarr.xpex.xn69:nshort_model.40
Warning: Eta0 = -0.00908636 is negative.

Checking parameters for BSIM 4.5 model xarr.xpex.xn68:nshort_model.48
Warning: Eta0 = -0.0261666 is negative.

Checking parameters for BSIM 4.5 model xarr.xpex.xn66:nshort_model.48
Warning: Eta0 = -0.0261666 is negative.

Checking parameters for BSIM 4.5 model xarr.xpex.xn65:nshort_model.48
Warning: Eta0 = -0.0261666 is negative.

Checking parameters for BSIM 4.5 model xarr.xpex.xn64:nshort_model.48
Warning: Eta0 = -0.0261666 is negative.

Checking parameters for BSIM 4.5 model xarr.xpex.xn63:nshort_model.48
Warning: Eta0 = -0.0261666 is negative.

Checking parameters for BSIM 4.5 model xarr.xpex.xn62:nshort_model.48
Warning: Eta0 = -0.0261666 is negative.

Checking parameters for BSIM 4.5 model xarr.xpex.xn61:nshort_model.48
Warning: Eta0 = -0.0261666 is negative.

Checking parameters for BSIM 4.5 model xarr.xpex.xn60:nshort_model.48
Warning: Eta0 = -0.0261666 is negative.

Checking parameters for BSIM 4.5 model xarr.xpex.xn59:nshort_model.48
Warning: Eta0 = -0.0261666 is negative.

Checking parameters for BSIM 4.5 model xarr.xpex.xn58:nshort_model.48
Warning: Eta0 = -0.0261666 is negative.

Checking parameters for BSIM 4.5 model xarr.xpex.xn57:nshort_model.48
Warning: Eta0 = -0.0261666 is negative.

Checking parameters for BSIM 4.5 model xarr.xpex.xn56:nshort_model.48
Warning: Eta0 = -0.0261666 is negative.

Checking parameters for BSIM 4.5 model xarr.xpex.xn55:nshort_model.48
Warning: Eta0 = -0.0261666 is negative.

Checking parameters for BSIM 4.5 model xarr.xpex.xn54:nshort_model.48
Warning: Eta0 = -0.0261666 is negative.

Checking parameters for BSIM 4.5 model xarr.xpex.xn53:nshort_model.48
Warning: Eta0 = -0.0261666 is negative.

Checking parameters for BSIM 4.5 model xarr.xpex.xn52:nshort_model.48
Warning: Eta0 = -0.0261666 is negative.

Checking parameters for BSIM 4.5 model xarr.xpex.xn51:nshort_model.48
Warning: Eta0 = -0.0261666 is negative.

Checking parameters for BSIM 4.5 model xarr.xpex.xn50:nshort_model.48
Warning: Eta0 = -0.0261666 is negative.

Checking parameters for BSIM 4.5 model xarr.xpex.xn49:nshort_model.48
Warning: Eta0 = -0.0261666 is negative.

Checking parameters for BSIM 4.5 model xarr.xpex.xn48:nshort_model.48
Warning: Eta0 = -0.0261666 is negative.

Checking parameters for BSIM 4.5 model xarr.xpex.xn47:nshort_model.48
Warning: Eta0 = -0.0261666 is negative.

Checking parameters for BSIM 4.5 model xarr.xpex.xn46:nshort_model.48
Warning: Eta0 = -0.0261666 is negative.

Checking parameters for BSIM 4.5 model xarr.xpex.xn45:nshort_model.48
Warning: Eta0 = -0.0261666 is negative.

Checking parameters for BSIM 4.5 model xarr.xpex.xn44:nshort_model.48
Warning: Eta0 = -0.0261666 is negative.

Checking parameters for BSIM 4.5 model xarr.xpex.xn43:nshort_model.48
Warning: Eta0 = -0.0261666 is negative.

Checking parameters for BSIM 4.5 model xarr.xpex.xn42:nshort_model.48
Warning: Eta0 = -0.0261666 is negative.

Checking parameters for BSIM 4.5 model xarr.xpex.xn41:nshort_model.48
Warning: Eta0 = -0.0261666 is negative.

Checking parameters for BSIM 4.5 model xarr.xpex.xn40:nshort_model.48
Warning: Eta0 = -0.0261666 is negative.

Checking parameters for BSIM 4.5 model xarr.xpex.xn39:nshort_model.48
Warning: Eta0 = -0.0261666 is negative.

Checking parameters for BSIM 4.5 model xarr.xpex.xn38:nshort_model.48
Warning: Eta0 = -0.0261666 is negative.

Checking parameters for BSIM 4.5 model xarr.xpex.xn37:nshort_model.48
Warning: Eta0 = -0.0261666 is negative.

Checking parameters for BSIM 4.5 model xarr.xpex.xn36:nshort_model.48
Warning: Eta0 = -0.0261666 is negative.

Checking parameters for BSIM 4.5 model xarr.xpex.xn35:nshort_model.48
Warning: Eta0 = -0.0261666 is negative.

Checking parameters for BSIM 4.5 model xarr.xpex.xn34:nshort_model.48
Warning: Eta0 = -0.0261666 is negative.

Checking parameters for BSIM 4.5 model xarr.xpex.xn33:nshort_model.48
Warning: Eta0 = -0.0261666 is negative.

Checking parameters for BSIM 4.5 model xarr.xpex.xn32:nshort_model.48
Warning: Eta0 = -0.0261666 is negative.

Checking parameters for BSIM 4.5 model xarr.xpex.xn31:nshort_model.48
Warning: Eta0 = -0.0261666 is negative.

Checking parameters for BSIM 4.5 model xarr.xpex.xn30:nshort_model.48
Warning: Eta0 = -0.0261666 is negative.

Checking parameters for BSIM 4.5 model xarr.xpex.xn29:nshort_model.48
Warning: Eta0 = -0.0261666 is negative.

Checking parameters for BSIM 4.5 model xarr.xpex.xn28:nshort_model.48
Warning: Eta0 = -0.0261666 is negative.

Checking parameters for BSIM 4.5 model xarr.xpex.xn27:nshort_model.48
Warning: Eta0 = -0.0261666 is negative.

Checking parameters for BSIM 4.5 model xarr.xpex.xn26:nshort_model.48
Warning: Eta0 = -0.0261666 is negative.

Checking parameters for BSIM 4.5 model xarr.xpex.xn25:nshort_model.48
Warning: Eta0 = -0.0261666 is negative.

Checking parameters for BSIM 4.5 model xarr.xpex.xn24:nshort_model.40
Warning: Eta0 = -0.00908636 is negative.

Checking parameters for BSIM 4.5 model xarr.xpex.xn23:nshort_model.40
Warning: Eta0 = -0.00908636 is negative.

Checking parameters for BSIM 4.5 model xarr.xpex.xn22:nshort_model.40
Warning: Eta0 = -0.00908636 is negative.

Checking parameters for BSIM 4.5 model xarr.xpex.xn21:nshort_model.40
Warning: Eta0 = -0.00908636 is negative.

Checking parameters for BSIM 4.5 model xarr.xpex.xn20:nshort_model.40
Warning: Eta0 = -0.00908636 is negative.

Checking parameters for BSIM 4.5 model xarr.xpex.xn19:nshort_model.40
Warning: Eta0 = -0.00908636 is negative.

Checking parameters for BSIM 4.5 model xarr.xpex.xn18:nshort_model.40
Warning: Eta0 = -0.00908636 is negative.

Checking parameters for BSIM 4.5 model xarr.xpex.xn17:nshort_model.40
Warning: Eta0 = -0.00908636 is negative.

Checking parameters for BSIM 4.5 model xarr.xpex.xn16:nshort_model.40
Warning: Eta0 = -0.00908636 is negative.

Checking parameters for BSIM 4.5 model xarr.xpex.xn15:nshort_model.40
Warning: Eta0 = -0.00908636 is negative.

Checking parameters for BSIM 4.5 model xarr.xpex.xn14:nshort_model.40
Warning: Eta0 = -0.00908636 is negative.

Checking parameters for BSIM 4.5 model xarr.xpex.xn13:nshort_model.40
Warning: Eta0 = -0.00908636 is negative.

Checking parameters for BSIM 4.5 model xarr.xpex.xn12:nshort_model.40
Warning: Eta0 = -0.00908636 is negative.

Checking parameters for BSIM 4.5 model xarr.xpex.xn11:nshort_model.40
Warning: Eta0 = -0.00908636 is negative.

Checking parameters for BSIM 4.5 model xarr.xpex.xn10:nshort_model.40
Warning: Eta0 = -0.00908636 is negative.

Checking parameters for BSIM 4.5 model xarr.xpex.xn9:nshort_model.40
Warning: Eta0 = -0.00908636 is negative.

Checking parameters for BSIM 4.5 model xarr.xpex.xn8:nshort_model.40
Warning: Eta0 = -0.00908636 is negative.

Checking parameters for BSIM 4.5 model xarr.xpex.xn7:nshort_model.40
Warning: Eta0 = -0.00908636 is negative.

Checking parameters for BSIM 4.5 model xarr.xpex.xn6:nshort_model.40
Warning: Eta0 = -0.00908636 is negative.

Checking parameters for BSIM 4.5 model xarr.xpex.xn5:nshort_model.40
Warning: Eta0 = -0.00908636 is negative.

Checking parameters for BSIM 4.5 model xarr.xpex.xn4:nshort_model.40
Warning: Eta0 = -0.00908636 is negative.

Checking parameters for BSIM 4.5 model xarr.xpex.xn3:nshort_model.40
Warning: Eta0 = -0.00908636 is negative.

Checking parameters for BSIM 4.5 model xarr.xpex.xn2:nshort_model.40
Warning: Eta0 = -0.00908636 is negative.

Checking parameters for BSIM 4.5 model xarr.xpex.xn1:nshort_model.40
Warning: Eta0 = -0.00908636 is negative.

