|* Post-layout sampler_core (whole composed cell -- four skewed rings, four
|* output buffers, the three-xor2 combining tree, AND all six sampler_dff
|* instances) with the shared substrate node left FLOATING -- the
|* sampler_core-scope sibling of
|* sim/post-layout-ro-array-core/testbench/tb_post_layout_ro_array_core_substrate_float.spice,
|* now with the six-instance digitizer bank physically present on the same
|* shared substrate for the first time (the array-scope deck it extends from
|* has no samplers at all, in its netlist or in its extraction).
|*
|* Purpose (DR-0003 section 8's inter-ring decorrelation gap; DR-0006's own
|* "Follow-up required" section names sampler_core as the one remaining
|* hierarchy level with no substrate-coupling measurement of its own). This
|* deck differs from
|* sim/post-layout-sampler-core/testbench/tb_post_layout_sampler_core.spice's
|* post-layout half in exactly one respect: that deck ties `vsubs` hard to 0
|* (`Vsub vsubs 0 dc 0`), this one does not tie it at all, leaving it on
|* layout/pex-sampler-core/sampler_core_pex.spice's own
|* `Rvsubs_dctie vsubs 0 1e+12` (klayout-tools#1503). The pair brackets the
|* real answer the same way DR-0005 (ring scope) and DR-0006 (array scope)
|* did:
|*
|*   TIED   (sim/post-layout-sampler-core/'s own already-landed records) --
|*          ideal zero-impedance substrate, no inter-ring coupling possible
|*          by construction.
|*   FLOAT  (this deck) -- ideal infinite-impedance shared substrate: every
|*          ring's (and every sampler's) switching current is forced through
|*          the shared node's capacitance and into every other block sharing
|*          it.
|*
|* No pre-layout control: a pre-layout netlist has no substrate node, so it
|* has nothing to say about this question (same choice every prior
|* substrate-bracket deck in this repo makes). Dropping the pre-layout half
|* is also what makes this deck roughly half the cost of the tied deck it is
|* compared against, at no loss of comparability -- the tied deck's own
|* post-layout measurements are taken on the same nodes, with the same
|* estimators, in the same deck-local time windows.
|*
|* Stimulus is copied verbatim from tb_post_layout_sampler_core.spice's own
|* post-layout half (same en1-4/rst_n/clk timeline), so the six samplers see
|* an identical reset-release and clock history in TIED/FLOAT/SOLO. Their own
|* switching activity is then common to all three decks and cancels out of
|* the loading/coupling decomposition the sibling _solo deck computes,
|* isolating the ring-to-ring term DR-0003 section 8 actually asks about.
|*
|* TWO measurement windows, and the honest statement of what each contains.
|* The primary period estimator (`p_tr1`-`p_tr4`, rise=3 -> rise=13) is
|* copied verbatim from the tied deck so the three decks are comparable line
|* for line -- but at this design's post-layout ring periods (3.8-11.7 ns,
|* per the tied deck's own committed records) those thirteen rising edges all
|* fall inside the first ~100 ns of the run, i.e. BEFORE `rst_n` releases at
|* 300 ns and before `clk` starts at 320 ns. In that window the six samplers
|* are held in reset: their real `d`-pin fan-out load, their real extracted
|* capacitance to the shared substrate, and their real physical placement
|* beside the array are all present, but they are not switching. That window
|* is therefore a strictly-larger-scope repeat of DR-0006's array-scope
|* bracket (same measurement, more silicon on the shared node), not a
|* measurement of a new mechanism.
|*
|* The second estimator (`p_tr1_clk`-`p_tr4_clk`) is the new one: a
|* ten-period average taken from the first rising edge after 400 ns, i.e.
|* squarely inside the clocked window (clk rises at 320/420/520/620/720 ns),
|* with all six sampler_dff instances actually latching. It is written with
|* `TRIG`/`TARG ... TD=400n` rather than a fixed rise index on purpose: the
|* ring period varies 3.1x across this repo's PVT grid, so no single rise
|* index lands inside the clocked window at every corner, while a
|* time-gated trigger does. There is no TIED counterpart for this second
|* estimator (the tied records are already minted and are not re-run here),
|* so it yields a `coupling` figure -- float minus solo, both measured here
|* -- but no `loading` figure. That asymmetry is stated in the record rather
|* than papered over.
|*
|* Global substrate addressing, corrected. DR-0006's own array-scope
|* discovery ("A testbench defect, caught and documented rather than
|* silently fixed"): `vsubs` is `.global`-declared in
|* layout/pex-sampler-core/sampler_core_pex.spice (klayout-tools#1503's own
|* workaround), so it is the SAME node everywhere in this deck and must be
|* addressed as `v(vsubs)` directly, never `v(xarr.vsubs)` -- the
|* hierarchical form silently resolves to "no such vector" and DR-0006's own
|* array-scope float/solo decks paid that cost (their own substrate swing
|* measurement did not resolve). This deck uses the corrected form from the
|* start, and splits the swing into two windows so the reset-held one
|* (100-300 ns: rings running, samplers static) is directly comparable with
|* DR-0005's own ring-scope figures, while the clocked one (400-600 ns) adds
|* what the digitizer bank's own switching puts onto the same node.
|*
|* Window / memory. Without an explicit `.save`, ngspice retains a
|* full-resolution trace for every parasitic-star leg node this flat
|* extraction introduces -- confirmed to exhaust available process memory
|* outright during the tied deck's own development. `.save` below keeps only
|* the traces the `.meas` statements read.
|*
|* This file is a TEMPLATE: sim/bin/corner-run.py substitutes /Users/rwalters/.volare/volare/sky130/versions/c6d73a35f524070e85faff4a6a9eef49553ebc2b/sky130A/libs.tech/combined/sky130.lib.spice,
|* tt, -40.0, 1.62 and 5p. As committed it is not a
|* runnable deck. Invoke with
|* `--pex-lib layout/pex-sampler-core/sampler_core_pex.spice` (no
|* --ro-ring5 needed: this deck includes only the post-layout library).
|
|.option scale=1u
|.lib "/Users/rwalters/.volare/volare/sky130/versions/c6d73a35f524070e85faff4a6a9eef49553ebc2b/sky130A/libs.tech/combined/sky130.lib.spice" tt
|
|* post-layout WHOLE-CELL subcircuit library only -- no pre-layout control,
|* see header for why.
|.include "/Users/rwalters/GitHub/sky130-trng/.loom/worktrees/issue-22/layout/pex-sampler-core/sampler_core_pex.spice"
|
|.temp -40.0
|
|* --- substrate return node: FLOATING (see header) -- no Vsub source ----
|
|Vddrp1 pvddr1 0 dc 1.62
|Vddrp2 pvddr2 0 dc 1.62
|Vddrp3 pvddr3 0 dc 1.62
|Vddrp4 pvddr4 0 dc 1.62
|Vddp pvdd 0 dc 1.62
|Venp1 pen1 0 PULSE(0 1.62 5n 100p 100p 1u 2u)
|Venp2 pen2 0 PULSE(0 1.62 5n 100p 100p 1u 2u)
|Venp3 pen3 0 PULSE(0 1.62 5n 100p 100p 1u 2u)
|Venp4 pen4 0 PULSE(0 1.62 5n 100p 100p 1u 2u)
|Vrstnp prst_n 0 PULSE(0 1.62 300n 100p 100p 10u 20u)
|Vclkp pclk 0 PULSE(0 1.62 320n 100p 100p 49.8n 100n)
|xarr pen1 pen2 pen3 pen4 pvddr1 pvddr2 pvddr3 pvddr4 pvdd 0 pclk prst_n
|+ praw_bit praw_valid pring_bit1 pring_bit2 pring_bit3 pring_bit4
|+ sampler_core_pex
|
|.ic v(xarr.ro1)=0 v(xarr.ro2)=0 v(xarr.ro3)=0 v(xarr.ro4)=0
|
|.save v(xarr.ro1) v(xarr.ro2) v(xarr.ro3) v(xarr.ro4) v(vsubs)
|
|* tstop is 600 ns, not the tied deck's 800 ns: every measurement below
|* completes by ~530 ns even at the slowest corner on this repo's grid
|* (`ss` / -40 degC / 1.62 V, post-layout ring period 11.7 ns per the tied
|* deck's own records: first rising edge past 400 ns, plus ten periods).
|* A transient is causal, so truncating the run after the last measurement
|* cannot move any number this deck reports -- in particular `p_tr1`-`p_tr4`,
|* which are measured before 100 ns and are therefore bit-for-bit the same
|* quantity the tied deck's own 800 ns run measured. The truncation buys
|* back ~25% of a run that costs ~an hour per corner under load.
|.tran 5p 600n uic
|
|.control
|run
|
|* --- primary estimator: identical to the tied deck's own p_tr1-p_tr4, so
|* the tied/float/solo bracket is comparable line for line. Reset-held
|* window (see header): samplers loaded and placed, not switching. -------
|meas tran pt1a when v(xarr.ro1)=0.5*1.62 rise=3
|meas tran pt1b when v(xarr.ro1)=0.5*1.62 rise=13
|let p_tr1 = (pt1b - pt1a)/10
|meas tran pt2a when v(xarr.ro2)=0.5*1.62 rise=3
|meas tran pt2b when v(xarr.ro2)=0.5*1.62 rise=13
|let p_tr2 = (pt2b - pt2a)/10
|meas tran pt3a when v(xarr.ro3)=0.5*1.62 rise=3
|meas tran pt3b when v(xarr.ro3)=0.5*1.62 rise=13
|let p_tr3 = (pt3b - pt3a)/10
|meas tran pt4a when v(xarr.ro4)=0.5*1.62 rise=3
|meas tran pt4b when v(xarr.ro4)=0.5*1.62 rise=13
|let p_tr4 = (pt4b - pt4a)/10
|let p_skew_span = p_tr1/p_tr4
|
|* --- second estimator: ten periods from the first rising edge past 400 ns,
|* i.e. inside the clocked window, all six samplers latching. Time-gated
|* (TD=400n) rather than rise-indexed, because the ring period varies 3.1x
|* across this repo's PVT grid (see header). ------------------------------
|meas tran pd1_clk TRIG v(xarr.ro1) VAL=0.5*1.62 RISE=1 TD=400n
|+ TARG v(xarr.ro1) VAL=0.5*1.62 RISE=11 TD=400n
|let p_tr1_clk = pd1_clk/10
|meas tran pd2_clk TRIG v(xarr.ro2) VAL=0.5*1.62 RISE=1 TD=400n
|+ TARG v(xarr.ro2) VAL=0.5*1.62 RISE=11 TD=400n
|let p_tr2_clk = pd2_clk/10
|meas tran pd3_clk TRIG v(xarr.ro3) VAL=0.5*1.62 RISE=1 TD=400n
|+ TARG v(xarr.ro3) VAL=0.5*1.62 RISE=11 TD=400n
|let p_tr3_clk = pd3_clk/10
|meas tran pd4_clk TRIG v(xarr.ro4) VAL=0.5*1.62 RISE=1 TD=400n
|+ TARG v(xarr.ro4) VAL=0.5*1.62 RISE=11 TD=400n
|let p_tr4_clk = pd4_clk/10
|let p_skew_span_clk = p_tr1_clk/p_tr4_clk
|
|* --- shared substrate node's own excursion, two windows (see header) ----
|meas tran vsub_rst_max MAX v(vsubs) from=100n to=300n
|meas tran vsub_rst_min MIN v(vsubs) from=100n to=300n
|let vsub_swing_rst = (vsub_rst_max - vsub_rst_min) / 1.62
|meas tran vsub_clk_max MAX v(vsubs) from=400n to=600n
|meas tran vsub_clk_min MIN v(vsubs) from=400n to=600n
|let vsub_swing_clk = (vsub_clk_max - vsub_clk_min) / 1.62
|
|print p_tr1
|print p_tr2
|print p_tr3
|print p_tr4
|print p_skew_span
|print p_tr1_clk
|print p_tr2_clk
|print p_tr3_clk
|print p_tr4_clk
|print p_skew_span_clk
|print vsub_swing_rst
|print vsub_swing_clk
|.endc
|.end
|

----- stdout -----

Note: Compatibility modes selected: hs a


Circuit: * post-layout sampler_core (whole composed cell -- four skewed rings, four

option SCALE: Scale is set to 1e-06 for instance and model parameters
option SCALE: Scale is set to 1e-06 for instance and model parameters
option SCALE: Scale is set to 1e-06 for instance and model parameters
option SCALE: Scale is set to 1e-06 for instance and model parameters
option SCALE: Scale is set to 1e-06 for instance and model parameters
Doing analysis at TEMP = -40.000000 and TNOM = 27.000000

Using SPARSE 1.3 as Direct Linear Solver
Operating point simulation skipped by 'uic',
  now using transient initial conditions.
 Reference value :  5.00000e-14
 Reference value :  3.12142e-10
 Reference value :  7.97142e-10
 Reference value :  1.28714e-09
 Reference value :  1.80214e-09
 Reference value :  2.31214e-09
 Reference value :  2.89714e-09
 Reference value :  3.40214e-09
 Reference value :  3.89214e-09
 Reference value :  4.36214e-09
 Reference value :  4.84714e-09
 Reference value :  5.26250e-09
 Reference value :  5.75750e-09
 Reference value :  6.24750e-09
 Reference value :  6.73750e-09
 Reference value :  7.22250e-09
 Reference value :  7.71250e-09
 Reference value :  8.19250e-09
 Reference value :  8.67250e-09
 Reference value :  9.13250e-09
 Reference value :  9.58250e-09
 Reference value :  1.00525e-08
 Reference value :  1.05175e-08
 Reference value :  1.09475e-08
 Reference value :  1.14125e-08
 Reference value :  1.18475e-08
 Reference value :  1.22825e-08
 Reference value :  1.27425e-08
 Reference value :  1.32775e-08
 Reference value :  1.37425e-08
 Reference value :  1.41925e-08
 Reference value :  1.46675e-08
 Reference value :  1.50925e-08
 Reference value :  1.55375e-08
 Reference value :  1.60075e-08
 Reference value :  1.64725e-08
 Reference value :  1.69275e-08
 Reference value :  1.73875e-08
 Reference value :  1.78175e-08
 Reference value :  1.82575e-08
 Reference value :  1.86875e-08
 Reference value :  1.91475e-08
 Reference value :  1.96025e-08
 Reference value :  2.00375e-08
 Reference value :  2.04875e-08
 Reference value :  2.09475e-08
 Reference value :  2.14225e-08
 Reference value :  2.19775e-08
 Reference value :  2.24475e-08
 Reference value :  2.28875e-08
 Reference value :  2.33225e-08
 Reference value :  2.37775e-08
 Reference value :  2.42225e-08
 Reference value :  2.46575e-08
 Reference value :  2.50875e-08
 Reference value :  2.55325e-08
 Reference value :  2.60225e-08
 Reference value :  2.64775e-08
 Reference value :  2.69325e-08
 Reference value :  2.73625e-08
 Reference value :  2.77975e-08
 Reference value :  2.81975e-08
 Reference value :  2.86225e-08
 Reference value :  2.90825e-08
 Reference value :  2.95475e-08
 Reference value :  3.00125e-08
 Reference value :  3.04775e-08
 Reference value :  3.09375e-08
 Reference value :  3.13925e-08
 Reference value :  3.18175e-08
 Reference value :  3.22575e-08
 Reference value :  3.27075e-08
 Reference value :  3.31225e-08
 Reference value :  3.35725e-08
 Reference value :  3.39725e-08
 Reference value :  3.43975e-08
 Reference value :  3.48375e-08
 Reference value :  3.53575e-08
 Reference value :  3.57925e-08
 Reference value :  3.62375e-08
 Reference value :  3.66975e-08
 Reference value :  3.71575e-08
 Reference value :  3.75975e-08
 Reference value :  3.81325e-08
 Reference value :  3.85775e-08
 Reference value :  3.90325e-08
 Reference value :  3.94975e-08
 Reference value :  3.99575e-08
 Reference value :  4.04175e-08
 Reference value :  4.08425e-08
 Reference value :  4.12725e-08
 Reference value :  4.17225e-08
 Reference value :  4.21575e-08
 Reference value :  4.25775e-08
 Reference value :  4.30075e-08
 Reference value :  4.34325e-08
 Reference value :  4.38675e-08
 Reference value :  4.43325e-08
 Reference value :  4.47675e-08
 Reference value :  4.52125e-08
 Reference value :  4.57075e-08
 Reference value :  4.62225e-08
 Reference value :  4.66825e-08
 Reference value :  4.71325e-08
 Reference value :  4.75925e-08
 Reference value :  4.80425e-08
 Reference value :  4.85075e-08
 Reference value :  4.89375e-08
 Reference value :  4.93675e-08
 Reference value :  4.98225e-08
 Reference value :  5.02825e-08
 Reference value :  5.07825e-08
 Reference value :  5.13175e-08
 Reference value :  5.18525e-08
 Reference value :  5.23625e-08
 Reference value :  5.29075e-08
 Reference value :  5.34525e-08
 Reference value :  5.39775e-08
 Reference value :  5.45225e-08
 Reference value :  5.50475e-08
 Reference value :  5.55875e-08
 Reference value :  5.61175e-08
 Reference value :  5.66525e-08
 Reference value :  5.71875e-08
 Reference value :  5.76825e-08
 Reference value :  5.82175e-08
 Reference value :  5.87525e-08
 Reference value :  5.92925e-08
 Reference value :  5.98125e-08
 Reference value :  6.03375e-08
 Reference value :  6.08575e-08
 Reference value :  6.13825e-08
 Reference value :  6.18925e-08
 Reference value :  6.24025e-08
 Reference value :  6.29175e-08
 Reference value :  6.34425e-08
 Reference value :  6.39725e-08
 Reference value :  6.44975e-08
 Reference value :  6.50125e-08
 Reference value :  6.55425e-08
 Reference value :  6.60475e-08
 Reference value :  6.65925e-08
 Reference value :  6.71225e-08
 Reference value :  6.76575e-08
 Reference value :  6.81725e-08
 Reference value :  6.86825e-08
 Reference value :  6.92175e-08
 Reference value :  6.97525e-08
 Reference value :  7.02875e-08
 Reference value :  7.08125e-08
 Reference value :  7.13425e-08
 Reference value :  7.18825e-08
 Reference value :  7.24075e-08
 Reference value :  7.29325e-08
 Reference value :  7.34575e-08
 Reference value :  7.39775e-08
 Reference value :  7.45025e-08
 Reference value :  7.50225e-08
 Reference value :  7.55625e-08
 Reference value :  7.60775e-08
 Reference value :  7.66075e-08
 Reference value :  7.71225e-08
 Reference value :  7.76375e-08
 Reference value :  7.81625e-08
 Reference value :  7.87025e-08
 Reference value :  7.92425e-08
 Reference value :  7.97475e-08
 Reference value :  8.02475e-08
 Reference value :  8.07925e-08
 Reference value :  8.13325e-08
 Reference value :  8.18725e-08
 Reference value :  8.23825e-08
 Reference value :  8.29075e-08
 Reference value :  8.34125e-08
 Reference value :  8.39275e-08
 Reference value :  8.44675e-08
 Reference value :  8.49975e-08
 Reference value :  8.55225e-08
 Reference value :  8.60175e-08
 Reference value :  8.65525e-08
 Reference value :  8.70875e-08
 Reference value :  8.76275e-08
 Reference value :  8.81625e-08
 Reference value :  8.86625e-08
 Reference value :  8.91775e-08
 Reference value :  8.97125e-08
 Reference value :  9.02525e-08
 Reference value :  9.07875e-08
 Reference value :  9.13125e-08
 Reference value :  9.18025e-08
 Reference value :  9.23025e-08
 Reference value :  9.28425e-08
 Reference value :  9.33725e-08
 Reference value :  9.39075e-08
 Reference value :  9.44275e-08
 Reference value :  9.49475e-08
 Reference value :  9.54875e-08
 Reference value :  9.60225e-08
 Reference value :  9.65575e-08
 Reference value :  9.70925e-08
 Reference value :  9.75925e-08
 Reference value :  9.81275e-08
 Reference value :  9.86675e-08
 Reference value :  9.92025e-08
 Reference value :  9.97275e-08
 Reference value :  1.00258e-07
 Reference value :  1.00768e-07
 Reference value :  1.01293e-07
 Reference value :  1.01828e-07
 Reference value :  1.02368e-07
 Reference value :  1.02883e-07
 Reference value :  1.03413e-07
 Reference value :  1.03938e-07
 Reference value :  1.04473e-07
 Reference value :  1.05003e-07
 Reference value :  1.05538e-07
 Reference value :  1.06083e-07
 Reference value :  1.06573e-07
 Reference value :  1.07098e-07
 Reference value :  1.07628e-07
 Reference value :  1.08168e-07
 Reference value :  1.08693e-07
 Reference value :  1.09223e-07
 Reference value :  1.09743e-07
 Reference value :  1.10283e-07
 Reference value :  1.10818e-07
 Reference value :  1.11348e-07
 Reference value :  1.11883e-07
 Reference value :  1.12413e-07
 Reference value :  1.12953e-07
 Reference value :  1.13453e-07
 Reference value :  1.13993e-07
 Reference value :  1.14533e-07
 Reference value :  1.15078e-07
 Reference value :  1.15583e-07
 Reference value :  1.16113e-07
 Reference value :  1.16648e-07
 Reference value :  1.17173e-07
 Reference value :  1.17708e-07
 Reference value :  1.18243e-07
 Reference value :  1.18763e-07
 Reference value :  1.19288e-07
 Reference value :  1.19818e-07
 Reference value :  1.20348e-07
 Reference value :  1.20883e-07
 Reference value :  1.21418e-07
 Reference value :  1.21968e-07
 Reference value :  1.22508e-07
 Reference value :  1.23033e-07
 Reference value :  1.23573e-07
 Reference value :  1.24093e-07
 Reference value :  1.24623e-07
 Reference value :  1.25148e-07
 Reference value :  1.25678e-07
 Reference value :  1.26208e-07
 Reference value :  1.26743e-07
 Reference value :  1.27288e-07
 Reference value :  1.27833e-07
 Reference value :  1.28368e-07
 Reference value :  1.28878e-07
 Reference value :  1.29408e-07
 Reference value :  1.29933e-07
 Reference value :  1.30468e-07
 Reference value :  1.31003e-07
 Reference value :  1.31548e-07
 Reference value :  1.32078e-07
 Reference value :  1.32603e-07
 Reference value :  1.33123e-07
 Reference value :  1.33663e-07
 Reference value :  1.34158e-07
 Reference value :  1.34678e-07
 Reference value :  1.35238e-07
 Reference value :  1.35778e-07
 Reference value :  1.36308e-07
 Reference value :  1.36853e-07
 Reference value :  1.37368e-07
 Reference value :  1.37898e-07
 Reference value :  1.38428e-07
 Reference value :  1.38938e-07
 Reference value :  1.39468e-07
 Reference value :  1.40008e-07
 Reference value :  1.40543e-07
 Reference value :  1.41083e-07
 Reference value :  1.41588e-07
 Reference value :  1.42128e-07
 Reference value :  1.42643e-07
 Reference value :  1.43148e-07
 Reference value :  1.43703e-07
 Reference value :  1.44253e-07
 Reference value :  1.44788e-07
 Reference value :  1.45328e-07
 Reference value :  1.45843e-07
 Reference value :  1.46383e-07
 Reference value :  1.46918e-07
 Reference value :  1.47443e-07
 Reference value :  1.47948e-07
 Reference value :  1.48483e-07
 Reference value :  1.49028e-07
 Reference value :  1.49568e-07
 Reference value :  1.50093e-07
 Reference value :  1.50623e-07
 Reference value :  1.51138e-07
 Reference value :  1.51653e-07
 Reference value :  1.52163e-07
 Reference value :  1.52698e-07
 Reference value :  1.53228e-07
 Reference value :  1.53768e-07
 Reference value :  1.54268e-07
 Reference value :  1.54763e-07
 Reference value :  1.55293e-07
 Reference value :  1.55828e-07
 Reference value :  1.56343e-07
 Reference value :  1.56878e-07
 Reference value :  1.57418e-07
 Reference value :  1.57953e-07
 Reference value :  1.58493e-07
 Reference value :  1.59028e-07
 Reference value :  1.59548e-07
 Reference value :  1.60058e-07
 Reference value :  1.60578e-07
 Reference value :  1.61103e-07
 Reference value :  1.61638e-07
 Reference value :  1.62173e-07
 Reference value :  1.62698e-07
 Reference value :  1.63213e-07
 Reference value :  1.63748e-07
 Reference value :  1.64268e-07
 Reference value :  1.64798e-07
 Reference value :  1.65323e-07
 Reference value :  1.65858e-07
 Reference value :  1.66388e-07
 Reference value :  1.66928e-07
 Reference value :  1.67468e-07
 Reference value :  1.67993e-07
 Reference value :  1.68508e-07
 Reference value :  1.69048e-07
 Reference value :  1.69563e-07
 Reference value :  1.70088e-07
 Reference value :  1.70628e-07
 Reference value :  1.71168e-07
 Reference value :  1.71678e-07
 Reference value :  1.72218e-07
 Reference value :  1.72748e-07
 Reference value :  1.73273e-07
 Reference value :  1.73788e-07
 Reference value :  1.74323e-07
 Reference value :  1.74858e-07
 Reference value :  1.75393e-07
 Reference value :  1.75943e-07
 Reference value :  1.76478e-07
 Reference value :  1.77003e-07
 Reference value :  1.77533e-07
 Reference value :  1.78068e-07
 Reference value :  1.78603e-07
 Reference value :  1.79113e-07
 Reference value :  1.79638e-07
 Reference value :  1.80133e-07
 Reference value :  1.80658e-07
 Reference value :  1.81188e-07
 Reference value :  1.81733e-07
 Reference value :  1.82243e-07
 Reference value :  1.82763e-07
 Reference value :  1.83298e-07
 Reference value :  1.83833e-07
 Reference value :  1.84363e-07
 Reference value :  1.84898e-07
 Reference value :  1.85428e-07
 Reference value :  1.85943e-07
 Reference value :  1.86488e-07
 Reference value :  1.87028e-07
 Reference value :  1.87563e-07
 Reference value :  1.88083e-07
 Reference value :  1.88583e-07
 Reference value :  1.89093e-07
 Reference value :  1.89623e-07
 Reference value :  1.90148e-07
 Reference value :  1.90688e-07
 Reference value :  1.91203e-07
 Reference value :  1.91738e-07
 Reference value :  1.92278e-07
 Reference value :  1.92813e-07
 Reference value :  1.93353e-07
 Reference value :  1.93883e-07
 Reference value :  1.94393e-07
 Reference value :  1.94933e-07
 Reference value :  1.95473e-07
 Reference value :  1.96008e-07
 Reference value :  1.96533e-07
 Reference value :  1.97058e-07
 Reference value :  1.97583e-07
 Reference value :  1.98123e-07
 Reference value :  1.98668e-07
 Reference value :  1.99203e-07
 Reference value :  1.99733e-07
 Reference value :  2.00248e-07
 Reference value :  2.00768e-07
 Reference value :  2.01298e-07
 Reference value :  2.01843e-07
 Reference value :  2.02383e-07
 Reference value :  2.02893e-07
 Reference value :  2.03428e-07
 Reference value :  2.03963e-07
 Reference value :  2.04508e-07
 Reference value :  2.05053e-07
 Reference value :  2.05588e-07
 Reference value :  2.06103e-07
 Reference value :  2.06628e-07
 Reference value :  2.07148e-07
 Reference value :  2.07683e-07
 Reference value :  2.08218e-07
 Reference value :  2.08733e-07
 Reference value :  2.09288e-07
 Reference value :  2.09798e-07
 Reference value :  2.10338e-07
 Reference value :  2.10878e-07
 Reference value :  2.11388e-07
 Reference value :  2.11928e-07
 Reference value :  2.12468e-07
 Reference value :  2.13008e-07
 Reference value :  2.13528e-07
 Reference value :  2.14063e-07
 Reference value :  2.14568e-07
 Reference value :  2.15068e-07
 Reference value :  2.15588e-07
 Reference value :  2.16118e-07
 Reference value :  2.16623e-07
 Reference value :  2.17158e-07
 Reference value :  2.17688e-07
 Reference value :  2.18223e-07
 Reference value :  2.18738e-07
 Reference value :  2.19273e-07
 Reference value :  2.19813e-07
 Reference value :  2.20333e-07
 Reference value :  2.20873e-07
 Reference value :  2.21413e-07
 Reference value :  2.21953e-07
 Reference value :  2.22493e-07
 Reference value :  2.22998e-07
 Reference value :  2.23518e-07
 Reference value :  2.24058e-07
 Reference value :  2.24578e-07
 Reference value :  2.25098e-07
 Reference value :  2.25633e-07
 Reference value :  2.26148e-07
 Reference value :  2.26673e-07
 Reference value :  2.27208e-07
 Reference value :  2.27728e-07
 Reference value :  2.28263e-07
 Reference value :  2.28788e-07
 Reference value :  2.29323e-07
 Reference value :  2.29858e-07
 Reference value :  2.30398e-07
 Reference value :  2.30938e-07
 Reference value :  2.31463e-07
 Reference value :  2.31958e-07
 Reference value :  2.32488e-07
 Reference value :  2.33023e-07
 Reference value :  2.33558e-07
 Reference value :  2.34093e-07
 Reference value :  2.34628e-07
 Reference value :  2.35118e-07
 Reference value :  2.35643e-07
 Reference value :  2.36178e-07
 Reference value :  2.36708e-07
 Reference value :  2.37223e-07
 Reference value :  2.37728e-07
 Reference value :  2.38273e-07
 Reference value :  2.38808e-07
 Reference value :  2.39343e-07
 Reference value :  2.39878e-07
 Reference value :  2.40388e-07
 Reference value :  2.40923e-07
 Reference value :  2.41453e-07
 Reference value :  2.41988e-07
 Reference value :  2.42518e-07
 Reference value :  2.43053e-07
 Reference value :  2.43588e-07
 Reference value :  2.44098e-07
 Reference value :  2.44623e-07
 Reference value :  2.45163e-07
 Reference value :  2.45683e-07
 Reference value :  2.46173e-07
 Reference value :  2.46708e-07
 Reference value :  2.47248e-07
 Reference value :  2.47788e-07
 Reference value :  2.48323e-07
 Reference value :  2.48853e-07
 Reference value :  2.49388e-07
 Reference value :  2.49918e-07
 Reference value :  2.50448e-07
 Reference value :  2.50993e-07
 Reference value :  2.51528e-07
 Reference value :  2.52063e-07
 Reference value :  2.52573e-07
 Reference value :  2.53108e-07
 Reference value :  2.53638e-07
 Reference value :  2.54173e-07
 Reference value :  2.54693e-07
 Reference value :  2.55218e-07
 Reference value :  2.55753e-07
 Reference value :  2.56293e-07
 Reference value :  2.56823e-07
 Reference value :  2.57358e-07
 Reference value :  2.57873e-07
 Reference value :  2.58453e-07
 Reference value :  2.58993e-07
 Reference value :  2.59533e-07
 Reference value :  2.60053e-07
 Reference value :  2.60578e-07
 Reference value :  2.61103e-07
 Reference value :  2.61618e-07
 Reference value :  2.62163e-07
 Reference value :  2.62683e-07
 Reference value :  2.63208e-07
 Reference value :  2.63718e-07
 Reference value :  2.64213e-07
 Reference value :  2.64743e-07
 Reference value :  2.65278e-07
 Reference value :  2.65813e-07
 Reference value :  2.66328e-07
 Reference value :  2.66863e-07
 Reference value :  2.67398e-07
 Reference value :  2.67933e-07
 Reference value :  2.68463e-07
 Reference value :  2.68983e-07
 Reference value :  2.69513e-07
 Reference value :  2.70028e-07
 Reference value :  2.70553e-07
 Reference value :  2.71098e-07
 Reference value :  2.71633e-07
 Reference value :  2.72143e-07
 Reference value :  2.72653e-07
 Reference value :  2.73133e-07
 Reference value :  2.73673e-07
 Reference value :  2.74213e-07
 Reference value :  2.74753e-07
 Reference value :  2.75263e-07
 Reference value :  2.75808e-07
 Reference value :  2.76348e-07
 Reference value :  2.76883e-07
 Reference value :  2.77418e-07
 Reference value :  2.77958e-07
 Reference value :  2.78468e-07
 Reference value :  2.78998e-07
 Reference value :  2.79528e-07
 Reference value :  2.80063e-07
 Reference value :  2.80593e-07
 Reference value :  2.81098e-07
 Reference value :  2.81643e-07
 Reference value :  2.82158e-07
 Reference value :  2.82698e-07
 Reference value :  2.83238e-07
 Reference value :  2.83758e-07
 Reference value :  2.84288e-07
 Reference value :  2.84828e-07
 Reference value :  2.85372e-07
 Reference value :  2.85907e-07
 Reference value :  2.86447e-07
 Reference value :  2.86977e-07
 Reference value :  2.87517e-07
 Reference value :  2.88052e-07
 Reference value :  2.88562e-07
 Reference value :  2.89102e-07
 Reference value :  2.89627e-07
 Reference value :  2.90137e-07
 Reference value :  2.90672e-07
 Reference value :  2.91202e-07
 Reference value :  2.91737e-07
 Reference value :  2.92272e-07
 Reference value :  2.92787e-07
 Reference value :  2.93327e-07
 Reference value :  2.93867e-07
 Reference value :  2.94407e-07
 Reference value :  2.94952e-07
 Reference value :  2.95492e-07
 Reference value :  2.96027e-07
 Reference value :  2.96552e-07
 Reference value :  2.97092e-07
 Reference value :  2.97627e-07
 Reference value :  2.98162e-07
 Reference value :  2.98657e-07
 Reference value :  2.99187e-07
 Reference value :  2.99727e-07
 Reference value :  3.00172e-07
 Reference value :  3.00707e-07
 Reference value :  3.01222e-07
 Reference value :  3.01722e-07
 Reference value :  3.02242e-07
 Reference value :  3.02782e-07
 Reference value :  3.03327e-07
 Reference value :  3.03867e-07
 Reference value :  3.04417e-07
 Reference value :  3.04952e-07
 Reference value :  3.05467e-07
 Reference value :  3.05952e-07
 Reference value :  3.06467e-07
 Reference value :  3.06992e-07
 Reference value :  3.07487e-07
 Reference value :  3.07977e-07
 Reference value :  3.08482e-07
 Reference value :  3.09007e-07
 Reference value :  3.09522e-07
 Reference value :  3.10022e-07
 Reference value :  3.10527e-07
 Reference value :  3.11062e-07
 Reference value :  3.11592e-07
 Reference value :  3.12132e-07
 Reference value :  3.12672e-07
 Reference value :  3.13212e-07
 Reference value :  3.13747e-07
 Reference value :  3.14257e-07
 Reference value :  3.14782e-07
 Reference value :  3.15302e-07
 Reference value :  3.15787e-07
 Reference value :  3.16292e-07
 Reference value :  3.16782e-07
 Reference value :  3.17302e-07
 Reference value :  3.17827e-07
 Reference value :  3.18372e-07
 Reference value :  3.18852e-07
 Reference value :  3.19372e-07
 Reference value :  3.19907e-07
 Reference value :  3.20342e-07
 Reference value :  3.20827e-07
 Reference value :  3.21367e-07
 Reference value :  3.21902e-07
 Reference value :  3.22442e-07
 Reference value :  3.22972e-07
 Reference value :  3.23522e-07
 Reference value :  3.24062e-07
 Reference value :  3.24592e-07
 Reference value :  3.25117e-07
 Reference value :  3.25632e-07
 Reference value :  3.26172e-07
 Reference value :  3.26717e-07
 Reference value :  3.27227e-07
 Reference value :  3.27757e-07
 Reference value :  3.28277e-07
 Reference value :  3.28812e-07
 Reference value :  3.29352e-07
 Reference value :  3.29902e-07
 Reference value :  3.30442e-07
 Reference value :  3.30987e-07
 Reference value :  3.31512e-07
 Reference value :  3.32047e-07
 Reference value :  3.32587e-07
 Reference value :  3.33087e-07
 Reference value :  3.33602e-07
 Reference value :  3.34122e-07
 Reference value :  3.34642e-07
 Reference value :  3.35182e-07
 Reference value :  3.35712e-07
 Reference value :  3.36222e-07
 Reference value :  3.36752e-07
 Reference value :  3.37287e-07
 Reference value :  3.37792e-07
 Reference value :  3.38327e-07
 Reference value :  3.38877e-07
 Reference value :  3.39412e-07
 Reference value :  3.39942e-07
 Reference value :  3.40472e-07
 Reference value :  3.41002e-07
 Reference value :  3.41527e-07
 Reference value :  3.42047e-07
 Reference value :  3.42592e-07
 Reference value :  3.43107e-07
 Reference value :  3.43637e-07
 Reference value :  3.44162e-07
 Reference value :  3.44667e-07
 Reference value :  3.45222e-07
 Reference value :  3.45747e-07
 Reference value :  3.46282e-07
 Reference value :  3.46817e-07
 Reference value :  3.47347e-07
 Reference value :  3.47892e-07
 Reference value :  3.48427e-07
 Reference value :  3.48952e-07
 Reference value :  3.49497e-07
 Reference value :  3.50022e-07
 Reference value :  3.50542e-07
 Reference value :  3.51077e-07
 Reference value :  3.51602e-07
 Reference value :  3.52107e-07
 Reference value :  3.52647e-07
 Reference value :  3.53157e-07
 Reference value :  3.53687e-07
 Reference value :  3.54232e-07
 Reference value :  3.54757e-07
 Reference value :  3.55277e-07
 Reference value :  3.55817e-07
 Reference value :  3.56352e-07
 Reference value :  3.56897e-07
 Reference value :  3.57417e-07
 Reference value :  3.57957e-07
 Reference value :  3.58482e-07
 Reference value :  3.58997e-07
 Reference value :  3.59537e-07
 Reference value :  3.60067e-07
 Reference value :  3.60592e-07
 Reference value :  3.61117e-07
 Reference value :  3.61637e-07
 Reference value :  3.62172e-07
 Reference value :  3.62692e-07
 Reference value :  3.63227e-07
 Reference value :  3.63752e-07
 Reference value :  3.64272e-07
 Reference value :  3.64792e-07
 Reference value :  3.65327e-07
 Reference value :  3.65862e-07
 Reference value :  3.66362e-07
 Reference value :  3.66892e-07
 Reference value :  3.67402e-07
 Reference value :  3.67942e-07
 Reference value :  3.68477e-07
 Reference value :  3.69007e-07
 Reference value :  3.69532e-07
 Reference value :  3.70003e-07
 Reference value :  3.70482e-07
 Reference value :  3.70987e-07
 Reference value :  3.71522e-07
 Reference value :  3.72047e-07
 Reference value :  3.72547e-07
 Reference value :  3.73057e-07
 Reference value :  3.73562e-07
 Reference value :  3.74087e-07
 Reference value :  3.74602e-07
 Reference value :  3.75117e-07
 Reference value :  3.75642e-07
 Reference value :  3.76142e-07
 Reference value :  3.76637e-07
 Reference value :  3.77172e-07
 Reference value :  3.77702e-07
 Reference value :  3.78232e-07
 Reference value :  3.78722e-07
 Reference value :  3.79207e-07
 Reference value :  3.79722e-07
 Reference value :  3.80222e-07
 Reference value :  3.80757e-07
 Reference value :  3.81287e-07
 Reference value :  3.81797e-07
 Reference value :  3.82292e-07
 Reference value :  3.82797e-07
 Reference value :  3.83307e-07
 Reference value :  3.83802e-07
 Reference value :  3.84302e-07
 Reference value :  3.84772e-07
 Reference value :  3.85312e-07
 Reference value :  3.85847e-07
 Reference value :  3.86382e-07
 Reference value :  3.86912e-07
 Reference value :  3.87422e-07
 Reference value :  3.87957e-07
 Reference value :  3.88467e-07
 Reference value :  3.89002e-07
 Reference value :  3.89507e-07
 Reference value :  3.90042e-07
 Reference value :  3.90567e-07
 Reference value :  3.91052e-07
 Reference value :  3.91542e-07
 Reference value :  3.92052e-07
 Reference value :  3.92537e-07
 Reference value :  3.93027e-07
 Reference value :  3.93547e-07
 Reference value :  3.94012e-07
 Reference value :  3.94517e-07
 Reference value :  3.95057e-07
 Reference value :  3.95582e-07
 Reference value :  3.96097e-07
 Reference value :  3.96632e-07
 Reference value :  3.97157e-07
 Reference value :  3.97652e-07
 Reference value :  3.98162e-07
 Reference value :  3.98692e-07
 Reference value :  3.99242e-07
 Reference value :  3.99777e-07
 Reference value :  4.00287e-07
 Reference value :  4.00762e-07
 Reference value :  4.01277e-07
 Reference value :  4.01782e-07
 Reference value :  4.02287e-07
 Reference value :  4.02827e-07
 Reference value :  4.03332e-07
 Reference value :  4.03832e-07
 Reference value :  4.04357e-07
 Reference value :  4.04877e-07
 Reference value :  4.05412e-07
 Reference value :  4.05947e-07
 Reference value :  4.06437e-07
 Reference value :  4.06972e-07
 Reference value :  4.07492e-07
 Reference value :  4.08032e-07
 Reference value :  4.08677e-07
 Reference value :  4.09267e-07
 Reference value :  4.09877e-07
 Reference value :  4.10462e-07
 Reference value :  4.10997e-07
 Reference value :  4.11542e-07
 Reference value :  4.12077e-07
 Reference value :  4.12627e-07
 Reference value :  4.13112e-07
 Reference value :  4.13647e-07
 Reference value :  4.14187e-07
 Reference value :  4.14722e-07
 Reference value :  4.15252e-07
 Reference value :  4.15762e-07
 Reference value :  4.16277e-07
 Reference value :  4.16817e-07
 Reference value :  4.17357e-07
 Reference value :  4.17887e-07
 Reference value :  4.18387e-07
 Reference value :  4.18882e-07
 Reference value :  4.19422e-07
 Reference value :  4.19977e-07
 Reference value :  4.20382e-07
 Reference value :  4.20882e-07
 Reference value :  4.21422e-07
 Reference value :  4.21937e-07
 Reference value :  4.22462e-07
 Reference value :  4.23007e-07
 Reference value :  4.23547e-07
 Reference value :  4.24077e-07
 Reference value :  4.24597e-07
 Reference value :  4.25132e-07
 Reference value :  4.25672e-07
 Reference value :  4.26212e-07
 Reference value :  4.26752e-07
 Reference value :  4.27277e-07
 Reference value :  4.27807e-07
 Reference value :  4.28347e-07
 Reference value :  4.28887e-07
 Reference value :  4.29427e-07
 Reference value :  4.29957e-07
 Reference value :  4.30502e-07
 Reference value :  4.31027e-07
 Reference value :  4.31547e-07
 Reference value :  4.32077e-07
 Reference value :  4.32612e-07
 Reference value :  4.33122e-07
 Reference value :  4.33647e-07
 Reference value :  4.34187e-07
 Reference value :  4.34727e-07
 Reference value :  4.35262e-07
 Reference value :  4.35792e-07
 Reference value :  4.36317e-07
 Reference value :  4.36857e-07
 Reference value :  4.37387e-07
 Reference value :  4.37922e-07
 Reference value :  4.38457e-07
 Reference value :  4.38992e-07
 Reference value :  4.39527e-07
 Reference value :  4.40062e-07
 Reference value :  4.40592e-07
 Reference value :  4.41132e-07
 Reference value :  4.41672e-07
 Reference value :  4.42177e-07
 Reference value :  4.42722e-07
 Reference value :  4.43267e-07
 Reference value :  4.43807e-07
 Reference value :  4.44332e-07
 Reference value :  4.44837e-07
 Reference value :  4.45357e-07
 Reference value :  4.45897e-07
 Reference value :  4.46442e-07
 Reference value :  4.46982e-07
 Reference value :  4.47517e-07
 Reference value :  4.48057e-07
 Reference value :  4.48597e-07
 Reference value :  4.49137e-07
 Reference value :  4.49682e-07
 Reference value :  4.50217e-07
 Reference value :  4.50742e-07
 Reference value :  4.51287e-07
 Reference value :  4.51832e-07
 Reference value :  4.52367e-07
 Reference value :  4.52887e-07
 Reference value :  4.53412e-07
 Reference value :  4.53912e-07
 Reference value :  4.54442e-07
 Reference value :  4.54977e-07
 Reference value :  4.55512e-07
 Reference value :  4.56042e-07
 Reference value :  4.56542e-07
 Reference value :  4.57112e-07
 Reference value :  4.57647e-07
 Reference value :  4.58187e-07
 Reference value :  4.58722e-07
 Reference value :  4.59257e-07
 Reference value :  4.59757e-07
 Reference value :  4.60297e-07
 Reference value :  4.60837e-07
 Reference value :  4.61362e-07
 Reference value :  4.61902e-07
 Reference value :  4.62417e-07
 Reference value :  4.62987e-07
 Reference value :  4.63522e-07
 Reference value :  4.64072e-07
 Reference value :  4.64607e-07
 Reference value :  4.65152e-07
 Reference value :  4.65752e-07
 Reference value :  4.66317e-07
 Reference value :  4.66852e-07
 Reference value :  4.67392e-07
 Reference value :  4.67932e-07
 Reference value :  4.68472e-07
 Reference value :  4.68977e-07
 Reference value :  4.69507e-07
 Reference value :  4.70000e-07
 Reference value :  4.70447e-07
 Reference value :  4.70972e-07
 Reference value :  4.71477e-07
 Reference value :  4.71972e-07
 Reference value :  4.72457e-07
 Reference value :  4.72957e-07
 Reference value :  4.73487e-07
 Reference value :  4.74012e-07
 Reference value :  4.74512e-07
 Reference value :  4.75017e-07
 Reference value :  4.75542e-07
 Reference value :  4.76062e-07
 Reference value :  4.76602e-07
 Reference value :  4.77152e-07
 Reference value :  4.77682e-07
 Reference value :  4.78177e-07
 Reference value :  4.78637e-07
 Reference value :  4.79167e-07
 Reference value :  4.79712e-07
 Reference value :  4.80217e-07
 Reference value :  4.80752e-07
 Reference value :  4.81222e-07
 Reference value :  4.81693e-07
 Reference value :  4.82223e-07
 Reference value :  4.82763e-07
 Reference value :  4.83263e-07
 Reference value :  4.83763e-07
 Reference value :  4.84293e-07
 Reference value :  4.84803e-07
 Reference value :  4.85328e-07
 Reference value :  4.85828e-07
 Reference value :  4.86368e-07
 Reference value :  4.86878e-07
 Reference value :  4.87353e-07
 Reference value :  4.87868e-07
 Reference value :  4.88388e-07
 Reference value :  4.88898e-07
 Reference value :  4.89388e-07
 Reference value :  4.89853e-07
 Reference value :  4.90348e-07
 Reference value :  4.90883e-07
 Reference value :  4.91423e-07
 Reference value :  4.91943e-07
 Reference value :  4.92433e-07
 Reference value :  4.92943e-07
 Reference value :  4.93483e-07
 Reference value :  4.93988e-07
 Reference value :  4.94523e-07
 Reference value :  4.95023e-07
 Reference value :  4.95503e-07
 Reference value :  4.96013e-07
 Reference value :  4.96518e-07
 Reference value :  4.97008e-07
 Reference value :  4.97528e-07
 Reference value :  4.97993e-07
 Reference value :  4.98513e-07
 Reference value :  4.99038e-07
 Reference value :  4.99603e-07
 Reference value :  5.00148e-07
 Reference value :  5.00698e-07
 Reference value :  5.01213e-07
 Reference value :  5.01773e-07
 Reference value :  5.02363e-07
 Reference value :  5.02963e-07
 Reference value :  5.03473e-07
 Reference value :  5.03978e-07
 Reference value :  5.04493e-07
 Reference value :  5.05008e-07
 Reference value :  5.05513e-07
 Reference value :  5.06033e-07
 Reference value :  5.06543e-07
 Reference value :  5.07028e-07
 Reference value :  5.07548e-07
 Reference value :  5.08088e-07
 Reference value :  5.08593e-07
 Reference value :  5.09128e-07
 Reference value :  5.09638e-07
 Reference value :  5.10143e-07
 Reference value :  5.10663e-07
 Reference value :  5.11218e-07
 Reference value :  5.11753e-07
 Reference value :  5.12278e-07
 Reference value :  5.12753e-07
 Reference value :  5.13283e-07
 Reference value :  5.13818e-07
 Reference value :  5.14323e-07
 Reference value :  5.14843e-07
 Reference value :  5.15333e-07
 Reference value :  5.15788e-07
 Reference value :  5.16293e-07
 Reference value :  5.16838e-07
 Reference value :  5.17353e-07
 Reference value :  5.17883e-07
 Reference value :  5.18383e-07
 Reference value :  5.18873e-07
 Reference value :  5.19393e-07
 Reference value :  5.19933e-07
 Reference value :  5.20368e-07
 Reference value :  5.20818e-07
 Reference value :  5.21333e-07
 Reference value :  5.21878e-07
 Reference value :  5.22418e-07
 Reference value :  5.22958e-07
 Reference value :  5.23438e-07
 Reference value :  5.23958e-07
 Reference value :  5.24488e-07
 Reference value :  5.25028e-07
 Reference value :  5.25573e-07
 Reference value :  5.26108e-07
 Reference value :  5.26618e-07
 Reference value :  5.27143e-07
 Reference value :  5.27658e-07
 Reference value :  5.28193e-07
 Reference value :  5.28738e-07
 Reference value :  5.29263e-07
 Reference value :  5.29793e-07
 Reference value :  5.30333e-07
 Reference value :  5.30868e-07
 Reference value :  5.31388e-07
 Reference value :  5.31918e-07
 Reference value :  5.32433e-07
 Reference value :  5.32948e-07
 Reference value :  5.33488e-07
 Reference value :  5.34018e-07
 Reference value :  5.34553e-07
 Reference value :  5.35128e-07
 Reference value :  5.35648e-07
 Reference value :  5.36168e-07
 Reference value :  5.36753e-07
 Reference value :  5.37338e-07
 Reference value :  5.37888e-07
 Reference value :  5.38433e-07
 Reference value :  5.39013e-07
 Reference value :  5.39643e-07
 Reference value :  5.40198e-07
 Reference value :  5.40743e-07
 Reference value :  5.41228e-07
 Reference value :  5.41758e-07
 Reference value :  5.42268e-07
 Reference value :  5.42803e-07
 Reference value :  5.43333e-07
 Reference value :  5.43863e-07
 Reference value :  5.44398e-07
 Reference value :  5.44898e-07
 Reference value :  5.45443e-07
 Reference value :  5.45983e-07
 Reference value :  5.46503e-07
 Reference value :  5.47048e-07
 Reference value :  5.47588e-07
 Reference value :  5.48128e-07
 Reference value :  5.48673e-07
 Reference value :  5.49198e-07
 Reference value :  5.49723e-07
 Reference value :  5.50268e-07
 Reference value :  5.50773e-07
 Reference value :  5.51308e-07
 Reference value :  5.51843e-07
 Reference value :  5.52388e-07
 Reference value :  5.52928e-07
 Reference value :  5.53458e-07
 Reference value :  5.53978e-07
 Reference value :  5.54503e-07
 Reference value :  5.55038e-07
 Reference value :  5.55588e-07
 Reference value :  5.56128e-07
 Reference value :  5.56668e-07
 Reference value :  5.57208e-07
 Reference value :  5.57718e-07
 Reference value :  5.58253e-07
 Reference value :  5.58788e-07
 Reference value :  5.59298e-07
 Reference value :  5.59818e-07
 Reference value :  5.60358e-07
 Reference value :  5.60903e-07
 Reference value :  5.61443e-07
 Reference value :  5.61973e-07
 Reference value :  5.62493e-07
 Reference value :  5.63018e-07
 Reference value :  5.63543e-07
 Reference value :  5.64078e-07
 Reference value :  5.64608e-07
 Reference value :  5.65143e-07
 Reference value :  5.65678e-07
 Reference value :  5.66193e-07
 Reference value :  5.66723e-07
 Reference value :  5.67268e-07
 Reference value :  5.67803e-07
 Reference value :  5.68328e-07
 Reference value :  5.68863e-07
 Reference value :  5.69408e-07
 Reference value :  5.69923e-07
 Reference value :  5.70408e-07
 Reference value :  5.70903e-07
 Reference value :  5.71403e-07
 Reference value :  5.71908e-07
 Reference value :  5.72423e-07
 Reference value :  5.72938e-07
 Reference value :  5.73478e-07
 Reference value :  5.74018e-07
 Reference value :  5.74553e-07
 Reference value :  5.75063e-07
 Reference value :  5.75573e-07
 Reference value :  5.76108e-07
 Reference value :  5.76648e-07
 Reference value :  5.77168e-07
 Reference value :  5.77693e-07
 Reference value :  5.78198e-07
 Reference value :  5.78738e-07
 Reference value :  5.79283e-07
 Reference value :  5.79808e-07
 Reference value :  5.80338e-07
 Reference value :  5.80828e-07
 Reference value :  5.81348e-07
 Reference value :  5.81883e-07
 Reference value :  5.82428e-07
 Reference value :  5.82963e-07
 Reference value :  5.83478e-07
 Reference value :  5.83983e-07
 Reference value :  5.84508e-07
 Reference value :  5.85048e-07
 Reference value :  5.85583e-07
 Reference value :  5.86103e-07
 Reference value :  5.86598e-07
 Reference value :  5.87108e-07
 Reference value :  5.87633e-07
 Reference value :  5.88178e-07
 Reference value :  5.88688e-07
 Reference value :  5.89208e-07
 Reference value :  5.89753e-07
 Reference value :  5.90308e-07
 Reference value :  5.90838e-07
 Reference value :  5.91388e-07
 Reference value :  5.91973e-07
 Reference value :  5.92483e-07
 Reference value :  5.93008e-07
 Reference value :  5.93563e-07
 Reference value :  5.94113e-07
 Reference value :  5.94623e-07
 Reference value :  5.95158e-07
 Reference value :  5.95703e-07
 Reference value :  5.96228e-07
 Reference value :  5.96743e-07
 Reference value :  5.97253e-07
 Reference value :  5.97773e-07
 Reference value :  5.98303e-07
 Reference value :  5.98858e-07
 Reference value :  5.99398e-07
 Reference value :  5.99918e-07
No. of Data Rows : 120066
pt1a                =  1.87828e-08
pt1b                =  1.12838e-07
pt2a                =  2.74239e-08
pt2b                =  1.18408e-07
pt3a                =  2.67662e-08
pt3b                =  1.14642e-07
pt4a                =  2.61490e-08
pt4b                =  1.11244e-07
pd1_clk             =  9.37872e-08 targ=  4.96560e-07 trig=  4.02773e-07
pd2_clk             =  8.97780e-08 targ=  4.98652e-07 trig=  4.08874e-07
pd3_clk             =  8.77943e-08 targ=  4.91392e-07 trig=  4.03597e-07
pd4_clk             =  8.52782e-08 targ=  4.89308e-07 trig=  4.04030e-07
vsub_rst_max        =  9.04031e-01 at=  2.48468e-07
vsub_rst_min        =  7.00003e-01 at=  2.98742e-07
vsub_clk_max        =  9.88981e-01 at=  5.20096e-07
vsub_clk_min        =  7.05320e-01 at=  5.70000e-07
p_tr1 = 9.405538e-09
p_tr2 = 9.098455e-09
p_tr3 = 8.787603e-09
p_tr4 = 8.509545e-09
p_skew_span = 1.105293e+00
p_tr1_clk = 9.378716e-09
p_tr2_clk = 8.977799e-09
p_tr3_clk = 8.779430e-09
p_tr4_clk = 8.527821e-09
p_skew_span_clk = 1.099779e+00
vsub_swing_rst = 1.259434e-01
vsub_swing_clk = 1.750993e-01
Note: Simulation executed from .control section 

----- stderr -----

