|* Post-layout sampler_dff: capture timing, output levels and the
|* reset-window / idle / active supply currents of the raw-tap digitizer,
|* extracted parasitics vs. the pre-layout netlist, in ONE deck.
|*
|* Purpose. Two named, still-open items meet here:
|*
|*   1. issue #22 acceptance criterion 2 -- post-layout PVT simulation over
|*      extracted parasitics. Every post-layout record this repo holds so far
|*      (sim/post-layout-ro-ring5/, -ro-ring5-assembled/, -ro-array-core/) is
|*      on the ENTROPY SOURCE side of the raw tap. The sampler has none: no
|*      sim/ record anywhere measures sampler_dff at all, pre- or
|*      post-layout.
|*   2. DR-0003's own "Follow-up required" list -- "**Sampler_dff
|*      characterization** for the now six-instance-per-block liveness/raw-tap
|*      digitizer fan-out (unsimulated, per design/xschem/trng_top.sch's own
|*      text block)". This deck is the first measurement of that cell.
|*
|* and one methodology transfer spec/porting-plan.md asks for explicitly:
|* DR-0014 (gf180-trng, Accepted/delegated) chose to gate sampler_dff's
|* asynchronous reset into the storage loops' own inverters rather than hang
|* pull devices on the storage nodes, on the strength of a *measured*
|* reset-window contention current (967 uW -> 66 nW on gf180mcu). The
|* porting plan is explicit that "the **methodology** -- measure reset-window
|* contention current explicitly, per the specific storage-loop topology
|* chosen, before assuming a brute-force reset is 'free' -- transfers; the
|* **specific gating arrangement and its polarity argument does not". So the
|* number is re-derived here on sky130, on this repo's own drawn topology,
|* rather than transplanted. i_rst_* below is that measurement.
|*
|* Why both DFFs are in ONE deck rather than compared across two records.
|* Same argument sim/post-layout-ro-ring5/'s own header makes: the quantity
|* of interest is a RATIO (how much slower is the same cell once its own
|* intra-cell parasitics are present), and a ratio taken across two runs
|* silently inherits every difference between them -- corner section,
|* temperature, solver settings, ngspice build, stimulus edge rate. Running
|* the pre-layout cell as a same-deck control on the same stimulus sources
|* makes the parasitics the ONLY thing that differs between the two numbers.
|*
|* Topology. design/sampler_core.spice's `.subckt sampler_dff` is FLAT --
|* 22 devices, no sub-instances, because design/xschem/sampler_dff.sch has no
|* sub-schematic symbol for an inverter, a transmission gate or a NAND2. The
|* post-layout side below rebuilds those same 22 devices as the nine composed
|* leaf-cell instances layout/sampler_dff/ physically places:
|*
|*   3 x sampler_inv_pex    layout/ro_buf/         XMpc/XMnc, XMim2p/XMim2n,
|*                                                 XMisp/XMisn
|*   4 x sampler_tg_pex     layout/sampler_tg/     TG_D, TG_FBM, TG_S, TG_FBS
|*   2 x sampler_nand2_pex  layout/sampler_nand2/  NAND_M, NAND_S2
|*
|* wired per design/sampler_core.spice device for device (see the
|* sampler_dff_pex subcircuit below, whose every port assignment is annotated
|* with the design device it reproduces). Each of those three cells is `klt
|* drc` clean (0 violations) and `klt lvs` matching its own reference
|* netlist; layout/pex/pex-sampler.json extracts all three with
|* `klt extract --parasitics` into layout/pex/sampler_dff_pex.spice.
|*
|* WHAT THIS IS NOT. This is intra-cell parasitics only, plus IDEAL
|* inter-cell wires -- exactly the scope sim/post-layout-ro-ring5/ has for
|* the ring, and one level below sim/post-layout-ro-ring5-assembled/'s
|* whole-GDS extraction. layout/sampler_dff/'s own assembly (placement +
|* vdd/vss buses + the routed rst_n/clk/clkb/mc/q/qb/s nets) exists and is
|* DRC-clean, but its `m`/`mb` data-path nets are still unrouted and its
|* `klt lvs` does not match yet (see layout/sampler_dff/README.md and issue
|* #84), so extracting THAT GDS flat would extract an incomplete circuit.
|* Every number below is therefore a floor on the real post-layout cost, not
|* the whole of it.
|*
|* Stimulus is ideal (PWL sources, 100 ps edges), identical for both sides.
|* That is deliberate for a fair pre-vs-post ratio -- both cells see the same
|* edge -- but it also means the post-layout cell's larger input capacitance
|* does not slow its own clk/d edges the way a real driver would. Another
|* reason to read these as a floor.
|*
|* The waveform (ns), one full reset -> idle -> capture-1 -> capture-0 cycle:
|*
|*    0 .. 25   rst_n = 0, clk = 0, d = 1   reset asserted WHILE the data
|*                                          input drives the opposite value
|*                                          through the transparent master --
|*                                          the condition under which a
|*                                          brute-force pull-device reset
|*                                          would fight the d driver, i.e.
|*                                          DR-0014's contention case.
|*                                          i_rst_* measured over 15..25 ns.
|*   25 .. 45   rst_n = 1, clk = 0, d = 1   idle, quiescent. i_idle_*
|*                                          measured over 35..45 ns.
|*   50         clk 0 -> 1                  rising edge captures d = 1.
|*                                          tcq_rise_* = clk -> q delay.
|*   60         clk 1 -> 0
|*   70         d 1 -> 0                    master follows (clk = 0), slave
|*                                          holds -- q must NOT move here.
|*   80         clk 0 -> 1                  rising edge captures d = 0.
|*                                          tcq_fall_* = clk -> q delay.
|*   90         clk 1 -> 0
|*
|* This cell is rising-edge triggered: TG_D conducts on clk = 0 (XMtdp's
|* gate is clk, XMtdn's is clkb) so the master is transparent LOW, and TG_S
|* conducts on clk = 1 so the slave is transparent HIGH.
|*
|* The substrate tie. layout/pex/sampler_dff_pex.spice declares the
|* extractor's substrate return node `vsubs` .global (klayout-tools#1503).
|* This deck ties it HARD to 0, the same physically-motivated choice
|* sim/post-layout-ro-ring5/'s primary deck makes: every composed cell here
|* carries its own psub guard ring tied to vss, and vss is 0 in this deck.
|*
|* PVT: run at the same four (temp, supply) points every post-layout campaign
|* in this repo uses, each bundling the tt/ss/ff process axis into one record:
|*   -40 degC / 1.62 V   the measured entropy-binding corner (ss)
|*    27 degC / 1.80 V   nominal
|*   125 degC / 1.98 V   hottest/fastest
|*   -40 degC / 1.98 V   coldest/fastest
|*
|* This file is a TEMPLATE: sim/bin/corner-run.py substitutes /home/ubuntu/.volare/volare/sky130/versions/c6d73a35f524070e85faff4a6a9eef49553ebc2b/sky130A/libs.tech/combined/sky130.lib.spice,
|* tt, /home/ubuntu/loom-workspaces/sky130-trng/.loom/worktrees/issue-22/design/sampler_core.spice (pointed at design/sampler_core.spice for this
|* deck), /home/ubuntu/loom-workspaces/sky130-trng/.loom/worktrees/issue-22/layout/pex/sampler_dff_pex.spice (pointed at layout/pex/sampler_dff_pex.spice), -40.0,
|* 1.98 and 5p. As committed it is not a runnable deck.
|
|.option scale=1u
|.lib "/home/ubuntu/.volare/volare/sky130/versions/c6d73a35f524070e85faff4a6a9eef49553ebc2b/sky130A/libs.tech/combined/sky130.lib.spice" tt
|
|* pre-layout subcircuit library -- design/sampler_core.spice, which carries
|* both the flat `.subckt sampler_dff` under test and the `.subckt ro_buf`
|* used as its output load on the pre-layout side.
|.include "/home/ubuntu/loom-workspaces/sky130-trng/.loom/worktrees/issue-22/design/sampler_core.spice"
|* post-layout subcircuit library (sampler_*_pex), generated from layout/
|.include "/home/ubuntu/loom-workspaces/sky130-trng/.loom/worktrees/issue-22/layout/pex/sampler_dff_pex.spice"
|
|.temp -40.0
|
|* --- substrate return node: hard tie (see header) ----------------------
|Vsub vsubs 0 dc 0
|
|*-----------------------------------------------------------------------
|* The post-layout sampler_dff, assembled from extracted leaf cells.
|*
|* Port order and net names are design/sampler_core.spice's own, so the two
|* instantiations further down differ by one token. Each line names the
|* design devices it reproduces.
|*-----------------------------------------------------------------------
|.subckt sampler_dff_pex d clk rst_n q vdd vss
|* clk inverter                              XMpc  / XMnc
|xinv_clk clk    clkb   vdd vss           sampler_inv_pex
|* input transmission gate, on when clk=0    XMtdp / XMtdn
|xtg_d    d      m      clk  clkb vdd vss sampler_tg_pex
|* master forward inverter, rst_n-gated      XMimpa/XMimpb/XMimna/XMimnb
|xnand_m  m      rst_n  mb   vdd  vss     sampler_nand2_pex
|* master feedback inverter                  XMim2p / XMim2n
|xinv_mc  mb     mc     vdd vss           sampler_inv_pex
|* master feedback gate, on when clk=1       XMfmp / XMfmn
|xtg_fbm  mc     m      clkb clk  vdd vss sampler_tg_pex
|* slave input gate, on when clk=1           XMtsp / XMtsn
|xtg_s    mb     s      clkb clk  vdd vss sampler_tg_pex
|* slave forward inverter                    XMisp / XMisn
|xinv_q   s      q      vdd vss           sampler_inv_pex
|* slave feedback inverter, rst_n-gated      XMis2pa/XMis2pb/XMis2na/XMis2nb
|xnand_s2 q      rst_n  qb   vdd  vss     sampler_nand2_pex
|* slave feedback gate, on when clk=0        XMfsp / XMfsn
|xtg_fbs  qb     s      clk  clkb vdd vss sampler_tg_pex
|.ends
|
|* --- shared stimulus, identical for both sides -------------------------
|* clk: low through reset and idle, then two rising edges at 50 ns and 80 ns.
|Vclk clk 0 PWL(0 0  50n 0  50.1n 1.98  60n 1.98  60.1n 0
|+ 80n 0  80.1n 1.98  90n 1.98  90.1n 0)
|* rst_n: asserted (low) for the first 25 ns, released thereafter.
|Vrstn rst_n 0 PWL(0 0  25n 0  25.1n 1.98)
|* d: high across reset (the contention condition -- see header), falling at
|* 70 ns while the master is transparent so the second edge captures a 0.
|Vd d 0 PWL(0 1.98  70n 1.98  70.1n 0)
|
|* --- the two DFFs under test, one supply source each --------------------
|Vddp vddp 0 dc 1.98
|xdp d clk rst_n qp vddp 0 sampler_dff_pex
|Vddq vddq 0 dc 1.98
|xdq d clk rst_n qq vddq 0 sampler_dff
|
|* --- output load: one inverter per side, on its own supply --------------
|* design/sampler_core.spice taps q into the digital section; loading both
|* sides identically (post-layout inverter on the post-layout DFF,
|* pre-layout inverter on the pre-layout DFF) keeps the comparison fair
|* without letting the load's own current contaminate either DFF's supply.
|Vddl vddl 0 dc 1.98
|xlp qp qpb vddl 0 sampler_inv_pex
|xlq qq qqb vddl 0 ro_buf
|
|.tran 5p 100n
|
|.control
|run
|
|* --- capture timing: clk -> q, both directions -------------------------
|* First clk rising edge (50 ns) captures d = 1; second (80 ns) captures
|* d = 0. Measured at the 50% crossing on both signals.
|meas tran tcq_rise_pex TRIG v(clk) VAL='0.5*1.98' RISE=1
|+ TARG v(qp) VAL='0.5*1.98' RISE=1
|meas tran tcq_rise_pre TRIG v(clk) VAL='0.5*1.98' RISE=1
|+ TARG v(qq) VAL='0.5*1.98' RISE=1
|meas tran tcq_fall_pex TRIG v(clk) VAL='0.5*1.98' RISE=2
|+ TARG v(qp) VAL='0.5*1.98' FALL=1
|meas tran tcq_fall_pre TRIG v(clk) VAL='0.5*1.98' RISE=2
|+ TARG v(qq) VAL='0.5*1.98' FALL=1
|
|* The headline ratios: same cell, same corner, same stimulus, parasitics
|* on vs. off.
|let slowdown_tcq_rise = tcq_rise_pex / tcq_rise_pre
|let slowdown_tcq_fall = tcq_fall_pex / tcq_fall_pre
|
|* --- captured levels: is the post-layout cell functionally correct? -----
|* After the 50 ns edge q must be a solid 1 and hold it through the 70 ns
|* d transition (the slave is opaque then); after the 80 ns edge a solid 0.
|* Worst case within each hold window, so a droop or a glitch shows up.
|meas tran vq_hi_pex MIN v(qp) from=55n to=79n
|meas tran vq_hi_pre MIN v(qq) from=55n to=79n
|meas tran vq_lo_pex MAX v(qp) from=85n to=100n
|meas tran vq_lo_pre MAX v(qq) from=85n to=100n
|let vq_hi_frac_pex = vq_hi_pex / 1.98
|let vq_hi_frac_pre = vq_hi_pre / 1.98
|let vq_lo_frac_pex = vq_lo_pex / 1.98
|let vq_lo_frac_pre = vq_lo_pre / 1.98
|
|* Reset must hold q at 0 while d drives the opposite value.
|meas tran vq_rst_pex MAX v(qp) from=15n to=25n
|meas tran vq_rst_pre MAX v(qq) from=15n to=25n
|
|* --- supply current: reset window, idle, active ------------------------
|* i(Vsrc) is negative for current delivered by the source, so every printed
|* figure is sign-flipped to read as consumed current.
|* i_rst_*  : DR-0014's contention measurement, re-derived for sky130 on
|*            this repo's own storage-loop topology (see header).
|* i_idle_* : quiescent current with the clock stopped low, reset released.
|* i_act_*  : average over the whole two-edge capture sequence.
|meas tran irstp AVG i(Vddp) from=15n to=25n
|meas tran irstq AVG i(Vddq) from=15n to=25n
|meas tran iidlp AVG i(Vddp) from=35n to=45n
|meas tran iidlq AVG i(Vddq) from=35n to=45n
|meas tran iactp AVG i(Vddp) from=45n to=100n
|meas tran iactq AVG i(Vddq) from=45n to=100n
|let i_rst_pex = -irstp
|let i_rst_pre = -irstq
|let i_idle_pex = -iidlp
|let i_idle_pre = -iidlq
|let i_act_pex = -iactp
|let i_act_pre = -iactq
|
|print tcq_rise_pex
|print tcq_rise_pre
|print tcq_fall_pex
|print tcq_fall_pre
|print slowdown_tcq_rise
|print slowdown_tcq_fall
|print vq_hi_frac_pex
|print vq_hi_frac_pre
|print vq_lo_frac_pex
|print vq_lo_frac_pre
|print vq_rst_pex
|print vq_rst_pre
|print i_rst_pex
|print i_rst_pre
|print i_idle_pex
|print i_idle_pre
|print i_act_pex
|print i_act_pre
|.endc
|.end
|

----- stdout -----

Note: No compatibility mode selected!


Circuit: * post-layout sampler_dff: capture timing, output levels and the

Doing analysis at TEMP = -40.000000 and TNOM = 27.000000

Using SPARSE 1.3 as Direct Linear Solver

Initial Transient Solution
--------------------------

Node                                   Voltage
----                                   -------
vsubs                                        0
clk                                          0
rst_n                                        0
d                                         1.98
vddp                                      1.98
xdp.xinv_clk.xpex.y__t0                   1.98
xdp.xinv_clk.xpex.a__t0                      0
xdp.xinv_clk.xpex.vss__t0          5.78161e-15
xdp.xinv_clk.xpex.vss__t1          1.88264e-10
xdp.xinv_clk.xpex.y__t1                   1.98
xdp.xinv_clk.xpex.a__t1                      0
xdp.xinv_clk.xpex.vdd__t0                 1.98
xdp.xinv_clk.xpex.vdd__t1                 1.98
xdp.clkb                                  1.98
xdp.xtg_d.xpex.a__t0                      1.98
xdp.xtg_d.xpex.ctrlb__t0                  1.98
xdp.xtg_d.xpex.b__t0                      1.98
xdp.xtg_d.xpex.vss__t0             5.79687e-10
xdp.xtg_d.xpex.a__t1                      1.98
xdp.xtg_d.xpex.ctrl__t0                      0
xdp.xtg_d.xpex.b__t1                      1.98
xdp.xtg_d.xpex.vdd__t0                    1.98
xdp.m                                     1.98
xdp.xnand_m.xpex.n2__t0                1.47979
xdp.xnand_m.xpex.en__t0                      0
xdp.xnand_m.xpex.vss__t0           1.73951e-14
xdp.xnand_m.xpex.vss__t1           7.66019e-11
xdp.xnand_m.xpex.y__t0                    1.98
xdp.xnand_m.xpex.a__t0                    1.98
xdp.xnand_m.xpex.n2__t1                1.47979
xdp.xnand_m.xpex.vss__t2           3.58195e-10
xdp.xnand_m.xpex.y__t1                    1.98
xdp.xnand_m.xpex.en__t1                      0
xdp.xnand_m.xpex.vdd__t2                  1.98
xdp.xnand_m.xpex.vdd__t0                  1.98
xdp.xnand_m.xpex.vdd__t3                  1.98
xdp.xnand_m.xpex.a__t1                    1.98
xdp.xnand_m.xpex.y__t2                    1.98
xdp.xnand_m.xpex.vdd__t1                  1.98
xdp.xnand_m.xpex.n2                    1.47979
xdp.mb                                    1.98
xdp.xinv_mc.xpex.y__t0             2.67843e-08
xdp.xinv_mc.xpex.a__t0                    1.98
xdp.xinv_mc.xpex.vss__t0           1.36369e-09
xdp.xinv_mc.xpex.vss__t1            2.6764e-18
xdp.xinv_mc.xpex.y__t1             3.12514e-08
xdp.xinv_mc.xpex.a__t1                    1.98
xdp.xinv_mc.xpex.vdd__t0                  1.98
xdp.xinv_mc.xpex.vdd__t1                  1.98
xdp.mc                             2.97624e-08
xdp.xtg_fbm.xpex.a__t0             2.97624e-08
xdp.xtg_fbm.xpex.ctrlb__t0                   0
xdp.xtg_fbm.xpex.b__t0                    1.98
xdp.xtg_fbm.xpex.vss__t0           2.89843e-10
xdp.xtg_fbm.xpex.a__t1             3.12514e-08
xdp.xtg_fbm.xpex.ctrl__t0                 1.98
xdp.xtg_fbm.xpex.b__t1                    1.98
xdp.xtg_fbm.xpex.vdd__t0                  1.98
xdp.xtg_s.xpex.a__t0                      1.98
xdp.xtg_s.xpex.ctrlb__t0                     0
xdp.xtg_s.xpex.b__t0                      1.98
xdp.xtg_s.xpex.vss__t0             5.79687e-10
xdp.xtg_s.xpex.a__t1                      1.98
xdp.xtg_s.xpex.ctrl__t0                   1.98
xdp.xtg_s.xpex.b__t1                      1.98
xdp.xtg_s.xpex.vdd__t0                    1.98
xdp.s                                     1.98
xdp.xinv_q.xpex.y__t0              1.33921e-08
xdp.xinv_q.xpex.a__t0                     1.98
xdp.xinv_q.xpex.vss__t0            6.81843e-10
xdp.xinv_q.xpex.vss__t1             1.3382e-18
xdp.xinv_q.xpex.y__t1              1.63702e-08
xdp.xinv_q.xpex.a__t1                     1.98
xdp.xinv_q.xpex.vdd__t0                   1.98
xdp.xinv_q.xpex.vdd__t1                   1.98
qp                                 1.48811e-08
xdp.xnand_s2.xpex.n2__t0           0.000283312
xdp.xnand_s2.xpex.en__t0                     0
xdp.xnand_s2.xpex.vss__t0          1.29893e-17
xdp.xnand_s2.xpex.vss__t1          1.46658e-14
xdp.xnand_s2.xpex.y__t0                   1.98
xdp.xnand_s2.xpex.a__t0            1.48811e-08
xdp.xnand_s2.xpex.n2__t1           0.000283312
xdp.xnand_s2.xpex.vss__t2           2.0502e-10
xdp.xnand_s2.xpex.y__t1                   1.98
xdp.xnand_s2.xpex.en__t1                     0
xdp.xnand_s2.xpex.vdd__t2                 1.98
xdp.xnand_s2.xpex.vdd__t0                 1.98
xdp.xnand_s2.xpex.vdd__t3                 1.98
xdp.xnand_s2.xpex.a__t1            1.48811e-08
xdp.xnand_s2.xpex.y__t2                   1.98
xdp.xnand_s2.xpex.vdd__t1                 1.98
xdp.xnand_s2.xpex.n2               0.000283312
xdp.qb                                    1.98
xdp.xtg_fbs.xpex.a__t0                    1.98
xdp.xtg_fbs.xpex.ctrlb__t0                1.98
xdp.xtg_fbs.xpex.b__t0                    1.98
xdp.xtg_fbs.xpex.vss__t0           5.79687e-10
xdp.xtg_fbs.xpex.a__t1                    1.98
xdp.xtg_fbs.xpex.ctrl__t0                    0
xdp.xtg_fbs.xpex.b__t1                    1.98
xdp.xtg_fbs.xpex.vdd__t0                  1.98
vddq                                      1.98
xdq.clkb                                  1.98
xdq.m                                     1.98
xdq.mb                                    1.98
xdq.mmid                               1.47979
xdq.mc                             3.21373e-08
xdq.s                                     1.98
qq                                 1.60686e-08
xdq.qb                                    1.98
xdq.s2mid                          0.000283313
vddl                                      1.98
xlp.xpex.y__t0                            1.98
xlp.xpex.a__t0                     1.48811e-08
xlp.xpex.vss__t0                   5.78161e-15
xlp.xpex.vss__t1                   1.88264e-10
xlp.xpex.y__t1                            1.98
xlp.xpex.a__t1                     1.48811e-08
xlp.xpex.vdd__t0                          1.98
xlp.xpex.vdd__t1                          1.98
qpb                                       1.98
qqb                                       1.98
vddl#branch                        -3.9601e-12
vddq#branch                       -3.70259e-11
vddp#branch                       -3.70263e-11
vd#branch                         -1.44944e-11
vrstn#branch                                 0
vclk#branch                                  0
vsub#branch                                  0

 Reference value :  0.00000e+00
 Reference value :  4.00000e-13
 Reference value :  1.46400e-10
 Reference value :  9.41400e-10
 Reference value :  1.73640e-09
 Reference value :  2.30140e-09
 Reference value :  3.04640e-09
 Reference value :  3.49140e-09
 Reference value :  3.51640e-09
 Reference value :  3.70640e-09
 Reference value :  4.22140e-09
 Reference value :  4.23640e-09
 Reference value :  4.25640e-09
 Reference value :  4.28140e-09
 Reference value :  4.30140e-09
 Reference value :  4.32140e-09
 Reference value :  4.34140e-09
 Reference value :  4.35640e-09
 Reference value :  4.37640e-09
 Reference value :  4.40640e-09
 Reference value :  4.42640e-09
 Reference value :  4.44640e-09
 Reference value :  5.01140e-09
 Reference value :  5.03140e-09
 Reference value :  5.05140e-09
 Reference value :  5.07140e-09
 Reference value :  5.09140e-09
 Reference value :  5.11140e-09
 Reference value :  5.13140e-09
 Reference value :  5.15140e-09
 Reference value :  5.47140e-09
 Reference value :  5.92640e-09
 Reference value :  6.38140e-09
 Reference value :  6.66640e-09
 Reference value :  7.65140e-09
 Reference value :  9.02140e-09
 Reference value :  1.05214e-08
 Reference value :  1.18214e-08
 Reference value :  1.23114e-08
 Reference value :  1.23314e-08
 Reference value :  1.32064e-08
 Reference value :  1.33264e-08
 Reference value :  1.33464e-08
 Reference value :  1.41364e-08
 Reference value :  1.48014e-08
 Reference value :  1.49114e-08
 Reference value :  1.49314e-08
 Reference value :  1.58614e-08
 Reference value :  1.74514e-08
 Reference value :  1.84464e-08
 Reference value :  1.95264e-08
 Reference value :  2.00564e-08
 Reference value :  2.10064e-08
 Reference value :  2.22464e-08
 Reference value :  2.37414e-08
 Reference value :  2.52325e-08
 Reference value :  2.61325e-08
 Reference value :  2.62625e-08
 Reference value :  2.67575e-08
 Reference value :  2.78875e-08
 Reference value :  2.89025e-08
 Reference value :  2.99925e-08
 Reference value :  3.07475e-08
 Reference value :  3.18175e-08
 Reference value :  3.33925e-08
 Reference value :  3.41975e-08
 Reference value :  3.56375e-08
 Reference value :  3.70375e-08
 Reference value :  3.85875e-08
 Reference value :  4.01525e-08
 Reference value :  4.11725e-08
 Reference value :  4.15625e-08
 Reference value :  4.24325e-08
 Reference value :  4.39875e-08
 Reference value :  4.52725e-08
 Reference value :  4.67975e-08
 Reference value :  4.83675e-08
 Reference value :  4.88575e-08
 Reference value :  5.00035e-08
 Reference value :  5.09725e-08
 Reference value :  5.21025e-08
 Reference value :  5.31375e-08
 Reference value :  5.42725e-08
 Reference value :  5.52175e-08
 Reference value :  5.56475e-08
 Reference value :  5.67625e-08
 Reference value :  5.77625e-08
 Reference value :  5.84375e-08
 Reference value :  5.98075e-08
 Reference value :  6.00963e-08
 Reference value :  6.06725e-08
 Reference value :  6.08725e-08
 Reference value :  6.12925e-08
 Reference value :  6.19425e-08
 Reference value :  6.30575e-08
 Reference value :  6.35275e-08
 Reference value :  6.43275e-08
 Reference value :  6.47525e-08
 Reference value :  6.55575e-08
 Reference value :  6.67775e-08
 Reference value :  6.73425e-08
 Reference value :  6.79175e-08
 Reference value :  6.92725e-08
 Reference value :  7.06025e-08
 Reference value :  7.17075e-08
 Reference value :  7.27525e-08
 Reference value :  7.35475e-08
 Reference value :  7.40225e-08
 Reference value :  7.51025e-08
 Reference value :  7.58725e-08
 Reference value :  7.70925e-08
 Reference value :  7.83175e-08
 Reference value :  7.87825e-08
 Reference value :  7.93975e-08
 Reference value :  8.03975e-08
 Reference value :  8.10875e-08
 Reference value :  8.14075e-08
 Reference value :  8.14225e-08
 Reference value :  8.18225e-08
 Reference value :  8.18525e-08
 Reference value :  8.18675e-08
 Reference value :  8.19975e-08
 Reference value :  8.24675e-08
 Reference value :  8.31275e-08
 Reference value :  8.35525e-08
 Reference value :  8.36725e-08
 Reference value :  8.40875e-08
 Reference value :  8.48075e-08
 Reference value :  8.50725e-08
 Reference value :  8.59275e-08
 Reference value :  8.71475e-08
 Reference value :  8.78725e-08
 Reference value :  8.85375e-08
 Reference value :  8.97325e-08
 Reference value :  9.09175e-08
 Reference value :  9.18375e-08
 Reference value :  9.24425e-08
 Reference value :  9.28075e-08
 Reference value :  9.35725e-08
 Reference value :  9.47275e-08
 Reference value :  9.62575e-08
 Reference value :  9.77725e-08
 Reference value :  9.93375e-08
No. of Data Rows : 20044
tcq_rise_pex        =  1.21070e-10 targ=  5.01711e-08 trig=  5.00500e-08
tcq_rise_pre        =  8.93750e-11 targ=  5.01394e-08 trig=  5.00500e-08
tcq_fall_pex        =  1.57472e-10 targ=  8.02075e-08 trig=  8.00500e-08
tcq_fall_pre        =  1.17382e-10 targ=  8.01674e-08 trig=  8.00500e-08
vq_hi_pex           =  1.97815e+00 at=  6.00675e-08
vq_hi_pre           =  1.97701e+00 at=  6.00175e-08
vq_lo_pex           =  3.21496e-03 at=  9.01125e-08
vq_lo_pre           =  5.11274e-03 at=  9.01075e-08
vq_rst_pex          =  1.48811e-08 at=  2.20914e-08
vq_rst_pre          =  1.60686e-08 at=  1.79614e-08
irstp               =  -3.70267e-11 from=  1.50000e-08 to=  2.50005e-08
irstq               =  -3.70262e-11 from=  1.50000e-08 to=  2.50005e-08
iidlp               =  -4.25436e-11 from=  3.50000e-08 to=  4.50025e-08
iidlq               =  -4.25298e-11 from=  3.50000e-08 to=  4.50025e-08
iactp               =  -1.32986e-06 from=  4.50000e-08 to=  1.00000e-07
iactq               =  -8.65656e-07 from=  4.50000e-08 to=  1.00000e-07
tcq_rise_pex = 1.210697e-10
tcq_rise_pre = 8.937504e-11
tcq_fall_pex = 1.574721e-10
tcq_fall_pre = 1.173819e-10
slowdown_tcq_rise = 1.354625e+00
slowdown_tcq_fall = 1.341536e+00
vq_hi_frac_pex = 9.990652e-01
vq_hi_frac_pre = 9.984904e-01
vq_lo_frac_pex = 1.623719e-03
vq_lo_frac_pre = 2.582192e-03
vq_rst_pex = 1.488115e-08
vq_rst_pre = 1.606858e-08
i_rst_pex = 3.702669e-11
i_rst_pre = 3.702621e-11
i_idle_pex = 4.254357e-11
i_idle_pre = 4.252982e-11
i_act_pex = 1.329863e-06
i_act_pre = 8.656562e-07
Note: Simulation executed from .control section 

----- stderr -----

