|* Post-layout ro_array_core (whole array, real inter-ring wiring), FLOATING
|* substrate, rings 2-4 PRESENT BUT STOPPED (en2/en3/en4 held at 0 for the
|* whole run) -- the array-scale sibling of
|* sim/post-layout-ro-ring5/testbench/tb_post_layout_substrate_float_solo.spice.
|*
|* Purpose: separate LOADING (the floating node's own capacitance/impedance,
|* present even with no other ring switching) from COUPLING (ring 1's period
|* moving because rings 2-4 are actually driving the same shared node), the
|* same three-way decomposition DR-0005 finding 3 used at ring scope:
|*
|*   loading  = t(this deck)                         - t(tied, sibling deck)
|*   coupling = t(substrate_float, all 4 running)     - t(this deck)
|*
|* Same array GDS extraction as the other two decks in this directory (real
|* physical ring-to-ring proximity, not four separately-placed leaf cells),
|* so this is the strongest available bound on the substrate mechanism this
|* repo has produced -- still not the physical answer (the extractor emits
|* no substrate or tap resistance at all; klayout-tools#1503), but bracketing
|* the terminals of a real, physically-placed layout's own shared node
|* rather than a hand-tied approximation of one.
|*
|* With en2/en3/en4 held at 0, ro_nand2's own defined-output-on-disable state
|* (design/README.md; DR-0003) pins ring2/3/4's node ro_ring5 outputs high --
|* a defined, non-switching state, not a floating one -- so rn2/rn3/rn4 (and
|* therefore ro2/ro3/ro4 and the XOR tree downstream of them) settle and stay
|* put; only ring 1 free-runs.
|*
|* This file is a TEMPLATE: sim/bin/corner-run.py substitutes /Users/rwalters/.volare/volare/sky130/versions/c6d73a35f524070e85faff4a6a9eef49553ebc2b/sky130A/libs.tech/combined/sky130.lib.spice,
|* tt, /Users/rwalters/GitHub/sky130-trng/.loom/worktrees/issue-22/layout/pex-array/ro_array_core_pex.spice, -40.0 and 1.62. As committed it is not a
|* runnable deck. Invoke with
|* `--pex-lib layout/pex-array/ro_array_core_pex.spice`.
|
|.option scale=1u
|.lib "/Users/rwalters/.volare/volare/sky130/versions/c6d73a35f524070e85faff4a6a9eef49553ebc2b/sky130A/libs.tech/combined/sky130.lib.spice" tt
|
|.include "/Users/rwalters/GitHub/sky130-trng/.loom/worktrees/issue-22/layout/pex-array/ro_array_core_pex.spice"
|
|.temp -40.0
|
|* --- substrate return node: FLOATING (see header) -- no Vsub source ----
|
|Vddrp1 pvddr1 0 dc 1.62
|Vddrp2 pvddr2 0 dc 1.62
|Vddrp3 pvddr3 0 dc 1.62
|Vddrp4 pvddr4 0 dc 1.62
|Vddp pvdd 0 dc 1.62
|Venp1 pen1 0 PULSE(0 1.62 5n 100p 100p 1u 2u)
|* rings 2-4: held at 0 for the whole run -- present, but never released.
|Venp2 pen2 0 dc 0
|Venp3 pen3 0 dc 0
|Venp4 pen4 0 dc 0
|xarr pen1 pen2 pen3 pen4 pvddr1 pvddr2 pvddr3 pvddr4 pvdd 0 pxo pro1 pro2 pro3 pro4 ro_array_core_pex
|
|.ic v(pro1)=0
|.ic v(pro2)=0
|.ic v(pro3)=0
|.ic v(pro4)=0
|
|.save v(pro1) v(xarr.vsubs)
|.save i(Vddrp1)
|
|.tran 5p 800n uic
|
|.control
|run
|
|meas tran pt1a when v(pro1)=0.5*1.62 rise=3
|meas tran pt1b when v(pro1)=0.5*1.62 rise=13
|let p_tr1 = (pt1b - pt1a)/10
|
|meas tran vsub_max MAX v(xarr.vsubs) from=100n to=800n
|meas tran vsub_min MIN v(xarr.vsubs) from=100n to=800n
|let vsub_swing_frac = (vsub_max - vsub_min) / 1.62
|
|print p_tr1
|print vsub_swing_frac
|.endc
|.end
|

----- stdout -----

Note: Compatibility modes selected: hs a


Circuit: * post-layout ro_array_core (whole array, real inter-ring wiring), floating

option SCALE: Scale is set to 1e-06 for instance and model parameters
option SCALE: Scale is set to 1e-06 for instance and model parameters
option SCALE: Scale is set to 1e-06 for instance and model parameters
option SCALE: Scale is set to 1e-06 for instance and model parameters
option SCALE: Scale is set to 1e-06 for instance and model parameters
Doing analysis at TEMP = -40.000000 and TNOM = 27.000000

Using SPARSE 1.3 as Direct Linear Solver
Operating point simulation skipped by 'uic',
  now using transient initial conditions.
 Reference value :  5.00000e-14
 Reference value :  1.12692e-09
 Reference value :  2.51692e-09
 Reference value :  3.92192e-09
 Reference value :  5.24750e-09
 Reference value :  6.69250e-09
 Reference value :  8.12250e-09
 Reference value :  9.57750e-09
 Reference value :  1.10625e-08
 Reference value :  1.25225e-08
 Reference value :  1.39325e-08
 Reference value :  1.53375e-08
 Reference value :  1.66925e-08
 Reference value :  1.81625e-08
 Reference value :  1.95675e-08
 Reference value :  2.10575e-08
 Reference value :  2.25075e-08
 Reference value :  2.39725e-08
 Reference value :  2.53025e-08
 Reference value :  2.66625e-08
 Reference value :  2.80375e-08
 Reference value :  2.94125e-08
 Reference value :  3.08475e-08
 Reference value :  3.22675e-08
 Reference value :  3.37375e-08
 Reference value :  3.50675e-08
 Reference value :  3.64825e-08
 Reference value :  3.78825e-08
 Reference value :  3.92575e-08
 Reference value :  4.06325e-08
 Reference value :  4.20225e-08
 Reference value :  4.34375e-08
 Reference value :  4.47925e-08
 Reference value :  4.61775e-08
 Reference value :  4.75375e-08
 Reference value :  4.89475e-08
 Reference value :  5.03525e-08
 Reference value :  5.17375e-08
 Reference value :  5.31225e-08
 Reference value :  5.44925e-08
 Reference value :  5.58925e-08
 Reference value :  5.72925e-08
 Reference value :  5.87575e-08
 Reference value :  6.02325e-08
 Reference value :  6.17025e-08
 Reference value :  6.31025e-08
 Reference value :  6.45175e-08
 Reference value :  6.59675e-08
 Reference value :  6.74725e-08
 Reference value :  6.89475e-08
 Reference value :  7.04425e-08
 Reference value :  7.18475e-08
 Reference value :  7.31975e-08
 Reference value :  7.46425e-08
 Reference value :  7.60425e-08
 Reference value :  7.76125e-08
 Reference value :  7.90875e-08
 Reference value :  8.05875e-08
 Reference value :  8.18775e-08
 Reference value :  8.33725e-08
 Reference value :  8.47625e-08
 Reference value :  8.62025e-08
 Reference value :  8.76125e-08
 Reference value :  8.90725e-08
 Reference value :  9.05625e-08
 Reference value :  9.20075e-08
 Reference value :  9.35375e-08
 Reference value :  9.50225e-08
 Reference value :  9.65325e-08
 Reference value :  9.82075e-08
 Reference value :  9.96375e-08
 Reference value :  1.01003e-07
 Reference value :  1.02463e-07
 Reference value :  1.03913e-07
 Reference value :  1.05428e-07
 Reference value :  1.06903e-07
 Reference value :  1.08498e-07
 Reference value :  1.09978e-07
 Reference value :  1.11533e-07
 Reference value :  1.13043e-07
 Reference value :  1.14533e-07
 Reference value :  1.16018e-07
 Reference value :  1.17558e-07
 Reference value :  1.19033e-07
 Reference value :  1.20613e-07
 Reference value :  1.22138e-07
 Reference value :  1.23598e-07
 Reference value :  1.25163e-07
 Reference value :  1.26703e-07
 Reference value :  1.28163e-07
 Reference value :  1.29668e-07
 Reference value :  1.31203e-07
 Reference value :  1.32673e-07
 Reference value :  1.34278e-07
 Reference value :  1.35768e-07
 Reference value :  1.37333e-07
 Reference value :  1.38788e-07
 Reference value :  1.40283e-07
 Reference value :  1.41778e-07
 Reference value :  1.43393e-07
 Reference value :  1.45018e-07
 Reference value :  1.46508e-07
 Reference value :  1.47958e-07
 Reference value :  1.49663e-07
 Reference value :  1.51088e-07
 Reference value :  1.52628e-07
 Reference value :  1.54098e-07
 Reference value :  1.55533e-07
 Reference value :  1.56908e-07
 Reference value :  1.58333e-07
 Reference value :  1.59773e-07
 Reference value :  1.61303e-07
 Reference value :  1.62823e-07
 Reference value :  1.64353e-07
 Reference value :  1.65813e-07
 Reference value :  1.67323e-07
 Reference value :  1.68748e-07
 Reference value :  1.70198e-07
 Reference value :  1.71638e-07
 Reference value :  1.73133e-07
 Reference value :  1.74618e-07
 Reference value :  1.76068e-07
 Reference value :  1.77603e-07
 Reference value :  1.79128e-07
 Reference value :  1.80653e-07
 Reference value :  1.82178e-07
 Reference value :  1.83728e-07
 Reference value :  1.85223e-07
 Reference value :  1.86753e-07
 Reference value :  1.88243e-07
 Reference value :  1.89773e-07
 Reference value :  1.91318e-07
 Reference value :  1.92833e-07
 Reference value :  1.94278e-07
 Reference value :  1.95773e-07
 Reference value :  1.97258e-07
 Reference value :  1.98768e-07
 Reference value :  2.00263e-07
 Reference value :  2.01858e-07
 Reference value :  2.03293e-07
 Reference value :  2.04688e-07
 Reference value :  2.06183e-07
 Reference value :  2.07563e-07
 Reference value :  2.08998e-07
 Reference value :  2.10403e-07
 Reference value :  2.11818e-07
 Reference value :  2.13203e-07
 Reference value :  2.14588e-07
 Reference value :  2.15953e-07
 Reference value :  2.17323e-07
 Reference value :  2.18718e-07
 Reference value :  2.20173e-07
 Reference value :  2.21673e-07
 Reference value :  2.23028e-07
 Reference value :  2.24428e-07
 Reference value :  2.25803e-07
 Reference value :  2.27223e-07
 Reference value :  2.28668e-07
 Reference value :  2.30168e-07
 Reference value :  2.31698e-07
 Reference value :  2.33173e-07
 Reference value :  2.34713e-07
 Reference value :  2.36233e-07
 Reference value :  2.37783e-07
 Reference value :  2.39338e-07
 Reference value :  2.40703e-07
 Reference value :  2.42183e-07
 Reference value :  2.43738e-07
 Reference value :  2.45248e-07
 Reference value :  2.46748e-07
 Reference value :  2.48253e-07
 Reference value :  2.49793e-07
 Reference value :  2.51278e-07
 Reference value :  2.52678e-07
 Reference value :  2.54208e-07
 Reference value :  2.55678e-07
 Reference value :  2.57228e-07
 Reference value :  2.58743e-07
 Reference value :  2.60118e-07
 Reference value :  2.61608e-07
 Reference value :  2.63083e-07
 Reference value :  2.64618e-07
 Reference value :  2.66303e-07
 Reference value :  2.67818e-07
 Reference value :  2.69278e-07
 Reference value :  2.70808e-07
 Reference value :  2.72358e-07
 Reference value :  2.73923e-07
 Reference value :  2.75483e-07
 Reference value :  2.77048e-07
 Reference value :  2.78538e-07
 Reference value :  2.80058e-07
 Reference value :  2.81568e-07
 Reference value :  2.83058e-07
 Reference value :  2.84573e-07
 Reference value :  2.86117e-07
 Reference value :  2.87622e-07
 Reference value :  2.89137e-07
 Reference value :  2.90672e-07
 Reference value :  2.92212e-07
 Reference value :  2.93787e-07
 Reference value :  2.95322e-07
 Reference value :  2.96852e-07
 Reference value :  2.98402e-07
 Reference value :  2.99937e-07
 Reference value :  3.01472e-07
 Reference value :  3.03047e-07
 Reference value :  3.04642e-07
 Reference value :  3.06207e-07
 Reference value :  3.07722e-07
 Reference value :  3.09242e-07
 Reference value :  3.10762e-07
 Reference value :  3.12302e-07
 Reference value :  3.13852e-07
 Reference value :  3.15322e-07
 Reference value :  3.16792e-07
 Reference value :  3.18312e-07
 Reference value :  3.19812e-07
 Reference value :  3.21347e-07
 Reference value :  3.22957e-07
 Reference value :  3.24387e-07
 Reference value :  3.25797e-07
 Reference value :  3.27292e-07
 Reference value :  3.28802e-07
 Reference value :  3.30262e-07
 Reference value :  3.31772e-07
 Reference value :  3.33292e-07
 Reference value :  3.34782e-07
 Reference value :  3.36387e-07
 Reference value :  3.37947e-07
 Reference value :  3.39447e-07
 Reference value :  3.40962e-07
 Reference value :  3.42467e-07
 Reference value :  3.43987e-07
 Reference value :  3.45537e-07
 Reference value :  3.47102e-07
 Reference value :  3.48647e-07
 Reference value :  3.50192e-07
 Reference value :  3.51662e-07
 Reference value :  3.53122e-07
 Reference value :  3.54612e-07
 Reference value :  3.56177e-07
 Reference value :  3.57687e-07
 Reference value :  3.59227e-07
 Reference value :  3.60722e-07
 Reference value :  3.62382e-07
 Reference value :  3.63867e-07
 Reference value :  3.65427e-07
 Reference value :  3.66952e-07
 Reference value :  3.68512e-07
 Reference value :  3.70097e-07
 Reference value :  3.71637e-07
 Reference value :  3.73112e-07
 Reference value :  3.74662e-07
 Reference value :  3.76162e-07
 Reference value :  3.77697e-07
 Reference value :  3.79137e-07
 Reference value :  3.80652e-07
 Reference value :  3.82087e-07
 Reference value :  3.83607e-07
 Reference value :  3.85107e-07
 Reference value :  3.86732e-07
 Reference value :  3.88282e-07
 Reference value :  3.89832e-07
 Reference value :  3.91317e-07
 Reference value :  3.92832e-07
 Reference value :  3.94362e-07
 Reference value :  3.95952e-07
 Reference value :  3.97517e-07
 Reference value :  3.99182e-07
 Reference value :  4.00647e-07
 Reference value :  4.02157e-07
 Reference value :  4.03637e-07
 Reference value :  4.05152e-07
 Reference value :  4.06692e-07
 Reference value :  4.08212e-07
 Reference value :  4.09622e-07
 Reference value :  4.11147e-07
 Reference value :  4.12547e-07
 Reference value :  4.13932e-07
 Reference value :  4.15367e-07
 Reference value :  4.16807e-07
 Reference value :  4.18362e-07
 Reference value :  4.19837e-07
 Reference value :  4.21392e-07
 Reference value :  4.22882e-07
 Reference value :  4.24382e-07
 Reference value :  4.25937e-07
 Reference value :  4.27472e-07
 Reference value :  4.28952e-07
 Reference value :  4.30477e-07
 Reference value :  4.31957e-07
 Reference value :  4.33622e-07
 Reference value :  4.35072e-07
 Reference value :  4.36597e-07
 Reference value :  4.38042e-07
 Reference value :  4.39487e-07
 Reference value :  4.41182e-07
 Reference value :  4.42637e-07
 Reference value :  4.44157e-07
 Reference value :  4.45692e-07
 Reference value :  4.47137e-07
 Reference value :  4.48632e-07
 Reference value :  4.50092e-07
 Reference value :  4.51582e-07
 Reference value :  4.53027e-07
 Reference value :  4.54537e-07
 Reference value :  4.56052e-07
 Reference value :  4.57477e-07
 Reference value :  4.58877e-07
 Reference value :  4.60407e-07
 Reference value :  4.61837e-07
 Reference value :  4.63297e-07
 Reference value :  4.64752e-07
 Reference value :  4.66142e-07
 Reference value :  4.67567e-07
 Reference value :  4.68992e-07
 Reference value :  4.70407e-07
 Reference value :  4.71837e-07
 Reference value :  4.73332e-07
 Reference value :  4.74742e-07
 Reference value :  4.76077e-07
 Reference value :  4.77532e-07
 Reference value :  4.78902e-07
 Reference value :  4.80332e-07
 Reference value :  4.81742e-07
 Reference value :  4.83167e-07
 Reference value :  4.84512e-07
 Reference value :  4.85902e-07
 Reference value :  4.87327e-07
 Reference value :  4.88747e-07
 Reference value :  4.90222e-07
 Reference value :  4.91687e-07
 Reference value :  4.93132e-07
 Reference value :  4.94537e-07
 Reference value :  4.96112e-07
 Reference value :  4.97552e-07
 Reference value :  4.98982e-07
 Reference value :  5.00447e-07
 Reference value :  5.01887e-07
 Reference value :  5.03277e-07
 Reference value :  5.04697e-07
 Reference value :  5.06117e-07
 Reference value :  5.07542e-07
 Reference value :  5.08997e-07
 Reference value :  5.10502e-07
 Reference value :  5.11972e-07
 Reference value :  5.13397e-07
 Reference value :  5.14822e-07
 Reference value :  5.16232e-07
 Reference value :  5.17672e-07
 Reference value :  5.19142e-07
 Reference value :  5.20572e-07
 Reference value :  5.21997e-07
 Reference value :  5.23392e-07
 Reference value :  5.24817e-07
 Reference value :  5.26222e-07
 Reference value :  5.27632e-07
 Reference value :  5.29047e-07
 Reference value :  5.30472e-07
 Reference value :  5.31827e-07
 Reference value :  5.33222e-07
 Reference value :  5.34622e-07
 Reference value :  5.36017e-07
 Reference value :  5.37462e-07
 Reference value :  5.38962e-07
 Reference value :  5.40447e-07
 Reference value :  5.41882e-07
 Reference value :  5.43312e-07
 Reference value :  5.44752e-07
 Reference value :  5.46157e-07
 Reference value :  5.47622e-07
 Reference value :  5.49047e-07
 Reference value :  5.50417e-07
 Reference value :  5.51852e-07
 Reference value :  5.53312e-07
 Reference value :  5.54847e-07
 Reference value :  5.56302e-07
 Reference value :  5.57797e-07
 Reference value :  5.59277e-07
 Reference value :  5.60707e-07
 Reference value :  5.62227e-07
 Reference value :  5.63672e-07
 Reference value :  5.65127e-07
 Reference value :  5.66552e-07
 Reference value :  5.68017e-07
 Reference value :  5.69397e-07
 Reference value :  5.70842e-07
 Reference value :  5.72217e-07
 Reference value :  5.73597e-07
 Reference value :  5.75347e-07
 Reference value :  5.77512e-07
 Reference value :  5.79612e-07
 Reference value :  5.81782e-07
 Reference value :  5.83957e-07
 Reference value :  5.86172e-07
 Reference value :  5.88017e-07
 Reference value :  5.89882e-07
 Reference value :  5.91562e-07
 Reference value :  5.93287e-07
 Reference value :  5.94952e-07
 Reference value :  5.96592e-07
 Reference value :  5.98197e-07
 Reference value :  5.99662e-07
 Reference value :  6.01083e-07
 Reference value :  6.02458e-07
 Reference value :  6.03833e-07
 Reference value :  6.05298e-07
 Reference value :  6.06693e-07
 Reference value :  6.08078e-07
 Reference value :  6.09528e-07
 Reference value :  6.11048e-07
 Reference value :  6.12718e-07
 Reference value :  6.14338e-07
 Reference value :  6.15903e-07
 Reference value :  6.17448e-07
 Reference value :  6.18973e-07
 Reference value :  6.20558e-07
 Reference value :  6.22078e-07
 Reference value :  6.23448e-07
 Reference value :  6.24913e-07
 Reference value :  6.26253e-07
 Reference value :  6.27613e-07
 Reference value :  6.28973e-07
 Reference value :  6.30373e-07
 Reference value :  6.31733e-07
 Reference value :  6.33133e-07
 Reference value :  6.34468e-07
 Reference value :  6.35808e-07
 Reference value :  6.37188e-07
 Reference value :  6.38503e-07
 Reference value :  6.39863e-07
 Reference value :  6.41233e-07
 Reference value :  6.42668e-07
 Reference value :  6.44063e-07
 Reference value :  6.45523e-07
 Reference value :  6.46953e-07
 Reference value :  6.48363e-07
 Reference value :  6.49788e-07
 Reference value :  6.51198e-07
 Reference value :  6.52538e-07
 Reference value :  6.53863e-07
 Reference value :  6.55223e-07
 Reference value :  6.56583e-07
 Reference value :  6.58043e-07
 Reference value :  6.59448e-07
 Reference value :  6.60818e-07
 Reference value :  6.62218e-07
 Reference value :  6.63593e-07
 Reference value :  6.64973e-07
 Reference value :  6.66298e-07
 Reference value :  6.67663e-07
 Reference value :  6.69033e-07
 Reference value :  6.70388e-07
 Reference value :  6.71703e-07
 Reference value :  6.73003e-07
 Reference value :  6.74368e-07
 Reference value :  6.75698e-07
 Reference value :  6.77083e-07
 Reference value :  6.78473e-07
 Reference value :  6.79853e-07
 Reference value :  6.81168e-07
 Reference value :  6.82498e-07
 Reference value :  6.83863e-07
 Reference value :  6.85208e-07
 Reference value :  6.86578e-07
 Reference value :  6.87958e-07
 Reference value :  6.89338e-07
 Reference value :  6.90658e-07
 Reference value :  6.92028e-07
 Reference value :  6.93388e-07
 Reference value :  6.94708e-07
 Reference value :  6.96103e-07
 Reference value :  6.97498e-07
 Reference value :  6.98933e-07
 Reference value :  7.00343e-07
 Reference value :  7.01788e-07
 Reference value :  7.03188e-07
 Reference value :  7.04573e-07
 Reference value :  7.05963e-07
 Reference value :  7.07343e-07
 Reference value :  7.08698e-07
 Reference value :  7.09998e-07
 Reference value :  7.11353e-07
 Reference value :  7.12713e-07
 Reference value :  7.14038e-07
 Reference value :  7.15468e-07
 Reference value :  7.16798e-07
 Reference value :  7.18128e-07
 Reference value :  7.19403e-07
 Reference value :  7.20753e-07
 Reference value :  7.22103e-07
 Reference value :  7.23438e-07
 Reference value :  7.24913e-07
 Reference value :  7.26308e-07
 Reference value :  7.27673e-07
 Reference value :  7.29043e-07
 Reference value :  7.30463e-07
 Reference value :  7.31838e-07
 Reference value :  7.33213e-07
 Reference value :  7.34603e-07
 Reference value :  7.35998e-07
 Reference value :  7.37343e-07
 Reference value :  7.38713e-07
 Reference value :  7.40108e-07
 Reference value :  7.41463e-07
 Reference value :  7.42818e-07
 Reference value :  7.44228e-07
 Reference value :  7.45608e-07
 Reference value :  7.46933e-07
 Reference value :  7.48273e-07
 Reference value :  7.49653e-07
 Reference value :  7.51013e-07
 Reference value :  7.52403e-07
 Reference value :  7.53828e-07
 Reference value :  7.55188e-07
 Reference value :  7.56513e-07
 Reference value :  7.57883e-07
 Reference value :  7.59273e-07
 Reference value :  7.60633e-07
 Reference value :  7.62033e-07
 Reference value :  7.63413e-07
 Reference value :  7.64808e-07
 Reference value :  7.66208e-07
 Reference value :  7.67648e-07
 Reference value :  7.69088e-07
 Reference value :  7.70558e-07
 Reference value :  7.72043e-07
 Reference value :  7.73478e-07
 Reference value :  7.74903e-07
 Reference value :  7.76278e-07
 Reference value :  7.77773e-07
 Reference value :  7.79133e-07
 Reference value :  7.80513e-07
 Reference value :  7.81888e-07
 Reference value :  7.83288e-07
 Reference value :  7.84553e-07
 Reference value :  7.85863e-07
 Reference value :  7.87218e-07
 Reference value :  7.88543e-07
 Reference value :  7.89913e-07
 Reference value :  7.91288e-07
 Reference value :  7.92698e-07
 Reference value :  7.94063e-07
 Reference value :  7.95508e-07
 Reference value :  7.96958e-07
 Reference value :  7.98398e-07
 Reference value :  7.99853e-07
No. of Data Rows : 160024
pt1a                =  2.79501e-08
pt1b                =  1.21686e-07
 meas tran vsub_max max v(xarr.vsubs) from=100n to=800n failed!

 meas tran vsub_min min v(xarr.vsubs) from=100n to=800n failed!

p_tr1 = 9.373539e-09
Note: Simulation executed from .control section 

----- stderr -----

Error: measure  vsub_max  max(TRIG) : no such vector as 'v(xarr.vsubs)'

Error: measure  vsub_min  min(TRIG) : no such vector as 'v(xarr.vsubs)'
Warning from checkvalid: vector vsub_max is not available or has zero length.
Error: RHS "(vsub_max - vsub_min) / 1.62" invalid
Warning from checkvalid: vector vsub_swing_frac is not available or has zero length.

