|* Post-layout sampler_core (whole composed cell), FLOATING substrate, rings
|* 2-4 PRESENT BUT STOPPED (en2/en3/en4 held at 0 for the whole run) -- the
|* sampler_core-scope sibling of
|* sim/post-layout-ro-array-core/testbench/tb_post_layout_ro_array_core_substrate_float_solo.spice,
|* now with all six sampler_dff instances present, loaded and clocked
|* identically to the sibling _float and _tied decks (the tied deck being
|* sim/post-layout-sampler-core/testbench/tb_post_layout_sampler_core.spice's
|* own post-layout half, already run and recorded).
|*
|* Purpose: separate LOADING (the floating node's own capacitance/impedance,
|* plus everything on it that is common to all three decks) from COUPLING
|* (ring 1's period moving because rings 2-4 are actually driving the same
|* shared node), the same three-way decomposition DR-0005 (ring scope) and
|* DR-0006 (array scope) used:
|*
|*   loading  = t(this deck)                              - t(tied)
|*   coupling = t(substrate_float, all 4 rings running)    - t(this deck)
|*
|* Holding the six samplers' own clk/rst_n stimulus IDENTICAL across
|* TIED/FLOAT/SOLO (rather than omitting them here) means their own
|* contribution to substrate loading is common to all three decks and
|* cancels out of BOTH differences above -- what changes between this deck
|* and the sibling _float deck is only whether rings 2-4 are switching,
|* isolating the ring-to-ring term DR-0003 section 8 actually asks about.
|*
|* Same sampler_core_pex extraction as the sibling _tied/_float decks in
|* this directory (real physical ring/buffer/xor2/sampler-bank proximity,
|* not leaf cells hand-tied to a shared node), so this is the strongest
|* available bound on the substrate mechanism this repo has produced at
|* sampler_core scope -- still not the physical answer (the extractor emits
|* no substrate or tap resistance at all; klayout-tools#1503), but bracketing
|* the terminals of a real, physically-placed layout's own shared node.
|*
|* With en2/en3/en4 held at 0, ro_nand2's own defined-output-on-disable state
|* (design/README.md; DR-0003) pins ring2/3/4's node ro_ring5 outputs high --
|* a defined, non-switching state, not a floating one -- so rn2/rn3/rn4 (and
|* therefore ro2/ro3/ro4 and the XOR tree downstream of them) settle and stay
|* put; only ring 1 free-runs. The six samplers still latch whatever settles
|* onto their own `d` pins at each clk edge -- a defined value, not floating
|* -- so this deck's own reset/capture behaviour is not separately measured
|* (that is the sibling _tied deck's own scope); only ring 1's period and the
|* substrate node's own swing are read here.
|*
|* TWO measurement windows, matching the sibling _float deck exactly (see
|* that deck's header for the full statement). `p_tr1` (rise=3 -> rise=13)
|* is the tied deck's own estimator verbatim and, at this design's
|* post-layout ring periods, falls entirely before `rst_n` releases at
|* 300 ns -- samplers loaded and placed, not switching. `p_tr1_clk` is a
|* ten-period average taken from the first rising edge past 400 ns, inside
|* the clocked window, with all six samplers actually latching; it is
|* time-gated (`TRIG`/`TARG ... TD=400n`) rather than rise-indexed because
|* the ring period varies 3.1x across this repo's PVT grid. Only the
|* `coupling` half of the decomposition can be computed on the clocked
|* estimator, since the already-minted tied records carry no counterpart to
|* it.
|*
|* Global substrate addressing, corrected from the start (see the sibling
|* _float deck's header for DR-0006's own documented `v(xarr.vsubs)` defect
|* this deck avoids): `vsubs` is `.global`, addressed as `v(vsubs)`.
|*
|* This file is a TEMPLATE: sim/bin/corner-run.py substitutes /Users/rwalters/.volare/volare/sky130/versions/c6d73a35f524070e85faff4a6a9eef49553ebc2b/sky130A/libs.tech/combined/sky130.lib.spice,
|* ff, 125.0, 1.98 and 5p. As committed it is not a
|* runnable deck. Invoke with
|* `--pex-lib layout/pex-sampler-core/sampler_core_pex.spice`.
|
|.option scale=1u
|.lib "/Users/rwalters/.volare/volare/sky130/versions/c6d73a35f524070e85faff4a6a9eef49553ebc2b/sky130A/libs.tech/combined/sky130.lib.spice" ff
|
|.include "/Users/rwalters/GitHub/sky130-trng/.loom/worktrees/issue-22/layout/pex-sampler-core/sampler_core_pex.spice"
|
|.temp 125.0
|
|* --- substrate return node: FLOATING (see header) -- no Vsub source ----
|
|Vddrp1 pvddr1 0 dc 1.98
|Vddrp2 pvddr2 0 dc 1.98
|Vddrp3 pvddr3 0 dc 1.98
|Vddrp4 pvddr4 0 dc 1.98
|Vddp pvdd 0 dc 1.98
|Venp1 pen1 0 PULSE(0 1.98 5n 100p 100p 1u 2u)
|* rings 2-4: held at 0 for the whole run -- present, but never released.
|Venp2 pen2 0 dc 0
|Venp3 pen3 0 dc 0
|Venp4 pen4 0 dc 0
|Vrstnp prst_n 0 PULSE(0 1.98 300n 100p 100p 10u 20u)
|Vclkp pclk 0 PULSE(0 1.98 320n 100p 100p 49.8n 100n)
|xarr pen1 pen2 pen3 pen4 pvddr1 pvddr2 pvddr3 pvddr4 pvdd 0 pclk prst_n
|+ praw_bit praw_valid pring_bit1 pring_bit2 pring_bit3 pring_bit4
|+ sampler_core_pex
|
|.ic v(xarr.ro1)=0 v(xarr.ro2)=0 v(xarr.ro3)=0 v(xarr.ro4)=0
|
|.save v(xarr.ro1) v(vsubs)
|
|* tstop is 600 ns, not the tied deck's 800 ns -- see the sibling _float
|* deck's own note on the same line for why that truncation is provably
|* immaterial to every number either deck reports.
|.tran 5p 600n uic
|
|.control
|run
|
|* --- primary estimator: identical to the tied and _float decks ---------
|meas tran pt1a when v(xarr.ro1)=0.5*1.98 rise=3
|meas tran pt1b when v(xarr.ro1)=0.5*1.98 rise=13
|let p_tr1 = (pt1b - pt1a)/10
|
|* --- second estimator: clocked window, time-gated (see header) ---------
|meas tran pd1_clk TRIG v(xarr.ro1) VAL=0.5*1.98 RISE=1 TD=400n
|+ TARG v(xarr.ro1) VAL=0.5*1.98 RISE=11 TD=400n
|let p_tr1_clk = pd1_clk/10
|
|* --- shared substrate node's own excursion, two windows ----------------
|meas tran vsub_rst_max MAX v(vsubs) from=100n to=300n
|meas tran vsub_rst_min MIN v(vsubs) from=100n to=300n
|let vsub_swing_rst = (vsub_rst_max - vsub_rst_min) / 1.98
|meas tran vsub_clk_max MAX v(vsubs) from=400n to=600n
|meas tran vsub_clk_min MIN v(vsubs) from=400n to=600n
|let vsub_swing_clk = (vsub_clk_max - vsub_clk_min) / 1.98
|
|print p_tr1
|print p_tr1_clk
|print vsub_swing_rst
|print vsub_swing_clk
|.endc
|.end
|

----- stdout -----

Note: Compatibility modes selected: hs a


Circuit: * post-layout sampler_core (whole composed cell), floating substrate, rings

option SCALE: Scale is set to 1e-06 for instance and model parameters
option SCALE: Scale is set to 1e-06 for instance and model parameters
option SCALE: Scale is set to 1e-06 for instance and model parameters
option SCALE: Scale is set to 1e-06 for instance and model parameters
option SCALE: Scale is set to 1e-06 for instance and model parameters
Doing analysis at TEMP = 125.000000 and TNOM = 27.000000

Using SPARSE 1.3 as Direct Linear Solver
Operating point simulation skipped by 'uic',
  now using transient initial conditions.
 Reference value :  5.00000e-14
 Reference value :  6.42484e-10
 Reference value :  1.31248e-09
 Reference value :  1.92248e-09
 Reference value :  2.77248e-09
 Reference value :  3.41248e-09
 Reference value :  4.15748e-09
 Reference value :  4.80248e-09
 Reference value :  5.38750e-09
 Reference value :  6.10750e-09
 Reference value :  6.80250e-09
 Reference value :  7.41750e-09
 Reference value :  8.10750e-09
 Reference value :  8.74250e-09
 Reference value :  9.50250e-09
 Reference value :  1.01425e-08
 Reference value :  1.08075e-08
 Reference value :  1.14675e-08
 Reference value :  1.21375e-08
 Reference value :  1.28475e-08
 Reference value :  1.34475e-08
 Reference value :  1.41875e-08
 Reference value :  1.52275e-08
 Reference value :  1.62575e-08
 Reference value :  1.72875e-08
 Reference value :  1.80575e-08
 Reference value :  1.85975e-08
 Reference value :  1.92125e-08
 Reference value :  2.02525e-08
 Reference value :  2.12975e-08
 Reference value :  2.23425e-08
 Reference value :  2.34025e-08
 Reference value :  2.44225e-08
 Reference value :  2.54125e-08
 Reference value :  2.60525e-08
 Reference value :  2.66325e-08
 Reference value :  2.73375e-08
 Reference value :  2.82075e-08
 Reference value :  2.89525e-08
 Reference value :  2.96725e-08
 Reference value :  3.04275e-08
 Reference value :  3.11375e-08
 Reference value :  3.17775e-08
 Reference value :  3.23825e-08
 Reference value :  3.29775e-08
 Reference value :  3.36575e-08
 Reference value :  3.43025e-08
 Reference value :  3.49275e-08
 Reference value :  3.56925e-08
 Reference value :  3.63675e-08
 Reference value :  3.70475e-08
 Reference value :  3.78975e-08
 Reference value :  3.85925e-08
 Reference value :  3.91675e-08
 Reference value :  3.98825e-08
 Reference value :  4.07525e-08
 Reference value :  4.14125e-08
 Reference value :  4.22075e-08
 Reference value :  4.28425e-08
 Reference value :  4.35325e-08
 Reference value :  4.42025e-08
 Reference value :  4.48025e-08
 Reference value :  4.54225e-08
 Reference value :  4.60625e-08
 Reference value :  4.67875e-08
 Reference value :  4.74325e-08
 Reference value :  4.80725e-08
 Reference value :  4.89175e-08
 Reference value :  4.95875e-08
 Reference value :  5.03225e-08
 Reference value :  5.11075e-08
 Reference value :  5.20975e-08
 Reference value :  5.30125e-08
 Reference value :  5.36775e-08
 Reference value :  5.44025e-08
 Reference value :  5.50175e-08
 Reference value :  5.56525e-08
 Reference value :  5.63125e-08
 Reference value :  5.69825e-08
 Reference value :  5.76225e-08
 Reference value :  5.82625e-08
 Reference value :  5.89075e-08
 Reference value :  5.95575e-08
 Reference value :  6.01675e-08
 Reference value :  6.07725e-08
 Reference value :  6.14075e-08
 Reference value :  6.21025e-08
 Reference value :  6.27475e-08
 Reference value :  6.33825e-08
 Reference value :  6.40175e-08
 Reference value :  6.46625e-08
 Reference value :  6.52875e-08
 Reference value :  6.58875e-08
 Reference value :  6.65275e-08
 Reference value :  6.74325e-08
 Reference value :  6.84525e-08
 Reference value :  6.93825e-08
 Reference value :  7.03625e-08
 Reference value :  7.09775e-08
 Reference value :  7.17275e-08
 Reference value :  7.24675e-08
 Reference value :  7.31425e-08
 Reference value :  7.38925e-08
 Reference value :  7.45525e-08
 Reference value :  7.51875e-08
 Reference value :  7.57775e-08
 Reference value :  7.63525e-08
 Reference value :  7.71375e-08
 Reference value :  7.78925e-08
 Reference value :  7.87675e-08
 Reference value :  7.97125e-08
 Reference value :  8.05625e-08
 Reference value :  8.14775e-08
 Reference value :  8.20575e-08
 Reference value :  8.26875e-08
 Reference value :  8.33725e-08
 Reference value :  8.40275e-08
 Reference value :  8.46475e-08
 Reference value :  8.53925e-08
 Reference value :  8.62225e-08
 Reference value :  8.68875e-08
 Reference value :  8.75275e-08
 Reference value :  8.81325e-08
 Reference value :  8.87875e-08
 Reference value :  8.94525e-08
 Reference value :  9.00725e-08
 Reference value :  9.08275e-08
 Reference value :  9.16575e-08
 Reference value :  9.23475e-08
 Reference value :  9.29575e-08
 Reference value :  9.36375e-08
 Reference value :  9.43025e-08
 Reference value :  9.49975e-08
 Reference value :  9.56675e-08
 Reference value :  9.63775e-08
 Reference value :  9.70825e-08
 Reference value :  9.76925e-08
 Reference value :  9.83525e-08
 Reference value :  9.89875e-08
 Reference value :  9.96175e-08
 Reference value :  1.00183e-07
 Reference value :  1.00748e-07
 Reference value :  1.01313e-07
 Reference value :  1.01883e-07
 Reference value :  1.02453e-07
 Reference value :  1.02993e-07
 Reference value :  1.03568e-07
 Reference value :  1.04158e-07
 Reference value :  1.04833e-07
 Reference value :  1.05543e-07
 Reference value :  1.06163e-07
 Reference value :  1.06773e-07
 Reference value :  1.07378e-07
 Reference value :  1.07953e-07
 Reference value :  1.08583e-07
 Reference value :  1.09228e-07
 Reference value :  1.09873e-07
 Reference value :  1.10478e-07
 Reference value :  1.11048e-07
 Reference value :  1.11608e-07
 Reference value :  1.12373e-07
 Reference value :  1.12983e-07
 Reference value :  1.13653e-07
 Reference value :  1.14313e-07
 Reference value :  1.14963e-07
 Reference value :  1.15628e-07
 Reference value :  1.16273e-07
 Reference value :  1.16898e-07
 Reference value :  1.17523e-07
 Reference value :  1.18228e-07
 Reference value :  1.18833e-07
 Reference value :  1.19528e-07
 Reference value :  1.20178e-07
 Reference value :  1.20758e-07
 Reference value :  1.21323e-07
 Reference value :  1.21873e-07
 Reference value :  1.22438e-07
 Reference value :  1.23163e-07
 Reference value :  1.23953e-07
 Reference value :  1.24898e-07
 Reference value :  1.25758e-07
 Reference value :  1.26628e-07
 Reference value :  1.27348e-07
 Reference value :  1.27898e-07
 Reference value :  1.28463e-07
 Reference value :  1.29158e-07
 Reference value :  1.29878e-07
 Reference value :  1.30758e-07
 Reference value :  1.31653e-07
 Reference value :  1.32478e-07
 Reference value :  1.33348e-07
 Reference value :  1.34023e-07
 Reference value :  1.34673e-07
 Reference value :  1.35328e-07
 Reference value :  1.36003e-07
 Reference value :  1.36643e-07
 Reference value :  1.37273e-07
 Reference value :  1.37973e-07
 Reference value :  1.38583e-07
 Reference value :  1.39128e-07
 Reference value :  1.39668e-07
 Reference value :  1.40233e-07
 Reference value :  1.40793e-07
 Reference value :  1.41363e-07
 Reference value :  1.41928e-07
 Reference value :  1.42503e-07
 Reference value :  1.43063e-07
 Reference value :  1.43728e-07
 Reference value :  1.44468e-07
 Reference value :  1.45303e-07
 Reference value :  1.46228e-07
 Reference value :  1.47008e-07
 Reference value :  1.47673e-07
 Reference value :  1.48358e-07
 Reference value :  1.49018e-07
 Reference value :  1.49638e-07
 Reference value :  1.50278e-07
 Reference value :  1.50898e-07
 Reference value :  1.51523e-07
 Reference value :  1.52233e-07
 Reference value :  1.52798e-07
 Reference value :  1.53358e-07
 Reference value :  1.53918e-07
 Reference value :  1.54493e-07
 Reference value :  1.55018e-07
 Reference value :  1.55573e-07
 Reference value :  1.56128e-07
 Reference value :  1.56713e-07
 Reference value :  1.57273e-07
 Reference value :  1.57848e-07
 Reference value :  1.58558e-07
 Reference value :  1.59198e-07
 Reference value :  1.59823e-07
 Reference value :  1.60423e-07
 Reference value :  1.61043e-07
 Reference value :  1.61668e-07
 Reference value :  1.62288e-07
 Reference value :  1.62913e-07
 Reference value :  1.63573e-07
 Reference value :  1.64203e-07
 Reference value :  1.64888e-07
 Reference value :  1.65478e-07
 Reference value :  1.66198e-07
 Reference value :  1.66773e-07
 Reference value :  1.67333e-07
 Reference value :  1.67898e-07
 Reference value :  1.68458e-07
 Reference value :  1.69018e-07
 Reference value :  1.69573e-07
 Reference value :  1.70143e-07
 Reference value :  1.70683e-07
 Reference value :  1.71243e-07
 Reference value :  1.71843e-07
 Reference value :  1.72473e-07
 Reference value :  1.73098e-07
 Reference value :  1.73783e-07
 Reference value :  1.74433e-07
 Reference value :  1.75068e-07
 Reference value :  1.75688e-07
 Reference value :  1.76283e-07
 Reference value :  1.76908e-07
 Reference value :  1.77548e-07
 Reference value :  1.78203e-07
 Reference value :  1.78978e-07
 Reference value :  1.79768e-07
 Reference value :  1.80343e-07
 Reference value :  1.80908e-07
 Reference value :  1.81443e-07
 Reference value :  1.82018e-07
 Reference value :  1.82578e-07
 Reference value :  1.83148e-07
 Reference value :  1.83708e-07
 Reference value :  1.84273e-07
 Reference value :  1.84843e-07
 Reference value :  1.85403e-07
 Reference value :  1.86008e-07
 Reference value :  1.86633e-07
 Reference value :  1.87258e-07
 Reference value :  1.87878e-07
 Reference value :  1.88528e-07
 Reference value :  1.89408e-07
 Reference value :  1.90083e-07
 Reference value :  1.90718e-07
 Reference value :  1.91338e-07
 Reference value :  1.91943e-07
 Reference value :  1.92588e-07
 Reference value :  1.93368e-07
 Reference value :  1.94008e-07
 Reference value :  1.94713e-07
 Reference value :  1.95283e-07
 Reference value :  1.95843e-07
 Reference value :  1.96423e-07
 Reference value :  1.96938e-07
 Reference value :  1.97508e-07
 Reference value :  1.98063e-07
 Reference value :  1.98643e-07
 Reference value :  1.99198e-07
 Reference value :  1.99763e-07
 Reference value :  2.00308e-07
 Reference value :  2.00868e-07
 Reference value :  2.01423e-07
 Reference value :  2.01963e-07
 Reference value :  2.02498e-07
 Reference value :  2.03053e-07
 Reference value :  2.03618e-07
 Reference value :  2.04178e-07
 Reference value :  2.04733e-07
 Reference value :  2.05288e-07
 Reference value :  2.05843e-07
 Reference value :  2.06403e-07
 Reference value :  2.06958e-07
 Reference value :  2.07478e-07
 Reference value :  2.08038e-07
 Reference value :  2.08593e-07
 Reference value :  2.09148e-07
 Reference value :  2.09708e-07
 Reference value :  2.10258e-07
 Reference value :  2.10813e-07
 Reference value :  2.11373e-07
 Reference value :  2.11928e-07
 Reference value :  2.12468e-07
 Reference value :  2.13003e-07
 Reference value :  2.13573e-07
 Reference value :  2.14133e-07
 Reference value :  2.14698e-07
 Reference value :  2.15258e-07
 Reference value :  2.15808e-07
 Reference value :  2.16363e-07
 Reference value :  2.16918e-07
 Reference value :  2.17478e-07
 Reference value :  2.18008e-07
 Reference value :  2.18568e-07
 Reference value :  2.19128e-07
 Reference value :  2.19688e-07
 Reference value :  2.20243e-07
 Reference value :  2.20803e-07
 Reference value :  2.21353e-07
 Reference value :  2.21913e-07
 Reference value :  2.22468e-07
 Reference value :  2.23013e-07
 Reference value :  2.23548e-07
 Reference value :  2.24103e-07
 Reference value :  2.24663e-07
 Reference value :  2.25223e-07
 Reference value :  2.25788e-07
 Reference value :  2.26338e-07
 Reference value :  2.26888e-07
 Reference value :  2.27448e-07
 Reference value :  2.27998e-07
 Reference value :  2.28518e-07
 Reference value :  2.29073e-07
 Reference value :  2.29633e-07
 Reference value :  2.30193e-07
 Reference value :  2.30748e-07
 Reference value :  2.31298e-07
 Reference value :  2.31853e-07
 Reference value :  2.32403e-07
 Reference value :  2.32958e-07
 Reference value :  2.33508e-07
 Reference value :  2.34038e-07
 Reference value :  2.34593e-07
 Reference value :  2.35148e-07
 Reference value :  2.35703e-07
 Reference value :  2.36253e-07
 Reference value :  2.36808e-07
 Reference value :  2.37363e-07
 Reference value :  2.37918e-07
 Reference value :  2.38483e-07
 Reference value :  2.39008e-07
 Reference value :  2.39563e-07
 Reference value :  2.40113e-07
 Reference value :  2.40673e-07
 Reference value :  2.41228e-07
 Reference value :  2.41778e-07
 Reference value :  2.42333e-07
 Reference value :  2.42883e-07
 Reference value :  2.43433e-07
 Reference value :  2.43983e-07
 Reference value :  2.44523e-07
 Reference value :  2.45078e-07
 Reference value :  2.45633e-07
 Reference value :  2.46188e-07
 Reference value :  2.46743e-07
 Reference value :  2.47293e-07
 Reference value :  2.47848e-07
 Reference value :  2.48423e-07
 Reference value :  2.48978e-07
 Reference value :  2.49508e-07
 Reference value :  2.50068e-07
 Reference value :  2.50623e-07
 Reference value :  2.51178e-07
 Reference value :  2.51728e-07
 Reference value :  2.52288e-07
 Reference value :  2.52843e-07
 Reference value :  2.53398e-07
 Reference value :  2.53958e-07
 Reference value :  2.54498e-07
 Reference value :  2.55043e-07
 Reference value :  2.55598e-07
 Reference value :  2.56153e-07
 Reference value :  2.56708e-07
 Reference value :  2.57258e-07
 Reference value :  2.57808e-07
 Reference value :  2.58363e-07
 Reference value :  2.58913e-07
 Reference value :  2.59468e-07
 Reference value :  2.59998e-07
 Reference value :  2.60553e-07
 Reference value :  2.61113e-07
 Reference value :  2.61668e-07
 Reference value :  2.62223e-07
 Reference value :  2.62778e-07
 Reference value :  2.63333e-07
 Reference value :  2.63888e-07
 Reference value :  2.64453e-07
 Reference value :  2.64993e-07
 Reference value :  2.65543e-07
 Reference value :  2.66098e-07
 Reference value :  2.66653e-07
 Reference value :  2.67213e-07
 Reference value :  2.67768e-07
 Reference value :  2.68323e-07
 Reference value :  2.68883e-07
 Reference value :  2.69438e-07
 Reference value :  2.69983e-07
 Reference value :  2.70523e-07
 Reference value :  2.71083e-07
 Reference value :  2.71638e-07
 Reference value :  2.72193e-07
 Reference value :  2.72753e-07
 Reference value :  2.73308e-07
 Reference value :  2.73863e-07
 Reference value :  2.74418e-07
 Reference value :  2.74973e-07
 Reference value :  2.75513e-07
 Reference value :  2.76058e-07
 Reference value :  2.76623e-07
 Reference value :  2.77178e-07
 Reference value :  2.77738e-07
 Reference value :  2.78288e-07
 Reference value :  2.78843e-07
 Reference value :  2.79408e-07
 Reference value :  2.79968e-07
 Reference value :  2.80513e-07
 Reference value :  2.81038e-07
 Reference value :  2.81593e-07
 Reference value :  2.82143e-07
 Reference value :  2.82698e-07
 Reference value :  2.83258e-07
 Reference value :  2.83813e-07
 Reference value :  2.84363e-07
 Reference value :  2.84913e-07
 Reference value :  2.85462e-07
 Reference value :  2.85997e-07
 Reference value :  2.86532e-07
 Reference value :  2.87097e-07
 Reference value :  2.87647e-07
 Reference value :  2.88202e-07
 Reference value :  2.88762e-07
 Reference value :  2.89317e-07
 Reference value :  2.89872e-07
 Reference value :  2.90427e-07
 Reference value :  2.90982e-07
 Reference value :  2.91512e-07
 Reference value :  2.92062e-07
 Reference value :  2.92612e-07
 Reference value :  2.93172e-07
 Reference value :  2.93717e-07
 Reference value :  2.94282e-07
 Reference value :  2.94842e-07
 Reference value :  2.95397e-07
 Reference value :  2.95947e-07
 Reference value :  2.96477e-07
 Reference value :  2.97022e-07
 Reference value :  2.97582e-07
 Reference value :  2.98142e-07
 Reference value :  2.98692e-07
 Reference value :  2.99247e-07
 Reference value :  2.99782e-07
 Reference value :  3.00222e-07
 Reference value :  3.00772e-07
 Reference value :  3.01312e-07
 Reference value :  3.01822e-07
 Reference value :  3.02332e-07
 Reference value :  3.02892e-07
 Reference value :  3.03437e-07
 Reference value :  3.04002e-07
 Reference value :  3.04552e-07
 Reference value :  3.05087e-07
 Reference value :  3.05592e-07
 Reference value :  3.06107e-07
 Reference value :  3.06642e-07
 Reference value :  3.07132e-07
 Reference value :  3.07647e-07
 Reference value :  3.08187e-07
 Reference value :  3.08742e-07
 Reference value :  3.09302e-07
 Reference value :  3.09862e-07
 Reference value :  3.10377e-07
 Reference value :  3.10957e-07
 Reference value :  3.11457e-07
 Reference value :  3.11937e-07
 Reference value :  3.12387e-07
 Reference value :  3.12872e-07
 Reference value :  3.13432e-07
 Reference value :  3.13987e-07
 Reference value :  3.14547e-07
 Reference value :  3.15097e-07
 Reference value :  3.15617e-07
 Reference value :  3.16142e-07
 Reference value :  3.16677e-07
 Reference value :  3.17222e-07
 Reference value :  3.17747e-07
 Reference value :  3.18267e-07
 Reference value :  3.18822e-07
 Reference value :  3.19372e-07
 Reference value :  3.19932e-07
 Reference value :  3.20352e-07
 Reference value :  3.20872e-07
 Reference value :  3.21387e-07
 Reference value :  3.21857e-07
 Reference value :  3.22377e-07
 Reference value :  3.22897e-07
 Reference value :  3.23427e-07
 Reference value :  3.23977e-07
 Reference value :  3.24522e-07
 Reference value :  3.25082e-07
 Reference value :  3.25642e-07
 Reference value :  3.26182e-07
 Reference value :  3.26737e-07
 Reference value :  3.27287e-07
 Reference value :  3.27832e-07
 Reference value :  3.28372e-07
 Reference value :  3.28947e-07
 Reference value :  3.29497e-07
 Reference value :  3.30032e-07
 Reference value :  3.30587e-07
 Reference value :  3.31147e-07
 Reference value :  3.31702e-07
 Reference value :  3.32252e-07
 Reference value :  3.32787e-07
 Reference value :  3.33282e-07
 Reference value :  3.33837e-07
 Reference value :  3.34392e-07
 Reference value :  3.34947e-07
 Reference value :  3.35502e-07
 Reference value :  3.36047e-07
 Reference value :  3.36512e-07
 Reference value :  3.37007e-07
 Reference value :  3.37542e-07
 Reference value :  3.38077e-07
 Reference value :  3.38602e-07
 Reference value :  3.39162e-07
 Reference value :  3.39717e-07
 Reference value :  3.40272e-07
 Reference value :  3.40817e-07
 Reference value :  3.41377e-07
 Reference value :  3.41892e-07
 Reference value :  3.42437e-07
 Reference value :  3.42992e-07
 Reference value :  3.43522e-07
 Reference value :  3.44042e-07
 Reference value :  3.44597e-07
 Reference value :  3.45142e-07
 Reference value :  3.45677e-07
 Reference value :  3.46237e-07
 Reference value :  3.46767e-07
 Reference value :  3.47312e-07
 Reference value :  3.47867e-07
 Reference value :  3.48417e-07
 Reference value :  3.48942e-07
 Reference value :  3.49492e-07
 Reference value :  3.50047e-07
 Reference value :  3.50607e-07
 Reference value :  3.51162e-07
 Reference value :  3.51717e-07
 Reference value :  3.52257e-07
 Reference value :  3.52802e-07
 Reference value :  3.53307e-07
 Reference value :  3.53847e-07
 Reference value :  3.54332e-07
 Reference value :  3.54892e-07
 Reference value :  3.55452e-07
 Reference value :  3.56017e-07
 Reference value :  3.56572e-07
 Reference value :  3.57127e-07
 Reference value :  3.57667e-07
 Reference value :  3.58217e-07
 Reference value :  3.58767e-07
 Reference value :  3.59282e-07
 Reference value :  3.59787e-07
 Reference value :  3.60312e-07
 Reference value :  3.60852e-07
 Reference value :  3.61402e-07
 Reference value :  3.61962e-07
 Reference value :  3.62512e-07
 Reference value :  3.63057e-07
 Reference value :  3.63597e-07
 Reference value :  3.64152e-07
 Reference value :  3.64682e-07
 Reference value :  3.65237e-07
 Reference value :  3.65792e-07
 Reference value :  3.66382e-07
 Reference value :  3.66832e-07
 Reference value :  3.67227e-07
 Reference value :  3.67622e-07
 Reference value :  3.68022e-07
 Reference value :  3.68417e-07
 Reference value :  3.68832e-07
 Reference value :  3.69282e-07
 Reference value :  3.69707e-07
 Reference value :  3.70022e-07
 Reference value :  3.70397e-07
 Reference value :  3.70922e-07
 Reference value :  3.71482e-07
 Reference value :  3.72022e-07
 Reference value :  3.72582e-07
 Reference value :  3.73127e-07
 Reference value :  3.73637e-07
 Reference value :  3.74177e-07
 Reference value :  3.74732e-07
 Reference value :  3.75267e-07
 Reference value :  3.75772e-07
 Reference value :  3.76327e-07
 Reference value :  3.76882e-07
 Reference value :  3.77432e-07
 Reference value :  3.77987e-07
 Reference value :  3.78522e-07
 Reference value :  3.79032e-07
 Reference value :  3.79587e-07
 Reference value :  3.80137e-07
 Reference value :  3.80597e-07
 Reference value :  3.81112e-07
 Reference value :  3.81672e-07
 Reference value :  3.82227e-07
 Reference value :  3.82782e-07
 Reference value :  3.83337e-07
 Reference value :  3.83857e-07
 Reference value :  3.84377e-07
 Reference value :  3.84932e-07
 Reference value :  3.85477e-07
 Reference value :  3.85992e-07
 Reference value :  3.86502e-07
 Reference value :  3.87052e-07
 Reference value :  3.87587e-07
 Reference value :  3.88147e-07
 Reference value :  3.88697e-07
 Reference value :  3.89202e-07
 Reference value :  3.89752e-07
 Reference value :  3.90302e-07
 Reference value :  3.90842e-07
 Reference value :  3.91347e-07
 Reference value :  3.91897e-07
 Reference value :  3.92452e-07
 Reference value :  3.93007e-07
 Reference value :  3.93562e-07
 Reference value :  3.94102e-07
 Reference value :  3.94617e-07
 Reference value :  3.95162e-07
 Reference value :  3.95712e-07
 Reference value :  3.96232e-07
 Reference value :  3.96742e-07
 Reference value :  3.97297e-07
 Reference value :  3.97857e-07
 Reference value :  3.98407e-07
 Reference value :  3.98957e-07
 Reference value :  3.99492e-07
 Reference value :  4.00007e-07
 Reference value :  4.00557e-07
 Reference value :  4.01112e-07
 Reference value :  4.01622e-07
 Reference value :  4.02137e-07
 Reference value :  4.02697e-07
 Reference value :  4.03262e-07
 Reference value :  4.03822e-07
 Reference value :  4.04372e-07
 Reference value :  4.04897e-07
 Reference value :  4.05427e-07
 Reference value :  4.05972e-07
 Reference value :  4.06507e-07
 Reference value :  4.07032e-07
 Reference value :  4.07562e-07
 Reference value :  4.08117e-07
 Reference value :  4.08672e-07
 Reference value :  4.09232e-07
 Reference value :  4.09782e-07
 Reference value :  4.10277e-07
 Reference value :  4.10827e-07
 Reference value :  4.11377e-07
 Reference value :  4.11907e-07
 Reference value :  4.12412e-07
 Reference value :  4.12957e-07
 Reference value :  4.13502e-07
 Reference value :  4.14057e-07
 Reference value :  4.14607e-07
 Reference value :  4.15142e-07
 Reference value :  4.15647e-07
 Reference value :  4.16177e-07
 Reference value :  4.16732e-07
 Reference value :  4.17247e-07
 Reference value :  4.17757e-07
 Reference value :  4.18312e-07
 Reference value :  4.18867e-07
 Reference value :  4.19427e-07
 Reference value :  4.19987e-07
 Reference value :  4.20462e-07
 Reference value :  4.20977e-07
 Reference value :  4.21452e-07
 Reference value :  4.22002e-07
 Reference value :  4.22522e-07
 Reference value :  4.23072e-07
 Reference value :  4.23607e-07
 Reference value :  4.24152e-07
 Reference value :  4.24702e-07
 Reference value :  4.25252e-07
 Reference value :  4.25792e-07
 Reference value :  4.26342e-07
 Reference value :  4.26897e-07
 Reference value :  4.27432e-07
 Reference value :  4.27962e-07
 Reference value :  4.28522e-07
 Reference value :  4.29077e-07
 Reference value :  4.29647e-07
 Reference value :  4.30202e-07
 Reference value :  4.30747e-07
 Reference value :  4.31297e-07
 Reference value :  4.31847e-07
 Reference value :  4.32397e-07
 Reference value :  4.32922e-07
 Reference value :  4.33467e-07
 Reference value :  4.34027e-07
 Reference value :  4.34582e-07
 Reference value :  4.35147e-07
 Reference value :  4.35702e-07
 Reference value :  4.36247e-07
 Reference value :  4.36802e-07
 Reference value :  4.37367e-07
 Reference value :  4.37907e-07
 Reference value :  4.38432e-07
 Reference value :  4.38987e-07
 Reference value :  4.39542e-07
 Reference value :  4.40092e-07
 Reference value :  4.40647e-07
 Reference value :  4.41207e-07
 Reference value :  4.41752e-07
 Reference value :  4.42312e-07
 Reference value :  4.42867e-07
 Reference value :  4.43397e-07
 Reference value :  4.43952e-07
 Reference value :  4.44507e-07
 Reference value :  4.45067e-07
 Reference value :  4.45622e-07
 Reference value :  4.46177e-07
 Reference value :  4.46717e-07
 Reference value :  4.47267e-07
 Reference value :  4.47847e-07
 Reference value :  4.48392e-07
 Reference value :  4.48917e-07
 Reference value :  4.49477e-07
 Reference value :  4.50032e-07
 Reference value :  4.50592e-07
 Reference value :  4.51147e-07
 Reference value :  4.51697e-07
 Reference value :  4.52242e-07
 Reference value :  4.52797e-07
 Reference value :  4.53382e-07
 Reference value :  4.53907e-07
 Reference value :  4.54457e-07
 Reference value :  4.55007e-07
 Reference value :  4.55562e-07
 Reference value :  4.56117e-07
 Reference value :  4.56667e-07
 Reference value :  4.57207e-07
 Reference value :  4.57757e-07
 Reference value :  4.58312e-07
 Reference value :  4.58852e-07
 Reference value :  4.59382e-07
 Reference value :  4.59942e-07
 Reference value :  4.60492e-07
 Reference value :  4.61047e-07
 Reference value :  4.61612e-07
 Reference value :  4.62172e-07
 Reference value :  4.62712e-07
 Reference value :  4.63262e-07
 Reference value :  4.63822e-07
 Reference value :  4.64357e-07
 Reference value :  4.64892e-07
 Reference value :  4.65447e-07
 Reference value :  4.66007e-07
 Reference value :  4.66562e-07
 Reference value :  4.67117e-07
 Reference value :  4.67657e-07
 Reference value :  4.68202e-07
 Reference value :  4.68757e-07
 Reference value :  4.69312e-07
 Reference value :  4.69832e-07
 Reference value :  4.70317e-07
 Reference value :  4.70867e-07
 Reference value :  4.71417e-07
 Reference value :  4.71972e-07
 Reference value :  4.72522e-07
 Reference value :  4.73062e-07
 Reference value :  4.73582e-07
 Reference value :  4.74127e-07
 Reference value :  4.74672e-07
 Reference value :  4.75207e-07
 Reference value :  4.75722e-07
 Reference value :  4.76277e-07
 Reference value :  4.76832e-07
 Reference value :  4.77387e-07
 Reference value :  4.77942e-07
 Reference value :  4.78432e-07
 Reference value :  4.78987e-07
 Reference value :  4.79542e-07
 Reference value :  4.80082e-07
 Reference value :  4.80577e-07
 Reference value :  4.81127e-07
 Reference value :  4.81688e-07
 Reference value :  4.82243e-07
 Reference value :  4.82798e-07
 Reference value :  4.83323e-07
 Reference value :  4.83833e-07
 Reference value :  4.84388e-07
 Reference value :  4.84943e-07
 Reference value :  4.85463e-07
 Reference value :  4.85978e-07
 Reference value :  4.86533e-07
 Reference value :  4.87093e-07
 Reference value :  4.87658e-07
 Reference value :  4.88208e-07
 Reference value :  4.88748e-07
 Reference value :  4.89258e-07
 Reference value :  4.89803e-07
 Reference value :  4.90358e-07
 Reference value :  4.90883e-07
 Reference value :  4.91408e-07
 Reference value :  4.91963e-07
 Reference value :  4.92518e-07
 Reference value :  4.93073e-07
 Reference value :  4.93633e-07
 Reference value :  4.94138e-07
 Reference value :  4.94693e-07
 Reference value :  4.95243e-07
 Reference value :  4.95783e-07
 Reference value :  4.96288e-07
 Reference value :  4.96833e-07
 Reference value :  4.97388e-07
 Reference value :  4.97978e-07
 Reference value :  4.98648e-07
 Reference value :  4.99183e-07
 Reference value :  4.99688e-07
 Reference value :  5.00253e-07
 Reference value :  5.00803e-07
 Reference value :  5.01323e-07
 Reference value :  5.01843e-07
 Reference value :  5.02403e-07
 Reference value :  5.02963e-07
 Reference value :  5.03513e-07
 Reference value :  5.04073e-07
 Reference value :  5.04608e-07
 Reference value :  5.05143e-07
 Reference value :  5.05658e-07
 Reference value :  5.06213e-07
 Reference value :  5.06748e-07
 Reference value :  5.07288e-07
 Reference value :  5.07813e-07
 Reference value :  5.08338e-07
 Reference value :  5.08863e-07
 Reference value :  5.09413e-07
 Reference value :  5.09893e-07
 Reference value :  5.10418e-07
 Reference value :  5.10988e-07
 Reference value :  5.11518e-07
 Reference value :  5.12013e-07
 Reference value :  5.12533e-07
 Reference value :  5.13073e-07
 Reference value :  5.13628e-07
 Reference value :  5.14168e-07
 Reference value :  5.14693e-07
 Reference value :  5.15183e-07
 Reference value :  5.15743e-07
 Reference value :  5.16298e-07
 Reference value :  5.16838e-07
 Reference value :  5.17328e-07
 Reference value :  5.17888e-07
 Reference value :  5.18443e-07
 Reference value :  5.18998e-07
 Reference value :  5.19558e-07
 Reference value :  5.20068e-07
 Reference value :  5.20523e-07
 Reference value :  5.21048e-07
 Reference value :  5.21573e-07
 Reference value :  5.22098e-07
 Reference value :  5.22648e-07
 Reference value :  5.23188e-07
 Reference value :  5.23743e-07
 Reference value :  5.24303e-07
 Reference value :  5.24858e-07
 Reference value :  5.25398e-07
 Reference value :  5.25948e-07
 Reference value :  5.26503e-07
 Reference value :  5.27048e-07
 Reference value :  5.27578e-07
 Reference value :  5.28128e-07
 Reference value :  5.28683e-07
 Reference value :  5.29238e-07
 Reference value :  5.29798e-07
 Reference value :  5.30353e-07
 Reference value :  5.30893e-07
 Reference value :  5.31448e-07
 Reference value :  5.32008e-07
 Reference value :  5.32543e-07
 Reference value :  5.33093e-07
 Reference value :  5.33643e-07
 Reference value :  5.34198e-07
 Reference value :  5.34753e-07
 Reference value :  5.35313e-07
 Reference value :  5.35858e-07
 Reference value :  5.36408e-07
 Reference value :  5.36963e-07
 Reference value :  5.37513e-07
 Reference value :  5.38038e-07
 Reference value :  5.38593e-07
 Reference value :  5.39143e-07
 Reference value :  5.39703e-07
 Reference value :  5.40258e-07
 Reference value :  5.40813e-07
 Reference value :  5.41353e-07
 Reference value :  5.41903e-07
 Reference value :  5.42463e-07
 Reference value :  5.43018e-07
 Reference value :  5.43558e-07
 Reference value :  5.44113e-07
 Reference value :  5.44668e-07
 Reference value :  5.45223e-07
 Reference value :  5.45778e-07
 Reference value :  5.46328e-07
 Reference value :  5.46883e-07
 Reference value :  5.47443e-07
 Reference value :  5.47998e-07
 Reference value :  5.48523e-07
 Reference value :  5.49083e-07
 Reference value :  5.49638e-07
 Reference value :  5.50193e-07
 Reference value :  5.50748e-07
 Reference value :  5.51303e-07
 Reference value :  5.51843e-07
 Reference value :  5.52393e-07
 Reference value :  5.52948e-07
 Reference value :  5.53488e-07
 Reference value :  5.54018e-07
 Reference value :  5.54573e-07
 Reference value :  5.55128e-07
 Reference value :  5.55698e-07
 Reference value :  5.56253e-07
 Reference value :  5.56798e-07
 Reference value :  5.57348e-07
 Reference value :  5.57903e-07
 Reference value :  5.58458e-07
 Reference value :  5.58973e-07
 Reference value :  5.59533e-07
 Reference value :  5.60093e-07
 Reference value :  5.60633e-07
 Reference value :  5.61183e-07
 Reference value :  5.61738e-07
 Reference value :  5.62283e-07
 Reference value :  5.62838e-07
 Reference value :  5.63393e-07
 Reference value :  5.63933e-07
 Reference value :  5.64463e-07
 Reference value :  5.65023e-07
 Reference value :  5.65578e-07
 Reference value :  5.66133e-07
 Reference value :  5.66693e-07
 Reference value :  5.67233e-07
 Reference value :  5.67788e-07
 Reference value :  5.68348e-07
 Reference value :  5.68903e-07
 Reference value :  5.69428e-07
 Reference value :  5.69953e-07
 Reference value :  5.70398e-07
 Reference value :  5.70953e-07
 Reference value :  5.71513e-07
 Reference value :  5.72078e-07
 Reference value :  5.72618e-07
 Reference value :  5.73128e-07
 Reference value :  5.73698e-07
 Reference value :  5.74258e-07
 Reference value :  5.74778e-07
 Reference value :  5.75308e-07
 Reference value :  5.75863e-07
 Reference value :  5.76413e-07
 Reference value :  5.76968e-07
 Reference value :  5.77523e-07
 Reference value :  5.78048e-07
 Reference value :  5.78583e-07
 Reference value :  5.79133e-07
 Reference value :  5.79683e-07
 Reference value :  5.80208e-07
 Reference value :  5.80743e-07
 Reference value :  5.81303e-07
 Reference value :  5.81853e-07
 Reference value :  5.82408e-07
 Reference value :  5.82963e-07
 Reference value :  5.83448e-07
 Reference value :  5.83998e-07
 Reference value :  5.84553e-07
 Reference value :  5.85093e-07
 Reference value :  5.85598e-07
 Reference value :  5.86153e-07
 Reference value :  5.86703e-07
 Reference value :  5.87258e-07
 Reference value :  5.87818e-07
 Reference value :  5.88358e-07
 Reference value :  5.88863e-07
 Reference value :  5.89413e-07
 Reference value :  5.89968e-07
 Reference value :  5.90483e-07
 Reference value :  5.91003e-07
 Reference value :  5.91558e-07
 Reference value :  5.92108e-07
 Reference value :  5.92663e-07
 Reference value :  5.93218e-07
 Reference value :  5.93748e-07
 Reference value :  5.94278e-07
 Reference value :  5.94828e-07
 Reference value :  5.95373e-07
 Reference value :  5.95898e-07
 Reference value :  5.96423e-07
 Reference value :  5.96988e-07
 Reference value :  5.97538e-07
 Reference value :  5.98093e-07
 Reference value :  5.98643e-07
 Reference value :  5.99133e-07
 Reference value :  5.99698e-07
No. of Data Rows : 120066
pt1a                =  1.30768e-08
pt1b                =  6.55026e-08
pd1_clk             =  5.24313e-08 targ=  4.53578e-07 trig=  4.01146e-07
vsub_rst_max        =  9.43685e-01 at=  2.98272e-07
vsub_rst_min        =  8.22447e-01 at=  1.00913e-07
vsub_clk_max        =  1.06924e+00 at=  4.20092e-07
vsub_clk_min        =  8.95981e-01 at=  4.73357e-07
p_tr1 = 5.242577e-09
p_tr1_clk = 5.243132e-09
vsub_swing_rst = 6.123152e-02
vsub_swing_clk = 8.750444e-02
Note: Simulation executed from .control section 

----- stderr -----

Checking parameters for BSIM 4.5 model xarr.xpex.xn264:pshort_model.43
Warning: Eta0 = -0.000373202 is negative.

Checking parameters for BSIM 4.5 model xarr.xpex.xn263:pshort_model.43
Warning: Eta0 = -0.000373202 is negative.

Checking parameters for BSIM 4.5 model xarr.xpex.xn262:pshort_model.43
Warning: Eta0 = -0.000373202 is negative.

Checking parameters for BSIM 4.5 model xarr.xpex.xn261:pshort_model.43
Warning: Eta0 = -0.000373202 is negative.

Checking parameters for BSIM 4.5 model xarr.xpex.xn260:pshort_model.43
Warning: Eta0 = -0.000373202 is negative.

Checking parameters for BSIM 4.5 model xarr.xpex.xn259:pshort_model.43
Warning: Eta0 = -0.000373202 is negative.

Checking parameters for BSIM 4.5 model xarr.xpex.xn258:pshort_model.43
Warning: Eta0 = -0.000373202 is negative.

Checking parameters for BSIM 4.5 model xarr.xpex.xn257:pshort_model.43
Warning: Eta0 = -0.000373202 is negative.

Checking parameters for BSIM 4.5 model xarr.xpex.xn256:pshort_model.43
Warning: Eta0 = -0.000373202 is negative.

Checking parameters for BSIM 4.5 model xarr.xpex.xn255:pshort_model.43
Warning: Eta0 = -0.000373202 is negative.

Checking parameters for BSIM 4.5 model xarr.xpex.xn254:pshort_model.43
Warning: Eta0 = -0.000373202 is negative.

Checking parameters for BSIM 4.5 model xarr.xpex.xn253:pshort_model.43
Warning: Eta0 = -0.000373202 is negative.

Checking parameters for BSIM 4.5 model xarr.xpex.xn252:pshort_model.40
Warning: A2 = 1.0885 is larger than 1. A2 is set to 1 and A1 is set to 0.
Warning: Pdibl1 = -0.00669442 is negative.

Checking parameters for BSIM 4.5 model xarr.xpex.xn251:pshort_model.43
Warning: Eta0 = -0.000373202 is negative.

Checking parameters for BSIM 4.5 model xarr.xpex.xn250:pshort_model.32
Warning: A2 = 1.14662 is larger than 1. A2 is set to 1 and A1 is set to 0.
Warning: Pdibl1 = -0.0493749 is negative.
Warning: Pdibl2 = -0.000925472 is negative.

Checking parameters for BSIM 4.5 model xarr.xpex.xn249:pshort_model.32
Warning: A2 = 1.14662 is larger than 1. A2 is set to 1 and A1 is set to 0.
Warning: Pdibl1 = -0.0493749 is negative.
Warning: Pdibl2 = -0.000925472 is negative.

Checking parameters for BSIM 4.5 model xarr.xpex.xn248:pshort_model.43
Warning: Eta0 = -0.000373202 is negative.

Checking parameters for BSIM 4.5 model xarr.xpex.xn247:pshort_model.32
Warning: A2 = 1.14662 is larger than 1. A2 is set to 1 and A1 is set to 0.
Warning: Pdibl1 = -0.0493749 is negative.
Warning: Pdibl2 = -0.000925472 is negative.

Checking parameters for BSIM 4.5 model xarr.xpex.xn246:pshort_model.32
Warning: A2 = 1.14662 is larger than 1. A2 is set to 1 and A1 is set to 0.
Warning: Pdibl1 = -0.0493749 is negative.
Warning: Pdibl2 = -0.000925472 is negative.

Checking parameters for BSIM 4.5 model xarr.xpex.xn245:pshort_model.40
Warning: A2 = 1.0885 is larger than 1. A2 is set to 1 and A1 is set to 0.
Warning: Pdibl1 = -0.00669442 is negative.

Checking parameters for BSIM 4.5 model xarr.xpex.xn244:pshort_model.43
Warning: Eta0 = -0.000373202 is negative.

Checking parameters for BSIM 4.5 model xarr.xpex.xn243:pshort_model.40
Warning: A2 = 1.0885 is larger than 1. A2 is set to 1 and A1 is set to 0.
Warning: Pdibl1 = -0.00669442 is negative.

Checking parameters for BSIM 4.5 model xarr.xpex.xn242:pshort_model.32
Warning: A2 = 1.14662 is larger than 1. A2 is set to 1 and A1 is set to 0.
Warning: Pdibl1 = -0.0493749 is negative.
Warning: Pdibl2 = -0.000925472 is negative.

Checking parameters for BSIM 4.5 model xarr.xpex.xn241:pshort_model.32
Warning: A2 = 1.14662 is larger than 1. A2 is set to 1 and A1 is set to 0.
Warning: Pdibl1 = -0.0493749 is negative.
Warning: Pdibl2 = -0.000925472 is negative.

Checking parameters for BSIM 4.5 model xarr.xpex.xn240:pshort_model.43
Warning: Eta0 = -0.000373202 is negative.

Checking parameters for BSIM 4.5 model xarr.xpex.xn239:pshort_model.32
Warning: A2 = 1.14662 is larger than 1. A2 is set to 1 and A1 is set to 0.
Warning: Pdibl1 = -0.0493749 is negative.
Warning: Pdibl2 = -0.000925472 is negative.

Checking parameters for BSIM 4.5 model xarr.xpex.xn238:pshort_model.32
Warning: A2 = 1.14662 is larger than 1. A2 is set to 1 and A1 is set to 0.
Warning: Pdibl1 = -0.0493749 is negative.
Warning: Pdibl2 = -0.000925472 is negative.

Checking parameters for BSIM 4.5 model xarr.xpex.xn237:pshort_model.40
Warning: A2 = 1.0885 is larger than 1. A2 is set to 1 and A1 is set to 0.
Warning: Pdibl1 = -0.00669442 is negative.

Checking parameters for BSIM 4.5 model xarr.xpex.xn236:pshort_model.43
Warning: Eta0 = -0.000373202 is negative.

Checking parameters for BSIM 4.5 model xarr.xpex.xn235:pshort_model.40
Warning: A2 = 1.0885 is larger than 1. A2 is set to 1 and A1 is set to 0.
Warning: Pdibl1 = -0.00669442 is negative.

Checking parameters for BSIM 4.5 model xarr.xpex.xn234:pshort_model.43
Warning: Eta0 = -0.000373202 is negative.

Checking parameters for BSIM 4.5 model xarr.xpex.xn233:pshort_model.32
Warning: A2 = 1.14662 is larger than 1. A2 is set to 1 and A1 is set to 0.
Warning: Pdibl1 = -0.0493749 is negative.
Warning: Pdibl2 = -0.000925472 is negative.

Checking parameters for BSIM 4.5 model xarr.xpex.xn232:pshort_model.32
Warning: A2 = 1.14662 is larger than 1. A2 is set to 1 and A1 is set to 0.
Warning: Pdibl1 = -0.0493749 is negative.
Warning: Pdibl2 = -0.000925472 is negative.

Checking parameters for BSIM 4.5 model xarr.xpex.xn231:pshort_model.43
Warning: Eta0 = -0.000373202 is negative.

Checking parameters for BSIM 4.5 model xarr.xpex.xn230:pshort_model.32
Warning: A2 = 1.14662 is larger than 1. A2 is set to 1 and A1 is set to 0.
Warning: Pdibl1 = -0.0493749 is negative.
Warning: Pdibl2 = -0.000925472 is negative.

Checking parameters for BSIM 4.5 model xarr.xpex.xn229:pshort_model.32
Warning: A2 = 1.14662 is larger than 1. A2 is set to 1 and A1 is set to 0.
Warning: Pdibl1 = -0.0493749 is negative.
Warning: Pdibl2 = -0.000925472 is negative.

Checking parameters for BSIM 4.5 model xarr.xpex.xn228:pshort_model.40
Warning: A2 = 1.0885 is larger than 1. A2 is set to 1 and A1 is set to 0.
Warning: Pdibl1 = -0.00669442 is negative.

Checking parameters for BSIM 4.5 model xarr.xpex.xn227:pshort_model.43
Warning: Eta0 = -0.000373202 is negative.

Checking parameters for BSIM 4.5 model xarr.xpex.xn226:pshort_model.40
Warning: A2 = 1.0885 is larger than 1. A2 is set to 1 and A1 is set to 0.
Warning: Pdibl1 = -0.00669442 is negative.

Checking parameters for BSIM 4.5 model xarr.xpex.xn225:pshort_model.40
Warning: A2 = 1.0885 is larger than 1. A2 is set to 1 and A1 is set to 0.
Warning: Pdibl1 = -0.00669442 is negative.

Checking parameters for BSIM 4.5 model xarr.xpex.xn224:pshort_model.40
Warning: A2 = 1.0885 is larger than 1. A2 is set to 1 and A1 is set to 0.
Warning: Pdibl1 = -0.00669442 is negative.

Checking parameters for BSIM 4.5 model xarr.xpex.xn223:pshort_model.40
Warning: A2 = 1.0885 is larger than 1. A2 is set to 1 and A1 is set to 0.
Warning: Pdibl1 = -0.00669442 is negative.

Checking parameters for BSIM 4.5 model xarr.xpex.xn222:pshort_model.40
Warning: A2 = 1.0885 is larger than 1. A2 is set to 1 and A1 is set to 0.
Warning: Pdibl1 = -0.00669442 is negative.

Checking parameters for BSIM 4.5 model xarr.xpex.xn221:pshort_model.40
Warning: A2 = 1.0885 is larger than 1. A2 is set to 1 and A1 is set to 0.
Warning: Pdibl1 = -0.00669442 is negative.

Checking parameters for BSIM 4.5 model xarr.xpex.xn220:pshort_model.40
Warning: A2 = 1.0885 is larger than 1. A2 is set to 1 and A1 is set to 0.
Warning: Pdibl1 = -0.00669442 is negative.

Checking parameters for BSIM 4.5 model xarr.xpex.xn219:pshort_model.40
Warning: A2 = 1.0885 is larger than 1. A2 is set to 1 and A1 is set to 0.
Warning: Pdibl1 = -0.00669442 is negative.

Checking parameters for BSIM 4.5 model xarr.xpex.xn218:pshort_model.40
Warning: A2 = 1.0885 is larger than 1. A2 is set to 1 and A1 is set to 0.
Warning: Pdibl1 = -0.00669442 is negative.

Checking parameters for BSIM 4.5 model xarr.xpex.xn217:pshort_model.40
Warning: A2 = 1.0885 is larger than 1. A2 is set to 1 and A1 is set to 0.
Warning: Pdibl1 = -0.00669442 is negative.

Checking parameters for BSIM 4.5 model xarr.xpex.xn216:pshort_model.40
Warning: A2 = 1.0885 is larger than 1. A2 is set to 1 and A1 is set to 0.
Warning: Pdibl1 = -0.00669442 is negative.

Checking parameters for BSIM 4.5 model xarr.xpex.xn215:pshort_model.40
Warning: A2 = 1.0885 is larger than 1. A2 is set to 1 and A1 is set to 0.
Warning: Pdibl1 = -0.00669442 is negative.

Checking parameters for BSIM 4.5 model xarr.xpex.xn214:pshort_model.40
Warning: A2 = 1.0885 is larger than 1. A2 is set to 1 and A1 is set to 0.
Warning: Pdibl1 = -0.00669442 is negative.

Checking parameters for BSIM 4.5 model xarr.xpex.xn213:pshort_model.40
Warning: A2 = 1.0885 is larger than 1. A2 is set to 1 and A1 is set to 0.
Warning: Pdibl1 = -0.00669442 is negative.

Checking parameters for BSIM 4.5 model xarr.xpex.xn212:pshort_model.40
Warning: A2 = 1.0885 is larger than 1. A2 is set to 1 and A1 is set to 0.
Warning: Pdibl1 = -0.00669442 is negative.

Checking parameters for BSIM 4.5 model xarr.xpex.xn211:pshort_model.40
Warning: A2 = 1.0885 is larger than 1. A2 is set to 1 and A1 is set to 0.
Warning: Pdibl1 = -0.00669442 is negative.

Checking parameters for BSIM 4.5 model xarr.xpex.xn210:pshort_model.40
Warning: A2 = 1.0885 is larger than 1. A2 is set to 1 and A1 is set to 0.
Warning: Pdibl1 = -0.00669442 is negative.

Checking parameters for BSIM 4.5 model xarr.xpex.xn209:pshort_model.40
Warning: A2 = 1.0885 is larger than 1. A2 is set to 1 and A1 is set to 0.
Warning: Pdibl1 = -0.00669442 is negative.

Checking parameters for BSIM 4.5 model xarr.xpex.xn208:pshort_model.40
Warning: A2 = 1.0885 is larger than 1. A2 is set to 1 and A1 is set to 0.
Warning: Pdibl1 = -0.00669442 is negative.

Checking parameters for BSIM 4.5 model xarr.xpex.xn207:pshort_model.40
Warning: A2 = 1.0885 is larger than 1. A2 is set to 1 and A1 is set to 0.
Warning: Pdibl1 = -0.00669442 is negative.

Checking parameters for BSIM 4.5 model xarr.xpex.xn206:pshort_model.40
Warning: A2 = 1.0885 is larger than 1. A2 is set to 1 and A1 is set to 0.
Warning: Pdibl1 = -0.00669442 is negative.

Checking parameters for BSIM 4.5 model xarr.xpex.xn205:pshort_model.40
Warning: A2 = 1.0885 is larger than 1. A2 is set to 1 and A1 is set to 0.
Warning: Pdibl1 = -0.00669442 is negative.

Checking parameters for BSIM 4.5 model xarr.xpex.xn204:pshort_model.40
Warning: A2 = 1.0885 is larger than 1. A2 is set to 1 and A1 is set to 0.
Warning: Pdibl1 = -0.00669442 is negative.

Checking parameters for BSIM 4.5 model xarr.xpex.xn203:pshort_model.40
Warning: A2 = 1.0885 is larger than 1. A2 is set to 1 and A1 is set to 0.
Warning: Pdibl1 = -0.00669442 is negative.

Checking parameters for BSIM 4.5 model xarr.xpex.xn202:pshort_model.40
Warning: A2 = 1.0885 is larger than 1. A2 is set to 1 and A1 is set to 0.
Warning: Pdibl1 = -0.00669442 is negative.

Checking parameters for BSIM 4.5 model xarr.xpex.xn201:pshort_model.40
Warning: A2 = 1.0885 is larger than 1. A2 is set to 1 and A1 is set to 0.
Warning: Pdibl1 = -0.00669442 is negative.

Checking parameters for BSIM 4.5 model xarr.xpex.xn200:pshort_model.40
Warning: A2 = 1.0885 is larger than 1. A2 is set to 1 and A1 is set to 0.
Warning: Pdibl1 = -0.00669442 is negative.

Checking parameters for BSIM 4.5 model xarr.xpex.xn199:pshort_model.40
Warning: A2 = 1.0885 is larger than 1. A2 is set to 1 and A1 is set to 0.
Warning: Pdibl1 = -0.00669442 is negative.

Checking parameters for BSIM 4.5 model xarr.xpex.xn198:pshort_model.40
Warning: A2 = 1.0885 is larger than 1. A2 is set to 1 and A1 is set to 0.
Warning: Pdibl1 = -0.00669442 is negative.

Checking parameters for BSIM 4.5 model xarr.xpex.xn197:pshort_model.40
Warning: A2 = 1.0885 is larger than 1. A2 is set to 1 and A1 is set to 0.
Warning: Pdibl1 = -0.00669442 is negative.

Checking parameters for BSIM 4.5 model xarr.xpex.xn196:pshort_model.40
Warning: A2 = 1.0885 is larger than 1. A2 is set to 1 and A1 is set to 0.
Warning: Pdibl1 = -0.00669442 is negative.

Checking parameters for BSIM 4.5 model xarr.xpex.xn195:pshort_model.40
Warning: A2 = 1.0885 is larger than 1. A2 is set to 1 and A1 is set to 0.
Warning: Pdibl1 = -0.00669442 is negative.

Checking parameters for BSIM 4.5 model xarr.xpex.xn194:pshort_model.40
Warning: A2 = 1.0885 is larger than 1. A2 is set to 1 and A1 is set to 0.
Warning: Pdibl1 = -0.00669442 is negative.

Checking parameters for BSIM 4.5 model xarr.xpex.xn193:pshort_model.40
Warning: A2 = 1.0885 is larger than 1. A2 is set to 1 and A1 is set to 0.
Warning: Pdibl1 = -0.00669442 is negative.

Checking parameters for BSIM 4.5 model xarr.xpex.xn192:pshort_model.40
Warning: A2 = 1.0885 is larger than 1. A2 is set to 1 and A1 is set to 0.
Warning: Pdibl1 = -0.00669442 is negative.

Checking parameters for BSIM 4.5 model xarr.xpex.xn191:pshort_model.40
Warning: A2 = 1.0885 is larger than 1. A2 is set to 1 and A1 is set to 0.
Warning: Pdibl1 = -0.00669442 is negative.

Checking parameters for BSIM 4.5 model xarr.xpex.xn190:pshort_model.40
Warning: A2 = 1.0885 is larger than 1. A2 is set to 1 and A1 is set to 0.
Warning: Pdibl1 = -0.00669442 is negative.

Checking parameters for BSIM 4.5 model xarr.xpex.xn189:pshort_model.40
Warning: A2 = 1.0885 is larger than 1. A2 is set to 1 and A1 is set to 0.
Warning: Pdibl1 = -0.00669442 is negative.

Checking parameters for BSIM 4.5 model xarr.xpex.xn188:pshort_model.40
Warning: A2 = 1.0885 is larger than 1. A2 is set to 1 and A1 is set to 0.
Warning: Pdibl1 = -0.00669442 is negative.

Checking parameters for BSIM 4.5 model xarr.xpex.xn187:pshort_model.40
Warning: A2 = 1.0885 is larger than 1. A2 is set to 1 and A1 is set to 0.
Warning: Pdibl1 = -0.00669442 is negative.

Checking parameters for BSIM 4.5 model xarr.xpex.xn186:pshort_model.40
Warning: A2 = 1.0885 is larger than 1. A2 is set to 1 and A1 is set to 0.
Warning: Pdibl1 = -0.00669442 is negative.

Checking parameters for BSIM 4.5 model xarr.xpex.xn185:pshort_model.40
Warning: A2 = 1.0885 is larger than 1. A2 is set to 1 and A1 is set to 0.
Warning: Pdibl1 = -0.00669442 is negative.

Checking parameters for BSIM 4.5 model xarr.xpex.xn184:pshort_model.40
Warning: A2 = 1.0885 is larger than 1. A2 is set to 1 and A1 is set to 0.
Warning: Pdibl1 = -0.00669442 is negative.

Checking parameters for BSIM 4.5 model xarr.xpex.xn183:pshort_model.40
Warning: A2 = 1.0885 is larger than 1. A2 is set to 1 and A1 is set to 0.
Warning: Pdibl1 = -0.00669442 is negative.

Checking parameters for BSIM 4.5 model xarr.xpex.xn182:pshort_model.40
Warning: A2 = 1.0885 is larger than 1. A2 is set to 1 and A1 is set to 0.
Warning: Pdibl1 = -0.00669442 is negative.

Checking parameters for BSIM 4.5 model xarr.xpex.xn181:pshort_model.40
Warning: A2 = 1.0885 is larger than 1. A2 is set to 1 and A1 is set to 0.
Warning: Pdibl1 = -0.00669442 is negative.

Checking parameters for BSIM 4.5 model xarr.xpex.xn180:pshort_model.40
Warning: A2 = 1.0885 is larger than 1. A2 is set to 1 and A1 is set to 0.
Warning: Pdibl1 = -0.00669442 is negative.

Checking parameters for BSIM 4.5 model xarr.xpex.xn179:pshort_model.40
Warning: A2 = 1.0885 is larger than 1. A2 is set to 1 and A1 is set to 0.
Warning: Pdibl1 = -0.00669442 is negative.

Checking parameters for BSIM 4.5 model xarr.xpex.xn178:pshort_model.40
Warning: A2 = 1.0885 is larger than 1. A2 is set to 1 and A1 is set to 0.
Warning: Pdibl1 = -0.00669442 is negative.

Checking parameters for BSIM 4.5 model xarr.xpex.xn177:pshort_model.40
Warning: A2 = 1.0885 is larger than 1. A2 is set to 1 and A1 is set to 0.
Warning: Pdibl1 = -0.00669442 is negative.

Checking parameters for BSIM 4.5 model xarr.xpex.xn176:pshort_model.40
Warning: A2 = 1.0885 is larger than 1. A2 is set to 1 and A1 is set to 0.
Warning: Pdibl1 = -0.00669442 is negative.

Checking parameters for BSIM 4.5 model xarr.xpex.xn175:pshort_model.40
Warning: A2 = 1.0885 is larger than 1. A2 is set to 1 and A1 is set to 0.
Warning: Pdibl1 = -0.00669442 is negative.

Checking parameters for BSIM 4.5 model xarr.xpex.xn174:pshort_model.40
Warning: A2 = 1.0885 is larger than 1. A2 is set to 1 and A1 is set to 0.
Warning: Pdibl1 = -0.00669442 is negative.

Checking parameters for BSIM 4.5 model xarr.xpex.xn173:pshort_model.40
Warning: A2 = 1.0885 is larger than 1. A2 is set to 1 and A1 is set to 0.
Warning: Pdibl1 = -0.00669442 is negative.

Checking parameters for BSIM 4.5 model xarr.xpex.xn172:pshort_model.40
Warning: A2 = 1.0885 is larger than 1. A2 is set to 1 and A1 is set to 0.
Warning: Pdibl1 = -0.00669442 is negative.

Checking parameters for BSIM 4.5 model xarr.xpex.xn171:pshort_model.40
Warning: A2 = 1.0885 is larger than 1. A2 is set to 1 and A1 is set to 0.
Warning: Pdibl1 = -0.00669442 is negative.

Checking parameters for BSIM 4.5 model xarr.xpex.xn170:pshort_model.40
Warning: A2 = 1.0885 is larger than 1. A2 is set to 1 and A1 is set to 0.
Warning: Pdibl1 = -0.00669442 is negative.

Checking parameters for BSIM 4.5 model xarr.xpex.xn169:pshort_model.40
Warning: A2 = 1.0885 is larger than 1. A2 is set to 1 and A1 is set to 0.
Warning: Pdibl1 = -0.00669442 is negative.

Checking parameters for BSIM 4.5 model xarr.xpex.xn168:pshort_model.40
Warning: A2 = 1.0885 is larger than 1. A2 is set to 1 and A1 is set to 0.
Warning: Pdibl1 = -0.00669442 is negative.

Checking parameters for BSIM 4.5 model xarr.xpex.xn167:pshort_model.40
Warning: A2 = 1.0885 is larger than 1. A2 is set to 1 and A1 is set to 0.
Warning: Pdibl1 = -0.00669442 is negative.

Checking parameters for BSIM 4.5 model xarr.xpex.xn166:pshort_model.40
Warning: A2 = 1.0885 is larger than 1. A2 is set to 1 and A1 is set to 0.
Warning: Pdibl1 = -0.00669442 is negative.

Checking parameters for BSIM 4.5 model xarr.xpex.xn165:pshort_model.40
Warning: A2 = 1.0885 is larger than 1. A2 is set to 1 and A1 is set to 0.
Warning: Pdibl1 = -0.00669442 is negative.

Checking parameters for BSIM 4.5 model xarr.xpex.xn164:pshort_model.40
Warning: A2 = 1.0885 is larger than 1. A2 is set to 1 and A1 is set to 0.
Warning: Pdibl1 = -0.00669442 is negative.

Checking parameters for BSIM 4.5 model xarr.xpex.xn163:pshort_model.40
Warning: A2 = 1.0885 is larger than 1. A2 is set to 1 and A1 is set to 0.
Warning: Pdibl1 = -0.00669442 is negative.

Checking parameters for BSIM 4.5 model xarr.xpex.xn162:pshort_model.40
Warning: A2 = 1.0885 is larger than 1. A2 is set to 1 and A1 is set to 0.
Warning: Pdibl1 = -0.00669442 is negative.

Checking parameters for BSIM 4.5 model xarr.xpex.xn161:pshort_model.40
Warning: A2 = 1.0885 is larger than 1. A2 is set to 1 and A1 is set to 0.
Warning: Pdibl1 = -0.00669442 is negative.

Checking parameters for BSIM 4.5 model xarr.xpex.xn160:pshort_model.40
Warning: A2 = 1.0885 is larger than 1. A2 is set to 1 and A1 is set to 0.
Warning: Pdibl1 = -0.00669442 is negative.

Checking parameters for BSIM 4.5 model xarr.xpex.xn159:pshort_model.40
Warning: A2 = 1.0885 is larger than 1. A2 is set to 1 and A1 is set to 0.
Warning: Pdibl1 = -0.00669442 is negative.

Checking parameters for BSIM 4.5 model xarr.xpex.xn158:pshort_model.40
Warning: A2 = 1.0885 is larger than 1. A2 is set to 1 and A1 is set to 0.
Warning: Pdibl1 = -0.00669442 is negative.

Checking parameters for BSIM 4.5 model xarr.xpex.xn157:pshort_model.40
Warning: A2 = 1.0885 is larger than 1. A2 is set to 1 and A1 is set to 0.
Warning: Pdibl1 = -0.00669442 is negative.

Checking parameters for BSIM 4.5 model xarr.xpex.xn156:pshort_model.40
Warning: A2 = 1.0885 is larger than 1. A2 is set to 1 and A1 is set to 0.
Warning: Pdibl1 = -0.00669442 is negative.

Checking parameters for BSIM 4.5 model xarr.xpex.xn155:pshort_model.40
Warning: A2 = 1.0885 is larger than 1. A2 is set to 1 and A1 is set to 0.
Warning: Pdibl1 = -0.00669442 is negative.

Checking parameters for BSIM 4.5 model xarr.xpex.xn154:pshort_model.40
Warning: A2 = 1.0885 is larger than 1. A2 is set to 1 and A1 is set to 0.
Warning: Pdibl1 = -0.00669442 is negative.

Checking parameters for BSIM 4.5 model xarr.xpex.xn153:pshort_model.40
Warning: A2 = 1.0885 is larger than 1. A2 is set to 1 and A1 is set to 0.
Warning: Pdibl1 = -0.00669442 is negative.

Checking parameters for BSIM 4.5 model xarr.xpex.xn152:pshort_model.40
Warning: A2 = 1.0885 is larger than 1. A2 is set to 1 and A1 is set to 0.
Warning: Pdibl1 = -0.00669442 is negative.

Checking parameters for BSIM 4.5 model xarr.xpex.xn151:pshort_model.40
Warning: A2 = 1.0885 is larger than 1. A2 is set to 1 and A1 is set to 0.
Warning: Pdibl1 = -0.00669442 is negative.

Checking parameters for BSIM 4.5 model xarr.xpex.xn150:pshort_model.40
Warning: A2 = 1.0885 is larger than 1. A2 is set to 1 and A1 is set to 0.
Warning: Pdibl1 = -0.00669442 is negative.

Checking parameters for BSIM 4.5 model xarr.xpex.xn149:pshort_model.40
Warning: A2 = 1.0885 is larger than 1. A2 is set to 1 and A1 is set to 0.
Warning: Pdibl1 = -0.00669442 is negative.

Checking parameters for BSIM 4.5 model xarr.xpex.xn148:pshort_model.40
Warning: A2 = 1.0885 is larger than 1. A2 is set to 1 and A1 is set to 0.
Warning: Pdibl1 = -0.00669442 is negative.

Checking parameters for BSIM 4.5 model xarr.xpex.xn147:pshort_model.40
Warning: A2 = 1.0885 is larger than 1. A2 is set to 1 and A1 is set to 0.
Warning: Pdibl1 = -0.00669442 is negative.

Checking parameters for BSIM 4.5 model xarr.xpex.xn146:pshort_model.40
Warning: A2 = 1.0885 is larger than 1. A2 is set to 1 and A1 is set to 0.
Warning: Pdibl1 = -0.00669442 is negative.

Checking parameters for BSIM 4.5 model xarr.xpex.xn145:pshort_model.40
Warning: A2 = 1.0885 is larger than 1. A2 is set to 1 and A1 is set to 0.
Warning: Pdibl1 = -0.00669442 is negative.

Checking parameters for BSIM 4.5 model xarr.xpex.xn144:pshort_model.40
Warning: A2 = 1.0885 is larger than 1. A2 is set to 1 and A1 is set to 0.
Warning: Pdibl1 = -0.00669442 is negative.

Checking parameters for BSIM 4.5 model xarr.xpex.xn143:pshort_model.40
Warning: A2 = 1.0885 is larger than 1. A2 is set to 1 and A1 is set to 0.
Warning: Pdibl1 = -0.00669442 is negative.

Checking parameters for BSIM 4.5 model xarr.xpex.xn142:pshort_model.40
Warning: A2 = 1.0885 is larger than 1. A2 is set to 1 and A1 is set to 0.
Warning: Pdibl1 = -0.00669442 is negative.

Checking parameters for BSIM 4.5 model xarr.xpex.xn141:pshort_model.40
Warning: A2 = 1.0885 is larger than 1. A2 is set to 1 and A1 is set to 0.
Warning: Pdibl1 = -0.00669442 is negative.

Checking parameters for BSIM 4.5 model xarr.xpex.xn140:pshort_model.40
Warning: A2 = 1.0885 is larger than 1. A2 is set to 1 and A1 is set to 0.
Warning: Pdibl1 = -0.00669442 is negative.

Checking parameters for BSIM 4.5 model xarr.xpex.xn139:pshort_model.40
Warning: A2 = 1.0885 is larger than 1. A2 is set to 1 and A1 is set to 0.
Warning: Pdibl1 = -0.00669442 is negative.

Checking parameters for BSIM 4.5 model xarr.xpex.xn138:pshort_model.40
Warning: A2 = 1.0885 is larger than 1. A2 is set to 1 and A1 is set to 0.
Warning: Pdibl1 = -0.00669442 is negative.

Checking parameters for BSIM 4.5 model xarr.xpex.xn137:pshort_model.40
Warning: A2 = 1.0885 is larger than 1. A2 is set to 1 and A1 is set to 0.
Warning: Pdibl1 = -0.00669442 is negative.

Checking parameters for BSIM 4.5 model xarr.xpex.xn136:pshort_model.40
Warning: A2 = 1.0885 is larger than 1. A2 is set to 1 and A1 is set to 0.
Warning: Pdibl1 = -0.00669442 is negative.

Checking parameters for BSIM 4.5 model xarr.xpex.xn135:pshort_model.40
Warning: A2 = 1.0885 is larger than 1. A2 is set to 1 and A1 is set to 0.
Warning: Pdibl1 = -0.00669442 is negative.

Checking parameters for BSIM 4.5 model xarr.xpex.xn134:pshort_model.40
Warning: A2 = 1.0885 is larger than 1. A2 is set to 1 and A1 is set to 0.
Warning: Pdibl1 = -0.00669442 is negative.

Checking parameters for BSIM 4.5 model xarr.xpex.xn133:pshort_model.40
Warning: A2 = 1.0885 is larger than 1. A2 is set to 1 and A1 is set to 0.
Warning: Pdibl1 = -0.00669442 is negative.

Checking parameters for BSIM 4.5 model xarr.xpex.xn132:nshort_model.48
Warning: Eta0 = -0.0261666 is negative.

Checking parameters for BSIM 4.5 model xarr.xpex.xn131:nshort_model.48
Warning: Eta0 = -0.0261666 is negative.

Checking parameters for BSIM 4.5 model xarr.xpex.xn129:nshort_model.48
Warning: Eta0 = -0.0261666 is negative.

Checking parameters for BSIM 4.5 model xarr.xpex.xn127:nshort_model.48
Warning: Eta0 = -0.0261666 is negative.

Checking parameters for BSIM 4.5 model xarr.xpex.xn125:nshort_model.48
Warning: Eta0 = -0.0261666 is negative.

Checking parameters for BSIM 4.5 model xarr.xpex.xn123:nshort_model.40
Warning: Eta0 = -0.00908636 is negative.

Checking parameters for BSIM 4.5 model xarr.xpex.xn122:nshort_model.40
Warning: Eta0 = -0.00908636 is negative.

Checking parameters for BSIM 4.5 model xarr.xpex.xn120:nshort_model.48
Warning: Eta0 = -0.0261666 is negative.

Checking parameters for BSIM 4.5 model xarr.xpex.xn119:nshort_model.48
Warning: Eta0 = -0.0261666 is negative.

Checking parameters for BSIM 4.5 model xarr.xpex.xn117:nshort_model.48
Warning: Eta0 = -0.0261666 is negative.

Checking parameters for BSIM 4.5 model xarr.xpex.xn115:nshort_model.48
Warning: Eta0 = -0.0261666 is negative.

Checking parameters for BSIM 4.5 model xarr.xpex.xn113:nshort_model.48
Warning: Eta0 = -0.0261666 is negative.

Checking parameters for BSIM 4.5 model xarr.xpex.xn111:nshort_model.40
Warning: Eta0 = -0.00908636 is negative.

Checking parameters for BSIM 4.5 model xarr.xpex.xn110:nshort_model.40
Warning: Eta0 = -0.00908636 is negative.

Checking parameters for BSIM 4.5 model xarr.xpex.xn108:nshort_model.48
Warning: Eta0 = -0.0261666 is negative.

Checking parameters for BSIM 4.5 model xarr.xpex.xn107:nshort_model.48
Warning: Eta0 = -0.0261666 is negative.

Checking parameters for BSIM 4.5 model xarr.xpex.xn105:nshort_model.48
Warning: Eta0 = -0.0261666 is negative.

Checking parameters for BSIM 4.5 model xarr.xpex.xn103:nshort_model.48
Warning: Eta0 = -0.0261666 is negative.

Checking parameters for BSIM 4.5 model xarr.xpex.xn102:nshort_model.48
Warning: Eta0 = -0.0261666 is negative.

Checking parameters for BSIM 4.5 model xarr.xpex.xn100:nshort_model.40
Warning: Eta0 = -0.00908636 is negative.

Checking parameters for BSIM 4.5 model xarr.xpex.xn99:nshort_model.40
Warning: Eta0 = -0.00908636 is negative.

Checking parameters for BSIM 4.5 model xarr.xpex.xn98:nshort_model.48
Warning: Eta0 = -0.0261666 is negative.

Checking parameters for BSIM 4.5 model xarr.xpex.xn96:nshort_model.40
Warning: Eta0 = -0.00908636 is negative.

Checking parameters for BSIM 4.5 model xarr.xpex.xn95:nshort_model.40
Warning: Eta0 = -0.00908636 is negative.

Checking parameters for BSIM 4.5 model xarr.xpex.xn94:nshort_model.48
Warning: Eta0 = -0.0261666 is negative.

Checking parameters for BSIM 4.5 model xarr.xpex.xn93:nshort_model.40
Warning: Eta0 = -0.00908636 is negative.

Checking parameters for BSIM 4.5 model xarr.xpex.xn92:nshort_model.40
Warning: Eta0 = -0.00908636 is negative.

Checking parameters for BSIM 4.5 model xarr.xpex.xn90:nshort_model.48
Warning: Eta0 = -0.0261666 is negative.

Checking parameters for BSIM 4.5 model xarr.xpex.xn89:nshort_model.48
Warning: Eta0 = -0.0261666 is negative.

Checking parameters for BSIM 4.5 model xarr.xpex.xn88:nshort_model.40
Warning: Eta0 = -0.00908636 is negative.

Checking parameters for BSIM 4.5 model xarr.xpex.xn87:nshort_model.40
Warning: Eta0 = -0.00908636 is negative.

Checking parameters for BSIM 4.5 model xarr.xpex.xn86:nshort_model.48
Warning: Eta0 = -0.0261666 is negative.

Checking parameters for BSIM 4.5 model xarr.xpex.xn85:nshort_model.40
Warning: Eta0 = -0.00908636 is negative.

Checking parameters for BSIM 4.5 model xarr.xpex.xn84:nshort_model.40
Warning: Eta0 = -0.00908636 is negative.

Checking parameters for BSIM 4.5 model xarr.xpex.xn82:nshort_model.48
Warning: Eta0 = -0.0261666 is negative.

Checking parameters for BSIM 4.5 model xarr.xpex.xn81:nshort_model.48
Warning: Eta0 = -0.0261666 is negative.

Checking parameters for BSIM 4.5 model xarr.xpex.xn79:nshort_model.48
Warning: Eta0 = -0.0261666 is negative.

Checking parameters for BSIM 4.5 model xarr.xpex.xn78:nshort_model.48
Warning: Eta0 = -0.0261666 is negative.

Checking parameters for BSIM 4.5 model xarr.xpex.xn76:nshort_model.48
Warning: Eta0 = -0.0261666 is negative.

Checking parameters for BSIM 4.5 model xarr.xpex.xn75:nshort_model.40
Warning: Eta0 = -0.00908636 is negative.

Checking parameters for BSIM 4.5 model xarr.xpex.xn74:nshort_model.40
Warning: Eta0 = -0.00908636 is negative.

Checking parameters for BSIM 4.5 model xarr.xpex.xn72:nshort_model.40
Warning: Eta0 = -0.00908636 is negative.

Checking parameters for BSIM 4.5 model xarr.xpex.xn71:nshort_model.40
Warning: Eta0 = -0.00908636 is negative.

Checking parameters for BSIM 4.5 model xarr.xpex.xn70:nshort_model.40
Warning: Eta0 = -0.00908636 is negative.

Checking parameters for BSIM 4.5 model xarr.xpex.xn69:nshort_model.40
Warning: Eta0 = -0.00908636 is negative.

Checking parameters for BSIM 4.5 model xarr.xpex.xn68:nshort_model.48
Warning: Eta0 = -0.0261666 is negative.

Checking parameters for BSIM 4.5 model xarr.xpex.xn66:nshort_model.48
Warning: Eta0 = -0.0261666 is negative.

Checking parameters for BSIM 4.5 model xarr.xpex.xn65:nshort_model.48
Warning: Eta0 = -0.0261666 is negative.

Checking parameters for BSIM 4.5 model xarr.xpex.xn64:nshort_model.48
Warning: Eta0 = -0.0261666 is negative.

Checking parameters for BSIM 4.5 model xarr.xpex.xn63:nshort_model.48
Warning: Eta0 = -0.0261666 is negative.

Checking parameters for BSIM 4.5 model xarr.xpex.xn62:nshort_model.48
Warning: Eta0 = -0.0261666 is negative.

Checking parameters for BSIM 4.5 model xarr.xpex.xn61:nshort_model.48
Warning: Eta0 = -0.0261666 is negative.

Checking parameters for BSIM 4.5 model xarr.xpex.xn60:nshort_model.48
Warning: Eta0 = -0.0261666 is negative.

Checking parameters for BSIM 4.5 model xarr.xpex.xn59:nshort_model.48
Warning: Eta0 = -0.0261666 is negative.

Checking parameters for BSIM 4.5 model xarr.xpex.xn58:nshort_model.48
Warning: Eta0 = -0.0261666 is negative.

Checking parameters for BSIM 4.5 model xarr.xpex.xn57:nshort_model.48
Warning: Eta0 = -0.0261666 is negative.

Checking parameters for BSIM 4.5 model xarr.xpex.xn56:nshort_model.48
Warning: Eta0 = -0.0261666 is negative.

Checking parameters for BSIM 4.5 model xarr.xpex.xn55:nshort_model.48
Warning: Eta0 = -0.0261666 is negative.

Checking parameters for BSIM 4.5 model xarr.xpex.xn54:nshort_model.48
Warning: Eta0 = -0.0261666 is negative.

Checking parameters for BSIM 4.5 model xarr.xpex.xn53:nshort_model.48
Warning: Eta0 = -0.0261666 is negative.

Checking parameters for BSIM 4.5 model xarr.xpex.xn52:nshort_model.48
Warning: Eta0 = -0.0261666 is negative.

Checking parameters for BSIM 4.5 model xarr.xpex.xn51:nshort_model.48
Warning: Eta0 = -0.0261666 is negative.

Checking parameters for BSIM 4.5 model xarr.xpex.xn50:nshort_model.48
Warning: Eta0 = -0.0261666 is negative.

Checking parameters for BSIM 4.5 model xarr.xpex.xn49:nshort_model.48
Warning: Eta0 = -0.0261666 is negative.

Checking parameters for BSIM 4.5 model xarr.xpex.xn48:nshort_model.48
Warning: Eta0 = -0.0261666 is negative.

Checking parameters for BSIM 4.5 model xarr.xpex.xn47:nshort_model.48
Warning: Eta0 = -0.0261666 is negative.

Checking parameters for BSIM 4.5 model xarr.xpex.xn46:nshort_model.48
Warning: Eta0 = -0.0261666 is negative.

Checking parameters for BSIM 4.5 model xarr.xpex.xn45:nshort_model.48
Warning: Eta0 = -0.0261666 is negative.

Checking parameters for BSIM 4.5 model xarr.xpex.xn44:nshort_model.48
Warning: Eta0 = -0.0261666 is negative.

Checking parameters for BSIM 4.5 model xarr.xpex.xn43:nshort_model.48
Warning: Eta0 = -0.0261666 is negative.

Checking parameters for BSIM 4.5 model xarr.xpex.xn42:nshort_model.48
Warning: Eta0 = -0.0261666 is negative.

Checking parameters for BSIM 4.5 model xarr.xpex.xn41:nshort_model.48
Warning: Eta0 = -0.0261666 is negative.

Checking parameters for BSIM 4.5 model xarr.xpex.xn40:nshort_model.48
Warning: Eta0 = -0.0261666 is negative.

Checking parameters for BSIM 4.5 model xarr.xpex.xn39:nshort_model.48
Warning: Eta0 = -0.0261666 is negative.

Checking parameters for BSIM 4.5 model xarr.xpex.xn38:nshort_model.48
Warning: Eta0 = -0.0261666 is negative.

Checking parameters for BSIM 4.5 model xarr.xpex.xn37:nshort_model.48
Warning: Eta0 = -0.0261666 is negative.

Checking parameters for BSIM 4.5 model xarr.xpex.xn36:nshort_model.48
Warning: Eta0 = -0.0261666 is negative.

Checking parameters for BSIM 4.5 model xarr.xpex.xn35:nshort_model.48
Warning: Eta0 = -0.0261666 is negative.

Checking parameters for BSIM 4.5 model xarr.xpex.xn34:nshort_model.48
Warning: Eta0 = -0.0261666 is negative.

Checking parameters for BSIM 4.5 model xarr.xpex.xn33:nshort_model.48
Warning: Eta0 = -0.0261666 is negative.

Checking parameters for BSIM 4.5 model xarr.xpex.xn32:nshort_model.48
Warning: Eta0 = -0.0261666 is negative.

Checking parameters for BSIM 4.5 model xarr.xpex.xn31:nshort_model.48
Warning: Eta0 = -0.0261666 is negative.

Checking parameters for BSIM 4.5 model xarr.xpex.xn30:nshort_model.48
Warning: Eta0 = -0.0261666 is negative.

Checking parameters for BSIM 4.5 model xarr.xpex.xn29:nshort_model.48
Warning: Eta0 = -0.0261666 is negative.

Checking parameters for BSIM 4.5 model xarr.xpex.xn28:nshort_model.48
Warning: Eta0 = -0.0261666 is negative.

Checking parameters for BSIM 4.5 model xarr.xpex.xn27:nshort_model.48
Warning: Eta0 = -0.0261666 is negative.

Checking parameters for BSIM 4.5 model xarr.xpex.xn26:nshort_model.48
Warning: Eta0 = -0.0261666 is negative.

Checking parameters for BSIM 4.5 model xarr.xpex.xn25:nshort_model.48
Warning: Eta0 = -0.0261666 is negative.

Checking parameters for BSIM 4.5 model xarr.xpex.xn24:nshort_model.40
Warning: Eta0 = -0.00908636 is negative.

Checking parameters for BSIM 4.5 model xarr.xpex.xn23:nshort_model.40
Warning: Eta0 = -0.00908636 is negative.

Checking parameters for BSIM 4.5 model xarr.xpex.xn22:nshort_model.40
Warning: Eta0 = -0.00908636 is negative.

Checking parameters for BSIM 4.5 model xarr.xpex.xn21:nshort_model.40
Warning: Eta0 = -0.00908636 is negative.

Checking parameters for BSIM 4.5 model xarr.xpex.xn20:nshort_model.40
Warning: Eta0 = -0.00908636 is negative.

Checking parameters for BSIM 4.5 model xarr.xpex.xn19:nshort_model.40
Warning: Eta0 = -0.00908636 is negative.

Checking parameters for BSIM 4.5 model xarr.xpex.xn18:nshort_model.40
Warning: Eta0 = -0.00908636 is negative.

Checking parameters for BSIM 4.5 model xarr.xpex.xn17:nshort_model.40
Warning: Eta0 = -0.00908636 is negative.

Checking parameters for BSIM 4.5 model xarr.xpex.xn16:nshort_model.40
Warning: Eta0 = -0.00908636 is negative.

Checking parameters for BSIM 4.5 model xarr.xpex.xn15:nshort_model.40
Warning: Eta0 = -0.00908636 is negative.

Checking parameters for BSIM 4.5 model xarr.xpex.xn14:nshort_model.40
Warning: Eta0 = -0.00908636 is negative.

Checking parameters for BSIM 4.5 model xarr.xpex.xn13:nshort_model.40
Warning: Eta0 = -0.00908636 is negative.

Checking parameters for BSIM 4.5 model xarr.xpex.xn12:nshort_model.40
Warning: Eta0 = -0.00908636 is negative.

Checking parameters for BSIM 4.5 model xarr.xpex.xn11:nshort_model.40
Warning: Eta0 = -0.00908636 is negative.

Checking parameters for BSIM 4.5 model xarr.xpex.xn10:nshort_model.40
Warning: Eta0 = -0.00908636 is negative.

Checking parameters for BSIM 4.5 model xarr.xpex.xn9:nshort_model.40
Warning: Eta0 = -0.00908636 is negative.

Checking parameters for BSIM 4.5 model xarr.xpex.xn8:nshort_model.40
Warning: Eta0 = -0.00908636 is negative.

Checking parameters for BSIM 4.5 model xarr.xpex.xn7:nshort_model.40
Warning: Eta0 = -0.00908636 is negative.

Checking parameters for BSIM 4.5 model xarr.xpex.xn6:nshort_model.40
Warning: Eta0 = -0.00908636 is negative.

Checking parameters for BSIM 4.5 model xarr.xpex.xn5:nshort_model.40
Warning: Eta0 = -0.00908636 is negative.

Checking parameters for BSIM 4.5 model xarr.xpex.xn4:nshort_model.40
Warning: Eta0 = -0.00908636 is negative.

Checking parameters for BSIM 4.5 model xarr.xpex.xn3:nshort_model.40
Warning: Eta0 = -0.00908636 is negative.

Checking parameters for BSIM 4.5 model xarr.xpex.xn2:nshort_model.40
Warning: Eta0 = -0.00908636 is negative.

Checking parameters for BSIM 4.5 model xarr.xpex.xn1:nshort_model.40
Warning: Eta0 = -0.00908636 is negative.

