|* Post-layout ro_array_core: the whole entropy source (four non-identical
|* rings + four output buffers + the three-xor2 combining tree), extracted
|* FLAT from ONE `klt extract --parasitics` run over
|* layout/ro_array_core-placement-poc/ro_array_core_signal9_poc.gds -- the
|* same DRC-clean (0 violations), klt-lvs-MATCHING (132/132 devices, 96/96
|* nets against design/ro_array_core.spice's own .subckt ro_array_core) GDS
|* that PoC directory's own README documents ("Increment 8"). Real inter-ring
|* wiring is included for the first time: the ring->buffer signal chain, the
|* buffer->XOR fan-in, the XOR combining tree's own t1/t2 routing, and the
|* array-wide vdd bus for the four buffers + three xor2 instances -- none of
|* which sim/post-layout-ro-ring5-assembled/ (one ring at a time, ideal
|* wires between rings) could include, and none of which
|* sim/ro-array-core-combining/ (pre-layout, no physical interconnect at
|* all) could include either.
|*
|* Purpose (issue #22's acceptance bar: "Post-layout PVT simulation results
|* land under sim/, extracted parasitics included" plus the DR-0003 section
|* 8 wstv inter-ring decorrelation re-evaluation). This is a two-way,
|* same-corner comparison (post-layout array vs. pre-layout control, the
|* SAME topology sim/ro-array-core-combining/'s own testbench drives),
|* matching sim/post-layout-ro-ring5-assembled/'s own comparison discipline
|* one hierarchy level up. It reuses that record's own measurement set
|* (per-ring periods, combining fidelity in both the edge-retention and
|* value-fidelity senses, and array supply current) rather than inventing a
|* new one, so every number here is directly comparable to
|* sim/ro-array-core-combining/'s own pre-layout record by name.
|*
|* Topology, post-layout side (prefix p): xarr is ONE flat-extracted cell --
|* design/xschem/ro_array_core.sch's own hierarchy, already wired, sourced
|* from layout/pex-array/ro_array_core_pex.spice via
|* layout/bin/pex-netlist.py (shared, unmodified, with
|* layout/pex/pex.json's and layout/pex-ring/pex.json's own leaf/ring
|* descriptors). t1/t2 (the XOR tree's own inter-stage nets) are internal to
|* the wrapper subckt at the SAME literal names design/ro_array_core.spice's
|* own .subckt ro_array_core uses internally, so they are reachable exactly
|* the way sim/ro-array-core-combining/'s own testbench reaches them
|* (`v(xarr.t1)`, one level of hierarchy) -- confirmed by this deck's own
|* first successful run, not assumed.
|*
|* Topology, pre-layout side (no prefix, matching
|* sim/ro-array-core-combining/'s own testbench net names exactly): xctl is
|* the identical topology from design/ro_array_core.spice's parameterized
|* .subckt ro_array_core, same-deck same-corner control.
|*
|* The substrate tie. layout/pex-array/ro_array_core_pex.spice declares the
|* extractor's substrate return node `vsubs` .global (klayout-tools#1503,
|* same as every other post-layout deck in this repo). This deck ties it
|* HARD to 0, the same physically-motivated choice
|* sim/post-layout-ro-ring5-assembled/ and sim/post-layout-ro-ring5/ both
|* use -- every composed cell's own psub guard ring is tied to vss, and vss
|* is 0 here. Inter-ring coupling through a floating substrate is a
|* different, separately-bracketed question (spec/decision-records/DR-0005)
|* and is not re-litigated by this deck's own hard tie.
|*
|* PVT: the same four (temp, supply) points
|* sim/post-layout-ro-ring5-assembled/ uses, each bundling the tt/ss/ff
|* process axis:
|*   -40 degC / 1.62 V   the measured entropy-binding corner (ss)
|*    27 degC / 1.80 V   nominal
|*   125 degC / 1.98 V   the worst five-stage ring swing in #10's grid
|*   -40 degC / 1.98 V   the fastest ring measured anywhere in that grid
|*
|* Window. Post-layout parasitics measurably slow the array (every prior
|* post-layout ring record in this repo reports 1.4x-2.4x slowdown over
|* pre-layout, and the array adds inter-ring wiring + XOR-tree loading on
|* top), so this deck's tstop is 4x sim/ro-array-core-combining/'s own 200n
|* -- 800n -- with the same 5 ns enable-release point and the same
|* 10-period ring / 48-edge combining-node estimators (rise=3..13 for
|* periods, rise=2..50 at the combining nodes), now measured from a 700 ns
|* window (100 ns to 800 ns) rather than that deck's 60-200 ns, to keep the
|* same edge counts reachable at the slowest corner. Confirmed sufficient by
|* this deck's own first run at every corner (every meas below resolved,
|* not "no value found"), not assumed from the pre-layout deck's own margin.
|*
|* This file is a TEMPLATE: sim/bin/corner-run.py substitutes /Users/rwalters/.volare/volare/sky130/versions/c6d73a35f524070e85faff4a6a9eef49553ebc2b/sky130A/libs.tech/combined/sky130.lib.spice,
|* ff, /Users/rwalters/GitHub/sky130-trng/.loom/worktrees/issue-22/design/ro_array_core.spice, /Users/rwalters/GitHub/sky130-trng/.loom/worktrees/issue-22/layout/pex-array/ro_array_core_pex.spice, 27.0, 1.8 and 5p. As
|* committed it is not a runnable deck. Invoke with
|* `--ro-ring5 design/ro_array_core.spice` and
|* `--pex-lib layout/pex-array/ro_array_core_pex.spice`.
|
|.option scale=1u
|.lib "/Users/rwalters/.volare/volare/sky130/versions/c6d73a35f524070e85faff4a6a9eef49553ebc2b/sky130A/libs.tech/combined/sky130.lib.spice" ff
|
|* pre-layout subcircuit library (ro_array_core / ro_ring5 / ro_buf / xor2)
|.include "/Users/rwalters/GitHub/sky130-trng/.loom/worktrees/issue-22/design/ro_array_core.spice"
|* post-layout ARRAY subcircuit library (ro_array_core_pex, flat-extracted
|* from the whole composed, DRC-clean and LVS-clean array GDS)
|.include "/Users/rwalters/GitHub/sky130-trng/.loom/worktrees/issue-22/layout/pex-array/ro_array_core_pex.spice"
|
|.temp 27.0
|
|* --- substrate return node: hard tie (see header) ----------------------
|Vsub vsubs 0 dc 0
|
|* --- post-layout ARRAY, one flat-extracted cell for the whole block ----
|Vddrp1 pvddr1 0 dc 1.8
|Vddrp2 pvddr2 0 dc 1.8
|Vddrp3 pvddr3 0 dc 1.8
|Vddrp4 pvddr4 0 dc 1.8
|Vddp pvdd 0 dc 1.8
|Venp1 pen1 0 PULSE(0 1.8 5n 100p 100p 1u 2u)
|Venp2 pen2 0 PULSE(0 1.8 5n 100p 100p 1u 2u)
|Venp3 pen3 0 PULSE(0 1.8 5n 100p 100p 1u 2u)
|Venp4 pen4 0 PULSE(0 1.8 5n 100p 100p 1u 2u)
|xarr pen1 pen2 pen3 pen4 pvddr1 pvddr2 pvddr3 pvddr4 pvdd 0 pxo pro1 pro2 pro3 pro4 ro_array_core_pex
|
|* --- pre-layout control, identical topology, single-call subckt --------
|Vddr1 vddr1 0 dc 1.8
|Vddr2 vddr2 0 dc 1.8
|Vddr3 vddr3 0 dc 1.8
|Vddr4 vddr4 0 dc 1.8
|Vdd vdd 0 dc 1.8
|Ven1 en1 0 PULSE(0 1.8 5n 100p 100p 1u 2u)
|Ven2 en2 0 PULSE(0 1.8 5n 100p 100p 1u 2u)
|Ven3 en3 0 PULSE(0 1.8 5n 100p 100p 1u 2u)
|Ven4 en4 0 PULSE(0 1.8 5n 100p 100p 1u 2u)
|xctl en1 en2 en3 en4 vddr1 vddr2 vddr3 vddr4 vdd 0 xo ro1 ro2 ro3 ro4 ro_array_core
|
|.ic v(pro1)=0
|.ic v(pro2)=0
|.ic v(pro3)=0
|.ic v(pro4)=0
|.ic v(ro1)=0
|.ic v(ro2)=0
|.ic v(ro3)=0
|.ic v(ro4)=0
|
|* Limit the saved transient trace set to exactly what the .meas statements
|* below need. Without this, ngspice keeps a full-resolution voltage history
|* for every node in the deck -- including every per-terminal parasitic-star
|* leg node the flat ARRAY extraction introduces (132 devices' worth, an
|* order of magnitude more than one ring alone) -- and
|* sim/post-layout-ro-ring5-assembled/'s own header records this exhausting
|* process memory outright at the ff corner's shorter timesteps. None of
|* those internal leg voltages are read by any .meas below.
|.save v(pro1) v(pro2) v(pro3) v(pro4) v(pxo) v(xarr.t1)
|.save v(ro1) v(ro2) v(ro3) v(ro4) v(xo) v(xctl.t1)
|.save i(Vddrp1) i(Vddrp2) i(Vddrp3) i(Vddrp4) i(Vddp)
|.save i(Vddr1) i(Vddr2) i(Vddr3) i(Vddr4) i(Vdd)
|
|.tran 5p 800n uic
|
|.control
|run
|
|* --- post-layout ARRAY: per-ring periods, 10 whole periods each, first
|* two rising edges discarded as start-up ------------------------------
|meas tran pt1a when v(pro1)=0.5*1.8 rise=3
|meas tran pt1b when v(pro1)=0.5*1.8 rise=13
|let p_tr1 = (pt1b - pt1a)/10
|meas tran pt2a when v(pro2)=0.5*1.8 rise=3
|meas tran pt2b when v(pro2)=0.5*1.8 rise=13
|let p_tr2 = (pt2b - pt2a)/10
|meas tran pt3a when v(pro3)=0.5*1.8 rise=3
|meas tran pt3b when v(pro3)=0.5*1.8 rise=13
|let p_tr3 = (pt3b - pt3a)/10
|meas tran pt4a when v(pro4)=0.5*1.8 rise=3
|meas tran pt4b when v(pro4)=0.5*1.8 rise=13
|let p_tr4 = (pt4b - pt4a)/10
|let p_f_ideal2 = 1/p_tr1 + 1/p_tr2
|let p_f_ideal = 1/p_tr1 + 1/p_tr2 + 1/p_tr3 + 1/p_tr4
|let p_skew_span = p_tr1/p_tr4
|
|* --- post-layout ARRAY combining node: swing and realized edge rate ---
|meas tran pvxo_max MAX v(pxo) from=100n to=800n
|meas tran pvxo_min MIN v(pxo) from=100n to=800n
|let p_swing_frac_xo = (pvxo_max - pvxo_min) / 1.8
|meas tran ptxo_a when v(pxo)=0.5*1.8 rise=2
|meas tran ptxo_b when v(pxo)=0.5*1.8 rise=50
|let p_f_xo = 48/(ptxo_b - ptxo_a)
|let p_edge_retention = p_f_xo / p_f_ideal
|meas tran ptt1a when v(xarr.t1)=0.5*1.8 rise=2
|meas tran ptt1b when v(xarr.t1)=0.5*1.8 rise=50
|let p_f_t1 = 48/(ptt1b - ptt1a)
|let p_retention_n2 = p_f_t1 / p_f_ideal2
|let p_retention_n4 = p_edge_retention
|
|* --- post-layout ARRAY value fidelity + supply current -----------------
|meas tran pvxo_avg AVG v(pxo) from=100n to=800n
|meas tran pvt1_avg AVG v(xarr.t1) from=100n to=800n
|let p_bias_xo = pvxo_avg / 1.8
|let p_bias_t1 = pvt1_avg / 1.8
|meas tran pi1 AVG i(Vddrp1) from=100n to=800n
|meas tran pi2 AVG i(Vddrp2) from=100n to=800n
|meas tran pi3 AVG i(Vddrp3) from=100n to=800n
|meas tran pi4 AVG i(Vddrp4) from=100n to=800n
|meas tran pib AVG i(Vddp) from=100n to=800n
|let p_i_rings = -(pi1 + pi2 + pi3 + pi4)
|let p_i_block = -pib
|let p_i_array_total = p_i_rings + p_i_block
|let p_p_array_total = p_i_array_total * 1.8
|
|* --- pre-layout CONTROL: identical estimators, identical node names as
|* sim/ro-array-core-combining/'s own testbench ---------------------------
|meas tran t1a when v(ro1)=0.5*1.8 rise=3
|meas tran t1b when v(ro1)=0.5*1.8 rise=13
|let tr1 = (t1b - t1a)/10
|meas tran t2a when v(ro2)=0.5*1.8 rise=3
|meas tran t2b when v(ro2)=0.5*1.8 rise=13
|let tr2 = (t2b - t2a)/10
|meas tran t3a when v(ro3)=0.5*1.8 rise=3
|meas tran t3b when v(ro3)=0.5*1.8 rise=13
|let tr3 = (t3b - t3a)/10
|meas tran t4a when v(ro4)=0.5*1.8 rise=3
|meas tran t4b when v(ro4)=0.5*1.8 rise=13
|let tr4 = (t4b - t4a)/10
|let f_ideal2 = 1/tr1 + 1/tr2
|let f_ideal = 1/tr1 + 1/tr2 + 1/tr3 + 1/tr4
|let skew_span = tr1/tr4
|
|meas tran vxo_max MAX v(xo) from=100n to=800n
|meas tran vxo_min MIN v(xo) from=100n to=800n
|let swing_frac_xo = (vxo_max - vxo_min) / 1.8
|meas tran txo_a when v(xo)=0.5*1.8 rise=2
|meas tran txo_b when v(xo)=0.5*1.8 rise=50
|let f_xo = 48/(txo_b - txo_a)
|let edge_retention = f_xo / f_ideal
|meas tran tt1a when v(xctl.t1)=0.5*1.8 rise=2
|meas tran tt1b when v(xctl.t1)=0.5*1.8 rise=50
|let f_t1 = 48/(tt1b - tt1a)
|let retention_n2 = f_t1 / f_ideal2
|let retention_n4 = edge_retention
|
|meas tran vxo_avg AVG v(xo) from=100n to=800n
|meas tran vt1_avg AVG v(xctl.t1) from=100n to=800n
|let bias_xo = vxo_avg / 1.8
|let bias_t1 = vt1_avg / 1.8
|meas tran i1 AVG i(Vddr1) from=100n to=800n
|meas tran i2 AVG i(Vddr2) from=100n to=800n
|meas tran i3 AVG i(Vddr3) from=100n to=800n
|meas tran i4 AVG i(Vddr4) from=100n to=800n
|meas tran ib AVG i(Vdd) from=100n to=800n
|let i_rings = -(i1 + i2 + i3 + i4)
|let i_block = -ib
|let i_array_total = i_rings + i_block
|let p_array_total_pre = i_array_total * 1.8
|
|* --- headline ratios: same block, same corner, real inter-ring wiring
|* (plus real intra-cell parasitics) vs. pre-layout (no interconnect,
|* ideal devices only) ----------------------------------------------------
|let slowdown_r1 = p_tr1 / tr1
|let slowdown_r2 = p_tr2 / tr2
|let slowdown_r3 = p_tr3 / tr3
|let slowdown_r4 = p_tr4 / tr4
|
|print p_tr1
|print p_tr2
|print p_tr3
|print p_tr4
|print p_skew_span
|print p_f_ideal
|print p_f_xo
|print p_edge_retention
|print p_retention_n2
|print p_retention_n4
|print p_bias_t1
|print p_bias_xo
|print p_swing_frac_xo
|print p_i_rings
|print p_i_block
|print p_i_array_total
|print p_p_array_total
|print tr1
|print tr2
|print tr3
|print tr4
|print skew_span
|print f_ideal
|print f_xo
|print edge_retention
|print retention_n2
|print retention_n4
|print bias_t1
|print bias_xo
|print swing_frac_xo
|print i_rings
|print i_block
|print i_array_total
|print p_array_total_pre
|print slowdown_r1
|print slowdown_r2
|print slowdown_r3
|print slowdown_r4
|.endc
|.end
|

----- stdout -----

Note: Compatibility modes selected: hs a


Circuit: * post-layout ro_array_core: the whole entropy source (four non-identical

option SCALE: Scale is set to 1e-06 for instance and model parameters
option SCALE: Scale is set to 1e-06 for instance and model parameters
option SCALE: Scale is set to 1e-06 for instance and model parameters
option SCALE: Scale is set to 1e-06 for instance and model parameters
option SCALE: Scale is set to 1e-06 for instance and model parameters
Doing analysis at TEMP = 27.000000 and TNOM = 27.000000

Using SPARSE 1.3 as Direct Linear Solver
Operating point simulation skipped by 'uic',
  now using transient initial conditions.
 Reference value :  5.00000e-14
 Reference value :  4.51543e-10
 Reference value :  1.11654e-09
 Reference value :  1.79154e-09
 Reference value :  2.47154e-09
 Reference value :  3.15154e-09
 Reference value :  3.84154e-09
 Reference value :  4.54154e-09
 Reference value :  5.15250e-09
 Reference value :  5.81750e-09
 Reference value :  6.41750e-09
 Reference value :  7.08250e-09
 Reference value :  7.69750e-09
 Reference value :  8.22750e-09
 Reference value :  8.73750e-09
 Reference value :  9.24250e-09
 Reference value :  9.74250e-09
 Reference value :  1.03025e-08
 Reference value :  1.08125e-08
 Reference value :  1.13725e-08
 Reference value :  1.19125e-08
 Reference value :  1.24325e-08
 Reference value :  1.29775e-08
 Reference value :  1.34975e-08
 Reference value :  1.40625e-08
 Reference value :  1.45725e-08
 Reference value :  1.50725e-08
 Reference value :  1.55925e-08
 Reference value :  1.60925e-08
 Reference value :  1.65725e-08
 Reference value :  1.71025e-08
 Reference value :  1.76075e-08
 Reference value :  1.80725e-08
 Reference value :  1.85825e-08
 Reference value :  1.91375e-08
 Reference value :  1.96375e-08
 Reference value :  2.01475e-08
 Reference value :  2.06775e-08
 Reference value :  2.12725e-08
 Reference value :  2.18025e-08
 Reference value :  2.23575e-08
 Reference value :  2.29225e-08
 Reference value :  2.35125e-08
 Reference value :  2.40225e-08
 Reference value :  2.45575e-08
 Reference value :  2.51475e-08
 Reference value :  2.57775e-08
 Reference value :  2.62725e-08
 Reference value :  2.67675e-08
 Reference value :  2.72575e-08
 Reference value :  2.78475e-08
 Reference value :  2.84125e-08
 Reference value :  2.88825e-08
 Reference value :  2.93725e-08
 Reference value :  2.99275e-08
 Reference value :  3.04925e-08
 Reference value :  3.10075e-08
 Reference value :  3.15725e-08
 Reference value :  3.21225e-08
 Reference value :  3.26875e-08
 Reference value :  3.31625e-08
 Reference value :  3.37225e-08
 Reference value :  3.42575e-08
 Reference value :  3.47575e-08
 Reference value :  3.52675e-08
 Reference value :  3.57825e-08
 Reference value :  3.63325e-08
 Reference value :  3.68325e-08
 Reference value :  3.73925e-08
 Reference value :  3.79025e-08
 Reference value :  3.83975e-08
 Reference value :  3.89075e-08
 Reference value :  3.94175e-08
 Reference value :  3.99575e-08
 Reference value :  4.04575e-08
 Reference value :  4.09525e-08
 Reference value :  4.15075e-08
 Reference value :  4.20325e-08
 Reference value :  4.25875e-08
 Reference value :  4.30875e-08
 Reference value :  4.36425e-08
 Reference value :  4.42575e-08
 Reference value :  4.48575e-08
 Reference value :  4.53925e-08
 Reference value :  4.60125e-08
 Reference value :  4.65225e-08
 Reference value :  4.70375e-08
 Reference value :  4.75475e-08
 Reference value :  4.80925e-08
 Reference value :  4.86825e-08
 Reference value :  4.91725e-08
 Reference value :  4.97025e-08
 Reference value :  5.02425e-08
 Reference value :  5.07575e-08
 Reference value :  5.12775e-08
 Reference value :  5.17825e-08
 Reference value :  5.22975e-08
 Reference value :  5.28175e-08
 Reference value :  5.33225e-08
 Reference value :  5.38175e-08
 Reference value :  5.43075e-08
 Reference value :  5.47825e-08
 Reference value :  5.53075e-08
 Reference value :  5.58375e-08
 Reference value :  5.63425e-08
 Reference value :  5.68475e-08
 Reference value :  5.73875e-08
 Reference value :  5.79525e-08
 Reference value :  5.84425e-08
 Reference value :  5.89475e-08
 Reference value :  5.94825e-08
 Reference value :  5.99725e-08
 Reference value :  6.04675e-08
 Reference value :  6.09575e-08
 Reference value :  6.14825e-08
 Reference value :  6.20775e-08
 Reference value :  6.25625e-08
 Reference value :  6.30425e-08
 Reference value :  6.35775e-08
 Reference value :  6.42275e-08
 Reference value :  6.47625e-08
 Reference value :  6.53475e-08
 Reference value :  6.58675e-08
 Reference value :  6.64875e-08
 Reference value :  6.70675e-08
 Reference value :  6.75675e-08
 Reference value :  6.80875e-08
 Reference value :  6.86725e-08
 Reference value :  6.92375e-08
 Reference value :  6.97175e-08
 Reference value :  7.02425e-08
 Reference value :  7.07725e-08
 Reference value :  7.13275e-08
 Reference value :  7.18275e-08
 Reference value :  7.23825e-08
 Reference value :  7.29125e-08
 Reference value :  7.34075e-08
 Reference value :  7.39475e-08
 Reference value :  7.44925e-08
 Reference value :  7.49925e-08
 Reference value :  7.54925e-08
 Reference value :  7.60775e-08
 Reference value :  7.66175e-08
 Reference value :  7.71575e-08
 Reference value :  7.76925e-08
 Reference value :  7.82725e-08
 Reference value :  7.87975e-08
 Reference value :  7.93125e-08
 Reference value :  7.97875e-08
 Reference value :  8.02975e-08
 Reference value :  8.08325e-08
 Reference value :  8.13575e-08
 Reference value :  8.18425e-08
 Reference value :  8.23825e-08
 Reference value :  8.28875e-08
 Reference value :  8.34325e-08
 Reference value :  8.39425e-08
 Reference value :  8.45075e-08
 Reference value :  8.50325e-08
 Reference value :  8.55225e-08
 Reference value :  8.60275e-08
 Reference value :  8.65625e-08
 Reference value :  8.71325e-08
 Reference value :  8.76475e-08
 Reference value :  8.82125e-08
 Reference value :  8.87525e-08
 Reference value :  8.93125e-08
 Reference value :  8.98125e-08
 Reference value :  9.03275e-08
 Reference value :  9.08375e-08
 Reference value :  9.13825e-08
 Reference value :  9.18925e-08
 Reference value :  9.24125e-08
 Reference value :  9.29125e-08
 Reference value :  9.34325e-08
 Reference value :  9.39625e-08
 Reference value :  9.44975e-08
 Reference value :  9.49875e-08
 Reference value :  9.54975e-08
 Reference value :  9.60275e-08
 Reference value :  9.65775e-08
 Reference value :  9.70725e-08
 Reference value :  9.75775e-08
 Reference value :  9.81225e-08
 Reference value :  9.87175e-08
 Reference value :  9.92175e-08
 Reference value :  9.97025e-08
 Reference value :  1.00243e-07
 Reference value :  1.00848e-07
 Reference value :  1.01373e-07
 Reference value :  1.01863e-07
 Reference value :  1.02403e-07
 Reference value :  1.03033e-07
 Reference value :  1.03613e-07
 Reference value :  1.04138e-07
 Reference value :  1.04718e-07
 Reference value :  1.05283e-07
 Reference value :  1.05813e-07
 Reference value :  1.06313e-07
 Reference value :  1.06898e-07
 Reference value :  1.07423e-07
 Reference value :  1.07958e-07
 Reference value :  1.08443e-07
 Reference value :  1.09018e-07
 Reference value :  1.09528e-07
 Reference value :  1.10073e-07
 Reference value :  1.10633e-07
 Reference value :  1.11138e-07
 Reference value :  1.11628e-07
 Reference value :  1.12158e-07
 Reference value :  1.12673e-07
 Reference value :  1.13193e-07
 Reference value :  1.13683e-07
 Reference value :  1.14223e-07
 Reference value :  1.14813e-07
 Reference value :  1.15338e-07
 Reference value :  1.15873e-07
 Reference value :  1.16408e-07
 Reference value :  1.16998e-07
 Reference value :  1.17543e-07
 Reference value :  1.18073e-07
 Reference value :  1.18568e-07
 Reference value :  1.19128e-07
 Reference value :  1.19648e-07
 Reference value :  1.20148e-07
 Reference value :  1.20693e-07
 Reference value :  1.21248e-07
 Reference value :  1.21753e-07
 Reference value :  1.22248e-07
 Reference value :  1.22728e-07
 Reference value :  1.23188e-07
 Reference value :  1.23703e-07
 Reference value :  1.24218e-07
 Reference value :  1.24758e-07
 Reference value :  1.25243e-07
 Reference value :  1.25793e-07
 Reference value :  1.26308e-07
 Reference value :  1.26868e-07
 Reference value :  1.27378e-07
 Reference value :  1.27928e-07
 Reference value :  1.28413e-07
 Reference value :  1.28938e-07
 Reference value :  1.29418e-07
 Reference value :  1.29968e-07
 Reference value :  1.30503e-07
 Reference value :  1.31048e-07
 Reference value :  1.31573e-07
 Reference value :  1.32138e-07
 Reference value :  1.32768e-07
 Reference value :  1.33303e-07
 Reference value :  1.33798e-07
 Reference value :  1.34363e-07
 Reference value :  1.35038e-07
 Reference value :  1.35568e-07
 Reference value :  1.36053e-07
 Reference value :  1.36588e-07
 Reference value :  1.37183e-07
 Reference value :  1.37733e-07
 Reference value :  1.38223e-07
 Reference value :  1.38768e-07
 Reference value :  1.39358e-07
 Reference value :  1.39883e-07
 Reference value :  1.40358e-07
 Reference value :  1.40858e-07
 Reference value :  1.41458e-07
 Reference value :  1.41973e-07
 Reference value :  1.42498e-07
 Reference value :  1.42998e-07
 Reference value :  1.43618e-07
 Reference value :  1.44123e-07
 Reference value :  1.44603e-07
 Reference value :  1.45088e-07
 Reference value :  1.45633e-07
 Reference value :  1.46178e-07
 Reference value :  1.46683e-07
 Reference value :  1.47158e-07
 Reference value :  1.47728e-07
 Reference value :  1.48253e-07
 Reference value :  1.48778e-07
 Reference value :  1.49348e-07
 Reference value :  1.49903e-07
 Reference value :  1.50423e-07
 Reference value :  1.50953e-07
 Reference value :  1.51483e-07
 Reference value :  1.51993e-07
 Reference value :  1.52493e-07
 Reference value :  1.53088e-07
 Reference value :  1.53623e-07
 Reference value :  1.54218e-07
 Reference value :  1.54768e-07
 Reference value :  1.55343e-07
 Reference value :  1.55868e-07
 Reference value :  1.56413e-07
 Reference value :  1.56883e-07
 Reference value :  1.57383e-07
 Reference value :  1.57923e-07
 Reference value :  1.58443e-07
 Reference value :  1.58938e-07
 Reference value :  1.59538e-07
 Reference value :  1.60093e-07
 Reference value :  1.60628e-07
 Reference value :  1.61138e-07
 Reference value :  1.61603e-07
 Reference value :  1.62093e-07
 Reference value :  1.62633e-07
 Reference value :  1.63188e-07
 Reference value :  1.63658e-07
 Reference value :  1.64178e-07
 Reference value :  1.64703e-07
 Reference value :  1.65258e-07
 Reference value :  1.65753e-07
 Reference value :  1.66293e-07
 Reference value :  1.66838e-07
 Reference value :  1.67378e-07
 Reference value :  1.67873e-07
 Reference value :  1.68443e-07
 Reference value :  1.69043e-07
 Reference value :  1.69608e-07
 Reference value :  1.70108e-07
 Reference value :  1.70673e-07
 Reference value :  1.71228e-07
 Reference value :  1.71758e-07
 Reference value :  1.72263e-07
 Reference value :  1.72798e-07
 Reference value :  1.73383e-07
 Reference value :  1.73963e-07
 Reference value :  1.74458e-07
 Reference value :  1.74978e-07
 Reference value :  1.75538e-07
 Reference value :  1.76138e-07
 Reference value :  1.76628e-07
 Reference value :  1.77133e-07
 Reference value :  1.77708e-07
 Reference value :  1.78273e-07
 Reference value :  1.78768e-07
 Reference value :  1.79253e-07
 Reference value :  1.79758e-07
 Reference value :  1.80323e-07
 Reference value :  1.80883e-07
 Reference value :  1.81368e-07
 Reference value :  1.81903e-07
 Reference value :  1.82488e-07
 Reference value :  1.83043e-07
 Reference value :  1.83538e-07
 Reference value :  1.84088e-07
 Reference value :  1.84648e-07
 Reference value :  1.85203e-07
 Reference value :  1.85693e-07
 Reference value :  1.86248e-07
 Reference value :  1.86788e-07
 Reference value :  1.87348e-07
 Reference value :  1.87963e-07
 Reference value :  1.88553e-07
 Reference value :  1.89093e-07
 Reference value :  1.89718e-07
 Reference value :  1.90263e-07
 Reference value :  1.90798e-07
 Reference value :  1.91288e-07
 Reference value :  1.91868e-07
 Reference value :  1.92363e-07
 Reference value :  1.92928e-07
 Reference value :  1.93423e-07
 Reference value :  1.94008e-07
 Reference value :  1.94538e-07
 Reference value :  1.95068e-07
 Reference value :  1.95568e-07
 Reference value :  1.96063e-07
 Reference value :  1.96598e-07
 Reference value :  1.97088e-07
 Reference value :  1.97563e-07
 Reference value :  1.98073e-07
 Reference value :  1.98553e-07
 Reference value :  1.99078e-07
 Reference value :  1.99578e-07
 Reference value :  2.00063e-07
 Reference value :  2.00543e-07
 Reference value :  2.01088e-07
 Reference value :  2.01633e-07
 Reference value :  2.02148e-07
 Reference value :  2.02633e-07
 Reference value :  2.03188e-07
 Reference value :  2.03883e-07
 Reference value :  2.04393e-07
 Reference value :  2.04958e-07
 Reference value :  2.05493e-07
 Reference value :  2.06048e-07
 Reference value :  2.06538e-07
 Reference value :  2.07148e-07
 Reference value :  2.07718e-07
 Reference value :  2.08273e-07
 Reference value :  2.08803e-07
 Reference value :  2.09368e-07
 Reference value :  2.10043e-07
 Reference value :  2.10558e-07
 Reference value :  2.11048e-07
 Reference value :  2.11573e-07
 Reference value :  2.12178e-07
 Reference value :  2.12728e-07
 Reference value :  2.13203e-07
 Reference value :  2.13703e-07
 Reference value :  2.14328e-07
 Reference value :  2.14888e-07
 Reference value :  2.15413e-07
 Reference value :  2.15908e-07
 Reference value :  2.16473e-07
 Reference value :  2.16993e-07
 Reference value :  2.17498e-07
 Reference value :  2.18018e-07
 Reference value :  2.18493e-07
 Reference value :  2.18998e-07
 Reference value :  2.19503e-07
 Reference value :  2.19963e-07
 Reference value :  2.20458e-07
 Reference value :  2.20978e-07
 Reference value :  2.21473e-07
 Reference value :  2.21948e-07
 Reference value :  2.22413e-07
 Reference value :  2.22943e-07
 Reference value :  2.23413e-07
 Reference value :  2.23933e-07
 Reference value :  2.24468e-07
 Reference value :  2.24978e-07
 Reference value :  2.25508e-07
 Reference value :  2.26028e-07
 Reference value :  2.26508e-07
 Reference value :  2.26993e-07
 Reference value :  2.27513e-07
 Reference value :  2.28093e-07
 Reference value :  2.28643e-07
 Reference value :  2.29228e-07
 Reference value :  2.29748e-07
 Reference value :  2.30383e-07
 Reference value :  2.30898e-07
 Reference value :  2.31438e-07
 Reference value :  2.31938e-07
 Reference value :  2.32483e-07
 Reference value :  2.33033e-07
 Reference value :  2.33568e-07
 Reference value :  2.34073e-07
 Reference value :  2.34623e-07
 Reference value :  2.35148e-07
 Reference value :  2.35683e-07
 Reference value :  2.36193e-07
 Reference value :  2.36733e-07
 Reference value :  2.37318e-07
 Reference value :  2.37818e-07
 Reference value :  2.38333e-07
 Reference value :  2.38813e-07
 Reference value :  2.39338e-07
 Reference value :  2.39828e-07
 Reference value :  2.40363e-07
 Reference value :  2.40853e-07
 Reference value :  2.41383e-07
 Reference value :  2.41933e-07
 Reference value :  2.42523e-07
 Reference value :  2.43028e-07
 Reference value :  2.43588e-07
 Reference value :  2.44158e-07
 Reference value :  2.44718e-07
 Reference value :  2.45203e-07
 Reference value :  2.45788e-07
 Reference value :  2.46353e-07
 Reference value :  2.46898e-07
 Reference value :  2.47393e-07
 Reference value :  2.47893e-07
 Reference value :  2.48463e-07
 Reference value :  2.49008e-07
 Reference value :  2.49508e-07
 Reference value :  2.50003e-07
 Reference value :  2.50548e-07
 Reference value :  2.51133e-07
 Reference value :  2.51633e-07
 Reference value :  2.52133e-07
 Reference value :  2.52643e-07
 Reference value :  2.53248e-07
 Reference value :  2.53753e-07
 Reference value :  2.54243e-07
 Reference value :  2.54788e-07
 Reference value :  2.55358e-07
 Reference value :  2.55853e-07
 Reference value :  2.56368e-07
 Reference value :  2.56898e-07
 Reference value :  2.57508e-07
 Reference value :  2.58013e-07
 Reference value :  2.58488e-07
 Reference value :  2.58983e-07
 Reference value :  2.59533e-07
 Reference value :  2.60058e-07
 Reference value :  2.60543e-07
 Reference value :  2.61018e-07
 Reference value :  2.61568e-07
 Reference value :  2.62073e-07
 Reference value :  2.62593e-07
 Reference value :  2.63098e-07
 Reference value :  2.63603e-07
 Reference value :  2.64203e-07
 Reference value :  2.64808e-07
 Reference value :  2.65318e-07
 Reference value :  2.65828e-07
 Reference value :  2.66428e-07
 Reference value :  2.67083e-07
 Reference value :  2.67633e-07
 Reference value :  2.68168e-07
 Reference value :  2.68728e-07
 Reference value :  2.69298e-07
 Reference value :  2.69798e-07
 Reference value :  2.70333e-07
 Reference value :  2.70863e-07
 Reference value :  2.71448e-07
 Reference value :  2.71968e-07
 Reference value :  2.72443e-07
 Reference value :  2.72958e-07
 Reference value :  2.73498e-07
 Reference value :  2.74018e-07
 Reference value :  2.74533e-07
 Reference value :  2.75043e-07
 Reference value :  2.75598e-07
 Reference value :  2.76168e-07
 Reference value :  2.76688e-07
 Reference value :  2.77223e-07
 Reference value :  2.77723e-07
 Reference value :  2.78313e-07
 Reference value :  2.78883e-07
 Reference value :  2.79383e-07
 Reference value :  2.79898e-07
 Reference value :  2.80443e-07
 Reference value :  2.81033e-07
 Reference value :  2.81548e-07
 Reference value :  2.82158e-07
 Reference value :  2.82723e-07
 Reference value :  2.83293e-07
 Reference value :  2.83798e-07
 Reference value :  2.84363e-07
 Reference value :  2.84953e-07
 Reference value :  2.85502e-07
 Reference value :  2.86007e-07
 Reference value :  2.86512e-07
 Reference value :  2.87007e-07
 Reference value :  2.87582e-07
 Reference value :  2.88087e-07
 Reference value :  2.88572e-07
 Reference value :  2.89082e-07
 Reference value :  2.89632e-07
 Reference value :  2.90132e-07
 Reference value :  2.90662e-07
 Reference value :  2.91157e-07
 Reference value :  2.91747e-07
 Reference value :  2.92217e-07
 Reference value :  2.92712e-07
 Reference value :  2.93242e-07
 Reference value :  2.93797e-07
 Reference value :  2.94292e-07
 Reference value :  2.94847e-07
 Reference value :  2.95387e-07
 Reference value :  2.95967e-07
 Reference value :  2.96472e-07
 Reference value :  2.96952e-07
 Reference value :  2.97442e-07
 Reference value :  2.97947e-07
 Reference value :  2.98462e-07
 Reference value :  2.98972e-07
 Reference value :  2.99462e-07
 Reference value :  2.99972e-07
 Reference value :  3.00547e-07
 Reference value :  3.01087e-07
 Reference value :  3.01552e-07
 Reference value :  3.02022e-07
 Reference value :  3.02592e-07
 Reference value :  3.03127e-07
 Reference value :  3.03612e-07
 Reference value :  3.04102e-07
 Reference value :  3.04627e-07
 Reference value :  3.05212e-07
 Reference value :  3.05817e-07
 Reference value :  3.06362e-07
 Reference value :  3.06877e-07
 Reference value :  3.07442e-07
 Reference value :  3.08012e-07
 Reference value :  3.08547e-07
 Reference value :  3.09082e-07
 Reference value :  3.09637e-07
 Reference value :  3.10217e-07
 Reference value :  3.10747e-07
 Reference value :  3.11292e-07
 Reference value :  3.11812e-07
 Reference value :  3.12382e-07
 Reference value :  3.12892e-07
 Reference value :  3.13422e-07
 Reference value :  3.13967e-07
 Reference value :  3.14547e-07
 Reference value :  3.15047e-07
 Reference value :  3.15592e-07
 Reference value :  3.16077e-07
 Reference value :  3.16642e-07
 Reference value :  3.17157e-07
 Reference value :  3.17732e-07
 Reference value :  3.18232e-07
 Reference value :  3.18847e-07
 Reference value :  3.19372e-07
 Reference value :  3.19912e-07
 Reference value :  3.20407e-07
 Reference value :  3.20997e-07
 Reference value :  3.21597e-07
 Reference value :  3.22177e-07
 Reference value :  3.22652e-07
 Reference value :  3.23167e-07
 Reference value :  3.23732e-07
 Reference value :  3.24272e-07
 Reference value :  3.24772e-07
 Reference value :  3.25297e-07
 Reference value :  3.25857e-07
 Reference value :  3.26417e-07
 Reference value :  3.26892e-07
 Reference value :  3.27397e-07
 Reference value :  3.27952e-07
 Reference value :  3.28492e-07
 Reference value :  3.29042e-07
 Reference value :  3.29557e-07
 Reference value :  3.30112e-07
 Reference value :  3.30637e-07
 Reference value :  3.31147e-07
 Reference value :  3.31672e-07
 Reference value :  3.32282e-07
 Reference value :  3.32812e-07
 Reference value :  3.33327e-07
 Reference value :  3.33832e-07
 Reference value :  3.34397e-07
 Reference value :  3.34912e-07
 Reference value :  3.35392e-07
 Reference value :  3.35862e-07
 Reference value :  3.36372e-07
 Reference value :  3.36907e-07
 Reference value :  3.37402e-07
 Reference value :  3.37897e-07
 Reference value :  3.38432e-07
 Reference value :  3.38967e-07
 Reference value :  3.39492e-07
 Reference value :  3.40002e-07
 Reference value :  3.40517e-07
 Reference value :  3.41167e-07
 Reference value :  3.41742e-07
 Reference value :  3.42357e-07
 Reference value :  3.42912e-07
 Reference value :  3.43467e-07
 Reference value :  3.44097e-07
 Reference value :  3.44617e-07
 Reference value :  3.45132e-07
 Reference value :  3.45642e-07
 Reference value :  3.46277e-07
 Reference value :  3.46837e-07
 Reference value :  3.47367e-07
 Reference value :  3.47907e-07
 Reference value :  3.48532e-07
 Reference value :  3.49067e-07
 Reference value :  3.49562e-07
 Reference value :  3.50097e-07
 Reference value :  3.50657e-07
 Reference value :  3.51182e-07
 Reference value :  3.51697e-07
 Reference value :  3.52222e-07
 Reference value :  3.52757e-07
 Reference value :  3.53287e-07
 Reference value :  3.53762e-07
 Reference value :  3.54307e-07
 Reference value :  3.54867e-07
 Reference value :  3.55447e-07
 Reference value :  3.55992e-07
 Reference value :  3.56497e-07
 Reference value :  3.57057e-07
 Reference value :  3.57592e-07
 Reference value :  3.58132e-07
 Reference value :  3.58682e-07
 Reference value :  3.59232e-07
 Reference value :  3.59782e-07
 Reference value :  3.60392e-07
 Reference value :  3.60947e-07
 Reference value :  3.61557e-07
 Reference value :  3.62067e-07
 Reference value :  3.62672e-07
 Reference value :  3.63167e-07
 Reference value :  3.63682e-07
 Reference value :  3.64187e-07
 Reference value :  3.64787e-07
 Reference value :  3.65357e-07
 Reference value :  3.65852e-07
 Reference value :  3.66347e-07
 Reference value :  3.66942e-07
 Reference value :  3.67462e-07
 Reference value :  3.67967e-07
 Reference value :  3.68502e-07
 Reference value :  3.69022e-07
 Reference value :  3.69527e-07
 Reference value :  3.70062e-07
 Reference value :  3.70587e-07
 Reference value :  3.71157e-07
 Reference value :  3.71662e-07
 Reference value :  3.72227e-07
 Reference value :  3.72742e-07
 Reference value :  3.73282e-07
 Reference value :  3.73752e-07
 Reference value :  3.74227e-07
 Reference value :  3.74747e-07
 Reference value :  3.75292e-07
 Reference value :  3.75832e-07
 Reference value :  3.76472e-07
 Reference value :  3.77052e-07
 Reference value :  3.77722e-07
 Reference value :  3.78247e-07
 Reference value :  3.78747e-07
 Reference value :  3.79247e-07
 Reference value :  3.79837e-07
 Reference value :  3.80367e-07
 Reference value :  3.80922e-07
 Reference value :  3.81437e-07
 Reference value :  3.81952e-07
 Reference value :  3.82512e-07
 Reference value :  3.83067e-07
 Reference value :  3.83582e-07
 Reference value :  3.84077e-07
 Reference value :  3.84657e-07
 Reference value :  3.85212e-07
 Reference value :  3.85717e-07
 Reference value :  3.86257e-07
 Reference value :  3.86807e-07
 Reference value :  3.87377e-07
 Reference value :  3.87892e-07
 Reference value :  3.88392e-07
 Reference value :  3.88947e-07
 Reference value :  3.89502e-07
 Reference value :  3.90027e-07
 Reference value :  3.90547e-07
 Reference value :  3.91052e-07
 Reference value :  3.91547e-07
 Reference value :  3.92082e-07
 Reference value :  3.92662e-07
 Reference value :  3.93177e-07
 Reference value :  3.93712e-07
 Reference value :  3.94247e-07
 Reference value :  3.94777e-07
 Reference value :  3.95297e-07
 Reference value :  3.95857e-07
 Reference value :  3.96412e-07
 Reference value :  3.96982e-07
 Reference value :  3.97477e-07
 Reference value :  3.98057e-07
 Reference value :  3.98557e-07
 Reference value :  3.99142e-07
 Reference value :  3.99662e-07
 Reference value :  4.00147e-07
 Reference value :  4.00622e-07
 Reference value :  4.01192e-07
 Reference value :  4.01777e-07
 Reference value :  4.02302e-07
 Reference value :  4.02802e-07
 Reference value :  4.03392e-07
 Reference value :  4.03927e-07
 Reference value :  4.04457e-07
 Reference value :  4.04972e-07
 Reference value :  4.05532e-07
 Reference value :  4.06067e-07
 Reference value :  4.06572e-07
 Reference value :  4.07127e-07
 Reference value :  4.07682e-07
 Reference value :  4.08192e-07
 Reference value :  4.08677e-07
 Reference value :  4.09227e-07
 Reference value :  4.09772e-07
 Reference value :  4.10272e-07
 Reference value :  4.10797e-07
 Reference value :  4.11322e-07
 Reference value :  4.11857e-07
 Reference value :  4.12342e-07
 Reference value :  4.12822e-07
 Reference value :  4.13322e-07
 Reference value :  4.13847e-07
 Reference value :  4.14357e-07
 Reference value :  4.14912e-07
 Reference value :  4.15492e-07
 Reference value :  4.16072e-07
 Reference value :  4.16622e-07
 Reference value :  4.17167e-07
 Reference value :  4.17637e-07
 Reference value :  4.18167e-07
 Reference value :  4.18692e-07
 Reference value :  4.19242e-07
 Reference value :  4.19797e-07
 Reference value :  4.20342e-07
 Reference value :  4.20877e-07
 Reference value :  4.21417e-07
 Reference value :  4.21907e-07
 Reference value :  4.22392e-07
 Reference value :  4.22892e-07
 Reference value :  4.23377e-07
 Reference value :  4.23867e-07
 Reference value :  4.24422e-07
 Reference value :  4.24967e-07
 Reference value :  4.25532e-07
 Reference value :  4.26087e-07
 Reference value :  4.26627e-07
 Reference value :  4.27152e-07
 Reference value :  4.27677e-07
 Reference value :  4.28177e-07
 Reference value :  4.28662e-07
 Reference value :  4.29237e-07
 Reference value :  4.29747e-07
 Reference value :  4.30257e-07
 Reference value :  4.30792e-07
 Reference value :  4.31352e-07
 Reference value :  4.31847e-07
 Reference value :  4.32327e-07
 Reference value :  4.32867e-07
 Reference value :  4.33402e-07
 Reference value :  4.33922e-07
 Reference value :  4.34532e-07
 Reference value :  4.35047e-07
 Reference value :  4.35622e-07
 Reference value :  4.36117e-07
 Reference value :  4.36702e-07
 Reference value :  4.37207e-07
 Reference value :  4.37777e-07
 Reference value :  4.38287e-07
 Reference value :  4.38807e-07
 Reference value :  4.39312e-07
 Reference value :  4.39907e-07
 Reference value :  4.40412e-07
 Reference value :  4.40977e-07
 Reference value :  4.41502e-07
 Reference value :  4.42082e-07
 Reference value :  4.42627e-07
 Reference value :  4.43152e-07
 Reference value :  4.43627e-07
 Reference value :  4.44217e-07
 Reference value :  4.44752e-07
 Reference value :  4.45267e-07
 Reference value :  4.45787e-07
 Reference value :  4.46367e-07
 Reference value :  4.46857e-07
 Reference value :  4.47342e-07
 Reference value :  4.47867e-07
 Reference value :  4.48382e-07
 Reference value :  4.48857e-07
 Reference value :  4.49412e-07
 Reference value :  4.49967e-07
 Reference value :  4.50482e-07
 Reference value :  4.50972e-07
 Reference value :  4.51482e-07
 Reference value :  4.52027e-07
 Reference value :  4.52612e-07
 Reference value :  4.53107e-07
 Reference value :  4.53662e-07
 Reference value :  4.54227e-07
 Reference value :  4.54827e-07
 Reference value :  4.55327e-07
 Reference value :  4.55847e-07
 Reference value :  4.56322e-07
 Reference value :  4.56832e-07
 Reference value :  4.57342e-07
 Reference value :  4.57872e-07
 Reference value :  4.58432e-07
 Reference value :  4.58982e-07
 Reference value :  4.59532e-07
 Reference value :  4.60082e-07
 Reference value :  4.60552e-07
 Reference value :  4.61042e-07
 Reference value :  4.61542e-07
 Reference value :  4.62027e-07
 Reference value :  4.62522e-07
 Reference value :  4.63062e-07
 Reference value :  4.63577e-07
 Reference value :  4.64082e-07
 Reference value :  4.64602e-07
 Reference value :  4.65087e-07
 Reference value :  4.65607e-07
 Reference value :  4.66177e-07
 Reference value :  4.66682e-07
 Reference value :  4.67157e-07
 Reference value :  4.67717e-07
 Reference value :  4.68277e-07
 Reference value :  4.68767e-07
 Reference value :  4.69282e-07
 Reference value :  4.69822e-07
 Reference value :  4.70337e-07
 Reference value :  4.70907e-07
 Reference value :  4.71427e-07
 Reference value :  4.71957e-07
 Reference value :  4.72482e-07
 Reference value :  4.72942e-07
 Reference value :  4.73492e-07
 Reference value :  4.74082e-07
 Reference value :  4.74637e-07
 Reference value :  4.75137e-07
 Reference value :  4.75657e-07
 Reference value :  4.76207e-07
 Reference value :  4.76787e-07
 Reference value :  4.77337e-07
 Reference value :  4.77837e-07
 Reference value :  4.78422e-07
 Reference value :  4.78957e-07
 Reference value :  4.79492e-07
 Reference value :  4.80032e-07
 Reference value :  4.80597e-07
 Reference value :  4.81117e-07
 Reference value :  4.81652e-07
 Reference value :  4.82202e-07
 Reference value :  4.82762e-07
 Reference value :  4.83277e-07
 Reference value :  4.83792e-07
 Reference value :  4.84297e-07
 Reference value :  4.84817e-07
 Reference value :  4.85287e-07
 Reference value :  4.85777e-07
 Reference value :  4.86287e-07
 Reference value :  4.86767e-07
 Reference value :  4.87322e-07
 Reference value :  4.87852e-07
 Reference value :  4.88362e-07
 Reference value :  4.88897e-07
 Reference value :  4.89372e-07
 Reference value :  4.89862e-07
 Reference value :  4.90372e-07
 Reference value :  4.90912e-07
 Reference value :  4.91452e-07
 Reference value :  4.92002e-07
 Reference value :  4.92557e-07
 Reference value :  4.93067e-07
 Reference value :  4.93622e-07
 Reference value :  4.94127e-07
 Reference value :  4.94602e-07
 Reference value :  4.95082e-07
 Reference value :  4.95597e-07
 Reference value :  4.96107e-07
 Reference value :  4.96612e-07
 Reference value :  4.97172e-07
 Reference value :  4.97682e-07
 Reference value :  4.98197e-07
 Reference value :  4.98782e-07
 Reference value :  4.99257e-07
 Reference value :  4.99757e-07
 Reference value :  5.00292e-07
 Reference value :  5.00872e-07
 Reference value :  5.01387e-07
 Reference value :  5.01877e-07
 Reference value :  5.02452e-07
 Reference value :  5.02952e-07
 Reference value :  5.03457e-07
 Reference value :  5.03937e-07
 Reference value :  5.04517e-07
 Reference value :  5.05067e-07
 Reference value :  5.05577e-07
 Reference value :  5.06102e-07
 Reference value :  5.06627e-07
 Reference value :  5.07147e-07
 Reference value :  5.07712e-07
 Reference value :  5.08217e-07
 Reference value :  5.08782e-07
 Reference value :  5.09332e-07
 Reference value :  5.09867e-07
 Reference value :  5.10422e-07
 Reference value :  5.11012e-07
 Reference value :  5.11597e-07
 Reference value :  5.12177e-07
 Reference value :  5.12787e-07
 Reference value :  5.13317e-07
 Reference value :  5.13907e-07
 Reference value :  5.14432e-07
 Reference value :  5.15022e-07
 Reference value :  5.15517e-07
 Reference value :  5.16067e-07
 Reference value :  5.16607e-07
 Reference value :  5.17162e-07
 Reference value :  5.17662e-07
 Reference value :  5.18172e-07
 Reference value :  5.18722e-07
 Reference value :  5.19322e-07
 Reference value :  5.19842e-07
 Reference value :  5.20372e-07
 Reference value :  5.20967e-07
 Reference value :  5.21537e-07
 Reference value :  5.22047e-07
 Reference value :  5.22562e-07
 Reference value :  5.23067e-07
 Reference value :  5.23632e-07
 Reference value :  5.24162e-07
 Reference value :  5.24702e-07
 Reference value :  5.25222e-07
 Reference value :  5.25777e-07
 Reference value :  5.26317e-07
 Reference value :  5.26837e-07
 Reference value :  5.27377e-07
 Reference value :  5.27907e-07
 Reference value :  5.28417e-07
 Reference value :  5.28972e-07
 Reference value :  5.29462e-07
 Reference value :  5.30022e-07
 Reference value :  5.30567e-07
 Reference value :  5.31112e-07
 Reference value :  5.31617e-07
 Reference value :  5.32102e-07
 Reference value :  5.32637e-07
 Reference value :  5.33152e-07
 Reference value :  5.33652e-07
 Reference value :  5.34167e-07
 Reference value :  5.34722e-07
 Reference value :  5.35277e-07
 Reference value :  5.35812e-07
 Reference value :  5.36347e-07
 Reference value :  5.36927e-07
 Reference value :  5.37447e-07
 Reference value :  5.37927e-07
 Reference value :  5.38417e-07
 Reference value :  5.38962e-07
 Reference value :  5.39537e-07
 Reference value :  5.40012e-07
 Reference value :  5.40557e-07
 Reference value :  5.41407e-07
 Reference value :  5.42042e-07
 Reference value :  5.42502e-07
 Reference value :  5.43037e-07
 Reference value :  5.43642e-07
 Reference value :  5.44137e-07
 Reference value :  5.44717e-07
 Reference value :  5.45267e-07
 Reference value :  5.45902e-07
 Reference value :  5.46457e-07
 Reference value :  5.47007e-07
 Reference value :  5.47687e-07
 Reference value :  5.48157e-07
 Reference value :  5.48657e-07
 Reference value :  5.49322e-07
 Reference value :  5.49822e-07
 Reference value :  5.50337e-07
 Reference value :  5.50897e-07
 Reference value :  5.51462e-07
 Reference value :  5.51962e-07
 Reference value :  5.52552e-07
 Reference value :  5.53072e-07
 Reference value :  5.53792e-07
 Reference value :  5.54317e-07
 Reference value :  5.54837e-07
 Reference value :  5.55337e-07
 Reference value :  5.55982e-07
 Reference value :  5.56472e-07
 Reference value :  5.56967e-07
 Reference value :  5.57472e-07
 Reference value :  5.58207e-07
 Reference value :  5.58727e-07
 Reference value :  5.59372e-07
 Reference value :  5.59912e-07
 Reference value :  5.60537e-07
 Reference value :  5.61072e-07
 Reference value :  5.61532e-07
 Reference value :  5.62062e-07
 Reference value :  5.62737e-07
 Reference value :  5.63197e-07
 Reference value :  5.63712e-07
 Reference value :  5.64312e-07
 Reference value :  5.64817e-07
 Reference value :  5.65342e-07
 Reference value :  5.65882e-07
 Reference value :  5.66517e-07
 Reference value :  5.67177e-07
 Reference value :  5.67687e-07
 Reference value :  5.68317e-07
 Reference value :  5.68832e-07
 Reference value :  5.69432e-07
 Reference value :  5.69967e-07
 Reference value :  5.70542e-07
 Reference value :  5.71062e-07
 Reference value :  5.71722e-07
 Reference value :  5.72227e-07
 Reference value :  5.72802e-07
 Reference value :  5.73347e-07
 Reference value :  5.73872e-07
 Reference value :  5.74462e-07
 Reference value :  5.74957e-07
 Reference value :  5.75492e-07
 Reference value :  5.76132e-07
 Reference value :  5.76602e-07
 Reference value :  5.77117e-07
 Reference value :  5.77737e-07
 Reference value :  5.78322e-07
 Reference value :  5.78792e-07
 Reference value :  5.79317e-07
 Reference value :  5.79847e-07
 Reference value :  5.80407e-07
 Reference value :  5.80892e-07
 Reference value :  5.81402e-07
 Reference value :  5.82032e-07
 Reference value :  5.82602e-07
 Reference value :  5.83207e-07
 Reference value :  5.83727e-07
 Reference value :  5.84362e-07
 Reference value :  5.84912e-07
 Reference value :  5.85547e-07
 Reference value :  5.86127e-07
 Reference value :  5.86837e-07
 Reference value :  5.87362e-07
 Reference value :  5.88042e-07
 Reference value :  5.88562e-07
 Reference value :  5.89287e-07
 Reference value :  5.89872e-07
 Reference value :  5.90497e-07
 Reference value :  5.91052e-07
 Reference value :  5.91562e-07
 Reference value :  5.92122e-07
 Reference value :  5.92792e-07
 Reference value :  5.93302e-07
 Reference value :  5.93947e-07
 Reference value :  5.94462e-07
 Reference value :  5.95127e-07
 Reference value :  5.95617e-07
 Reference value :  5.96152e-07
 Reference value :  5.96697e-07
 Reference value :  5.97202e-07
 Reference value :  5.97782e-07
 Reference value :  5.98297e-07
 Reference value :  5.98847e-07
 Reference value :  5.99402e-07
 Reference value :  5.99917e-07
 Reference value :  6.00597e-07
 Reference value :  6.01273e-07
 Reference value :  6.01798e-07
 Reference value :  6.02388e-07
 Reference value :  6.02868e-07
 Reference value :  6.03378e-07
 Reference value :  6.03913e-07
 Reference value :  6.04528e-07
 Reference value :  6.05088e-07
 Reference value :  6.05603e-07
 Reference value :  6.06208e-07
 Reference value :  6.06728e-07
 Reference value :  6.07363e-07
 Reference value :  6.07903e-07
 Reference value :  6.08443e-07
 Reference value :  6.09043e-07
 Reference value :  6.09683e-07
 Reference value :  6.10183e-07
 Reference value :  6.10698e-07
 Reference value :  6.11248e-07
 Reference value :  6.11813e-07
 Reference value :  6.12328e-07
 Reference value :  6.12823e-07
 Reference value :  6.13343e-07
 Reference value :  6.13963e-07
 Reference value :  6.14473e-07
 Reference value :  6.14958e-07
 Reference value :  6.15448e-07
 Reference value :  6.16108e-07
 Reference value :  6.16638e-07
 Reference value :  6.17163e-07
 Reference value :  6.17733e-07
 Reference value :  6.18658e-07
 Reference value :  6.19348e-07
 Reference value :  6.20113e-07
 Reference value :  6.20768e-07
 Reference value :  6.21368e-07
 Reference value :  6.21838e-07
 Reference value :  6.22358e-07
 Reference value :  6.22898e-07
 Reference value :  6.23443e-07
 Reference value :  6.23968e-07
 Reference value :  6.24543e-07
 Reference value :  6.25058e-07
 Reference value :  6.25568e-07
 Reference value :  6.26118e-07
 Reference value :  6.26723e-07
 Reference value :  6.27233e-07
 Reference value :  6.27718e-07
 Reference value :  6.28293e-07
 Reference value :  6.28833e-07
 Reference value :  6.29348e-07
 Reference value :  6.29833e-07
 Reference value :  6.30338e-07
 Reference value :  6.30868e-07
 Reference value :  6.31363e-07
 Reference value :  6.31868e-07
 Reference value :  6.32428e-07
 Reference value :  6.32988e-07
 Reference value :  6.33533e-07
 Reference value :  6.34058e-07
 Reference value :  6.34603e-07
 Reference value :  6.35108e-07
 Reference value :  6.35573e-07
 Reference value :  6.36103e-07
 Reference value :  6.36598e-07
 Reference value :  6.37188e-07
 Reference value :  6.37803e-07
 Reference value :  6.38418e-07
 Reference value :  6.39138e-07
 Reference value :  6.39753e-07
 Reference value :  6.40428e-07
 Reference value :  6.40988e-07
 Reference value :  6.41508e-07
 Reference value :  6.42043e-07
 Reference value :  6.42613e-07
 Reference value :  6.43143e-07
 Reference value :  6.43653e-07
 Reference value :  6.44143e-07
 Reference value :  6.44743e-07
 Reference value :  6.45283e-07
 Reference value :  6.45838e-07
 Reference value :  6.46428e-07
 Reference value :  6.46993e-07
 Reference value :  6.47543e-07
 Reference value :  6.48103e-07
 Reference value :  6.48653e-07
 Reference value :  6.49163e-07
 Reference value :  6.49713e-07
 Reference value :  6.50293e-07
 Reference value :  6.50813e-07
 Reference value :  6.51313e-07
 Reference value :  6.51833e-07
 Reference value :  6.52328e-07
 Reference value :  6.52933e-07
 Reference value :  6.53533e-07
 Reference value :  6.53983e-07
 Reference value :  6.54498e-07
 Reference value :  6.55018e-07
 Reference value :  6.55483e-07
 Reference value :  6.55933e-07
 Reference value :  6.56448e-07
 Reference value :  6.56988e-07
 Reference value :  6.57528e-07
 Reference value :  6.58023e-07
 Reference value :  6.58603e-07
 Reference value :  6.59183e-07
 Reference value :  6.59678e-07
 Reference value :  6.60183e-07
 Reference value :  6.60703e-07
 Reference value :  6.61203e-07
 Reference value :  6.61733e-07
 Reference value :  6.62303e-07
 Reference value :  6.62723e-07
 Reference value :  6.63223e-07
 Reference value :  6.63738e-07
 Reference value :  6.64238e-07
 Reference value :  6.64768e-07
 Reference value :  6.65323e-07
 Reference value :  6.65868e-07
 Reference value :  6.66373e-07
 Reference value :  6.66873e-07
 Reference value :  6.67383e-07
 Reference value :  6.67848e-07
 Reference value :  6.68368e-07
 Reference value :  6.68928e-07
 Reference value :  6.69443e-07
 Reference value :  6.69988e-07
 Reference value :  6.70568e-07
 Reference value :  6.71193e-07
 Reference value :  6.71773e-07
 Reference value :  6.72313e-07
 Reference value :  6.72788e-07
 Reference value :  6.73268e-07
 Reference value :  6.73758e-07
 Reference value :  6.74293e-07
 Reference value :  6.74903e-07
 Reference value :  6.75508e-07
 Reference value :  6.76163e-07
 Reference value :  6.76758e-07
 Reference value :  6.77358e-07
 Reference value :  6.77988e-07
 Reference value :  6.78593e-07
 Reference value :  6.79273e-07
 Reference value :  6.79888e-07
 Reference value :  6.80428e-07
 Reference value :  6.80978e-07
 Reference value :  6.81483e-07
 Reference value :  6.82013e-07
 Reference value :  6.82508e-07
 Reference value :  6.83058e-07
 Reference value :  6.83608e-07
 Reference value :  6.84128e-07
 Reference value :  6.84673e-07
 Reference value :  6.85218e-07
 Reference value :  6.85723e-07
 Reference value :  6.86253e-07
 Reference value :  6.86798e-07
 Reference value :  6.87358e-07
 Reference value :  6.87873e-07
 Reference value :  6.88373e-07
 Reference value :  6.88928e-07
 Reference value :  6.89458e-07
 Reference value :  6.89953e-07
 Reference value :  6.90433e-07
 Reference value :  6.90968e-07
 Reference value :  6.91538e-07
 Reference value :  6.92018e-07
 Reference value :  6.92523e-07
 Reference value :  6.93063e-07
 Reference value :  6.93603e-07
 Reference value :  6.94098e-07
 Reference value :  6.94578e-07
 Reference value :  6.95093e-07
 Reference value :  6.95663e-07
 Reference value :  6.96153e-07
 Reference value :  6.96663e-07
 Reference value :  6.97248e-07
 Reference value :  6.97808e-07
 Reference value :  6.98408e-07
 Reference value :  6.98943e-07
 Reference value :  6.99523e-07
 Reference value :  7.00048e-07
 Reference value :  7.00648e-07
 Reference value :  7.01158e-07
 Reference value :  7.01623e-07
 Reference value :  7.02128e-07
 Reference value :  7.02688e-07
 Reference value :  7.03283e-07
 Reference value :  7.03803e-07
 Reference value :  7.04313e-07
 Reference value :  7.04863e-07
 Reference value :  7.05473e-07
 Reference value :  7.05983e-07
 Reference value :  7.06468e-07
 Reference value :  7.06993e-07
 Reference value :  7.07553e-07
 Reference value :  7.08073e-07
 Reference value :  7.08573e-07
 Reference value :  7.09108e-07
 Reference value :  7.09693e-07
 Reference value :  7.10188e-07
 Reference value :  7.10678e-07
 Reference value :  7.11183e-07
 Reference value :  7.11648e-07
 Reference value :  7.12128e-07
 Reference value :  7.12673e-07
 Reference value :  7.13178e-07
 Reference value :  7.13688e-07
 Reference value :  7.14213e-07
 Reference value :  7.14738e-07
 Reference value :  7.15218e-07
 Reference value :  7.15718e-07
 Reference value :  7.16233e-07
 Reference value :  7.16773e-07
 Reference value :  7.17308e-07
 Reference value :  7.17858e-07
 Reference value :  7.18403e-07
 Reference value :  7.18943e-07
 Reference value :  7.19448e-07
 Reference value :  7.19898e-07
 Reference value :  7.20393e-07
 Reference value :  7.20893e-07
 Reference value :  7.21423e-07
 Reference value :  7.21938e-07
 Reference value :  7.22423e-07
 Reference value :  7.22948e-07
 Reference value :  7.23523e-07
 Reference value :  7.24038e-07
 Reference value :  7.24543e-07
 Reference value :  7.25038e-07
 Reference value :  7.25618e-07
 Reference value :  7.26138e-07
 Reference value :  7.26638e-07
 Reference value :  7.27138e-07
 Reference value :  7.27678e-07
 Reference value :  7.28168e-07
 Reference value :  7.28653e-07
 Reference value :  7.29148e-07
 Reference value :  7.29653e-07
 Reference value :  7.30178e-07
 Reference value :  7.30658e-07
 Reference value :  7.31193e-07
 Reference value :  7.31748e-07
 Reference value :  7.32293e-07
 Reference value :  7.32788e-07
 Reference value :  7.33263e-07
 Reference value :  7.33778e-07
 Reference value :  7.34313e-07
 Reference value :  7.34813e-07
 Reference value :  7.35318e-07
 Reference value :  7.35858e-07
 Reference value :  7.36413e-07
 Reference value :  7.36893e-07
 Reference value :  7.37408e-07
 Reference value :  7.37873e-07
 Reference value :  7.38368e-07
 Reference value :  7.38913e-07
 Reference value :  7.39473e-07
 Reference value :  7.39988e-07
 Reference value :  7.40488e-07
 Reference value :  7.41008e-07
 Reference value :  7.41513e-07
 Reference value :  7.42068e-07
 Reference value :  7.42643e-07
 Reference value :  7.43168e-07
 Reference value :  7.43688e-07
 Reference value :  7.44263e-07
 Reference value :  7.44753e-07
 Reference value :  7.45228e-07
 Reference value :  7.45748e-07
 Reference value :  7.46303e-07
 Reference value :  7.46808e-07
 Reference value :  7.47308e-07
 Reference value :  7.47818e-07
 Reference value :  7.48318e-07
 Reference value :  7.48813e-07
 Reference value :  7.49333e-07
 Reference value :  7.49858e-07
 Reference value :  7.50328e-07
 Reference value :  7.50863e-07
 Reference value :  7.51398e-07
 Reference value :  7.51888e-07
 Reference value :  7.52413e-07
 Reference value :  7.52983e-07
 Reference value :  7.53493e-07
 Reference value :  7.53988e-07
 Reference value :  7.54528e-07
 Reference value :  7.55038e-07
 Reference value :  7.55523e-07
 Reference value :  7.56063e-07
 Reference value :  7.56598e-07
 Reference value :  7.57123e-07
 Reference value :  7.57608e-07
 Reference value :  7.58108e-07
 Reference value :  7.58573e-07
 Reference value :  7.59083e-07
 Reference value :  7.59583e-07
 Reference value :  7.60133e-07
 Reference value :  7.60638e-07
 Reference value :  7.61133e-07
 Reference value :  7.61623e-07
 Reference value :  7.62203e-07
 Reference value :  7.62743e-07
 Reference value :  7.63228e-07
 Reference value :  7.63723e-07
 Reference value :  7.64273e-07
 Reference value :  7.64758e-07
 Reference value :  7.65233e-07
 Reference value :  7.65723e-07
 Reference value :  7.66238e-07
 Reference value :  7.66728e-07
 Reference value :  7.67188e-07
 Reference value :  7.67663e-07
 Reference value :  7.68178e-07
 Reference value :  7.68738e-07
 Reference value :  7.69223e-07
 Reference value :  7.69743e-07
 Reference value :  7.70238e-07
 Reference value :  7.70798e-07
 Reference value :  7.71383e-07
 Reference value :  7.71853e-07
 Reference value :  7.72358e-07
 Reference value :  7.72878e-07
 Reference value :  7.73358e-07
 Reference value :  7.73853e-07
 Reference value :  7.74353e-07
 Reference value :  7.74933e-07
 Reference value :  7.75518e-07
 Reference value :  7.76033e-07
 Reference value :  7.76503e-07
 Reference value :  7.76998e-07
 Reference value :  7.77518e-07
 Reference value :  7.78058e-07
 Reference value :  7.78568e-07
 Reference value :  7.79038e-07
 Reference value :  7.79503e-07
 Reference value :  7.80013e-07
 Reference value :  7.80478e-07
 Reference value :  7.81023e-07
 Reference value :  7.81533e-07
 Reference value :  7.82038e-07
 Reference value :  7.82683e-07
 Reference value :  7.83178e-07
 Reference value :  7.83653e-07
 Reference value :  7.84138e-07
 Reference value :  7.84668e-07
 Reference value :  7.85183e-07
 Reference value :  7.85718e-07
 Reference value :  7.86198e-07
 Reference value :  7.86808e-07
 Reference value :  7.87353e-07
 Reference value :  7.87828e-07
 Reference value :  7.88338e-07
 Reference value :  7.88798e-07
 Reference value :  7.89278e-07
 Reference value :  7.89833e-07
 Reference value :  7.90298e-07
 Reference value :  7.90818e-07
 Reference value :  7.91328e-07
 Reference value :  7.91868e-07
 Reference value :  7.92353e-07
 Reference value :  7.92828e-07
 Reference value :  7.93318e-07
 Reference value :  7.93853e-07
 Reference value :  7.94333e-07
 Reference value :  7.94813e-07
 Reference value :  7.95303e-07
 Reference value :  7.95818e-07
 Reference value :  7.96333e-07
 Reference value :  7.96833e-07
 Reference value :  7.97318e-07
 Reference value :  7.97833e-07
 Reference value :  7.98323e-07
 Reference value :  7.98838e-07
 Reference value :  7.99338e-07
 Reference value :  7.99808e-07
No. of Data Rows : 160024
pt1a                =  1.32602e-08
pt1b                =  6.89119e-08
pt2a                =  1.29365e-08
pt2b                =  6.62316e-08
pt3a                =  1.27151e-08
pt3b                =  6.39494e-08
pt4a                =  1.25302e-08
pt4b                =  6.22477e-08
pvxo_max            =  1.87067e+00 at=  5.03057e-07
pvxo_min            =  -5.69910e-02 at=  4.17427e-07
ptxo_a              =  1.65636e-08
ptxo_b              =  1.01792e-07
ptt1a               =  1.64076e-08
ptt1b               =  1.73127e-07
pvxo_avg            =  9.58180e-01 from=  1.00000e-07 to=  8.00000e-07
pvt1_avg            =  7.84906e-01 from=  1.00000e-07 to=  8.00000e-07
pi1                 =  -1.18897e-05 from=  1.00000e-07 to=  8.00000e-07
pi2                 =  -1.23457e-05 from=  1.00000e-07 to=  8.00000e-07
pi3                 =  -1.27841e-05 from=  1.00000e-07 to=  8.00000e-07
pi4                 =  -1.31929e-05 from=  1.00000e-07 to=  8.00000e-07
pib                 =  -9.03672e-05 from=  1.00000e-07 to=  8.00000e-07
t1a                 =  8.83902e-09
t1b                 =  3.29686e-08
t2a                 =  8.64945e-09
t2b                 =  3.13777e-08
t3a                 =  8.46552e-09
t3b                 =  2.99532e-08
t4a                 =  8.30379e-09
t4b                 =  2.86054e-08
vxo_max             =  1.95878e+00 at=  3.89902e-07
vxo_min             =  -1.72356e-01 at=  1.30943e-07
txo_a               =  3.95695e-10
txo_b               =  4.62634e-08
tt1a                =  7.83646e-09
tt1b                =  7.78982e-08
vxo_avg             =  8.52139e-01 from=  1.00000e-07 to=  8.00000e-07
vt1_avg             =  8.30173e-01 from=  1.00000e-07 to=  8.00000e-07
i1                  =  -1.39173e-05 from=  1.00000e-07 to=  8.00000e-07
i2                  =  -1.45354e-05 from=  1.00000e-07 to=  8.00000e-07
i3                  =  -1.51493e-05 from=  1.00000e-07 to=  8.00000e-07
i4                  =  -1.57688e-05 from=  1.00000e-07 to=  8.00000e-07
ib                  =  -9.03449e-05 from=  1.00000e-07 to=  8.00000e-07
p_tr1 = 5.565173e-09
p_tr2 = 5.329512e-09
p_tr3 = 5.123430e-09
p_tr4 = 4.971749e-09
p_skew_span = 1.119359e+00
p_f_ideal = 7.636416e+08
p_f_xo = 5.631900e+08
p_edge_retention = 7.375056e-01
p_retention_n2 = 8.338150e-01
p_retention_n4 = 7.375056e-01
p_bias_t1 = 4.360591e-01
p_bias_xo = 5.323225e-01
p_swing_frac_xo = 1.070926e+00
p_i_rings = 5.021227e-05
p_i_block = 9.036722e-05
p_i_array_total = 1.405795e-04
p_p_array_total = 2.530431e-04
tr1 = 2.412958e-09
tr2 = 2.272827e-09
tr3 = 2.148766e-09
tr4 = 2.030157e-09
skew_span = 1.188557e+00
f_ideal = 1.812366e+09
f_xo = 1.046488e+09
edge_retention = 5.774154e-01
retention_n2 = 8.018516e-01
retention_n4 = 5.774154e-01
bias_t1 = 4.612071e-01
bias_xo = 4.734103e-01
swing_frac_xo = 1.183967e+00
i_rings = 5.937080e-05
i_block = 9.034494e-05
i_array_total = 1.497157e-04
p_array_total_pre = 2.694883e-04
slowdown_r1 = 2.306370e+00
slowdown_r2 = 2.344882e+00
slowdown_r3 = 2.384359e+00
slowdown_r4 = 2.448948e+00
Note: Simulation executed from .control section 

----- stderr -----

Checking parameters for BSIM 4.5 model xctl.xa3.xmn4:nshort_model.40
Warning: Eta0 = -0.00908636 is negative.

Checking parameters for BSIM 4.5 model xctl.xa3.xmn3:nshort_model.40
Warning: Eta0 = -0.00908636 is negative.

Checking parameters for BSIM 4.5 model xctl.xa3.xmn2:nshort_model.40
Warning: Eta0 = -0.00908636 is negative.

Checking parameters for BSIM 4.5 model xctl.xa3.xmn1:nshort_model.40
Warning: Eta0 = -0.00908636 is negative.

Checking parameters for BSIM 4.5 model xctl.xa3.xmp4:pshort_model.32
Warning: A2 = 1.14662 is larger than 1. A2 is set to 1 and A1 is set to 0.
Warning: Pdibl1 = -0.0493749 is negative.
Warning: Pdibl2 = -0.000925472 is negative.

Checking parameters for BSIM 4.5 model xctl.xa3.xmp3:pshort_model.32
Warning: A2 = 1.14662 is larger than 1. A2 is set to 1 and A1 is set to 0.
Warning: Pdibl1 = -0.0493749 is negative.
Warning: Pdibl2 = -0.000925472 is negative.

Checking parameters for BSIM 4.5 model xctl.xa3.xmp2:pshort_model.32
Warning: A2 = 1.14662 is larger than 1. A2 is set to 1 and A1 is set to 0.
Warning: Pdibl1 = -0.0493749 is negative.
Warning: Pdibl2 = -0.000925472 is negative.

Checking parameters for BSIM 4.5 model xctl.xa3.xmp1:pshort_model.32
Warning: A2 = 1.14662 is larger than 1. A2 is set to 1 and A1 is set to 0.
Warning: Pdibl1 = -0.0493749 is negative.
Warning: Pdibl2 = -0.000925472 is negative.

Checking parameters for BSIM 4.5 model xctl.xa3.xmnib:nshort_model.48
Warning: Eta0 = -0.0261666 is negative.

Checking parameters for BSIM 4.5 model xctl.xa3.xmpib:pshort_model.40
Warning: A2 = 1.0885 is larger than 1. A2 is set to 1 and A1 is set to 0.
Warning: Pdibl1 = -0.00669442 is negative.

Checking parameters for BSIM 4.5 model xctl.xa3.xmnia:nshort_model.48
Warning: Eta0 = -0.0261666 is negative.

Checking parameters for BSIM 4.5 model xctl.xa3.xmpia:pshort_model.40
Warning: A2 = 1.0885 is larger than 1. A2 is set to 1 and A1 is set to 0.
Warning: Pdibl1 = -0.00669442 is negative.

Checking parameters for BSIM 4.5 model xctl.xa2.xmn4:nshort_model.40
Warning: Eta0 = -0.00908636 is negative.

Checking parameters for BSIM 4.5 model xctl.xa2.xmn3:nshort_model.40
Warning: Eta0 = -0.00908636 is negative.

Checking parameters for BSIM 4.5 model xctl.xa2.xmn2:nshort_model.40
Warning: Eta0 = -0.00908636 is negative.

Checking parameters for BSIM 4.5 model xctl.xa2.xmn1:nshort_model.40
Warning: Eta0 = -0.00908636 is negative.

Checking parameters for BSIM 4.5 model xctl.xa2.xmp4:pshort_model.32
Warning: A2 = 1.14662 is larger than 1. A2 is set to 1 and A1 is set to 0.
Warning: Pdibl1 = -0.0493749 is negative.
Warning: Pdibl2 = -0.000925472 is negative.

Checking parameters for BSIM 4.5 model xctl.xa2.xmp3:pshort_model.32
Warning: A2 = 1.14662 is larger than 1. A2 is set to 1 and A1 is set to 0.
Warning: Pdibl1 = -0.0493749 is negative.
Warning: Pdibl2 = -0.000925472 is negative.

Checking parameters for BSIM 4.5 model xctl.xa2.xmp2:pshort_model.32
Warning: A2 = 1.14662 is larger than 1. A2 is set to 1 and A1 is set to 0.
Warning: Pdibl1 = -0.0493749 is negative.
Warning: Pdibl2 = -0.000925472 is negative.

Checking parameters for BSIM 4.5 model xctl.xa2.xmp1:pshort_model.32
Warning: A2 = 1.14662 is larger than 1. A2 is set to 1 and A1 is set to 0.
Warning: Pdibl1 = -0.0493749 is negative.
Warning: Pdibl2 = -0.000925472 is negative.

Checking parameters for BSIM 4.5 model xctl.xa2.xmnib:nshort_model.48
Warning: Eta0 = -0.0261666 is negative.

Checking parameters for BSIM 4.5 model xctl.xa2.xmpib:pshort_model.40
Warning: A2 = 1.0885 is larger than 1. A2 is set to 1 and A1 is set to 0.
Warning: Pdibl1 = -0.00669442 is negative.

Checking parameters for BSIM 4.5 model xctl.xa2.xmnia:nshort_model.48
Warning: Eta0 = -0.0261666 is negative.

Checking parameters for BSIM 4.5 model xctl.xa2.xmpia:pshort_model.40
Warning: A2 = 1.0885 is larger than 1. A2 is set to 1 and A1 is set to 0.
Warning: Pdibl1 = -0.00669442 is negative.

Checking parameters for BSIM 4.5 model xctl.xa1.xmn4:nshort_model.40
Warning: Eta0 = -0.00908636 is negative.

Checking parameters for BSIM 4.5 model xctl.xa1.xmn3:nshort_model.40
Warning: Eta0 = -0.00908636 is negative.

Checking parameters for BSIM 4.5 model xctl.xa1.xmn2:nshort_model.40
Warning: Eta0 = -0.00908636 is negative.

Checking parameters for BSIM 4.5 model xctl.xa1.xmn1:nshort_model.40
Warning: Eta0 = -0.00908636 is negative.

Checking parameters for BSIM 4.5 model xctl.xa1.xmp4:pshort_model.32
Warning: A2 = 1.14662 is larger than 1. A2 is set to 1 and A1 is set to 0.
Warning: Pdibl1 = -0.0493749 is negative.
Warning: Pdibl2 = -0.000925472 is negative.

Checking parameters for BSIM 4.5 model xctl.xa1.xmp3:pshort_model.32
Warning: A2 = 1.14662 is larger than 1. A2 is set to 1 and A1 is set to 0.
Warning: Pdibl1 = -0.0493749 is negative.
Warning: Pdibl2 = -0.000925472 is negative.

Checking parameters for BSIM 4.5 model xctl.xa1.xmp2:pshort_model.32
Warning: A2 = 1.14662 is larger than 1. A2 is set to 1 and A1 is set to 0.
Warning: Pdibl1 = -0.0493749 is negative.
Warning: Pdibl2 = -0.000925472 is negative.

Checking parameters for BSIM 4.5 model xctl.xa1.xmp1:pshort_model.32
Warning: A2 = 1.14662 is larger than 1. A2 is set to 1 and A1 is set to 0.
Warning: Pdibl1 = -0.0493749 is negative.
Warning: Pdibl2 = -0.000925472 is negative.

Checking parameters for BSIM 4.5 model xctl.xa1.xmnib:nshort_model.48
Warning: Eta0 = -0.0261666 is negative.

Checking parameters for BSIM 4.5 model xctl.xa1.xmpib:pshort_model.40
Warning: A2 = 1.0885 is larger than 1. A2 is set to 1 and A1 is set to 0.
Warning: Pdibl1 = -0.00669442 is negative.

Checking parameters for BSIM 4.5 model xctl.xa1.xmnia:nshort_model.48
Warning: Eta0 = -0.0261666 is negative.

Checking parameters for BSIM 4.5 model xctl.xa1.xmpia:pshort_model.40
Warning: A2 = 1.0885 is larger than 1. A2 is set to 1 and A1 is set to 0.
Warning: Pdibl1 = -0.00669442 is negative.

Checking parameters for BSIM 4.5 model xctl.xb4.xmn:nshort_model.48
Warning: Eta0 = -0.0261666 is negative.

Checking parameters for BSIM 4.5 model xctl.xb4.xmp:pshort_model.40
Warning: A2 = 1.0885 is larger than 1. A2 is set to 1 and A1 is set to 0.
Warning: Pdibl1 = -0.00669442 is negative.

Checking parameters for BSIM 4.5 model xctl.xb3.xmn:nshort_model.48
Warning: Eta0 = -0.0261666 is negative.

Checking parameters for BSIM 4.5 model xctl.xb3.xmp:pshort_model.40
Warning: A2 = 1.0885 is larger than 1. A2 is set to 1 and A1 is set to 0.
Warning: Pdibl1 = -0.00669442 is negative.

Checking parameters for BSIM 4.5 model xctl.xb2.xmn:nshort_model.48
Warning: Eta0 = -0.0261666 is negative.

Checking parameters for BSIM 4.5 model xctl.xb2.xmp:pshort_model.40
Warning: A2 = 1.0885 is larger than 1. A2 is set to 1 and A1 is set to 0.
Warning: Pdibl1 = -0.00669442 is negative.

Checking parameters for BSIM 4.5 model xctl.xb1.xmn:nshort_model.48
Warning: Eta0 = -0.0261666 is negative.

Checking parameters for BSIM 4.5 model xctl.xb1.xmp:pshort_model.40
Warning: A2 = 1.0885 is larger than 1. A2 is set to 1 and A1 is set to 0.
Warning: Pdibl1 = -0.00669442 is negative.

Checking parameters for BSIM 4.5 model xctl.xr4.x4.xmn:nshort_model.48
Warning: Eta0 = -0.0261666 is negative.

Checking parameters for BSIM 4.5 model xctl.xr4.x4.xmp:pshort_model.40
Warning: A2 = 1.0885 is larger than 1. A2 is set to 1 and A1 is set to 0.
Warning: Pdibl1 = -0.00669442 is negative.

Checking parameters for BSIM 4.5 model xctl.xr4.x3.xmn:nshort_model.48
Warning: Eta0 = -0.0261666 is negative.

Checking parameters for BSIM 4.5 model xctl.xr4.x3.xmp:pshort_model.40
Warning: A2 = 1.0885 is larger than 1. A2 is set to 1 and A1 is set to 0.
Warning: Pdibl1 = -0.00669442 is negative.

Checking parameters for BSIM 4.5 model xctl.xr4.x2.xmn:nshort_model.48
Warning: Eta0 = -0.0261666 is negative.

Checking parameters for BSIM 4.5 model xctl.xr4.x2.xmp:pshort_model.40
Warning: A2 = 1.0885 is larger than 1. A2 is set to 1 and A1 is set to 0.
Warning: Pdibl1 = -0.00669442 is negative.

Checking parameters for BSIM 4.5 model xctl.xr4.x1.xmn:nshort_model.48
Warning: Eta0 = -0.0261666 is negative.

Checking parameters for BSIM 4.5 model xctl.xr4.x1.xmp:pshort_model.40
Warning: A2 = 1.0885 is larger than 1. A2 is set to 1 and A1 is set to 0.
Warning: Pdibl1 = -0.00669442 is negative.

Checking parameters for BSIM 4.5 model xctl.xr4.xg.xmnb:nshort_model.40
Warning: Eta0 = -0.00908636 is negative.

Checking parameters for BSIM 4.5 model xctl.xr4.xg.xmna:nshort_model.40
Warning: Eta0 = -0.00908636 is negative.

Checking parameters for BSIM 4.5 model xctl.xr4.xg.xmpb:pshort_model.40
Warning: A2 = 1.0885 is larger than 1. A2 is set to 1 and A1 is set to 0.
Warning: Pdibl1 = -0.00669442 is negative.

Checking parameters for BSIM 4.5 model xctl.xr4.xg.xmpa:pshort_model.40
Warning: A2 = 1.0885 is larger than 1. A2 is set to 1 and A1 is set to 0.
Warning: Pdibl1 = -0.00669442 is negative.

Checking parameters for BSIM 4.5 model xctl.xr3.x4.xmn:nshort_model.48
Warning: Eta0 = -0.0261666 is negative.

Checking parameters for BSIM 4.5 model xctl.xr3.x4.xmp:pshort_model.40
Warning: A2 = 1.0885 is larger than 1. A2 is set to 1 and A1 is set to 0.
Warning: Pdibl1 = -0.00669442 is negative.

Checking parameters for BSIM 4.5 model xctl.xr3.x3.xmn:nshort_model.48
Warning: Eta0 = -0.0261666 is negative.

Checking parameters for BSIM 4.5 model xctl.xr3.x3.xmp:pshort_model.40
Warning: A2 = 1.0885 is larger than 1. A2 is set to 1 and A1 is set to 0.
Warning: Pdibl1 = -0.00669442 is negative.

Checking parameters for BSIM 4.5 model xctl.xr3.x2.xmn:nshort_model.48
Warning: Eta0 = -0.0261666 is negative.

Checking parameters for BSIM 4.5 model xctl.xr3.x2.xmp:pshort_model.40
Warning: A2 = 1.0885 is larger than 1. A2 is set to 1 and A1 is set to 0.
Warning: Pdibl1 = -0.00669442 is negative.

Checking parameters for BSIM 4.5 model xctl.xr3.x1.xmn:nshort_model.48
Warning: Eta0 = -0.0261666 is negative.

Checking parameters for BSIM 4.5 model xctl.xr3.x1.xmp:pshort_model.40
Warning: A2 = 1.0885 is larger than 1. A2 is set to 1 and A1 is set to 0.
Warning: Pdibl1 = -0.00669442 is negative.

Checking parameters for BSIM 4.5 model xctl.xr3.xg.xmnb:nshort_model.40
Warning: Eta0 = -0.00908636 is negative.

Checking parameters for BSIM 4.5 model xctl.xr3.xg.xmna:nshort_model.40
Warning: Eta0 = -0.00908636 is negative.

Checking parameters for BSIM 4.5 model xctl.xr3.xg.xmpb:pshort_model.40
Warning: A2 = 1.0885 is larger than 1. A2 is set to 1 and A1 is set to 0.
Warning: Pdibl1 = -0.00669442 is negative.

Checking parameters for BSIM 4.5 model xctl.xr3.xg.xmpa:pshort_model.40
Warning: A2 = 1.0885 is larger than 1. A2 is set to 1 and A1 is set to 0.
Warning: Pdibl1 = -0.00669442 is negative.

Checking parameters for BSIM 4.5 model xctl.xr2.x4.xmn:nshort_model.48
Warning: Eta0 = -0.0261666 is negative.

Checking parameters for BSIM 4.5 model xctl.xr2.x4.xmp:pshort_model.40
Warning: A2 = 1.0885 is larger than 1. A2 is set to 1 and A1 is set to 0.
Warning: Pdibl1 = -0.00669442 is negative.

Checking parameters for BSIM 4.5 model xctl.xr2.x3.xmn:nshort_model.48
Warning: Eta0 = -0.0261666 is negative.

Checking parameters for BSIM 4.5 model xctl.xr2.x3.xmp:pshort_model.40
Warning: A2 = 1.0885 is larger than 1. A2 is set to 1 and A1 is set to 0.
Warning: Pdibl1 = -0.00669442 is negative.

Checking parameters for BSIM 4.5 model xctl.xr2.x2.xmn:nshort_model.48
Warning: Eta0 = -0.0261666 is negative.

Checking parameters for BSIM 4.5 model xctl.xr2.x2.xmp:pshort_model.40
Warning: A2 = 1.0885 is larger than 1. A2 is set to 1 and A1 is set to 0.
Warning: Pdibl1 = -0.00669442 is negative.

Checking parameters for BSIM 4.5 model xctl.xr2.x1.xmn:nshort_model.48
Warning: Eta0 = -0.0261666 is negative.

Checking parameters for BSIM 4.5 model xctl.xr2.x1.xmp:pshort_model.40
Warning: A2 = 1.0885 is larger than 1. A2 is set to 1 and A1 is set to 0.
Warning: Pdibl1 = -0.00669442 is negative.

Checking parameters for BSIM 4.5 model xctl.xr2.xg.xmnb:nshort_model.40
Warning: Eta0 = -0.00908636 is negative.

Checking parameters for BSIM 4.5 model xctl.xr2.xg.xmna:nshort_model.40
Warning: Eta0 = -0.00908636 is negative.

Checking parameters for BSIM 4.5 model xctl.xr2.xg.xmpb:pshort_model.40
Warning: A2 = 1.0885 is larger than 1. A2 is set to 1 and A1 is set to 0.
Warning: Pdibl1 = -0.00669442 is negative.

Checking parameters for BSIM 4.5 model xctl.xr2.xg.xmpa:pshort_model.40
Warning: A2 = 1.0885 is larger than 1. A2 is set to 1 and A1 is set to 0.
Warning: Pdibl1 = -0.00669442 is negative.

Checking parameters for BSIM 4.5 model xctl.xr1.x4.xmn:nshort_model.48
Warning: Eta0 = -0.0261666 is negative.

Checking parameters for BSIM 4.5 model xctl.xr1.x4.xmp:pshort_model.40
Warning: A2 = 1.0885 is larger than 1. A2 is set to 1 and A1 is set to 0.
Warning: Pdibl1 = -0.00669442 is negative.

Checking parameters for BSIM 4.5 model xctl.xr1.x3.xmn:nshort_model.48
Warning: Eta0 = -0.0261666 is negative.

Checking parameters for BSIM 4.5 model xctl.xr1.x3.xmp:pshort_model.40
Warning: A2 = 1.0885 is larger than 1. A2 is set to 1 and A1 is set to 0.
Warning: Pdibl1 = -0.00669442 is negative.

Checking parameters for BSIM 4.5 model xctl.xr1.x2.xmn:nshort_model.48
Warning: Eta0 = -0.0261666 is negative.

Checking parameters for BSIM 4.5 model xctl.xr1.x2.xmp:pshort_model.40
Warning: A2 = 1.0885 is larger than 1. A2 is set to 1 and A1 is set to 0.
Warning: Pdibl1 = -0.00669442 is negative.

Checking parameters for BSIM 4.5 model xctl.xr1.x1.xmn:nshort_model.48
Warning: Eta0 = -0.0261666 is negative.

Checking parameters for BSIM 4.5 model xctl.xr1.x1.xmp:pshort_model.40
Warning: A2 = 1.0885 is larger than 1. A2 is set to 1 and A1 is set to 0.
Warning: Pdibl1 = -0.00669442 is negative.

Checking parameters for BSIM 4.5 model xctl.xr1.xg.xmnb:nshort_model.40
Warning: Eta0 = -0.00908636 is negative.

Checking parameters for BSIM 4.5 model xctl.xr1.xg.xmna:nshort_model.40
Warning: Eta0 = -0.00908636 is negative.

Checking parameters for BSIM 4.5 model xctl.xr1.xg.xmpb:pshort_model.40
Warning: A2 = 1.0885 is larger than 1. A2 is set to 1 and A1 is set to 0.
Warning: Pdibl1 = -0.00669442 is negative.

Checking parameters for BSIM 4.5 model xctl.xr1.xg.xmpa:pshort_model.40
Warning: A2 = 1.0885 is larger than 1. A2 is set to 1 and A1 is set to 0.
Warning: Pdibl1 = -0.00669442 is negative.

Checking parameters for BSIM 4.5 model xarr.xpex.xn132:pshort_model.43
Warning: Eta0 = -0.000373202 is negative.

Checking parameters for BSIM 4.5 model xarr.xpex.xn131:pshort_model.43
Warning: Eta0 = -0.000373202 is negative.

Checking parameters for BSIM 4.5 model xarr.xpex.xn130:pshort_model.43
Warning: Eta0 = -0.000373202 is negative.

Checking parameters for BSIM 4.5 model xarr.xpex.xn129:pshort_model.43
Warning: Eta0 = -0.000373202 is negative.

Checking parameters for BSIM 4.5 model xarr.xpex.xn128:pshort_model.43
Warning: Eta0 = -0.000373202 is negative.

Checking parameters for BSIM 4.5 model xarr.xpex.xn127:pshort_model.43
Warning: Eta0 = -0.000373202 is negative.

Checking parameters for BSIM 4.5 model xarr.xpex.xn126:pshort_model.43
Warning: Eta0 = -0.000373202 is negative.

Checking parameters for BSIM 4.5 model xarr.xpex.xn125:pshort_model.43
Warning: Eta0 = -0.000373202 is negative.

Checking parameters for BSIM 4.5 model xarr.xpex.xn124:pshort_model.43
Warning: Eta0 = -0.000373202 is negative.

Checking parameters for BSIM 4.5 model xarr.xpex.xn123:pshort_model.43
Warning: Eta0 = -0.000373202 is negative.

Checking parameters for BSIM 4.5 model xarr.xpex.xn122:pshort_model.43
Warning: Eta0 = -0.000373202 is negative.

Checking parameters for BSIM 4.5 model xarr.xpex.xn121:pshort_model.43
Warning: Eta0 = -0.000373202 is negative.

Checking parameters for BSIM 4.5 model xarr.xpex.xn120:pshort_model.40
Warning: A2 = 1.0885 is larger than 1. A2 is set to 1 and A1 is set to 0.
Warning: Pdibl1 = -0.00669442 is negative.

Checking parameters for BSIM 4.5 model xarr.xpex.xn119:pshort_model.43
Warning: Eta0 = -0.000373202 is negative.

Checking parameters for BSIM 4.5 model xarr.xpex.xn118:pshort_model.32
Warning: A2 = 1.14662 is larger than 1. A2 is set to 1 and A1 is set to 0.
Warning: Pdibl1 = -0.0493749 is negative.
Warning: Pdibl2 = -0.000925472 is negative.

Checking parameters for BSIM 4.5 model xarr.xpex.xn117:pshort_model.32
Warning: A2 = 1.14662 is larger than 1. A2 is set to 1 and A1 is set to 0.
Warning: Pdibl1 = -0.0493749 is negative.
Warning: Pdibl2 = -0.000925472 is negative.

Checking parameters for BSIM 4.5 model xarr.xpex.xn116:pshort_model.43
Warning: Eta0 = -0.000373202 is negative.

Checking parameters for BSIM 4.5 model xarr.xpex.xn115:pshort_model.32
Warning: A2 = 1.14662 is larger than 1. A2 is set to 1 and A1 is set to 0.
Warning: Pdibl1 = -0.0493749 is negative.
Warning: Pdibl2 = -0.000925472 is negative.

Checking parameters for BSIM 4.5 model xarr.xpex.xn114:pshort_model.32
Warning: A2 = 1.14662 is larger than 1. A2 is set to 1 and A1 is set to 0.
Warning: Pdibl1 = -0.0493749 is negative.
Warning: Pdibl2 = -0.000925472 is negative.

Checking parameters for BSIM 4.5 model xarr.xpex.xn113:pshort_model.40
Warning: A2 = 1.0885 is larger than 1. A2 is set to 1 and A1 is set to 0.
Warning: Pdibl1 = -0.00669442 is negative.

Checking parameters for BSIM 4.5 model xarr.xpex.xn112:pshort_model.43
Warning: Eta0 = -0.000373202 is negative.

Checking parameters for BSIM 4.5 model xarr.xpex.xn111:pshort_model.40
Warning: A2 = 1.0885 is larger than 1. A2 is set to 1 and A1 is set to 0.
Warning: Pdibl1 = -0.00669442 is negative.

Checking parameters for BSIM 4.5 model xarr.xpex.xn110:pshort_model.32
Warning: A2 = 1.14662 is larger than 1. A2 is set to 1 and A1 is set to 0.
Warning: Pdibl1 = -0.0493749 is negative.
Warning: Pdibl2 = -0.000925472 is negative.

Checking parameters for BSIM 4.5 model xarr.xpex.xn109:pshort_model.32
Warning: A2 = 1.14662 is larger than 1. A2 is set to 1 and A1 is set to 0.
Warning: Pdibl1 = -0.0493749 is negative.
Warning: Pdibl2 = -0.000925472 is negative.

Checking parameters for BSIM 4.5 model xarr.xpex.xn108:pshort_model.43
Warning: Eta0 = -0.000373202 is negative.

Checking parameters for BSIM 4.5 model xarr.xpex.xn107:pshort_model.32
Warning: A2 = 1.14662 is larger than 1. A2 is set to 1 and A1 is set to 0.
Warning: Pdibl1 = -0.0493749 is negative.
Warning: Pdibl2 = -0.000925472 is negative.

Checking parameters for BSIM 4.5 model xarr.xpex.xn106:pshort_model.32
Warning: A2 = 1.14662 is larger than 1. A2 is set to 1 and A1 is set to 0.
Warning: Pdibl1 = -0.0493749 is negative.
Warning: Pdibl2 = -0.000925472 is negative.

Checking parameters for BSIM 4.5 model xarr.xpex.xn105:pshort_model.40
Warning: A2 = 1.0885 is larger than 1. A2 is set to 1 and A1 is set to 0.
Warning: Pdibl1 = -0.00669442 is negative.

Checking parameters for BSIM 4.5 model xarr.xpex.xn104:pshort_model.43
Warning: Eta0 = -0.000373202 is negative.

Checking parameters for BSIM 4.5 model xarr.xpex.xn103:pshort_model.40
Warning: A2 = 1.0885 is larger than 1. A2 is set to 1 and A1 is set to 0.
Warning: Pdibl1 = -0.00669442 is negative.

Checking parameters for BSIM 4.5 model xarr.xpex.xn102:pshort_model.43
Warning: Eta0 = -0.000373202 is negative.

Checking parameters for BSIM 4.5 model xarr.xpex.xn101:pshort_model.32
Warning: A2 = 1.14662 is larger than 1. A2 is set to 1 and A1 is set to 0.
Warning: Pdibl1 = -0.0493749 is negative.
Warning: Pdibl2 = -0.000925472 is negative.

Checking parameters for BSIM 4.5 model xarr.xpex.xn100:pshort_model.32
Warning: A2 = 1.14662 is larger than 1. A2 is set to 1 and A1 is set to 0.
Warning: Pdibl1 = -0.0493749 is negative.
Warning: Pdibl2 = -0.000925472 is negative.

Checking parameters for BSIM 4.5 model xarr.xpex.xn99:pshort_model.43
Warning: Eta0 = -0.000373202 is negative.

Checking parameters for BSIM 4.5 model xarr.xpex.xn98:pshort_model.32
Warning: A2 = 1.14662 is larger than 1. A2 is set to 1 and A1 is set to 0.
Warning: Pdibl1 = -0.0493749 is negative.
Warning: Pdibl2 = -0.000925472 is negative.

Checking parameters for BSIM 4.5 model xarr.xpex.xn97:pshort_model.32
Warning: A2 = 1.14662 is larger than 1. A2 is set to 1 and A1 is set to 0.
Warning: Pdibl1 = -0.0493749 is negative.
Warning: Pdibl2 = -0.000925472 is negative.

Checking parameters for BSIM 4.5 model xarr.xpex.xn96:pshort_model.40
Warning: A2 = 1.0885 is larger than 1. A2 is set to 1 and A1 is set to 0.
Warning: Pdibl1 = -0.00669442 is negative.

Checking parameters for BSIM 4.5 model xarr.xpex.xn95:pshort_model.43
Warning: Eta0 = -0.000373202 is negative.

Checking parameters for BSIM 4.5 model xarr.xpex.xn94:pshort_model.40
Warning: A2 = 1.0885 is larger than 1. A2 is set to 1 and A1 is set to 0.
Warning: Pdibl1 = -0.00669442 is negative.

Checking parameters for BSIM 4.5 model xarr.xpex.xn93:pshort_model.40
Warning: A2 = 1.0885 is larger than 1. A2 is set to 1 and A1 is set to 0.
Warning: Pdibl1 = -0.00669442 is negative.

Checking parameters for BSIM 4.5 model xarr.xpex.xn92:pshort_model.40
Warning: A2 = 1.0885 is larger than 1. A2 is set to 1 and A1 is set to 0.
Warning: Pdibl1 = -0.00669442 is negative.

Checking parameters for BSIM 4.5 model xarr.xpex.xn91:pshort_model.40
Warning: A2 = 1.0885 is larger than 1. A2 is set to 1 and A1 is set to 0.
Warning: Pdibl1 = -0.00669442 is negative.

Checking parameters for BSIM 4.5 model xarr.xpex.xn90:pshort_model.40
Warning: A2 = 1.0885 is larger than 1. A2 is set to 1 and A1 is set to 0.
Warning: Pdibl1 = -0.00669442 is negative.

Checking parameters for BSIM 4.5 model xarr.xpex.xn89:pshort_model.40
Warning: A2 = 1.0885 is larger than 1. A2 is set to 1 and A1 is set to 0.
Warning: Pdibl1 = -0.00669442 is negative.

Checking parameters for BSIM 4.5 model xarr.xpex.xn88:pshort_model.40
Warning: A2 = 1.0885 is larger than 1. A2 is set to 1 and A1 is set to 0.
Warning: Pdibl1 = -0.00669442 is negative.

Checking parameters for BSIM 4.5 model xarr.xpex.xn87:pshort_model.40
Warning: A2 = 1.0885 is larger than 1. A2 is set to 1 and A1 is set to 0.
Warning: Pdibl1 = -0.00669442 is negative.

Checking parameters for BSIM 4.5 model xarr.xpex.xn86:pshort_model.40
Warning: A2 = 1.0885 is larger than 1. A2 is set to 1 and A1 is set to 0.
Warning: Pdibl1 = -0.00669442 is negative.

Checking parameters for BSIM 4.5 model xarr.xpex.xn85:pshort_model.40
Warning: A2 = 1.0885 is larger than 1. A2 is set to 1 and A1 is set to 0.
Warning: Pdibl1 = -0.00669442 is negative.

Checking parameters for BSIM 4.5 model xarr.xpex.xn84:pshort_model.40
Warning: A2 = 1.0885 is larger than 1. A2 is set to 1 and A1 is set to 0.
Warning: Pdibl1 = -0.00669442 is negative.

Checking parameters for BSIM 4.5 model xarr.xpex.xn83:pshort_model.40
Warning: A2 = 1.0885 is larger than 1. A2 is set to 1 and A1 is set to 0.
Warning: Pdibl1 = -0.00669442 is negative.

Checking parameters for BSIM 4.5 model xarr.xpex.xn82:pshort_model.40
Warning: A2 = 1.0885 is larger than 1. A2 is set to 1 and A1 is set to 0.
Warning: Pdibl1 = -0.00669442 is negative.

Checking parameters for BSIM 4.5 model xarr.xpex.xn81:pshort_model.40
Warning: A2 = 1.0885 is larger than 1. A2 is set to 1 and A1 is set to 0.
Warning: Pdibl1 = -0.00669442 is negative.

Checking parameters for BSIM 4.5 model xarr.xpex.xn80:pshort_model.40
Warning: A2 = 1.0885 is larger than 1. A2 is set to 1 and A1 is set to 0.
Warning: Pdibl1 = -0.00669442 is negative.

Checking parameters for BSIM 4.5 model xarr.xpex.xn79:pshort_model.40
Warning: A2 = 1.0885 is larger than 1. A2 is set to 1 and A1 is set to 0.
Warning: Pdibl1 = -0.00669442 is negative.

Checking parameters for BSIM 4.5 model xarr.xpex.xn78:pshort_model.40
Warning: A2 = 1.0885 is larger than 1. A2 is set to 1 and A1 is set to 0.
Warning: Pdibl1 = -0.00669442 is negative.

Checking parameters for BSIM 4.5 model xarr.xpex.xn77:pshort_model.40
Warning: A2 = 1.0885 is larger than 1. A2 is set to 1 and A1 is set to 0.
Warning: Pdibl1 = -0.00669442 is negative.

Checking parameters for BSIM 4.5 model xarr.xpex.xn76:pshort_model.40
Warning: A2 = 1.0885 is larger than 1. A2 is set to 1 and A1 is set to 0.
Warning: Pdibl1 = -0.00669442 is negative.

Checking parameters for BSIM 4.5 model xarr.xpex.xn75:pshort_model.40
Warning: A2 = 1.0885 is larger than 1. A2 is set to 1 and A1 is set to 0.
Warning: Pdibl1 = -0.00669442 is negative.

Checking parameters for BSIM 4.5 model xarr.xpex.xn74:pshort_model.40
Warning: A2 = 1.0885 is larger than 1. A2 is set to 1 and A1 is set to 0.
Warning: Pdibl1 = -0.00669442 is negative.

Checking parameters for BSIM 4.5 model xarr.xpex.xn73:pshort_model.40
Warning: A2 = 1.0885 is larger than 1. A2 is set to 1 and A1 is set to 0.
Warning: Pdibl1 = -0.00669442 is negative.

Checking parameters for BSIM 4.5 model xarr.xpex.xn72:pshort_model.40
Warning: A2 = 1.0885 is larger than 1. A2 is set to 1 and A1 is set to 0.
Warning: Pdibl1 = -0.00669442 is negative.

Checking parameters for BSIM 4.5 model xarr.xpex.xn71:pshort_model.40
Warning: A2 = 1.0885 is larger than 1. A2 is set to 1 and A1 is set to 0.
Warning: Pdibl1 = -0.00669442 is negative.

Checking parameters for BSIM 4.5 model xarr.xpex.xn70:pshort_model.40
Warning: A2 = 1.0885 is larger than 1. A2 is set to 1 and A1 is set to 0.
Warning: Pdibl1 = -0.00669442 is negative.

Checking parameters for BSIM 4.5 model xarr.xpex.xn69:pshort_model.40
Warning: A2 = 1.0885 is larger than 1. A2 is set to 1 and A1 is set to 0.
Warning: Pdibl1 = -0.00669442 is negative.

Checking parameters for BSIM 4.5 model xarr.xpex.xn68:pshort_model.40
Warning: A2 = 1.0885 is larger than 1. A2 is set to 1 and A1 is set to 0.
Warning: Pdibl1 = -0.00669442 is negative.

Checking parameters for BSIM 4.5 model xarr.xpex.xn67:pshort_model.40
Warning: A2 = 1.0885 is larger than 1. A2 is set to 1 and A1 is set to 0.
Warning: Pdibl1 = -0.00669442 is negative.

Checking parameters for BSIM 4.5 model xarr.xpex.xn66:nshort_model.48
Warning: Eta0 = -0.0261666 is negative.

Checking parameters for BSIM 4.5 model xarr.xpex.xn65:nshort_model.40
Warning: Eta0 = -0.00908636 is negative.

Checking parameters for BSIM 4.5 model xarr.xpex.xn64:nshort_model.40
Warning: Eta0 = -0.00908636 is negative.

Checking parameters for BSIM 4.5 model xarr.xpex.xn63:nshort_model.40
Warning: Eta0 = -0.00908636 is negative.

Checking parameters for BSIM 4.5 model xarr.xpex.xn62:nshort_model.40
Warning: Eta0 = -0.00908636 is negative.

Checking parameters for BSIM 4.5 model xarr.xpex.xn61:nshort_model.48
Warning: Eta0 = -0.0261666 is negative.

Checking parameters for BSIM 4.5 model xarr.xpex.xn60:nshort_model.48
Warning: Eta0 = -0.0261666 is negative.

Checking parameters for BSIM 4.5 model xarr.xpex.xn59:nshort_model.40
Warning: Eta0 = -0.00908636 is negative.

Checking parameters for BSIM 4.5 model xarr.xpex.xn58:nshort_model.40
Warning: Eta0 = -0.00908636 is negative.

Checking parameters for BSIM 4.5 model xarr.xpex.xn57:nshort_model.40
Warning: Eta0 = -0.00908636 is negative.

Checking parameters for BSIM 4.5 model xarr.xpex.xn56:nshort_model.40
Warning: Eta0 = -0.00908636 is negative.

Checking parameters for BSIM 4.5 model xarr.xpex.xn55:nshort_model.48
Warning: Eta0 = -0.0261666 is negative.

Checking parameters for BSIM 4.5 model xarr.xpex.xn54:nshort_model.48
Warning: Eta0 = -0.0261666 is negative.

Checking parameters for BSIM 4.5 model xarr.xpex.xn53:nshort_model.40
Warning: Eta0 = -0.00908636 is negative.

Checking parameters for BSIM 4.5 model xarr.xpex.xn52:nshort_model.40
Warning: Eta0 = -0.00908636 is negative.

Checking parameters for BSIM 4.5 model xarr.xpex.xn51:nshort_model.40
Warning: Eta0 = -0.00908636 is negative.

Checking parameters for BSIM 4.5 model xarr.xpex.xn50:nshort_model.40
Warning: Eta0 = -0.00908636 is negative.

Checking parameters for BSIM 4.5 model xarr.xpex.xn49:nshort_model.48
Warning: Eta0 = -0.0261666 is negative.

Checking parameters for BSIM 4.5 model xarr.xpex.xn48:nshort_model.48
Warning: Eta0 = -0.0261666 is negative.

Checking parameters for BSIM 4.5 model xarr.xpex.xn47:nshort_model.48
Warning: Eta0 = -0.0261666 is negative.

Checking parameters for BSIM 4.5 model xarr.xpex.xn46:nshort_model.48
Warning: Eta0 = -0.0261666 is negative.

Checking parameters for BSIM 4.5 model xarr.xpex.xn45:nshort_model.48
Warning: Eta0 = -0.0261666 is negative.

Checking parameters for BSIM 4.5 model xarr.xpex.xn44:nshort_model.48
Warning: Eta0 = -0.0261666 is negative.

Checking parameters for BSIM 4.5 model xarr.xpex.xn43:nshort_model.48
Warning: Eta0 = -0.0261666 is negative.

Checking parameters for BSIM 4.5 model xarr.xpex.xn42:nshort_model.48
Warning: Eta0 = -0.0261666 is negative.

Checking parameters for BSIM 4.5 model xarr.xpex.xn41:nshort_model.48
Warning: Eta0 = -0.0261666 is negative.

Checking parameters for BSIM 4.5 model xarr.xpex.xn40:nshort_model.48
Warning: Eta0 = -0.0261666 is negative.

Checking parameters for BSIM 4.5 model xarr.xpex.xn39:nshort_model.48
Warning: Eta0 = -0.0261666 is negative.

Checking parameters for BSIM 4.5 model xarr.xpex.xn38:nshort_model.48
Warning: Eta0 = -0.0261666 is negative.

Checking parameters for BSIM 4.5 model xarr.xpex.xn37:nshort_model.48
Warning: Eta0 = -0.0261666 is negative.

Checking parameters for BSIM 4.5 model xarr.xpex.xn35:nshort_model.48
Warning: Eta0 = -0.0261666 is negative.

Checking parameters for BSIM 4.5 model xarr.xpex.xn33:nshort_model.48
Warning: Eta0 = -0.0261666 is negative.

Checking parameters for BSIM 4.5 model xarr.xpex.xn31:nshort_model.48
Warning: Eta0 = -0.0261666 is negative.

Checking parameters for BSIM 4.5 model xarr.xpex.xn28:nshort_model.48
Warning: Eta0 = -0.0261666 is negative.

Checking parameters for BSIM 4.5 model xarr.xpex.xn27:nshort_model.48
Warning: Eta0 = -0.0261666 is negative.

Checking parameters for BSIM 4.5 model xarr.xpex.xn25:nshort_model.48
Warning: Eta0 = -0.0261666 is negative.

Checking parameters for BSIM 4.5 model xarr.xpex.xn23:nshort_model.48
Warning: Eta0 = -0.0261666 is negative.

Checking parameters for BSIM 4.5 model xarr.xpex.xn21:nshort_model.48
Warning: Eta0 = -0.0261666 is negative.

Checking parameters for BSIM 4.5 model xarr.xpex.xn8:nshort_model.40
Warning: Eta0 = -0.00908636 is negative.

Checking parameters for BSIM 4.5 model xarr.xpex.xn7:nshort_model.40
Warning: Eta0 = -0.00908636 is negative.

Checking parameters for BSIM 4.5 model xarr.xpex.xn6:nshort_model.40
Warning: Eta0 = -0.00908636 is negative.

Checking parameters for BSIM 4.5 model xarr.xpex.xn5:nshort_model.40
Warning: Eta0 = -0.00908636 is negative.

Checking parameters for BSIM 4.5 model xarr.xpex.xn4:nshort_model.40
Warning: Eta0 = -0.00908636 is negative.

Checking parameters for BSIM 4.5 model xarr.xpex.xn3:nshort_model.40
Warning: Eta0 = -0.00908636 is negative.

Checking parameters for BSIM 4.5 model xarr.xpex.xn2:nshort_model.40
Warning: Eta0 = -0.00908636 is negative.

Checking parameters for BSIM 4.5 model xarr.xpex.xn1:nshort_model.40
Warning: Eta0 = -0.00908636 is negative.

