|* Post-layout ro_array_core: the whole entropy source (four non-identical
|* rings + four output buffers + the three-xor2 combining tree), extracted
|* FLAT from ONE `klt extract --parasitics` run over
|* layout/ro_array_core-placement-poc/ro_array_core_signal9_poc.gds -- the
|* same DRC-clean (0 violations), klt-lvs-MATCHING (132/132 devices, 96/96
|* nets against design/ro_array_core.spice's own .subckt ro_array_core) GDS
|* that PoC directory's own README documents ("Increment 8"). Real inter-ring
|* wiring is included for the first time: the ring->buffer signal chain, the
|* buffer->XOR fan-in, the XOR combining tree's own t1/t2 routing, and the
|* array-wide vdd bus for the four buffers + three xor2 instances -- none of
|* which sim/post-layout-ro-ring5-assembled/ (one ring at a time, ideal
|* wires between rings) could include, and none of which
|* sim/ro-array-core-combining/ (pre-layout, no physical interconnect at
|* all) could include either.
|*
|* Purpose (issue #22's acceptance bar: "Post-layout PVT simulation results
|* land under sim/, extracted parasitics included" plus the DR-0003 section
|* 8 wstv inter-ring decorrelation re-evaluation). This is a two-way,
|* same-corner comparison (post-layout array vs. pre-layout control, the
|* SAME topology sim/ro-array-core-combining/'s own testbench drives),
|* matching sim/post-layout-ro-ring5-assembled/'s own comparison discipline
|* one hierarchy level up. It reuses that record's own measurement set
|* (per-ring periods, combining fidelity in both the edge-retention and
|* value-fidelity senses, and array supply current) rather than inventing a
|* new one, so every number here is directly comparable to
|* sim/ro-array-core-combining/'s own pre-layout record by name.
|*
|* Topology, post-layout side (prefix p): xarr is ONE flat-extracted cell --
|* design/xschem/ro_array_core.sch's own hierarchy, already wired, sourced
|* from layout/pex-array/ro_array_core_pex.spice via
|* layout/bin/pex-netlist.py (shared, unmodified, with
|* layout/pex/pex.json's and layout/pex-ring/pex.json's own leaf/ring
|* descriptors). t1/t2 (the XOR tree's own inter-stage nets) are internal to
|* the wrapper subckt at the SAME literal names design/ro_array_core.spice's
|* own .subckt ro_array_core uses internally, so they are reachable exactly
|* the way sim/ro-array-core-combining/'s own testbench reaches them
|* (`v(xarr.t1)`, one level of hierarchy) -- confirmed by this deck's own
|* first successful run, not assumed.
|*
|* Topology, pre-layout side (no prefix, matching
|* sim/ro-array-core-combining/'s own testbench net names exactly): xctl is
|* the identical topology from design/ro_array_core.spice's parameterized
|* .subckt ro_array_core, same-deck same-corner control.
|*
|* The substrate tie. layout/pex-array/ro_array_core_pex.spice declares the
|* extractor's substrate return node `vsubs` .global (klayout-tools#1503,
|* same as every other post-layout deck in this repo). This deck ties it
|* HARD to 0, the same physically-motivated choice
|* sim/post-layout-ro-ring5-assembled/ and sim/post-layout-ro-ring5/ both
|* use -- every composed cell's own psub guard ring is tied to vss, and vss
|* is 0 here. Inter-ring coupling through a floating substrate is a
|* different, separately-bracketed question (spec/decision-records/DR-0005)
|* and is not re-litigated by this deck's own hard tie.
|*
|* PVT: the same four (temp, supply) points
|* sim/post-layout-ro-ring5-assembled/ uses, each bundling the tt/ss/ff
|* process axis:
|*   -40 degC / 1.62 V   the measured entropy-binding corner (ss)
|*    27 degC / 1.80 V   nominal
|*   125 degC / 1.98 V   the worst five-stage ring swing in #10's grid
|*   -40 degC / 1.98 V   the fastest ring measured anywhere in that grid
|*
|* Window. Post-layout parasitics measurably slow the array (every prior
|* post-layout ring record in this repo reports 1.4x-2.4x slowdown over
|* pre-layout, and the array adds inter-ring wiring + XOR-tree loading on
|* top), so this deck's tstop is 4x sim/ro-array-core-combining/'s own 200n
|* -- 800n -- with the same 5 ns enable-release point and the same
|* 10-period ring / 48-edge combining-node estimators (rise=3..13 for
|* periods, rise=2..50 at the combining nodes), now measured from a 700 ns
|* window (100 ns to 800 ns) rather than that deck's 60-200 ns, to keep the
|* same edge counts reachable at the slowest corner. Confirmed sufficient by
|* this deck's own first run at every corner (every meas below resolved,
|* not "no value found"), not assumed from the pre-layout deck's own margin.
|*
|* This file is a TEMPLATE: sim/bin/corner-run.py substitutes /Users/rwalters/.volare/volare/sky130/versions/c6d73a35f524070e85faff4a6a9eef49553ebc2b/sky130A/libs.tech/combined/sky130.lib.spice,
|* tt, /Users/rwalters/GitHub/sky130-trng/.loom/worktrees/issue-22/design/ro_array_core.spice, /Users/rwalters/GitHub/sky130-trng/.loom/worktrees/issue-22/layout/pex-array/ro_array_core_pex.spice, 27.0, 1.8 and 5p. As
|* committed it is not a runnable deck. Invoke with
|* `--ro-ring5 design/ro_array_core.spice` and
|* `--pex-lib layout/pex-array/ro_array_core_pex.spice`.
|
|.option scale=1u
|.lib "/Users/rwalters/.volare/volare/sky130/versions/c6d73a35f524070e85faff4a6a9eef49553ebc2b/sky130A/libs.tech/combined/sky130.lib.spice" tt
|
|* pre-layout subcircuit library (ro_array_core / ro_ring5 / ro_buf / xor2)
|.include "/Users/rwalters/GitHub/sky130-trng/.loom/worktrees/issue-22/design/ro_array_core.spice"
|* post-layout ARRAY subcircuit library (ro_array_core_pex, flat-extracted
|* from the whole composed, DRC-clean and LVS-clean array GDS)
|.include "/Users/rwalters/GitHub/sky130-trng/.loom/worktrees/issue-22/layout/pex-array/ro_array_core_pex.spice"
|
|.temp 27.0
|
|* --- substrate return node: hard tie (see header) ----------------------
|Vsub vsubs 0 dc 0
|
|* --- post-layout ARRAY, one flat-extracted cell for the whole block ----
|Vddrp1 pvddr1 0 dc 1.8
|Vddrp2 pvddr2 0 dc 1.8
|Vddrp3 pvddr3 0 dc 1.8
|Vddrp4 pvddr4 0 dc 1.8
|Vddp pvdd 0 dc 1.8
|Venp1 pen1 0 PULSE(0 1.8 5n 100p 100p 1u 2u)
|Venp2 pen2 0 PULSE(0 1.8 5n 100p 100p 1u 2u)
|Venp3 pen3 0 PULSE(0 1.8 5n 100p 100p 1u 2u)
|Venp4 pen4 0 PULSE(0 1.8 5n 100p 100p 1u 2u)
|xarr pen1 pen2 pen3 pen4 pvddr1 pvddr2 pvddr3 pvddr4 pvdd 0 pxo pro1 pro2 pro3 pro4 ro_array_core_pex
|
|* --- pre-layout control, identical topology, single-call subckt --------
|Vddr1 vddr1 0 dc 1.8
|Vddr2 vddr2 0 dc 1.8
|Vddr3 vddr3 0 dc 1.8
|Vddr4 vddr4 0 dc 1.8
|Vdd vdd 0 dc 1.8
|Ven1 en1 0 PULSE(0 1.8 5n 100p 100p 1u 2u)
|Ven2 en2 0 PULSE(0 1.8 5n 100p 100p 1u 2u)
|Ven3 en3 0 PULSE(0 1.8 5n 100p 100p 1u 2u)
|Ven4 en4 0 PULSE(0 1.8 5n 100p 100p 1u 2u)
|xctl en1 en2 en3 en4 vddr1 vddr2 vddr3 vddr4 vdd 0 xo ro1 ro2 ro3 ro4 ro_array_core
|
|.ic v(pro1)=0
|.ic v(pro2)=0
|.ic v(pro3)=0
|.ic v(pro4)=0
|.ic v(ro1)=0
|.ic v(ro2)=0
|.ic v(ro3)=0
|.ic v(ro4)=0
|
|* Limit the saved transient trace set to exactly what the .meas statements
|* below need. Without this, ngspice keeps a full-resolution voltage history
|* for every node in the deck -- including every per-terminal parasitic-star
|* leg node the flat ARRAY extraction introduces (132 devices' worth, an
|* order of magnitude more than one ring alone) -- and
|* sim/post-layout-ro-ring5-assembled/'s own header records this exhausting
|* process memory outright at the ff corner's shorter timesteps. None of
|* those internal leg voltages are read by any .meas below.
|.save v(pro1) v(pro2) v(pro3) v(pro4) v(pxo) v(xarr.t1)
|.save v(ro1) v(ro2) v(ro3) v(ro4) v(xo) v(xctl.t1)
|.save i(Vddrp1) i(Vddrp2) i(Vddrp3) i(Vddrp4) i(Vddp)
|.save i(Vddr1) i(Vddr2) i(Vddr3) i(Vddr4) i(Vdd)
|
|.tran 5p 800n uic
|
|.control
|run
|
|* --- post-layout ARRAY: per-ring periods, 10 whole periods each, first
|* two rising edges discarded as start-up ------------------------------
|meas tran pt1a when v(pro1)=0.5*1.8 rise=3
|meas tran pt1b when v(pro1)=0.5*1.8 rise=13
|let p_tr1 = (pt1b - pt1a)/10
|meas tran pt2a when v(pro2)=0.5*1.8 rise=3
|meas tran pt2b when v(pro2)=0.5*1.8 rise=13
|let p_tr2 = (pt2b - pt2a)/10
|meas tran pt3a when v(pro3)=0.5*1.8 rise=3
|meas tran pt3b when v(pro3)=0.5*1.8 rise=13
|let p_tr3 = (pt3b - pt3a)/10
|meas tran pt4a when v(pro4)=0.5*1.8 rise=3
|meas tran pt4b when v(pro4)=0.5*1.8 rise=13
|let p_tr4 = (pt4b - pt4a)/10
|let p_f_ideal2 = 1/p_tr1 + 1/p_tr2
|let p_f_ideal = 1/p_tr1 + 1/p_tr2 + 1/p_tr3 + 1/p_tr4
|let p_skew_span = p_tr1/p_tr4
|
|* --- post-layout ARRAY combining node: swing and realized edge rate ---
|meas tran pvxo_max MAX v(pxo) from=100n to=800n
|meas tran pvxo_min MIN v(pxo) from=100n to=800n
|let p_swing_frac_xo = (pvxo_max - pvxo_min) / 1.8
|meas tran ptxo_a when v(pxo)=0.5*1.8 rise=2
|meas tran ptxo_b when v(pxo)=0.5*1.8 rise=50
|let p_f_xo = 48/(ptxo_b - ptxo_a)
|let p_edge_retention = p_f_xo / p_f_ideal
|meas tran ptt1a when v(xarr.t1)=0.5*1.8 rise=2
|meas tran ptt1b when v(xarr.t1)=0.5*1.8 rise=50
|let p_f_t1 = 48/(ptt1b - ptt1a)
|let p_retention_n2 = p_f_t1 / p_f_ideal2
|let p_retention_n4 = p_edge_retention
|
|* --- post-layout ARRAY value fidelity + supply current -----------------
|meas tran pvxo_avg AVG v(pxo) from=100n to=800n
|meas tran pvt1_avg AVG v(xarr.t1) from=100n to=800n
|let p_bias_xo = pvxo_avg / 1.8
|let p_bias_t1 = pvt1_avg / 1.8
|meas tran pi1 AVG i(Vddrp1) from=100n to=800n
|meas tran pi2 AVG i(Vddrp2) from=100n to=800n
|meas tran pi3 AVG i(Vddrp3) from=100n to=800n
|meas tran pi4 AVG i(Vddrp4) from=100n to=800n
|meas tran pib AVG i(Vddp) from=100n to=800n
|let p_i_rings = -(pi1 + pi2 + pi3 + pi4)
|let p_i_block = -pib
|let p_i_array_total = p_i_rings + p_i_block
|let p_p_array_total = p_i_array_total * 1.8
|
|* --- pre-layout CONTROL: identical estimators, identical node names as
|* sim/ro-array-core-combining/'s own testbench ---------------------------
|meas tran t1a when v(ro1)=0.5*1.8 rise=3
|meas tran t1b when v(ro1)=0.5*1.8 rise=13
|let tr1 = (t1b - t1a)/10
|meas tran t2a when v(ro2)=0.5*1.8 rise=3
|meas tran t2b when v(ro2)=0.5*1.8 rise=13
|let tr2 = (t2b - t2a)/10
|meas tran t3a when v(ro3)=0.5*1.8 rise=3
|meas tran t3b when v(ro3)=0.5*1.8 rise=13
|let tr3 = (t3b - t3a)/10
|meas tran t4a when v(ro4)=0.5*1.8 rise=3
|meas tran t4b when v(ro4)=0.5*1.8 rise=13
|let tr4 = (t4b - t4a)/10
|let f_ideal2 = 1/tr1 + 1/tr2
|let f_ideal = 1/tr1 + 1/tr2 + 1/tr3 + 1/tr4
|let skew_span = tr1/tr4
|
|meas tran vxo_max MAX v(xo) from=100n to=800n
|meas tran vxo_min MIN v(xo) from=100n to=800n
|let swing_frac_xo = (vxo_max - vxo_min) / 1.8
|meas tran txo_a when v(xo)=0.5*1.8 rise=2
|meas tran txo_b when v(xo)=0.5*1.8 rise=50
|let f_xo = 48/(txo_b - txo_a)
|let edge_retention = f_xo / f_ideal
|meas tran tt1a when v(xctl.t1)=0.5*1.8 rise=2
|meas tran tt1b when v(xctl.t1)=0.5*1.8 rise=50
|let f_t1 = 48/(tt1b - tt1a)
|let retention_n2 = f_t1 / f_ideal2
|let retention_n4 = edge_retention
|
|meas tran vxo_avg AVG v(xo) from=100n to=800n
|meas tran vt1_avg AVG v(xctl.t1) from=100n to=800n
|let bias_xo = vxo_avg / 1.8
|let bias_t1 = vt1_avg / 1.8
|meas tran i1 AVG i(Vddr1) from=100n to=800n
|meas tran i2 AVG i(Vddr2) from=100n to=800n
|meas tran i3 AVG i(Vddr3) from=100n to=800n
|meas tran i4 AVG i(Vddr4) from=100n to=800n
|meas tran ib AVG i(Vdd) from=100n to=800n
|let i_rings = -(i1 + i2 + i3 + i4)
|let i_block = -ib
|let i_array_total = i_rings + i_block
|let p_array_total_pre = i_array_total * 1.8
|
|* --- headline ratios: same block, same corner, real inter-ring wiring
|* (plus real intra-cell parasitics) vs. pre-layout (no interconnect,
|* ideal devices only) ----------------------------------------------------
|let slowdown_r1 = p_tr1 / tr1
|let slowdown_r2 = p_tr2 / tr2
|let slowdown_r3 = p_tr3 / tr3
|let slowdown_r4 = p_tr4 / tr4
|
|print p_tr1
|print p_tr2
|print p_tr3
|print p_tr4
|print p_skew_span
|print p_f_ideal
|print p_f_xo
|print p_edge_retention
|print p_retention_n2
|print p_retention_n4
|print p_bias_t1
|print p_bias_xo
|print p_swing_frac_xo
|print p_i_rings
|print p_i_block
|print p_i_array_total
|print p_p_array_total
|print tr1
|print tr2
|print tr3
|print tr4
|print skew_span
|print f_ideal
|print f_xo
|print edge_retention
|print retention_n2
|print retention_n4
|print bias_t1
|print bias_xo
|print swing_frac_xo
|print i_rings
|print i_block
|print i_array_total
|print p_array_total_pre
|print slowdown_r1
|print slowdown_r2
|print slowdown_r3
|print slowdown_r4
|.endc
|.end
|

----- stdout -----

Note: Compatibility modes selected: hs a


Circuit: * post-layout ro_array_core: the whole entropy source (four non-identical

option SCALE: Scale is set to 1e-06 for instance and model parameters
option SCALE: Scale is set to 1e-06 for instance and model parameters
option SCALE: Scale is set to 1e-06 for instance and model parameters
option SCALE: Scale is set to 1e-06 for instance and model parameters
option SCALE: Scale is set to 1e-06 for instance and model parameters
Doing analysis at TEMP = 27.000000 and TNOM = 27.000000

Using SPARSE 1.3 as Direct Linear Solver
Operating point simulation skipped by 'uic',
  now using transient initial conditions.
 Reference value :  5.00000e-14
 Reference value :  4.41401e-10
 Reference value :  1.07140e-09
 Reference value :  1.74140e-09
 Reference value :  2.40640e-09
 Reference value :  2.98140e-09
 Reference value :  3.59140e-09
 Reference value :  4.20140e-09
 Reference value :  4.82140e-09
 Reference value :  5.35250e-09
 Reference value :  5.97750e-09
 Reference value :  6.54250e-09
 Reference value :  7.15750e-09
 Reference value :  7.81250e-09
 Reference value :  8.36250e-09
 Reference value :  8.85750e-09
 Reference value :  9.36750e-09
 Reference value :  9.87250e-09
 Reference value :  1.03275e-08
 Reference value :  1.08375e-08
 Reference value :  1.13625e-08
 Reference value :  1.18575e-08
 Reference value :  1.23975e-08
 Reference value :  1.29075e-08
 Reference value :  1.34375e-08
 Reference value :  1.39725e-08
 Reference value :  1.44875e-08
 Reference value :  1.49775e-08
 Reference value :  1.55175e-08
 Reference value :  1.60475e-08
 Reference value :  1.65425e-08
 Reference value :  1.70575e-08
 Reference value :  1.75675e-08
 Reference value :  1.80775e-08
 Reference value :  1.85425e-08
 Reference value :  1.90725e-08
 Reference value :  1.95875e-08
 Reference value :  2.01325e-08
 Reference value :  2.06975e-08
 Reference value :  2.12275e-08
 Reference value :  2.17575e-08
 Reference value :  2.22725e-08
 Reference value :  2.27475e-08
 Reference value :  2.32925e-08
 Reference value :  2.38375e-08
 Reference value :  2.43625e-08
 Reference value :  2.48625e-08
 Reference value :  2.52925e-08
 Reference value :  2.57875e-08
 Reference value :  2.63325e-08
 Reference value :  2.69075e-08
 Reference value :  2.74075e-08
 Reference value :  2.78625e-08
 Reference value :  2.83475e-08
 Reference value :  2.88575e-08
 Reference value :  2.95025e-08
 Reference value :  2.99975e-08
 Reference value :  3.04525e-08
 Reference value :  3.09275e-08
 Reference value :  3.13875e-08
 Reference value :  3.19375e-08
 Reference value :  3.25075e-08
 Reference value :  3.29275e-08
 Reference value :  3.34275e-08
 Reference value :  3.38925e-08
 Reference value :  3.44325e-08
 Reference value :  3.49875e-08
 Reference value :  3.55525e-08
 Reference value :  3.60175e-08
 Reference value :  3.64775e-08
 Reference value :  3.70375e-08
 Reference value :  3.75275e-08
 Reference value :  3.80825e-08
 Reference value :  3.85675e-08
 Reference value :  3.90975e-08
 Reference value :  3.96275e-08
 Reference value :  4.01175e-08
 Reference value :  4.06225e-08
 Reference value :  4.11175e-08
 Reference value :  4.16425e-08
 Reference value :  4.21525e-08
 Reference value :  4.26325e-08
 Reference value :  4.31525e-08
 Reference value :  4.35875e-08
 Reference value :  4.40125e-08
 Reference value :  4.45225e-08
 Reference value :  4.49975e-08
 Reference value :  4.54425e-08
 Reference value :  4.59425e-08
 Reference value :  4.64525e-08
 Reference value :  4.69375e-08
 Reference value :  4.74075e-08
 Reference value :  4.78875e-08
 Reference value :  4.83575e-08
 Reference value :  4.88425e-08
 Reference value :  4.93475e-08
 Reference value :  4.98175e-08
 Reference value :  5.02975e-08
 Reference value :  5.08175e-08
 Reference value :  5.13625e-08
 Reference value :  5.18725e-08
 Reference value :  5.23925e-08
 Reference value :  5.28875e-08
 Reference value :  5.34475e-08
 Reference value :  5.40525e-08
 Reference value :  5.45675e-08
 Reference value :  5.50675e-08
 Reference value :  5.55425e-08
 Reference value :  5.60575e-08
 Reference value :  5.66475e-08
 Reference value :  5.71425e-08
 Reference value :  5.76075e-08
 Reference value :  5.80875e-08
 Reference value :  5.85625e-08
 Reference value :  5.90275e-08
 Reference value :  5.95175e-08
 Reference value :  6.00125e-08
 Reference value :  6.04875e-08
 Reference value :  6.09575e-08
 Reference value :  6.14475e-08
 Reference value :  6.19125e-08
 Reference value :  6.24375e-08
 Reference value :  6.29025e-08
 Reference value :  6.33725e-08
 Reference value :  6.38725e-08
 Reference value :  6.43275e-08
 Reference value :  6.48125e-08
 Reference value :  6.52775e-08
 Reference value :  6.57575e-08
 Reference value :  6.61975e-08
 Reference value :  6.66475e-08
 Reference value :  6.71025e-08
 Reference value :  6.75675e-08
 Reference value :  6.81175e-08
 Reference value :  6.85725e-08
 Reference value :  6.90225e-08
 Reference value :  6.94525e-08
 Reference value :  6.99425e-08
 Reference value :  7.04675e-08
 Reference value :  7.09725e-08
 Reference value :  7.13925e-08
 Reference value :  7.18325e-08
 Reference value :  7.22925e-08
 Reference value :  7.27825e-08
 Reference value :  7.32575e-08
 Reference value :  7.37175e-08
 Reference value :  7.42425e-08
 Reference value :  7.47425e-08
 Reference value :  7.52425e-08
 Reference value :  7.57925e-08
 Reference value :  7.62525e-08
 Reference value :  7.66875e-08
 Reference value :  7.70925e-08
 Reference value :  7.75575e-08
 Reference value :  7.80975e-08
 Reference value :  7.86175e-08
 Reference value :  7.91225e-08
 Reference value :  7.95525e-08
 Reference value :  8.00525e-08
 Reference value :  8.05575e-08
 Reference value :  8.11075e-08
 Reference value :  8.15975e-08
 Reference value :  8.20375e-08
 Reference value :  8.24425e-08
 Reference value :  8.28675e-08
 Reference value :  8.34225e-08
 Reference value :  8.38875e-08
 Reference value :  8.44375e-08
 Reference value :  8.48975e-08
 Reference value :  8.53825e-08
 Reference value :  8.58875e-08
 Reference value :  8.63475e-08
 Reference value :  8.68675e-08
 Reference value :  8.73925e-08
 Reference value :  8.78725e-08
 Reference value :  8.83175e-08
 Reference value :  8.88175e-08
 Reference value :  8.93125e-08
 Reference value :  8.97475e-08
 Reference value :  9.02175e-08
 Reference value :  9.06875e-08
 Reference value :  9.11675e-08
 Reference value :  9.16075e-08
 Reference value :  9.21075e-08
 Reference value :  9.26375e-08
 Reference value :  9.31375e-08
 Reference value :  9.35975e-08
 Reference value :  9.40725e-08
 Reference value :  9.45375e-08
 Reference value :  9.49975e-08
 Reference value :  9.54925e-08
 Reference value :  9.60075e-08
 Reference value :  9.64575e-08
 Reference value :  9.69475e-08
 Reference value :  9.74975e-08
 Reference value :  9.80325e-08
 Reference value :  9.85125e-08
 Reference value :  9.90125e-08
 Reference value :  9.95625e-08
 Reference value :  1.00118e-07
 Reference value :  1.00648e-07
 Reference value :  1.01118e-07
 Reference value :  1.01553e-07
 Reference value :  1.02018e-07
 Reference value :  1.02613e-07
 Reference value :  1.03153e-07
 Reference value :  1.03628e-07
 Reference value :  1.04108e-07
 Reference value :  1.04588e-07
 Reference value :  1.05098e-07
 Reference value :  1.05628e-07
 Reference value :  1.06133e-07
 Reference value :  1.06598e-07
 Reference value :  1.07118e-07
 Reference value :  1.07588e-07
 Reference value :  1.08053e-07
 Reference value :  1.08573e-07
 Reference value :  1.09023e-07
 Reference value :  1.09488e-07
 Reference value :  1.09933e-07
 Reference value :  1.10408e-07
 Reference value :  1.10948e-07
 Reference value :  1.11428e-07
 Reference value :  1.11928e-07
 Reference value :  1.12393e-07
 Reference value :  1.12848e-07
 Reference value :  1.13328e-07
 Reference value :  1.13768e-07
 Reference value :  1.14258e-07
 Reference value :  1.14713e-07
 Reference value :  1.15138e-07
 Reference value :  1.15593e-07
 Reference value :  1.16133e-07
 Reference value :  1.16613e-07
 Reference value :  1.17143e-07
 Reference value :  1.17613e-07
 Reference value :  1.18068e-07
 Reference value :  1.18523e-07
 Reference value :  1.19038e-07
 Reference value :  1.19568e-07
 Reference value :  1.20018e-07
 Reference value :  1.20458e-07
 Reference value :  1.20903e-07
 Reference value :  1.21333e-07
 Reference value :  1.21848e-07
 Reference value :  1.22358e-07
 Reference value :  1.22898e-07
 Reference value :  1.23453e-07
 Reference value :  1.23913e-07
 Reference value :  1.24483e-07
 Reference value :  1.24988e-07
 Reference value :  1.25408e-07
 Reference value :  1.25833e-07
 Reference value :  1.26268e-07
 Reference value :  1.26748e-07
 Reference value :  1.27328e-07
 Reference value :  1.27793e-07
 Reference value :  1.28263e-07
 Reference value :  1.28733e-07
 Reference value :  1.29228e-07
 Reference value :  1.29748e-07
 Reference value :  1.30218e-07
 Reference value :  1.30743e-07
 Reference value :  1.31288e-07
 Reference value :  1.31783e-07
 Reference value :  1.32313e-07
 Reference value :  1.32798e-07
 Reference value :  1.33323e-07
 Reference value :  1.33763e-07
 Reference value :  1.34298e-07
 Reference value :  1.34773e-07
 Reference value :  1.35248e-07
 Reference value :  1.35688e-07
 Reference value :  1.36128e-07
 Reference value :  1.36593e-07
 Reference value :  1.37088e-07
 Reference value :  1.37588e-07
 Reference value :  1.38023e-07
 Reference value :  1.38508e-07
 Reference value :  1.39043e-07
 Reference value :  1.39478e-07
 Reference value :  1.39958e-07
 Reference value :  1.40423e-07
 Reference value :  1.40903e-07
 Reference value :  1.41418e-07
 Reference value :  1.41913e-07
 Reference value :  1.42398e-07
 Reference value :  1.42883e-07
 Reference value :  1.43423e-07
 Reference value :  1.43983e-07
 Reference value :  1.44458e-07
 Reference value :  1.44858e-07
 Reference value :  1.45308e-07
 Reference value :  1.45853e-07
 Reference value :  1.46428e-07
 Reference value :  1.46918e-07
 Reference value :  1.47388e-07
 Reference value :  1.47838e-07
 Reference value :  1.48293e-07
 Reference value :  1.48758e-07
 Reference value :  1.49293e-07
 Reference value :  1.49773e-07
 Reference value :  1.50278e-07
 Reference value :  1.50763e-07
 Reference value :  1.51218e-07
 Reference value :  1.51708e-07
 Reference value :  1.52203e-07
 Reference value :  1.52673e-07
 Reference value :  1.53178e-07
 Reference value :  1.53648e-07
 Reference value :  1.54143e-07
 Reference value :  1.54623e-07
 Reference value :  1.55108e-07
 Reference value :  1.55563e-07
 Reference value :  1.56043e-07
 Reference value :  1.56513e-07
 Reference value :  1.56958e-07
 Reference value :  1.57438e-07
 Reference value :  1.57898e-07
 Reference value :  1.58348e-07
 Reference value :  1.58813e-07
 Reference value :  1.59263e-07
 Reference value :  1.59713e-07
 Reference value :  1.60178e-07
 Reference value :  1.60698e-07
 Reference value :  1.61148e-07
 Reference value :  1.61603e-07
 Reference value :  1.62013e-07
 Reference value :  1.62488e-07
 Reference value :  1.63063e-07
 Reference value :  1.63543e-07
 Reference value :  1.63968e-07
 Reference value :  1.64463e-07
 Reference value :  1.64988e-07
 Reference value :  1.65468e-07
 Reference value :  1.65998e-07
 Reference value :  1.66473e-07
 Reference value :  1.66983e-07
 Reference value :  1.67453e-07
 Reference value :  1.67958e-07
 Reference value :  1.68448e-07
 Reference value :  1.68903e-07
 Reference value :  1.69328e-07
 Reference value :  1.69788e-07
 Reference value :  1.70263e-07
 Reference value :  1.70838e-07
 Reference value :  1.71303e-07
 Reference value :  1.71768e-07
 Reference value :  1.72253e-07
 Reference value :  1.72718e-07
 Reference value :  1.73238e-07
 Reference value :  1.73778e-07
 Reference value :  1.74233e-07
 Reference value :  1.74658e-07
 Reference value :  1.75083e-07
 Reference value :  1.75588e-07
 Reference value :  1.76118e-07
 Reference value :  1.76613e-07
 Reference value :  1.77073e-07
 Reference value :  1.77503e-07
 Reference value :  1.77968e-07
 Reference value :  1.78503e-07
 Reference value :  1.78958e-07
 Reference value :  1.79453e-07
 Reference value :  1.79913e-07
 Reference value :  1.80423e-07
 Reference value :  1.80908e-07
 Reference value :  1.81423e-07
 Reference value :  1.81898e-07
 Reference value :  1.82398e-07
 Reference value :  1.82888e-07
 Reference value :  1.83328e-07
 Reference value :  1.83798e-07
 Reference value :  1.84248e-07
 Reference value :  1.84673e-07
 Reference value :  1.85113e-07
 Reference value :  1.85598e-07
 Reference value :  1.86068e-07
 Reference value :  1.86533e-07
 Reference value :  1.87018e-07
 Reference value :  1.87568e-07
 Reference value :  1.88073e-07
 Reference value :  1.88553e-07
 Reference value :  1.89043e-07
 Reference value :  1.89523e-07
 Reference value :  1.90073e-07
 Reference value :  1.90538e-07
 Reference value :  1.91008e-07
 Reference value :  1.91478e-07
 Reference value :  1.91933e-07
 Reference value :  1.92453e-07
 Reference value :  1.92998e-07
 Reference value :  1.93458e-07
 Reference value :  1.93908e-07
 Reference value :  1.94353e-07
 Reference value :  1.94903e-07
 Reference value :  1.95453e-07
 Reference value :  1.95943e-07
 Reference value :  1.96428e-07
 Reference value :  1.96888e-07
 Reference value :  1.97443e-07
 Reference value :  1.98008e-07
 Reference value :  1.98513e-07
 Reference value :  1.98973e-07
 Reference value :  1.99483e-07
 Reference value :  1.99988e-07
 Reference value :  2.00503e-07
 Reference value :  2.01023e-07
 Reference value :  2.01478e-07
 Reference value :  2.01973e-07
 Reference value :  2.02448e-07
 Reference value :  2.02918e-07
 Reference value :  2.03398e-07
 Reference value :  2.03873e-07
 Reference value :  2.04438e-07
 Reference value :  2.04893e-07
 Reference value :  2.05328e-07
 Reference value :  2.05768e-07
 Reference value :  2.06268e-07
 Reference value :  2.06823e-07
 Reference value :  2.07268e-07
 Reference value :  2.07763e-07
 Reference value :  2.08198e-07
 Reference value :  2.08658e-07
 Reference value :  2.09213e-07
 Reference value :  2.09723e-07
 Reference value :  2.10178e-07
 Reference value :  2.10603e-07
 Reference value :  2.11083e-07
 Reference value :  2.11588e-07
 Reference value :  2.12158e-07
 Reference value :  2.12598e-07
 Reference value :  2.13028e-07
 Reference value :  2.13573e-07
 Reference value :  2.14078e-07
 Reference value :  2.14593e-07
 Reference value :  2.15053e-07
 Reference value :  2.15518e-07
 Reference value :  2.15968e-07
 Reference value :  2.16428e-07
 Reference value :  2.16968e-07
 Reference value :  2.17478e-07
 Reference value :  2.17913e-07
 Reference value :  2.18333e-07
 Reference value :  2.18768e-07
 Reference value :  2.19263e-07
 Reference value :  2.19873e-07
 Reference value :  2.20323e-07
 Reference value :  2.20808e-07
 Reference value :  2.21228e-07
 Reference value :  2.21653e-07
 Reference value :  2.22193e-07
 Reference value :  2.22638e-07
 Reference value :  2.23158e-07
 Reference value :  2.23668e-07
 Reference value :  2.24148e-07
 Reference value :  2.24658e-07
 Reference value :  2.25093e-07
 Reference value :  2.25593e-07
 Reference value :  2.26088e-07
 Reference value :  2.26648e-07
 Reference value :  2.27138e-07
 Reference value :  2.27618e-07
 Reference value :  2.28153e-07
 Reference value :  2.28648e-07
 Reference value :  2.29183e-07
 Reference value :  2.29698e-07
 Reference value :  2.30228e-07
 Reference value :  2.30678e-07
 Reference value :  2.31118e-07
 Reference value :  2.31568e-07
 Reference value :  2.32008e-07
 Reference value :  2.32548e-07
 Reference value :  2.32978e-07
 Reference value :  2.33483e-07
 Reference value :  2.34003e-07
 Reference value :  2.34488e-07
 Reference value :  2.34998e-07
 Reference value :  2.35503e-07
 Reference value :  2.36073e-07
 Reference value :  2.36613e-07
 Reference value :  2.37098e-07
 Reference value :  2.37563e-07
 Reference value :  2.38023e-07
 Reference value :  2.38548e-07
 Reference value :  2.39108e-07
 Reference value :  2.39548e-07
 Reference value :  2.40038e-07
 Reference value :  2.40488e-07
 Reference value :  2.40983e-07
 Reference value :  2.41548e-07
 Reference value :  2.42043e-07
 Reference value :  2.42533e-07
 Reference value :  2.43018e-07
 Reference value :  2.43468e-07
 Reference value :  2.43883e-07
 Reference value :  2.44393e-07
 Reference value :  2.44918e-07
 Reference value :  2.45393e-07
 Reference value :  2.45903e-07
 Reference value :  2.46433e-07
 Reference value :  2.46938e-07
 Reference value :  2.47433e-07
 Reference value :  2.47858e-07
 Reference value :  2.48353e-07
 Reference value :  2.48838e-07
 Reference value :  2.49308e-07
 Reference value :  2.49773e-07
 Reference value :  2.50223e-07
 Reference value :  2.50703e-07
 Reference value :  2.51188e-07
 Reference value :  2.51638e-07
 Reference value :  2.52128e-07
 Reference value :  2.52613e-07
 Reference value :  2.53108e-07
 Reference value :  2.53598e-07
 Reference value :  2.54053e-07
 Reference value :  2.54563e-07
 Reference value :  2.55073e-07
 Reference value :  2.55618e-07
 Reference value :  2.56088e-07
 Reference value :  2.56578e-07
 Reference value :  2.57028e-07
 Reference value :  2.57533e-07
 Reference value :  2.58093e-07
 Reference value :  2.58588e-07
 Reference value :  2.59043e-07
 Reference value :  2.59558e-07
 Reference value :  2.60083e-07
 Reference value :  2.60663e-07
 Reference value :  2.61248e-07
 Reference value :  2.61728e-07
 Reference value :  2.62233e-07
 Reference value :  2.62738e-07
 Reference value :  2.63318e-07
 Reference value :  2.63878e-07
 Reference value :  2.64353e-07
 Reference value :  2.64838e-07
 Reference value :  2.65323e-07
 Reference value :  2.65963e-07
 Reference value :  2.66493e-07
 Reference value :  2.67013e-07
 Reference value :  2.67498e-07
 Reference value :  2.68048e-07
 Reference value :  2.68673e-07
 Reference value :  2.69213e-07
 Reference value :  2.69718e-07
 Reference value :  2.70193e-07
 Reference value :  2.70753e-07
 Reference value :  2.71278e-07
 Reference value :  2.71853e-07
 Reference value :  2.72348e-07
 Reference value :  2.72828e-07
 Reference value :  2.73423e-07
 Reference value :  2.73973e-07
 Reference value :  2.74528e-07
 Reference value :  2.75073e-07
 Reference value :  2.75683e-07
 Reference value :  2.76198e-07
 Reference value :  2.76708e-07
 Reference value :  2.77298e-07
 Reference value :  2.77843e-07
 Reference value :  2.78403e-07
 Reference value :  2.78923e-07
 Reference value :  2.79453e-07
 Reference value :  2.80083e-07
 Reference value :  2.80623e-07
 Reference value :  2.81213e-07
 Reference value :  2.81738e-07
 Reference value :  2.82253e-07
 Reference value :  2.82863e-07
 Reference value :  2.83408e-07
 Reference value :  2.83963e-07
 Reference value :  2.84558e-07
 Reference value :  2.85193e-07
 Reference value :  2.85742e-07
 Reference value :  2.86277e-07
 Reference value :  2.86807e-07
 Reference value :  2.87327e-07
 Reference value :  2.87877e-07
 Reference value :  2.88417e-07
 Reference value :  2.88932e-07
 Reference value :  2.89487e-07
 Reference value :  2.90037e-07
 Reference value :  2.90547e-07
 Reference value :  2.91107e-07
 Reference value :  2.91692e-07
 Reference value :  2.92242e-07
 Reference value :  2.92872e-07
 Reference value :  2.93437e-07
 Reference value :  2.93967e-07
 Reference value :  2.94552e-07
 Reference value :  2.95087e-07
 Reference value :  2.95622e-07
 Reference value :  2.96162e-07
 Reference value :  2.96707e-07
 Reference value :  2.97272e-07
 Reference value :  2.97807e-07
 Reference value :  2.98292e-07
 Reference value :  2.98822e-07
 Reference value :  2.99402e-07
 Reference value :  2.99937e-07
 Reference value :  3.00442e-07
 Reference value :  3.00937e-07
 Reference value :  3.01502e-07
 Reference value :  3.02077e-07
 Reference value :  3.02597e-07
 Reference value :  3.03092e-07
 Reference value :  3.03612e-07
 Reference value :  3.04227e-07
 Reference value :  3.04797e-07
 Reference value :  3.05312e-07
 Reference value :  3.05797e-07
 Reference value :  3.06362e-07
 Reference value :  3.06947e-07
 Reference value :  3.07517e-07
 Reference value :  3.08007e-07
 Reference value :  3.08527e-07
 Reference value :  3.09037e-07
 Reference value :  3.09652e-07
 Reference value :  3.10237e-07
 Reference value :  3.10847e-07
 Reference value :  3.11377e-07
 Reference value :  3.12007e-07
 Reference value :  3.12537e-07
 Reference value :  3.13052e-07
 Reference value :  3.13567e-07
 Reference value :  3.14142e-07
 Reference value :  3.14787e-07
 Reference value :  3.15332e-07
 Reference value :  3.15862e-07
 Reference value :  3.16392e-07
 Reference value :  3.16917e-07
 Reference value :  3.17462e-07
 Reference value :  3.17987e-07
 Reference value :  3.18482e-07
 Reference value :  3.18957e-07
 Reference value :  3.19512e-07
 Reference value :  3.20057e-07
 Reference value :  3.20612e-07
 Reference value :  3.21137e-07
 Reference value :  3.21682e-07
 Reference value :  3.22202e-07
 Reference value :  3.22742e-07
 Reference value :  3.23282e-07
 Reference value :  3.23837e-07
 Reference value :  3.24397e-07
 Reference value :  3.24912e-07
 Reference value :  3.25387e-07
 Reference value :  3.25972e-07
 Reference value :  3.26582e-07
 Reference value :  3.27152e-07
 Reference value :  3.27697e-07
 Reference value :  3.28237e-07
 Reference value :  3.28832e-07
 Reference value :  3.29397e-07
 Reference value :  3.29932e-07
 Reference value :  3.30427e-07
 Reference value :  3.30917e-07
 Reference value :  3.31457e-07
 Reference value :  3.32037e-07
 Reference value :  3.32567e-07
 Reference value :  3.33092e-07
 Reference value :  3.33612e-07
 Reference value :  3.34122e-07
 Reference value :  3.34647e-07
 Reference value :  3.35242e-07
 Reference value :  3.35767e-07
 Reference value :  3.36277e-07
 Reference value :  3.36837e-07
 Reference value :  3.37447e-07
 Reference value :  3.37977e-07
 Reference value :  3.38517e-07
 Reference value :  3.39002e-07
 Reference value :  3.39537e-07
 Reference value :  3.40102e-07
 Reference value :  3.40687e-07
 Reference value :  3.41202e-07
 Reference value :  3.41702e-07
 Reference value :  3.42282e-07
 Reference value :  3.42792e-07
 Reference value :  3.43362e-07
 Reference value :  3.43912e-07
 Reference value :  3.44457e-07
 Reference value :  3.45027e-07
 Reference value :  3.45567e-07
 Reference value :  3.46117e-07
 Reference value :  3.46732e-07
 Reference value :  3.47332e-07
 Reference value :  3.47947e-07
 Reference value :  3.48497e-07
 Reference value :  3.49007e-07
 Reference value :  3.49492e-07
 Reference value :  3.50022e-07
 Reference value :  3.50657e-07
 Reference value :  3.51207e-07
 Reference value :  3.51707e-07
 Reference value :  3.52207e-07
 Reference value :  3.52722e-07
 Reference value :  3.53372e-07
 Reference value :  3.53897e-07
 Reference value :  3.54372e-07
 Reference value :  3.54882e-07
 Reference value :  3.55442e-07
 Reference value :  3.56037e-07
 Reference value :  3.56537e-07
 Reference value :  3.57017e-07
 Reference value :  3.57532e-07
 Reference value :  3.58097e-07
 Reference value :  3.58657e-07
 Reference value :  3.59222e-07
 Reference value :  3.59802e-07
 Reference value :  3.60327e-07
 Reference value :  3.60902e-07
 Reference value :  3.61412e-07
 Reference value :  3.61947e-07
 Reference value :  3.62427e-07
 Reference value :  3.62942e-07
 Reference value :  3.63547e-07
 Reference value :  3.64112e-07
 Reference value :  3.64627e-07
 Reference value :  3.65117e-07
 Reference value :  3.65692e-07
 Reference value :  3.66267e-07
 Reference value :  3.66812e-07
 Reference value :  3.67322e-07
 Reference value :  3.67792e-07
 Reference value :  3.68347e-07
 Reference value :  3.68917e-07
 Reference value :  3.69467e-07
 Reference value :  3.70077e-07
 Reference value :  3.70697e-07
 Reference value :  3.71202e-07
 Reference value :  3.71717e-07
 Reference value :  3.72352e-07
 Reference value :  3.72907e-07
 Reference value :  3.73527e-07
 Reference value :  3.74062e-07
 Reference value :  3.74587e-07
 Reference value :  3.75242e-07
 Reference value :  3.75767e-07
 Reference value :  3.76367e-07
 Reference value :  3.76887e-07
 Reference value :  3.77457e-07
 Reference value :  3.78057e-07
 Reference value :  3.78582e-07
 Reference value :  3.79137e-07
 Reference value :  3.79682e-07
 Reference value :  3.80222e-07
 Reference value :  3.80757e-07
 Reference value :  3.81317e-07
 Reference value :  3.81857e-07
 Reference value :  3.82482e-07
 Reference value :  3.83122e-07
 Reference value :  3.83697e-07
 Reference value :  3.84332e-07
 Reference value :  3.84872e-07
 Reference value :  3.85372e-07
 Reference value :  3.85947e-07
 Reference value :  3.86512e-07
 Reference value :  3.87137e-07
 Reference value :  3.87747e-07
 Reference value :  3.88302e-07
 Reference value :  3.88862e-07
 Reference value :  3.89487e-07
 Reference value :  3.90047e-07
 Reference value :  3.90582e-07
 Reference value :  3.91092e-07
 Reference value :  3.91697e-07
 Reference value :  3.92272e-07
 Reference value :  3.92832e-07
 Reference value :  3.93332e-07
 Reference value :  3.93957e-07
 Reference value :  3.94537e-07
 Reference value :  3.95087e-07
 Reference value :  3.95642e-07
 Reference value :  3.96222e-07
 Reference value :  3.96927e-07
 Reference value :  3.97522e-07
 Reference value :  3.98022e-07
 Reference value :  3.98552e-07
 Reference value :  3.99092e-07
 Reference value :  3.99742e-07
 Reference value :  4.00257e-07
 Reference value :  4.00752e-07
 Reference value :  4.01262e-07
 Reference value :  4.01817e-07
 Reference value :  4.02462e-07
 Reference value :  4.03047e-07
 Reference value :  4.03607e-07
 Reference value :  4.04142e-07
 Reference value :  4.04772e-07
 Reference value :  4.05317e-07
 Reference value :  4.05822e-07
 Reference value :  4.06402e-07
 Reference value :  4.06907e-07
 Reference value :  4.07482e-07
 Reference value :  4.08027e-07
 Reference value :  4.08587e-07
 Reference value :  4.09197e-07
 Reference value :  4.09877e-07
 Reference value :  4.10442e-07
 Reference value :  4.10967e-07
 Reference value :  4.11487e-07
 Reference value :  4.12047e-07
 Reference value :  4.12557e-07
 Reference value :  4.13077e-07
 Reference value :  4.13587e-07
 Reference value :  4.14077e-07
 Reference value :  4.14632e-07
 Reference value :  4.15187e-07
 Reference value :  4.15757e-07
 Reference value :  4.16302e-07
 Reference value :  4.16807e-07
 Reference value :  4.17417e-07
 Reference value :  4.17987e-07
 Reference value :  4.18602e-07
 Reference value :  4.19142e-07
 Reference value :  4.19772e-07
 Reference value :  4.20317e-07
 Reference value :  4.20892e-07
 Reference value :  4.21532e-07
 Reference value :  4.22092e-07
 Reference value :  4.22702e-07
 Reference value :  4.23262e-07
 Reference value :  4.23862e-07
 Reference value :  4.24442e-07
 Reference value :  4.24952e-07
 Reference value :  4.25492e-07
 Reference value :  4.26067e-07
 Reference value :  4.26662e-07
 Reference value :  4.27232e-07
 Reference value :  4.27762e-07
 Reference value :  4.28272e-07
 Reference value :  4.28862e-07
 Reference value :  4.29432e-07
 Reference value :  4.29997e-07
 Reference value :  4.30502e-07
 Reference value :  4.31047e-07
 Reference value :  4.31537e-07
 Reference value :  4.32077e-07
 Reference value :  4.32637e-07
 Reference value :  4.33217e-07
 Reference value :  4.33727e-07
 Reference value :  4.34222e-07
 Reference value :  4.34842e-07
 Reference value :  4.35372e-07
 Reference value :  4.35952e-07
 Reference value :  4.36472e-07
 Reference value :  4.37107e-07
 Reference value :  4.37697e-07
 Reference value :  4.38237e-07
 Reference value :  4.38772e-07
 Reference value :  4.39297e-07
 Reference value :  4.39922e-07
 Reference value :  4.40532e-07
 Reference value :  4.41077e-07
 Reference value :  4.41612e-07
 Reference value :  4.42102e-07
 Reference value :  4.42717e-07
 Reference value :  4.43337e-07
 Reference value :  4.43837e-07
 Reference value :  4.44347e-07
 Reference value :  4.44867e-07
 Reference value :  4.45477e-07
 Reference value :  4.46097e-07
 Reference value :  4.46617e-07
 Reference value :  4.47122e-07
 Reference value :  4.47632e-07
 Reference value :  4.48157e-07
 Reference value :  4.48697e-07
 Reference value :  4.49162e-07
 Reference value :  4.49667e-07
 Reference value :  4.50207e-07
 Reference value :  4.50717e-07
 Reference value :  4.51297e-07
 Reference value :  4.51892e-07
 Reference value :  4.52437e-07
 Reference value :  4.52987e-07
 Reference value :  4.53572e-07
 Reference value :  4.54077e-07
 Reference value :  4.54562e-07
 Reference value :  4.55042e-07
 Reference value :  4.55527e-07
 Reference value :  4.56112e-07
 Reference value :  4.56652e-07
 Reference value :  4.57187e-07
 Reference value :  4.57652e-07
 Reference value :  4.58187e-07
 Reference value :  4.58752e-07
 Reference value :  4.59282e-07
 Reference value :  4.59792e-07
 Reference value :  4.60277e-07
 Reference value :  4.60817e-07
 Reference value :  4.61397e-07
 Reference value :  4.61932e-07
 Reference value :  4.62482e-07
 Reference value :  4.62987e-07
 Reference value :  4.63522e-07
 Reference value :  4.64102e-07
 Reference value :  4.64697e-07
 Reference value :  4.65262e-07
 Reference value :  4.65902e-07
 Reference value :  4.66417e-07
 Reference value :  4.66932e-07
 Reference value :  4.67597e-07
 Reference value :  4.68122e-07
 Reference value :  4.68712e-07
 Reference value :  4.69217e-07
 Reference value :  4.69727e-07
 Reference value :  4.70347e-07
 Reference value :  4.70857e-07
 Reference value :  4.71362e-07
 Reference value :  4.71852e-07
 Reference value :  4.72417e-07
 Reference value :  4.73007e-07
 Reference value :  4.73532e-07
 Reference value :  4.74047e-07
 Reference value :  4.74572e-07
 Reference value :  4.75107e-07
 Reference value :  4.75657e-07
 Reference value :  4.76187e-07
 Reference value :  4.76677e-07
 Reference value :  4.77207e-07
 Reference value :  4.77737e-07
 Reference value :  4.78252e-07
 Reference value :  4.78772e-07
 Reference value :  4.79337e-07
 Reference value :  4.79852e-07
 Reference value :  4.80317e-07
 Reference value :  4.80802e-07
 Reference value :  4.81352e-07
 Reference value :  4.81952e-07
 Reference value :  4.82497e-07
 Reference value :  4.83017e-07
 Reference value :  4.83507e-07
 Reference value :  4.84072e-07
 Reference value :  4.84687e-07
 Reference value :  4.85202e-07
 Reference value :  4.85692e-07
 Reference value :  4.86227e-07
 Reference value :  4.86802e-07
 Reference value :  4.87357e-07
 Reference value :  4.87892e-07
 Reference value :  4.88452e-07
 Reference value :  4.89077e-07
 Reference value :  4.89662e-07
 Reference value :  4.90182e-07
 Reference value :  4.90657e-07
 Reference value :  4.91167e-07
 Reference value :  4.91747e-07
 Reference value :  4.92327e-07
 Reference value :  4.92842e-07
 Reference value :  4.93332e-07
 Reference value :  4.93822e-07
 Reference value :  4.94392e-07
 Reference value :  4.94937e-07
 Reference value :  4.95457e-07
 Reference value :  4.96002e-07
 Reference value :  4.96477e-07
 Reference value :  4.97057e-07
 Reference value :  4.97602e-07
 Reference value :  4.98092e-07
 Reference value :  4.98672e-07
 Reference value :  4.99222e-07
 Reference value :  4.99802e-07
 Reference value :  5.00352e-07
 Reference value :  5.00847e-07
 Reference value :  5.01382e-07
 Reference value :  5.02017e-07
 Reference value :  5.02552e-07
 Reference value :  5.03112e-07
 Reference value :  5.03582e-07
 Reference value :  5.04047e-07
 Reference value :  5.04617e-07
 Reference value :  5.05207e-07
 Reference value :  5.05722e-07
 Reference value :  5.06322e-07
 Reference value :  5.06892e-07
 Reference value :  5.07412e-07
 Reference value :  5.07887e-07
 Reference value :  5.08412e-07
 Reference value :  5.08882e-07
 Reference value :  5.09392e-07
 Reference value :  5.09912e-07
 Reference value :  5.10472e-07
 Reference value :  5.11067e-07
 Reference value :  5.11572e-07
 Reference value :  5.12087e-07
 Reference value :  5.12622e-07
 Reference value :  5.13167e-07
 Reference value :  5.13797e-07
 Reference value :  5.14332e-07
 Reference value :  5.14907e-07
 Reference value :  5.15457e-07
 Reference value :  5.16017e-07
 Reference value :  5.16637e-07
 Reference value :  5.17147e-07
 Reference value :  5.17727e-07
 Reference value :  5.18237e-07
 Reference value :  5.18772e-07
 Reference value :  5.19352e-07
 Reference value :  5.19872e-07
 Reference value :  5.20412e-07
 Reference value :  5.20987e-07
 Reference value :  5.21607e-07
 Reference value :  5.22127e-07
 Reference value :  5.22712e-07
 Reference value :  5.23262e-07
 Reference value :  5.23807e-07
 Reference value :  5.24307e-07
 Reference value :  5.24837e-07
 Reference value :  5.25362e-07
 Reference value :  5.25872e-07
 Reference value :  5.26382e-07
 Reference value :  5.26927e-07
 Reference value :  5.27467e-07
 Reference value :  5.28022e-07
 Reference value :  5.28582e-07
 Reference value :  5.29092e-07
 Reference value :  5.29707e-07
 Reference value :  5.30257e-07
 Reference value :  5.30822e-07
 Reference value :  5.31342e-07
 Reference value :  5.31902e-07
 Reference value :  5.32497e-07
 Reference value :  5.33062e-07
 Reference value :  5.33642e-07
 Reference value :  5.34167e-07
 Reference value :  5.34652e-07
 Reference value :  5.35252e-07
 Reference value :  5.35857e-07
 Reference value :  5.36377e-07
 Reference value :  5.36912e-07
 Reference value :  5.37432e-07
 Reference value :  5.37987e-07
 Reference value :  5.38602e-07
 Reference value :  5.39137e-07
 Reference value :  5.39687e-07
 Reference value :  5.40197e-07
 Reference value :  5.40852e-07
 Reference value :  5.41372e-07
 Reference value :  5.41927e-07
 Reference value :  5.42427e-07
 Reference value :  5.42902e-07
 Reference value :  5.43457e-07
 Reference value :  5.43962e-07
 Reference value :  5.44512e-07
 Reference value :  5.45007e-07
 Reference value :  5.45552e-07
 Reference value :  5.46122e-07
 Reference value :  5.46637e-07
 Reference value :  5.47122e-07
 Reference value :  5.47692e-07
 Reference value :  5.48272e-07
 Reference value :  5.48842e-07
 Reference value :  5.49367e-07
 Reference value :  5.49837e-07
 Reference value :  5.50317e-07
 Reference value :  5.50817e-07
 Reference value :  5.51397e-07
 Reference value :  5.51907e-07
 Reference value :  5.52397e-07
 Reference value :  5.52887e-07
 Reference value :  5.53427e-07
 Reference value :  5.53977e-07
 Reference value :  5.54477e-07
 Reference value :  5.54967e-07
 Reference value :  5.55442e-07
 Reference value :  5.55942e-07
 Reference value :  5.56502e-07
 Reference value :  5.57102e-07
 Reference value :  5.57647e-07
 Reference value :  5.58172e-07
 Reference value :  5.58742e-07
 Reference value :  5.59287e-07
 Reference value :  5.59927e-07
 Reference value :  5.60517e-07
 Reference value :  5.61092e-07
 Reference value :  5.61617e-07
 Reference value :  5.62162e-07
 Reference value :  5.62792e-07
 Reference value :  5.63322e-07
 Reference value :  5.63907e-07
 Reference value :  5.64417e-07
 Reference value :  5.64972e-07
 Reference value :  5.65572e-07
 Reference value :  5.66092e-07
 Reference value :  5.66577e-07
 Reference value :  5.67132e-07
 Reference value :  5.67652e-07
 Reference value :  5.68177e-07
 Reference value :  5.68717e-07
 Reference value :  5.69262e-07
 Reference value :  5.69807e-07
 Reference value :  5.70292e-07
 Reference value :  5.70792e-07
 Reference value :  5.71312e-07
 Reference value :  5.71837e-07
 Reference value :  5.72377e-07
 Reference value :  5.72852e-07
 Reference value :  5.73347e-07
 Reference value :  5.73862e-07
 Reference value :  5.74457e-07
 Reference value :  5.74962e-07
 Reference value :  5.75422e-07
 Reference value :  5.75912e-07
 Reference value :  5.76487e-07
 Reference value :  5.77142e-07
 Reference value :  5.77682e-07
 Reference value :  5.78187e-07
 Reference value :  5.78717e-07
 Reference value :  5.79292e-07
 Reference value :  5.79892e-07
 Reference value :  5.80432e-07
 Reference value :  5.81092e-07
 Reference value :  5.81722e-07
 Reference value :  5.82302e-07
 Reference value :  5.82822e-07
 Reference value :  5.83332e-07
 Reference value :  5.83882e-07
 Reference value :  5.84492e-07
 Reference value :  5.85037e-07
 Reference value :  5.85527e-07
 Reference value :  5.86042e-07
 Reference value :  5.86562e-07
 Reference value :  5.87167e-07
 Reference value :  5.87722e-07
 Reference value :  5.88297e-07
 Reference value :  5.88802e-07
 Reference value :  5.89297e-07
 Reference value :  5.89877e-07
 Reference value :  5.90367e-07
 Reference value :  5.90922e-07
 Reference value :  5.91542e-07
 Reference value :  5.92087e-07
 Reference value :  5.92647e-07
 Reference value :  5.93137e-07
 Reference value :  5.93652e-07
 Reference value :  5.94222e-07
 Reference value :  5.94797e-07
 Reference value :  5.95307e-07
 Reference value :  5.95802e-07
 Reference value :  5.96367e-07
 Reference value :  5.96867e-07
 Reference value :  5.97377e-07
 Reference value :  5.97907e-07
 Reference value :  5.98402e-07
 Reference value :  5.98877e-07
 Reference value :  5.99377e-07
 Reference value :  5.99942e-07
 Reference value :  6.00522e-07
 Reference value :  6.01038e-07
 Reference value :  6.01508e-07
 Reference value :  6.02063e-07
 Reference value :  6.02618e-07
 Reference value :  6.03228e-07
 Reference value :  6.03753e-07
 Reference value :  6.04228e-07
 Reference value :  6.04743e-07
 Reference value :  6.05338e-07
 Reference value :  6.05943e-07
 Reference value :  6.06503e-07
 Reference value :  6.06973e-07
 Reference value :  6.07473e-07
 Reference value :  6.08018e-07
 Reference value :  6.08613e-07
 Reference value :  6.09158e-07
 Reference value :  6.09683e-07
 Reference value :  6.10218e-07
 Reference value :  6.10733e-07
 Reference value :  6.11308e-07
 Reference value :  6.11898e-07
 Reference value :  6.12418e-07
 Reference value :  6.12873e-07
 Reference value :  6.13388e-07
 Reference value :  6.13933e-07
 Reference value :  6.14463e-07
 Reference value :  6.15013e-07
 Reference value :  6.15513e-07
 Reference value :  6.16083e-07
 Reference value :  6.16688e-07
 Reference value :  6.17248e-07
 Reference value :  6.17768e-07
 Reference value :  6.18283e-07
 Reference value :  6.18798e-07
 Reference value :  6.19253e-07
 Reference value :  6.19828e-07
 Reference value :  6.20328e-07
 Reference value :  6.20843e-07
 Reference value :  6.21423e-07
 Reference value :  6.21978e-07
 Reference value :  6.22573e-07
 Reference value :  6.23083e-07
 Reference value :  6.23643e-07
 Reference value :  6.24213e-07
 Reference value :  6.24718e-07
 Reference value :  6.25278e-07
 Reference value :  6.25898e-07
 Reference value :  6.26423e-07
 Reference value :  6.26903e-07
 Reference value :  6.27433e-07
 Reference value :  6.28033e-07
 Reference value :  6.28633e-07
 Reference value :  6.29148e-07
 Reference value :  6.29673e-07
 Reference value :  6.30238e-07
 Reference value :  6.30808e-07
 Reference value :  6.31388e-07
 Reference value :  6.31863e-07
 Reference value :  6.32383e-07
 Reference value :  6.32918e-07
 Reference value :  6.33538e-07
 Reference value :  6.34108e-07
 Reference value :  6.34663e-07
 Reference value :  6.35163e-07
 Reference value :  6.35753e-07
 Reference value :  6.36293e-07
 Reference value :  6.36833e-07
 Reference value :  6.37368e-07
 Reference value :  6.37948e-07
 Reference value :  6.38513e-07
 Reference value :  6.39008e-07
 Reference value :  6.39528e-07
 Reference value :  6.40038e-07
 Reference value :  6.40608e-07
 Reference value :  6.41148e-07
 Reference value :  6.41658e-07
 Reference value :  6.42153e-07
 Reference value :  6.42673e-07
 Reference value :  6.43248e-07
 Reference value :  6.43803e-07
 Reference value :  6.44333e-07
 Reference value :  6.44908e-07
 Reference value :  6.45538e-07
 Reference value :  6.46108e-07
 Reference value :  6.46703e-07
 Reference value :  6.47218e-07
 Reference value :  6.47683e-07
 Reference value :  6.48238e-07
 Reference value :  6.48858e-07
 Reference value :  6.49448e-07
 Reference value :  6.50018e-07
 Reference value :  6.50653e-07
 Reference value :  6.51203e-07
 Reference value :  6.51768e-07
 Reference value :  6.52393e-07
 Reference value :  6.52908e-07
 Reference value :  6.53383e-07
 Reference value :  6.53943e-07
 Reference value :  6.54478e-07
 Reference value :  6.55138e-07
 Reference value :  6.55698e-07
 Reference value :  6.56228e-07
 Reference value :  6.56758e-07
 Reference value :  6.57278e-07
 Reference value :  6.57848e-07
 Reference value :  6.58363e-07
 Reference value :  6.58948e-07
 Reference value :  6.59488e-07
 Reference value :  6.60048e-07
 Reference value :  6.60638e-07
 Reference value :  6.61158e-07
 Reference value :  6.61673e-07
 Reference value :  6.62223e-07
 Reference value :  6.62743e-07
 Reference value :  6.63258e-07
 Reference value :  6.63793e-07
 Reference value :  6.64308e-07
 Reference value :  6.64843e-07
 Reference value :  6.65403e-07
 Reference value :  6.65893e-07
 Reference value :  6.66408e-07
 Reference value :  6.66943e-07
 Reference value :  6.67483e-07
 Reference value :  6.67963e-07
 Reference value :  6.68448e-07
 Reference value :  6.68978e-07
 Reference value :  6.69608e-07
 Reference value :  6.70133e-07
 Reference value :  6.70678e-07
 Reference value :  6.71293e-07
 Reference value :  6.71883e-07
 Reference value :  6.72473e-07
 Reference value :  6.73023e-07
 Reference value :  6.73628e-07
 Reference value :  6.74213e-07
 Reference value :  6.74803e-07
 Reference value :  6.75323e-07
 Reference value :  6.75958e-07
 Reference value :  6.76503e-07
 Reference value :  6.77098e-07
 Reference value :  6.77668e-07
 Reference value :  6.78158e-07
 Reference value :  6.78688e-07
 Reference value :  6.79263e-07
 Reference value :  6.79893e-07
 Reference value :  6.80478e-07
 Reference value :  6.81023e-07
 Reference value :  6.81563e-07
 Reference value :  6.82163e-07
 Reference value :  6.82698e-07
 Reference value :  6.83283e-07
 Reference value :  6.83783e-07
 Reference value :  6.84303e-07
 Reference value :  6.84868e-07
 Reference value :  6.85348e-07
 Reference value :  6.85913e-07
 Reference value :  6.86523e-07
 Reference value :  6.87098e-07
 Reference value :  6.87693e-07
 Reference value :  6.88223e-07
 Reference value :  6.88793e-07
 Reference value :  6.89328e-07
 Reference value :  6.89868e-07
 Reference value :  6.90408e-07
 Reference value :  6.90898e-07
 Reference value :  6.91368e-07
 Reference value :  6.91878e-07
 Reference value :  6.92393e-07
 Reference value :  6.92933e-07
 Reference value :  6.93478e-07
 Reference value :  6.94138e-07
 Reference value :  6.94713e-07
 Reference value :  6.95358e-07
 Reference value :  6.95903e-07
 Reference value :  6.96398e-07
 Reference value :  6.96913e-07
 Reference value :  6.97453e-07
 Reference value :  6.98023e-07
 Reference value :  6.98623e-07
 Reference value :  6.99108e-07
 Reference value :  6.99598e-07
 Reference value :  7.00158e-07
 Reference value :  7.00668e-07
 Reference value :  7.01338e-07
 Reference value :  7.01953e-07
 Reference value :  7.02443e-07
 Reference value :  7.02983e-07
 Reference value :  7.03538e-07
 Reference value :  7.03993e-07
 Reference value :  7.04468e-07
 Reference value :  7.05048e-07
 Reference value :  7.05568e-07
 Reference value :  7.06113e-07
 Reference value :  7.06738e-07
 Reference value :  7.07253e-07
 Reference value :  7.07733e-07
 Reference value :  7.08298e-07
 Reference value :  7.08828e-07
 Reference value :  7.09373e-07
 Reference value :  7.09913e-07
 Reference value :  7.10443e-07
 Reference value :  7.10993e-07
 Reference value :  7.11523e-07
 Reference value :  7.12018e-07
 Reference value :  7.12528e-07
 Reference value :  7.13043e-07
 Reference value :  7.13573e-07
 Reference value :  7.14173e-07
 Reference value :  7.14668e-07
 Reference value :  7.15223e-07
 Reference value :  7.15753e-07
 Reference value :  7.16303e-07
 Reference value :  7.16808e-07
 Reference value :  7.17323e-07
 Reference value :  7.17873e-07
 Reference value :  7.18528e-07
 Reference value :  7.19063e-07
 Reference value :  7.19548e-07
 Reference value :  7.20118e-07
 Reference value :  7.20768e-07
 Reference value :  7.21373e-07
 Reference value :  7.21848e-07
 Reference value :  7.22398e-07
 Reference value :  7.22978e-07
 Reference value :  7.23593e-07
 Reference value :  7.24103e-07
 Reference value :  7.24588e-07
 Reference value :  7.25128e-07
 Reference value :  7.25688e-07
 Reference value :  7.26258e-07
 Reference value :  7.26858e-07
 Reference value :  7.27373e-07
 Reference value :  7.27883e-07
 Reference value :  7.28508e-07
 Reference value :  7.29013e-07
 Reference value :  7.29583e-07
 Reference value :  7.30063e-07
 Reference value :  7.30573e-07
 Reference value :  7.31148e-07
 Reference value :  7.31643e-07
 Reference value :  7.32173e-07
 Reference value :  7.32733e-07
 Reference value :  7.33278e-07
 Reference value :  7.33858e-07
 Reference value :  7.34358e-07
 Reference value :  7.34868e-07
 Reference value :  7.35448e-07
 Reference value :  7.36028e-07
 Reference value :  7.36538e-07
 Reference value :  7.37023e-07
 Reference value :  7.37668e-07
 Reference value :  7.38198e-07
 Reference value :  7.38703e-07
 Reference value :  7.39183e-07
 Reference value :  7.39678e-07
 Reference value :  7.40138e-07
 Reference value :  7.40673e-07
 Reference value :  7.41178e-07
 Reference value :  7.41763e-07
 Reference value :  7.42293e-07
 Reference value :  7.42883e-07
 Reference value :  7.43483e-07
 Reference value :  7.44118e-07
 Reference value :  7.44643e-07
 Reference value :  7.45183e-07
 Reference value :  7.45663e-07
 Reference value :  7.46213e-07
 Reference value :  7.46763e-07
 Reference value :  7.47378e-07
 Reference value :  7.47918e-07
 Reference value :  7.48383e-07
 Reference value :  7.48873e-07
 Reference value :  7.49383e-07
 Reference value :  7.49998e-07
 Reference value :  7.50608e-07
 Reference value :  7.51153e-07
 Reference value :  7.51668e-07
 Reference value :  7.52208e-07
 Reference value :  7.52753e-07
 Reference value :  7.53278e-07
 Reference value :  7.53838e-07
 Reference value :  7.54363e-07
 Reference value :  7.54948e-07
 Reference value :  7.55498e-07
 Reference value :  7.56038e-07
 Reference value :  7.56548e-07
 Reference value :  7.57078e-07
 Reference value :  7.57638e-07
 Reference value :  7.58208e-07
 Reference value :  7.58803e-07
 Reference value :  7.59353e-07
 Reference value :  7.59883e-07
 Reference value :  7.60518e-07
 Reference value :  7.61128e-07
 Reference value :  7.61728e-07
 Reference value :  7.62278e-07
 Reference value :  7.62808e-07
 Reference value :  7.63448e-07
 Reference value :  7.63993e-07
 Reference value :  7.64713e-07
 Reference value :  7.65263e-07
 Reference value :  7.65798e-07
 Reference value :  7.66403e-07
 Reference value :  7.66988e-07
 Reference value :  7.67623e-07
 Reference value :  7.68118e-07
 Reference value :  7.68673e-07
 Reference value :  7.69253e-07
 Reference value :  7.69883e-07
 Reference value :  7.70428e-07
 Reference value :  7.71003e-07
 Reference value :  7.71573e-07
 Reference value :  7.72193e-07
 Reference value :  7.72758e-07
 Reference value :  7.73398e-07
 Reference value :  7.73958e-07
 Reference value :  7.74568e-07
 Reference value :  7.75148e-07
 Reference value :  7.75723e-07
 Reference value :  7.76258e-07
 Reference value :  7.76808e-07
 Reference value :  7.77413e-07
 Reference value :  7.77918e-07
 Reference value :  7.78463e-07
 Reference value :  7.79038e-07
 Reference value :  7.79618e-07
 Reference value :  7.80208e-07
 Reference value :  7.80758e-07
 Reference value :  7.81308e-07
 Reference value :  7.81903e-07
 Reference value :  7.82478e-07
 Reference value :  7.83013e-07
 Reference value :  7.83533e-07
 Reference value :  7.84453e-07
 Reference value :  7.85098e-07
 Reference value :  7.85633e-07
 Reference value :  7.86198e-07
 Reference value :  7.86778e-07
 Reference value :  7.87393e-07
 Reference value :  7.88008e-07
 Reference value :  7.88543e-07
 Reference value :  7.89028e-07
 Reference value :  7.89608e-07
 Reference value :  7.90258e-07
 Reference value :  7.90828e-07
 Reference value :  7.91448e-07
 Reference value :  7.92093e-07
 Reference value :  7.92663e-07
 Reference value :  7.93313e-07
 Reference value :  7.93913e-07
 Reference value :  7.94523e-07
 Reference value :  7.95103e-07
 Reference value :  7.95638e-07
 Reference value :  7.96233e-07
 Reference value :  7.96793e-07
 Reference value :  7.97283e-07
 Reference value :  7.97808e-07
 Reference value :  7.98368e-07
 Reference value :  7.98858e-07
 Reference value :  7.99348e-07
 Reference value :  7.99923e-07
No. of Data Rows : 160024
pt1a                =  1.48507e-08
pt1b                =  8.13161e-08
pt2a                =  1.44367e-08
pt2b                =  7.79084e-08
pt3a                =  1.41462e-08
pt3b                =  7.50145e-08
pt4a                =  1.39031e-08
pt4b                =  7.28385e-08
pvxo_max            =  1.87464e+00 at=  2.25108e-07
pvxo_min            =  -7.88427e-02 at=  5.32732e-07
ptxo_a              =  1.87952e-08
ptxo_b              =  1.16347e-07
ptt1a               =  1.85966e-08
ptt1b               =  2.02675e-07
pvxo_avg            =  9.12397e-01 from=  1.00000e-07 to=  8.00000e-07
pvt1_avg            =  8.16988e-01 from=  1.00000e-07 to=  8.00000e-07
pi1                 =  -9.47126e-06 from=  1.00000e-07 to=  8.00000e-07
pi2                 =  -9.87109e-06 from=  1.00000e-07 to=  8.00000e-07
pi3                 =  -1.02499e-05 from=  1.00000e-07 to=  8.00000e-07
pi4                 =  -1.06040e-05 from=  1.00000e-07 to=  8.00000e-07
pib                 =  -7.10301e-05 from=  1.00000e-07 to=  8.00000e-07
t1a                 =  1.24238e-08
t1b                 =  4.12577e-08
t2a                 =  1.20329e-08
t2b                 =  3.92120e-08
t3a                 =  1.16611e-08
t3b                 =  3.73896e-08
t4a                 =  1.13389e-08
t4b                 =  3.56854e-08
vxo_max             =  1.96959e+00 at=  7.77458e-07
vxo_min             =  -1.58407e-01 at=  2.66158e-07
txo_a               =  8.45371e-09
txo_b               =  5.93042e-08
tt1a                =  8.34723e-09
tt1b                =  9.20921e-08
vxo_avg             =  9.66700e-01 from=  1.00000e-07 to=  8.00000e-07
vt1_avg             =  8.33204e-01 from=  1.00000e-07 to=  8.00000e-07
i1                  =  -1.10229e-05 from=  1.00000e-07 to=  8.00000e-07
i2                  =  -1.15403e-05 from=  1.00000e-07 to=  8.00000e-07
i3                  =  -1.20521e-05 from=  1.00000e-07 to=  8.00000e-07
i4                  =  -1.25678e-05 from=  1.00000e-07 to=  8.00000e-07
ib                  =  -6.89960e-05 from=  1.00000e-07 to=  8.00000e-07
p_tr1 = 6.646537e-09
p_tr2 = 6.347169e-09
p_tr3 = 6.086825e-09
p_tr4 = 5.893540e-09
p_skew_span = 1.127767e+00
p_f_ideal = 6.419714e+08
p_f_xo = 4.920442e+08
p_edge_retention = 7.664580e-01
p_retention_n2 = 8.466049e-01
p_retention_n4 = 7.664580e-01
p_bias_t1 = 4.538824e-01
p_bias_xo = 5.068875e-01
p_swing_frac_xo = 1.085270e+00
p_i_rings = 4.019618e-05
p_i_block = 7.103008e-05
p_i_array_total = 1.112263e-04
p_p_array_total = 2.002073e-04
tr1 = 2.883390e-09
tr2 = 2.717908e-09
tr3 = 2.572846e-09
tr4 = 2.434657e-09
skew_span = 1.184311e+00
f_ideal = 1.514154e+09
f_xo = 9.439431e+08
edge_retention = 6.234128e-01
retention_n2 = 8.019224e-01
retention_n4 = 6.234128e-01
bias_t1 = 4.628911e-01
bias_xo = 5.370554e-01
swing_frac_xo = 1.182223e+00
i_rings = 4.718298e-05
i_block = 6.899604e-05
i_array_total = 1.161790e-04
p_array_total_pre = 2.091222e-04
slowdown_r1 = 2.305112e+00
slowdown_r2 = 2.335314e+00
slowdown_r3 = 2.365795e+00
slowdown_r4 = 2.420686e+00
Note: Simulation executed from .control section 

----- stderr -----

