|* ro_array_core as rebuilt -- combining fidelity, frequency ladder, array current
|*
|* Purpose: this is the assembled-block measurement for issue #13's rebuild.
|* It drives the COMMITTED design/ro_array_core.spice -- the netlist
|* design/netlist.py exports from design/xschem/ro_array_core.sch and guards
|* with --check -- so what it measures is the schematic as drawn, N = 4
|* five-stage rings and all, not a hand-built approximation of it.
|*
|* Three things it establishes, none of which #10's campaign could:
|*
|*   1. COMBINING FIDELITY, in two separate senses that must not be
|*      conflated.
|*
|*      (a) EDGE RETENTION -- a bandwidth measure. The XOR tree's ceiling on
|*      N (sim/xor-combining-bandwidth/) is derived from a single gate driven
|*      by a periodic square wave. The real combining node is driven by the
|*      superposition of 4 skewed rings, whose inter-edge gaps are spread,
|*      not uniform: even when the MEAN gap is comfortably above the gate's
|*      minimum pulse width, the rings beat against each other and edge pairs
|*      pass through near-coincidence, where they are swallowed. This deck
|*      measures the realized rising-edge rate at a node and divides it by
|*      the ideal rate sum(1/T_i) over the rings feeding it, taken from the
|*      SAME run's per-ring periods.
|*
|*      Because the tree is BALANCED, one run gives that ratio at two array
|*      sizes for free: xdut.t1 combines 2 rings and xo combines all 4. No
|*      separate N-sweep deck is needed, and both numbers come from identical
|*      rings under identical conditions.
|*
|*      (b) VALUE FIDELITY -- a bias measure, and the one that actually
|*      reaches the sampler. A swallowed pulse is a swallowed PAIR of edges,
|*      and two missed toggles leave the node's parity unchanged, so the
|*      sampled value still tracks the ideal XOR of all four rings except
|*      inside the short swallowed window itself. Systematic bias at the
|*      combining node is what would destroy raw min-entropy, so this deck
|*      measures the time-average level of each combining node directly. A
|*      node whose mean sits at 0.5 x Vdd is combining without a DC error,
|*      however many edges it dropped.
|*
|*      Reporting only (a) would overstate the damage; reporting only (b)
|*      would hide that the tree is filtering at all. Both are recorded.
|*
|*   2. THE FREQUENCY LADDER, realized. ro_array_core.sch skews the rings by
|*      starve-device width, wstv = 0.42 um to 0.48 um in 0.02 um steps. What
|*      that ladder does to the actual oscillation frequencies is a device
|*      fact, not a design intent, and integer frequency ratios are the ones
|*      that mutually injection lock. This deck reports all four periods
|*      from one run so the realized ratios can be read off directly.
|*
|*   3. ARRAY SUPPLY CURRENT. Four separate vddr sources plus the block vdd,
|*      each measured separately, summed into a total. design/README.md's
|*      power rows had no sky130 measurement at all behind them.
|*
|* Start-up is by ENABLE RELEASE, not by .ic. A deterministic transient of a
|* ring started at its own DC operating point sits at the metastable point
|* and never oscillates, and the rings' internal nodes are inside a subckt
|* here (unlike #10's in-place ring decks, which could .ic them from the top
|* level). So all four enables are held at 0 through the DC operating point
|* and released together at t = 5 ns: with en = 0 the ro_nand2 pins its own
|* output high, which is a defined state, and releasing it starts the ring.
|* That is also how the block is actually meant to be brought up.
|*
|* Measurement window is 60 ns to 200 ns, i.e. 55 ns after release -- more
|* than ten periods of the slowest ring measured anywhere in the grid.
|*
|* Edge retention uses rising crossings 2 through 50 at xo rather than a
|* whole-vector transition count: it is a rate over 48 intervals, it needs no
|* vector-length arithmetic, and crossing 50 stays reachable inside the
|* window even if the tree were swallowing half the edges. Crossing 1 is
|* discarded as start-up.
|*
|* PVT: three (temp, supply) points, each bundling the tt/ss/ff process axis:
|*   -40 degC / 1.62 V   the entropy-binding corner (ss). Slowest rings, so
|*                       the widest edge spacing -- where retention should be
|*                       highest and where the entropy requirement binds.
|*    27 degC / 1.80 V   nominal
|*   -40 degC / 1.98 V   the fastest rings measured anywhere in #10's grid
|*                       (ff) -- the narrowest edge spacing, and also the
|*                       corner sim/ro-array-operating-point/ found BINDS the
|*                       combining bound. This is the hardest test of the
|*                       combining tree, and where retention is expected to
|*                       be WORST.
|*
|* This file is a TEMPLATE: sim/bin/corner-run.py substitutes /home/ubuntu/.volare/volare/sky130/versions/c6d73a35f524070e85faff4a6a9eef49553ebc2b/sky130A/libs.tech/combined/sky130.lib.spice,
|* ff, /home/ubuntu/GitHub/sky130-trng/.loom/worktrees/issue-13/design/ro_array_core.spice (pointed at design/ro_array_core.spice via
|* --ro-ring5), 27.0, 1.8 and 5p. As committed it is not a
|* runnable deck.
|
|.option scale=1u
|.lib "/home/ubuntu/.volare/volare/sky130/versions/c6d73a35f524070e85faff4a6a9eef49553ebc2b/sky130A/libs.tech/combined/sky130.lib.spice" ff
|
|.include "/home/ubuntu/GitHub/sky130-trng/.loom/worktrees/issue-13/design/ro_array_core.spice"
|
|.temp 27.0
|
|* per-ring supplies, one source per ring so each current is separable
|Vddr1 vddr1 0 dc 1.8
|Vddr2 vddr2 0 dc 1.8
|Vddr3 vddr3 0 dc 1.8
|Vddr4 vddr4 0 dc 1.8
|* block supply: combining tree + the four ring output buffers
|Vdd vdd 0 dc 1.8
|
|* enables: held low through the DC solution, released together at 5 ns
|Ven1 en1 0 PULSE(0 1.8 5n 100p 100p 1u 2u)
|Ven2 en2 0 PULSE(0 1.8 5n 100p 100p 1u 2u)
|Ven3 en3 0 PULSE(0 1.8 5n 100p 100p 1u 2u)
|Ven4 en4 0 PULSE(0 1.8 5n 100p 100p 1u 2u)
|
|xdut en1 en2 en3 en4 vddr1 vddr2 vddr3 vddr4 vdd 0 xo ro1 ro2 ro3 ro4 ro_array_core
|
|.tran 5p 200n
|
|.control
|run
|* --- per-ring periods, 10 whole periods each, first two edges discarded ---
|meas tran t1a when v(ro1)=0.5*1.8 rise=3
|meas tran t1b when v(ro1)=0.5*1.8 rise=13
|meas tran t2a when v(ro2)=0.5*1.8 rise=3
|meas tran t2b when v(ro2)=0.5*1.8 rise=13
|meas tran t3a when v(ro3)=0.5*1.8 rise=3
|meas tran t3b when v(ro3)=0.5*1.8 rise=13
|meas tran t4a when v(ro4)=0.5*1.8 rise=3
|meas tran t4b when v(ro4)=0.5*1.8 rise=13
|let tr1 = (t1b - t1a)/10
|let tr2 = (t2b - t2a)/10
|let tr3 = (t3b - t3a)/10
|let tr4 = (t4b - t4a)/10
|let f_ideal2 = 1/tr1 + 1/tr2
|let f_ideal = 1/tr1 + 1/tr2 + 1/tr3 + 1/tr4
|let skew_span = tr1/tr4
|* --- combining node: swing and realized rising-edge rate ---
|meas tran vxo_max MAX v(xo) from=60n to=200n
|meas tran vxo_min MIN v(xo) from=60n to=200n
|let swing_frac_xo = (vxo_max - vxo_min) / 1.8
|meas tran txo_a when v(xo)=0.5*1.8 rise=2
|meas tran txo_b when v(xo)=0.5*1.8 rise=50
|let f_xo = 48/(txo_b - txo_a)
|let edge_retention = f_xo / f_ideal
|* the same ratio one tree level down, i.e. at N = 2, from the same rings in
|* the same run (balanced tree, so t1 combines rings 1-2)
|meas tran tt1a when v(xdut.t1)=0.5*1.8 rise=2
|meas tran tt1b when v(xdut.t1)=0.5*1.8 rise=50
|let f_t1 = 48/(tt1b - tt1a)
|let retention_n2 = f_t1 / f_ideal2
|let retention_n4 = edge_retention
|* --- value fidelity: time-average level of each combining node ---
|meas tran vxo_avg AVG v(xo) from=60n to=200n
|meas tran vt1_avg AVG v(xdut.t1) from=60n to=200n
|let bias_xo = vxo_avg / 1.8
|let bias_t1 = vt1_avg / 1.8
|* --- supply currents (sign-flipped to read as consumed current) ---
|meas tran i1 AVG i(Vddr1) from=60n to=200n
|meas tran i2 AVG i(Vddr2) from=60n to=200n
|meas tran i3 AVG i(Vddr3) from=60n to=200n
|meas tran i4 AVG i(Vddr4) from=60n to=200n
|meas tran ib AVG i(Vdd) from=60n to=200n
|let i_rings = -(i1 + i2 + i3 + i4)
|let i_block = -ib
|let i_array_total = i_rings + i_block
|let p_array_total = i_array_total * 1.8
|print tr1
|print tr2
|print tr3
|print tr4
|print skew_span
|print f_ideal
|print f_xo
|print edge_retention
|print retention_n2
|print retention_n4
|print bias_t1
|print bias_xo
|print swing_frac_xo
|print i_rings
|print i_block
|print i_array_total
|print p_array_total
|.endc
|.end
|

----- stdout -----

Note: No compatibility mode selected!


Circuit: * ro_array_core as rebuilt -- combining fidelity, frequency ladder, array current

Doing analysis at TEMP = 27.000000 and TNOM = 27.000000

Using SPARSE 1.3 as Direct Linear Solver

Initial Transient Solution
--------------------------

Node                                   Voltage
----                                   -------
vddr1                                      1.8
vddr2                                      1.8
vddr3                                      1.8
vddr4                                      1.8
vdd                                        1.8
en1                                          0
en2                                          0
en3                                          0
en4                                          0
xdut.xr1.xg.py                             1.8
xdut.xr1.n1                                1.8
xdut.rn1                                   1.8
xdut.xr1.xg.nm                         1.47372
xdut.xr1.xg.ny                     1.88127e-08
xdut.xr1.x1.py                         1.79986
xdut.xr1.n2                        4.30334e-05
xdut.xr1.x1.ny                     3.78671e-05
xdut.xr1.x2.py                             1.8
xdut.xr1.n3                                1.8
xdut.xr1.x2.ny                     7.20903e-09
xdut.xr1.x3.py                         1.79986
xdut.xr1.n4                        4.30333e-05
xdut.xr1.x3.ny                      3.7867e-05
xdut.xr1.x4.py                             1.8
xdut.xr1.x4.ny                     7.20903e-09
xdut.xr2.xg.py                             1.8
xdut.xr2.n1                                1.8
xdut.rn2                                   1.8
xdut.xr2.xg.nm                         1.47372
xdut.xr2.xg.ny                     1.80111e-08
xdut.xr2.x1.py                         1.79987
xdut.xr2.n2                        4.14239e-05
xdut.xr2.x1.ny                     3.62571e-05
xdut.xr2.x2.py                             1.8
xdut.xr2.n3                                1.8
xdut.xr2.x2.ny                     6.90158e-09
xdut.xr2.x3.py                         1.79987
xdut.xr2.n4                        4.14238e-05
xdut.xr2.x3.ny                      3.6257e-05
xdut.xr2.x4.py                             1.8
xdut.xr2.x4.ny                     6.90158e-09
xdut.xr3.xg.py                             1.8
xdut.xr3.n1                                1.8
xdut.rn3                                   1.8
xdut.xr3.xg.nm                         1.47372
xdut.xr3.xg.ny                     1.72749e-08
xdut.xr3.x1.py                         1.79987
xdut.xr3.n2                        3.99455e-05
xdut.xr3.x1.ny                     3.47782e-05
xdut.xr3.x2.py                             1.8
xdut.xr3.n3                                1.8
xdut.xr3.x2.ny                     6.61922e-09
xdut.xr3.x3.py                         1.79987
xdut.xr3.n4                        3.99453e-05
xdut.xr3.x3.ny                     3.47781e-05
xdut.xr3.x4.py                             1.8
xdut.xr3.x4.ny                     6.61922e-09
xdut.xr4.xg.py                             1.8
xdut.xr4.n1                                1.8
xdut.rn4                                   1.8
xdut.xr4.xg.nm                         1.47372
xdut.xr4.xg.ny                     1.65965e-08
xdut.xr4.x1.py                         1.79988
xdut.xr4.n2                        3.85829e-05
xdut.xr4.x1.ny                     3.34152e-05
xdut.xr4.x2.py                             1.8
xdut.xr4.n3                                1.8
xdut.xr4.x2.ny                     6.35905e-09
xdut.xr4.x3.py                         1.79988
xdut.xr4.n4                        3.85828e-05
xdut.xr4.x3.ny                     3.34151e-05
xdut.xr4.x4.py                             1.8
xdut.xr4.x4.ny                     6.35905e-09
ro1                                5.18155e-06
ro2                                5.18154e-06
ro3                                5.18154e-06
ro4                                5.18154e-06
xdut.xa1.an                                1.8
xdut.xa1.bn                                1.8
xdut.xa1.mid                           1.79999
xdut.t1                             1.9684e-05
xdut.xa1.s1                        7.22256e-06
xdut.xa1.s2                          9.842e-06
xdut.xa2.an                                1.8
xdut.xa2.bn                                1.8
xdut.xa2.mid                           1.79999
xdut.t2                             1.9684e-05
xdut.xa2.s1                        7.22256e-06
xdut.xa2.s2                          9.842e-06
xdut.xa3.an                                1.8
xdut.xa3.bn                                1.8
xdut.xa3.mid                           1.79999
xo                                  1.9684e-05
xdut.xa3.s1                        7.22325e-06
xdut.xa3.s2                          9.842e-06
ven4#branch                                  0
ven3#branch                                  0
ven2#branch                                  0
ven1#branch                                  0
vdd#branch                        -3.61008e-08
vddr4#branch                      -4.27213e-09
vddr3#branch                      -4.27177e-09
vddr2#branch                      -4.27138e-09
vddr1#branch                      -4.27097e-09

 Reference value :  0.00000e+00
 Reference value :  5.46400e-10
 Reference value :  1.22140e-09
 Reference value :  1.83640e-09
 Reference value :  2.35640e-09
 Reference value :  2.63640e-09
 Reference value :  3.30640e-09
 Reference value :  3.95640e-09
 Reference value :  4.65140e-09
 Reference value :  5.24250e-09
 Reference value :  5.85750e-09
 Reference value :  6.27250e-09
 Reference value :  6.72250e-09
 Reference value :  6.84250e-09
 Reference value :  7.48250e-09
 Reference value :  8.00250e-09
 Reference value :  8.48250e-09
 Reference value :  8.80250e-09
 Reference value :  9.29750e-09
 Reference value :  9.78750e-09
 Reference value :  1.03625e-08
 Reference value :  1.08575e-08
 Reference value :  1.13525e-08
 Reference value :  1.17525e-08
 Reference value :  1.20125e-08
 Reference value :  1.25525e-08
 Reference value :  1.30675e-08
 Reference value :  1.36675e-08
 Reference value :  1.42225e-08
 Reference value :  1.45625e-08
 Reference value :  1.47325e-08
 Reference value :  1.48675e-08
 Reference value :  1.54125e-08
 Reference value :  1.58725e-08
 Reference value :  1.63875e-08
 Reference value :  1.69725e-08
 Reference value :  1.73875e-08
 Reference value :  1.78225e-08
 Reference value :  1.80575e-08
 Reference value :  1.85925e-08
 Reference value :  1.90375e-08
 Reference value :  1.94875e-08
 Reference value :  1.97725e-08
 Reference value :  2.02525e-08
 Reference value :  2.06325e-08
 Reference value :  2.09025e-08
 Reference value :  2.14725e-08
 Reference value :  2.19425e-08
 Reference value :  2.24575e-08
 Reference value :  2.30425e-08
 Reference value :  2.35375e-08
 Reference value :  2.37925e-08
 Reference value :  2.39025e-08
 Reference value :  2.44025e-08
 Reference value :  2.49225e-08
 Reference value :  2.55725e-08
 Reference value :  2.60575e-08
 Reference value :  2.65275e-08
 Reference value :  2.65825e-08
 Reference value :  2.69575e-08
 Reference value :  2.75425e-08
 Reference value :  2.80975e-08
 Reference value :  2.85375e-08
 Reference value :  2.88075e-08
 Reference value :  2.90175e-08
 Reference value :  2.95825e-08
 Reference value :  3.00925e-08
 Reference value :  3.05775e-08
 Reference value :  3.06775e-08
 Reference value :  3.07825e-08
 Reference value :  3.10575e-08
 Reference value :  3.13875e-08
 Reference value :  3.17325e-08
 Reference value :  3.20425e-08
 Reference value :  3.22175e-08
 Reference value :  3.22325e-08
 Reference value :  3.27425e-08
 Reference value :  3.32125e-08
 Reference value :  3.37875e-08
 Reference value :  3.43025e-08
 Reference value :  3.47375e-08
 Reference value :  3.50775e-08
 Reference value :  3.52725e-08
 Reference value :  3.54775e-08
 Reference value :  3.57375e-08
 Reference value :  3.60475e-08
 Reference value :  3.63225e-08
 Reference value :  3.63925e-08
 Reference value :  3.64725e-08
 Reference value :  3.66425e-08
 Reference value :  3.68275e-08
 Reference value :  3.68475e-08
 Reference value :  3.74325e-08
 Reference value :  3.79025e-08
 Reference value :  3.82175e-08
 Reference value :  3.84225e-08
 Reference value :  3.89325e-08
 Reference value :  3.95225e-08
 Reference value :  4.00275e-08
 Reference value :  4.05275e-08
 Reference value :  4.09525e-08
 Reference value :  4.13125e-08
 Reference value :  4.16725e-08
 Reference value :  4.21725e-08
 Reference value :  4.26325e-08
 Reference value :  4.31375e-08
 Reference value :  4.36375e-08
 Reference value :  4.40975e-08
 Reference value :  4.42975e-08
 Reference value :  4.48475e-08
 Reference value :  4.53975e-08
 Reference value :  4.60775e-08
 Reference value :  4.65775e-08
 Reference value :  4.71175e-08
 Reference value :  4.76025e-08
 Reference value :  4.79775e-08
 Reference value :  4.80925e-08
 Reference value :  4.85725e-08
 Reference value :  4.90625e-08
 Reference value :  4.95825e-08
 Reference value :  5.01325e-08
 Reference value :  5.05025e-08
 Reference value :  5.09225e-08
 Reference value :  5.14425e-08
 Reference value :  5.19375e-08
 Reference value :  5.24775e-08
 Reference value :  5.28025e-08
 Reference value :  5.29425e-08
 Reference value :  5.31775e-08
 Reference value :  5.37525e-08
 Reference value :  5.42475e-08
 Reference value :  5.45575e-08
 Reference value :  5.48225e-08
 Reference value :  5.53725e-08
 Reference value :  5.58875e-08
 Reference value :  5.64225e-08
 Reference value :  5.69325e-08
 Reference value :  5.71675e-08
 Reference value :  5.73125e-08
 Reference value :  5.77625e-08
 Reference value :  5.82925e-08
 Reference value :  5.87525e-08
 Reference value :  5.91875e-08
 Reference value :  5.93725e-08
 Reference value :  5.99725e-08
 Reference value :  6.04825e-08
 Reference value :  6.09425e-08
 Reference value :  6.14825e-08
 Reference value :  6.20625e-08
 Reference value :  6.25775e-08
 Reference value :  6.27125e-08
 Reference value :  6.32125e-08
 Reference value :  6.35925e-08
 Reference value :  6.42525e-08
 Reference value :  6.47575e-08
 Reference value :  6.51525e-08
 Reference value :  6.55275e-08
 Reference value :  6.56825e-08
 Reference value :  6.63125e-08
 Reference value :  6.68575e-08
 Reference value :  6.73575e-08
 Reference value :  6.78975e-08
 Reference value :  6.84725e-08
 Reference value :  6.89225e-08
 Reference value :  6.92475e-08
 Reference value :  6.94825e-08
 Reference value :  6.99875e-08
 Reference value :  7.05025e-08
 Reference value :  7.09625e-08
 Reference value :  7.14475e-08
 Reference value :  7.19525e-08
 Reference value :  7.23425e-08
 Reference value :  7.26675e-08
 Reference value :  7.31325e-08
 Reference value :  7.36775e-08
 Reference value :  7.42075e-08
 Reference value :  7.47225e-08
 Reference value :  7.52125e-08
 Reference value :  7.55975e-08
 Reference value :  7.60225e-08
 Reference value :  7.62375e-08
 Reference value :  7.65075e-08
 Reference value :  7.67875e-08
 Reference value :  7.70625e-08
 Reference value :  7.73575e-08
 Reference value :  7.76175e-08
 Reference value :  7.79025e-08
 Reference value :  7.81025e-08
 Reference value :  7.86575e-08
 Reference value :  7.92125e-08
 Reference value :  7.97075e-08
 Reference value :  8.03325e-08
 Reference value :  8.06775e-08
 Reference value :  8.08575e-08
 Reference value :  8.09775e-08
 Reference value :  8.14875e-08
 Reference value :  8.20075e-08
 Reference value :  8.24775e-08
 Reference value :  8.30175e-08
 Reference value :  8.35975e-08
 Reference value :  8.41175e-08
 Reference value :  8.45925e-08
 Reference value :  8.50775e-08
 Reference value :  8.56175e-08
 Reference value :  8.60625e-08
 Reference value :  8.64775e-08
 Reference value :  8.68225e-08
 Reference value :  8.73925e-08
 Reference value :  8.79575e-08
 Reference value :  8.84975e-08
 Reference value :  8.90325e-08
 Reference value :  8.95375e-08
 Reference value :  9.00875e-08
 Reference value :  9.05875e-08
 Reference value :  9.11125e-08
 Reference value :  9.16225e-08
 Reference value :  9.21475e-08
 Reference value :  9.26775e-08
 Reference value :  9.31425e-08
 Reference value :  9.36775e-08
 Reference value :  9.41325e-08
 Reference value :  9.46725e-08
 Reference value :  9.51525e-08
 Reference value :  9.56775e-08
 Reference value :  9.62125e-08
 Reference value :  9.67175e-08
 Reference value :  9.72225e-08
 Reference value :  9.77175e-08
 Reference value :  9.83425e-08
 Reference value :  9.89375e-08
 Reference value :  9.93975e-08
 Reference value :  9.99025e-08
 Reference value :  1.00453e-07
 Reference value :  1.01043e-07
 Reference value :  1.01453e-07
 Reference value :  1.01978e-07
 Reference value :  1.02548e-07
 Reference value :  1.03118e-07
 Reference value :  1.03608e-07
 Reference value :  1.04078e-07
 Reference value :  1.04643e-07
 Reference value :  1.05198e-07
 Reference value :  1.05298e-07
 Reference value :  1.05833e-07
 Reference value :  1.06278e-07
 Reference value :  1.06843e-07
 Reference value :  1.07338e-07
 Reference value :  1.07853e-07
 Reference value :  1.08308e-07
 Reference value :  1.08848e-07
 Reference value :  1.09418e-07
 Reference value :  1.09943e-07
 Reference value :  1.10483e-07
 Reference value :  1.11018e-07
 Reference value :  1.11538e-07
 Reference value :  1.12033e-07
 Reference value :  1.12613e-07
 Reference value :  1.13183e-07
 Reference value :  1.13678e-07
 Reference value :  1.14198e-07
 Reference value :  1.14743e-07
 Reference value :  1.15223e-07
 Reference value :  1.15728e-07
 Reference value :  1.16228e-07
 Reference value :  1.16793e-07
 Reference value :  1.17328e-07
 Reference value :  1.17888e-07
 Reference value :  1.18373e-07
 Reference value :  1.18953e-07
 Reference value :  1.19513e-07
 Reference value :  1.19693e-07
 Reference value :  1.19918e-07
 Reference value :  1.19933e-07
 Reference value :  1.20248e-07
 Reference value :  1.20568e-07
 Reference value :  1.20883e-07
 Reference value :  1.21153e-07
 Reference value :  1.21238e-07
 Reference value :  1.21408e-07
 Reference value :  1.21913e-07
 Reference value :  1.22333e-07
 Reference value :  1.22783e-07
 Reference value :  1.23238e-07
 Reference value :  1.23753e-07
 Reference value :  1.24228e-07
 Reference value :  1.24743e-07
 Reference value :  1.25373e-07
 Reference value :  1.25923e-07
 Reference value :  1.26453e-07
 Reference value :  1.27013e-07
 Reference value :  1.27493e-07
 Reference value :  1.28033e-07
 Reference value :  1.28573e-07
 Reference value :  1.29113e-07
 Reference value :  1.29623e-07
 Reference value :  1.30083e-07
 Reference value :  1.30618e-07
 Reference value :  1.31143e-07
 Reference value :  1.31643e-07
 Reference value :  1.32163e-07
 Reference value :  1.32718e-07
 Reference value :  1.33093e-07
 Reference value :  1.33333e-07
 Reference value :  1.33788e-07
 Reference value :  1.34263e-07
 Reference value :  1.34883e-07
 Reference value :  1.35443e-07
 Reference value :  1.35943e-07
 Reference value :  1.36438e-07
 Reference value :  1.36913e-07
 Reference value :  1.37478e-07
 Reference value :  1.37943e-07
 Reference value :  1.38498e-07
 Reference value :  1.39068e-07
 Reference value :  1.39588e-07
 Reference value :  1.40103e-07
 Reference value :  1.40598e-07
 Reference value :  1.41138e-07
 Reference value :  1.41653e-07
 Reference value :  1.42198e-07
 Reference value :  1.42718e-07
 Reference value :  1.43318e-07
 Reference value :  1.43883e-07
 Reference value :  1.44373e-07
 Reference value :  1.44898e-07
 Reference value :  1.45388e-07
 Reference value :  1.45938e-07
 Reference value :  1.46473e-07
 Reference value :  1.46978e-07
 Reference value :  1.47513e-07
 Reference value :  1.48023e-07
 Reference value :  1.48568e-07
 Reference value :  1.49088e-07
 Reference value :  1.49668e-07
 Reference value :  1.50178e-07
 Reference value :  1.50718e-07
 Reference value :  1.51293e-07
 Reference value :  1.51743e-07
 Reference value :  1.52263e-07
 Reference value :  1.52623e-07
 Reference value :  1.52733e-07
 Reference value :  1.52963e-07
 Reference value :  1.53333e-07
 Reference value :  1.53598e-07
 Reference value :  1.53748e-07
 Reference value :  1.54088e-07
 Reference value :  1.54098e-07
 Reference value :  1.54153e-07
 Reference value :  1.54618e-07
 Reference value :  1.55143e-07
 Reference value :  1.55693e-07
 Reference value :  1.56178e-07
 Reference value :  1.56728e-07
 Reference value :  1.57343e-07
 Reference value :  1.57913e-07
 Reference value :  1.58403e-07
 Reference value :  1.58913e-07
 Reference value :  1.59418e-07
 Reference value :  1.59868e-07
 Reference value :  1.60423e-07
 Reference value :  1.60913e-07
 Reference value :  1.61433e-07
 Reference value :  1.61933e-07
 Reference value :  1.62463e-07
 Reference value :  1.63033e-07
 Reference value :  1.63493e-07
 Reference value :  1.64078e-07
 Reference value :  1.64338e-07
 Reference value :  1.64853e-07
 Reference value :  1.65403e-07
 Reference value :  1.65913e-07
 Reference value :  1.66433e-07
 Reference value :  1.66933e-07
 Reference value :  1.67493e-07
 Reference value :  1.67988e-07
 Reference value :  1.68483e-07
 Reference value :  1.69008e-07
 Reference value :  1.69563e-07
 Reference value :  1.70078e-07
 Reference value :  1.70513e-07
 Reference value :  1.71003e-07
 Reference value :  1.71558e-07
 Reference value :  1.72078e-07
 Reference value :  1.72568e-07
 Reference value :  1.73133e-07
 Reference value :  1.73783e-07
 Reference value :  1.74248e-07
 Reference value :  1.74673e-07
 Reference value :  1.74828e-07
 Reference value :  1.75373e-07
 Reference value :  1.75993e-07
 Reference value :  1.76503e-07
 Reference value :  1.76973e-07
 Reference value :  1.77493e-07
 Reference value :  1.78113e-07
 Reference value :  1.78638e-07
 Reference value :  1.79193e-07
 Reference value :  1.79773e-07
 Reference value :  1.80328e-07
 Reference value :  1.80863e-07
 Reference value :  1.81318e-07
 Reference value :  1.81888e-07
 Reference value :  1.82438e-07
 Reference value :  1.82993e-07
 Reference value :  1.83493e-07
 Reference value :  1.83963e-07
 Reference value :  1.84518e-07
 Reference value :  1.84843e-07
 Reference value :  1.85193e-07
 Reference value :  1.85663e-07
 Reference value :  1.86153e-07
 Reference value :  1.86668e-07
 Reference value :  1.87083e-07
 Reference value :  1.87548e-07
 Reference value :  1.87993e-07
 Reference value :  1.88558e-07
 Reference value :  1.89078e-07
 Reference value :  1.89713e-07
 Reference value :  1.90248e-07
 Reference value :  1.90813e-07
 Reference value :  1.91373e-07
 Reference value :  1.91978e-07
 Reference value :  1.92533e-07
 Reference value :  1.93053e-07
 Reference value :  1.93543e-07
 Reference value :  1.94133e-07
 Reference value :  1.94348e-07
 Reference value :  1.94863e-07
 Reference value :  1.95338e-07
 Reference value :  1.95858e-07
 Reference value :  1.96383e-07
 Reference value :  1.96928e-07
 Reference value :  1.97448e-07
 Reference value :  1.97993e-07
 Reference value :  1.98553e-07
 Reference value :  1.99053e-07
 Reference value :  1.99583e-07
No. of Data Rows : 40014
t1a                 =  1.12594e-08
t1b                 =  3.53814e-08
t2a                 =  1.09315e-08
t2b                 =  3.36583e-08
t3a                 =  1.06180e-08
t3b                 =  3.21040e-08
t4a                 =  1.03424e-08
t4b                 =  3.06429e-08
vxo_max             =  1.94470e+00 at=  7.05925e-08
vxo_min             =  -1.72693e-01 at=  1.30953e-07
txo_a               =  7.93005e-09
txo_b               =  4.83024e-08
tt1a                =  8.78085e-09
tt1b                =  7.88981e-08
vxo_avg             =  7.89951e-01 from=  6.00000e-08 to=  2.00000e-07
vt1_avg             =  8.71827e-01 from=  6.00000e-08 to=  2.00000e-07
i1                  =  -1.39176e-05 from=  6.00000e-08 to=  2.00000e-07
i2                  =  -1.45344e-05 from=  6.00000e-08 to=  2.00000e-07
i3                  =  -1.51469e-05 from=  6.00000e-08 to=  2.00000e-07
i4                  =  -1.57682e-05 from=  6.00000e-08 to=  2.00000e-07
ib                  =  -9.07587e-05 from=  6.00000e-08 to=  2.00000e-07
tr1 = 2.412203e-09
tr2 = 2.272679e-09
tr3 = 2.148599e-09
tr4 = 2.030050e-09
skew_span = 1.188248e+00
f_ideal = 1.812586e+09
f_xo = 1.188932e+09
edge_retention = 6.559313e-01
retention_n2 = 8.010686e-01
retention_n4 = 6.559313e-01
bias_t1 = 4.843486e-01
bias_xo = 4.388618e-01
swing_frac_xo = 1.176328e+00
i_rings = 5.936713e-05
i_block = 9.075868e-05
i_array_total = 1.501258e-04
p_array_total = 2.702265e-04
Note: Simulation executed from .control section 

----- stderr -----

Checking parameters for BSIM 4.5 model xdut.xa3.xmn4:nshort_model.40
Warning: Eta0 = -0.00908636 is negative.

Checking parameters for BSIM 4.5 model xdut.xa3.xmn3:nshort_model.40
Warning: Eta0 = -0.00908636 is negative.

Checking parameters for BSIM 4.5 model xdut.xa3.xmn2:nshort_model.40
Warning: Eta0 = -0.00908636 is negative.

Checking parameters for BSIM 4.5 model xdut.xa3.xmn1:nshort_model.40
Warning: Eta0 = -0.00908636 is negative.

Checking parameters for BSIM 4.5 model xdut.xa3.xmp4:pshort_model.32
Warning: A2 = 1.14662 is larger than 1. A2 is set to 1 and A1 is set to 0.
Warning: Pdibl1 = -0.0493749 is negative.
Warning: Pdibl2 = -0.000925472 is negative.

Checking parameters for BSIM 4.5 model xdut.xa3.xmp3:pshort_model.32
Warning: A2 = 1.14662 is larger than 1. A2 is set to 1 and A1 is set to 0.
Warning: Pdibl1 = -0.0493749 is negative.
Warning: Pdibl2 = -0.000925472 is negative.

Checking parameters for BSIM 4.5 model xdut.xa3.xmp2:pshort_model.32
Warning: A2 = 1.14662 is larger than 1. A2 is set to 1 and A1 is set to 0.
Warning: Pdibl1 = -0.0493749 is negative.
Warning: Pdibl2 = -0.000925472 is negative.

Checking parameters for BSIM 4.5 model xdut.xa3.xmp1:pshort_model.32
Warning: A2 = 1.14662 is larger than 1. A2 is set to 1 and A1 is set to 0.
Warning: Pdibl1 = -0.0493749 is negative.
Warning: Pdibl2 = -0.000925472 is negative.

Checking parameters for BSIM 4.5 model xdut.xa3.xmnib:nshort_model.48
Warning: Eta0 = -0.0261666 is negative.

Checking parameters for BSIM 4.5 model xdut.xa3.xmpib:pshort_model.40
Warning: A2 = 1.0885 is larger than 1. A2 is set to 1 and A1 is set to 0.
Warning: Pdibl1 = -0.00669442 is negative.

Checking parameters for BSIM 4.5 model xdut.xa3.xmnia:nshort_model.48
Warning: Eta0 = -0.0261666 is negative.

Checking parameters for BSIM 4.5 model xdut.xa3.xmpia:pshort_model.40
Warning: A2 = 1.0885 is larger than 1. A2 is set to 1 and A1 is set to 0.
Warning: Pdibl1 = -0.00669442 is negative.

Checking parameters for BSIM 4.5 model xdut.xa2.xmn4:nshort_model.40
Warning: Eta0 = -0.00908636 is negative.

Checking parameters for BSIM 4.5 model xdut.xa2.xmn3:nshort_model.40
Warning: Eta0 = -0.00908636 is negative.

Checking parameters for BSIM 4.5 model xdut.xa2.xmn2:nshort_model.40
Warning: Eta0 = -0.00908636 is negative.

Checking parameters for BSIM 4.5 model xdut.xa2.xmn1:nshort_model.40
Warning: Eta0 = -0.00908636 is negative.

Checking parameters for BSIM 4.5 model xdut.xa2.xmp4:pshort_model.32
Warning: A2 = 1.14662 is larger than 1. A2 is set to 1 and A1 is set to 0.
Warning: Pdibl1 = -0.0493749 is negative.
Warning: Pdibl2 = -0.000925472 is negative.

Checking parameters for BSIM 4.5 model xdut.xa2.xmp3:pshort_model.32
Warning: A2 = 1.14662 is larger than 1. A2 is set to 1 and A1 is set to 0.
Warning: Pdibl1 = -0.0493749 is negative.
Warning: Pdibl2 = -0.000925472 is negative.

Checking parameters for BSIM 4.5 model xdut.xa2.xmp2:pshort_model.32
Warning: A2 = 1.14662 is larger than 1. A2 is set to 1 and A1 is set to 0.
Warning: Pdibl1 = -0.0493749 is negative.
Warning: Pdibl2 = -0.000925472 is negative.

Checking parameters for BSIM 4.5 model xdut.xa2.xmp1:pshort_model.32
Warning: A2 = 1.14662 is larger than 1. A2 is set to 1 and A1 is set to 0.
Warning: Pdibl1 = -0.0493749 is negative.
Warning: Pdibl2 = -0.000925472 is negative.

Checking parameters for BSIM 4.5 model xdut.xa2.xmnib:nshort_model.48
Warning: Eta0 = -0.0261666 is negative.

Checking parameters for BSIM 4.5 model xdut.xa2.xmpib:pshort_model.40
Warning: A2 = 1.0885 is larger than 1. A2 is set to 1 and A1 is set to 0.
Warning: Pdibl1 = -0.00669442 is negative.

Checking parameters for BSIM 4.5 model xdut.xa2.xmnia:nshort_model.48
Warning: Eta0 = -0.0261666 is negative.

Checking parameters for BSIM 4.5 model xdut.xa2.xmpia:pshort_model.40
Warning: A2 = 1.0885 is larger than 1. A2 is set to 1 and A1 is set to 0.
Warning: Pdibl1 = -0.00669442 is negative.

Checking parameters for BSIM 4.5 model xdut.xa1.xmn4:nshort_model.40
Warning: Eta0 = -0.00908636 is negative.

Checking parameters for BSIM 4.5 model xdut.xa1.xmn3:nshort_model.40
Warning: Eta0 = -0.00908636 is negative.

Checking parameters for BSIM 4.5 model xdut.xa1.xmn2:nshort_model.40
Warning: Eta0 = -0.00908636 is negative.

Checking parameters for BSIM 4.5 model xdut.xa1.xmn1:nshort_model.40
Warning: Eta0 = -0.00908636 is negative.

Checking parameters for BSIM 4.5 model xdut.xa1.xmp4:pshort_model.32
Warning: A2 = 1.14662 is larger than 1. A2 is set to 1 and A1 is set to 0.
Warning: Pdibl1 = -0.0493749 is negative.
Warning: Pdibl2 = -0.000925472 is negative.

Checking parameters for BSIM 4.5 model xdut.xa1.xmp3:pshort_model.32
Warning: A2 = 1.14662 is larger than 1. A2 is set to 1 and A1 is set to 0.
Warning: Pdibl1 = -0.0493749 is negative.
Warning: Pdibl2 = -0.000925472 is negative.

Checking parameters for BSIM 4.5 model xdut.xa1.xmp2:pshort_model.32
Warning: A2 = 1.14662 is larger than 1. A2 is set to 1 and A1 is set to 0.
Warning: Pdibl1 = -0.0493749 is negative.
Warning: Pdibl2 = -0.000925472 is negative.

Checking parameters for BSIM 4.5 model xdut.xa1.xmp1:pshort_model.32
Warning: A2 = 1.14662 is larger than 1. A2 is set to 1 and A1 is set to 0.
Warning: Pdibl1 = -0.0493749 is negative.
Warning: Pdibl2 = -0.000925472 is negative.

Checking parameters for BSIM 4.5 model xdut.xa1.xmnib:nshort_model.48
Warning: Eta0 = -0.0261666 is negative.

Checking parameters for BSIM 4.5 model xdut.xa1.xmpib:pshort_model.40
Warning: A2 = 1.0885 is larger than 1. A2 is set to 1 and A1 is set to 0.
Warning: Pdibl1 = -0.00669442 is negative.

Checking parameters for BSIM 4.5 model xdut.xa1.xmnia:nshort_model.48
Warning: Eta0 = -0.0261666 is negative.

Checking parameters for BSIM 4.5 model xdut.xa1.xmpia:pshort_model.40
Warning: A2 = 1.0885 is larger than 1. A2 is set to 1 and A1 is set to 0.
Warning: Pdibl1 = -0.00669442 is negative.

Checking parameters for BSIM 4.5 model xdut.xb4.xmn:nshort_model.48
Warning: Eta0 = -0.0261666 is negative.

Checking parameters for BSIM 4.5 model xdut.xb4.xmp:pshort_model.40
Warning: A2 = 1.0885 is larger than 1. A2 is set to 1 and A1 is set to 0.
Warning: Pdibl1 = -0.00669442 is negative.

Checking parameters for BSIM 4.5 model xdut.xb3.xmn:nshort_model.48
Warning: Eta0 = -0.0261666 is negative.

Checking parameters for BSIM 4.5 model xdut.xb3.xmp:pshort_model.40
Warning: A2 = 1.0885 is larger than 1. A2 is set to 1 and A1 is set to 0.
Warning: Pdibl1 = -0.00669442 is negative.

Checking parameters for BSIM 4.5 model xdut.xb2.xmn:nshort_model.48
Warning: Eta0 = -0.0261666 is negative.

Checking parameters for BSIM 4.5 model xdut.xb2.xmp:pshort_model.40
Warning: A2 = 1.0885 is larger than 1. A2 is set to 1 and A1 is set to 0.
Warning: Pdibl1 = -0.00669442 is negative.

Checking parameters for BSIM 4.5 model xdut.xb1.xmn:nshort_model.48
Warning: Eta0 = -0.0261666 is negative.

Checking parameters for BSIM 4.5 model xdut.xb1.xmp:pshort_model.40
Warning: A2 = 1.0885 is larger than 1. A2 is set to 1 and A1 is set to 0.
Warning: Pdibl1 = -0.00669442 is negative.

Checking parameters for BSIM 4.5 model xdut.xr4.x4.xmn:nshort_model.48
Warning: Eta0 = -0.0261666 is negative.

Checking parameters for BSIM 4.5 model xdut.xr4.x4.xmp:pshort_model.40
Warning: A2 = 1.0885 is larger than 1. A2 is set to 1 and A1 is set to 0.
Warning: Pdibl1 = -0.00669442 is negative.

Checking parameters for BSIM 4.5 model xdut.xr4.x3.xmn:nshort_model.48
Warning: Eta0 = -0.0261666 is negative.

Checking parameters for BSIM 4.5 model xdut.xr4.x3.xmp:pshort_model.40
Warning: A2 = 1.0885 is larger than 1. A2 is set to 1 and A1 is set to 0.
Warning: Pdibl1 = -0.00669442 is negative.

Checking parameters for BSIM 4.5 model xdut.xr4.x2.xmn:nshort_model.48
Warning: Eta0 = -0.0261666 is negative.

Checking parameters for BSIM 4.5 model xdut.xr4.x2.xmp:pshort_model.40
Warning: A2 = 1.0885 is larger than 1. A2 is set to 1 and A1 is set to 0.
Warning: Pdibl1 = -0.00669442 is negative.

Checking parameters for BSIM 4.5 model xdut.xr4.x1.xmn:nshort_model.48
Warning: Eta0 = -0.0261666 is negative.

Checking parameters for BSIM 4.5 model xdut.xr4.x1.xmp:pshort_model.40
Warning: A2 = 1.0885 is larger than 1. A2 is set to 1 and A1 is set to 0.
Warning: Pdibl1 = -0.00669442 is negative.

Checking parameters for BSIM 4.5 model xdut.xr4.xg.xmnb:nshort_model.40
Warning: Eta0 = -0.00908636 is negative.

Checking parameters for BSIM 4.5 model xdut.xr4.xg.xmna:nshort_model.40
Warning: Eta0 = -0.00908636 is negative.

Checking parameters for BSIM 4.5 model xdut.xr4.xg.xmpb:pshort_model.40
Warning: A2 = 1.0885 is larger than 1. A2 is set to 1 and A1 is set to 0.
Warning: Pdibl1 = -0.00669442 is negative.

Checking parameters for BSIM 4.5 model xdut.xr4.xg.xmpa:pshort_model.40
Warning: A2 = 1.0885 is larger than 1. A2 is set to 1 and A1 is set to 0.
Warning: Pdibl1 = -0.00669442 is negative.

Checking parameters for BSIM 4.5 model xdut.xr3.x4.xmn:nshort_model.48
Warning: Eta0 = -0.0261666 is negative.

Checking parameters for BSIM 4.5 model xdut.xr3.x4.xmp:pshort_model.40
Warning: A2 = 1.0885 is larger than 1. A2 is set to 1 and A1 is set to 0.
Warning: Pdibl1 = -0.00669442 is negative.

Checking parameters for BSIM 4.5 model xdut.xr3.x3.xmn:nshort_model.48
Warning: Eta0 = -0.0261666 is negative.

Checking parameters for BSIM 4.5 model xdut.xr3.x3.xmp:pshort_model.40
Warning: A2 = 1.0885 is larger than 1. A2 is set to 1 and A1 is set to 0.
Warning: Pdibl1 = -0.00669442 is negative.

Checking parameters for BSIM 4.5 model xdut.xr3.x2.xmn:nshort_model.48
Warning: Eta0 = -0.0261666 is negative.

Checking parameters for BSIM 4.5 model xdut.xr3.x2.xmp:pshort_model.40
Warning: A2 = 1.0885 is larger than 1. A2 is set to 1 and A1 is set to 0.
Warning: Pdibl1 = -0.00669442 is negative.

Checking parameters for BSIM 4.5 model xdut.xr3.x1.xmn:nshort_model.48
Warning: Eta0 = -0.0261666 is negative.

Checking parameters for BSIM 4.5 model xdut.xr3.x1.xmp:pshort_model.40
Warning: A2 = 1.0885 is larger than 1. A2 is set to 1 and A1 is set to 0.
Warning: Pdibl1 = -0.00669442 is negative.

Checking parameters for BSIM 4.5 model xdut.xr3.xg.xmnb:nshort_model.40
Warning: Eta0 = -0.00908636 is negative.

Checking parameters for BSIM 4.5 model xdut.xr3.xg.xmna:nshort_model.40
Warning: Eta0 = -0.00908636 is negative.

Checking parameters for BSIM 4.5 model xdut.xr3.xg.xmpb:pshort_model.40
Warning: A2 = 1.0885 is larger than 1. A2 is set to 1 and A1 is set to 0.
Warning: Pdibl1 = -0.00669442 is negative.

Checking parameters for BSIM 4.5 model xdut.xr3.xg.xmpa:pshort_model.40
Warning: A2 = 1.0885 is larger than 1. A2 is set to 1 and A1 is set to 0.
Warning: Pdibl1 = -0.00669442 is negative.

Checking parameters for BSIM 4.5 model xdut.xr2.x4.xmn:nshort_model.48
Warning: Eta0 = -0.0261666 is negative.

Checking parameters for BSIM 4.5 model xdut.xr2.x4.xmp:pshort_model.40
Warning: A2 = 1.0885 is larger than 1. A2 is set to 1 and A1 is set to 0.
Warning: Pdibl1 = -0.00669442 is negative.

Checking parameters for BSIM 4.5 model xdut.xr2.x3.xmn:nshort_model.48
Warning: Eta0 = -0.0261666 is negative.

Checking parameters for BSIM 4.5 model xdut.xr2.x3.xmp:pshort_model.40
Warning: A2 = 1.0885 is larger than 1. A2 is set to 1 and A1 is set to 0.
Warning: Pdibl1 = -0.00669442 is negative.

Checking parameters for BSIM 4.5 model xdut.xr2.x2.xmn:nshort_model.48
Warning: Eta0 = -0.0261666 is negative.

Checking parameters for BSIM 4.5 model xdut.xr2.x2.xmp:pshort_model.40
Warning: A2 = 1.0885 is larger than 1. A2 is set to 1 and A1 is set to 0.
Warning: Pdibl1 = -0.00669442 is negative.

Checking parameters for BSIM 4.5 model xdut.xr2.x1.xmn:nshort_model.48
Warning: Eta0 = -0.0261666 is negative.

Checking parameters for BSIM 4.5 model xdut.xr2.x1.xmp:pshort_model.40
Warning: A2 = 1.0885 is larger than 1. A2 is set to 1 and A1 is set to 0.
Warning: Pdibl1 = -0.00669442 is negative.

Checking parameters for BSIM 4.5 model xdut.xr2.xg.xmnb:nshort_model.40
Warning: Eta0 = -0.00908636 is negative.

Checking parameters for BSIM 4.5 model xdut.xr2.xg.xmna:nshort_model.40
Warning: Eta0 = -0.00908636 is negative.

Checking parameters for BSIM 4.5 model xdut.xr2.xg.xmpb:pshort_model.40
Warning: A2 = 1.0885 is larger than 1. A2 is set to 1 and A1 is set to 0.
Warning: Pdibl1 = -0.00669442 is negative.

Checking parameters for BSIM 4.5 model xdut.xr2.xg.xmpa:pshort_model.40
Warning: A2 = 1.0885 is larger than 1. A2 is set to 1 and A1 is set to 0.
Warning: Pdibl1 = -0.00669442 is negative.

Checking parameters for BSIM 4.5 model xdut.xr1.x4.xmn:nshort_model.48
Warning: Eta0 = -0.0261666 is negative.

Checking parameters for BSIM 4.5 model xdut.xr1.x4.xmp:pshort_model.40
Warning: A2 = 1.0885 is larger than 1. A2 is set to 1 and A1 is set to 0.
Warning: Pdibl1 = -0.00669442 is negative.

Checking parameters for BSIM 4.5 model xdut.xr1.x3.xmn:nshort_model.48
Warning: Eta0 = -0.0261666 is negative.

Checking parameters for BSIM 4.5 model xdut.xr1.x3.xmp:pshort_model.40
Warning: A2 = 1.0885 is larger than 1. A2 is set to 1 and A1 is set to 0.
Warning: Pdibl1 = -0.00669442 is negative.

Checking parameters for BSIM 4.5 model xdut.xr1.x2.xmn:nshort_model.48
Warning: Eta0 = -0.0261666 is negative.

Checking parameters for BSIM 4.5 model xdut.xr1.x2.xmp:pshort_model.40
Warning: A2 = 1.0885 is larger than 1. A2 is set to 1 and A1 is set to 0.
Warning: Pdibl1 = -0.00669442 is negative.

Checking parameters for BSIM 4.5 model xdut.xr1.x1.xmn:nshort_model.48
Warning: Eta0 = -0.0261666 is negative.

Checking parameters for BSIM 4.5 model xdut.xr1.x1.xmp:pshort_model.40
Warning: A2 = 1.0885 is larger than 1. A2 is set to 1 and A1 is set to 0.
Warning: Pdibl1 = -0.00669442 is negative.

Checking parameters for BSIM 4.5 model xdut.xr1.xg.xmnb:nshort_model.40
Warning: Eta0 = -0.00908636 is negative.

Checking parameters for BSIM 4.5 model xdut.xr1.xg.xmna:nshort_model.40
Warning: Eta0 = -0.00908636 is negative.

Checking parameters for BSIM 4.5 model xdut.xr1.xg.xmpb:pshort_model.40
Warning: A2 = 1.0885 is larger than 1. A2 is set to 1 and A1 is set to 0.
Warning: Pdibl1 = -0.00669442 is negative.

Checking parameters for BSIM 4.5 model xdut.xr1.xg.xmpa:pshort_model.40
Warning: A2 = 1.0885 is larger than 1. A2 is set to 1 and A1 is set to 0.
Warning: Pdibl1 = -0.00669442 is negative.

