OpenROAD 26Q3-1510-g6cb3f2b704 
Features included (+) or not (-): +GPU +GUI +Python
This program is licensed under the BSD-3 license. See the LICENSE file for details.
Components of this program may be licensed under more restrictive licenses which must be honored.
===KLT_MAX_TRANSITION_LIBRARY_VIOLATIONS_BEGIN===
===KLT_MAX_TRANSITION_LIBRARY_VIOLATIONS_END===
===KLT_MAX_CAPACITANCE_LIBRARY_VIOLATIONS_BEGIN===
===KLT_MAX_CAPACITANCE_LIBRARY_VIOLATIONS_END===
===KLT_MAX_TRANSITION_VIOLATIONS_BEGIN===
max slew

Pin                                    Limit    Slew   Slack
------------------------------------------------------------
_1651_/Y                                0.70    1.11   -0.41 (VIOLATED)
_1652_/D                                0.70    1.11   -0.41 (VIOLATED)
_1653_/A3                               0.70    1.11   -0.41 (VIOLATED)
_2204_/B                                0.70    1.11   -0.41 (VIOLATED)
_2207_/A1                               0.70    1.11   -0.41 (VIOLATED)
_2211_/A2                               0.70    1.11   -0.41 (VIOLATED)
_2938_/S                                0.70    0.93   -0.23 (VIOLATED)
_3173_/S                                0.70    0.93   -0.23 (VIOLATED)
_2951_/S                                0.70    0.93   -0.23 (VIOLATED)
_2969_/S                                0.70    0.93   -0.23 (VIOLATED)
_2946_/B                                0.70    0.93   -0.23 (VIOLATED)
_2947_/A2                               0.70    0.93   -0.23 (VIOLATED)
_2971_/B                                0.70    0.93   -0.23 (VIOLATED)
_2972_/A2                               0.70    0.93   -0.23 (VIOLATED)
_3000_/B                                0.70    0.93   -0.23 (VIOLATED)
_3001_/A2                               0.70    0.93   -0.23 (VIOLATED)
_2965_/S                                0.70    0.93   -0.23 (VIOLATED)
_2949_/S                                0.70    0.93   -0.23 (VIOLATED)
_2967_/S                                0.70    0.93   -0.23 (VIOLATED)
_2992_/B                                0.70    0.93   -0.23 (VIOLATED)
_2993_/A2                               0.70    0.93   -0.23 (VIOLATED)
_2980_/B                                0.70    0.93   -0.23 (VIOLATED)
_2981_/A2                               0.70    0.93   -0.23 (VIOLATED)
_2978_/S                                0.70    0.93   -0.23 (VIOLATED)
_2976_/S                                0.70    0.93   -0.23 (VIOLATED)
_2963_/S                                0.70    0.93   -0.23 (VIOLATED)
_2961_/S                                0.70    0.93   -0.23 (VIOLATED)
_2954_/A2                               0.70    0.93   -0.23 (VIOLATED)
_2953_/B                                0.70    0.93   -0.23 (VIOLATED)
_2985_/A2                               0.70    0.93   -0.23 (VIOLATED)
_2957_/B                                0.70    0.93   -0.23 (VIOLATED)
_2958_/A2                               0.70    0.93   -0.23 (VIOLATED)
_2940_/S                                0.70    0.93   -0.23 (VIOLATED)
_3016_/A2                               0.70    0.93   -0.23 (VIOLATED)
_3015_/B                                0.70    0.93   -0.23 (VIOLATED)
_2935_/S                                0.70    0.93   -0.23 (VIOLATED)
_2943_/S                                0.70    0.93   -0.23 (VIOLATED)
_2987_/B                                0.70    0.93   -0.23 (VIOLATED)
_2998_/S                                0.70    0.93   -0.23 (VIOLATED)
_2988_/A2                               0.70    0.93   -0.23 (VIOLATED)
_2995_/B                                0.70    0.93   -0.23 (VIOLATED)
_3004_/A2                               0.70    0.93   -0.23 (VIOLATED)
_2996_/A2                               0.70    0.93   -0.23 (VIOLATED)
_3003_/B                                0.70    0.93   -0.23 (VIOLATED)
_2984_/B                                0.70    0.93   -0.23 (VIOLATED)
_2974_/S                                0.70    0.93   -0.23 (VIOLATED)
_2990_/S                                0.70    0.93   -0.23 (VIOLATED)
_3006_/S                                0.70    0.93   -0.23 (VIOLATED)
_3008_/B                                0.70    0.93   -0.23 (VIOLATED)
_3012_/B                                0.70    0.93   -0.23 (VIOLATED)
_3009_/A2                               0.70    0.93   -0.23 (VIOLATED)
_3013_/A2                               0.70    0.93   -0.23 (VIOLATED)
place57/X                               0.70    0.93   -0.23 (VIOLATED)
_1741_/S                                0.70    0.92   -0.22 (VIOLATED)
_1738_/B                                0.70    0.92   -0.22 (VIOLATED)
_1739_/A1                               0.70    0.92   -0.22 (VIOLATED)
_1762_/B                                0.70    0.92   -0.22 (VIOLATED)
_1763_/A1                               0.70    0.92   -0.22 (VIOLATED)
_1670_/S                                0.70    0.92   -0.22 (VIOLATED)
_1678_/S                                0.70    0.92   -0.22 (VIOLATED)
_1676_/S                                0.70    0.92   -0.22 (VIOLATED)
_1673_/S                                0.70    0.92   -0.22 (VIOLATED)
_3151_/S                                0.70    0.92   -0.22 (VIOLATED)
_1688_/S                                0.70    0.92   -0.22 (VIOLATED)
_1703_/S                                0.70    0.92   -0.22 (VIOLATED)
_1686_/S                                0.70    0.92   -0.22 (VIOLATED)
_1707_/S                                0.70    0.92   -0.22 (VIOLATED)
_1705_/S                                0.70    0.92   -0.22 (VIOLATED)
_1734_/B                                0.70    0.92   -0.22 (VIOLATED)
_1701_/S                                0.70    0.92   -0.22 (VIOLATED)
_1715_/S                                0.70    0.92   -0.22 (VIOLATED)
_1717_/S                                0.70    0.92   -0.22 (VIOLATED)
_1735_/A1                               0.70    0.92   -0.22 (VIOLATED)
_1744_/B                                0.70    0.92   -0.22 (VIOLATED)
_1745_/A1                               0.70    0.92   -0.22 (VIOLATED)
_1720_/B                                0.70    0.92   -0.22 (VIOLATED)
_1721_/A1                               0.70    0.92   -0.22 (VIOLATED)
_1683_/B                                0.70    0.92   -0.22 (VIOLATED)
_1684_/A1                               0.70    0.92   -0.22 (VIOLATED)
_1711_/A1                               0.70    0.92   -0.22 (VIOLATED)
_1710_/B                                0.70    0.92   -0.22 (VIOLATED)
_1713_/S                                0.70    0.92   -0.22 (VIOLATED)
_1749_/A1                               0.70    0.92   -0.22 (VIOLATED)
_1748_/B                                0.70    0.92   -0.22 (VIOLATED)
_1724_/B                                0.70    0.92   -0.22 (VIOLATED)
_1725_/A1                               0.70    0.92   -0.22 (VIOLATED)
_1731_/S                                0.70    0.92   -0.22 (VIOLATED)
_1751_/S                                0.70    0.92   -0.22 (VIOLATED)
_1754_/B                                0.70    0.92   -0.22 (VIOLATED)
_1755_/A1                               0.70    0.92   -0.22 (VIOLATED)
_1699_/S                                0.70    0.92   -0.22 (VIOLATED)
_1692_/B                                0.70    0.92   -0.22 (VIOLATED)
_1693_/A1                               0.70    0.92   -0.22 (VIOLATED)
_1696_/B                                0.70    0.92   -0.22 (VIOLATED)
_1697_/A1                               0.70    0.92   -0.22 (VIOLATED)
_1728_/B                                0.70    0.92   -0.22 (VIOLATED)
_1729_/A1                               0.70    0.92   -0.22 (VIOLATED)
_1758_/B                                0.70    0.92   -0.22 (VIOLATED)
_1759_/A1                               0.70    0.92   -0.22 (VIOLATED)
place62/X                               0.70    0.92   -0.22 (VIOLATED)
_3129_/B1                               0.70    0.91   -0.21 (VIOLATED)
_1944_/B1                               0.70    0.91   -0.21 (VIOLATED)
_1776_/C                                0.70    0.91   -0.21 (VIOLATED)
_1774_/C                                0.70    0.91   -0.21 (VIOLATED)
_1780_/C                                0.70    0.91   -0.21 (VIOLATED)
_1782_/C                                0.70    0.91   -0.21 (VIOLATED)
_1783_/C                                0.70    0.91   -0.21 (VIOLATED)
_3126_/C                                0.70    0.91   -0.21 (VIOLATED)
_1777_/C                                0.70    0.91   -0.21 (VIOLATED)
_1779_/C                                0.70    0.91   -0.21 (VIOLATED)
_1778_/C                                0.70    0.91   -0.21 (VIOLATED)
_1773_/Y                                0.70    0.91   -0.21 (VIOLATED)
_1642_/Y                                0.70    0.91   -0.21 (VIOLATED)
_1643_/A                                0.70    0.91   -0.21 (VIOLATED)
_1644_/B                                0.70    0.91   -0.21 (VIOLATED)
_3057_/S                                0.70    0.90   -0.20 (VIOLATED)
_3083_/S                                0.70    0.90   -0.20 (VIOLATED)
_3176_/S                                0.70    0.90   -0.20 (VIOLATED)
_3065_/S                                0.70    0.90   -0.20 (VIOLATED)
_3111_/S                                0.70    0.90   -0.20 (VIOLATED)
_3103_/S                                0.70    0.90   -0.20 (VIOLATED)
_3081_/S                                0.70    0.90   -0.20 (VIOLATED)
_3115_/S                                0.70    0.90   -0.20 (VIOLATED)
_3092_/S                                0.70    0.90   -0.20 (VIOLATED)
_3079_/S                                0.70    0.90   -0.20 (VIOLATED)
_3067_/S                                0.70    0.90   -0.20 (VIOLATED)
_3105_/S                                0.70    0.90   -0.20 (VIOLATED)
_3063_/S                                0.70    0.90   -0.20 (VIOLATED)
_3061_/S                                0.70    0.90   -0.20 (VIOLATED)
_3109_/S                                0.70    0.90   -0.20 (VIOLATED)
_3113_/S                                0.70    0.90   -0.20 (VIOLATED)
_3055_/S                                0.70    0.90   -0.20 (VIOLATED)
_3089_/S                                0.70    0.90   -0.20 (VIOLATED)
_3059_/S                                0.70    0.90   -0.20 (VIOLATED)
_3085_/S                                0.70    0.90   -0.20 (VIOLATED)
_3119_/S                                0.70    0.90   -0.20 (VIOLATED)
_3073_/S                                0.70    0.90   -0.20 (VIOLATED)
_3075_/S                                0.70    0.90   -0.20 (VIOLATED)
_3097_/S                                0.70    0.90   -0.20 (VIOLATED)
_3077_/S                                0.70    0.90   -0.20 (VIOLATED)
_3107_/S                                0.70    0.90   -0.20 (VIOLATED)
_3099_/S                                0.70    0.90   -0.20 (VIOLATED)
_3117_/S                                0.70    0.90   -0.20 (VIOLATED)
_3087_/S                                0.70    0.90   -0.20 (VIOLATED)
_3101_/S                                0.70    0.90   -0.20 (VIOLATED)
_3070_/S                                0.70    0.90   -0.20 (VIOLATED)
_3094_/S                                0.70    0.90   -0.20 (VIOLATED)
_2080_/A                                0.70    0.90   -0.20 (VIOLATED)
_1768_/A1                               0.70    0.90   -0.20 (VIOLATED)
place91/X                               0.70    0.90   -0.20 (VIOLATED)
_1858_/Y                                0.70    0.90   -0.20 (VIOLATED)
_1859_/D                                0.70    0.90   -0.20 (VIOLATED)
_1905_/B                                0.70    0.90   -0.20 (VIOLATED)
_1914_/B                                0.70    0.90   -0.20 (VIOLATED)
_2386_/Y                                0.70    0.90   -0.20 (VIOLATED)
_2387_/B                                0.70    0.90   -0.20 (VIOLATED)
_2393_/B                                0.70    0.90   -0.20 (VIOLATED)
_2395_/B1                               0.70    0.90   -0.20 (VIOLATED)
_2440_/B                                0.70    0.90   -0.20 (VIOLATED)
_3156_/B                                0.70    0.90   -0.20 (VIOLATED)
_1551_/A2                               0.70    0.88   -0.18 (VIOLATED)
_2664_/A                                0.70    0.88   -0.18 (VIOLATED)
_2509_/A                                0.70    0.88   -0.18 (VIOLATED)
_2507_/A                                0.70    0.88   -0.18 (VIOLATED)
_1549_/Y                                0.70    0.88   -0.18 (VIOLATED)
_2273_/A                                0.70    0.88   -0.18 (VIOLATED)
_1450_/Y                                0.70    0.87   -0.17 (VIOLATED)
_1451_/B                                0.70    0.87   -0.17 (VIOLATED)
_1463_/B                                0.70    0.87   -0.17 (VIOLATED)
_1511_/C                                0.70    0.87   -0.17 (VIOLATED)
_1602_/B                                0.70    0.87   -0.17 (VIOLATED)
_2475_/A2                               0.70    0.87   -0.17 (VIOLATED)
_2474_/B                                0.70    0.87   -0.17 (VIOLATED)
_2450_/A2                               0.70    0.87   -0.17 (VIOLATED)
_2449_/B                                0.70    0.87   -0.17 (VIOLATED)
_2507_/B                                0.70    0.87   -0.17 (VIOLATED)
_2508_/A2                               0.70    0.87   -0.17 (VIOLATED)
_2590_/B                                0.70    0.87   -0.17 (VIOLATED)
_2457_/B                                0.70    0.87   -0.17 (VIOLATED)
_2458_/A2                               0.70    0.87   -0.17 (VIOLATED)
_2591_/A2                               0.70    0.87   -0.17 (VIOLATED)
_2613_/B                                0.70    0.86   -0.16 (VIOLATED)
_2548_/A2                               0.70    0.86   -0.16 (VIOLATED)
_2547_/B                                0.70    0.86   -0.16 (VIOLATED)
_2601_/B                                0.70    0.86   -0.16 (VIOLATED)
_2602_/A2                               0.70    0.86   -0.16 (VIOLATED)
_2609_/B                                0.70    0.86   -0.16 (VIOLATED)
_2610_/A2                               0.70    0.86   -0.16 (VIOLATED)
_2568_/B                                0.70    0.86   -0.16 (VIOLATED)
_2569_/A2                               0.70    0.86   -0.16 (VIOLATED)
_2597_/A2                               0.70    0.86   -0.16 (VIOLATED)
_2596_/B                                0.70    0.86   -0.16 (VIOLATED)
_2584_/B                                0.70    0.86   -0.16 (VIOLATED)
_2585_/A2                               0.70    0.86   -0.16 (VIOLATED)
_2620_/A2                               0.70    0.86   -0.16 (VIOLATED)
_2564_/B                                0.70    0.86   -0.16 (VIOLATED)
_2565_/A2                               0.70    0.86   -0.16 (VIOLATED)
_2619_/B                                0.70    0.86   -0.16 (VIOLATED)
_2575_/A2                               0.70    0.86   -0.16 (VIOLATED)
_2574_/B                                0.70    0.86   -0.16 (VIOLATED)
_2481_/A2                               0.70    0.86   -0.16 (VIOLATED)
_2480_/B                                0.70    0.86   -0.16 (VIOLATED)
_2523_/A2                               0.70    0.86   -0.16 (VIOLATED)
_2469_/A2                               0.70    0.86   -0.16 (VIOLATED)
_2468_/B                                0.70    0.86   -0.16 (VIOLATED)
_2522_/B                                0.70    0.86   -0.16 (VIOLATED)
_2541_/B                                0.70    0.86   -0.16 (VIOLATED)
_2542_/A2                               0.70    0.86   -0.16 (VIOLATED)
_2614_/A2                               0.70    0.86   -0.16 (VIOLATED)
_2463_/B                                0.70    0.86   -0.16 (VIOLATED)
_2464_/A2                               0.70    0.86   -0.16 (VIOLATED)
_2552_/A2                               0.70    0.86   -0.16 (VIOLATED)
_2558_/A2                               0.70    0.86   -0.16 (VIOLATED)
_2517_/B                                0.70    0.86   -0.16 (VIOLATED)
_2518_/A2                               0.70    0.86   -0.16 (VIOLATED)
_2557_/B                                0.70    0.86   -0.16 (VIOLATED)
_2503_/A2                               0.70    0.86   -0.16 (VIOLATED)
_2502_/B                                0.70    0.86   -0.16 (VIOLATED)
_2431_/B                                0.70    0.86   -0.16 (VIOLATED)
_2432_/A2                               0.70    0.86   -0.16 (VIOLATED)
_2551_/B                                0.70    0.86   -0.16 (VIOLATED)
_2532_/B                                0.70    0.86   -0.16 (VIOLATED)
_2487_/A2                               0.70    0.86   -0.16 (VIOLATED)
_2486_/B                                0.70    0.86   -0.16 (VIOLATED)
_2533_/A2                               0.70    0.86   -0.16 (VIOLATED)
_2491_/B                                0.70    0.86   -0.16 (VIOLATED)
_2492_/A2                               0.70    0.86   -0.16 (VIOLATED)
_2498_/A2                               0.70    0.86   -0.16 (VIOLATED)
_2497_/B                                0.70    0.86   -0.16 (VIOLATED)
place68/X                               0.70    0.86   -0.16 (VIOLATED)
_1629_/B                                0.70    0.86   -0.16 (VIOLATED)
_1637_/B                                0.70    0.86   -0.16 (VIOLATED)
_1638_/A1                               0.70    0.86   -0.16 (VIOLATED)
_1630_/A1                               0.70    0.86   -0.16 (VIOLATED)
_1633_/B                                0.70    0.86   -0.16 (VIOLATED)
_1634_/A1                               0.70    0.86   -0.16 (VIOLATED)
_1550_/B                                0.70    0.86   -0.16 (VIOLATED)
_1487_/A1                               0.70    0.86   -0.16 (VIOLATED)
_1551_/A1                               0.70    0.86   -0.16 (VIOLATED)
_1624_/B                                0.70    0.86   -0.16 (VIOLATED)
_1486_/B                                0.70    0.86   -0.16 (VIOLATED)
_1625_/A1                               0.70    0.86   -0.16 (VIOLATED)
_1619_/B                                0.70    0.86   -0.16 (VIOLATED)
_1620_/A1                               0.70    0.86   -0.16 (VIOLATED)
_1614_/B                                0.70    0.86   -0.16 (VIOLATED)
_1604_/B                                0.70    0.86   -0.16 (VIOLATED)
_1605_/A1                               0.70    0.86   -0.16 (VIOLATED)
_1615_/A1                               0.70    0.86   -0.16 (VIOLATED)
_1479_/B                                0.70    0.86   -0.16 (VIOLATED)
_1480_/A1                               0.70    0.86   -0.16 (VIOLATED)
_1641_/A1                               0.70    0.86   -0.16 (VIOLATED)
_1508_/B                                0.70    0.86   -0.16 (VIOLATED)
_1509_/A1                               0.70    0.86   -0.16 (VIOLATED)
_1640_/B                                0.70    0.86   -0.16 (VIOLATED)
_1588_/B                                0.70    0.86   -0.16 (VIOLATED)
_1589_/A1                               0.70    0.86   -0.16 (VIOLATED)
_3154_/B                                0.70    0.86   -0.16 (VIOLATED)
_3155_/A1                               0.70    0.86   -0.16 (VIOLATED)
_1514_/B                                0.70    0.86   -0.16 (VIOLATED)
_1515_/A1                               0.70    0.86   -0.16 (VIOLATED)
_1567_/A1                               0.70    0.86   -0.16 (VIOLATED)
_1582_/B                                0.70    0.86   -0.16 (VIOLATED)
_1600_/B                                0.70    0.86   -0.16 (VIOLATED)
_1583_/A1                               0.70    0.86   -0.16 (VIOLATED)
_1601_/A1                               0.70    0.86   -0.16 (VIOLATED)
_1566_/B                                0.70    0.86   -0.16 (VIOLATED)
_1609_/B                                0.70    0.86   -0.16 (VIOLATED)
_1610_/A1                               0.70    0.86   -0.16 (VIOLATED)
_1469_/B                                0.70    0.86   -0.16 (VIOLATED)
_1470_/A1                               0.70    0.86   -0.16 (VIOLATED)
_1544_/B                                0.70    0.86   -0.16 (VIOLATED)
_1545_/A1                               0.70    0.86   -0.16 (VIOLATED)
_1578_/A1                               0.70    0.86   -0.16 (VIOLATED)
_1533_/B                                0.70    0.86   -0.16 (VIOLATED)
_1534_/A1                               0.70    0.86   -0.16 (VIOLATED)
_1577_/B                                0.70    0.86   -0.16 (VIOLATED)
_1526_/A1                               0.70    0.86   -0.16 (VIOLATED)
_1501_/B                                0.70    0.86   -0.16 (VIOLATED)
_1502_/A1                               0.70    0.86   -0.16 (VIOLATED)
_1525_/B                                0.70    0.86   -0.16 (VIOLATED)
_1592_/B                                0.70    0.86   -0.16 (VIOLATED)
_1593_/A1                               0.70    0.86   -0.16 (VIOLATED)
_1556_/B                                0.70    0.86   -0.16 (VIOLATED)
_1557_/A1                               0.70    0.86   -0.16 (VIOLATED)
_1574_/A1                               0.70    0.86   -0.16 (VIOLATED)
_1573_/B                                0.70    0.86   -0.16 (VIOLATED)
_1540_/A1                               0.70    0.86   -0.16 (VIOLATED)
_1539_/B                                0.70    0.86   -0.16 (VIOLATED)
_1562_/B                                0.70    0.86   -0.16 (VIOLATED)
_1563_/A1                               0.70    0.86   -0.16 (VIOLATED)
_1596_/B                                0.70    0.86   -0.16 (VIOLATED)
_1494_/B                                0.70    0.86   -0.16 (VIOLATED)
_1597_/A1                               0.70    0.86   -0.16 (VIOLATED)
_1495_/A1                               0.70    0.86   -0.16 (VIOLATED)
place69/X                               0.70    0.86   -0.16 (VIOLATED)
_2468_/A                                0.70    0.85   -0.15 (VIOLATED)
_2643_/A                                0.70    0.85   -0.15 (VIOLATED)
_2471_/A                                0.70    0.85   -0.15 (VIOLATED)
_1502_/A2                               0.70    0.85   -0.15 (VIOLATED)
_1500_/Y                                0.70    0.85   -0.15 (VIOLATED)
_2251_/A                                0.70    0.85   -0.15 (VIOLATED)
_1530_/B                                0.70    0.84   -0.14 (VIOLATED)
_1543_/A1                               0.70    0.84   -0.14 (VIOLATED)
_1547_/A                                0.70    0.84   -0.14 (VIOLATED)
_1553_/A                                0.70    0.84   -0.14 (VIOLATED)
_1536_/A                                0.70    0.84   -0.14 (VIOLATED)
_1559_/A                                0.70    0.84   -0.14 (VIOLATED)
_1528_/Y                                0.70    0.84   -0.14 (VIOLATED)
_1587_/A1                               0.70    0.84   -0.14 (VIOLATED)
_1603_/A0                               0.70    0.84   -0.14 (VIOLATED)
_3066_/A                                0.70    0.84   -0.14 (VIOLATED)
_3112_/A                                0.70    0.84   -0.14 (VIOLATED)
_3053_/A                                0.70    0.84   -0.14 (VIOLATED)
_3177_/A                                0.70    0.84   -0.14 (VIOLATED)
_3104_/A                                0.70    0.84   -0.14 (VIOLATED)
_3074_/A                                0.70    0.84   -0.14 (VIOLATED)
_3078_/A                                0.70    0.84   -0.14 (VIOLATED)
_3076_/A                                0.70    0.84   -0.14 (VIOLATED)
_3084_/A                                0.70    0.84   -0.14 (VIOLATED)
_3116_/A                                0.70    0.84   -0.14 (VIOLATED)
_3114_/A                                0.70    0.84   -0.14 (VIOLATED)
_3082_/A                                0.70    0.84   -0.14 (VIOLATED)
_3098_/A                                0.70    0.84   -0.14 (VIOLATED)
_3090_/A                                0.70    0.84   -0.14 (VIOLATED)
_3058_/A                                0.70    0.84   -0.14 (VIOLATED)
_3100_/A                                0.70    0.84   -0.14 (VIOLATED)
_3093_/A                                0.70    0.84   -0.14 (VIOLATED)
_3088_/A                                0.70    0.84   -0.14 (VIOLATED)
_3056_/A                                0.70    0.84   -0.14 (VIOLATED)
_3060_/A                                0.70    0.84   -0.14 (VIOLATED)
_3086_/A                                0.70    0.84   -0.14 (VIOLATED)
_3118_/A                                0.70    0.84   -0.14 (VIOLATED)
_3108_/A                                0.70    0.84   -0.14 (VIOLATED)
_3120_/A                                0.70    0.84   -0.14 (VIOLATED)
_3106_/A                                0.70    0.84   -0.14 (VIOLATED)
_3062_/A                                0.70    0.84   -0.14 (VIOLATED)
_3110_/A                                0.70    0.84   -0.14 (VIOLATED)
_3102_/A                                0.70    0.84   -0.14 (VIOLATED)
_3068_/A                                0.70    0.84   -0.14 (VIOLATED)
_3080_/A                                0.70    0.84   -0.14 (VIOLATED)
_3071_/A                                0.70    0.84   -0.14 (VIOLATED)
_3095_/A                                0.70    0.84   -0.14 (VIOLATED)
_3064_/A                                0.70    0.84   -0.14 (VIOLATED)
_3051_/X                                0.70    0.84   -0.14 (VIOLATED)
_3207_/A1                               0.70    0.84   -0.14 (VIOLATED)
_3196_/A1                               0.70    0.84   -0.14 (VIOLATED)
_3183_/A1                               0.70    0.84   -0.14 (VIOLATED)
_3209_/A1                               0.70    0.84   -0.14 (VIOLATED)
_3213_/A1                               0.70    0.84   -0.14 (VIOLATED)
_3201_/A1                               0.70    0.84   -0.14 (VIOLATED)
_2442_/Y                                0.70    0.84   -0.14 (VIOLATED)
_2443_/A                                0.70    0.84   -0.14 (VIOLATED)
_3205_/A1                               0.70    0.84   -0.14 (VIOLATED)
_3217_/A1                               0.70    0.84   -0.14 (VIOLATED)
_3220_/A1                               0.70    0.84   -0.14 (VIOLATED)
_3234_/A1                               0.70    0.84   -0.14 (VIOLATED)
_3258_/A1                               0.70    0.84   -0.14 (VIOLATED)
_3262_/A1                               0.70    0.84   -0.14 (VIOLATED)
_1615_/A2                               0.70    0.84   -0.14 (VIOLATED)
_2712_/A1                               0.70    0.84   -0.14 (VIOLATED)
_2582_/A                                0.70    0.84   -0.14 (VIOLATED)
_2585_/A1                               0.70    0.84   -0.14 (VIOLATED)
_1613_/Y                                0.70    0.84   -0.14 (VIOLATED)
_2314_/A                                0.70    0.84   -0.14 (VIOLATED)
_2657_/S                                0.70    0.83   -0.13 (VIOLATED)
_2496_/S                                0.70    0.83   -0.13 (VIOLATED)
_2757_/B                                0.70    0.83   -0.13 (VIOLATED)
_2758_/A1                               0.70    0.83   -0.13 (VIOLATED)
_2490_/S                                0.70    0.83   -0.13 (VIOLATED)
_2654_/S                                0.70    0.83   -0.13 (VIOLATED)
_2755_/B                                0.70    0.83   -0.13 (VIOLATED)
_2536_/S                                0.70    0.83   -0.13 (VIOLATED)
_2756_/A1                               0.70    0.83   -0.13 (VIOLATED)
_2681_/S                                0.70    0.83   -0.13 (VIOLATED)
_2777_/B                                0.70    0.83   -0.13 (VIOLATED)
_2778_/A1                               0.70    0.83   -0.13 (VIOLATED)
_2762_/A1                               0.70    0.83   -0.13 (VIOLATED)
_2761_/B                                0.70    0.83   -0.13 (VIOLATED)
_2774_/A1                               0.70    0.83   -0.13 (VIOLATED)
_2506_/S                                0.70    0.83   -0.13 (VIOLATED)
_2694_/S                                0.70    0.83   -0.13 (VIOLATED)
_2740_/B                                0.70    0.83   -0.13 (VIOLATED)
_2773_/B                                0.70    0.83   -0.13 (VIOLATED)
_2630_/S                                0.70    0.83   -0.13 (VIOLATED)
_2741_/A1                               0.70    0.83   -0.13 (VIOLATED)
_2663_/S                                0.70    0.83   -0.13 (VIOLATED)
_2446_/S                                0.70    0.83   -0.13 (VIOLATED)
_2767_/B                                0.70    0.83   -0.13 (VIOLATED)
_2768_/A1                               0.70    0.83   -0.13 (VIOLATED)
_2779_/B                                0.70    0.83   -0.13 (VIOLATED)
_2780_/A1                               0.70    0.83   -0.13 (VIOLATED)
_2521_/S                                0.70    0.83   -0.13 (VIOLATED)
_2697_/S                                0.70    0.83   -0.13 (VIOLATED)
_2561_/S                                0.70    0.83   -0.13 (VIOLATED)
_2556_/S                                0.70    0.83   -0.13 (VIOLATED)
_2672_/S                                0.70    0.83   -0.13 (VIOLATED)
_2660_/S                                0.70    0.83   -0.13 (VIOLATED)
_2501_/S                                0.70    0.83   -0.13 (VIOLATED)
_2760_/A1                               0.70    0.83   -0.13 (VIOLATED)
_2759_/B                                0.70    0.83   -0.13 (VIOLATED)
_2669_/S                                0.70    0.83   -0.13 (VIOLATED)
_2771_/B                                0.70    0.83   -0.13 (VIOLATED)
_2772_/A1                               0.70    0.83   -0.13 (VIOLATED)
_2678_/S                                0.70    0.83   -0.13 (VIOLATED)
_2765_/B                                0.70    0.83   -0.13 (VIOLATED)
_2766_/A1                               0.70    0.83   -0.13 (VIOLATED)
_2516_/S                                0.70    0.83   -0.13 (VIOLATED)
_2531_/S                                0.70    0.83   -0.13 (VIOLATED)
place50/X                               0.70    0.83   -0.13 (VIOLATED)
_2108_/B                                0.70    0.83   -0.13 (VIOLATED)
_2128_/B                                0.70    0.83   -0.13 (VIOLATED)
_2131_/B                                0.70    0.83   -0.13 (VIOLATED)
_2105_/B                                0.70    0.83   -0.13 (VIOLATED)
_2134_/A                                0.70    0.83   -0.13 (VIOLATED)
_2135_/A2                               0.70    0.83   -0.13 (VIOLATED)
_2092_/B                                0.70    0.83   -0.13 (VIOLATED)
_2067_/B                                0.70    0.83   -0.13 (VIOLATED)
_2086_/B                                0.70    0.83   -0.13 (VIOLATED)
_2095_/B                                0.70    0.83   -0.13 (VIOLATED)
_2101_/A                                0.70    0.83   -0.13 (VIOLATED)
_2103_/A2                               0.70    0.83   -0.13 (VIOLATED)
_3141_/B                                0.70    0.83   -0.13 (VIOLATED)
_2167_/A                                0.70    0.83   -0.13 (VIOLATED)
_2171_/A2                               0.70    0.83   -0.13 (VIOLATED)
_2170_/A                                0.70    0.83   -0.13 (VIOLATED)
_2168_/A2                               0.70    0.83   -0.13 (VIOLATED)
_2164_/B                                0.70    0.83   -0.13 (VIOLATED)
_2162_/A2                               0.70    0.83   -0.13 (VIOLATED)
_2161_/A                                0.70    0.83   -0.13 (VIOLATED)
_2146_/A                                0.70    0.83   -0.13 (VIOLATED)
_2147_/A2                               0.70    0.83   -0.13 (VIOLATED)
_2140_/B                                0.70    0.83   -0.13 (VIOLATED)
_2121_/B                                0.70    0.83   -0.13 (VIOLATED)
_2143_/B                                0.70    0.83   -0.13 (VIOLATED)
_2158_/A                                0.70    0.83   -0.13 (VIOLATED)
_2125_/B                                0.70    0.83   -0.13 (VIOLATED)
_2159_/A2                               0.70    0.83   -0.13 (VIOLATED)
_2137_/B                                0.70    0.83   -0.13 (VIOLATED)
_2112_/A                                0.70    0.83   -0.13 (VIOLATED)
_2113_/A2                               0.70    0.83   -0.13 (VIOLATED)
_2149_/A                                0.70    0.83   -0.13 (VIOLATED)
_2150_/A2                               0.70    0.83   -0.13 (VIOLATED)
_2155_/B                                0.70    0.83   -0.13 (VIOLATED)
_2176_/A                                0.70    0.83   -0.13 (VIOLATED)
_2177_/A2                               0.70    0.83   -0.13 (VIOLATED)
_2173_/B                                0.70    0.83   -0.13 (VIOLATED)
_2116_/A2                               0.70    0.83   -0.13 (VIOLATED)
_2118_/B                                0.70    0.83   -0.13 (VIOLATED)
_2115_/A                                0.70    0.83   -0.13 (VIOLATED)
_2232_/A2                               0.70    0.83   -0.13 (VIOLATED)
_2233_/A2                               0.70    0.83   -0.13 (VIOLATED)
_2207_/A2                               0.70    0.83   -0.13 (VIOLATED)
_2230_/A2                               0.70    0.83   -0.13 (VIOLATED)
_2204_/C                                0.70    0.83   -0.13 (VIOLATED)
_2217_/C                                0.70    0.83   -0.13 (VIOLATED)
_2179_/A                                0.70    0.83   -0.13 (VIOLATED)
_2180_/A2                               0.70    0.83   -0.13 (VIOLATED)
_2182_/B                                0.70    0.83   -0.13 (VIOLATED)
_2153_/A2                               0.70    0.83   -0.13 (VIOLATED)
_2152_/A                                0.70    0.83   -0.13 (VIOLATED)
_2795_/B                                0.70    0.83   -0.13 (VIOLATED)
_2369_/A2                               0.70    0.83   -0.13 (VIOLATED)
_1667_/D                                0.70    0.83   -0.13 (VIOLATED)
_2933_/C                                0.70    0.83   -0.13 (VIOLATED)
place75/X                               0.70    0.83   -0.13 (VIOLATED)
_2941_/S                                0.70    0.81   -0.11 (VIOLATED)
_2814_/S                                0.70    0.81   -0.11 (VIOLATED)
_2823_/S                                0.70    0.81   -0.11 (VIOLATED)
_2932_/S                                0.70    0.81   -0.11 (VIOLATED)
_3017_/S                                0.70    0.81   -0.11 (VIOLATED)
_3021_/S                                0.70    0.81   -0.11 (VIOLATED)
_3018_/S                                0.70    0.81   -0.11 (VIOLATED)
_2944_/S                                0.70    0.81   -0.11 (VIOLATED)
_2936_/S                                0.70    0.81   -0.11 (VIOLATED)
_3050_/S                                0.70    0.81   -0.11 (VIOLATED)
_2805_/S                                0.70    0.81   -0.11 (VIOLATED)
_2817_/S                                0.70    0.81   -0.11 (VIOLATED)
_3020_/S                                0.70    0.81   -0.11 (VIOLATED)
_2811_/S                                0.70    0.81   -0.11 (VIOLATED)
_2939_/S                                0.70    0.81   -0.11 (VIOLATED)
_3019_/S                                0.70    0.81   -0.11 (VIOLATED)
_3172_/S                                0.70    0.81   -0.11 (VIOLATED)
_2857_/S                                0.70    0.81   -0.11 (VIOLATED)
_3174_/S                                0.70    0.81   -0.11 (VIOLATED)
_3175_/S                                0.70    0.81   -0.11 (VIOLATED)
_2970_/S                                0.70    0.81   -0.11 (VIOLATED)
_3023_/S                                0.70    0.81   -0.11 (VIOLATED)
_3030_/S                                0.70    0.81   -0.11 (VIOLATED)
_2966_/S                                0.70    0.81   -0.11 (VIOLATED)
_2851_/S                                0.70    0.81   -0.11 (VIOLATED)
_3024_/S                                0.70    0.81   -0.11 (VIOLATED)
_2952_/S                                0.70    0.81   -0.11 (VIOLATED)
_2829_/S                                0.70    0.81   -0.11 (VIOLATED)
_3032_/S                                0.70    0.81   -0.11 (VIOLATED)
_2862_/S                                0.70    0.81   -0.11 (VIOLATED)
_3033_/S                                0.70    0.81   -0.11 (VIOLATED)
_2973_/S                                0.70    0.81   -0.11 (VIOLATED)
_3022_/S                                0.70    0.81   -0.11 (VIOLATED)
_2901_/S                                0.70    0.81   -0.11 (VIOLATED)
_2909_/S                                0.70    0.81   -0.11 (VIOLATED)
_2896_/S                                0.70    0.81   -0.11 (VIOLATED)
_2948_/S                                0.70    0.81   -0.11 (VIOLATED)
_2914_/S                                0.70    0.80   -0.10 (VIOLATED)
_3005_/S                                0.70    0.80   -0.10 (VIOLATED)
_3046_/S                                0.70    0.80   -0.10 (VIOLATED)
_3031_/S                                0.70    0.80   -0.10 (VIOLATED)
_2854_/S                                0.70    0.80   -0.10 (VIOLATED)
_2826_/S                                0.70    0.80   -0.10 (VIOLATED)
_2950_/S                                0.70    0.80   -0.10 (VIOLATED)
_3034_/S                                0.70    0.80   -0.10 (VIOLATED)
_2968_/S                                0.70    0.80   -0.10 (VIOLATED)
_2975_/S                                0.70    0.80   -0.10 (VIOLATED)
_2876_/S                                0.70    0.80   -0.10 (VIOLATED)
_3002_/S                                0.70    0.80   -0.10 (VIOLATED)
_2994_/S                                0.70    0.80   -0.10 (VIOLATED)
_3045_/S                                0.70    0.80   -0.10 (VIOLATED)
_2871_/S                                0.70    0.80   -0.10 (VIOLATED)
_2983_/S                                0.70    0.80   -0.10 (VIOLATED)
_2865_/S                                0.70    0.80   -0.10 (VIOLATED)
_3042_/S                                0.70    0.80   -0.10 (VIOLATED)
_3038_/S                                0.70    0.80   -0.10 (VIOLATED)
_2979_/S                                0.70    0.80   -0.10 (VIOLATED)
_3037_/S                                0.70    0.80   -0.10 (VIOLATED)
_3035_/S                                0.70    0.80   -0.10 (VIOLATED)
_2977_/S                                0.70    0.80   -0.10 (VIOLATED)
_3029_/S                                0.70    0.80   -0.10 (VIOLATED)
_2964_/S                                0.70    0.80   -0.10 (VIOLATED)
_3039_/S                                0.70    0.80   -0.10 (VIOLATED)
_2986_/S                                0.70    0.80   -0.10 (VIOLATED)
_3028_/S                                0.70    0.80   -0.10 (VIOLATED)
_2962_/S                                0.70    0.80   -0.10 (VIOLATED)
_2848_/S                                0.70    0.80   -0.10 (VIOLATED)
_2845_/S                                0.70    0.80   -0.10 (VIOLATED)
_2883_/S                                0.70    0.80   -0.10 (VIOLATED)
_2868_/S                                0.70    0.80   -0.10 (VIOLATED)
_2955_/S                                0.70    0.80   -0.10 (VIOLATED)
_3026_/S                                0.70    0.80   -0.10 (VIOLATED)
_2836_/S                                0.70    0.80   -0.10 (VIOLATED)
_2960_/S                                0.70    0.80   -0.10 (VIOLATED)
_3027_/S                                0.70    0.80   -0.10 (VIOLATED)
_2841_/S                                0.70    0.80   -0.10 (VIOLATED)
_3040_/S                                0.70    0.80   -0.10 (VIOLATED)
_2989_/S                                0.70    0.80   -0.10 (VIOLATED)
_2888_/S                                0.70    0.80   -0.10 (VIOLATED)
place45/X                               0.70    0.80   -0.10 (VIOLATED)
_2449_/A                                0.70    0.79   -0.09 (VIOLATED)
_2452_/A                                0.70    0.79   -0.09 (VIOLATED)
_2632_/A                                0.70    0.79   -0.09 (VIOLATED)
_1480_/A2                               0.70    0.79   -0.09 (VIOLATED)
_2241_/A                                0.70    0.79   -0.09 (VIOLATED)
_1477_/Y                                0.70    0.79   -0.09 (VIOLATED)
_2083_/B                                0.70    0.79   -0.09 (VIOLATED)
_2227_/B                                0.70    0.79   -0.09 (VIOLATED)
_2221_/B                                0.70    0.79   -0.09 (VIOLATED)
_2231_/B                                0.70    0.79   -0.09 (VIOLATED)
_2216_/B                                0.70    0.79   -0.09 (VIOLATED)
_2208_/B                                0.70    0.79   -0.09 (VIOLATED)
_2206_/B                                0.70    0.79   -0.09 (VIOLATED)
_2202_/A                                0.70    0.79   -0.09 (VIOLATED)
_2213_/A                                0.70    0.79   -0.09 (VIOLATED)
_2198_/A                                0.70    0.79   -0.09 (VIOLATED)
_2194_/A                                0.70    0.79   -0.09 (VIOLATED)
_3147_/A                                0.70    0.79   -0.09 (VIOLATED)
_2190_/A                                0.70    0.79   -0.09 (VIOLATED)
_2410_/B                                0.70    0.79   -0.09 (VIOLATED)
_2250_/A                                0.70    0.79   -0.09 (VIOLATED)
_2303_/A                                0.70    0.79   -0.09 (VIOLATED)
_2253_/A                                0.70    0.79   -0.09 (VIOLATED)
_2325_/A                                0.70    0.79   -0.09 (VIOLATED)
_2275_/A                                0.70    0.79   -0.09 (VIOLATED)
_2316_/A                                0.70    0.79   -0.09 (VIOLATED)
_2328_/A                                0.70    0.79   -0.09 (VIOLATED)
_2272_/A                                0.70    0.79   -0.09 (VIOLATED)
_2266_/A                                0.70    0.79   -0.09 (VIOLATED)
_2319_/A                                0.70    0.79   -0.09 (VIOLATED)
_2322_/A                                0.70    0.79   -0.09 (VIOLATED)
_2262_/A                                0.70    0.79   -0.09 (VIOLATED)
_2269_/A                                0.70    0.79   -0.09 (VIOLATED)
_2345_/B                                0.70    0.79   -0.09 (VIOLATED)
_2239_/A                                0.70    0.79   -0.09 (VIOLATED)
_2291_/A                                0.70    0.79   -0.09 (VIOLATED)
_2343_/B                                0.70    0.79   -0.09 (VIOLATED)
_2278_/A                                0.70    0.79   -0.09 (VIOLATED)
_2300_/A                                0.70    0.79   -0.09 (VIOLATED)
_2282_/A                                0.70    0.79   -0.09 (VIOLATED)
_2340_/B                                0.70    0.79   -0.09 (VIOLATED)
_2331_/A                                0.70    0.79   -0.09 (VIOLATED)
_2247_/A                                0.70    0.79   -0.09 (VIOLATED)
_2297_/A                                0.70    0.79   -0.09 (VIOLATED)
_2243_/A                                0.70    0.79   -0.09 (VIOLATED)
_2309_/A                                0.70    0.79   -0.09 (VIOLATED)
_2256_/A                                0.70    0.79   -0.09 (VIOLATED)
_2294_/A                                0.70    0.79   -0.09 (VIOLATED)
_2288_/A                                0.70    0.79   -0.09 (VIOLATED)
_2334_/A                                0.70    0.79   -0.09 (VIOLATED)
_2336_/B1                               0.70    0.79   -0.09 (VIOLATED)
_2306_/A                                0.70    0.79   -0.09 (VIOLATED)
_2285_/A                                0.70    0.79   -0.09 (VIOLATED)
_2259_/A                                0.70    0.79   -0.09 (VIOLATED)
_2376_/A                                0.70    0.79   -0.09 (VIOLATED)
_2386_/A1                               0.70    0.79   -0.09 (VIOLATED)
_2379_/A                                0.70    0.79   -0.09 (VIOLATED)
place73/X                               0.70    0.79   -0.09 (VIOLATED)
_2527_/A                                0.70    0.79   -0.09 (VIOLATED)
_1574_/A2                               0.70    0.79   -0.09 (VIOLATED)
_2529_/A                                0.70    0.79   -0.09 (VIOLATED)
_2676_/A                                0.70    0.79   -0.09 (VIOLATED)
_1572_/Y                                0.70    0.79   -0.09 (VIOLATED)
_2286_/A                                0.70    0.79   -0.09 (VIOLATED)
_2512_/A                                0.70    0.78   -0.08 (VIOLATED)
_2514_/A                                0.70    0.78   -0.08 (VIOLATED)
_1557_/A2                               0.70    0.78   -0.08 (VIOLATED)
_2667_/A                                0.70    0.78   -0.08 (VIOLATED)
_1555_/Y                                0.70    0.78   -0.08 (VIOLATED)
_2276_/A                                0.70    0.78   -0.08 (VIOLATED)
_3242_/A2                               0.70    0.78   -0.08 (VIOLATED)
_2548_/Y                                0.70    0.78   -0.08 (VIOLATED)
_2549_/B                                0.70    0.78   -0.08 (VIOLATED)
_1452_/Y                                0.70    0.78   -0.08 (VIOLATED)
_1454_/A_N                              0.70    0.78   -0.08 (VIOLATED)
_1461_/A_N                              0.70    0.78   -0.08 (VIOLATED)
_1528_/A                                0.70    0.78   -0.08 (VIOLATED)
_1639_/S                                0.70    0.78   -0.08 (VIOLATED)
_2894_/A                                0.70    0.78   -0.08 (VIOLATED)
_2992_/A                                0.70    0.78   -0.08 (VIOLATED)
_1735_/A2                               0.70    0.78   -0.08 (VIOLATED)
_2892_/A                                0.70    0.78   -0.08 (VIOLATED)
_1733_/Y                                0.70    0.78   -0.08 (VIOLATED)
_2158_/B                                0.70    0.78   -0.08 (VIOLATED)
_2522_/A                                0.70    0.77   -0.07 (VIOLATED)
_2524_/A                                0.70    0.77   -0.07 (VIOLATED)
_1567_/A2                               0.70    0.77   -0.07 (VIOLATED)
_2673_/A                                0.70    0.77   -0.07 (VIOLATED)
_1565_/Y                                0.70    0.77   -0.07 (VIOLATED)
_2283_/A                                0.70    0.77   -0.07 (VIOLATED)
_2502_/A                                0.70    0.76   -0.06 (VIOLATED)
_1545_/A2                               0.70    0.76   -0.06 (VIOLATED)
_2504_/A                                0.70    0.76   -0.06 (VIOLATED)
_2661_/A                                0.70    0.76   -0.06 (VIOLATED)
_1543_/Y                                0.70    0.76   -0.06 (VIOLATED)
_2270_/A                                0.70    0.76   -0.06 (VIOLATED)
_2480_/A                                0.70    0.75   -0.05 (VIOLATED)
_2483_/A                                0.70    0.75   -0.05 (VIOLATED)
_2649_/A                                0.70    0.75   -0.05 (VIOLATED)
_1515_/A2                               0.70    0.75   -0.05 (VIOLATED)
_1513_/Y                                0.70    0.75   -0.05 (VIOLATED)
_2257_/A                                0.70    0.75   -0.05 (VIOLATED)
_2723_/A                                0.70    0.75   -0.05 (VIOLATED)
_2601_/A                                0.70    0.75   -0.05 (VIOLATED)
_2603_/A                                0.70    0.75   -0.05 (VIOLATED)
_1630_/A2                               0.70    0.75   -0.05 (VIOLATED)
_1628_/Y                                0.70    0.75   -0.05 (VIOLATED)
_2323_/A                                0.70    0.75   -0.05 (VIOLATED)
_2474_/A                                0.70    0.74   -0.04 (VIOLATED)
_2476_/A                                0.70    0.74   -0.04 (VIOLATED)
_2646_/A                                0.70    0.74   -0.04 (VIOLATED)
_1509_/A2                               0.70    0.74   -0.04 (VIOLATED)
_1507_/Y                                0.70    0.74   -0.04 (VIOLATED)
_2254_/A                                0.70    0.74   -0.04 (VIOLATED)
_1631_/A3                               0.70    0.73   -0.03 (VIOLATED)
_1627_/B                                0.70    0.73   -0.03 (VIOLATED)
_1632_/A2                               0.70    0.73   -0.03 (VIOLATED)
_1621_/C                                0.70    0.73   -0.03 (VIOLATED)
_1617_/B                                0.70    0.73   -0.03 (VIOLATED)
_1616_/C                                0.70    0.73   -0.03 (VIOLATED)
_1612_/B                                0.70    0.73   -0.03 (VIOLATED)
_1626_/D                                0.70    0.73   -0.03 (VIOLATED)
_1611_/C                                0.70    0.73   -0.03 (VIOLATED)
_1636_/A2                               0.70    0.73   -0.03 (VIOLATED)
_1635_/A3                               0.70    0.73   -0.03 (VIOLATED)
_1607_/B                                0.70    0.73   -0.03 (VIOLATED)
_1586_/B                                0.70    0.73   -0.03 (VIOLATED)
_1606_/C                                0.70    0.73   -0.03 (VIOLATED)
_1584_/Y                                0.70    0.73   -0.03 (VIOLATED)
_2655_/A                                0.70    0.73   -0.03 (VIOLATED)
_2493_/A                                0.70    0.73   -0.03 (VIOLATED)
_1534_/A2                               0.70    0.73   -0.03 (VIOLATED)
_2491_/A                                0.70    0.73   -0.03 (VIOLATED)
_1532_/Y                                0.70    0.73   -0.03 (VIOLATED)
_2264_/A                                0.70    0.73   -0.03 (VIOLATED)
_2517_/A                                0.70    0.73   -0.03 (VIOLATED)
_2519_/A                                0.70    0.73   -0.03 (VIOLATED)
_2670_/A                                0.70    0.73   -0.03 (VIOLATED)
_1563_/A2                               0.70    0.73   -0.03 (VIOLATED)
_1561_/Y                                0.70    0.73   -0.03 (VIOLATED)
_2280_/A                                0.70    0.73   -0.03 (VIOLATED)
_1487_/A2                               0.70    0.73   -0.03 (VIOLATED)
_2635_/A                                0.70    0.73   -0.03 (VIOLATED)
_2459_/A                                0.70    0.73   -0.03 (VIOLATED)
_2457_/A                                0.70    0.73   -0.03 (VIOLATED)
_1485_/Y                                0.70    0.73   -0.03 (VIOLATED)
_2245_/A                                0.70    0.73   -0.03 (VIOLATED)
_2499_/B                                0.70    0.73   -0.03 (VIOLATED)
_2494_/A2                               0.70    0.73   -0.03 (VIOLATED)
_2500_/A2                               0.70    0.73   -0.03 (VIOLATED)
_2493_/B                                0.70    0.73   -0.03 (VIOLATED)
_2438_/B                                0.70    0.73   -0.03 (VIOLATED)
_2488_/B                                0.70    0.73   -0.03 (VIOLATED)
_2439_/A2                               0.70    0.73   -0.03 (VIOLATED)
_2489_/A2                               0.70    0.73   -0.03 (VIOLATED)
_2504_/B                                0.70    0.73   -0.03 (VIOLATED)
_2505_/A2                               0.70    0.73   -0.03 (VIOLATED)
_2553_/B                                0.70    0.73   -0.03 (VIOLATED)
_2534_/B                                0.70    0.73   -0.03 (VIOLATED)
_2535_/A2                               0.70    0.73   -0.03 (VIOLATED)
_2554_/A2                               0.70    0.73   -0.03 (VIOLATED)
_2514_/B                                0.70    0.73   -0.03 (VIOLATED)
_2515_/A2                               0.70    0.73   -0.03 (VIOLATED)
_2529_/B                                0.70    0.73   -0.03 (VIOLATED)
_2530_/A2                               0.70    0.73   -0.03 (VIOLATED)
_2519_/B                                0.70    0.73   -0.03 (VIOLATED)
_2520_/A2                               0.70    0.73   -0.03 (VIOLATED)
_2560_/A2                               0.70    0.73   -0.03 (VIOLATED)
_2559_/B                                0.70    0.73   -0.03 (VIOLATED)
_2466_/A2                               0.70    0.73   -0.03 (VIOLATED)
_2465_/B                                0.70    0.73   -0.03 (VIOLATED)
place64/A                               0.70    0.73   -0.03 (VIOLATED)
_2433_/X                                0.70    0.73   -0.03 (VIOLATED)
_3008_/A                                0.70    0.72   -0.02 (VIOLATED)
_2176_/B                                0.70    0.72   -0.02 (VIOLATED)
_2918_/A                                0.70    0.72   -0.02 (VIOLATED)
_2920_/A                                0.70    0.72   -0.02 (VIOLATED)
_1753_/Y                                0.70    0.72   -0.02 (VIOLATED)
_1755_/A2                               0.70    0.72   -0.02 (VIOLATED)
_1620_/A2                               0.70    0.72   -0.02 (VIOLATED)
_2716_/A1                               0.70    0.72   -0.02 (VIOLATED)
_2588_/A                                0.70    0.72   -0.02 (VIOLATED)
_2591_/A1                               0.70    0.72   -0.02 (VIOLATED)
_1618_/Y                                0.70    0.72   -0.02 (VIOLATED)
_2317_/A                                0.70    0.72   -0.02 (VIOLATED)
_2570_/A                                0.70    0.71   -0.01 (VIOLATED)
_1605_/A2                               0.70    0.71   -0.01 (VIOLATED)
_2703_/A1                               0.70    0.71   -0.01 (VIOLATED)
_2568_/A                                0.70    0.71   -0.01 (VIOLATED)
_1603_/Y                                0.70    0.71   -0.01 (VIOLATED)
_2307_/A                                0.70    0.71   -0.01 (VIOLATED)
_2532_/A                                0.70    0.71   -0.01 (VIOLATED)
_2534_/A                                0.70    0.71   -0.01 (VIOLATED)
_2679_/A                                0.70    0.71   -0.01 (VIOLATED)
_1578_/A2                               0.70    0.71   -0.01 (VIOLATED)
_1576_/Y                                0.70    0.71   -0.01 (VIOLATED)
_2289_/A                                0.70    0.71   -0.01 (VIOLATED)
_2858_/A                                0.70    0.71   -0.01 (VIOLATED)
_1709_/Y                                0.70    0.71   -0.01 (VIOLATED)
_1711_/A2                               0.70    0.71   -0.01 (VIOLATED)
_2134_/B                                0.70    0.71   -0.01 (VIOLATED)
_2860_/A                                0.70    0.71   -0.01 (VIOLATED)
_2971_/A                                0.70    0.71   -0.01 (VIOLATED)
_2497_/A                                0.70    0.71   -0.01 (VIOLATED)
_2499_/A                                0.70    0.71   -0.01 (VIOLATED)
_2658_/A                                0.70    0.71   -0.01 (VIOLATED)
_1540_/A2                               0.70    0.71   -0.01 (VIOLATED)
_1538_/Y                                0.70    0.71   -0.01 (VIOLATED)
_2267_/A                                0.70    0.71   -0.01 (VIOLATED)
_1496_/Y                                0.70    0.71   -0.01 (VIOLATED)
_1497_/C                                0.70    0.71   -0.01 (VIOLATED)
_1553_/C                                0.70    0.71   -0.01 (VIOLATED)
_1594_/B                                0.70    0.71   -0.01 (VIOLATED)
_3282_/A2                               0.70    0.71   -0.01 (VIOLATED)
_2610_/Y                                0.70    0.71   -0.01 (VIOLATED)
_2611_/B                                0.70    0.71   -0.01 (VIOLATED)
_2407_/Y                                0.70    0.70   -0.00 (VIOLATED)
_2408_/B                                0.70    0.70   -0.00 (VIOLATED)
_2411_/A2                               0.70    0.70   -0.00 (VIOLATED)
_2419_/A2                               0.70    0.70   -0.00 (VIOLATED)
_1745_/A2                               0.70    0.70   -0.00 (VIOLATED)
_1743_/Y                                0.70    0.70   -0.00 (VIOLATED)
_2167_/B                                0.70    0.70   -0.00 (VIOLATED)
_2905_/A                                0.70    0.70   -0.00 (VIOLATED)
_2907_/A                                0.70    0.70   -0.00 (VIOLATED)
_3000_/A                                0.70    0.70   -0.00 (VIOLATED)
_2910_/A                                0.70    0.70   -0.00 (VIOLATED)
_2170_/B                                0.70    0.70   -0.00 (VIOLATED)
_1747_/Y                                0.70    0.70   -0.00 (VIOLATED)
_1749_/A2                               0.70    0.70   -0.00 (VIOLATED)
_2912_/A                                0.70    0.70   -0.00 (VIOLATED)
_3003_/A                                0.70    0.70   -0.00 (VIOLATED)
_3242_/A1                               0.70    0.70   -0.00 (VIOLATED)
_3238_/B2                               0.70    0.70   -0.00 (VIOLATED)
_3254_/A1                               0.70    0.70   -0.00 (VIOLATED)
_2388_/Y                                0.70    0.70   -0.00 (VIOLATED)
_2389_/B                                0.70    0.70   -0.00 (VIOLATED)
_2392_/B                                0.70    0.70   -0.00 (VIOLATED)
_3265_/A1                               0.70    0.70   -0.00 (VIOLATED)

===KLT_MAX_TRANSITION_VIOLATIONS_END===
===KLT_MAX_CAPACITANCE_VIOLATIONS_BEGIN===
===KLT_MAX_CAPACITANCE_VIOLATIONS_END===
