|* Post-layout sampler_core: the WHOLE composed cell -- four skewed rings,
|* four output buffers, the three-xor2 combining tree, AND all six
|* sampler_dff instances (raw_bit, raw_valid, ring_bit1-4) -- extracted FLAT
|* from ONE `klt extract --parasitics` run over the now DRC-clean, klt
|* lvs-MATCHING layout/sampler_core/sampler_core.gds (264/264 devices,
|* 152/152 nets against design/sampler_core.spice's own .subckt
|* sampler_core, PR #113; extracted as layout/pex-sampler-core/README.md
|* documents, PR #114).
|*
|* Purpose (issue #22's own DR-0008-named follow-up, "sampler_core scope"):
|* every prior sampler_dff-family post-layout deck in this repo
|* (sim/post-layout-sampler-dff/, sim/post-layout-sampler-dff-assembled/)
|* drives ONE isolated sampler_dff instance from an ideal PWL `d` source --
|* never the six-instance fan-out design/sampler_core.spice actually wires,
|* and never a real (not ideal-PWL) input edge. This deck is the first to
|* close both gaps at once: xarr below is the real assembled
|* array-plus-sampler-bank, so each sampler's own `d` pin sees the real,
|* buffer-loaded, post-layout-slowed ring/combining-tree waveform sim/
|* post-layout-ro-array-core/ characterizes -- not a synthetic edge -- and
|* clock-distribution skew across all six instances' own shared `clk` fan-out
|* is present for the first time too. DR-0008's own words: "the prerequisite
|* for any whole-chain raw-tap-to-sampled-bit post-layout claim."
|*
|* Topology, post-layout side (prefix p): xarr is ONE flat-extracted cell,
|* sourced from layout/pex-sampler-core/sampler_core_pex.spice via
|* layout/bin/pex-netlist.py (shared, unmodified). `ro1`-`ro4` and `xo` --
|* the array's own raw taps, each already an internal net of the wrapper
|* `sampler_core_pex` (promoted there so its own six sampler_dff instances
|* can reach them, per layout/pex-sampler-core/README.md's alias table) --
|* are reachable at ONE level of hierarchy (`v(xarr.ro1)`, ...,
|* `v(xarr.xo)`), confirmed by this deck's own development probe before
|* committing (a first attempt at `v(xarr.xpex.ro1)`, guessing the
|* extractor's own internal `__core` instance name `xpex` was needed, came
|* back "not available or has zero length" -- `ro1`/`xo` belong to
|* `sampler_core_pex`'s OWN local scope, one level shallower than that).
|* `xo`'s own two-ring partial sum `t1` is NOT reached by this deck --
|* unlike sim/post-layout-ro-array-core/, which promotes `t1` at the very
|* same one-hierarchy-level depth this deck's own probe found for `ro1`/
|* `xo`, `t1` is internal to the array block nested one level deeper inside
|* `sampler_core_pex` (the array's own combining tree is not itself promoted
|* to `sampler_core_pex`'s local scope, only its four raw taps and the
|* fully-combined `xo` are) -- reaching it would need a second, unverified
|* hierarchy guess this deck does not spend budget confirming. The N=4
|* (`xo`) edge-retention/value-fidelity figures below are this deck's own
|* combining-fidelity claim; the N=2 (`t1`) figure sim/
|* post-layout-ro-array-core/ also reports is not re-measured here.
|*
|* Topology, pre-layout side (prefix-free): xctl is
|* design/sampler_core.spice's own parameterized `.subckt sampler_core`,
|* same-deck same-corner control, `ro1`-`ro4`/`xo` reached the identical way
|* (`v(xctl.ro1)`, ..., `v(xctl.xo)` -- local nets of `.subckt sampler_core`
|* itself, per that file's own `xdut ... ro_array_core` instantiation line).
|*
|* The substrate tie. layout/pex-sampler-core/sampler_core_pex.spice
|* declares the extractor's substrate return node `vsubs` .global
|* (klayout-tools#1503, same as every other post-layout deck in this repo).
|* This deck ties it HARD to 0, the same physically-motivated choice
|* sim/post-layout-ro-array-core/ and its own siblings use -- every composed
|* cell's own psub guard ring is tied to vss, and vss is 0 here.
|*
|* START-UP: ENABLE + RESET RELEASE, NOT `.ic` ON INTERNAL NODES -- same
|* method sim/post-layout-ro-array-core/'s own header explains for the
|* rings (en=0 pins each ro_nand2's own output high, a defined state;
|* releasing it starts the ring), extended here to the six sampler_dff
|* instances the SAME way: rst_n=0 pins each instance's own `mb`/`s2mid`/
|* `qb` internal nodes to a defined reset state (design/sampler_core.spice's
|* own `.subckt sampler_dff`, `Mimpb`/`Mimnb`/`Mis2pb`/`Mis2nb` -- the same
|* four devices sim/post-layout-sampler-dff/'s own reset-contention deck
|* exercises with an explicit PWL pulse), so releasing rst_n from a defined
|* state is exactly as valid a start-up method as `.ic`, and reaches deeper
|* into this deck's own hierarchy (six instances inside two more levels of
|* subckt nesting than sim/raw-bit-min-entropy/'s own top-level sampler_dff
|* calls) with no per-instance `.ic` ladder needed at all. This deck can use
|* a REAL transient rst_n pulse -- unlike sim/raw-bit-min-entropy/, which
|* holds rst_n permanently released because its own trnoise() sources
|* cannot coexist with ANY control-signal breakpoint in this ngspice build
|* -- because this deck injects no noise at all (a deterministic functional/
|* timing/current characterization, not a min-entropy campaign).
|*
|* Timeline. `en1`-`en4` release together at 5 ns (matching
|* sim/post-layout-ro-array-core/ exactly, so the rings reach the same
|* steady oscillation this deck's own ring-period/combining measurements
|* below can cite directly). `rst_n` releases at 300 ns -- comfortably past
|* every ring's own start-up transient at the periods that deck measures
|* (2-4 ns), so the reset-held window below (50-250 ns) is a fair "rings
|* running, samplers held in reset" baseline, not a start-up artifact.
|* `clk` begins pulsing at 320 ns, Ts = 100 ns (the same disclosed,
|* measured compute-budget deviation from DR-0003's Ts = 20 us that
|* sim/raw-bit-min-entropy/'s own header justifies at length -- this deck's
|* own tstop of 800 ns gives five rising clk edges, 320-720 ns, comfortably
|* inside that window). No trnoise() source anywhere in this deck, so no
|* control-signal-breakpoint conflict of the kind that forces
|* sim/raw-bit-min-entropy/ to hold every control signal at `dc`.
|*
|* What "captured value" means here, and what it does NOT claim. With no
|* injected noise, `raw_bit`/`raw_valid`/`ring_bit1`-`ring_bit4` are fully
|* deterministic functions of the free-running rings' own phase at each
|* `clk` edge -- this deck reports FIVE discrete snapshots per side (one
|* per sample instant, at the 50 ns mark inside each `clk` low phase, where
|* every sampler's own slave stage is opaque and holding) to confirm the
|* whole assembled, post-layout cell produces clean rail-to-rail digital
|* levels end to end (not an intermediate voltage, not floating) when
|* driven by its own real ring taps through its own real routing -- NOT a
|* min-entropy or jitter claim (that remains sim/raw-bit-min-entropy/'s own
|* scope, at the pre-layout netlist level only). Pre- and post-layout
|* snapshots at the SAME nominal sample instant are NOT expected to agree
|* bit-for-bit: post-layout parasitics measurably slow the array (this
|* deck's own p_tr*/tr* ratio below quantifies exactly how much), so the
|* two sides' sampler_dff instances can legitimately latch different phases
|* of each ring's own free-running waveform at the same nominal clock edge.
|* That divergence is itself the mechanism this whole entropy source
|* depends on, not a defect in either side.
|*
|* Window / memory. Without an explicit `.save`, ngspice retains a
|* full-resolution trace for every internal parasitic-star leg node this
|* flat extraction introduces (264 devices' worth, on TOP of the samplers'
|* own leg nodes) -- confirmed to exhaust available process memory outright
|* during this deck's own development (`Error: memory required ... is more
|* than memory available`), the same failure
|* sim/post-layout-ro-array-core/'s own header names for the array alone.
|* `.save` below keeps only the traces every `.meas` statement actually
|* reads.
|*
|* This file is a TEMPLATE: sim/bin/corner-run.py substitutes /home/ubuntu/.volare/volare/sky130/versions/c6d73a35f524070e85faff4a6a9eef49553ebc2b/sky130A/libs.tech/combined/sky130.lib.spice,
|* tt, -40.0, 1.62 and 5p. As committed it is not a
|* runnable deck. Invoke with `--ro-ring5 design/sampler_core.spice` and
|* `--pex-lib layout/pex-sampler-core/sampler_core_pex.spice`.
|
|.option scale=1u
|.lib "/home/ubuntu/.volare/volare/sky130/versions/c6d73a35f524070e85faff4a6a9eef49553ebc2b/sky130A/libs.tech/combined/sky130.lib.spice" tt
|
|* pre-layout subcircuit library -- design/sampler_core.spice, which carries
|* the flat `.subckt sampler_core` under test (and, inside it, `.subckt
|* sampler_dff`/`ro_array_core`/etc unmodified).
|.include "/home/ubuntu/GitHub/sky130-trng/.loom/worktrees/issue-22/design/sampler_core.spice"
|* post-layout WHOLE-CELL subcircuit library (sampler_core_pex), generated
|* from layout/sampler_core/'s composed, DRC-clean, klt lvs-matching GDS.
|.include "/home/ubuntu/GitHub/sky130-trng/.loom/worktrees/issue-22/layout/pex-sampler-core/sampler_core_pex.spice"
|
|.temp -40.0
|
|* --- substrate return node: hard tie (see header) ----------------------
|Vsub vsubs 0 dc 0
|
|* --- post-layout WHOLE CELL, one flat-extracted circuit ----------------
|Vddrp1 pvddr1 0 dc 1.62
|Vddrp2 pvddr2 0 dc 1.62
|Vddrp3 pvddr3 0 dc 1.62
|Vddrp4 pvddr4 0 dc 1.62
|Vddp pvdd 0 dc 1.62
|Venp1 pen1 0 PULSE(0 1.62 5n 100p 100p 1u 2u)
|Venp2 pen2 0 PULSE(0 1.62 5n 100p 100p 1u 2u)
|Venp3 pen3 0 PULSE(0 1.62 5n 100p 100p 1u 2u)
|Venp4 pen4 0 PULSE(0 1.62 5n 100p 100p 1u 2u)
|Vrstnp prst_n 0 PULSE(0 1.62 300n 100p 100p 10u 20u)
|Vclkp pclk 0 PULSE(0 1.62 320n 100p 100p 49.8n 100n)
|xarr pen1 pen2 pen3 pen4 pvddr1 pvddr2 pvddr3 pvddr4 pvdd 0 pclk prst_n
|+ praw_bit praw_valid pring_bit1 pring_bit2 pring_bit3 pring_bit4
|+ sampler_core_pex
|
|* --- pre-layout control, identical topology, single-call subckt --------
|Vddr1 vddr1 0 dc 1.62
|Vddr2 vddr2 0 dc 1.62
|Vddr3 vddr3 0 dc 1.62
|Vddr4 vddr4 0 dc 1.62
|Vdd vdd 0 dc 1.62
|Ven1 en1 0 PULSE(0 1.62 5n 100p 100p 1u 2u)
|Ven2 en2 0 PULSE(0 1.62 5n 100p 100p 1u 2u)
|Ven3 en3 0 PULSE(0 1.62 5n 100p 100p 1u 2u)
|Ven4 en4 0 PULSE(0 1.62 5n 100p 100p 1u 2u)
|Vrstn rst_n 0 PULSE(0 1.62 300n 100p 100p 10u 20u)
|Vclk clk 0 PULSE(0 1.62 320n 100p 100p 49.8n 100n)
|xctl en1 en2 en3 en4 vddr1 vddr2 vddr3 vddr4 vdd 0 clk rst_n
|+ raw_bit raw_valid ring_bit1 ring_bit2 ring_bit3 ring_bit4
|+ sampler_core
|
|.ic v(xarr.ro1)=0 v(xarr.ro2)=0 v(xarr.ro3)=0 v(xarr.ro4)=0
|.ic v(xctl.ro1)=0 v(xctl.ro2)=0 v(xctl.ro3)=0 v(xctl.ro4)=0
|
|* Limit the saved transient trace set to exactly what the .meas statements
|* below need (see header -- this is a hard memory requirement here, not an
|* optimization).
|.save v(xarr.ro1) v(xarr.ro2) v(xarr.ro3) v(xarr.ro4) v(xarr.xo)
|.save v(xctl.ro1) v(xctl.ro2) v(xctl.ro3) v(xctl.ro4) v(xctl.xo)
|.save v(praw_bit) v(praw_valid) v(pring_bit1) v(pring_bit2) v(pring_bit3) v(pring_bit4)
|.save v(raw_bit) v(raw_valid) v(ring_bit1) v(ring_bit2) v(ring_bit3) v(ring_bit4)
|.save i(Vddrp1) i(Vddrp2) i(Vddrp3) i(Vddrp4) i(Vddp)
|.save i(Vddr1) i(Vddr2) i(Vddr3) i(Vddr4) i(Vdd)
|
|.tran 5p 800n uic
|
|.control
|run
|
|* ==========================================================================
|* POST-LAYOUT WHOLE CELL
|* ==========================================================================
|
|* --- per-ring periods, 10 whole periods each, first two rising edges
|* discarded as start-up (identical estimator to
|* sim/post-layout-ro-array-core/) ----------------------------------------
|meas tran pt1a when v(xarr.ro1)=0.5*1.62 rise=3
|meas tran pt1b when v(xarr.ro1)=0.5*1.62 rise=13
|let p_tr1 = (pt1b - pt1a)/10
|meas tran pt2a when v(xarr.ro2)=0.5*1.62 rise=3
|meas tran pt2b when v(xarr.ro2)=0.5*1.62 rise=13
|let p_tr2 = (pt2b - pt2a)/10
|meas tran pt3a when v(xarr.ro3)=0.5*1.62 rise=3
|meas tran pt3b when v(xarr.ro3)=0.5*1.62 rise=13
|let p_tr3 = (pt3b - pt3a)/10
|meas tran pt4a when v(xarr.ro4)=0.5*1.62 rise=3
|meas tran pt4b when v(xarr.ro4)=0.5*1.62 rise=13
|let p_tr4 = (pt4b - pt4a)/10
|let p_f_ideal = 1/p_tr1 + 1/p_tr2 + 1/p_tr3 + 1/p_tr4
|
|* --- combining node (N=4, xo): swing, realized edge rate, value bias, now
|* under the six-sampler bank's own real capacitive loading + clk-dependent
|* switching -----------------------------------------------------------
|meas tran pvxo_max MAX v(xarr.xo) from=100n to=800n
|meas tran pvxo_min MIN v(xarr.xo) from=100n to=800n
|let p_swing_frac_xo = (pvxo_max - pvxo_min) / 1.62
|meas tran ptxo_a when v(xarr.xo)=0.5*1.62 rise=2
|meas tran ptxo_b when v(xarr.xo)=0.5*1.62 rise=50
|let p_f_xo = 48/(ptxo_b - ptxo_a)
|let p_edge_retention = p_f_xo / p_f_ideal
|meas tran pvxo_avg AVG v(xarr.xo) from=100n to=800n
|let p_bias_xo = pvxo_avg / 1.62
|
|* --- reset-held check: all six sampler outputs must stay near 0 while
|* rst_n is still asserted (0-300n), regardless of the rings' own toggling
|* -------------------------------------------------------------------
|meas tran p_vrst_bit MAX v(praw_bit) from=50n to=250n
|meas tran p_vrst_valid MAX v(praw_valid) from=50n to=250n
|meas tran p_vrst_r1 MAX v(pring_bit1) from=50n to=250n
|meas tran p_vrst_r2 MAX v(pring_bit2) from=50n to=250n
|meas tran p_vrst_r3 MAX v(pring_bit3) from=50n to=250n
|meas tran p_vrst_r4 MAX v(pring_bit4) from=50n to=250n
|
|* --- captured-value snapshots, one per clk period, 50 ns into each low
|* (opaque/holding) phase -------------------------------------------------
|meas tran p_bit_400n find v(praw_bit) at=400n
|meas tran p_bit_500n find v(praw_bit) at=500n
|meas tran p_bit_600n find v(praw_bit) at=600n
|meas tran p_bit_700n find v(praw_bit) at=700n
|meas tran p_bit_800n find v(praw_bit) at=800n
|meas tran p_valid_400n find v(praw_valid) at=400n
|meas tran p_r1_400n find v(pring_bit1) at=400n
|meas tran p_r2_400n find v(pring_bit2) at=400n
|meas tran p_r3_400n find v(pring_bit3) at=400n
|meas tran p_r4_400n find v(pring_bit4) at=400n
|
|* --- supply current: reset-held window (50-250n) vs. active/sampling
|* window (400-800n), rings and block (buffers+xor tree+six samplers,
|* which now share `vdd` with the array) reported separately -----------
|meas tran pi1_rst AVG i(Vddrp1) from=50n to=250n
|meas tran pi2_rst AVG i(Vddrp2) from=50n to=250n
|meas tran pi3_rst AVG i(Vddrp3) from=50n to=250n
|meas tran pi4_rst AVG i(Vddrp4) from=50n to=250n
|meas tran pib_rst AVG i(Vddp) from=50n to=250n
|let p_i_rings_rst = -(pi1_rst + pi2_rst + pi3_rst + pi4_rst)
|let p_i_block_rst = -pib_rst
|let p_i_total_rst = p_i_rings_rst + p_i_block_rst
|
|meas tran pi1_act AVG i(Vddrp1) from=400n to=800n
|meas tran pi2_act AVG i(Vddrp2) from=400n to=800n
|meas tran pi3_act AVG i(Vddrp3) from=400n to=800n
|meas tran pi4_act AVG i(Vddrp4) from=400n to=800n
|meas tran pib_act AVG i(Vddp) from=400n to=800n
|let p_i_rings_act = -(pi1_act + pi2_act + pi3_act + pi4_act)
|let p_i_block_act = -pib_act
|let p_i_total_act = p_i_rings_act + p_i_block_act
|
|* ==========================================================================
|* PRE-LAYOUT CONTROL -- identical estimators, identical node names
|* ==========================================================================
|
|meas tran t1a when v(xctl.ro1)=0.5*1.62 rise=3
|meas tran t1b when v(xctl.ro1)=0.5*1.62 rise=13
|let tr1 = (t1b - t1a)/10
|meas tran t2a when v(xctl.ro2)=0.5*1.62 rise=3
|meas tran t2b when v(xctl.ro2)=0.5*1.62 rise=13
|let tr2 = (t2b - t2a)/10
|meas tran t3a when v(xctl.ro3)=0.5*1.62 rise=3
|meas tran t3b when v(xctl.ro3)=0.5*1.62 rise=13
|let tr3 = (t3b - t3a)/10
|meas tran t4a when v(xctl.ro4)=0.5*1.62 rise=3
|meas tran t4b when v(xctl.ro4)=0.5*1.62 rise=13
|let tr4 = (t4b - t4a)/10
|let f_ideal = 1/tr1 + 1/tr2 + 1/tr3 + 1/tr4
|
|meas tran vxo_max MAX v(xctl.xo) from=100n to=800n
|meas tran vxo_min MIN v(xctl.xo) from=100n to=800n
|let swing_frac_xo = (vxo_max - vxo_min) / 1.62
|meas tran txo_a when v(xctl.xo)=0.5*1.62 rise=2
|meas tran txo_b when v(xctl.xo)=0.5*1.62 rise=50
|let f_xo = 48/(txo_b - txo_a)
|let edge_retention = f_xo / f_ideal
|meas tran vxo_avg AVG v(xctl.xo) from=100n to=800n
|let bias_xo = vxo_avg / 1.62
|
|meas tran vrst_bit MAX v(raw_bit) from=50n to=250n
|meas tran vrst_valid MAX v(raw_valid) from=50n to=250n
|meas tran vrst_r1 MAX v(ring_bit1) from=50n to=250n
|meas tran vrst_r2 MAX v(ring_bit2) from=50n to=250n
|meas tran vrst_r3 MAX v(ring_bit3) from=50n to=250n
|meas tran vrst_r4 MAX v(ring_bit4) from=50n to=250n
|
|meas tran bit_400n find v(raw_bit) at=400n
|meas tran bit_500n find v(raw_bit) at=500n
|meas tran bit_600n find v(raw_bit) at=600n
|meas tran bit_700n find v(raw_bit) at=700n
|meas tran bit_800n find v(raw_bit) at=800n
|meas tran valid_400n find v(raw_valid) at=400n
|meas tran r1_400n find v(ring_bit1) at=400n
|meas tran r2_400n find v(ring_bit2) at=400n
|meas tran r3_400n find v(ring_bit3) at=400n
|meas tran r4_400n find v(ring_bit4) at=400n
|
|meas tran i1_rst AVG i(Vddr1) from=50n to=250n
|meas tran i2_rst AVG i(Vddr2) from=50n to=250n
|meas tran i3_rst AVG i(Vddr3) from=50n to=250n
|meas tran i4_rst AVG i(Vddr4) from=50n to=250n
|meas tran ib_rst AVG i(Vdd) from=50n to=250n
|let i_rings_rst = -(i1_rst + i2_rst + i3_rst + i4_rst)
|let i_block_rst = -ib_rst
|let i_total_rst = i_rings_rst + i_block_rst
|
|meas tran i1_act AVG i(Vddr1) from=400n to=800n
|meas tran i2_act AVG i(Vddr2) from=400n to=800n
|meas tran i3_act AVG i(Vddr3) from=400n to=800n
|meas tran i4_act AVG i(Vddr4) from=400n to=800n
|meas tran ib_act AVG i(Vdd) from=400n to=800n
|let i_rings_act = -(i1_act + i2_act + i3_act + i4_act)
|let i_block_act = -ib_act
|let i_total_act = i_rings_act + i_block_act
|
|* --- headline ratios: same block, same corner, real inter-block/intra-cell
|* wiring + real sampler loading vs. pre-layout (no interconnect, ideal
|* devices only) ----------------------------------------------------------
|let slowdown_r1 = p_tr1 / tr1
|let slowdown_r2 = p_tr2 / tr2
|let slowdown_r3 = p_tr3 / tr3
|let slowdown_r4 = p_tr4 / tr4
|let i_total_act_ratio = p_i_total_act / i_total_act
|let i_total_rst_ratio = p_i_total_rst / i_total_rst
|
|print p_tr1
|print p_tr2
|print p_tr3
|print p_tr4
|print p_f_ideal
|print p_f_xo
|print p_edge_retention
|print p_bias_xo
|print p_swing_frac_xo
|print p_vrst_bit
|print p_vrst_valid
|print p_vrst_r1
|print p_vrst_r2
|print p_vrst_r3
|print p_vrst_r4
|print p_bit_400n
|print p_bit_500n
|print p_bit_600n
|print p_bit_700n
|print p_bit_800n
|print p_valid_400n
|print p_r1_400n
|print p_r2_400n
|print p_r3_400n
|print p_r4_400n
|print p_i_rings_rst
|print p_i_block_rst
|print p_i_total_rst
|print p_i_rings_act
|print p_i_block_act
|print p_i_total_act
|
|print tr1
|print tr2
|print tr3
|print tr4
|print f_ideal
|print f_xo
|print edge_retention
|print bias_xo
|print swing_frac_xo
|print vrst_bit
|print vrst_valid
|print vrst_r1
|print vrst_r2
|print vrst_r3
|print vrst_r4
|print bit_400n
|print bit_500n
|print bit_600n
|print bit_700n
|print bit_800n
|print valid_400n
|print r1_400n
|print r2_400n
|print r3_400n
|print r4_400n
|print i_rings_rst
|print i_block_rst
|print i_total_rst
|print i_rings_act
|print i_block_act
|print i_total_act
|
|print slowdown_r1
|print slowdown_r2
|print slowdown_r3
|print slowdown_r4
|print i_total_act_ratio
|print i_total_rst_ratio
|.endc
|.end
|

----- stdout -----

Note: No compatibility mode selected!


Circuit: * post-layout sampler_core: the whole composed cell -- four skewed rings,

Doing analysis at TEMP = -40.000000 and TNOM = 27.000000

Using SPARSE 1.3 as Direct Linear Solver
Operating point simulation skipped by 'uic',
  now using transient initial conditions.
 Reference value :  5.00000e-14
 Reference value :  2.52586e-10
 Reference value :  6.87586e-10
 Reference value :  1.11759e-09
 Reference value :  1.57759e-09
 Reference value :  1.96759e-09
 Reference value :  2.25759e-09
 Reference value :  2.56759e-09
 Reference value :  2.87259e-09
 Reference value :  3.17759e-09
 Reference value :  3.49759e-09
 Reference value :  3.78259e-09
 Reference value :  4.07759e-09
 Reference value :  4.37759e-09
 Reference value :  4.67759e-09
 Reference value :  4.98259e-09
 Reference value :  5.31250e-09
 Reference value :  5.73250e-09
 Reference value :  6.17750e-09
 Reference value :  6.60750e-09
 Reference value :  6.99250e-09
 Reference value :  7.26750e-09
 Reference value :  7.67750e-09
 Reference value :  8.10750e-09
 Reference value :  8.51750e-09
 Reference value :  8.95250e-09
 Reference value :  9.33750e-09
 Reference value :  9.77250e-09
 Reference value :  1.02075e-08
 Reference value :  1.06325e-08
 Reference value :  1.10125e-08
 Reference value :  1.14075e-08
 Reference value :  1.17275e-08
 Reference value :  1.20075e-08
 Reference value :  1.23875e-08
 Reference value :  1.28175e-08
 Reference value :  1.32225e-08
 Reference value :  1.35875e-08
 Reference value :  1.39575e-08
 Reference value :  1.42925e-08
 Reference value :  1.46425e-08
 Reference value :  1.49725e-08
 Reference value :  1.53225e-08
 Reference value :  1.56925e-08
 Reference value :  1.60475e-08
 Reference value :  1.64475e-08
 Reference value :  1.68325e-08
 Reference value :  1.71575e-08
 Reference value :  1.74125e-08
 Reference value :  1.76825e-08
 Reference value :  1.79975e-08
 Reference value :  1.82675e-08
 Reference value :  1.84975e-08
 Reference value :  1.88725e-08
 Reference value :  1.92475e-08
 Reference value :  1.96075e-08
 Reference value :  1.99975e-08
 Reference value :  2.03825e-08
 Reference value :  2.08175e-08
 Reference value :  2.11675e-08
 Reference value :  2.15725e-08
 Reference value :  2.19775e-08
 Reference value :  2.23225e-08
 Reference value :  2.27025e-08
 Reference value :  2.30725e-08
 Reference value :  2.34475e-08
 Reference value :  2.37925e-08
 Reference value :  2.42075e-08
 Reference value :  2.45625e-08
 Reference value :  2.49375e-08
 Reference value :  2.53525e-08
 Reference value :  2.57475e-08
 Reference value :  2.60975e-08
 Reference value :  2.64875e-08
 Reference value :  2.68375e-08
 Reference value :  2.71825e-08
 Reference value :  2.75375e-08
 Reference value :  2.78825e-08
 Reference value :  2.81675e-08
 Reference value :  2.84175e-08
 Reference value :  2.87175e-08
 Reference value :  2.91475e-08
 Reference value :  2.95425e-08
 Reference value :  2.99275e-08
 Reference value :  3.03225e-08
 Reference value :  3.06975e-08
 Reference value :  3.10625e-08
 Reference value :  3.14425e-08
 Reference value :  3.18325e-08
 Reference value :  3.21525e-08
 Reference value :  3.25075e-08
 Reference value :  3.28675e-08
 Reference value :  3.32125e-08
 Reference value :  3.35375e-08
 Reference value :  3.39225e-08
 Reference value :  3.43475e-08
 Reference value :  3.46925e-08
 Reference value :  3.50175e-08
 Reference value :  3.53375e-08
 Reference value :  3.56825e-08
 Reference value :  3.60175e-08
 Reference value :  3.64475e-08
 Reference value :  3.68925e-08
 Reference value :  3.72675e-08
 Reference value :  3.76575e-08
 Reference value :  3.81075e-08
 Reference value :  3.84875e-08
 Reference value :  3.88175e-08
 Reference value :  3.91025e-08
 Reference value :  3.94275e-08
 Reference value :  3.97925e-08
 Reference value :  4.01425e-08
 Reference value :  4.05825e-08
 Reference value :  4.09375e-08
 Reference value :  4.12625e-08
 Reference value :  4.15825e-08
 Reference value :  4.20275e-08
 Reference value :  4.24025e-08
 Reference value :  4.27425e-08
 Reference value :  4.31875e-08
 Reference value :  4.35625e-08
 Reference value :  4.39425e-08
 Reference value :  4.43575e-08
 Reference value :  4.47725e-08
 Reference value :  4.51725e-08
 Reference value :  4.55975e-08
 Reference value :  4.60175e-08
 Reference value :  4.64125e-08
 Reference value :  4.67675e-08
 Reference value :  4.71575e-08
 Reference value :  4.74925e-08
 Reference value :  4.79025e-08
 Reference value :  4.82175e-08
 Reference value :  4.85725e-08
 Reference value :  4.89975e-08
 Reference value :  4.94175e-08
 Reference value :  4.98225e-08
 Reference value :  5.02125e-08
 Reference value :  5.05475e-08
 Reference value :  5.08725e-08
 Reference value :  5.12075e-08
 Reference value :  5.16225e-08
 Reference value :  5.20225e-08
 Reference value :  5.23375e-08
 Reference value :  5.27025e-08
 Reference value :  5.30975e-08
 Reference value :  5.34875e-08
 Reference value :  5.38675e-08
 Reference value :  5.42475e-08
 Reference value :  5.46575e-08
 Reference value :  5.49875e-08
 Reference value :  5.54025e-08
 Reference value :  5.57875e-08
 Reference value :  5.61375e-08
 Reference value :  5.65025e-08
 Reference value :  5.68875e-08
 Reference value :  5.73025e-08
 Reference value :  5.77475e-08
 Reference value :  5.81375e-08
 Reference value :  5.84775e-08
 Reference value :  5.88025e-08
 Reference value :  5.90775e-08
 Reference value :  5.93825e-08
 Reference value :  5.97525e-08
 Reference value :  6.00825e-08
 Reference value :  6.04075e-08
 Reference value :  6.07675e-08
 Reference value :  6.11425e-08
 Reference value :  6.15125e-08
 Reference value :  6.19025e-08
 Reference value :  6.21375e-08
 Reference value :  6.24025e-08
 Reference value :  6.26425e-08
 Reference value :  6.29275e-08
 Reference value :  6.32825e-08
 Reference value :  6.36525e-08
 Reference value :  6.40775e-08
 Reference value :  6.44675e-08
 Reference value :  6.48475e-08
 Reference value :  6.52625e-08
 Reference value :  6.56925e-08
 Reference value :  6.60775e-08
 Reference value :  6.63925e-08
 Reference value :  6.67675e-08
 Reference value :  6.71725e-08
 Reference value :  6.75375e-08
 Reference value :  6.79725e-08
 Reference value :  6.83925e-08
 Reference value :  6.87475e-08
 Reference value :  6.91775e-08
 Reference value :  6.96125e-08
 Reference value :  6.99525e-08
 Reference value :  7.03525e-08
 Reference value :  7.07625e-08
 Reference value :  7.11125e-08
 Reference value :  7.14325e-08
 Reference value :  7.17375e-08
 Reference value :  7.20625e-08
 Reference value :  7.24025e-08
 Reference value :  7.27375e-08
 Reference value :  7.31475e-08
 Reference value :  7.35725e-08
 Reference value :  7.39275e-08
 Reference value :  7.43625e-08
 Reference value :  7.47975e-08
 Reference value :  7.51575e-08
 Reference value :  7.55175e-08
 Reference value :  7.59125e-08
 Reference value :  7.63475e-08
 Reference value :  7.67075e-08
 Reference value :  7.71425e-08
 Reference value :  7.75225e-08
 Reference value :  7.79025e-08
 Reference value :  7.82475e-08
 Reference value :  7.85875e-08
 Reference value :  7.89075e-08
 Reference value :  7.92425e-08
 Reference value :  7.96225e-08
 Reference value :  7.99925e-08
 Reference value :  8.03625e-08
 Reference value :  8.07425e-08
 Reference value :  8.11125e-08
 Reference value :  8.14775e-08
 Reference value :  8.17725e-08
 Reference value :  8.20575e-08
 Reference value :  8.23275e-08
 Reference value :  8.25675e-08
 Reference value :  8.27675e-08
 Reference value :  8.30275e-08
 Reference value :  8.33225e-08
 Reference value :  8.37075e-08
 Reference value :  8.40625e-08
 Reference value :  8.44775e-08
 Reference value :  8.48525e-08
 Reference value :  8.52675e-08
 Reference value :  8.56525e-08
 Reference value :  8.60625e-08
 Reference value :  8.64275e-08
 Reference value :  8.68225e-08
 Reference value :  8.72475e-08
 Reference value :  8.76275e-08
 Reference value :  8.80525e-08
 Reference value :  8.84275e-08
 Reference value :  8.87775e-08
 Reference value :  8.90475e-08
 Reference value :  8.93725e-08
 Reference value :  8.97275e-08
 Reference value :  9.00825e-08
 Reference value :  9.05375e-08
 Reference value :  9.09675e-08
 Reference value :  9.12875e-08
 Reference value :  9.16325e-08
 Reference value :  9.20325e-08
 Reference value :  9.23925e-08
 Reference value :  9.27625e-08
 Reference value :  9.31125e-08
 Reference value :  9.35075e-08
 Reference value :  9.38525e-08
 Reference value :  9.42975e-08
 Reference value :  9.47175e-08
 Reference value :  9.51075e-08
 Reference value :  9.54425e-08
 Reference value :  9.57925e-08
 Reference value :  9.61475e-08
 Reference value :  9.65675e-08
 Reference value :  9.68625e-08
 Reference value :  9.71675e-08
 Reference value :  9.74325e-08
 Reference value :  9.77875e-08
 Reference value :  9.81825e-08
 Reference value :  9.84875e-08
 Reference value :  9.88225e-08
 Reference value :  9.92025e-08
 Reference value :  9.95825e-08
 Reference value :  9.99625e-08
 Reference value :  1.00378e-07
 Reference value :  1.00803e-07
 Reference value :  1.01158e-07
 Reference value :  1.01588e-07
 Reference value :  1.02023e-07
 Reference value :  1.02453e-07
 Reference value :  1.02898e-07
 Reference value :  1.03338e-07
 Reference value :  1.03753e-07
 Reference value :  1.04173e-07
 Reference value :  1.04603e-07
 Reference value :  1.05013e-07
 Reference value :  1.05403e-07
 Reference value :  1.05853e-07
 Reference value :  1.06283e-07
 Reference value :  1.06653e-07
 Reference value :  1.06993e-07
 Reference value :  1.07363e-07
 Reference value :  1.07723e-07
 Reference value :  1.08123e-07
 Reference value :  1.08523e-07
 Reference value :  1.08858e-07
 Reference value :  1.09168e-07
 Reference value :  1.09528e-07
 Reference value :  1.09923e-07
 Reference value :  1.10293e-07
 Reference value :  1.10728e-07
 Reference value :  1.11143e-07
 Reference value :  1.11498e-07
 Reference value :  1.11838e-07
 Reference value :  1.12188e-07
 Reference value :  1.12543e-07
 Reference value :  1.12878e-07
 Reference value :  1.13228e-07
 Reference value :  1.13578e-07
 Reference value :  1.13933e-07
 Reference value :  1.14293e-07
 Reference value :  1.14663e-07
 Reference value :  1.15043e-07
 Reference value :  1.15403e-07
 Reference value :  1.15768e-07
 Reference value :  1.16128e-07
 Reference value :  1.16463e-07
 Reference value :  1.16813e-07
 Reference value :  1.17158e-07
 Reference value :  1.17533e-07
 Reference value :  1.17908e-07
 Reference value :  1.18203e-07
 Reference value :  1.18588e-07
 Reference value :  1.18918e-07
 Reference value :  1.19288e-07
 Reference value :  1.19658e-07
 Reference value :  1.20038e-07
 Reference value :  1.20383e-07
 Reference value :  1.20753e-07
 Reference value :  1.21133e-07
 Reference value :  1.21538e-07
 Reference value :  1.21918e-07
 Reference value :  1.22268e-07
 Reference value :  1.22613e-07
 Reference value :  1.22983e-07
 Reference value :  1.23383e-07
 Reference value :  1.23758e-07
 Reference value :  1.24113e-07
 Reference value :  1.24438e-07
 Reference value :  1.24773e-07
 Reference value :  1.25123e-07
 Reference value :  1.25448e-07
 Reference value :  1.25798e-07
 Reference value :  1.26148e-07
 Reference value :  1.26473e-07
 Reference value :  1.26863e-07
 Reference value :  1.27278e-07
 Reference value :  1.27643e-07
 Reference value :  1.27978e-07
 Reference value :  1.28338e-07
 Reference value :  1.28678e-07
 Reference value :  1.28988e-07
 Reference value :  1.29333e-07
 Reference value :  1.29723e-07
 Reference value :  1.30053e-07
 Reference value :  1.30378e-07
 Reference value :  1.30738e-07
 Reference value :  1.31108e-07
 Reference value :  1.31438e-07
 Reference value :  1.31803e-07
 Reference value :  1.32218e-07
 Reference value :  1.32563e-07
 Reference value :  1.32883e-07
 Reference value :  1.33198e-07
 Reference value :  1.33533e-07
 Reference value :  1.33853e-07
 Reference value :  1.34193e-07
 Reference value :  1.34623e-07
 Reference value :  1.34963e-07
 Reference value :  1.35318e-07
 Reference value :  1.35748e-07
 Reference value :  1.36188e-07
 Reference value :  1.36493e-07
 Reference value :  1.36818e-07
 Reference value :  1.37258e-07
 Reference value :  1.37623e-07
 Reference value :  1.37958e-07
 Reference value :  1.38293e-07
 Reference value :  1.38723e-07
 Reference value :  1.39108e-07
 Reference value :  1.39468e-07
 Reference value :  1.39913e-07
 Reference value :  1.40303e-07
 Reference value :  1.40658e-07
 Reference value :  1.41103e-07
 Reference value :  1.41468e-07
 Reference value :  1.41838e-07
 Reference value :  1.42258e-07
 Reference value :  1.42643e-07
 Reference value :  1.43048e-07
 Reference value :  1.43428e-07
 Reference value :  1.43793e-07
 Reference value :  1.44173e-07
 Reference value :  1.44493e-07
 Reference value :  1.44848e-07
 Reference value :  1.45188e-07
 Reference value :  1.45588e-07
 Reference value :  1.45983e-07
 Reference value :  1.46363e-07
 Reference value :  1.46758e-07
 Reference value :  1.47138e-07
 Reference value :  1.47553e-07
 Reference value :  1.47918e-07
 Reference value :  1.48288e-07
 Reference value :  1.48663e-07
 Reference value :  1.48998e-07
 Reference value :  1.49413e-07
 Reference value :  1.49853e-07
 Reference value :  1.50188e-07
 Reference value :  1.50528e-07
 Reference value :  1.50883e-07
 Reference value :  1.51268e-07
 Reference value :  1.51663e-07
 Reference value :  1.51948e-07
 Reference value :  1.52173e-07
 Reference value :  1.52518e-07
 Reference value :  1.52863e-07
 Reference value :  1.53263e-07
 Reference value :  1.53633e-07
 Reference value :  1.54008e-07
 Reference value :  1.54333e-07
 Reference value :  1.54718e-07
 Reference value :  1.55073e-07
 Reference value :  1.55438e-07
 Reference value :  1.55853e-07
 Reference value :  1.56228e-07
 Reference value :  1.56568e-07
 Reference value :  1.56928e-07
 Reference value :  1.57358e-07
 Reference value :  1.57738e-07
 Reference value :  1.58073e-07
 Reference value :  1.58413e-07
 Reference value :  1.58783e-07
 Reference value :  1.59103e-07
 Reference value :  1.59498e-07
 Reference value :  1.59913e-07
 Reference value :  1.60268e-07
 Reference value :  1.60573e-07
 Reference value :  1.60958e-07
 Reference value :  1.61358e-07
 Reference value :  1.61693e-07
 Reference value :  1.62103e-07
 Reference value :  1.62433e-07
 Reference value :  1.62793e-07
 Reference value :  1.63198e-07
 Reference value :  1.63568e-07
 Reference value :  1.63898e-07
 Reference value :  1.64223e-07
 Reference value :  1.64653e-07
 Reference value :  1.64998e-07
 Reference value :  1.65268e-07
 Reference value :  1.65583e-07
 Reference value :  1.65878e-07
 Reference value :  1.66208e-07
 Reference value :  1.66553e-07
 Reference value :  1.66978e-07
 Reference value :  1.67398e-07
 Reference value :  1.67733e-07
 Reference value :  1.68088e-07
 Reference value :  1.68493e-07
 Reference value :  1.68848e-07
 Reference value :  1.69223e-07
 Reference value :  1.69608e-07
 Reference value :  1.70038e-07
 Reference value :  1.70423e-07
 Reference value :  1.70843e-07
 Reference value :  1.71298e-07
 Reference value :  1.71643e-07
 Reference value :  1.72013e-07
 Reference value :  1.72443e-07
 Reference value :  1.72803e-07
 Reference value :  1.73188e-07
 Reference value :  1.73543e-07
 Reference value :  1.73968e-07
 Reference value :  1.74298e-07
 Reference value :  1.74588e-07
 Reference value :  1.74928e-07
 Reference value :  1.75298e-07
 Reference value :  1.75673e-07
 Reference value :  1.76003e-07
 Reference value :  1.76353e-07
 Reference value :  1.76653e-07
 Reference value :  1.76963e-07
 Reference value :  1.77303e-07
 Reference value :  1.77658e-07
 Reference value :  1.77983e-07
 Reference value :  1.78343e-07
 Reference value :  1.78693e-07
 Reference value :  1.79023e-07
 Reference value :  1.79398e-07
 Reference value :  1.79718e-07
 Reference value :  1.80098e-07
 Reference value :  1.80453e-07
 Reference value :  1.80758e-07
 Reference value :  1.81068e-07
 Reference value :  1.81398e-07
 Reference value :  1.81673e-07
 Reference value :  1.81978e-07
 Reference value :  1.82338e-07
 Reference value :  1.82693e-07
 Reference value :  1.83063e-07
 Reference value :  1.83463e-07
 Reference value :  1.83713e-07
 Reference value :  1.84083e-07
 Reference value :  1.84443e-07
 Reference value :  1.84798e-07
 Reference value :  1.85213e-07
 Reference value :  1.85558e-07
 Reference value :  1.85933e-07
 Reference value :  1.86278e-07
 Reference value :  1.86618e-07
 Reference value :  1.86963e-07
 Reference value :  1.87363e-07
 Reference value :  1.87718e-07
 Reference value :  1.88078e-07
 Reference value :  1.88473e-07
 Reference value :  1.88823e-07
 Reference value :  1.89168e-07
 Reference value :  1.89513e-07
 Reference value :  1.89908e-07
 Reference value :  1.90233e-07
 Reference value :  1.90523e-07
 Reference value :  1.90838e-07
 Reference value :  1.91058e-07
 Reference value :  1.91288e-07
 Reference value :  1.91578e-07
 Reference value :  1.91948e-07
 Reference value :  1.92358e-07
 Reference value :  1.92808e-07
 Reference value :  1.93158e-07
 Reference value :  1.93428e-07
 Reference value :  1.93648e-07
 Reference value :  1.93913e-07
 Reference value :  1.94178e-07
 Reference value :  1.94463e-07
 Reference value :  1.94808e-07
 Reference value :  1.95133e-07
 Reference value :  1.95528e-07
 Reference value :  1.95953e-07
 Reference value :  1.96353e-07
 Reference value :  1.96783e-07
 Reference value :  1.97203e-07
 Reference value :  1.97548e-07
 Reference value :  1.97913e-07
 Reference value :  1.98293e-07
 Reference value :  1.98723e-07
 Reference value :  1.99043e-07
 Reference value :  1.99458e-07
 Reference value :  1.99838e-07
 Reference value :  2.00233e-07
 Reference value :  2.00623e-07
 Reference value :  2.01063e-07
 Reference value :  2.01483e-07
 Reference value :  2.01893e-07
 Reference value :  2.02318e-07
 Reference value :  2.02723e-07
 Reference value :  2.03048e-07
 Reference value :  2.03458e-07
 Reference value :  2.03773e-07
 Reference value :  2.04178e-07
 Reference value :  2.04603e-07
 Reference value :  2.05043e-07
 Reference value :  2.05413e-07
 Reference value :  2.05748e-07
 Reference value :  2.06158e-07
 Reference value :  2.06543e-07
 Reference value :  2.06903e-07
 Reference value :  2.07258e-07
 Reference value :  2.07688e-07
 Reference value :  2.08123e-07
 Reference value :  2.08543e-07
 Reference value :  2.08938e-07
 Reference value :  2.09293e-07
 Reference value :  2.09638e-07
 Reference value :  2.09958e-07
 Reference value :  2.10203e-07
 Reference value :  2.10448e-07
 Reference value :  2.10838e-07
 Reference value :  2.11208e-07
 Reference value :  2.11553e-07
 Reference value :  2.11953e-07
 Reference value :  2.12388e-07
 Reference value :  2.12828e-07
 Reference value :  2.13208e-07
 Reference value :  2.13588e-07
 Reference value :  2.13913e-07
 Reference value :  2.14213e-07
 Reference value :  2.14578e-07
 Reference value :  2.14948e-07
 Reference value :  2.15323e-07
 Reference value :  2.15688e-07
 Reference value :  2.16053e-07
 Reference value :  2.16488e-07
 Reference value :  2.16838e-07
 Reference value :  2.17223e-07
 Reference value :  2.17533e-07
 Reference value :  2.17828e-07
 Reference value :  2.18098e-07
 Reference value :  2.18423e-07
 Reference value :  2.18693e-07
 Reference value :  2.19013e-07
 Reference value :  2.19423e-07
 Reference value :  2.19798e-07
 Reference value :  2.20178e-07
 Reference value :  2.20513e-07
 Reference value :  2.20873e-07
 Reference value :  2.21278e-07
 Reference value :  2.21648e-07
 Reference value :  2.22008e-07
 Reference value :  2.22398e-07
 Reference value :  2.22763e-07
 Reference value :  2.23143e-07
 Reference value :  2.23478e-07
 Reference value :  2.23848e-07
 Reference value :  2.24193e-07
 Reference value :  2.24468e-07
 Reference value :  2.24893e-07
 Reference value :  2.25293e-07
 Reference value :  2.25653e-07
 Reference value :  2.25983e-07
 Reference value :  2.26348e-07
 Reference value :  2.26708e-07
 Reference value :  2.27063e-07
 Reference value :  2.27463e-07
 Reference value :  2.27823e-07
 Reference value :  2.28203e-07
 Reference value :  2.28618e-07
 Reference value :  2.29003e-07
 Reference value :  2.29363e-07
 Reference value :  2.29788e-07
 Reference value :  2.30228e-07
 Reference value :  2.30568e-07
 Reference value :  2.30863e-07
 Reference value :  2.31113e-07
 Reference value :  2.31453e-07
 Reference value :  2.31773e-07
 Reference value :  2.32138e-07
 Reference value :  2.32528e-07
 Reference value :  2.32873e-07
 Reference value :  2.33288e-07
 Reference value :  2.33683e-07
 Reference value :  2.34128e-07
 Reference value :  2.34473e-07
 Reference value :  2.34803e-07
 Reference value :  2.35218e-07
 Reference value :  2.35593e-07
 Reference value :  2.35963e-07
 Reference value :  2.36378e-07
 Reference value :  2.36778e-07
 Reference value :  2.37158e-07
 Reference value :  2.37588e-07
 Reference value :  2.38038e-07
 Reference value :  2.38413e-07
 Reference value :  2.38803e-07
 Reference value :  2.39223e-07
 Reference value :  2.39573e-07
 Reference value :  2.39918e-07
 Reference value :  2.40228e-07
 Reference value :  2.40523e-07
 Reference value :  2.40883e-07
 Reference value :  2.41228e-07
 Reference value :  2.41488e-07
 Reference value :  2.41923e-07
 Reference value :  2.42283e-07
 Reference value :  2.42633e-07
 Reference value :  2.42983e-07
 Reference value :  2.43378e-07
 Reference value :  2.43813e-07
 Reference value :  2.44193e-07
 Reference value :  2.44538e-07
 Reference value :  2.44928e-07
 Reference value :  2.45373e-07
 Reference value :  2.45758e-07
 Reference value :  2.46143e-07
 Reference value :  2.46513e-07
 Reference value :  2.46833e-07
 Reference value :  2.47218e-07
 Reference value :  2.47663e-07
 Reference value :  2.48058e-07
 Reference value :  2.48463e-07
 Reference value :  2.48763e-07
 Reference value :  2.49138e-07
 Reference value :  2.49573e-07
 Reference value :  2.49943e-07
 Reference value :  2.50283e-07
 Reference value :  2.50633e-07
 Reference value :  2.50988e-07
 Reference value :  2.51403e-07
 Reference value :  2.51808e-07
 Reference value :  2.52173e-07
 Reference value :  2.52583e-07
 Reference value :  2.52998e-07
 Reference value :  2.53433e-07
 Reference value :  2.53873e-07
 Reference value :  2.54193e-07
 Reference value :  2.54523e-07
 Reference value :  2.54863e-07
 Reference value :  2.55253e-07
 Reference value :  2.55578e-07
 Reference value :  2.55933e-07
 Reference value :  2.56293e-07
 Reference value :  2.56643e-07
 Reference value :  2.57013e-07
 Reference value :  2.57463e-07
 Reference value :  2.57878e-07
 Reference value :  2.58263e-07
 Reference value :  2.58633e-07
 Reference value :  2.58998e-07
 Reference value :  2.59383e-07
 Reference value :  2.59743e-07
 Reference value :  2.60148e-07
 Reference value :  2.60488e-07
 Reference value :  2.60853e-07
 Reference value :  2.61218e-07
 Reference value :  2.61613e-07
 Reference value :  2.61973e-07
 Reference value :  2.62388e-07
 Reference value :  2.62738e-07
 Reference value :  2.63073e-07
 Reference value :  2.63393e-07
 Reference value :  2.63683e-07
 Reference value :  2.63973e-07
 Reference value :  2.64303e-07
 Reference value :  2.64683e-07
 Reference value :  2.65128e-07
 Reference value :  2.65503e-07
 Reference value :  2.65793e-07
 Reference value :  2.66093e-07
 Reference value :  2.66518e-07
 Reference value :  2.66853e-07
 Reference value :  2.67188e-07
 Reference value :  2.67423e-07
 Reference value :  2.67793e-07
 Reference value :  2.68223e-07
 Reference value :  2.68598e-07
 Reference value :  2.69038e-07
 Reference value :  2.69408e-07
 Reference value :  2.69728e-07
 Reference value :  2.70128e-07
 Reference value :  2.70543e-07
 Reference value :  2.70903e-07
 Reference value :  2.71243e-07
 Reference value :  2.71623e-07
 Reference value :  2.72043e-07
 Reference value :  2.72388e-07
 Reference value :  2.72723e-07
 Reference value :  2.73108e-07
 Reference value :  2.73473e-07
 Reference value :  2.73853e-07
 Reference value :  2.74223e-07
 Reference value :  2.74573e-07
 Reference value :  2.74958e-07
 Reference value :  2.75273e-07
 Reference value :  2.75598e-07
 Reference value :  2.75983e-07
 Reference value :  2.76363e-07
 Reference value :  2.76703e-07
 Reference value :  2.77053e-07
 Reference value :  2.77458e-07
 Reference value :  2.77823e-07
 Reference value :  2.78203e-07
 Reference value :  2.78623e-07
 Reference value :  2.79073e-07
 Reference value :  2.79443e-07
 Reference value :  2.79823e-07
 Reference value :  2.80153e-07
 Reference value :  2.80523e-07
 Reference value :  2.80803e-07
 Reference value :  2.81108e-07
 Reference value :  2.81398e-07
 Reference value :  2.81668e-07
 Reference value :  2.82003e-07
 Reference value :  2.82398e-07
 Reference value :  2.82793e-07
 Reference value :  2.83223e-07
 Reference value :  2.83543e-07
 Reference value :  2.83908e-07
 Reference value :  2.84228e-07
 Reference value :  2.84608e-07
 Reference value :  2.84943e-07
 Reference value :  2.85338e-07
 Reference value :  2.85647e-07
 Reference value :  2.85937e-07
 Reference value :  2.86327e-07
 Reference value :  2.86687e-07
 Reference value :  2.86927e-07
 Reference value :  2.87287e-07
 Reference value :  2.87617e-07
 Reference value :  2.87987e-07
 Reference value :  2.88322e-07
 Reference value :  2.88712e-07
 Reference value :  2.89077e-07
 Reference value :  2.89477e-07
 Reference value :  2.89932e-07
 Reference value :  2.90392e-07
 Reference value :  2.90777e-07
 Reference value :  2.91112e-07
 Reference value :  2.91482e-07
 Reference value :  2.91892e-07
 Reference value :  2.92327e-07
 Reference value :  2.92702e-07
 Reference value :  2.93062e-07
 Reference value :  2.93437e-07
 Reference value :  2.93847e-07
 Reference value :  2.94247e-07
 Reference value :  2.94697e-07
 Reference value :  2.95167e-07
 Reference value :  2.95527e-07
 Reference value :  2.95892e-07
 Reference value :  2.96312e-07
 Reference value :  2.96712e-07
 Reference value :  2.97062e-07
 Reference value :  2.97497e-07
 Reference value :  2.97887e-07
 Reference value :  2.98277e-07
 Reference value :  2.98707e-07
 Reference value :  2.99157e-07
 Reference value :  2.99567e-07
 Reference value :  2.99992e-07
 Reference value :  3.00322e-07
 Reference value :  3.00732e-07
 Reference value :  3.01072e-07
 Reference value :  3.01492e-07
 Reference value :  3.01867e-07
 Reference value :  3.02242e-07
 Reference value :  3.02682e-07
 Reference value :  3.03107e-07
 Reference value :  3.03452e-07
 Reference value :  3.03787e-07
 Reference value :  3.04162e-07
 Reference value :  3.04532e-07
 Reference value :  3.04877e-07
 Reference value :  3.05182e-07
 Reference value :  3.05487e-07
 Reference value :  3.05797e-07
 Reference value :  3.06112e-07
 Reference value :  3.06462e-07
 Reference value :  3.06862e-07
 Reference value :  3.07222e-07
 Reference value :  3.07522e-07
 Reference value :  3.07857e-07
 Reference value :  3.08202e-07
 Reference value :  3.08542e-07
 Reference value :  3.08872e-07
 Reference value :  3.09217e-07
 Reference value :  3.09537e-07
 Reference value :  3.09887e-07
 Reference value :  3.10262e-07
 Reference value :  3.10597e-07
 Reference value :  3.10932e-07
 Reference value :  3.11262e-07
 Reference value :  3.11612e-07
 Reference value :  3.11937e-07
 Reference value :  3.12267e-07
 Reference value :  3.12612e-07
 Reference value :  3.12932e-07
 Reference value :  3.13292e-07
 Reference value :  3.13637e-07
 Reference value :  3.13962e-07
 Reference value :  3.14342e-07
 Reference value :  3.14687e-07
 Reference value :  3.15047e-07
 Reference value :  3.15397e-07
 Reference value :  3.15732e-07
 Reference value :  3.16072e-07
 Reference value :  3.16402e-07
 Reference value :  3.16712e-07
 Reference value :  3.17067e-07
 Reference value :  3.17407e-07
 Reference value :  3.17747e-07
 Reference value :  3.18082e-07
 Reference value :  3.18392e-07
 Reference value :  3.18717e-07
 Reference value :  3.19122e-07
 Reference value :  3.19427e-07
 Reference value :  3.19742e-07
 Reference value :  3.20027e-07
 Reference value :  3.20277e-07
 Reference value :  3.20597e-07
 Reference value :  3.20912e-07
 Reference value :  3.21217e-07
 Reference value :  3.21512e-07
 Reference value :  3.21822e-07
 Reference value :  3.22142e-07
 Reference value :  3.22457e-07
 Reference value :  3.22772e-07
 Reference value :  3.23087e-07
 Reference value :  3.23407e-07
 Reference value :  3.23747e-07
 Reference value :  3.24107e-07
 Reference value :  3.24437e-07
 Reference value :  3.24797e-07
 Reference value :  3.25162e-07
 Reference value :  3.25552e-07
 Reference value :  3.25862e-07
 Reference value :  3.26212e-07
 Reference value :  3.26577e-07
 Reference value :  3.26972e-07
 Reference value :  3.27317e-07
 Reference value :  3.27687e-07
 Reference value :  3.27972e-07
 Reference value :  3.28227e-07
 Reference value :  3.28552e-07
 Reference value :  3.28877e-07
 Reference value :  3.29217e-07
 Reference value :  3.29577e-07
 Reference value :  3.29902e-07
 Reference value :  3.30257e-07
 Reference value :  3.30667e-07
 Reference value :  3.31057e-07
 Reference value :  3.31472e-07
 Reference value :  3.31907e-07
 Reference value :  3.32287e-07
 Reference value :  3.32612e-07
 Reference value :  3.32962e-07
 Reference value :  3.33297e-07
 Reference value :  3.33647e-07
 Reference value :  3.34037e-07
 Reference value :  3.34482e-07
 Reference value :  3.34867e-07
 Reference value :  3.35262e-07
 Reference value :  3.35702e-07
 Reference value :  3.36147e-07
 Reference value :  3.36482e-07
 Reference value :  3.36772e-07
 Reference value :  3.37072e-07
 Reference value :  3.37407e-07
 Reference value :  3.37762e-07
 Reference value :  3.38147e-07
 Reference value :  3.38527e-07
 Reference value :  3.38962e-07
 Reference value :  3.39357e-07
 Reference value :  3.39817e-07
 Reference value :  3.40212e-07
 Reference value :  3.40547e-07
 Reference value :  3.40872e-07
 Reference value :  3.41202e-07
 Reference value :  3.41587e-07
 Reference value :  3.41997e-07
 Reference value :  3.42342e-07
 Reference value :  3.42722e-07
 Reference value :  3.43182e-07
 Reference value :  3.43577e-07
 Reference value :  3.44002e-07
 Reference value :  3.44362e-07
 Reference value :  3.44697e-07
 Reference value :  3.45017e-07
 Reference value :  3.45347e-07
 Reference value :  3.45782e-07
 Reference value :  3.46092e-07
 Reference value :  3.46447e-07
 Reference value :  3.46792e-07
 Reference value :  3.47217e-07
 Reference value :  3.47652e-07
 Reference value :  3.47962e-07
 Reference value :  3.48372e-07
 Reference value :  3.48687e-07
 Reference value :  3.49002e-07
 Reference value :  3.49322e-07
 Reference value :  3.49702e-07
 Reference value :  3.49987e-07
 Reference value :  3.50327e-07
 Reference value :  3.50632e-07
 Reference value :  3.51082e-07
 Reference value :  3.51467e-07
 Reference value :  3.51807e-07
 Reference value :  3.52152e-07
 Reference value :  3.52552e-07
 Reference value :  3.52897e-07
 Reference value :  3.53332e-07
 Reference value :  3.53652e-07
 Reference value :  3.54012e-07
 Reference value :  3.54352e-07
 Reference value :  3.54697e-07
 Reference value :  3.55097e-07
 Reference value :  3.55527e-07
 Reference value :  3.55922e-07
 Reference value :  3.56332e-07
 Reference value :  3.56677e-07
 Reference value :  3.57052e-07
 Reference value :  3.57382e-07
 Reference value :  3.57702e-07
 Reference value :  3.58017e-07
 Reference value :  3.58337e-07
 Reference value :  3.58637e-07
 Reference value :  3.58962e-07
 Reference value :  3.59337e-07
 Reference value :  3.59682e-07
 Reference value :  3.60012e-07
 Reference value :  3.60437e-07
 Reference value :  3.60812e-07
 Reference value :  3.61142e-07
 Reference value :  3.61457e-07
 Reference value :  3.61802e-07
 Reference value :  3.62177e-07
 Reference value :  3.62522e-07
 Reference value :  3.62897e-07
 Reference value :  3.63232e-07
 Reference value :  3.63552e-07
 Reference value :  3.63877e-07
 Reference value :  3.64262e-07
 Reference value :  3.64617e-07
 Reference value :  3.64822e-07
 Reference value :  3.65127e-07
 Reference value :  3.65432e-07
 Reference value :  3.65852e-07
 Reference value :  3.66242e-07
 Reference value :  3.66522e-07
 Reference value :  3.66907e-07
 Reference value :  3.67257e-07
 Reference value :  3.67622e-07
 Reference value :  3.67947e-07
 Reference value :  3.68352e-07
 Reference value :  3.68682e-07
 Reference value :  3.69047e-07
 Reference value :  3.69362e-07
 Reference value :  3.69757e-07
 Reference value :  3.70097e-07
 Reference value :  3.70422e-07
 Reference value :  3.70727e-07
 Reference value :  3.71047e-07
 Reference value :  3.71372e-07
 Reference value :  3.71722e-07
 Reference value :  3.72052e-07
 Reference value :  3.72382e-07
 Reference value :  3.72702e-07
 Reference value :  3.73072e-07
 Reference value :  3.73377e-07
 Reference value :  3.73677e-07
 Reference value :  3.74032e-07
 Reference value :  3.74342e-07
 Reference value :  3.74637e-07
 Reference value :  3.74897e-07
 Reference value :  3.75222e-07
 Reference value :  3.75562e-07
 Reference value :  3.75877e-07
 Reference value :  3.76202e-07
 Reference value :  3.76552e-07
 Reference value :  3.76897e-07
 Reference value :  3.77252e-07
 Reference value :  3.77592e-07
 Reference value :  3.77887e-07
 Reference value :  3.78177e-07
 Reference value :  3.78507e-07
 Reference value :  3.78832e-07
 Reference value :  3.79212e-07
 Reference value :  3.79547e-07
 Reference value :  3.79892e-07
 Reference value :  3.80247e-07
 Reference value :  3.80602e-07
 Reference value :  3.80952e-07
 Reference value :  3.81317e-07
 Reference value :  3.81657e-07
 Reference value :  3.81992e-07
 Reference value :  3.82322e-07
 Reference value :  3.82657e-07
 Reference value :  3.82952e-07
 Reference value :  3.83282e-07
 Reference value :  3.83582e-07
 Reference value :  3.83932e-07
 Reference value :  3.84262e-07
 Reference value :  3.84622e-07
 Reference value :  3.84972e-07
 Reference value :  3.85362e-07
 Reference value :  3.85697e-07
 Reference value :  3.86032e-07
 Reference value :  3.86342e-07
 Reference value :  3.86672e-07
 Reference value :  3.86987e-07
 Reference value :  3.87337e-07
 Reference value :  3.87707e-07
 Reference value :  3.88027e-07
 Reference value :  3.88367e-07
 Reference value :  3.88772e-07
 Reference value :  3.89132e-07
 Reference value :  3.89497e-07
 Reference value :  3.89832e-07
 Reference value :  3.90152e-07
 Reference value :  3.90512e-07
 Reference value :  3.90852e-07
 Reference value :  3.91172e-07
 Reference value :  3.91527e-07
 Reference value :  3.91822e-07
 Reference value :  3.92097e-07
 Reference value :  3.92422e-07
 Reference value :  3.92777e-07
 Reference value :  3.93137e-07
 Reference value :  3.93427e-07
 Reference value :  3.93732e-07
 Reference value :  3.94057e-07
 Reference value :  3.94422e-07
 Reference value :  3.94762e-07
 Reference value :  3.95082e-07
 Reference value :  3.95462e-07
 Reference value :  3.95797e-07
 Reference value :  3.96117e-07
 Reference value :  3.96512e-07
 Reference value :  3.96912e-07
 Reference value :  3.97297e-07
 Reference value :  3.97657e-07
 Reference value :  3.98002e-07
 Reference value :  3.98382e-07
 Reference value :  3.98752e-07
 Reference value :  3.99087e-07
 Reference value :  3.99442e-07
 Reference value :  3.99792e-07
 Reference value :  4.00107e-07
 Reference value :  4.00462e-07
 Reference value :  4.00857e-07
 Reference value :  4.01202e-07
 Reference value :  4.01492e-07
 Reference value :  4.01807e-07
 Reference value :  4.02147e-07
 Reference value :  4.02517e-07
 Reference value :  4.02867e-07
 Reference value :  4.03197e-07
 Reference value :  4.03567e-07
 Reference value :  4.03877e-07
 Reference value :  4.04197e-07
 Reference value :  4.04567e-07
 Reference value :  4.04942e-07
 Reference value :  4.05267e-07
 Reference value :  4.05577e-07
 Reference value :  4.05917e-07
 Reference value :  4.06242e-07
 Reference value :  4.06582e-07
 Reference value :  4.06892e-07
 Reference value :  4.07227e-07
 Reference value :  4.07577e-07
 Reference value :  4.07907e-07
 Reference value :  4.08257e-07
 Reference value :  4.08602e-07
 Reference value :  4.08947e-07
 Reference value :  4.09332e-07
 Reference value :  4.09667e-07
 Reference value :  4.10007e-07
 Reference value :  4.10337e-07
 Reference value :  4.10672e-07
 Reference value :  4.11002e-07
 Reference value :  4.11317e-07
 Reference value :  4.11637e-07
 Reference value :  4.11962e-07
 Reference value :  4.12322e-07
 Reference value :  4.12672e-07
 Reference value :  4.13017e-07
 Reference value :  4.13377e-07
 Reference value :  4.13717e-07
 Reference value :  4.14052e-07
 Reference value :  4.14417e-07
 Reference value :  4.14697e-07
 Reference value :  4.14952e-07
 Reference value :  4.15297e-07
 Reference value :  4.15602e-07
 Reference value :  4.15927e-07
 Reference value :  4.16247e-07
 Reference value :  4.16597e-07
 Reference value :  4.17022e-07
 Reference value :  4.17372e-07
 Reference value :  4.17707e-07
 Reference value :  4.18047e-07
 Reference value :  4.18357e-07
 Reference value :  4.18687e-07
 Reference value :  4.19052e-07
 Reference value :  4.19372e-07
 Reference value :  4.19717e-07
 Reference value :  4.20001e-07
 Reference value :  4.20232e-07
 Reference value :  4.20537e-07
 Reference value :  4.20822e-07
 Reference value :  4.21137e-07
 Reference value :  4.21442e-07
 Reference value :  4.21762e-07
 Reference value :  4.22082e-07
 Reference value :  4.22407e-07
 Reference value :  4.22727e-07
 Reference value :  4.23047e-07
 Reference value :  4.23362e-07
 Reference value :  4.23687e-07
 Reference value :  4.24092e-07
 Reference value :  4.24487e-07
 Reference value :  4.24907e-07
 Reference value :  4.25312e-07
 Reference value :  4.25752e-07
 Reference value :  4.26172e-07
 Reference value :  4.26482e-07
 Reference value :  4.26772e-07
 Reference value :  4.27112e-07
 Reference value :  4.27462e-07
 Reference value :  4.27802e-07
 Reference value :  4.28232e-07
 Reference value :  4.28672e-07
 Reference value :  4.29042e-07
 Reference value :  4.29452e-07
 Reference value :  4.29907e-07
 Reference value :  4.30282e-07
 Reference value :  4.30597e-07
 Reference value :  4.30907e-07
 Reference value :  4.31242e-07
 Reference value :  4.31567e-07
 Reference value :  4.31877e-07
 Reference value :  4.32277e-07
 Reference value :  4.32592e-07
 Reference value :  4.32897e-07
 Reference value :  4.33182e-07
 Reference value :  4.33517e-07
 Reference value :  4.33902e-07
 Reference value :  4.34292e-07
 Reference value :  4.34597e-07
 Reference value :  4.34917e-07
 Reference value :  4.35247e-07
 Reference value :  4.35622e-07
 Reference value :  4.35972e-07
 Reference value :  4.36352e-07
 Reference value :  4.36717e-07
 Reference value :  4.37117e-07
 Reference value :  4.37487e-07
 Reference value :  4.37907e-07
 Reference value :  4.38287e-07
 Reference value :  4.38607e-07
 Reference value :  4.38962e-07
 Reference value :  4.39382e-07
 Reference value :  4.39792e-07
 Reference value :  4.40102e-07
 Reference value :  4.40487e-07
 Reference value :  4.40812e-07
 Reference value :  4.41262e-07
 Reference value :  4.41617e-07
 Reference value :  4.42032e-07
 Reference value :  4.42377e-07
 Reference value :  4.42692e-07
 Reference value :  4.42997e-07
 Reference value :  4.43377e-07
 Reference value :  4.43732e-07
 Reference value :  4.43977e-07
 Reference value :  4.44227e-07
 Reference value :  4.44497e-07
 Reference value :  4.44712e-07
 Reference value :  4.45022e-07
 Reference value :  4.45437e-07
 Reference value :  4.45812e-07
 Reference value :  4.46182e-07
 Reference value :  4.46527e-07
 Reference value :  4.46822e-07
 Reference value :  4.47197e-07
 Reference value :  4.47572e-07
 Reference value :  4.47882e-07
 Reference value :  4.48227e-07
 Reference value :  4.48587e-07
 Reference value :  4.48912e-07
 Reference value :  4.49187e-07
 Reference value :  4.49477e-07
 Reference value :  4.49762e-07
 Reference value :  4.50027e-07
 Reference value :  4.50402e-07
 Reference value :  4.50742e-07
 Reference value :  4.51132e-07
 Reference value :  4.51477e-07
 Reference value :  4.51862e-07
 Reference value :  4.52227e-07
 Reference value :  4.52572e-07
 Reference value :  4.52937e-07
 Reference value :  4.53337e-07
 Reference value :  4.53667e-07
 Reference value :  4.53987e-07
 Reference value :  4.54317e-07
 Reference value :  4.54672e-07
 Reference value :  4.55007e-07
 Reference value :  4.55322e-07
 Reference value :  4.55657e-07
 Reference value :  4.56047e-07
 Reference value :  4.56397e-07
 Reference value :  4.56772e-07
 Reference value :  4.57152e-07
 Reference value :  4.57557e-07
 Reference value :  4.57877e-07
 Reference value :  4.58242e-07
 Reference value :  4.58602e-07
 Reference value :  4.58967e-07
 Reference value :  4.59292e-07
 Reference value :  4.59642e-07
 Reference value :  4.60087e-07
 Reference value :  4.60417e-07
 Reference value :  4.60807e-07
 Reference value :  4.61182e-07
 Reference value :  4.61542e-07
 Reference value :  4.61917e-07
 Reference value :  4.62337e-07
 Reference value :  4.62742e-07
 Reference value :  4.63062e-07
 Reference value :  4.63337e-07
 Reference value :  4.63647e-07
 Reference value :  4.64082e-07
 Reference value :  4.64387e-07
 Reference value :  4.64757e-07
 Reference value :  4.65157e-07
 Reference value :  4.65532e-07
 Reference value :  4.65872e-07
 Reference value :  4.66297e-07
 Reference value :  4.66637e-07
 Reference value :  4.66982e-07
 Reference value :  4.67322e-07
 Reference value :  4.67762e-07
 Reference value :  4.68192e-07
 Reference value :  4.68537e-07
 Reference value :  4.68887e-07
 Reference value :  4.69282e-07
 Reference value :  4.69627e-07
 Reference value :  4.69962e-07
 Reference value :  4.70277e-07
 Reference value :  4.70557e-07
 Reference value :  4.70882e-07
 Reference value :  4.71217e-07
 Reference value :  4.71537e-07
 Reference value :  4.71812e-07
 Reference value :  4.72132e-07
 Reference value :  4.72467e-07
 Reference value :  4.72787e-07
 Reference value :  4.73152e-07
 Reference value :  4.73507e-07
 Reference value :  4.73842e-07
 Reference value :  4.74172e-07
 Reference value :  4.74517e-07
 Reference value :  4.74847e-07
 Reference value :  4.75202e-07
 Reference value :  4.75537e-07
 Reference value :  4.75802e-07
 Reference value :  4.76097e-07
 Reference value :  4.76397e-07
 Reference value :  4.76722e-07
 Reference value :  4.77067e-07
 Reference value :  4.77437e-07
 Reference value :  4.77767e-07
 Reference value :  4.78102e-07
 Reference value :  4.78472e-07
 Reference value :  4.78807e-07
 Reference value :  4.79187e-07
 Reference value :  4.79507e-07
 Reference value :  4.79832e-07
 Reference value :  4.80107e-07
 Reference value :  4.80387e-07
 Reference value :  4.80707e-07
 Reference value :  4.81042e-07
 Reference value :  4.81378e-07
 Reference value :  4.81693e-07
 Reference value :  4.82023e-07
 Reference value :  4.82388e-07
 Reference value :  4.82743e-07
 Reference value :  4.83088e-07
 Reference value :  4.83463e-07
 Reference value :  4.83828e-07
 Reference value :  4.84178e-07
 Reference value :  4.84508e-07
 Reference value :  4.84843e-07
 Reference value :  4.85158e-07
 Reference value :  4.85448e-07
 Reference value :  4.85783e-07
 Reference value :  4.86088e-07
 Reference value :  4.86413e-07
 Reference value :  4.86723e-07
 Reference value :  4.87023e-07
 Reference value :  4.87368e-07
 Reference value :  4.87708e-07
 Reference value :  4.88043e-07
 Reference value :  4.88413e-07
 Reference value :  4.88733e-07
 Reference value :  4.89063e-07
 Reference value :  4.89388e-07
 Reference value :  4.89708e-07
 Reference value :  4.90023e-07
 Reference value :  4.90343e-07
 Reference value :  4.90728e-07
 Reference value :  4.91123e-07
 Reference value :  4.91418e-07
 Reference value :  4.91733e-07
 Reference value :  4.92068e-07
 Reference value :  4.92438e-07
 Reference value :  4.92768e-07
 Reference value :  4.93083e-07
 Reference value :  4.93433e-07
 Reference value :  4.93728e-07
 Reference value :  4.94043e-07
 Reference value :  4.94388e-07
 Reference value :  4.94813e-07
 Reference value :  4.95218e-07
 Reference value :  4.95563e-07
 Reference value :  4.95873e-07
 Reference value :  4.96233e-07
 Reference value :  4.96633e-07
 Reference value :  4.96933e-07
 Reference value :  4.97218e-07
 Reference value :  4.97533e-07
 Reference value :  4.97818e-07
 Reference value :  4.98123e-07
 Reference value :  4.98498e-07
 Reference value :  4.98873e-07
 Reference value :  4.99243e-07
 Reference value :  4.99568e-07
 Reference value :  4.99908e-07
 Reference value :  5.00273e-07
 Reference value :  5.00603e-07
 Reference value :  5.00908e-07
 Reference value :  5.01218e-07
 Reference value :  5.01598e-07
 Reference value :  5.01913e-07
 Reference value :  5.02223e-07
 Reference value :  5.02568e-07
 Reference value :  5.02918e-07
 Reference value :  5.03268e-07
 Reference value :  5.03643e-07
 Reference value :  5.03978e-07
 Reference value :  5.04263e-07
 Reference value :  5.04588e-07
 Reference value :  5.04938e-07
 Reference value :  5.05228e-07
 Reference value :  5.05538e-07
 Reference value :  5.05878e-07
 Reference value :  5.06193e-07
 Reference value :  5.06518e-07
 Reference value :  5.06863e-07
 Reference value :  5.07188e-07
 Reference value :  5.07533e-07
 Reference value :  5.07868e-07
 Reference value :  5.08183e-07
 Reference value :  5.08493e-07
 Reference value :  5.08768e-07
 Reference value :  5.09038e-07
 Reference value :  5.09368e-07
 Reference value :  5.09693e-07
 Reference value :  5.10043e-07
 Reference value :  5.10403e-07
 Reference value :  5.10733e-07
 Reference value :  5.11073e-07
 Reference value :  5.11393e-07
 Reference value :  5.11643e-07
 Reference value :  5.11873e-07
 Reference value :  5.12218e-07
 Reference value :  5.12508e-07
 Reference value :  5.12833e-07
 Reference value :  5.13173e-07
 Reference value :  5.13488e-07
 Reference value :  5.13818e-07
 Reference value :  5.14138e-07
 Reference value :  5.14428e-07
 Reference value :  5.14788e-07
 Reference value :  5.15133e-07
 Reference value :  5.15453e-07
 Reference value :  5.15778e-07
 Reference value :  5.16098e-07
 Reference value :  5.16448e-07
 Reference value :  5.16768e-07
 Reference value :  5.17088e-07
 Reference value :  5.17398e-07
 Reference value :  5.17708e-07
 Reference value :  5.18008e-07
 Reference value :  5.18298e-07
 Reference value :  5.18663e-07
 Reference value :  5.18983e-07
 Reference value :  5.19313e-07
 Reference value :  5.19663e-07
 Reference value :  5.19993e-07
 Reference value :  5.20283e-07
 Reference value :  5.20573e-07
 Reference value :  5.20868e-07
 Reference value :  5.21168e-07
 Reference value :  5.21478e-07
 Reference value :  5.21773e-07
 Reference value :  5.22078e-07
 Reference value :  5.22353e-07
 Reference value :  5.22648e-07
 Reference value :  5.22938e-07
 Reference value :  5.23233e-07
 Reference value :  5.23488e-07
 Reference value :  5.23723e-07
 Reference value :  5.23958e-07
 Reference value :  5.24303e-07
 Reference value :  5.24653e-07
 Reference value :  5.24978e-07
 Reference value :  5.25333e-07
 Reference value :  5.25668e-07
 Reference value :  5.26023e-07
 Reference value :  5.26453e-07
 Reference value :  5.26798e-07
 Reference value :  5.27198e-07
 Reference value :  5.27538e-07
 Reference value :  5.27958e-07
 Reference value :  5.28323e-07
 Reference value :  5.28648e-07
 Reference value :  5.29033e-07
 Reference value :  5.29373e-07
 Reference value :  5.29653e-07
 Reference value :  5.29983e-07
 Reference value :  5.30403e-07
 Reference value :  5.30778e-07
 Reference value :  5.31088e-07
 Reference value :  5.31493e-07
 Reference value :  5.31908e-07
 Reference value :  5.32318e-07
 Reference value :  5.32628e-07
 Reference value :  5.32923e-07
 Reference value :  5.33218e-07
 Reference value :  5.33543e-07
 Reference value :  5.33883e-07
 Reference value :  5.34208e-07
 Reference value :  5.34458e-07
 Reference value :  5.34828e-07
 Reference value :  5.35193e-07
 Reference value :  5.35588e-07
 Reference value :  5.36038e-07
 Reference value :  5.36403e-07
 Reference value :  5.36733e-07
 Reference value :  5.37068e-07
 Reference value :  5.37488e-07
 Reference value :  5.37873e-07
 Reference value :  5.38213e-07
 Reference value :  5.38653e-07
 Reference value :  5.39033e-07
 Reference value :  5.39453e-07
 Reference value :  5.39853e-07
 Reference value :  5.40273e-07
 Reference value :  5.40598e-07
 Reference value :  5.40918e-07
 Reference value :  5.41228e-07
 Reference value :  5.41658e-07
 Reference value :  5.42003e-07
 Reference value :  5.42338e-07
 Reference value :  5.42698e-07
 Reference value :  5.43118e-07
 Reference value :  5.43563e-07
 Reference value :  5.43938e-07
 Reference value :  5.44318e-07
 Reference value :  5.44643e-07
 Reference value :  5.44928e-07
 Reference value :  5.45243e-07
 Reference value :  5.45603e-07
 Reference value :  5.45903e-07
 Reference value :  5.46198e-07
 Reference value :  5.46513e-07
 Reference value :  5.46868e-07
 Reference value :  5.47293e-07
 Reference value :  5.47658e-07
 Reference value :  5.47993e-07
 Reference value :  5.48368e-07
 Reference value :  5.48758e-07
 Reference value :  5.49098e-07
 Reference value :  5.49418e-07
 Reference value :  5.49778e-07
 Reference value :  5.50188e-07
 Reference value :  5.50583e-07
 Reference value :  5.50978e-07
 Reference value :  5.51418e-07
 Reference value :  5.51828e-07
 Reference value :  5.52168e-07
 Reference value :  5.52518e-07
 Reference value :  5.52893e-07
 Reference value :  5.53238e-07
 Reference value :  5.53593e-07
 Reference value :  5.53983e-07
 Reference value :  5.54338e-07
 Reference value :  5.54593e-07
 Reference value :  5.54923e-07
 Reference value :  5.55183e-07
 Reference value :  5.55528e-07
 Reference value :  5.55813e-07
 Reference value :  5.56168e-07
 Reference value :  5.56598e-07
 Reference value :  5.56978e-07
 Reference value :  5.57303e-07
 Reference value :  5.57628e-07
 Reference value :  5.58048e-07
 Reference value :  5.58418e-07
 Reference value :  5.58843e-07
 Reference value :  5.59253e-07
 Reference value :  5.59588e-07
 Reference value :  5.59923e-07
 Reference value :  5.60318e-07
 Reference value :  5.60713e-07
 Reference value :  5.61068e-07
 Reference value :  5.61393e-07
 Reference value :  5.61733e-07
 Reference value :  5.62173e-07
 Reference value :  5.62488e-07
 Reference value :  5.62903e-07
 Reference value :  5.63238e-07
 Reference value :  5.63583e-07
 Reference value :  5.63793e-07
 Reference value :  5.64133e-07
 Reference value :  5.64528e-07
 Reference value :  5.64948e-07
 Reference value :  5.65308e-07
 Reference value :  5.65753e-07
 Reference value :  5.66203e-07
 Reference value :  5.66553e-07
 Reference value :  5.66908e-07
 Reference value :  5.67323e-07
 Reference value :  5.67728e-07
 Reference value :  5.68138e-07
 Reference value :  5.68458e-07
 Reference value :  5.68848e-07
 Reference value :  5.69218e-07
 Reference value :  5.69578e-07
 Reference value :  5.69963e-07
 Reference value :  5.70283e-07
 Reference value :  5.70593e-07
 Reference value :  5.70913e-07
 Reference value :  5.71308e-07
 Reference value :  5.71663e-07
 Reference value :  5.71983e-07
 Reference value :  5.72298e-07
 Reference value :  5.72673e-07
 Reference value :  5.73088e-07
 Reference value :  5.73433e-07
 Reference value :  5.73768e-07
 Reference value :  5.74108e-07
 Reference value :  5.74433e-07
 Reference value :  5.74778e-07
 Reference value :  5.75113e-07
 Reference value :  5.75453e-07
 Reference value :  5.75763e-07
 Reference value :  5.76113e-07
 Reference value :  5.76498e-07
 Reference value :  5.76858e-07
 Reference value :  5.77273e-07
 Reference value :  5.77623e-07
 Reference value :  5.77938e-07
 Reference value :  5.78208e-07
 Reference value :  5.78483e-07
 Reference value :  5.78753e-07
 Reference value :  5.79018e-07
 Reference value :  5.79338e-07
 Reference value :  5.79663e-07
 Reference value :  5.79948e-07
 Reference value :  5.80283e-07
 Reference value :  5.80628e-07
 Reference value :  5.80973e-07
 Reference value :  5.81363e-07
 Reference value :  5.81708e-07
 Reference value :  5.82068e-07
 Reference value :  5.82408e-07
 Reference value :  5.82713e-07
 Reference value :  5.83038e-07
 Reference value :  5.83373e-07
 Reference value :  5.83733e-07
 Reference value :  5.84068e-07
 Reference value :  5.84398e-07
 Reference value :  5.84753e-07
 Reference value :  5.85118e-07
 Reference value :  5.85488e-07
 Reference value :  5.85828e-07
 Reference value :  5.86178e-07
 Reference value :  5.86538e-07
 Reference value :  5.86883e-07
 Reference value :  5.87203e-07
 Reference value :  5.87538e-07
 Reference value :  5.87858e-07
 Reference value :  5.88178e-07
 Reference value :  5.88558e-07
 Reference value :  5.88983e-07
 Reference value :  5.89358e-07
 Reference value :  5.89663e-07
 Reference value :  5.89948e-07
 Reference value :  5.90318e-07
 Reference value :  5.90683e-07
 Reference value :  5.91013e-07
 Reference value :  5.91338e-07
 Reference value :  5.91683e-07
 Reference value :  5.91913e-07
 Reference value :  5.92148e-07
 Reference value :  5.92413e-07
 Reference value :  5.92688e-07
 Reference value :  5.92983e-07
 Reference value :  5.93293e-07
 Reference value :  5.93648e-07
 Reference value :  5.93978e-07
 Reference value :  5.94378e-07
 Reference value :  5.94698e-07
 Reference value :  5.94993e-07
 Reference value :  5.95313e-07
 Reference value :  5.95653e-07
 Reference value :  5.95948e-07
 Reference value :  5.96253e-07
 Reference value :  5.96663e-07
 Reference value :  5.97028e-07
 Reference value :  5.97378e-07
 Reference value :  5.97723e-07
 Reference value :  5.98033e-07
 Reference value :  5.98323e-07
 Reference value :  5.98633e-07
 Reference value :  5.98958e-07
 Reference value :  5.99233e-07
 Reference value :  5.99448e-07
 Reference value :  5.99778e-07
 Reference value :  5.99983e-07
 Reference value :  6.00268e-07
 Reference value :  6.00628e-07
 Reference value :  6.00968e-07
 Reference value :  6.01263e-07
 Reference value :  6.01528e-07
 Reference value :  6.01858e-07
 Reference value :  6.02193e-07
 Reference value :  6.02493e-07
 Reference value :  6.02773e-07
 Reference value :  6.03058e-07
 Reference value :  6.03368e-07
 Reference value :  6.03693e-07
 Reference value :  6.04018e-07
 Reference value :  6.04298e-07
 Reference value :  6.04638e-07
 Reference value :  6.04958e-07
 Reference value :  6.05338e-07
 Reference value :  6.05643e-07
 Reference value :  6.05848e-07
 Reference value :  6.06163e-07
 Reference value :  6.06483e-07
 Reference value :  6.06798e-07
 Reference value :  6.07078e-07
 Reference value :  6.07393e-07
 Reference value :  6.07713e-07
 Reference value :  6.08048e-07
 Reference value :  6.08383e-07
 Reference value :  6.08718e-07
 Reference value :  6.09073e-07
 Reference value :  6.09433e-07
 Reference value :  6.09743e-07
 Reference value :  6.10063e-07
 Reference value :  6.10353e-07
 Reference value :  6.10683e-07
 Reference value :  6.10968e-07
 Reference value :  6.11313e-07
 Reference value :  6.11598e-07
 Reference value :  6.11913e-07
 Reference value :  6.12223e-07
 Reference value :  6.12538e-07
 Reference value :  6.12863e-07
 Reference value :  6.13188e-07
 Reference value :  6.13503e-07
 Reference value :  6.13813e-07
 Reference value :  6.14158e-07
 Reference value :  6.14478e-07
 Reference value :  6.14788e-07
 Reference value :  6.15108e-07
 Reference value :  6.15403e-07
 Reference value :  6.15713e-07
 Reference value :  6.15998e-07
 Reference value :  6.16293e-07
 Reference value :  6.16628e-07
 Reference value :  6.17023e-07
 Reference value :  6.17353e-07
 Reference value :  6.17688e-07
 Reference value :  6.18053e-07
 Reference value :  6.18358e-07
 Reference value :  6.18648e-07
 Reference value :  6.18973e-07
 Reference value :  6.19323e-07
 Reference value :  6.19673e-07
 Reference value :  6.19978e-07
 Reference value :  6.20263e-07
 Reference value :  6.20578e-07
 Reference value :  6.20863e-07
 Reference value :  6.21163e-07
 Reference value :  6.21408e-07
 Reference value :  6.21668e-07
 Reference value :  6.21968e-07
 Reference value :  6.22263e-07
 Reference value :  6.22563e-07
 Reference value :  6.22863e-07
 Reference value :  6.23118e-07
 Reference value :  6.23428e-07
 Reference value :  6.23758e-07
 Reference value :  6.24043e-07
 Reference value :  6.24463e-07
 Reference value :  6.24793e-07
 Reference value :  6.25193e-07
 Reference value :  6.25528e-07
 Reference value :  6.25958e-07
 Reference value :  6.26353e-07
 Reference value :  6.26673e-07
 Reference value :  6.26963e-07
 Reference value :  6.27298e-07
 Reference value :  6.27688e-07
 Reference value :  6.28048e-07
 Reference value :  6.28468e-07
 Reference value :  6.28818e-07
 Reference value :  6.29188e-07
 Reference value :  6.29623e-07
 Reference value :  6.30023e-07
 Reference value :  6.30368e-07
 Reference value :  6.30693e-07
 Reference value :  6.31008e-07
 Reference value :  6.31363e-07
 Reference value :  6.31738e-07
 Reference value :  6.32113e-07
 Reference value :  6.32463e-07
 Reference value :  6.32813e-07
 Reference value :  6.33128e-07
 Reference value :  6.33468e-07
 Reference value :  6.33888e-07
 Reference value :  6.34293e-07
 Reference value :  6.34648e-07
 Reference value :  6.34963e-07
 Reference value :  6.35338e-07
 Reference value :  6.35743e-07
 Reference value :  6.36068e-07
 Reference value :  6.36383e-07
 Reference value :  6.36668e-07
 Reference value :  6.37038e-07
 Reference value :  6.37418e-07
 Reference value :  6.37798e-07
 Reference value :  6.38218e-07
 Reference value :  6.38588e-07
 Reference value :  6.38958e-07
 Reference value :  6.39398e-07
 Reference value :  6.39813e-07
 Reference value :  6.40133e-07
 Reference value :  6.40443e-07
 Reference value :  6.40778e-07
 Reference value :  6.41143e-07
 Reference value :  6.41568e-07
 Reference value :  6.41913e-07
 Reference value :  6.42298e-07
 Reference value :  6.42693e-07
 Reference value :  6.43063e-07
 Reference value :  6.43493e-07
 Reference value :  6.43833e-07
 Reference value :  6.44213e-07
 Reference value :  6.44638e-07
 Reference value :  6.44978e-07
 Reference value :  6.45418e-07
 Reference value :  6.45838e-07
 Reference value :  6.46188e-07
 Reference value :  6.46578e-07
 Reference value :  6.46928e-07
 Reference value :  6.47308e-07
 Reference value :  6.47623e-07
 Reference value :  6.47893e-07
 Reference value :  6.48158e-07
 Reference value :  6.48428e-07
 Reference value :  6.48683e-07
 Reference value :  6.48973e-07
 Reference value :  6.49293e-07
 Reference value :  6.49643e-07
 Reference value :  6.49948e-07
 Reference value :  6.50298e-07
 Reference value :  6.50713e-07
 Reference value :  6.51068e-07
 Reference value :  6.51408e-07
 Reference value :  6.51728e-07
 Reference value :  6.52048e-07
 Reference value :  6.52368e-07
 Reference value :  6.52698e-07
 Reference value :  6.53088e-07
 Reference value :  6.53523e-07
 Reference value :  6.53908e-07
 Reference value :  6.54293e-07
 Reference value :  6.54703e-07
 Reference value :  6.55038e-07
 Reference value :  6.55458e-07
 Reference value :  6.55913e-07
 Reference value :  6.56353e-07
 Reference value :  6.56738e-07
 Reference value :  6.57148e-07
 Reference value :  6.57533e-07
 Reference value :  6.57948e-07
 Reference value :  6.58338e-07
 Reference value :  6.58738e-07
 Reference value :  6.59108e-07
 Reference value :  6.59403e-07
 Reference value :  6.59668e-07
 Reference value :  6.60063e-07
 Reference value :  6.60448e-07
 Reference value :  6.60843e-07
 Reference value :  6.61208e-07
 Reference value :  6.61593e-07
 Reference value :  6.61913e-07
 Reference value :  6.62313e-07
 Reference value :  6.62673e-07
 Reference value :  6.63073e-07
 Reference value :  6.63518e-07
 Reference value :  6.63988e-07
 Reference value :  6.64398e-07
 Reference value :  6.64743e-07
 Reference value :  6.65113e-07
 Reference value :  6.65493e-07
 Reference value :  6.65863e-07
 Reference value :  6.66228e-07
 Reference value :  6.66628e-07
 Reference value :  6.67073e-07
 Reference value :  6.67413e-07
 Reference value :  6.67793e-07
 Reference value :  6.68178e-07
 Reference value :  6.68533e-07
 Reference value :  6.68818e-07
 Reference value :  6.69138e-07
 Reference value :  6.69488e-07
 Reference value :  6.69813e-07
 Reference value :  6.70103e-07
 Reference value :  6.70433e-07
 Reference value :  6.70813e-07
 Reference value :  6.71138e-07
 Reference value :  6.71493e-07
 Reference value :  6.71833e-07
 Reference value :  6.72163e-07
 Reference value :  6.72503e-07
 Reference value :  6.72818e-07
 Reference value :  6.73183e-07
 Reference value :  6.73573e-07
 Reference value :  6.73913e-07
 Reference value :  6.74323e-07
 Reference value :  6.74673e-07
 Reference value :  6.75033e-07
 Reference value :  6.75403e-07
 Reference value :  6.75743e-07
 Reference value :  6.76088e-07
 Reference value :  6.76408e-07
 Reference value :  6.76753e-07
 Reference value :  6.77058e-07
 Reference value :  6.77418e-07
 Reference value :  6.77743e-07
 Reference value :  6.78038e-07
 Reference value :  6.78323e-07
 Reference value :  6.78663e-07
 Reference value :  6.78988e-07
 Reference value :  6.79343e-07
 Reference value :  6.79678e-07
 Reference value :  6.80008e-07
 Reference value :  6.80298e-07
 Reference value :  6.80603e-07
 Reference value :  6.80893e-07
 Reference value :  6.81153e-07
 Reference value :  6.81378e-07
 Reference value :  6.81573e-07
 Reference value :  6.81853e-07
 Reference value :  6.82148e-07
 Reference value :  6.82448e-07
 Reference value :  6.82773e-07
 Reference value :  6.83093e-07
 Reference value :  6.83453e-07
 Reference value :  6.83788e-07
 Reference value :  6.84098e-07
 Reference value :  6.84428e-07
 Reference value :  6.84758e-07
 Reference value :  6.85098e-07
 Reference value :  6.85403e-07
 Reference value :  6.85748e-07
 Reference value :  6.86068e-07
 Reference value :  6.86353e-07
 Reference value :  6.86678e-07
 Reference value :  6.87043e-07
 Reference value :  6.87393e-07
 Reference value :  6.87628e-07
 Reference value :  6.87928e-07
 Reference value :  6.88248e-07
 Reference value :  6.88608e-07
 Reference value :  6.88923e-07
 Reference value :  6.89218e-07
 Reference value :  6.89508e-07
 Reference value :  6.89798e-07
 Reference value :  6.90113e-07
 Reference value :  6.90478e-07
 Reference value :  6.90873e-07
 Reference value :  6.91228e-07
 Reference value :  6.91553e-07
 Reference value :  6.91873e-07
 Reference value :  6.92228e-07
 Reference value :  6.92593e-07
 Reference value :  6.92913e-07
 Reference value :  6.93198e-07
 Reference value :  6.93513e-07
 Reference value :  6.93838e-07
 Reference value :  6.94138e-07
 Reference value :  6.94458e-07
 Reference value :  6.94773e-07
 Reference value :  6.95098e-07
 Reference value :  6.95418e-07
 Reference value :  6.95758e-07
 Reference value :  6.96028e-07
 Reference value :  6.96283e-07
 Reference value :  6.96478e-07
 Reference value :  6.96683e-07
 Reference value :  6.96948e-07
 Reference value :  6.97253e-07
 Reference value :  6.97563e-07
 Reference value :  6.97863e-07
 Reference value :  6.98178e-07
 Reference value :  6.98538e-07
 Reference value :  6.98913e-07
 Reference value :  6.99238e-07
 Reference value :  6.99608e-07
 Reference value :  6.99938e-07
 Reference value :  7.00263e-07
 Reference value :  7.00583e-07
 Reference value :  7.00943e-07
 Reference value :  7.01268e-07
 Reference value :  7.01613e-07
 Reference value :  7.01958e-07
 Reference value :  7.02273e-07
 Reference value :  7.02628e-07
 Reference value :  7.02958e-07
 Reference value :  7.03368e-07
 Reference value :  7.03718e-07
 Reference value :  7.04038e-07
 Reference value :  7.04378e-07
 Reference value :  7.04718e-07
 Reference value :  7.05048e-07
 Reference value :  7.05383e-07
 Reference value :  7.05698e-07
 Reference value :  7.06038e-07
 Reference value :  7.06373e-07
 Reference value :  7.06693e-07
 Reference value :  7.07038e-07
 Reference value :  7.07388e-07
 Reference value :  7.07723e-07
 Reference value :  7.08053e-07
 Reference value :  7.08383e-07
 Reference value :  7.08728e-07
 Reference value :  7.09053e-07
 Reference value :  7.09418e-07
 Reference value :  7.09753e-07
 Reference value :  7.10073e-07
 Reference value :  7.10393e-07
 Reference value :  7.10718e-07
 Reference value :  7.11103e-07
 Reference value :  7.11433e-07
 Reference value :  7.11728e-07
 Reference value :  7.12018e-07
 Reference value :  7.12278e-07
 Reference value :  7.12558e-07
 Reference value :  7.12863e-07
 Reference value :  7.13198e-07
 Reference value :  7.13528e-07
 Reference value :  7.13863e-07
 Reference value :  7.14158e-07
 Reference value :  7.14473e-07
 Reference value :  7.14823e-07
 Reference value :  7.15113e-07
 Reference value :  7.15418e-07
 Reference value :  7.15768e-07
 Reference value :  7.16078e-07
 Reference value :  7.16398e-07
 Reference value :  7.16693e-07
 Reference value :  7.17018e-07
 Reference value :  7.17373e-07
 Reference value :  7.17668e-07
 Reference value :  7.17928e-07
 Reference value :  7.18243e-07
 Reference value :  7.18583e-07
 Reference value :  7.18903e-07
 Reference value :  7.19248e-07
 Reference value :  7.19573e-07
 Reference value :  7.19898e-07
 Reference value :  7.20198e-07
 Reference value :  7.20513e-07
 Reference value :  7.20773e-07
 Reference value :  7.21038e-07
 Reference value :  7.21343e-07
 Reference value :  7.21598e-07
 Reference value :  7.21848e-07
 Reference value :  7.22128e-07
 Reference value :  7.22403e-07
 Reference value :  7.22658e-07
 Reference value :  7.22968e-07
 Reference value :  7.23223e-07
 Reference value :  7.23463e-07
 Reference value :  7.23758e-07
 Reference value :  7.24163e-07
 Reference value :  7.24508e-07
 Reference value :  7.24823e-07
 Reference value :  7.25138e-07
 Reference value :  7.25403e-07
 Reference value :  7.25678e-07
 Reference value :  7.25983e-07
 Reference value :  7.26358e-07
 Reference value :  7.26703e-07
 Reference value :  7.27038e-07
 Reference value :  7.27448e-07
 Reference value :  7.27813e-07
 Reference value :  7.28168e-07
 Reference value :  7.28478e-07
 Reference value :  7.28793e-07
 Reference value :  7.29063e-07
 Reference value :  7.29358e-07
 Reference value :  7.29743e-07
 Reference value :  7.30043e-07
 Reference value :  7.30318e-07
 Reference value :  7.30593e-07
 Reference value :  7.30973e-07
 Reference value :  7.31328e-07
 Reference value :  7.31758e-07
 Reference value :  7.32213e-07
 Reference value :  7.32578e-07
 Reference value :  7.32913e-07
 Reference value :  7.33288e-07
 Reference value :  7.33678e-07
 Reference value :  7.33998e-07
 Reference value :  7.34288e-07
 Reference value :  7.34688e-07
 Reference value :  7.35068e-07
 Reference value :  7.35448e-07
 Reference value :  7.35803e-07
 Reference value :  7.36218e-07
 Reference value :  7.36578e-07
 Reference value :  7.36893e-07
 Reference value :  7.37203e-07
 Reference value :  7.37568e-07
 Reference value :  7.37923e-07
 Reference value :  7.38243e-07
 Reference value :  7.38558e-07
 Reference value :  7.38913e-07
 Reference value :  7.39343e-07
 Reference value :  7.39738e-07
 Reference value :  7.40038e-07
 Reference value :  7.40318e-07
 Reference value :  7.40713e-07
 Reference value :  7.41043e-07
 Reference value :  7.41363e-07
 Reference value :  7.41703e-07
 Reference value :  7.42038e-07
 Reference value :  7.42348e-07
 Reference value :  7.42663e-07
 Reference value :  7.43023e-07
 Reference value :  7.43438e-07
 Reference value :  7.43798e-07
 Reference value :  7.44088e-07
 Reference value :  7.44433e-07
 Reference value :  7.44783e-07
 Reference value :  7.45078e-07
 Reference value :  7.45363e-07
 Reference value :  7.45713e-07
 Reference value :  7.46153e-07
 Reference value :  7.46503e-07
 Reference value :  7.46858e-07
 Reference value :  7.47303e-07
 Reference value :  7.47698e-07
 Reference value :  7.48053e-07
 Reference value :  7.48358e-07
 Reference value :  7.48748e-07
 Reference value :  7.49058e-07
 Reference value :  7.49373e-07
 Reference value :  7.49678e-07
 Reference value :  7.49993e-07
 Reference value :  7.50323e-07
 Reference value :  7.50668e-07
 Reference value :  7.51018e-07
 Reference value :  7.51413e-07
 Reference value :  7.51673e-07
 Reference value :  7.51998e-07
 Reference value :  7.52298e-07
 Reference value :  7.52568e-07
 Reference value :  7.52888e-07
 Reference value :  7.53198e-07
 Reference value :  7.53488e-07
 Reference value :  7.53803e-07
 Reference value :  7.54083e-07
 Reference value :  7.54378e-07
 Reference value :  7.54723e-07
 Reference value :  7.55113e-07
 Reference value :  7.55468e-07
 Reference value :  7.55768e-07
 Reference value :  7.56018e-07
 Reference value :  7.56363e-07
 Reference value :  7.56728e-07
 Reference value :  7.57093e-07
 Reference value :  7.57518e-07
 Reference value :  7.57948e-07
 Reference value :  7.58358e-07
 Reference value :  7.58713e-07
 Reference value :  7.59083e-07
 Reference value :  7.59433e-07
 Reference value :  7.59793e-07
 Reference value :  7.60133e-07
 Reference value :  7.60498e-07
 Reference value :  7.60888e-07
 Reference value :  7.61258e-07
 Reference value :  7.61623e-07
 Reference value :  7.62038e-07
 Reference value :  7.62398e-07
 Reference value :  7.62673e-07
 Reference value :  7.62983e-07
 Reference value :  7.63248e-07
 Reference value :  7.63573e-07
 Reference value :  7.63823e-07
 Reference value :  7.64123e-07
 Reference value :  7.64438e-07
 Reference value :  7.64873e-07
 Reference value :  7.65258e-07
 Reference value :  7.65588e-07
 Reference value :  7.65963e-07
 Reference value :  7.66338e-07
 Reference value :  7.66668e-07
 Reference value :  7.67003e-07
 Reference value :  7.67298e-07
 Reference value :  7.67668e-07
 Reference value :  7.67998e-07
 Reference value :  7.68298e-07
 Reference value :  7.68733e-07
 Reference value :  7.69153e-07
 Reference value :  7.69503e-07
 Reference value :  7.69843e-07
 Reference value :  7.70133e-07
 Reference value :  7.70433e-07
 Reference value :  7.70758e-07
 Reference value :  7.71028e-07
 Reference value :  7.71383e-07
 Reference value :  7.71718e-07
 Reference value :  7.71973e-07
 Reference value :  7.72298e-07
 Reference value :  7.72618e-07
 Reference value :  7.72933e-07
 Reference value :  7.73313e-07
 Reference value :  7.73643e-07
 Reference value :  7.73973e-07
 Reference value :  7.74308e-07
 Reference value :  7.74543e-07
 Reference value :  7.74893e-07
 Reference value :  7.75208e-07
 Reference value :  7.75523e-07
 Reference value :  7.75858e-07
 Reference value :  7.76123e-07
 Reference value :  7.76363e-07
 Reference value :  7.76668e-07
 Reference value :  7.76983e-07
 Reference value :  7.77363e-07
 Reference value :  7.77713e-07
 Reference value :  7.78058e-07
 Reference value :  7.78388e-07
 Reference value :  7.78728e-07
 Reference value :  7.79073e-07
 Reference value :  7.79413e-07
 Reference value :  7.79783e-07
 Reference value :  7.80108e-07
 Reference value :  7.80478e-07
 Reference value :  7.80853e-07
 Reference value :  7.81208e-07
 Reference value :  7.81568e-07
 Reference value :  7.81923e-07
 Reference value :  7.82263e-07
 Reference value :  7.82578e-07
 Reference value :  7.82913e-07
 Reference value :  7.83233e-07
 Reference value :  7.83543e-07
 Reference value :  7.83863e-07
 Reference value :  7.84178e-07
 Reference value :  7.84478e-07
 Reference value :  7.84778e-07
 Reference value :  7.85093e-07
 Reference value :  7.85368e-07
 Reference value :  7.85598e-07
 Reference value :  7.85848e-07
 Reference value :  7.86178e-07
 Reference value :  7.86533e-07
 Reference value :  7.86858e-07
 Reference value :  7.87193e-07
 Reference value :  7.87518e-07
 Reference value :  7.87878e-07
 Reference value :  7.88223e-07
 Reference value :  7.88618e-07
 Reference value :  7.89028e-07
 Reference value :  7.89413e-07
 Reference value :  7.89778e-07
 Reference value :  7.90113e-07
 Reference value :  7.90498e-07
 Reference value :  7.90843e-07
 Reference value :  7.91143e-07
 Reference value :  7.91448e-07
 Reference value :  7.91788e-07
 Reference value :  7.92078e-07
 Reference value :  7.92403e-07
 Reference value :  7.92763e-07
 Reference value :  7.93143e-07
 Reference value :  7.93478e-07
 Reference value :  7.93858e-07
 Reference value :  7.94208e-07
 Reference value :  7.94558e-07
 Reference value :  7.94928e-07
 Reference value :  7.95273e-07
 Reference value :  7.95623e-07
 Reference value :  7.95953e-07
 Reference value :  7.96258e-07
 Reference value :  7.96613e-07
 Reference value :  7.96978e-07
 Reference value :  7.97348e-07
 Reference value :  7.97748e-07
 Reference value :  7.98093e-07
 Reference value :  7.98358e-07
 Reference value :  7.98718e-07
 Reference value :  7.99098e-07
 Reference value :  7.99433e-07
 Reference value :  7.99793e-07
No. of Data Rows : 160090
pt1a                =  1.88262e-08
pt1b                =  1.12784e-07
pt2a                =  1.84264e-08
pt2b                =  1.09220e-07
pt3a                =  1.81284e-08
pt3b                =  1.06102e-07
pt4a                =  1.76914e-08
pt4b                =  1.03440e-07
pvxo_max            =  1.65733e+00 at=  5.32523e-07
pvxo_min            =  -5.57640e-02 at=  6.26673e-07
ptxo_a              =  3.29121e-08
ptxo_b              =  1.98330e-07
pvxo_avg            =  8.17045e-01 from=  1.00000e-07 to=  8.00000e-07
p_vrst_bit          =  2.98725e-06 at=  2.15868e-07
p_vrst_valid        =  5.59868e-09 at=  2.49753e-07
p_vrst_r1           =  4.04214e-07 at=  1.69358e-07
p_vrst_r2           =  4.37929e-07 at=  6.10025e-08
p_vrst_r3           =  4.79457e-07 at=  1.12238e-07
p_vrst_r4           =  3.36196e-06 at=  9.50975e-08
p_bit_400n          =  1.62000e+00
p_bit_500n          =  1.62001e+00
p_bit_600n          =  1.62000e+00
p_bit_700n          =  1.62000e+00
p_bit_800n          =  5.87607e-09
p_valid_400n        =  1.62000e+00
p_r1_400n           =  1.62000e+00
p_r2_400n           =  1.62000e+00
p_r3_400n           =  1.62000e+00
p_r4_400n           =  1.62000e+00
pi1_rst             =  -5.49782e-06 from=  5.00000e-08 to=  2.50003e-07
pi2_rst             =  -5.68565e-06 from=  5.00000e-08 to=  2.50003e-07
pi3_rst             =  -5.86947e-06 from=  5.00000e-08 to=  2.50003e-07
pi4_rst             =  -6.02928e-06 from=  5.00000e-08 to=  2.50003e-07
pib_rst             =  -6.89806e-05 from=  5.00000e-08 to=  2.50003e-07
pi1_act             =  -5.50872e-06 from=  4.00000e-07 to=  8.00000e-07
pi2_act             =  -5.68580e-06 from=  4.00000e-07 to=  8.00000e-07
pi3_act             =  -5.86453e-06 from=  4.00000e-07 to=  8.00000e-07
pi4_act             =  -6.03389e-06 from=  4.00000e-07 to=  8.00000e-07
pib_act             =  -7.20655e-05 from=  4.00000e-07 to=  8.00000e-07
t1a                 =  1.56716e-08
t1b                 =  5.82333e-08
t2a                 =  1.52529e-08
t2b                 =  5.60613e-08
t3a                 =  1.48493e-08
t3b                 =  5.40257e-08
t4a                 =  1.44815e-08
t4b                 =  5.21265e-08
vxo_max             =  1.77974e+00 at=  5.36343e-07
vxo_min             =  -1.68420e-01 at=  6.45993e-07
txo_a               =  2.94721e-10
txo_b               =  8.86963e-08
vxo_avg             =  6.55025e-01 from=  1.00000e-07 to=  8.00000e-07
vrst_bit            =  7.75006e-05 at=  5.84975e-08
vrst_valid          =  6.02290e-09 at=  2.42433e-07
vrst_r1             =  1.01613e-05 at=  7.10725e-08
vrst_r2             =  1.05884e-05 at=  1.41818e-07
vrst_r3             =  1.04280e-05 at=  6.19275e-08
vrst_r4             =  1.08219e-05 at=  2.32878e-07
bit_400n            =  1.62000e+00
bit_500n            =  1.61997e+00
bit_600n            =  1.62000e+00
bit_700n            =  -6.97134e-06
bit_800n            =  1.62000e+00
valid_400n          =  1.62000e+00
r1_400n             =  1.62000e+00
r2_400n             =  5.58084e-09
r3_400n             =  8.60856e-09
r4_400n             =  1.62000e+00
i1_rst              =  -6.22897e-06 from=  5.00000e-08 to=  2.50003e-07
i2_rst              =  -6.46265e-06 from=  5.00000e-08 to=  2.50003e-07
i3_rst              =  -6.69956e-06 from=  5.00000e-08 to=  2.50003e-07
i4_rst              =  -6.93371e-06 from=  5.00000e-08 to=  2.50003e-07
ib_rst              =  -4.73369e-05 from=  5.00000e-08 to=  2.50003e-07
i1_act              =  -6.22416e-06 from=  4.00000e-07 to=  8.00000e-07
i2_act              =  -6.45828e-06 from=  4.00000e-07 to=  8.00000e-07
i3_act              =  -6.69366e-06 from=  4.00000e-07 to=  8.00000e-07
i4_act              =  -6.93050e-06 from=  4.00000e-07 to=  8.00000e-07
ib_act              =  -5.18301e-05 from=  4.00000e-07 to=  8.00000e-07
p_tr1 = 9.395791e-09
p_tr2 = 9.079348e-09
p_tr3 = 8.797382e-09
p_tr4 = 8.574847e-09
p_f_ideal = 4.468610e+08
p_f_xo = 2.901741e+08
p_edge_retention = 6.493610e-01
p_bias_xo = 5.043486e-01
p_swing_frac_xo = 1.057466e+00
p_vrst_bit = 2.987252e-06
p_vrst_valid = 5.598676e-09
p_vrst_r1 = 4.042143e-07
p_vrst_r2 = 4.379292e-07
p_vrst_r3 = 4.794570e-07
p_vrst_r4 = 3.361957e-06
p_bit_400n = 1.620000e+00
p_bit_500n = 1.620008e+00
p_bit_600n = 1.620000e+00
p_bit_700n = 1.620005e+00
p_bit_800n = 5.876068e-09
p_valid_400n = 1.620000e+00
p_r1_400n = 1.620000e+00
p_r2_400n = 1.619999e+00
p_r3_400n = 1.620000e+00
p_r4_400n = 1.620000e+00
p_i_rings_rst = 2.308221e-05
p_i_block_rst = 6.898061e-05
p_i_total_rst = 9.206282e-05
p_i_rings_act = 2.309294e-05
p_i_block_act = 7.206548e-05
p_i_total_act = 9.515842e-05
tr1 = 4.256169e-09
tr2 = 4.080845e-09
tr3 = 3.917637e-09
tr4 = 3.764508e-09
f_ideal = 1.000895e+09
f_xo = 5.429768e+08
edge_retention = 5.424912e-01
bias_xo = 4.043365e-01
swing_frac_xo = 1.202570e+00
vrst_bit = 7.750062e-05
vrst_valid = 6.022895e-09
vrst_r1 = 1.016131e-05
vrst_r2 = 1.058837e-05
vrst_r3 = 1.042797e-05
vrst_r4 = 1.082193e-05
bit_400n = 1.620000e+00
bit_500n = 1.619967e+00
bit_600n = 1.620000e+00
bit_700n = -6.97134e-06
bit_800n = 1.620000e+00
valid_400n = 1.620000e+00
r1_400n = 1.620000e+00
r2_400n = 5.580840e-09
r3_400n = 8.608557e-09
r4_400n = 1.620000e+00
i_rings_rst = 2.632489e-05
i_block_rst = 4.733691e-05
i_total_rst = 7.366180e-05
i_rings_act = 2.630661e-05
i_block_act = 5.183008e-05
i_total_act = 7.813669e-05
slowdown_r1 = 2.207570e+00
slowdown_r2 = 2.224870e+00
slowdown_r3 = 2.245584e+00
slowdown_r4 = 2.277813e+00
i_total_act_ratio = 1.217846e+00
i_total_rst_ratio = 1.249804e+00
Note: Simulation executed from .control section 

----- stderr -----

