|* Post-layout ro_array_core (whole array, real inter-ring wiring), FLOATING
|* substrate, rings 2-4 PRESENT BUT STOPPED (en2/en3/en4 held at 0 for the
|* whole run) -- the array-scale sibling of
|* sim/post-layout-ro-ring5/testbench/tb_post_layout_substrate_float_solo.spice.
|*
|* Purpose: separate LOADING (the floating node's own capacitance/impedance,
|* present even with no other ring switching) from COUPLING (ring 1's period
|* moving because rings 2-4 are actually driving the same shared node), the
|* same three-way decomposition DR-0005 finding 3 used at ring scope:
|*
|*   loading  = t(this deck)                         - t(tied, sibling deck)
|*   coupling = t(substrate_float, all 4 running)     - t(this deck)
|*
|* Same array GDS extraction as the other two decks in this directory (real
|* physical ring-to-ring proximity, not four separately-placed leaf cells),
|* so this is the strongest available bound on the substrate mechanism this
|* repo has produced -- still not the physical answer (the extractor emits
|* no substrate or tap resistance at all; klayout-tools#1503), but bracketing
|* the terminals of a real, physically-placed layout's own shared node
|* rather than a hand-tied approximation of one.
|*
|* With en2/en3/en4 held at 0, ro_nand2's own defined-output-on-disable state
|* (design/README.md; DR-0003) pins ring2/3/4's node ro_ring5 outputs high --
|* a defined, non-switching state, not a floating one -- so rn2/rn3/rn4 (and
|* therefore ro2/ro3/ro4 and the XOR tree downstream of them) settle and stay
|* put; only ring 1 free-runs.
|*
|* This file is a TEMPLATE: sim/bin/corner-run.py substitutes /Users/rwalters/.volare/volare/sky130/versions/c6d73a35f524070e85faff4a6a9eef49553ebc2b/sky130A/libs.tech/combined/sky130.lib.spice,
|* tt, /Users/rwalters/GitHub/sky130-trng/.loom/worktrees/issue-22/layout/pex-array/ro_array_core_pex.spice, -40.0 and 1.62. As committed it is not a
|* runnable deck. Invoke with
|* `--pex-lib layout/pex-array/ro_array_core_pex.spice`.
|
|.option scale=1u
|.lib "/Users/rwalters/.volare/volare/sky130/versions/c6d73a35f524070e85faff4a6a9eef49553ebc2b/sky130A/libs.tech/combined/sky130.lib.spice" tt
|
|.include "/Users/rwalters/GitHub/sky130-trng/.loom/worktrees/issue-22/layout/pex-array/ro_array_core_pex.spice"
|
|.temp -40.0
|
|* --- substrate return node: FLOATING (see header) -- no Vsub source ----
|
|Vddrp1 pvddr1 0 dc 1.62
|Vddrp2 pvddr2 0 dc 1.62
|Vddrp3 pvddr3 0 dc 1.62
|Vddrp4 pvddr4 0 dc 1.62
|Vddp pvdd 0 dc 1.62
|Venp1 pen1 0 PULSE(0 1.62 5n 100p 100p 1u 2u)
|* rings 2-4: held at 0 for the whole run -- present, but never released.
|Venp2 pen2 0 dc 0
|Venp3 pen3 0 dc 0
|Venp4 pen4 0 dc 0
|xarr pen1 pen2 pen3 pen4 pvddr1 pvddr2 pvddr3 pvddr4 pvdd 0 pxo pro1 pro2 pro3 pro4 ro_array_core_pex
|
|.ic v(pro1)=0
|.ic v(pro2)=0
|.ic v(pro3)=0
|.ic v(pro4)=0
|
|.save v(pro1) v(xarr.vsubs)
|.save i(Vddrp1)
|
|.tran 5p 800n uic
|
|.control
|run
|
|meas tran pt1a when v(pro1)=0.5*1.62 rise=3
|meas tran pt1b when v(pro1)=0.5*1.62 rise=13
|let p_tr1 = (pt1b - pt1a)/10
|
|meas tran vsub_max MAX v(xarr.vsubs) from=100n to=800n
|meas tran vsub_min MIN v(xarr.vsubs) from=100n to=800n
|let vsub_swing_frac = (vsub_max - vsub_min) / 1.62
|
|print p_tr1
|print vsub_swing_frac
|.endc
|.end
|

----- stdout -----

Note: Compatibility modes selected: hs a


Circuit: * post-layout ro_array_core (whole array, real inter-ring wiring), floating

option SCALE: Scale is set to 1e-06 for instance and model parameters
option SCALE: Scale is set to 1e-06 for instance and model parameters
option SCALE: Scale is set to 1e-06 for instance and model parameters
option SCALE: Scale is set to 1e-06 for instance and model parameters
option SCALE: Scale is set to 1e-06 for instance and model parameters
Doing analysis at TEMP = -40.000000 and TNOM = 27.000000

Using SPARSE 1.3 as Direct Linear Solver
Operating point simulation skipped by 'uic',
  now using transient initial conditions.
 Reference value :  5.00000e-14
 Reference value :  1.11694e-09
 Reference value :  2.31194e-09
 Reference value :  3.56194e-09
 Reference value :  4.75694e-09
 Reference value :  5.86750e-09
 Reference value :  7.06250e-09
 Reference value :  8.27250e-09
 Reference value :  9.48750e-09
 Reference value :  1.06975e-08
 Reference value :  1.19375e-08
 Reference value :  1.31575e-08
 Reference value :  1.43825e-08
 Reference value :  1.55775e-08
 Reference value :  1.67525e-08
 Reference value :  1.79175e-08
 Reference value :  1.91175e-08
 Reference value :  2.03275e-08
 Reference value :  2.15475e-08
 Reference value :  2.27525e-08
 Reference value :  2.39975e-08
 Reference value :  2.51525e-08
 Reference value :  2.63325e-08
 Reference value :  2.75075e-08
 Reference value :  2.87125e-08
 Reference value :  2.99175e-08
 Reference value :  3.11425e-08
 Reference value :  3.23475e-08
 Reference value :  3.35425e-08
 Reference value :  3.46775e-08
 Reference value :  3.58825e-08
 Reference value :  3.70625e-08
 Reference value :  3.82525e-08
 Reference value :  3.94625e-08
 Reference value :  4.06725e-08
 Reference value :  4.18725e-08
 Reference value :  4.30875e-08
 Reference value :  4.42075e-08
 Reference value :  4.54375e-08
 Reference value :  4.66475e-08
 Reference value :  4.78225e-08
 Reference value :  4.90425e-08
 Reference value :  5.02525e-08
 Reference value :  5.14425e-08
 Reference value :  5.26375e-08
 Reference value :  5.38025e-08
 Reference value :  5.50025e-08
 Reference value :  5.61925e-08
 Reference value :  5.73575e-08
 Reference value :  5.85525e-08
 Reference value :  5.97525e-08
 Reference value :  6.09625e-08
 Reference value :  6.21725e-08
 Reference value :  6.33025e-08
 Reference value :  6.44925e-08
 Reference value :  6.56775e-08
 Reference value :  6.68875e-08
 Reference value :  6.80375e-08
 Reference value :  6.91525e-08
 Reference value :  7.03575e-08
 Reference value :  7.15575e-08
 Reference value :  7.26925e-08
 Reference value :  7.38825e-08
 Reference value :  7.50575e-08
 Reference value :  7.62475e-08
 Reference value :  7.74425e-08
 Reference value :  7.86525e-08
 Reference value :  7.98325e-08
 Reference value :  8.10375e-08
 Reference value :  8.21675e-08
 Reference value :  8.33725e-08
 Reference value :  8.45625e-08
 Reference value :  8.57325e-08
 Reference value :  8.69475e-08
 Reference value :  8.81325e-08
 Reference value :  8.93175e-08
 Reference value :  9.06575e-08
 Reference value :  9.18225e-08
 Reference value :  9.29925e-08
 Reference value :  9.40975e-08
 Reference value :  9.52625e-08
 Reference value :  9.64425e-08
 Reference value :  9.76525e-08
 Reference value :  9.88125e-08
 Reference value :  9.99575e-08
 Reference value :  1.01128e-07
 Reference value :  1.02308e-07
 Reference value :  1.03483e-07
 Reference value :  1.04648e-07
 Reference value :  1.05833e-07
 Reference value :  1.07028e-07
 Reference value :  1.08248e-07
 Reference value :  1.09408e-07
 Reference value :  1.10598e-07
 Reference value :  1.11813e-07
 Reference value :  1.12953e-07
 Reference value :  1.14163e-07
 Reference value :  1.15353e-07
 Reference value :  1.16583e-07
 Reference value :  1.17793e-07
 Reference value :  1.18943e-07
 Reference value :  1.20133e-07
 Reference value :  1.21353e-07
 Reference value :  1.22523e-07
 Reference value :  1.23723e-07
 Reference value :  1.24938e-07
 Reference value :  1.26113e-07
 Reference value :  1.27368e-07
 Reference value :  1.28588e-07
 Reference value :  1.29763e-07
 Reference value :  1.30943e-07
 Reference value :  1.32098e-07
 Reference value :  1.33288e-07
 Reference value :  1.34498e-07
 Reference value :  1.35718e-07
 Reference value :  1.36923e-07
 Reference value :  1.38058e-07
 Reference value :  1.39258e-07
 Reference value :  1.40493e-07
 Reference value :  1.41658e-07
 Reference value :  1.42853e-07
 Reference value :  1.44058e-07
 Reference value :  1.45248e-07
 Reference value :  1.46463e-07
 Reference value :  1.47608e-07
 Reference value :  1.48793e-07
 Reference value :  1.49963e-07
 Reference value :  1.51133e-07
 Reference value :  1.52323e-07
 Reference value :  1.53513e-07
 Reference value :  1.54718e-07
 Reference value :  1.55913e-07
 Reference value :  1.57058e-07
 Reference value :  1.58238e-07
 Reference value :  1.59428e-07
 Reference value :  1.60603e-07
 Reference value :  1.61823e-07
 Reference value :  1.63038e-07
 Reference value :  1.64268e-07
 Reference value :  1.65448e-07
 Reference value :  1.66588e-07
 Reference value :  1.67753e-07
 Reference value :  1.68938e-07
 Reference value :  1.70133e-07
 Reference value :  1.71338e-07
 Reference value :  1.72608e-07
 Reference value :  1.73828e-07
 Reference value :  1.75003e-07
 Reference value :  1.76178e-07
 Reference value :  1.77393e-07
 Reference value :  1.78643e-07
 Reference value :  1.79848e-07
 Reference value :  1.81043e-07
 Reference value :  1.82213e-07
 Reference value :  1.83413e-07
 Reference value :  1.84568e-07
 Reference value :  1.85743e-07
 Reference value :  1.86928e-07
 Reference value :  1.88093e-07
 Reference value :  1.89293e-07
 Reference value :  1.90538e-07
 Reference value :  1.91743e-07
 Reference value :  1.92933e-07
 Reference value :  1.94083e-07
 Reference value :  1.95248e-07
 Reference value :  1.96438e-07
 Reference value :  1.97603e-07
 Reference value :  1.98798e-07
 Reference value :  2.00003e-07
 Reference value :  2.01203e-07
 Reference value :  2.02403e-07
 Reference value :  2.03568e-07
 Reference value :  2.04748e-07
 Reference value :  2.05918e-07
 Reference value :  2.07073e-07
 Reference value :  2.08353e-07
 Reference value :  2.09558e-07
 Reference value :  2.10753e-07
 Reference value :  2.11953e-07
 Reference value :  2.13093e-07
 Reference value :  2.14273e-07
 Reference value :  2.15473e-07
 Reference value :  2.16668e-07
 Reference value :  2.17893e-07
 Reference value :  2.19083e-07
 Reference value :  2.20308e-07
 Reference value :  2.21518e-07
 Reference value :  2.22698e-07
 Reference value :  2.23873e-07
 Reference value :  2.25063e-07
 Reference value :  2.26248e-07
 Reference value :  2.27418e-07
 Reference value :  2.28583e-07
 Reference value :  2.29738e-07
 Reference value :  2.30898e-07
 Reference value :  2.32038e-07
 Reference value :  2.33218e-07
 Reference value :  2.34408e-07
 Reference value :  2.35578e-07
 Reference value :  2.36768e-07
 Reference value :  2.37968e-07
 Reference value :  2.39208e-07
 Reference value :  2.40413e-07
 Reference value :  2.41673e-07
 Reference value :  2.42848e-07
 Reference value :  2.44013e-07
 Reference value :  2.45193e-07
 Reference value :  2.46503e-07
 Reference value :  2.47678e-07
 Reference value :  2.48893e-07
 Reference value :  2.50043e-07
 Reference value :  2.51198e-07
 Reference value :  2.52383e-07
 Reference value :  2.53588e-07
 Reference value :  2.54803e-07
 Reference value :  2.56003e-07
 Reference value :  2.57233e-07
 Reference value :  2.58383e-07
 Reference value :  2.59538e-07
 Reference value :  2.60718e-07
 Reference value :  2.61928e-07
 Reference value :  2.63133e-07
 Reference value :  2.64348e-07
 Reference value :  2.65558e-07
 Reference value :  2.66768e-07
 Reference value :  2.67948e-07
 Reference value :  2.69118e-07
 Reference value :  2.70313e-07
 Reference value :  2.71523e-07
 Reference value :  2.72683e-07
 Reference value :  2.73873e-07
 Reference value :  2.75058e-07
 Reference value :  2.76228e-07
 Reference value :  2.77438e-07
 Reference value :  2.78578e-07
 Reference value :  2.79748e-07
 Reference value :  2.80878e-07
 Reference value :  2.81993e-07
 Reference value :  2.83188e-07
 Reference value :  2.84413e-07
 Reference value :  2.85607e-07
 Reference value :  2.86802e-07
 Reference value :  2.87927e-07
 Reference value :  2.89102e-07
 Reference value :  2.90297e-07
 Reference value :  2.91437e-07
 Reference value :  2.92637e-07
 Reference value :  2.93832e-07
 Reference value :  2.95017e-07
 Reference value :  2.96227e-07
 Reference value :  2.97367e-07
 Reference value :  2.98512e-07
 Reference value :  2.99682e-07
 Reference value :  3.00837e-07
 Reference value :  3.02027e-07
 Reference value :  3.03227e-07
 Reference value :  3.04377e-07
 Reference value :  3.05562e-07
 Reference value :  3.06707e-07
 Reference value :  3.07952e-07
 Reference value :  3.09132e-07
 Reference value :  3.10312e-07
 Reference value :  3.11502e-07
 Reference value :  3.12692e-07
 Reference value :  3.13877e-07
 Reference value :  3.15057e-07
 Reference value :  3.16187e-07
 Reference value :  3.17377e-07
 Reference value :  3.18552e-07
 Reference value :  3.19717e-07
 Reference value :  3.20922e-07
 Reference value :  3.22132e-07
 Reference value :  3.23332e-07
 Reference value :  3.24517e-07
 Reference value :  3.25632e-07
 Reference value :  3.26822e-07
 Reference value :  3.28067e-07
 Reference value :  3.29202e-07
 Reference value :  3.30392e-07
 Reference value :  3.31582e-07
 Reference value :  3.32807e-07
 Reference value :  3.33952e-07
 Reference value :  3.35077e-07
 Reference value :  3.36262e-07
 Reference value :  3.37442e-07
 Reference value :  3.38592e-07
 Reference value :  3.39807e-07
 Reference value :  3.40962e-07
 Reference value :  3.42127e-07
 Reference value :  3.43327e-07
 Reference value :  3.44462e-07
 Reference value :  3.45682e-07
 Reference value :  3.46857e-07
 Reference value :  3.48047e-07
 Reference value :  3.49272e-07
 Reference value :  3.50467e-07
 Reference value :  3.51687e-07
 Reference value :  3.52877e-07
 Reference value :  3.54037e-07
 Reference value :  3.55202e-07
 Reference value :  3.56392e-07
 Reference value :  3.57617e-07
 Reference value :  3.58832e-07
 Reference value :  3.60017e-07
 Reference value :  3.61212e-07
 Reference value :  3.62347e-07
 Reference value :  3.63472e-07
 Reference value :  3.64667e-07
 Reference value :  3.65867e-07
 Reference value :  3.67047e-07
 Reference value :  3.68272e-07
 Reference value :  3.69462e-07
 Reference value :  3.70642e-07
 Reference value :  3.71832e-07
 Reference value :  3.72977e-07
 Reference value :  3.74157e-07
 Reference value :  3.75332e-07
 Reference value :  3.76522e-07
 Reference value :  3.77722e-07
 Reference value :  3.78932e-07
 Reference value :  3.80137e-07
 Reference value :  3.81292e-07
 Reference value :  3.82497e-07
 Reference value :  3.83692e-07
 Reference value :  3.84847e-07
 Reference value :  3.86052e-07
 Reference value :  3.87272e-07
 Reference value :  3.88462e-07
 Reference value :  3.89672e-07
 Reference value :  3.90822e-07
 Reference value :  3.92177e-07
 Reference value :  3.93402e-07
 Reference value :  3.94557e-07
 Reference value :  3.95752e-07
 Reference value :  3.96937e-07
 Reference value :  3.98272e-07
 Reference value :  3.99477e-07
 Reference value :  4.00612e-07
 Reference value :  4.01807e-07
 Reference value :  4.03027e-07
 Reference value :  4.04397e-07
 Reference value :  4.05607e-07
 Reference value :  4.06817e-07
 Reference value :  4.08022e-07
 Reference value :  4.09217e-07
 Reference value :  4.10487e-07
 Reference value :  4.11692e-07
 Reference value :  4.12872e-07
 Reference value :  4.14062e-07
 Reference value :  4.15307e-07
 Reference value :  4.16742e-07
 Reference value :  4.17932e-07
 Reference value :  4.19047e-07
 Reference value :  4.20197e-07
 Reference value :  4.21517e-07
 Reference value :  4.22692e-07
 Reference value :  4.23862e-07
 Reference value :  4.25047e-07
 Reference value :  4.26287e-07
 Reference value :  4.27502e-07
 Reference value :  4.28662e-07
 Reference value :  4.29857e-07
 Reference value :  4.31192e-07
 Reference value :  4.32382e-07
 Reference value :  4.33602e-07
 Reference value :  4.34797e-07
 Reference value :  4.35967e-07
 Reference value :  4.37147e-07
 Reference value :  4.38267e-07
 Reference value :  4.39447e-07
 Reference value :  4.40642e-07
 Reference value :  4.42012e-07
 Reference value :  4.43212e-07
 Reference value :  4.44362e-07
 Reference value :  4.45572e-07
 Reference value :  4.46797e-07
 Reference value :  4.47972e-07
 Reference value :  4.49167e-07
 Reference value :  4.50352e-07
 Reference value :  4.51527e-07
 Reference value :  4.52892e-07
 Reference value :  4.54092e-07
 Reference value :  4.55292e-07
 Reference value :  4.56447e-07
 Reference value :  4.57657e-07
 Reference value :  4.58877e-07
 Reference value :  4.60027e-07
 Reference value :  4.61207e-07
 Reference value :  4.62372e-07
 Reference value :  4.63722e-07
 Reference value :  4.64897e-07
 Reference value :  4.66047e-07
 Reference value :  4.67212e-07
 Reference value :  4.68437e-07
 Reference value :  4.69612e-07
 Reference value :  4.70817e-07
 Reference value :  4.72007e-07
 Reference value :  4.73217e-07
 Reference value :  4.74402e-07
 Reference value :  4.75512e-07
 Reference value :  4.76672e-07
 Reference value :  4.77847e-07
 Reference value :  4.78997e-07
 Reference value :  4.80187e-07
 Reference value :  4.81392e-07
 Reference value :  4.82567e-07
 Reference value :  4.83742e-07
 Reference value :  4.84902e-07
 Reference value :  4.86097e-07
 Reference value :  4.87417e-07
 Reference value :  4.88607e-07
 Reference value :  4.89822e-07
 Reference value :  4.90982e-07
 Reference value :  4.92152e-07
 Reference value :  4.93342e-07
 Reference value :  4.94472e-07
 Reference value :  4.95652e-07
 Reference value :  4.96837e-07
 Reference value :  4.98012e-07
 Reference value :  4.99197e-07
 Reference value :  5.00387e-07
 Reference value :  5.01597e-07
 Reference value :  5.02802e-07
 Reference value :  5.03942e-07
 Reference value :  5.05127e-07
 Reference value :  5.06337e-07
 Reference value :  5.07512e-07
 Reference value :  5.08742e-07
 Reference value :  5.09947e-07
 Reference value :  5.11132e-07
 Reference value :  5.12362e-07
 Reference value :  5.13502e-07
 Reference value :  5.14687e-07
 Reference value :  5.15862e-07
 Reference value :  5.17037e-07
 Reference value :  5.18247e-07
 Reference value :  5.19447e-07
 Reference value :  5.20672e-07
 Reference value :  5.21817e-07
 Reference value :  5.22942e-07
 Reference value :  5.24157e-07
 Reference value :  5.25422e-07
 Reference value :  5.26607e-07
 Reference value :  5.27937e-07
 Reference value :  5.29272e-07
 Reference value :  5.30552e-07
 Reference value :  5.31802e-07
 Reference value :  5.33107e-07
 Reference value :  5.34422e-07
 Reference value :  5.35732e-07
 Reference value :  5.37047e-07
 Reference value :  5.38342e-07
 Reference value :  5.39657e-07
 Reference value :  5.40917e-07
 Reference value :  5.42202e-07
 Reference value :  5.43517e-07
 Reference value :  5.44802e-07
 Reference value :  5.46117e-07
 Reference value :  5.47442e-07
 Reference value :  5.48782e-07
 Reference value :  5.50067e-07
 Reference value :  5.51362e-07
 Reference value :  5.52667e-07
 Reference value :  5.53967e-07
 Reference value :  5.55287e-07
 Reference value :  5.56607e-07
 Reference value :  5.57927e-07
 Reference value :  5.59252e-07
 Reference value :  5.60517e-07
 Reference value :  5.61877e-07
 Reference value :  5.63157e-07
 Reference value :  5.64497e-07
 Reference value :  5.65822e-07
 Reference value :  5.67142e-07
 Reference value :  5.68432e-07
 Reference value :  5.69767e-07
 Reference value :  5.71067e-07
 Reference value :  5.72357e-07
 Reference value :  5.73692e-07
 Reference value :  5.75017e-07
 Reference value :  5.76352e-07
 Reference value :  5.77687e-07
 Reference value :  5.78947e-07
 Reference value :  5.80282e-07
 Reference value :  5.81587e-07
 Reference value :  5.82877e-07
 Reference value :  5.84202e-07
 Reference value :  5.85532e-07
 Reference value :  5.86837e-07
 Reference value :  5.88112e-07
 Reference value :  5.89457e-07
 Reference value :  5.90742e-07
 Reference value :  5.92097e-07
 Reference value :  5.93557e-07
 Reference value :  5.94942e-07
 Reference value :  5.96347e-07
 Reference value :  5.97672e-07
 Reference value :  5.99042e-07
 Reference value :  6.00387e-07
 Reference value :  6.01863e-07
 Reference value :  6.03253e-07
 Reference value :  6.04598e-07
 Reference value :  6.05913e-07
 Reference value :  6.07183e-07
 Reference value :  6.08503e-07
 Reference value :  6.09793e-07
 Reference value :  6.11118e-07
 Reference value :  6.12438e-07
 Reference value :  6.13743e-07
 Reference value :  6.15068e-07
 Reference value :  6.16323e-07
 Reference value :  6.17703e-07
 Reference value :  6.19028e-07
 Reference value :  6.20328e-07
 Reference value :  6.21653e-07
 Reference value :  6.22963e-07
 Reference value :  6.24278e-07
 Reference value :  6.25653e-07
 Reference value :  6.26953e-07
 Reference value :  6.28253e-07
 Reference value :  6.29563e-07
 Reference value :  6.30883e-07
 Reference value :  6.32223e-07
 Reference value :  6.33553e-07
 Reference value :  6.34838e-07
 Reference value :  6.36123e-07
 Reference value :  6.37423e-07
 Reference value :  6.38698e-07
 Reference value :  6.40073e-07
 Reference value :  6.41378e-07
 Reference value :  6.42668e-07
 Reference value :  6.43928e-07
 Reference value :  6.45223e-07
 Reference value :  6.46518e-07
 Reference value :  6.47788e-07
 Reference value :  6.49073e-07
 Reference value :  6.50393e-07
 Reference value :  6.51723e-07
 Reference value :  6.53073e-07
 Reference value :  6.54418e-07
 Reference value :  6.55893e-07
 Reference value :  6.57198e-07
 Reference value :  6.58498e-07
 Reference value :  6.59828e-07
 Reference value :  6.61148e-07
 Reference value :  6.62433e-07
 Reference value :  6.63733e-07
 Reference value :  6.65048e-07
 Reference value :  6.66383e-07
 Reference value :  6.67698e-07
 Reference value :  6.69003e-07
 Reference value :  6.70323e-07
 Reference value :  6.71633e-07
 Reference value :  6.72878e-07
 Reference value :  6.74193e-07
 Reference value :  6.75483e-07
 Reference value :  6.76773e-07
 Reference value :  6.78063e-07
 Reference value :  6.79378e-07
 Reference value :  6.80678e-07
 Reference value :  6.81923e-07
 Reference value :  6.83203e-07
 Reference value :  6.84498e-07
 Reference value :  6.85793e-07
 Reference value :  6.87113e-07
 Reference value :  6.88453e-07
 Reference value :  6.89758e-07
 Reference value :  6.91058e-07
 Reference value :  6.92358e-07
 Reference value :  6.93663e-07
 Reference value :  6.94913e-07
 Reference value :  6.96218e-07
 Reference value :  6.97503e-07
 Reference value :  6.98793e-07
 Reference value :  7.00053e-07
 Reference value :  7.01293e-07
 Reference value :  7.02633e-07
 Reference value :  7.03903e-07
 Reference value :  7.05213e-07
 Reference value :  7.06543e-07
 Reference value :  7.07908e-07
 Reference value :  7.09258e-07
 Reference value :  7.10583e-07
 Reference value :  7.11938e-07
 Reference value :  7.13253e-07
 Reference value :  7.14618e-07
 Reference value :  7.16023e-07
 Reference value :  7.17518e-07
 Reference value :  7.18778e-07
 Reference value :  7.20058e-07
 Reference value :  7.21393e-07
 Reference value :  7.22688e-07
 Reference value :  7.24013e-07
 Reference value :  7.25298e-07
 Reference value :  7.26618e-07
 Reference value :  7.27933e-07
 Reference value :  7.29193e-07
 Reference value :  7.30493e-07
 Reference value :  7.31803e-07
 Reference value :  7.33128e-07
 Reference value :  7.34423e-07
 Reference value :  7.35748e-07
 Reference value :  7.37048e-07
 Reference value :  7.38313e-07
 Reference value :  7.39728e-07
 Reference value :  7.41013e-07
 Reference value :  7.42308e-07
 Reference value :  7.43663e-07
 Reference value :  7.44978e-07
 Reference value :  7.46293e-07
 Reference value :  7.47518e-07
 Reference value :  7.48783e-07
 Reference value :  7.50118e-07
 Reference value :  7.51403e-07
 Reference value :  7.52713e-07
 Reference value :  7.54018e-07
 Reference value :  7.55328e-07
 Reference value :  7.56598e-07
 Reference value :  7.57898e-07
 Reference value :  7.59208e-07
 Reference value :  7.60538e-07
 Reference value :  7.61858e-07
 Reference value :  7.63153e-07
 Reference value :  7.64438e-07
 Reference value :  7.65733e-07
 Reference value :  7.67028e-07
 Reference value :  7.68328e-07
 Reference value :  7.69668e-07
 Reference value :  7.70988e-07
 Reference value :  7.72313e-07
 Reference value :  7.73648e-07
 Reference value :  7.74958e-07
 Reference value :  7.76218e-07
 Reference value :  7.77513e-07
 Reference value :  7.78788e-07
 Reference value :  7.80118e-07
 Reference value :  7.81448e-07
 Reference value :  7.82763e-07
 Reference value :  7.84093e-07
 Reference value :  7.85388e-07
 Reference value :  7.86698e-07
 Reference value :  7.87978e-07
 Reference value :  7.89288e-07
 Reference value :  7.90613e-07
 Reference value :  7.91953e-07
 Reference value :  7.93303e-07
 Reference value :  7.94563e-07
 Reference value :  7.95938e-07
 Reference value :  7.97228e-07
 Reference value :  7.98523e-07
 Reference value :  7.99868e-07
No. of Data Rows : 160024
pt1a                =  1.85782e-08
pt1b                =  1.12335e-07
 meas tran vsub_max max v(xarr.vsubs) from=100n to=800n failed!

 meas tran vsub_min min v(xarr.vsubs) from=100n to=800n failed!

p_tr1 = 9.375684e-09
Note: Simulation executed from .control section 

----- stderr -----

Error: measure  vsub_max  max(TRIG) : no such vector as 'v(xarr.vsubs)'

Error: measure  vsub_min  min(TRIG) : no such vector as 'v(xarr.vsubs)'
Warning from checkvalid: vector vsub_max is not available or has zero length.
Error: RHS "(vsub_max - vsub_min) / 1.62" invalid
Warning from checkvalid: vector vsub_swing_frac is not available or has zero length.

