|* Post-layout ro_array_core: the whole entropy source (four non-identical
|* rings + four output buffers + the three-xor2 combining tree), extracted
|* FLAT from ONE `klt extract --parasitics` run over
|* layout/ro_array_core-placement-poc/ro_array_core_signal9_poc.gds -- the
|* same DRC-clean (0 violations), klt-lvs-MATCHING (132/132 devices, 96/96
|* nets against design/ro_array_core.spice's own .subckt ro_array_core) GDS
|* that PoC directory's own README documents ("Increment 8"). Real inter-ring
|* wiring is included for the first time: the ring->buffer signal chain, the
|* buffer->XOR fan-in, the XOR combining tree's own t1/t2 routing, and the
|* array-wide vdd bus for the four buffers + three xor2 instances -- none of
|* which sim/post-layout-ro-ring5-assembled/ (one ring at a time, ideal
|* wires between rings) could include, and none of which
|* sim/ro-array-core-combining/ (pre-layout, no physical interconnect at
|* all) could include either.
|*
|* Purpose (issue #22's acceptance bar: "Post-layout PVT simulation results
|* land under sim/, extracted parasitics included" plus the DR-0003 section
|* 8 wstv inter-ring decorrelation re-evaluation). This is a two-way,
|* same-corner comparison (post-layout array vs. pre-layout control, the
|* SAME topology sim/ro-array-core-combining/'s own testbench drives),
|* matching sim/post-layout-ro-ring5-assembled/'s own comparison discipline
|* one hierarchy level up. It reuses that record's own measurement set
|* (per-ring periods, combining fidelity in both the edge-retention and
|* value-fidelity senses, and array supply current) rather than inventing a
|* new one, so every number here is directly comparable to
|* sim/ro-array-core-combining/'s own pre-layout record by name.
|*
|* Topology, post-layout side (prefix p): xarr is ONE flat-extracted cell --
|* design/xschem/ro_array_core.sch's own hierarchy, already wired, sourced
|* from layout/pex-array/ro_array_core_pex.spice via
|* layout/bin/pex-netlist.py (shared, unmodified, with
|* layout/pex/pex.json's and layout/pex-ring/pex.json's own leaf/ring
|* descriptors). t1/t2 (the XOR tree's own inter-stage nets) are internal to
|* the wrapper subckt at the SAME literal names design/ro_array_core.spice's
|* own .subckt ro_array_core uses internally, so they are reachable exactly
|* the way sim/ro-array-core-combining/'s own testbench reaches them
|* (`v(xarr.t1)`, one level of hierarchy) -- confirmed by this deck's own
|* first successful run, not assumed.
|*
|* Topology, pre-layout side (no prefix, matching
|* sim/ro-array-core-combining/'s own testbench net names exactly): xctl is
|* the identical topology from design/ro_array_core.spice's parameterized
|* .subckt ro_array_core, same-deck same-corner control.
|*
|* The substrate tie. layout/pex-array/ro_array_core_pex.spice declares the
|* extractor's substrate return node `vsubs` .global (klayout-tools#1503,
|* same as every other post-layout deck in this repo). This deck ties it
|* HARD to 0, the same physically-motivated choice
|* sim/post-layout-ro-ring5-assembled/ and sim/post-layout-ro-ring5/ both
|* use -- every composed cell's own psub guard ring is tied to vss, and vss
|* is 0 here. Inter-ring coupling through a floating substrate is a
|* different, separately-bracketed question (spec/decision-records/DR-0005)
|* and is not re-litigated by this deck's own hard tie.
|*
|* PVT: the same four (temp, supply) points
|* sim/post-layout-ro-ring5-assembled/ uses, each bundling the tt/ss/ff
|* process axis:
|*   -40 degC / 1.62 V   the measured entropy-binding corner (ss)
|*    27 degC / 1.80 V   nominal
|*   125 degC / 1.98 V   the worst five-stage ring swing in #10's grid
|*   -40 degC / 1.98 V   the fastest ring measured anywhere in that grid
|*
|* Window. Post-layout parasitics measurably slow the array (every prior
|* post-layout ring record in this repo reports 1.4x-2.4x slowdown over
|* pre-layout, and the array adds inter-ring wiring + XOR-tree loading on
|* top), so this deck's tstop is 4x sim/ro-array-core-combining/'s own 200n
|* -- 800n -- with the same 5 ns enable-release point and the same
|* 10-period ring / 48-edge combining-node estimators (rise=3..13 for
|* periods, rise=2..50 at the combining nodes), now measured from a 700 ns
|* window (100 ns to 800 ns) rather than that deck's 60-200 ns, to keep the
|* same edge counts reachable at the slowest corner. Confirmed sufficient by
|* this deck's own first run at every corner (every meas below resolved,
|* not "no value found"), not assumed from the pre-layout deck's own margin.
|*
|* This file is a TEMPLATE: sim/bin/corner-run.py substitutes /Users/rwalters/.volare/volare/sky130/versions/c6d73a35f524070e85faff4a6a9eef49553ebc2b/sky130A/libs.tech/combined/sky130.lib.spice,
|* ff, /Users/rwalters/GitHub/sky130-trng/.loom/worktrees/issue-22/design/ro_array_core.spice, /Users/rwalters/GitHub/sky130-trng/.loom/worktrees/issue-22/layout/pex-array/ro_array_core_pex.spice, 125.0, 1.98 and 5p. As
|* committed it is not a runnable deck. Invoke with
|* `--ro-ring5 design/ro_array_core.spice` and
|* `--pex-lib layout/pex-array/ro_array_core_pex.spice`.
|
|.option scale=1u
|.lib "/Users/rwalters/.volare/volare/sky130/versions/c6d73a35f524070e85faff4a6a9eef49553ebc2b/sky130A/libs.tech/combined/sky130.lib.spice" ff
|
|* pre-layout subcircuit library (ro_array_core / ro_ring5 / ro_buf / xor2)
|.include "/Users/rwalters/GitHub/sky130-trng/.loom/worktrees/issue-22/design/ro_array_core.spice"
|* post-layout ARRAY subcircuit library (ro_array_core_pex, flat-extracted
|* from the whole composed, DRC-clean and LVS-clean array GDS)
|.include "/Users/rwalters/GitHub/sky130-trng/.loom/worktrees/issue-22/layout/pex-array/ro_array_core_pex.spice"
|
|.temp 125.0
|
|* --- substrate return node: hard tie (see header) ----------------------
|Vsub vsubs 0 dc 0
|
|* --- post-layout ARRAY, one flat-extracted cell for the whole block ----
|Vddrp1 pvddr1 0 dc 1.98
|Vddrp2 pvddr2 0 dc 1.98
|Vddrp3 pvddr3 0 dc 1.98
|Vddrp4 pvddr4 0 dc 1.98
|Vddp pvdd 0 dc 1.98
|Venp1 pen1 0 PULSE(0 1.98 5n 100p 100p 1u 2u)
|Venp2 pen2 0 PULSE(0 1.98 5n 100p 100p 1u 2u)
|Venp3 pen3 0 PULSE(0 1.98 5n 100p 100p 1u 2u)
|Venp4 pen4 0 PULSE(0 1.98 5n 100p 100p 1u 2u)
|xarr pen1 pen2 pen3 pen4 pvddr1 pvddr2 pvddr3 pvddr4 pvdd 0 pxo pro1 pro2 pro3 pro4 ro_array_core_pex
|
|* --- pre-layout control, identical topology, single-call subckt --------
|Vddr1 vddr1 0 dc 1.98
|Vddr2 vddr2 0 dc 1.98
|Vddr3 vddr3 0 dc 1.98
|Vddr4 vddr4 0 dc 1.98
|Vdd vdd 0 dc 1.98
|Ven1 en1 0 PULSE(0 1.98 5n 100p 100p 1u 2u)
|Ven2 en2 0 PULSE(0 1.98 5n 100p 100p 1u 2u)
|Ven3 en3 0 PULSE(0 1.98 5n 100p 100p 1u 2u)
|Ven4 en4 0 PULSE(0 1.98 5n 100p 100p 1u 2u)
|xctl en1 en2 en3 en4 vddr1 vddr2 vddr3 vddr4 vdd 0 xo ro1 ro2 ro3 ro4 ro_array_core
|
|.ic v(pro1)=0
|.ic v(pro2)=0
|.ic v(pro3)=0
|.ic v(pro4)=0
|.ic v(ro1)=0
|.ic v(ro2)=0
|.ic v(ro3)=0
|.ic v(ro4)=0
|
|* Limit the saved transient trace set to exactly what the .meas statements
|* below need. Without this, ngspice keeps a full-resolution voltage history
|* for every node in the deck -- including every per-terminal parasitic-star
|* leg node the flat ARRAY extraction introduces (132 devices' worth, an
|* order of magnitude more than one ring alone) -- and
|* sim/post-layout-ro-ring5-assembled/'s own header records this exhausting
|* process memory outright at the ff corner's shorter timesteps. None of
|* those internal leg voltages are read by any .meas below.
|.save v(pro1) v(pro2) v(pro3) v(pro4) v(pxo) v(xarr.t1)
|.save v(ro1) v(ro2) v(ro3) v(ro4) v(xo) v(xctl.t1)
|.save i(Vddrp1) i(Vddrp2) i(Vddrp3) i(Vddrp4) i(Vddp)
|.save i(Vddr1) i(Vddr2) i(Vddr3) i(Vddr4) i(Vdd)
|
|.tran 5p 800n uic
|
|.control
|run
|
|* --- post-layout ARRAY: per-ring periods, 10 whole periods each, first
|* two rising edges discarded as start-up ------------------------------
|meas tran pt1a when v(pro1)=0.5*1.98 rise=3
|meas tran pt1b when v(pro1)=0.5*1.98 rise=13
|let p_tr1 = (pt1b - pt1a)/10
|meas tran pt2a when v(pro2)=0.5*1.98 rise=3
|meas tran pt2b when v(pro2)=0.5*1.98 rise=13
|let p_tr2 = (pt2b - pt2a)/10
|meas tran pt3a when v(pro3)=0.5*1.98 rise=3
|meas tran pt3b when v(pro3)=0.5*1.98 rise=13
|let p_tr3 = (pt3b - pt3a)/10
|meas tran pt4a when v(pro4)=0.5*1.98 rise=3
|meas tran pt4b when v(pro4)=0.5*1.98 rise=13
|let p_tr4 = (pt4b - pt4a)/10
|let p_f_ideal2 = 1/p_tr1 + 1/p_tr2
|let p_f_ideal = 1/p_tr1 + 1/p_tr2 + 1/p_tr3 + 1/p_tr4
|let p_skew_span = p_tr1/p_tr4
|
|* --- post-layout ARRAY combining node: swing and realized edge rate ---
|meas tran pvxo_max MAX v(pxo) from=100n to=800n
|meas tran pvxo_min MIN v(pxo) from=100n to=800n
|let p_swing_frac_xo = (pvxo_max - pvxo_min) / 1.98
|meas tran ptxo_a when v(pxo)=0.5*1.98 rise=2
|meas tran ptxo_b when v(pxo)=0.5*1.98 rise=50
|let p_f_xo = 48/(ptxo_b - ptxo_a)
|let p_edge_retention = p_f_xo / p_f_ideal
|meas tran ptt1a when v(xarr.t1)=0.5*1.98 rise=2
|meas tran ptt1b when v(xarr.t1)=0.5*1.98 rise=50
|let p_f_t1 = 48/(ptt1b - ptt1a)
|let p_retention_n2 = p_f_t1 / p_f_ideal2
|let p_retention_n4 = p_edge_retention
|
|* --- post-layout ARRAY value fidelity + supply current -----------------
|meas tran pvxo_avg AVG v(pxo) from=100n to=800n
|meas tran pvt1_avg AVG v(xarr.t1) from=100n to=800n
|let p_bias_xo = pvxo_avg / 1.98
|let p_bias_t1 = pvt1_avg / 1.98
|meas tran pi1 AVG i(Vddrp1) from=100n to=800n
|meas tran pi2 AVG i(Vddrp2) from=100n to=800n
|meas tran pi3 AVG i(Vddrp3) from=100n to=800n
|meas tran pi4 AVG i(Vddrp4) from=100n to=800n
|meas tran pib AVG i(Vddp) from=100n to=800n
|let p_i_rings = -(pi1 + pi2 + pi3 + pi4)
|let p_i_block = -pib
|let p_i_array_total = p_i_rings + p_i_block
|let p_p_array_total = p_i_array_total * 1.98
|
|* --- pre-layout CONTROL: identical estimators, identical node names as
|* sim/ro-array-core-combining/'s own testbench ---------------------------
|meas tran t1a when v(ro1)=0.5*1.98 rise=3
|meas tran t1b when v(ro1)=0.5*1.98 rise=13
|let tr1 = (t1b - t1a)/10
|meas tran t2a when v(ro2)=0.5*1.98 rise=3
|meas tran t2b when v(ro2)=0.5*1.98 rise=13
|let tr2 = (t2b - t2a)/10
|meas tran t3a when v(ro3)=0.5*1.98 rise=3
|meas tran t3b when v(ro3)=0.5*1.98 rise=13
|let tr3 = (t3b - t3a)/10
|meas tran t4a when v(ro4)=0.5*1.98 rise=3
|meas tran t4b when v(ro4)=0.5*1.98 rise=13
|let tr4 = (t4b - t4a)/10
|let f_ideal2 = 1/tr1 + 1/tr2
|let f_ideal = 1/tr1 + 1/tr2 + 1/tr3 + 1/tr4
|let skew_span = tr1/tr4
|
|meas tran vxo_max MAX v(xo) from=100n to=800n
|meas tran vxo_min MIN v(xo) from=100n to=800n
|let swing_frac_xo = (vxo_max - vxo_min) / 1.98
|meas tran txo_a when v(xo)=0.5*1.98 rise=2
|meas tran txo_b when v(xo)=0.5*1.98 rise=50
|let f_xo = 48/(txo_b - txo_a)
|let edge_retention = f_xo / f_ideal
|meas tran tt1a when v(xctl.t1)=0.5*1.98 rise=2
|meas tran tt1b when v(xctl.t1)=0.5*1.98 rise=50
|let f_t1 = 48/(tt1b - tt1a)
|let retention_n2 = f_t1 / f_ideal2
|let retention_n4 = edge_retention
|
|meas tran vxo_avg AVG v(xo) from=100n to=800n
|meas tran vt1_avg AVG v(xctl.t1) from=100n to=800n
|let bias_xo = vxo_avg / 1.98
|let bias_t1 = vt1_avg / 1.98
|meas tran i1 AVG i(Vddr1) from=100n to=800n
|meas tran i2 AVG i(Vddr2) from=100n to=800n
|meas tran i3 AVG i(Vddr3) from=100n to=800n
|meas tran i4 AVG i(Vddr4) from=100n to=800n
|meas tran ib AVG i(Vdd) from=100n to=800n
|let i_rings = -(i1 + i2 + i3 + i4)
|let i_block = -ib
|let i_array_total = i_rings + i_block
|let p_array_total_pre = i_array_total * 1.98
|
|* --- headline ratios: same block, same corner, real inter-ring wiring
|* (plus real intra-cell parasitics) vs. pre-layout (no interconnect,
|* ideal devices only) ----------------------------------------------------
|let slowdown_r1 = p_tr1 / tr1
|let slowdown_r2 = p_tr2 / tr2
|let slowdown_r3 = p_tr3 / tr3
|let slowdown_r4 = p_tr4 / tr4
|
|print p_tr1
|print p_tr2
|print p_tr3
|print p_tr4
|print p_skew_span
|print p_f_ideal
|print p_f_xo
|print p_edge_retention
|print p_retention_n2
|print p_retention_n4
|print p_bias_t1
|print p_bias_xo
|print p_swing_frac_xo
|print p_i_rings
|print p_i_block
|print p_i_array_total
|print p_p_array_total
|print tr1
|print tr2
|print tr3
|print tr4
|print skew_span
|print f_ideal
|print f_xo
|print edge_retention
|print retention_n2
|print retention_n4
|print bias_t1
|print bias_xo
|print swing_frac_xo
|print i_rings
|print i_block
|print i_array_total
|print p_array_total_pre
|print slowdown_r1
|print slowdown_r2
|print slowdown_r3
|print slowdown_r4
|.endc
|.end
|

----- stdout -----

Note: Compatibility modes selected: hs a


Circuit: * post-layout ro_array_core: the whole entropy source (four non-identical

option SCALE: Scale is set to 1e-06 for instance and model parameters
option SCALE: Scale is set to 1e-06 for instance and model parameters
option SCALE: Scale is set to 1e-06 for instance and model parameters
option SCALE: Scale is set to 1e-06 for instance and model parameters
option SCALE: Scale is set to 1e-06 for instance and model parameters
Doing analysis at TEMP = 125.000000 and TNOM = 27.000000

Using SPARSE 1.3 as Direct Linear Solver
Operating point simulation skipped by 'uic',
  now using transient initial conditions.
 Reference value :  5.00000e-14
 Reference value :  4.61347e-10
 Reference value :  1.12135e-09
 Reference value :  1.80135e-09
 Reference value :  2.49635e-09
 Reference value :  3.17635e-09
 Reference value :  3.85135e-09
 Reference value :  4.53635e-09
 Reference value :  5.12750e-09
 Reference value :  5.79250e-09
 Reference value :  6.39250e-09
 Reference value :  7.03250e-09
 Reference value :  7.64750e-09
 Reference value :  8.15250e-09
 Reference value :  8.68750e-09
 Reference value :  9.20750e-09
 Reference value :  9.80750e-09
 Reference value :  1.03275e-08
 Reference value :  1.08375e-08
 Reference value :  1.13975e-08
 Reference value :  1.19175e-08
 Reference value :  1.24825e-08
 Reference value :  1.30675e-08
 Reference value :  1.35625e-08
 Reference value :  1.40875e-08
 Reference value :  1.46425e-08
 Reference value :  1.51825e-08
 Reference value :  1.56925e-08
 Reference value :  1.62275e-08
 Reference value :  1.67875e-08
 Reference value :  1.72775e-08
 Reference value :  1.77575e-08
 Reference value :  1.83325e-08
 Reference value :  1.89225e-08
 Reference value :  1.94025e-08
 Reference value :  1.98975e-08
 Reference value :  2.05225e-08
 Reference value :  2.11025e-08
 Reference value :  2.15825e-08
 Reference value :  2.20975e-08
 Reference value :  2.27075e-08
 Reference value :  2.32925e-08
 Reference value :  2.37775e-08
 Reference value :  2.43475e-08
 Reference value :  2.49525e-08
 Reference value :  2.54825e-08
 Reference value :  2.59825e-08
 Reference value :  2.64925e-08
 Reference value :  2.70325e-08
 Reference value :  2.75825e-08
 Reference value :  2.80825e-08
 Reference value :  2.86275e-08
 Reference value :  2.91575e-08
 Reference value :  2.97025e-08
 Reference value :  3.01925e-08
 Reference value :  3.07325e-08
 Reference value :  3.12875e-08
 Reference value :  3.17975e-08
 Reference value :  3.23475e-08
 Reference value :  3.28825e-08
 Reference value :  3.34075e-08
 Reference value :  3.40025e-08
 Reference value :  3.45675e-08
 Reference value :  3.51575e-08
 Reference value :  3.56575e-08
 Reference value :  3.62525e-08
 Reference value :  3.67925e-08
 Reference value :  3.73075e-08
 Reference value :  3.78525e-08
 Reference value :  3.84825e-08
 Reference value :  3.90175e-08
 Reference value :  3.95925e-08
 Reference value :  4.01375e-08
 Reference value :  4.07125e-08
 Reference value :  4.12625e-08
 Reference value :  4.17825e-08
 Reference value :  4.22575e-08
 Reference value :  4.27625e-08
 Reference value :  4.33075e-08
 Reference value :  4.38275e-08
 Reference value :  4.43475e-08
 Reference value :  4.48425e-08
 Reference value :  4.53775e-08
 Reference value :  4.59325e-08
 Reference value :  4.64525e-08
 Reference value :  4.69475e-08
 Reference value :  4.74925e-08
 Reference value :  4.80375e-08
 Reference value :  4.85525e-08
 Reference value :  4.90675e-08
 Reference value :  4.96425e-08
 Reference value :  5.02125e-08
 Reference value :  5.06925e-08
 Reference value :  5.11725e-08
 Reference value :  5.16625e-08
 Reference value :  5.22125e-08
 Reference value :  5.27175e-08
 Reference value :  5.32275e-08
 Reference value :  5.38225e-08
 Reference value :  5.44025e-08
 Reference value :  5.49025e-08
 Reference value :  5.53775e-08
 Reference value :  5.59225e-08
 Reference value :  5.64525e-08
 Reference value :  5.69825e-08
 Reference value :  5.75025e-08
 Reference value :  5.80625e-08
 Reference value :  5.85625e-08
 Reference value :  5.90975e-08
 Reference value :  5.95925e-08
 Reference value :  6.01125e-08
 Reference value :  6.06675e-08
 Reference value :  6.11775e-08
 Reference value :  6.17025e-08
 Reference value :  6.22325e-08
 Reference value :  6.27775e-08
 Reference value :  6.32725e-08
 Reference value :  6.37975e-08
 Reference value :  6.43225e-08
 Reference value :  6.49175e-08
 Reference value :  6.55125e-08
 Reference value :  6.60325e-08
 Reference value :  6.65525e-08
 Reference value :  6.71825e-08
 Reference value :  6.77775e-08
 Reference value :  6.83625e-08
 Reference value :  6.88475e-08
 Reference value :  6.95075e-08
 Reference value :  7.00575e-08
 Reference value :  7.06125e-08
 Reference value :  7.11575e-08
 Reference value :  7.17625e-08
 Reference value :  7.23175e-08
 Reference value :  7.28825e-08
 Reference value :  7.34275e-08
 Reference value :  7.39675e-08
 Reference value :  7.45125e-08
 Reference value :  7.50675e-08
 Reference value :  7.55825e-08
 Reference value :  7.60725e-08
 Reference value :  7.66075e-08
 Reference value :  7.71525e-08
 Reference value :  7.76875e-08
 Reference value :  7.81975e-08
 Reference value :  7.88575e-08
 Reference value :  7.93875e-08
 Reference value :  7.98875e-08
 Reference value :  8.04575e-08
 Reference value :  8.10925e-08
 Reference value :  8.15925e-08
 Reference value :  8.20775e-08
 Reference value :  8.26025e-08
 Reference value :  8.32325e-08
 Reference value :  8.37275e-08
 Reference value :  8.42625e-08
 Reference value :  8.47775e-08
 Reference value :  8.53275e-08
 Reference value :  8.58425e-08
 Reference value :  8.63575e-08
 Reference value :  8.68925e-08
 Reference value :  8.74475e-08
 Reference value :  8.79775e-08
 Reference value :  8.84475e-08
 Reference value :  8.89825e-08
 Reference value :  8.94875e-08
 Reference value :  9.00275e-08
 Reference value :  9.05025e-08
 Reference value :  9.10675e-08
 Reference value :  9.16025e-08
 Reference value :  9.21525e-08
 Reference value :  9.26875e-08
 Reference value :  9.31875e-08
 Reference value :  9.37675e-08
 Reference value :  9.44175e-08
 Reference value :  9.49475e-08
 Reference value :  9.55325e-08
 Reference value :  9.60825e-08
 Reference value :  9.66975e-08
 Reference value :  9.72125e-08
 Reference value :  9.77575e-08
 Reference value :  9.83375e-08
 Reference value :  9.88725e-08
 Reference value :  9.93925e-08
 Reference value :  9.99025e-08
 Reference value :  1.00483e-07
 Reference value :  1.01048e-07
 Reference value :  1.01583e-07
 Reference value :  1.02093e-07
 Reference value :  1.02748e-07
 Reference value :  1.03298e-07
 Reference value :  1.03838e-07
 Reference value :  1.04393e-07
 Reference value :  1.04948e-07
 Reference value :  1.05463e-07
 Reference value :  1.06023e-07
 Reference value :  1.06538e-07
 Reference value :  1.07018e-07
 Reference value :  1.07588e-07
 Reference value :  1.08168e-07
 Reference value :  1.08688e-07
 Reference value :  1.09198e-07
 Reference value :  1.09803e-07
 Reference value :  1.10363e-07
 Reference value :  1.10853e-07
 Reference value :  1.11363e-07
 Reference value :  1.12038e-07
 Reference value :  1.12603e-07
 Reference value :  1.13113e-07
 Reference value :  1.13633e-07
 Reference value :  1.14278e-07
 Reference value :  1.14803e-07
 Reference value :  1.15353e-07
 Reference value :  1.15933e-07
 Reference value :  1.16488e-07
 Reference value :  1.17063e-07
 Reference value :  1.17553e-07
 Reference value :  1.18118e-07
 Reference value :  1.18638e-07
 Reference value :  1.19188e-07
 Reference value :  1.19778e-07
 Reference value :  1.20343e-07
 Reference value :  1.20883e-07
 Reference value :  1.21383e-07
 Reference value :  1.21863e-07
 Reference value :  1.22373e-07
 Reference value :  1.22848e-07
 Reference value :  1.23388e-07
 Reference value :  1.23863e-07
 Reference value :  1.24378e-07
 Reference value :  1.24963e-07
 Reference value :  1.25603e-07
 Reference value :  1.26168e-07
 Reference value :  1.26718e-07
 Reference value :  1.27233e-07
 Reference value :  1.27898e-07
 Reference value :  1.28453e-07
 Reference value :  1.28968e-07
 Reference value :  1.29548e-07
 Reference value :  1.30148e-07
 Reference value :  1.30658e-07
 Reference value :  1.31183e-07
 Reference value :  1.31778e-07
 Reference value :  1.32308e-07
 Reference value :  1.32843e-07
 Reference value :  1.33428e-07
 Reference value :  1.33993e-07
 Reference value :  1.34513e-07
 Reference value :  1.35083e-07
 Reference value :  1.35623e-07
 Reference value :  1.36188e-07
 Reference value :  1.36723e-07
 Reference value :  1.37328e-07
 Reference value :  1.37863e-07
 Reference value :  1.38458e-07
 Reference value :  1.39068e-07
 Reference value :  1.39638e-07
 Reference value :  1.40198e-07
 Reference value :  1.40723e-07
 Reference value :  1.41308e-07
 Reference value :  1.41833e-07
 Reference value :  1.42323e-07
 Reference value :  1.42898e-07
 Reference value :  1.43478e-07
 Reference value :  1.44028e-07
 Reference value :  1.44553e-07
 Reference value :  1.45093e-07
 Reference value :  1.45623e-07
 Reference value :  1.46173e-07
 Reference value :  1.46698e-07
 Reference value :  1.47278e-07
 Reference value :  1.47783e-07
 Reference value :  1.48303e-07
 Reference value :  1.48843e-07
 Reference value :  1.49383e-07
 Reference value :  1.49933e-07
 Reference value :  1.50423e-07
 Reference value :  1.50903e-07
 Reference value :  1.51408e-07
 Reference value :  1.51923e-07
 Reference value :  1.52423e-07
 Reference value :  1.52903e-07
 Reference value :  1.53433e-07
 Reference value :  1.54058e-07
 Reference value :  1.54603e-07
 Reference value :  1.55103e-07
 Reference value :  1.55633e-07
 Reference value :  1.56193e-07
 Reference value :  1.56778e-07
 Reference value :  1.57283e-07
 Reference value :  1.57813e-07
 Reference value :  1.58348e-07
 Reference value :  1.58938e-07
 Reference value :  1.59453e-07
 Reference value :  1.59988e-07
 Reference value :  1.60528e-07
 Reference value :  1.61103e-07
 Reference value :  1.61623e-07
 Reference value :  1.62143e-07
 Reference value :  1.62743e-07
 Reference value :  1.63273e-07
 Reference value :  1.63783e-07
 Reference value :  1.64338e-07
 Reference value :  1.64843e-07
 Reference value :  1.65338e-07
 Reference value :  1.65928e-07
 Reference value :  1.66478e-07
 Reference value :  1.67043e-07
 Reference value :  1.67618e-07
 Reference value :  1.68218e-07
 Reference value :  1.68713e-07
 Reference value :  1.69193e-07
 Reference value :  1.69728e-07
 Reference value :  1.70283e-07
 Reference value :  1.70813e-07
 Reference value :  1.71298e-07
 Reference value :  1.71843e-07
 Reference value :  1.72473e-07
 Reference value :  1.73008e-07
 Reference value :  1.73538e-07
 Reference value :  1.74123e-07
 Reference value :  1.74668e-07
 Reference value :  1.75248e-07
 Reference value :  1.75758e-07
 Reference value :  1.76323e-07
 Reference value :  1.76843e-07
 Reference value :  1.77378e-07
 Reference value :  1.77903e-07
 Reference value :  1.78458e-07
 Reference value :  1.78968e-07
 Reference value :  1.79483e-07
 Reference value :  1.80043e-07
 Reference value :  1.80583e-07
 Reference value :  1.81113e-07
 Reference value :  1.81593e-07
 Reference value :  1.82073e-07
 Reference value :  1.82658e-07
 Reference value :  1.83283e-07
 Reference value :  1.83758e-07
 Reference value :  1.84283e-07
 Reference value :  1.84873e-07
 Reference value :  1.85408e-07
 Reference value :  1.85883e-07
 Reference value :  1.86403e-07
 Reference value :  1.86978e-07
 Reference value :  1.87563e-07
 Reference value :  1.88088e-07
 Reference value :  1.88618e-07
 Reference value :  1.89168e-07
 Reference value :  1.89783e-07
 Reference value :  1.90303e-07
 Reference value :  1.90823e-07
 Reference value :  1.91373e-07
 Reference value :  1.91863e-07
 Reference value :  1.92413e-07
 Reference value :  1.92928e-07
 Reference value :  1.93483e-07
 Reference value :  1.94053e-07
 Reference value :  1.94553e-07
 Reference value :  1.95078e-07
 Reference value :  1.95633e-07
 Reference value :  1.96143e-07
 Reference value :  1.96663e-07
 Reference value :  1.97253e-07
 Reference value :  1.97793e-07
 Reference value :  1.98263e-07
 Reference value :  1.98778e-07
 Reference value :  1.99343e-07
 Reference value :  1.99848e-07
 Reference value :  2.00318e-07
 Reference value :  2.00833e-07
 Reference value :  2.01428e-07
 Reference value :  2.01933e-07
 Reference value :  2.02438e-07
 Reference value :  2.02998e-07
 Reference value :  2.03588e-07
 Reference value :  2.04103e-07
 Reference value :  2.04658e-07
 Reference value :  2.05248e-07
 Reference value :  2.05768e-07
 Reference value :  2.06323e-07
 Reference value :  2.06893e-07
 Reference value :  2.07483e-07
 Reference value :  2.07968e-07
 Reference value :  2.08523e-07
 Reference value :  2.09078e-07
 Reference value :  2.09618e-07
 Reference value :  2.10158e-07
 Reference value :  2.10748e-07
 Reference value :  2.11288e-07
 Reference value :  2.11833e-07
 Reference value :  2.12338e-07
 Reference value :  2.12888e-07
 Reference value :  2.13403e-07
 Reference value :  2.13978e-07
 Reference value :  2.14508e-07
 Reference value :  2.15073e-07
 Reference value :  2.15648e-07
 Reference value :  2.16218e-07
 Reference value :  2.16773e-07
 Reference value :  2.17298e-07
 Reference value :  2.17848e-07
 Reference value :  2.18353e-07
 Reference value :  2.18903e-07
 Reference value :  2.19403e-07
 Reference value :  2.19928e-07
 Reference value :  2.20493e-07
 Reference value :  2.21033e-07
 Reference value :  2.21503e-07
 Reference value :  2.21983e-07
 Reference value :  2.22538e-07
 Reference value :  2.23133e-07
 Reference value :  2.23613e-07
 Reference value :  2.24103e-07
 Reference value :  2.24653e-07
 Reference value :  2.25163e-07
 Reference value :  2.25663e-07
 Reference value :  2.26178e-07
 Reference value :  2.26728e-07
 Reference value :  2.27233e-07
 Reference value :  2.27763e-07
 Reference value :  2.28333e-07
 Reference value :  2.28838e-07
 Reference value :  2.29323e-07
 Reference value :  2.29863e-07
 Reference value :  2.30428e-07
 Reference value :  2.30988e-07
 Reference value :  2.31488e-07
 Reference value :  2.31998e-07
 Reference value :  2.32563e-07
 Reference value :  2.33083e-07
 Reference value :  2.33668e-07
 Reference value :  2.34268e-07
 Reference value :  2.34828e-07
 Reference value :  2.35348e-07
 Reference value :  2.35938e-07
 Reference value :  2.36503e-07
 Reference value :  2.37028e-07
 Reference value :  2.37558e-07
 Reference value :  2.38143e-07
 Reference value :  2.38718e-07
 Reference value :  2.39258e-07
 Reference value :  2.39773e-07
 Reference value :  2.40363e-07
 Reference value :  2.40933e-07
 Reference value :  2.41453e-07
 Reference value :  2.42008e-07
 Reference value :  2.42503e-07
 Reference value :  2.43053e-07
 Reference value :  2.43583e-07
 Reference value :  2.44178e-07
 Reference value :  2.44713e-07
 Reference value :  2.45228e-07
 Reference value :  2.45818e-07
 Reference value :  2.46368e-07
 Reference value :  2.46963e-07
 Reference value :  2.47473e-07
 Reference value :  2.47988e-07
 Reference value :  2.48543e-07
 Reference value :  2.49048e-07
 Reference value :  2.49553e-07
 Reference value :  2.50113e-07
 Reference value :  2.50638e-07
 Reference value :  2.51138e-07
 Reference value :  2.51708e-07
 Reference value :  2.52233e-07
 Reference value :  2.52703e-07
 Reference value :  2.53218e-07
 Reference value :  2.53773e-07
 Reference value :  2.54298e-07
 Reference value :  2.54858e-07
 Reference value :  2.55403e-07
 Reference value :  2.55943e-07
 Reference value :  2.56458e-07
 Reference value :  2.57013e-07
 Reference value :  2.57553e-07
 Reference value :  2.58103e-07
 Reference value :  2.58648e-07
 Reference value :  2.59283e-07
 Reference value :  2.59858e-07
 Reference value :  2.60388e-07
 Reference value :  2.60908e-07
 Reference value :  2.61438e-07
 Reference value :  2.62023e-07
 Reference value :  2.62558e-07
 Reference value :  2.63093e-07
 Reference value :  2.63643e-07
 Reference value :  2.64168e-07
 Reference value :  2.64738e-07
 Reference value :  2.65288e-07
 Reference value :  2.65833e-07
 Reference value :  2.66328e-07
 Reference value :  2.66873e-07
 Reference value :  2.67423e-07
 Reference value :  2.68013e-07
 Reference value :  2.68503e-07
 Reference value :  2.69128e-07
 Reference value :  2.69678e-07
 Reference value :  2.70183e-07
 Reference value :  2.70688e-07
 Reference value :  2.71343e-07
 Reference value :  2.71888e-07
 Reference value :  2.72438e-07
 Reference value :  2.73033e-07
 Reference value :  2.73653e-07
 Reference value :  2.74268e-07
 Reference value :  2.74798e-07
 Reference value :  2.75378e-07
 Reference value :  2.75948e-07
 Reference value :  2.76508e-07
 Reference value :  2.77063e-07
 Reference value :  2.77623e-07
 Reference value :  2.78148e-07
 Reference value :  2.78693e-07
 Reference value :  2.79223e-07
 Reference value :  2.79728e-07
 Reference value :  2.80218e-07
 Reference value :  2.80803e-07
 Reference value :  2.81308e-07
 Reference value :  2.81818e-07
 Reference value :  2.82328e-07
 Reference value :  2.82908e-07
 Reference value :  2.83438e-07
 Reference value :  2.83933e-07
 Reference value :  2.84443e-07
 Reference value :  2.84968e-07
 Reference value :  2.85447e-07
 Reference value :  2.85907e-07
 Reference value :  2.86472e-07
 Reference value :  2.87037e-07
 Reference value :  2.87507e-07
 Reference value :  2.87982e-07
 Reference value :  2.88492e-07
 Reference value :  2.89017e-07
 Reference value :  2.89502e-07
 Reference value :  2.90027e-07
 Reference value :  2.90527e-07
 Reference value :  2.91102e-07
 Reference value :  2.91667e-07
 Reference value :  2.92207e-07
 Reference value :  2.92767e-07
 Reference value :  2.93332e-07
 Reference value :  2.93892e-07
 Reference value :  2.94472e-07
 Reference value :  2.95027e-07
 Reference value :  2.95602e-07
 Reference value :  2.96137e-07
 Reference value :  2.96722e-07
 Reference value :  2.97227e-07
 Reference value :  2.97727e-07
 Reference value :  2.98322e-07
 Reference value :  2.98832e-07
 Reference value :  2.99392e-07
 Reference value :  2.99962e-07
 Reference value :  3.00567e-07
 Reference value :  3.01077e-07
 Reference value :  3.01572e-07
 Reference value :  3.02097e-07
 Reference value :  3.02637e-07
 Reference value :  3.03182e-07
 Reference value :  3.03727e-07
 Reference value :  3.04242e-07
 Reference value :  3.04822e-07
 Reference value :  3.05417e-07
 Reference value :  3.06062e-07
 Reference value :  3.06577e-07
 Reference value :  3.07132e-07
 Reference value :  3.07622e-07
 Reference value :  3.08197e-07
 Reference value :  3.08692e-07
 Reference value :  3.09247e-07
 Reference value :  3.09782e-07
 Reference value :  3.10312e-07
 Reference value :  3.10822e-07
 Reference value :  3.11347e-07
 Reference value :  3.11927e-07
 Reference value :  3.12437e-07
 Reference value :  3.13002e-07
 Reference value :  3.13542e-07
 Reference value :  3.14117e-07
 Reference value :  3.14617e-07
 Reference value :  3.15142e-07
 Reference value :  3.15692e-07
 Reference value :  3.16247e-07
 Reference value :  3.16717e-07
 Reference value :  3.17227e-07
 Reference value :  3.17792e-07
 Reference value :  3.18292e-07
 Reference value :  3.18772e-07
 Reference value :  3.19277e-07
 Reference value :  3.19852e-07
 Reference value :  3.20402e-07
 Reference value :  3.20897e-07
 Reference value :  3.21392e-07
 Reference value :  3.21922e-07
 Reference value :  3.22467e-07
 Reference value :  3.22997e-07
 Reference value :  3.23537e-07
 Reference value :  3.24082e-07
 Reference value :  3.24647e-07
 Reference value :  3.25157e-07
 Reference value :  3.25692e-07
 Reference value :  3.26232e-07
 Reference value :  3.26797e-07
 Reference value :  3.27337e-07
 Reference value :  3.27877e-07
 Reference value :  3.28372e-07
 Reference value :  3.28937e-07
 Reference value :  3.29522e-07
 Reference value :  3.30112e-07
 Reference value :  3.30617e-07
 Reference value :  3.31242e-07
 Reference value :  3.31802e-07
 Reference value :  3.32362e-07
 Reference value :  3.32872e-07
 Reference value :  3.33512e-07
 Reference value :  3.34102e-07
 Reference value :  3.34627e-07
 Reference value :  3.35147e-07
 Reference value :  3.35717e-07
 Reference value :  3.36302e-07
 Reference value :  3.36807e-07
 Reference value :  3.37397e-07
 Reference value :  3.37932e-07
 Reference value :  3.38507e-07
 Reference value :  3.39077e-07
 Reference value :  3.39617e-07
 Reference value :  3.40192e-07
 Reference value :  3.40752e-07
 Reference value :  3.41262e-07
 Reference value :  3.41782e-07
 Reference value :  3.42292e-07
 Reference value :  3.42862e-07
 Reference value :  3.43392e-07
 Reference value :  3.43882e-07
 Reference value :  3.44392e-07
 Reference value :  3.44967e-07
 Reference value :  3.45522e-07
 Reference value :  3.46077e-07
 Reference value :  3.46662e-07
 Reference value :  3.47202e-07
 Reference value :  3.47712e-07
 Reference value :  3.48252e-07
 Reference value :  3.48842e-07
 Reference value :  3.49357e-07
 Reference value :  3.49902e-07
 Reference value :  3.50392e-07
 Reference value :  3.50932e-07
 Reference value :  3.51472e-07
 Reference value :  3.51982e-07
 Reference value :  3.52487e-07
 Reference value :  3.53017e-07
 Reference value :  3.53582e-07
 Reference value :  3.54102e-07
 Reference value :  3.54622e-07
 Reference value :  3.55157e-07
 Reference value :  3.55662e-07
 Reference value :  3.56252e-07
 Reference value :  3.56807e-07
 Reference value :  3.57357e-07
 Reference value :  3.57922e-07
 Reference value :  3.58562e-07
 Reference value :  3.59117e-07
 Reference value :  3.59617e-07
 Reference value :  3.60172e-07
 Reference value :  3.60782e-07
 Reference value :  3.61297e-07
 Reference value :  3.61807e-07
 Reference value :  3.62432e-07
 Reference value :  3.62987e-07
 Reference value :  3.63522e-07
 Reference value :  3.64067e-07
 Reference value :  3.64697e-07
 Reference value :  3.65232e-07
 Reference value :  3.65732e-07
 Reference value :  3.66257e-07
 Reference value :  3.66837e-07
 Reference value :  3.67397e-07
 Reference value :  3.67917e-07
 Reference value :  3.68467e-07
 Reference value :  3.69022e-07
 Reference value :  3.69557e-07
 Reference value :  3.70122e-07
 Reference value :  3.70692e-07
 Reference value :  3.71257e-07
 Reference value :  3.71832e-07
 Reference value :  3.72397e-07
 Reference value :  3.72882e-07
 Reference value :  3.73382e-07
 Reference value :  3.73972e-07
 Reference value :  3.74482e-07
 Reference value :  3.74952e-07
 Reference value :  3.75462e-07
 Reference value :  3.76047e-07
 Reference value :  3.76562e-07
 Reference value :  3.77057e-07
 Reference value :  3.77577e-07
 Reference value :  3.78142e-07
 Reference value :  3.78617e-07
 Reference value :  3.79107e-07
 Reference value :  3.79602e-07
 Reference value :  3.80177e-07
 Reference value :  3.80807e-07
 Reference value :  3.81282e-07
 Reference value :  3.81807e-07
 Reference value :  3.82317e-07
 Reference value :  3.82887e-07
 Reference value :  3.83362e-07
 Reference value :  3.83892e-07
 Reference value :  3.84397e-07
 Reference value :  3.84967e-07
 Reference value :  3.85512e-07
 Reference value :  3.86012e-07
 Reference value :  3.86497e-07
 Reference value :  3.87027e-07
 Reference value :  3.87577e-07
 Reference value :  3.88062e-07
 Reference value :  3.88572e-07
 Reference value :  3.89087e-07
 Reference value :  3.89577e-07
 Reference value :  3.90057e-07
 Reference value :  3.90547e-07
 Reference value :  3.91082e-07
 Reference value :  3.91727e-07
 Reference value :  3.92272e-07
 Reference value :  3.92802e-07
 Reference value :  3.93382e-07
 Reference value :  3.93972e-07
 Reference value :  3.94502e-07
 Reference value :  3.95032e-07
 Reference value :  3.95642e-07
 Reference value :  3.96167e-07
 Reference value :  3.96677e-07
 Reference value :  3.97167e-07
 Reference value :  3.97702e-07
 Reference value :  3.98227e-07
 Reference value :  3.98737e-07
 Reference value :  3.99252e-07
 Reference value :  3.99757e-07
 Reference value :  4.00292e-07
 Reference value :  4.00832e-07
 Reference value :  4.01377e-07
 Reference value :  4.01882e-07
 Reference value :  4.02427e-07
 Reference value :  4.02982e-07
 Reference value :  4.03562e-07
 Reference value :  4.04047e-07
 Reference value :  4.04607e-07
 Reference value :  4.05197e-07
 Reference value :  4.05722e-07
 Reference value :  4.06202e-07
 Reference value :  4.06797e-07
 Reference value :  4.07402e-07
 Reference value :  4.07887e-07
 Reference value :  4.08422e-07
 Reference value :  4.08997e-07
 Reference value :  4.09557e-07
 Reference value :  4.10047e-07
 Reference value :  4.10592e-07
 Reference value :  4.11197e-07
 Reference value :  4.11707e-07
 Reference value :  4.12222e-07
 Reference value :  4.12717e-07
 Reference value :  4.13277e-07
 Reference value :  4.13817e-07
 Reference value :  4.14342e-07
 Reference value :  4.14827e-07
 Reference value :  4.15327e-07
 Reference value :  4.15837e-07
 Reference value :  4.16387e-07
 Reference value :  4.16882e-07
 Reference value :  4.17407e-07
 Reference value :  4.17927e-07
 Reference value :  4.18502e-07
 Reference value :  4.19027e-07
 Reference value :  4.19557e-07
 Reference value :  4.20062e-07
 Reference value :  4.20662e-07
 Reference value :  4.21172e-07
 Reference value :  4.21657e-07
 Reference value :  4.22227e-07
 Reference value :  4.22832e-07
 Reference value :  4.23387e-07
 Reference value :  4.23927e-07
 Reference value :  4.24517e-07
 Reference value :  4.25092e-07
 Reference value :  4.25662e-07
 Reference value :  4.26192e-07
 Reference value :  4.26807e-07
 Reference value :  4.27372e-07
 Reference value :  4.27872e-07
 Reference value :  4.28362e-07
 Reference value :  4.28902e-07
 Reference value :  4.29432e-07
 Reference value :  4.29947e-07
 Reference value :  4.30447e-07
 Reference value :  4.30947e-07
 Reference value :  4.31492e-07
 Reference value :  4.32062e-07
 Reference value :  4.32602e-07
 Reference value :  4.33117e-07
 Reference value :  4.33652e-07
 Reference value :  4.34207e-07
 Reference value :  4.34787e-07
 Reference value :  4.35337e-07
 Reference value :  4.35987e-07
 Reference value :  4.36507e-07
 Reference value :  4.37037e-07
 Reference value :  4.37592e-07
 Reference value :  4.38182e-07
 Reference value :  4.38697e-07
 Reference value :  4.39207e-07
 Reference value :  4.39722e-07
 Reference value :  4.40332e-07
 Reference value :  4.40842e-07
 Reference value :  4.41367e-07
 Reference value :  4.41897e-07
 Reference value :  4.42447e-07
 Reference value :  4.42972e-07
 Reference value :  4.43467e-07
 Reference value :  4.43987e-07
 Reference value :  4.44542e-07
 Reference value :  4.45087e-07
 Reference value :  4.45587e-07
 Reference value :  4.46112e-07
 Reference value :  4.46622e-07
 Reference value :  4.47167e-07
 Reference value :  4.47707e-07
 Reference value :  4.48217e-07
 Reference value :  4.48717e-07
 Reference value :  4.49217e-07
 Reference value :  4.49782e-07
 Reference value :  4.50352e-07
 Reference value :  4.50872e-07
 Reference value :  4.51452e-07
 Reference value :  4.52012e-07
 Reference value :  4.52477e-07
 Reference value :  4.53002e-07
 Reference value :  4.53617e-07
 Reference value :  4.54142e-07
 Reference value :  4.54622e-07
 Reference value :  4.55092e-07
 Reference value :  4.55672e-07
 Reference value :  4.56277e-07
 Reference value :  4.56807e-07
 Reference value :  4.57322e-07
 Reference value :  4.57927e-07
 Reference value :  4.58462e-07
 Reference value :  4.58992e-07
 Reference value :  4.59532e-07
 Reference value :  4.60082e-07
 Reference value :  4.60662e-07
 Reference value :  4.61197e-07
 Reference value :  4.61767e-07
 Reference value :  4.62257e-07
 Reference value :  4.62797e-07
 Reference value :  4.63347e-07
 Reference value :  4.63877e-07
 Reference value :  4.64377e-07
 Reference value :  4.64917e-07
 Reference value :  4.65447e-07
 Reference value :  4.65972e-07
 Reference value :  4.66497e-07
 Reference value :  4.67102e-07
 Reference value :  4.67617e-07
 Reference value :  4.68092e-07
 Reference value :  4.68577e-07
 Reference value :  4.69132e-07
 Reference value :  4.69677e-07
 Reference value :  4.70202e-07
 Reference value :  4.70722e-07
 Reference value :  4.71347e-07
 Reference value :  4.71887e-07
 Reference value :  4.72422e-07
 Reference value :  4.72977e-07
 Reference value :  4.73547e-07
 Reference value :  4.74102e-07
 Reference value :  4.74652e-07
 Reference value :  4.75197e-07
 Reference value :  4.75722e-07
 Reference value :  4.76272e-07
 Reference value :  4.76792e-07
 Reference value :  4.77317e-07
 Reference value :  4.77797e-07
 Reference value :  4.78307e-07
 Reference value :  4.78822e-07
 Reference value :  4.79357e-07
 Reference value :  4.79852e-07
 Reference value :  4.80407e-07
 Reference value :  4.80972e-07
 Reference value :  4.81487e-07
 Reference value :  4.81987e-07
 Reference value :  4.82587e-07
 Reference value :  4.83147e-07
 Reference value :  4.83662e-07
 Reference value :  4.84227e-07
 Reference value :  4.84832e-07
 Reference value :  4.85372e-07
 Reference value :  4.85857e-07
 Reference value :  4.86382e-07
 Reference value :  4.86867e-07
 Reference value :  4.87392e-07
 Reference value :  4.87912e-07
 Reference value :  4.88412e-07
 Reference value :  4.88992e-07
 Reference value :  4.89552e-07
 Reference value :  4.90112e-07
 Reference value :  4.90637e-07
 Reference value :  4.91162e-07
 Reference value :  4.91707e-07
 Reference value :  4.92247e-07
 Reference value :  4.92737e-07
 Reference value :  4.93212e-07
 Reference value :  4.93757e-07
 Reference value :  4.94337e-07
 Reference value :  4.94842e-07
 Reference value :  4.95347e-07
 Reference value :  4.96007e-07
 Reference value :  4.96577e-07
 Reference value :  4.97082e-07
 Reference value :  4.97607e-07
 Reference value :  4.98232e-07
 Reference value :  4.98777e-07
 Reference value :  4.99252e-07
 Reference value :  4.99807e-07
 Reference value :  5.00422e-07
 Reference value :  5.00937e-07
 Reference value :  5.01437e-07
 Reference value :  5.01992e-07
 Reference value :  5.02592e-07
 Reference value :  5.03092e-07
 Reference value :  5.03642e-07
 Reference value :  5.04182e-07
 Reference value :  5.04772e-07
 Reference value :  5.05322e-07
 Reference value :  5.05967e-07
 Reference value :  5.06502e-07
 Reference value :  5.07052e-07
 Reference value :  5.07587e-07
 Reference value :  5.08142e-07
 Reference value :  5.08657e-07
 Reference value :  5.09157e-07
 Reference value :  5.09742e-07
 Reference value :  5.10247e-07
 Reference value :  5.10757e-07
 Reference value :  5.11277e-07
 Reference value :  5.11877e-07
 Reference value :  5.12407e-07
 Reference value :  5.12932e-07
 Reference value :  5.13492e-07
 Reference value :  5.14122e-07
 Reference value :  5.14687e-07
 Reference value :  5.15177e-07
 Reference value :  5.15757e-07
 Reference value :  5.16322e-07
 Reference value :  5.16802e-07
 Reference value :  5.17312e-07
 Reference value :  5.17807e-07
 Reference value :  5.18317e-07
 Reference value :  5.18832e-07
 Reference value :  5.19362e-07
 Reference value :  5.20007e-07
 Reference value :  5.20542e-07
 Reference value :  5.21042e-07
 Reference value :  5.21542e-07
 Reference value :  5.22057e-07
 Reference value :  5.22652e-07
 Reference value :  5.23147e-07
 Reference value :  5.23657e-07
 Reference value :  5.24382e-07
 Reference value :  5.25272e-07
 Reference value :  5.25792e-07
 Reference value :  5.26287e-07
 Reference value :  5.26832e-07
 Reference value :  5.27557e-07
 Reference value :  5.28042e-07
 Reference value :  5.28537e-07
 Reference value :  5.29207e-07
 Reference value :  5.29792e-07
 Reference value :  5.30297e-07
 Reference value :  5.30872e-07
 Reference value :  5.31582e-07
 Reference value :  5.32102e-07
 Reference value :  5.32692e-07
 Reference value :  5.33332e-07
 Reference value :  5.33872e-07
 Reference value :  5.34402e-07
 Reference value :  5.34977e-07
 Reference value :  5.35562e-07
 Reference value :  5.36102e-07
 Reference value :  5.36682e-07
 Reference value :  5.37327e-07
 Reference value :  5.38067e-07
 Reference value :  5.38582e-07
 Reference value :  5.39217e-07
 Reference value :  5.39832e-07
 Reference value :  5.40467e-07
 Reference value :  5.41022e-07
 Reference value :  5.41592e-07
 Reference value :  5.42152e-07
 Reference value :  5.43032e-07
 Reference value :  5.43617e-07
 Reference value :  5.44157e-07
 Reference value :  5.44767e-07
 Reference value :  5.45482e-07
 Reference value :  5.45997e-07
 Reference value :  5.46537e-07
 Reference value :  5.47282e-07
 Reference value :  5.47782e-07
 Reference value :  5.48257e-07
 Reference value :  5.48877e-07
 Reference value :  5.49547e-07
 Reference value :  5.50042e-07
 Reference value :  5.50562e-07
 Reference value :  5.51212e-07
 Reference value :  5.51842e-07
 Reference value :  5.52352e-07
 Reference value :  5.52947e-07
 Reference value :  5.53497e-07
 Reference value :  5.54152e-07
 Reference value :  5.54667e-07
 Reference value :  5.55262e-07
 Reference value :  5.55837e-07
 Reference value :  5.56542e-07
 Reference value :  5.57112e-07
 Reference value :  5.57727e-07
 Reference value :  5.58302e-07
 Reference value :  5.58832e-07
 Reference value :  5.59412e-07
 Reference value :  5.59932e-07
 Reference value :  5.60512e-07
 Reference value :  5.61172e-07
 Reference value :  5.61717e-07
 Reference value :  5.62267e-07
 Reference value :  5.62837e-07
 Reference value :  5.63442e-07
 Reference value :  5.63932e-07
 Reference value :  5.64517e-07
 Reference value :  5.65012e-07
 Reference value :  5.65562e-07
 Reference value :  5.66107e-07
 Reference value :  5.66667e-07
 Reference value :  5.67322e-07
 Reference value :  5.67982e-07
 Reference value :  5.68577e-07
 Reference value :  5.69152e-07
 Reference value :  5.69842e-07
 Reference value :  5.70402e-07
 Reference value :  5.71157e-07
 Reference value :  5.71767e-07
 Reference value :  5.72507e-07
 Reference value :  5.73067e-07
 Reference value :  5.73812e-07
 Reference value :  5.74342e-07
 Reference value :  5.74967e-07
 Reference value :  5.75567e-07
 Reference value :  5.76327e-07
 Reference value :  5.76887e-07
 Reference value :  5.77412e-07
 Reference value :  5.77967e-07
 Reference value :  5.78692e-07
 Reference value :  5.79192e-07
 Reference value :  5.79857e-07
 Reference value :  5.80367e-07
 Reference value :  5.80952e-07
 Reference value :  5.81602e-07
 Reference value :  5.82097e-07
 Reference value :  5.82642e-07
 Reference value :  5.83147e-07
 Reference value :  5.83712e-07
 Reference value :  5.84297e-07
 Reference value :  5.84782e-07
 Reference value :  5.85382e-07
 Reference value :  5.85897e-07
 Reference value :  5.86457e-07
 Reference value :  5.87052e-07
 Reference value :  5.87692e-07
 Reference value :  5.88217e-07
 Reference value :  5.88787e-07
 Reference value :  5.89387e-07
 Reference value :  5.89932e-07
 Reference value :  5.90417e-07
 Reference value :  5.91057e-07
 Reference value :  5.91647e-07
 Reference value :  5.92182e-07
 Reference value :  5.92797e-07
 Reference value :  5.93427e-07
 Reference value :  5.94132e-07
 Reference value :  5.94662e-07
 Reference value :  5.95262e-07
 Reference value :  5.95957e-07
 Reference value :  5.96502e-07
 Reference value :  5.97002e-07
 Reference value :  5.97547e-07
 Reference value :  5.98167e-07
 Reference value :  5.98682e-07
 Reference value :  5.99222e-07
 Reference value :  5.99727e-07
 Reference value :  6.00357e-07
 Reference value :  6.00998e-07
 Reference value :  6.01568e-07
 Reference value :  6.02203e-07
 Reference value :  6.02803e-07
 Reference value :  6.03488e-07
 Reference value :  6.04023e-07
 Reference value :  6.04613e-07
 Reference value :  6.05363e-07
 Reference value :  6.06263e-07
 Reference value :  6.07053e-07
 Reference value :  6.07858e-07
 Reference value :  6.08478e-07
 Reference value :  6.09058e-07
 Reference value :  6.09598e-07
 Reference value :  6.10098e-07
 Reference value :  6.10638e-07
 Reference value :  6.11213e-07
 Reference value :  6.11778e-07
 Reference value :  6.12273e-07
 Reference value :  6.12788e-07
 Reference value :  6.13288e-07
 Reference value :  6.13818e-07
 Reference value :  6.14333e-07
 Reference value :  6.14848e-07
 Reference value :  6.15328e-07
 Reference value :  6.15823e-07
 Reference value :  6.16398e-07
 Reference value :  6.16893e-07
 Reference value :  6.17358e-07
 Reference value :  6.17848e-07
 Reference value :  6.18378e-07
 Reference value :  6.18868e-07
 Reference value :  6.19348e-07
 Reference value :  6.19863e-07
 Reference value :  6.20403e-07
 Reference value :  6.20953e-07
 Reference value :  6.21448e-07
 Reference value :  6.21963e-07
 Reference value :  6.22493e-07
 Reference value :  6.23028e-07
 Reference value :  6.23583e-07
 Reference value :  6.24143e-07
 Reference value :  6.24793e-07
 Reference value :  6.25363e-07
 Reference value :  6.25958e-07
 Reference value :  6.26608e-07
 Reference value :  6.27143e-07
 Reference value :  6.27658e-07
 Reference value :  6.28178e-07
 Reference value :  6.28668e-07
 Reference value :  6.29208e-07
 Reference value :  6.29763e-07
 Reference value :  6.30378e-07
 Reference value :  6.30978e-07
 Reference value :  6.31488e-07
 Reference value :  6.32168e-07
 Reference value :  6.32718e-07
 Reference value :  6.33398e-07
 Reference value :  6.33993e-07
 Reference value :  6.34618e-07
 Reference value :  6.35218e-07
 Reference value :  6.35818e-07
 Reference value :  6.36378e-07
 Reference value :  6.36888e-07
 Reference value :  6.37443e-07
 Reference value :  6.38078e-07
 Reference value :  6.38653e-07
 Reference value :  6.39208e-07
 Reference value :  6.39743e-07
 Reference value :  6.40393e-07
 Reference value :  6.40933e-07
 Reference value :  6.41578e-07
 Reference value :  6.42163e-07
 Reference value :  6.42693e-07
 Reference value :  6.43238e-07
 Reference value :  6.43758e-07
 Reference value :  6.44253e-07
 Reference value :  6.44768e-07
 Reference value :  6.45308e-07
 Reference value :  6.45858e-07
 Reference value :  6.46343e-07
 Reference value :  6.46913e-07
 Reference value :  6.47483e-07
 Reference value :  6.48043e-07
 Reference value :  6.48503e-07
 Reference value :  6.49003e-07
 Reference value :  6.49508e-07
 Reference value :  6.50073e-07
 Reference value :  6.50683e-07
 Reference value :  6.51113e-07
 Reference value :  6.51678e-07
 Reference value :  6.52143e-07
 Reference value :  6.52663e-07
 Reference value :  6.53258e-07
 Reference value :  6.53803e-07
 Reference value :  6.54318e-07
 Reference value :  6.54823e-07
 Reference value :  6.55403e-07
 Reference value :  6.55953e-07
 Reference value :  6.56473e-07
 Reference value :  6.56988e-07
 Reference value :  6.57583e-07
 Reference value :  6.58188e-07
 Reference value :  6.58753e-07
 Reference value :  6.59358e-07
 Reference value :  6.59923e-07
 Reference value :  6.60508e-07
 Reference value :  6.61073e-07
 Reference value :  6.61628e-07
 Reference value :  6.62243e-07
 Reference value :  6.62803e-07
 Reference value :  6.63378e-07
 Reference value :  6.64013e-07
 Reference value :  6.64598e-07
 Reference value :  6.65158e-07
 Reference value :  6.65788e-07
 Reference value :  6.66373e-07
 Reference value :  6.66948e-07
 Reference value :  6.67533e-07
 Reference value :  6.68128e-07
 Reference value :  6.68708e-07
 Reference value :  6.69373e-07
 Reference value :  6.69938e-07
 Reference value :  6.70453e-07
 Reference value :  6.71033e-07
 Reference value :  6.71613e-07
 Reference value :  6.72138e-07
 Reference value :  6.72688e-07
 Reference value :  6.73248e-07
 Reference value :  6.73758e-07
 Reference value :  6.74273e-07
 Reference value :  6.74883e-07
 Reference value :  6.75398e-07
 Reference value :  6.75888e-07
 Reference value :  6.76458e-07
 Reference value :  6.77038e-07
 Reference value :  6.77588e-07
 Reference value :  6.78163e-07
 Reference value :  6.78693e-07
 Reference value :  6.79218e-07
 Reference value :  6.79803e-07
 Reference value :  6.80378e-07
 Reference value :  6.80888e-07
 Reference value :  6.81383e-07
 Reference value :  6.81908e-07
 Reference value :  6.82423e-07
 Reference value :  6.82973e-07
 Reference value :  6.83468e-07
 Reference value :  6.83993e-07
 Reference value :  6.84493e-07
 Reference value :  6.85048e-07
 Reference value :  6.85543e-07
 Reference value :  6.86038e-07
 Reference value :  6.86543e-07
 Reference value :  6.87108e-07
 Reference value :  6.87623e-07
 Reference value :  6.88188e-07
 Reference value :  6.88768e-07
 Reference value :  6.89323e-07
 Reference value :  6.89833e-07
 Reference value :  6.90373e-07
 Reference value :  6.90938e-07
 Reference value :  6.91553e-07
 Reference value :  6.92088e-07
 Reference value :  6.92668e-07
 Reference value :  6.93193e-07
 Reference value :  6.93728e-07
 Reference value :  6.94223e-07
 Reference value :  6.94778e-07
 Reference value :  6.95343e-07
 Reference value :  6.95868e-07
 Reference value :  6.96443e-07
 Reference value :  6.96943e-07
 Reference value :  6.97503e-07
 Reference value :  6.98068e-07
 Reference value :  6.98608e-07
 Reference value :  6.99138e-07
 Reference value :  6.99663e-07
 Reference value :  7.00253e-07
 Reference value :  7.00763e-07
 Reference value :  7.01288e-07
 Reference value :  7.01813e-07
 Reference value :  7.02418e-07
 Reference value :  7.02913e-07
 Reference value :  7.03533e-07
 Reference value :  7.04088e-07
 Reference value :  7.04638e-07
 Reference value :  7.05133e-07
 Reference value :  7.05758e-07
 Reference value :  7.06258e-07
 Reference value :  7.06723e-07
 Reference value :  7.07228e-07
 Reference value :  7.07783e-07
 Reference value :  7.08348e-07
 Reference value :  7.08953e-07
 Reference value :  7.09468e-07
 Reference value :  7.10008e-07
 Reference value :  7.10523e-07
 Reference value :  7.11058e-07
 Reference value :  7.11618e-07
 Reference value :  7.12153e-07
 Reference value :  7.12653e-07
 Reference value :  7.13208e-07
 Reference value :  7.13753e-07
 Reference value :  7.14253e-07
 Reference value :  7.14748e-07
 Reference value :  7.15243e-07
 Reference value :  7.15728e-07
 Reference value :  7.16268e-07
 Reference value :  7.16763e-07
 Reference value :  7.17343e-07
 Reference value :  7.17928e-07
 Reference value :  7.18453e-07
 Reference value :  7.18948e-07
 Reference value :  7.19538e-07
 Reference value :  7.20103e-07
 Reference value :  7.20643e-07
 Reference value :  7.21103e-07
 Reference value :  7.21628e-07
 Reference value :  7.22218e-07
 Reference value :  7.22783e-07
 Reference value :  7.23383e-07
 Reference value :  7.23913e-07
 Reference value :  7.24453e-07
 Reference value :  7.24968e-07
 Reference value :  7.25553e-07
 Reference value :  7.26068e-07
 Reference value :  7.26618e-07
 Reference value :  7.27178e-07
 Reference value :  7.27688e-07
 Reference value :  7.28193e-07
 Reference value :  7.28728e-07
 Reference value :  7.29253e-07
 Reference value :  7.29758e-07
 Reference value :  7.30288e-07
 Reference value :  7.30828e-07
 Reference value :  7.31353e-07
 Reference value :  7.31918e-07
 Reference value :  7.32443e-07
 Reference value :  7.33008e-07
 Reference value :  7.33568e-07
 Reference value :  7.34063e-07
 Reference value :  7.34628e-07
 Reference value :  7.35218e-07
 Reference value :  7.35738e-07
 Reference value :  7.36248e-07
 Reference value :  7.36858e-07
 Reference value :  7.37438e-07
 Reference value :  7.37953e-07
 Reference value :  7.38453e-07
 Reference value :  7.39048e-07
 Reference value :  7.39578e-07
 Reference value :  7.40123e-07
 Reference value :  7.40708e-07
 Reference value :  7.41288e-07
 Reference value :  7.41803e-07
 Reference value :  7.42378e-07
 Reference value :  7.42953e-07
 Reference value :  7.43488e-07
 Reference value :  7.44013e-07
 Reference value :  7.44623e-07
 Reference value :  7.45173e-07
 Reference value :  7.45663e-07
 Reference value :  7.46183e-07
 Reference value :  7.46713e-07
 Reference value :  7.47258e-07
 Reference value :  7.47758e-07
 Reference value :  7.48278e-07
 Reference value :  7.48908e-07
 Reference value :  7.49418e-07
 Reference value :  7.49938e-07
 Reference value :  7.50513e-07
 Reference value :  7.51118e-07
 Reference value :  7.51673e-07
 Reference value :  7.52278e-07
 Reference value :  7.52898e-07
 Reference value :  7.53458e-07
 Reference value :  7.53958e-07
 Reference value :  7.54433e-07
 Reference value :  7.54933e-07
 Reference value :  7.55443e-07
 Reference value :  7.55953e-07
 Reference value :  7.56433e-07
 Reference value :  7.56908e-07
 Reference value :  7.57428e-07
 Reference value :  7.57978e-07
 Reference value :  7.58468e-07
 Reference value :  7.58973e-07
 Reference value :  7.59458e-07
 Reference value :  7.59973e-07
 Reference value :  7.60498e-07
 Reference value :  7.60983e-07
 Reference value :  7.61483e-07
 Reference value :  7.62033e-07
 Reference value :  7.62538e-07
 Reference value :  7.63008e-07
 Reference value :  7.63528e-07
 Reference value :  7.64108e-07
 Reference value :  7.64608e-07
 Reference value :  7.65083e-07
 Reference value :  7.65583e-07
 Reference value :  7.66113e-07
 Reference value :  7.66638e-07
 Reference value :  7.67163e-07
 Reference value :  7.67678e-07
 Reference value :  7.68188e-07
 Reference value :  7.68733e-07
 Reference value :  7.69238e-07
 Reference value :  7.69718e-07
 Reference value :  7.70268e-07
 Reference value :  7.70758e-07
 Reference value :  7.71313e-07
 Reference value :  7.71833e-07
 Reference value :  7.72413e-07
 Reference value :  7.72923e-07
 Reference value :  7.73488e-07
 Reference value :  7.74043e-07
 Reference value :  7.74548e-07
 Reference value :  7.75058e-07
 Reference value :  7.75653e-07
 Reference value :  7.76173e-07
 Reference value :  7.76688e-07
 Reference value :  7.77193e-07
 Reference value :  7.77798e-07
 Reference value :  7.78323e-07
 Reference value :  7.78803e-07
 Reference value :  7.79323e-07
 Reference value :  7.79853e-07
 Reference value :  7.80368e-07
 Reference value :  7.80843e-07
 Reference value :  7.81343e-07
 Reference value :  7.81878e-07
 Reference value :  7.82398e-07
 Reference value :  7.82918e-07
 Reference value :  7.83423e-07
 Reference value :  7.84003e-07
 Reference value :  7.84523e-07
 Reference value :  7.84988e-07
 Reference value :  7.85448e-07
 Reference value :  7.85933e-07
 Reference value :  7.86453e-07
 Reference value :  7.86928e-07
 Reference value :  7.87423e-07
 Reference value :  7.87908e-07
 Reference value :  7.88433e-07
 Reference value :  7.88973e-07
 Reference value :  7.89488e-07
 Reference value :  7.89958e-07
 Reference value :  7.90458e-07
 Reference value :  7.90983e-07
 Reference value :  7.91518e-07
 Reference value :  7.91968e-07
 Reference value :  7.92463e-07
 Reference value :  7.93068e-07
 Reference value :  7.93583e-07
 Reference value :  7.94068e-07
 Reference value :  7.94613e-07
 Reference value :  7.95258e-07
 Reference value :  7.95823e-07
 Reference value :  7.96343e-07
 Reference value :  7.96878e-07
 Reference value :  7.97488e-07
 Reference value :  7.98068e-07
 Reference value :  7.98623e-07
 Reference value :  7.99163e-07
 Reference value :  7.99698e-07
No. of Data Rows : 160024
pt1a                =  1.29403e-08
pt1b                =  6.56885e-08
pt2a                =  1.25922e-08
pt2b                =  6.28226e-08
pt3a                =  1.23375e-08
pt3b                =  6.03546e-08
pt4a                =  1.21262e-08
pt4b                =  5.84649e-08
pvxo_max            =  2.04112e+00 at=  4.42547e-07
pvxo_min            =  -4.54044e-02 at=  7.70383e-07
ptxo_a              =  1.08322e-08
ptxo_b              =  8.81974e-08
ptt1a               =  1.28661e-08
ptt1b               =  1.56398e-07
pvxo_avg            =  1.05236e+00 from=  1.00000e-07 to=  8.00000e-07
pvt1_avg            =  9.35023e-01 from=  1.00000e-07 to=  8.00000e-07
pi1                 =  -1.74723e-05 from=  1.00000e-07 to=  8.00000e-07
pi2                 =  -1.82313e-05 from=  1.00000e-07 to=  8.00000e-07
pi3                 =  -1.89637e-05 from=  1.00000e-07 to=  8.00000e-07
pi4                 =  -1.96427e-05 from=  1.00000e-07 to=  8.00000e-07
pib                 =  -1.47897e-04 from=  1.00000e-07 to=  8.00000e-07
t1a                 =  1.12847e-08
t1b                 =  3.50790e-08
t2a                 =  8.68639e-09
t2b                 =  3.08911e-08
t3a                 =  1.05619e-08
t3b                 =  3.13288e-08
t4a                 =  1.02493e-08
t4b                 =  2.96576e-08
vxo_max             =  2.12922e+00 at=  6.67963e-07
vxo_min             =  -1.26591e-01 at=  5.76592e-07
txo_a               =  7.64819e-09
txo_b               =  4.59931e-08
tt1a                =  8.79242e-09
tt1b                =  7.89046e-08
vxo_avg             =  1.01334e+00 from=  1.00000e-07 to=  8.00000e-07
vt1_avg             =  9.48852e-01 from=  1.00000e-07 to=  8.00000e-07
i1                  =  -2.04617e-05 from=  1.00000e-07 to=  8.00000e-07
i2                  =  -2.14798e-05 from=  1.00000e-07 to=  8.00000e-07
i3                  =  -2.24888e-05 from=  1.00000e-07 to=  8.00000e-07
i4                  =  -2.35138e-05 from=  1.00000e-07 to=  8.00000e-07
ib                  =  -1.51585e-04 from=  1.00000e-07 to=  8.00000e-07
p_tr1 = 5.274817e-09
p_tr2 = 5.023031e-09
p_tr3 = 4.801708e-09
p_tr4 = 4.633870e-09
p_skew_span = 1.138318e+00
p_f_ideal = 8.127246e+08
p_f_xo = 6.204339e+08
p_edge_retention = 7.634000e-01
p_retention_n2 = 8.604369e-01
p_retention_n4 = 7.634000e-01
p_bias_t1 = 4.722337e-01
p_bias_xo = 5.314960e-01
p_swing_frac_xo = 1.053798e+00
p_i_rings = 7.430998e-05
p_i_block = 1.478971e-04
p_i_array_total = 2.222071e-04
p_p_array_total = 4.399700e-04
tr1 = 2.379434e-09
tr2 = 2.220470e-09
tr3 = 2.076683e-09
tr4 = 1.940833e-09
skew_span = 1.225986e+00
f_ideal = 1.867403e+09
f_xo = 1.251796e+09
edge_retention = 6.703404e-01
retention_n2 = 7.863529e-01
retention_n4 = 6.703404e-01
bias_t1 = 4.792184e-01
bias_xo = 5.117859e-01
swing_frac_xo = 1.139298e+00
i_rings = 8.794411e-05
i_block = 1.515854e-04
i_array_total = 2.395295e-04
p_array_total_pre = 4.742684e-04
slowdown_r1 = 2.216837e+00
slowdown_r2 = 2.262147e+00
slowdown_r3 = 2.312201e+00
slowdown_r4 = 2.387568e+00
Note: Simulation executed from .control section 

----- stderr -----

Checking parameters for BSIM 4.5 model xctl.xa3.xmn4:nshort_model.40
Warning: Eta0 = -0.00908636 is negative.

Checking parameters for BSIM 4.5 model xctl.xa3.xmn3:nshort_model.40
Warning: Eta0 = -0.00908636 is negative.

Checking parameters for BSIM 4.5 model xctl.xa3.xmn2:nshort_model.40
Warning: Eta0 = -0.00908636 is negative.

Checking parameters for BSIM 4.5 model xctl.xa3.xmn1:nshort_model.40
Warning: Eta0 = -0.00908636 is negative.

Checking parameters for BSIM 4.5 model xctl.xa3.xmp4:pshort_model.32
Warning: A2 = 1.14662 is larger than 1. A2 is set to 1 and A1 is set to 0.
Warning: Pdibl1 = -0.0493749 is negative.
Warning: Pdibl2 = -0.000925472 is negative.

Checking parameters for BSIM 4.5 model xctl.xa3.xmp3:pshort_model.32
Warning: A2 = 1.14662 is larger than 1. A2 is set to 1 and A1 is set to 0.
Warning: Pdibl1 = -0.0493749 is negative.
Warning: Pdibl2 = -0.000925472 is negative.

Checking parameters for BSIM 4.5 model xctl.xa3.xmp2:pshort_model.32
Warning: A2 = 1.14662 is larger than 1. A2 is set to 1 and A1 is set to 0.
Warning: Pdibl1 = -0.0493749 is negative.
Warning: Pdibl2 = -0.000925472 is negative.

Checking parameters for BSIM 4.5 model xctl.xa3.xmp1:pshort_model.32
Warning: A2 = 1.14662 is larger than 1. A2 is set to 1 and A1 is set to 0.
Warning: Pdibl1 = -0.0493749 is negative.
Warning: Pdibl2 = -0.000925472 is negative.

Checking parameters for BSIM 4.5 model xctl.xa3.xmnib:nshort_model.48
Warning: Eta0 = -0.0261666 is negative.

Checking parameters for BSIM 4.5 model xctl.xa3.xmpib:pshort_model.40
Warning: A2 = 1.0885 is larger than 1. A2 is set to 1 and A1 is set to 0.
Warning: Pdibl1 = -0.00669442 is negative.

Checking parameters for BSIM 4.5 model xctl.xa3.xmnia:nshort_model.48
Warning: Eta0 = -0.0261666 is negative.

Checking parameters for BSIM 4.5 model xctl.xa3.xmpia:pshort_model.40
Warning: A2 = 1.0885 is larger than 1. A2 is set to 1 and A1 is set to 0.
Warning: Pdibl1 = -0.00669442 is negative.

Checking parameters for BSIM 4.5 model xctl.xa2.xmn4:nshort_model.40
Warning: Eta0 = -0.00908636 is negative.

Checking parameters for BSIM 4.5 model xctl.xa2.xmn3:nshort_model.40
Warning: Eta0 = -0.00908636 is negative.

Checking parameters for BSIM 4.5 model xctl.xa2.xmn2:nshort_model.40
Warning: Eta0 = -0.00908636 is negative.

Checking parameters for BSIM 4.5 model xctl.xa2.xmn1:nshort_model.40
Warning: Eta0 = -0.00908636 is negative.

Checking parameters for BSIM 4.5 model xctl.xa2.xmp4:pshort_model.32
Warning: A2 = 1.14662 is larger than 1. A2 is set to 1 and A1 is set to 0.
Warning: Pdibl1 = -0.0493749 is negative.
Warning: Pdibl2 = -0.000925472 is negative.

Checking parameters for BSIM 4.5 model xctl.xa2.xmp3:pshort_model.32
Warning: A2 = 1.14662 is larger than 1. A2 is set to 1 and A1 is set to 0.
Warning: Pdibl1 = -0.0493749 is negative.
Warning: Pdibl2 = -0.000925472 is negative.

Checking parameters for BSIM 4.5 model xctl.xa2.xmp2:pshort_model.32
Warning: A2 = 1.14662 is larger than 1. A2 is set to 1 and A1 is set to 0.
Warning: Pdibl1 = -0.0493749 is negative.
Warning: Pdibl2 = -0.000925472 is negative.

Checking parameters for BSIM 4.5 model xctl.xa2.xmp1:pshort_model.32
Warning: A2 = 1.14662 is larger than 1. A2 is set to 1 and A1 is set to 0.
Warning: Pdibl1 = -0.0493749 is negative.
Warning: Pdibl2 = -0.000925472 is negative.

Checking parameters for BSIM 4.5 model xctl.xa2.xmnib:nshort_model.48
Warning: Eta0 = -0.0261666 is negative.

Checking parameters for BSIM 4.5 model xctl.xa2.xmpib:pshort_model.40
Warning: A2 = 1.0885 is larger than 1. A2 is set to 1 and A1 is set to 0.
Warning: Pdibl1 = -0.00669442 is negative.

Checking parameters for BSIM 4.5 model xctl.xa2.xmnia:nshort_model.48
Warning: Eta0 = -0.0261666 is negative.

Checking parameters for BSIM 4.5 model xctl.xa2.xmpia:pshort_model.40
Warning: A2 = 1.0885 is larger than 1. A2 is set to 1 and A1 is set to 0.
Warning: Pdibl1 = -0.00669442 is negative.

Checking parameters for BSIM 4.5 model xctl.xa1.xmn4:nshort_model.40
Warning: Eta0 = -0.00908636 is negative.

Checking parameters for BSIM 4.5 model xctl.xa1.xmn3:nshort_model.40
Warning: Eta0 = -0.00908636 is negative.

Checking parameters for BSIM 4.5 model xctl.xa1.xmn2:nshort_model.40
Warning: Eta0 = -0.00908636 is negative.

Checking parameters for BSIM 4.5 model xctl.xa1.xmn1:nshort_model.40
Warning: Eta0 = -0.00908636 is negative.

Checking parameters for BSIM 4.5 model xctl.xa1.xmp4:pshort_model.32
Warning: A2 = 1.14662 is larger than 1. A2 is set to 1 and A1 is set to 0.
Warning: Pdibl1 = -0.0493749 is negative.
Warning: Pdibl2 = -0.000925472 is negative.

Checking parameters for BSIM 4.5 model xctl.xa1.xmp3:pshort_model.32
Warning: A2 = 1.14662 is larger than 1. A2 is set to 1 and A1 is set to 0.
Warning: Pdibl1 = -0.0493749 is negative.
Warning: Pdibl2 = -0.000925472 is negative.

Checking parameters for BSIM 4.5 model xctl.xa1.xmp2:pshort_model.32
Warning: A2 = 1.14662 is larger than 1. A2 is set to 1 and A1 is set to 0.
Warning: Pdibl1 = -0.0493749 is negative.
Warning: Pdibl2 = -0.000925472 is negative.

Checking parameters for BSIM 4.5 model xctl.xa1.xmp1:pshort_model.32
Warning: A2 = 1.14662 is larger than 1. A2 is set to 1 and A1 is set to 0.
Warning: Pdibl1 = -0.0493749 is negative.
Warning: Pdibl2 = -0.000925472 is negative.

Checking parameters for BSIM 4.5 model xctl.xa1.xmnib:nshort_model.48
Warning: Eta0 = -0.0261666 is negative.

Checking parameters for BSIM 4.5 model xctl.xa1.xmpib:pshort_model.40
Warning: A2 = 1.0885 is larger than 1. A2 is set to 1 and A1 is set to 0.
Warning: Pdibl1 = -0.00669442 is negative.

Checking parameters for BSIM 4.5 model xctl.xa1.xmnia:nshort_model.48
Warning: Eta0 = -0.0261666 is negative.

Checking parameters for BSIM 4.5 model xctl.xa1.xmpia:pshort_model.40
Warning: A2 = 1.0885 is larger than 1. A2 is set to 1 and A1 is set to 0.
Warning: Pdibl1 = -0.00669442 is negative.

Checking parameters for BSIM 4.5 model xctl.xb4.xmn:nshort_model.48
Warning: Eta0 = -0.0261666 is negative.

Checking parameters for BSIM 4.5 model xctl.xb4.xmp:pshort_model.40
Warning: A2 = 1.0885 is larger than 1. A2 is set to 1 and A1 is set to 0.
Warning: Pdibl1 = -0.00669442 is negative.

Checking parameters for BSIM 4.5 model xctl.xb3.xmn:nshort_model.48
Warning: Eta0 = -0.0261666 is negative.

Checking parameters for BSIM 4.5 model xctl.xb3.xmp:pshort_model.40
Warning: A2 = 1.0885 is larger than 1. A2 is set to 1 and A1 is set to 0.
Warning: Pdibl1 = -0.00669442 is negative.

Checking parameters for BSIM 4.5 model xctl.xb2.xmn:nshort_model.48
Warning: Eta0 = -0.0261666 is negative.

Checking parameters for BSIM 4.5 model xctl.xb2.xmp:pshort_model.40
Warning: A2 = 1.0885 is larger than 1. A2 is set to 1 and A1 is set to 0.
Warning: Pdibl1 = -0.00669442 is negative.

Checking parameters for BSIM 4.5 model xctl.xb1.xmn:nshort_model.48
Warning: Eta0 = -0.0261666 is negative.

Checking parameters for BSIM 4.5 model xctl.xb1.xmp:pshort_model.40
Warning: A2 = 1.0885 is larger than 1. A2 is set to 1 and A1 is set to 0.
Warning: Pdibl1 = -0.00669442 is negative.

Checking parameters for BSIM 4.5 model xctl.xr4.x4.xmn:nshort_model.48
Warning: Eta0 = -0.0261666 is negative.

Checking parameters for BSIM 4.5 model xctl.xr4.x4.xmp:pshort_model.40
Warning: A2 = 1.0885 is larger than 1. A2 is set to 1 and A1 is set to 0.
Warning: Pdibl1 = -0.00669442 is negative.

Checking parameters for BSIM 4.5 model xctl.xr4.x3.xmn:nshort_model.48
Warning: Eta0 = -0.0261666 is negative.

Checking parameters for BSIM 4.5 model xctl.xr4.x3.xmp:pshort_model.40
Warning: A2 = 1.0885 is larger than 1. A2 is set to 1 and A1 is set to 0.
Warning: Pdibl1 = -0.00669442 is negative.

Checking parameters for BSIM 4.5 model xctl.xr4.x2.xmn:nshort_model.48
Warning: Eta0 = -0.0261666 is negative.

Checking parameters for BSIM 4.5 model xctl.xr4.x2.xmp:pshort_model.40
Warning: A2 = 1.0885 is larger than 1. A2 is set to 1 and A1 is set to 0.
Warning: Pdibl1 = -0.00669442 is negative.

Checking parameters for BSIM 4.5 model xctl.xr4.x1.xmn:nshort_model.48
Warning: Eta0 = -0.0261666 is negative.

Checking parameters for BSIM 4.5 model xctl.xr4.x1.xmp:pshort_model.40
Warning: A2 = 1.0885 is larger than 1. A2 is set to 1 and A1 is set to 0.
Warning: Pdibl1 = -0.00669442 is negative.

Checking parameters for BSIM 4.5 model xctl.xr4.xg.xmnb:nshort_model.40
Warning: Eta0 = -0.00908636 is negative.

Checking parameters for BSIM 4.5 model xctl.xr4.xg.xmna:nshort_model.40
Warning: Eta0 = -0.00908636 is negative.

Checking parameters for BSIM 4.5 model xctl.xr4.xg.xmpb:pshort_model.40
Warning: A2 = 1.0885 is larger than 1. A2 is set to 1 and A1 is set to 0.
Warning: Pdibl1 = -0.00669442 is negative.

Checking parameters for BSIM 4.5 model xctl.xr4.xg.xmpa:pshort_model.40
Warning: A2 = 1.0885 is larger than 1. A2 is set to 1 and A1 is set to 0.
Warning: Pdibl1 = -0.00669442 is negative.

Checking parameters for BSIM 4.5 model xctl.xr3.x4.xmn:nshort_model.48
Warning: Eta0 = -0.0261666 is negative.

Checking parameters for BSIM 4.5 model xctl.xr3.x4.xmp:pshort_model.40
Warning: A2 = 1.0885 is larger than 1. A2 is set to 1 and A1 is set to 0.
Warning: Pdibl1 = -0.00669442 is negative.

Checking parameters for BSIM 4.5 model xctl.xr3.x3.xmn:nshort_model.48
Warning: Eta0 = -0.0261666 is negative.

Checking parameters for BSIM 4.5 model xctl.xr3.x3.xmp:pshort_model.40
Warning: A2 = 1.0885 is larger than 1. A2 is set to 1 and A1 is set to 0.
Warning: Pdibl1 = -0.00669442 is negative.

Checking parameters for BSIM 4.5 model xctl.xr3.x2.xmn:nshort_model.48
Warning: Eta0 = -0.0261666 is negative.

Checking parameters for BSIM 4.5 model xctl.xr3.x2.xmp:pshort_model.40
Warning: A2 = 1.0885 is larger than 1. A2 is set to 1 and A1 is set to 0.
Warning: Pdibl1 = -0.00669442 is negative.

Checking parameters for BSIM 4.5 model xctl.xr3.x1.xmn:nshort_model.48
Warning: Eta0 = -0.0261666 is negative.

Checking parameters for BSIM 4.5 model xctl.xr3.x1.xmp:pshort_model.40
Warning: A2 = 1.0885 is larger than 1. A2 is set to 1 and A1 is set to 0.
Warning: Pdibl1 = -0.00669442 is negative.

Checking parameters for BSIM 4.5 model xctl.xr3.xg.xmnb:nshort_model.40
Warning: Eta0 = -0.00908636 is negative.

Checking parameters for BSIM 4.5 model xctl.xr3.xg.xmna:nshort_model.40
Warning: Eta0 = -0.00908636 is negative.

Checking parameters for BSIM 4.5 model xctl.xr3.xg.xmpb:pshort_model.40
Warning: A2 = 1.0885 is larger than 1. A2 is set to 1 and A1 is set to 0.
Warning: Pdibl1 = -0.00669442 is negative.

Checking parameters for BSIM 4.5 model xctl.xr3.xg.xmpa:pshort_model.40
Warning: A2 = 1.0885 is larger than 1. A2 is set to 1 and A1 is set to 0.
Warning: Pdibl1 = -0.00669442 is negative.

Checking parameters for BSIM 4.5 model xctl.xr2.x4.xmn:nshort_model.48
Warning: Eta0 = -0.0261666 is negative.

Checking parameters for BSIM 4.5 model xctl.xr2.x4.xmp:pshort_model.40
Warning: A2 = 1.0885 is larger than 1. A2 is set to 1 and A1 is set to 0.
Warning: Pdibl1 = -0.00669442 is negative.

Checking parameters for BSIM 4.5 model xctl.xr2.x3.xmn:nshort_model.48
Warning: Eta0 = -0.0261666 is negative.

Checking parameters for BSIM 4.5 model xctl.xr2.x3.xmp:pshort_model.40
Warning: A2 = 1.0885 is larger than 1. A2 is set to 1 and A1 is set to 0.
Warning: Pdibl1 = -0.00669442 is negative.

Checking parameters for BSIM 4.5 model xctl.xr2.x2.xmn:nshort_model.48
Warning: Eta0 = -0.0261666 is negative.

Checking parameters for BSIM 4.5 model xctl.xr2.x2.xmp:pshort_model.40
Warning: A2 = 1.0885 is larger than 1. A2 is set to 1 and A1 is set to 0.
Warning: Pdibl1 = -0.00669442 is negative.

Checking parameters for BSIM 4.5 model xctl.xr2.x1.xmn:nshort_model.48
Warning: Eta0 = -0.0261666 is negative.

Checking parameters for BSIM 4.5 model xctl.xr2.x1.xmp:pshort_model.40
Warning: A2 = 1.0885 is larger than 1. A2 is set to 1 and A1 is set to 0.
Warning: Pdibl1 = -0.00669442 is negative.

Checking parameters for BSIM 4.5 model xctl.xr2.xg.xmnb:nshort_model.40
Warning: Eta0 = -0.00908636 is negative.

Checking parameters for BSIM 4.5 model xctl.xr2.xg.xmna:nshort_model.40
Warning: Eta0 = -0.00908636 is negative.

Checking parameters for BSIM 4.5 model xctl.xr2.xg.xmpb:pshort_model.40
Warning: A2 = 1.0885 is larger than 1. A2 is set to 1 and A1 is set to 0.
Warning: Pdibl1 = -0.00669442 is negative.

Checking parameters for BSIM 4.5 model xctl.xr2.xg.xmpa:pshort_model.40
Warning: A2 = 1.0885 is larger than 1. A2 is set to 1 and A1 is set to 0.
Warning: Pdibl1 = -0.00669442 is negative.

Checking parameters for BSIM 4.5 model xctl.xr1.x4.xmn:nshort_model.48
Warning: Eta0 = -0.0261666 is negative.

Checking parameters for BSIM 4.5 model xctl.xr1.x4.xmp:pshort_model.40
Warning: A2 = 1.0885 is larger than 1. A2 is set to 1 and A1 is set to 0.
Warning: Pdibl1 = -0.00669442 is negative.

Checking parameters for BSIM 4.5 model xctl.xr1.x3.xmn:nshort_model.48
Warning: Eta0 = -0.0261666 is negative.

Checking parameters for BSIM 4.5 model xctl.xr1.x3.xmp:pshort_model.40
Warning: A2 = 1.0885 is larger than 1. A2 is set to 1 and A1 is set to 0.
Warning: Pdibl1 = -0.00669442 is negative.

Checking parameters for BSIM 4.5 model xctl.xr1.x2.xmn:nshort_model.48
Warning: Eta0 = -0.0261666 is negative.

Checking parameters for BSIM 4.5 model xctl.xr1.x2.xmp:pshort_model.40
Warning: A2 = 1.0885 is larger than 1. A2 is set to 1 and A1 is set to 0.
Warning: Pdibl1 = -0.00669442 is negative.

Checking parameters for BSIM 4.5 model xctl.xr1.x1.xmn:nshort_model.48
Warning: Eta0 = -0.0261666 is negative.

Checking parameters for BSIM 4.5 model xctl.xr1.x1.xmp:pshort_model.40
Warning: A2 = 1.0885 is larger than 1. A2 is set to 1 and A1 is set to 0.
Warning: Pdibl1 = -0.00669442 is negative.

Checking parameters for BSIM 4.5 model xctl.xr1.xg.xmnb:nshort_model.40
Warning: Eta0 = -0.00908636 is negative.

Checking parameters for BSIM 4.5 model xctl.xr1.xg.xmna:nshort_model.40
Warning: Eta0 = -0.00908636 is negative.

Checking parameters for BSIM 4.5 model xctl.xr1.xg.xmpb:pshort_model.40
Warning: A2 = 1.0885 is larger than 1. A2 is set to 1 and A1 is set to 0.
Warning: Pdibl1 = -0.00669442 is negative.

Checking parameters for BSIM 4.5 model xctl.xr1.xg.xmpa:pshort_model.40
Warning: A2 = 1.0885 is larger than 1. A2 is set to 1 and A1 is set to 0.
Warning: Pdibl1 = -0.00669442 is negative.

Checking parameters for BSIM 4.5 model xarr.xpex.xn132:pshort_model.43
Warning: Eta0 = -0.000373202 is negative.

Checking parameters for BSIM 4.5 model xarr.xpex.xn131:pshort_model.43
Warning: Eta0 = -0.000373202 is negative.

Checking parameters for BSIM 4.5 model xarr.xpex.xn130:pshort_model.43
Warning: Eta0 = -0.000373202 is negative.

Checking parameters for BSIM 4.5 model xarr.xpex.xn129:pshort_model.43
Warning: Eta0 = -0.000373202 is negative.

Checking parameters for BSIM 4.5 model xarr.xpex.xn128:pshort_model.43
Warning: Eta0 = -0.000373202 is negative.

Checking parameters for BSIM 4.5 model xarr.xpex.xn127:pshort_model.43
Warning: Eta0 = -0.000373202 is negative.

Checking parameters for BSIM 4.5 model xarr.xpex.xn126:pshort_model.43
Warning: Eta0 = -0.000373202 is negative.

Checking parameters for BSIM 4.5 model xarr.xpex.xn125:pshort_model.43
Warning: Eta0 = -0.000373202 is negative.

Checking parameters for BSIM 4.5 model xarr.xpex.xn124:pshort_model.43
Warning: Eta0 = -0.000373202 is negative.

Checking parameters for BSIM 4.5 model xarr.xpex.xn123:pshort_model.43
Warning: Eta0 = -0.000373202 is negative.

Checking parameters for BSIM 4.5 model xarr.xpex.xn122:pshort_model.43
Warning: Eta0 = -0.000373202 is negative.

Checking parameters for BSIM 4.5 model xarr.xpex.xn121:pshort_model.43
Warning: Eta0 = -0.000373202 is negative.

Checking parameters for BSIM 4.5 model xarr.xpex.xn120:pshort_model.40
Warning: A2 = 1.0885 is larger than 1. A2 is set to 1 and A1 is set to 0.
Warning: Pdibl1 = -0.00669442 is negative.

Checking parameters for BSIM 4.5 model xarr.xpex.xn119:pshort_model.43
Warning: Eta0 = -0.000373202 is negative.

Checking parameters for BSIM 4.5 model xarr.xpex.xn118:pshort_model.32
Warning: A2 = 1.14662 is larger than 1. A2 is set to 1 and A1 is set to 0.
Warning: Pdibl1 = -0.0493749 is negative.
Warning: Pdibl2 = -0.000925472 is negative.

Checking parameters for BSIM 4.5 model xarr.xpex.xn117:pshort_model.32
Warning: A2 = 1.14662 is larger than 1. A2 is set to 1 and A1 is set to 0.
Warning: Pdibl1 = -0.0493749 is negative.
Warning: Pdibl2 = -0.000925472 is negative.

Checking parameters for BSIM 4.5 model xarr.xpex.xn116:pshort_model.43
Warning: Eta0 = -0.000373202 is negative.

Checking parameters for BSIM 4.5 model xarr.xpex.xn115:pshort_model.32
Warning: A2 = 1.14662 is larger than 1. A2 is set to 1 and A1 is set to 0.
Warning: Pdibl1 = -0.0493749 is negative.
Warning: Pdibl2 = -0.000925472 is negative.

Checking parameters for BSIM 4.5 model xarr.xpex.xn114:pshort_model.32
Warning: A2 = 1.14662 is larger than 1. A2 is set to 1 and A1 is set to 0.
Warning: Pdibl1 = -0.0493749 is negative.
Warning: Pdibl2 = -0.000925472 is negative.

Checking parameters for BSIM 4.5 model xarr.xpex.xn113:pshort_model.40
Warning: A2 = 1.0885 is larger than 1. A2 is set to 1 and A1 is set to 0.
Warning: Pdibl1 = -0.00669442 is negative.

Checking parameters for BSIM 4.5 model xarr.xpex.xn112:pshort_model.43
Warning: Eta0 = -0.000373202 is negative.

Checking parameters for BSIM 4.5 model xarr.xpex.xn111:pshort_model.40
Warning: A2 = 1.0885 is larger than 1. A2 is set to 1 and A1 is set to 0.
Warning: Pdibl1 = -0.00669442 is negative.

Checking parameters for BSIM 4.5 model xarr.xpex.xn110:pshort_model.32
Warning: A2 = 1.14662 is larger than 1. A2 is set to 1 and A1 is set to 0.
Warning: Pdibl1 = -0.0493749 is negative.
Warning: Pdibl2 = -0.000925472 is negative.

Checking parameters for BSIM 4.5 model xarr.xpex.xn109:pshort_model.32
Warning: A2 = 1.14662 is larger than 1. A2 is set to 1 and A1 is set to 0.
Warning: Pdibl1 = -0.0493749 is negative.
Warning: Pdibl2 = -0.000925472 is negative.

Checking parameters for BSIM 4.5 model xarr.xpex.xn108:pshort_model.43
Warning: Eta0 = -0.000373202 is negative.

Checking parameters for BSIM 4.5 model xarr.xpex.xn107:pshort_model.32
Warning: A2 = 1.14662 is larger than 1. A2 is set to 1 and A1 is set to 0.
Warning: Pdibl1 = -0.0493749 is negative.
Warning: Pdibl2 = -0.000925472 is negative.

Checking parameters for BSIM 4.5 model xarr.xpex.xn106:pshort_model.32
Warning: A2 = 1.14662 is larger than 1. A2 is set to 1 and A1 is set to 0.
Warning: Pdibl1 = -0.0493749 is negative.
Warning: Pdibl2 = -0.000925472 is negative.

Checking parameters for BSIM 4.5 model xarr.xpex.xn105:pshort_model.40
Warning: A2 = 1.0885 is larger than 1. A2 is set to 1 and A1 is set to 0.
Warning: Pdibl1 = -0.00669442 is negative.

Checking parameters for BSIM 4.5 model xarr.xpex.xn104:pshort_model.43
Warning: Eta0 = -0.000373202 is negative.

Checking parameters for BSIM 4.5 model xarr.xpex.xn103:pshort_model.40
Warning: A2 = 1.0885 is larger than 1. A2 is set to 1 and A1 is set to 0.
Warning: Pdibl1 = -0.00669442 is negative.

Checking parameters for BSIM 4.5 model xarr.xpex.xn102:pshort_model.43
Warning: Eta0 = -0.000373202 is negative.

Checking parameters for BSIM 4.5 model xarr.xpex.xn101:pshort_model.32
Warning: A2 = 1.14662 is larger than 1. A2 is set to 1 and A1 is set to 0.
Warning: Pdibl1 = -0.0493749 is negative.
Warning: Pdibl2 = -0.000925472 is negative.

Checking parameters for BSIM 4.5 model xarr.xpex.xn100:pshort_model.32
Warning: A2 = 1.14662 is larger than 1. A2 is set to 1 and A1 is set to 0.
Warning: Pdibl1 = -0.0493749 is negative.
Warning: Pdibl2 = -0.000925472 is negative.

Checking parameters for BSIM 4.5 model xarr.xpex.xn99:pshort_model.43
Warning: Eta0 = -0.000373202 is negative.

Checking parameters for BSIM 4.5 model xarr.xpex.xn98:pshort_model.32
Warning: A2 = 1.14662 is larger than 1. A2 is set to 1 and A1 is set to 0.
Warning: Pdibl1 = -0.0493749 is negative.
Warning: Pdibl2 = -0.000925472 is negative.

Checking parameters for BSIM 4.5 model xarr.xpex.xn97:pshort_model.32
Warning: A2 = 1.14662 is larger than 1. A2 is set to 1 and A1 is set to 0.
Warning: Pdibl1 = -0.0493749 is negative.
Warning: Pdibl2 = -0.000925472 is negative.

Checking parameters for BSIM 4.5 model xarr.xpex.xn96:pshort_model.40
Warning: A2 = 1.0885 is larger than 1. A2 is set to 1 and A1 is set to 0.
Warning: Pdibl1 = -0.00669442 is negative.

Checking parameters for BSIM 4.5 model xarr.xpex.xn95:pshort_model.43
Warning: Eta0 = -0.000373202 is negative.

Checking parameters for BSIM 4.5 model xarr.xpex.xn94:pshort_model.40
Warning: A2 = 1.0885 is larger than 1. A2 is set to 1 and A1 is set to 0.
Warning: Pdibl1 = -0.00669442 is negative.

Checking parameters for BSIM 4.5 model xarr.xpex.xn93:pshort_model.40
Warning: A2 = 1.0885 is larger than 1. A2 is set to 1 and A1 is set to 0.
Warning: Pdibl1 = -0.00669442 is negative.

Checking parameters for BSIM 4.5 model xarr.xpex.xn92:pshort_model.40
Warning: A2 = 1.0885 is larger than 1. A2 is set to 1 and A1 is set to 0.
Warning: Pdibl1 = -0.00669442 is negative.

Checking parameters for BSIM 4.5 model xarr.xpex.xn91:pshort_model.40
Warning: A2 = 1.0885 is larger than 1. A2 is set to 1 and A1 is set to 0.
Warning: Pdibl1 = -0.00669442 is negative.

Checking parameters for BSIM 4.5 model xarr.xpex.xn90:pshort_model.40
Warning: A2 = 1.0885 is larger than 1. A2 is set to 1 and A1 is set to 0.
Warning: Pdibl1 = -0.00669442 is negative.

Checking parameters for BSIM 4.5 model xarr.xpex.xn89:pshort_model.40
Warning: A2 = 1.0885 is larger than 1. A2 is set to 1 and A1 is set to 0.
Warning: Pdibl1 = -0.00669442 is negative.

Checking parameters for BSIM 4.5 model xarr.xpex.xn88:pshort_model.40
Warning: A2 = 1.0885 is larger than 1. A2 is set to 1 and A1 is set to 0.
Warning: Pdibl1 = -0.00669442 is negative.

Checking parameters for BSIM 4.5 model xarr.xpex.xn87:pshort_model.40
Warning: A2 = 1.0885 is larger than 1. A2 is set to 1 and A1 is set to 0.
Warning: Pdibl1 = -0.00669442 is negative.

Checking parameters for BSIM 4.5 model xarr.xpex.xn86:pshort_model.40
Warning: A2 = 1.0885 is larger than 1. A2 is set to 1 and A1 is set to 0.
Warning: Pdibl1 = -0.00669442 is negative.

Checking parameters for BSIM 4.5 model xarr.xpex.xn85:pshort_model.40
Warning: A2 = 1.0885 is larger than 1. A2 is set to 1 and A1 is set to 0.
Warning: Pdibl1 = -0.00669442 is negative.

Checking parameters for BSIM 4.5 model xarr.xpex.xn84:pshort_model.40
Warning: A2 = 1.0885 is larger than 1. A2 is set to 1 and A1 is set to 0.
Warning: Pdibl1 = -0.00669442 is negative.

Checking parameters for BSIM 4.5 model xarr.xpex.xn83:pshort_model.40
Warning: A2 = 1.0885 is larger than 1. A2 is set to 1 and A1 is set to 0.
Warning: Pdibl1 = -0.00669442 is negative.

Checking parameters for BSIM 4.5 model xarr.xpex.xn82:pshort_model.40
Warning: A2 = 1.0885 is larger than 1. A2 is set to 1 and A1 is set to 0.
Warning: Pdibl1 = -0.00669442 is negative.

Checking parameters for BSIM 4.5 model xarr.xpex.xn81:pshort_model.40
Warning: A2 = 1.0885 is larger than 1. A2 is set to 1 and A1 is set to 0.
Warning: Pdibl1 = -0.00669442 is negative.

Checking parameters for BSIM 4.5 model xarr.xpex.xn80:pshort_model.40
Warning: A2 = 1.0885 is larger than 1. A2 is set to 1 and A1 is set to 0.
Warning: Pdibl1 = -0.00669442 is negative.

Checking parameters for BSIM 4.5 model xarr.xpex.xn79:pshort_model.40
Warning: A2 = 1.0885 is larger than 1. A2 is set to 1 and A1 is set to 0.
Warning: Pdibl1 = -0.00669442 is negative.

Checking parameters for BSIM 4.5 model xarr.xpex.xn78:pshort_model.40
Warning: A2 = 1.0885 is larger than 1. A2 is set to 1 and A1 is set to 0.
Warning: Pdibl1 = -0.00669442 is negative.

Checking parameters for BSIM 4.5 model xarr.xpex.xn77:pshort_model.40
Warning: A2 = 1.0885 is larger than 1. A2 is set to 1 and A1 is set to 0.
Warning: Pdibl1 = -0.00669442 is negative.

Checking parameters for BSIM 4.5 model xarr.xpex.xn76:pshort_model.40
Warning: A2 = 1.0885 is larger than 1. A2 is set to 1 and A1 is set to 0.
Warning: Pdibl1 = -0.00669442 is negative.

Checking parameters for BSIM 4.5 model xarr.xpex.xn75:pshort_model.40
Warning: A2 = 1.0885 is larger than 1. A2 is set to 1 and A1 is set to 0.
Warning: Pdibl1 = -0.00669442 is negative.

Checking parameters for BSIM 4.5 model xarr.xpex.xn74:pshort_model.40
Warning: A2 = 1.0885 is larger than 1. A2 is set to 1 and A1 is set to 0.
Warning: Pdibl1 = -0.00669442 is negative.

Checking parameters for BSIM 4.5 model xarr.xpex.xn73:pshort_model.40
Warning: A2 = 1.0885 is larger than 1. A2 is set to 1 and A1 is set to 0.
Warning: Pdibl1 = -0.00669442 is negative.

Checking parameters for BSIM 4.5 model xarr.xpex.xn72:pshort_model.40
Warning: A2 = 1.0885 is larger than 1. A2 is set to 1 and A1 is set to 0.
Warning: Pdibl1 = -0.00669442 is negative.

Checking parameters for BSIM 4.5 model xarr.xpex.xn71:pshort_model.40
Warning: A2 = 1.0885 is larger than 1. A2 is set to 1 and A1 is set to 0.
Warning: Pdibl1 = -0.00669442 is negative.

Checking parameters for BSIM 4.5 model xarr.xpex.xn70:pshort_model.40
Warning: A2 = 1.0885 is larger than 1. A2 is set to 1 and A1 is set to 0.
Warning: Pdibl1 = -0.00669442 is negative.

Checking parameters for BSIM 4.5 model xarr.xpex.xn69:pshort_model.40
Warning: A2 = 1.0885 is larger than 1. A2 is set to 1 and A1 is set to 0.
Warning: Pdibl1 = -0.00669442 is negative.

Checking parameters for BSIM 4.5 model xarr.xpex.xn68:pshort_model.40
Warning: A2 = 1.0885 is larger than 1. A2 is set to 1 and A1 is set to 0.
Warning: Pdibl1 = -0.00669442 is negative.

Checking parameters for BSIM 4.5 model xarr.xpex.xn67:pshort_model.40
Warning: A2 = 1.0885 is larger than 1. A2 is set to 1 and A1 is set to 0.
Warning: Pdibl1 = -0.00669442 is negative.

Checking parameters for BSIM 4.5 model xarr.xpex.xn66:nshort_model.48
Warning: Eta0 = -0.0261666 is negative.

Checking parameters for BSIM 4.5 model xarr.xpex.xn65:nshort_model.40
Warning: Eta0 = -0.00908636 is negative.

Checking parameters for BSIM 4.5 model xarr.xpex.xn64:nshort_model.40
Warning: Eta0 = -0.00908636 is negative.

Checking parameters for BSIM 4.5 model xarr.xpex.xn63:nshort_model.40
Warning: Eta0 = -0.00908636 is negative.

Checking parameters for BSIM 4.5 model xarr.xpex.xn62:nshort_model.40
Warning: Eta0 = -0.00908636 is negative.

Checking parameters for BSIM 4.5 model xarr.xpex.xn61:nshort_model.48
Warning: Eta0 = -0.0261666 is negative.

Checking parameters for BSIM 4.5 model xarr.xpex.xn60:nshort_model.48
Warning: Eta0 = -0.0261666 is negative.

Checking parameters for BSIM 4.5 model xarr.xpex.xn59:nshort_model.40
Warning: Eta0 = -0.00908636 is negative.

Checking parameters for BSIM 4.5 model xarr.xpex.xn58:nshort_model.40
Warning: Eta0 = -0.00908636 is negative.

Checking parameters for BSIM 4.5 model xarr.xpex.xn57:nshort_model.40
Warning: Eta0 = -0.00908636 is negative.

Checking parameters for BSIM 4.5 model xarr.xpex.xn56:nshort_model.40
Warning: Eta0 = -0.00908636 is negative.

Checking parameters for BSIM 4.5 model xarr.xpex.xn55:nshort_model.48
Warning: Eta0 = -0.0261666 is negative.

Checking parameters for BSIM 4.5 model xarr.xpex.xn54:nshort_model.48
Warning: Eta0 = -0.0261666 is negative.

Checking parameters for BSIM 4.5 model xarr.xpex.xn53:nshort_model.40
Warning: Eta0 = -0.00908636 is negative.

Checking parameters for BSIM 4.5 model xarr.xpex.xn52:nshort_model.40
Warning: Eta0 = -0.00908636 is negative.

Checking parameters for BSIM 4.5 model xarr.xpex.xn51:nshort_model.40
Warning: Eta0 = -0.00908636 is negative.

Checking parameters for BSIM 4.5 model xarr.xpex.xn50:nshort_model.40
Warning: Eta0 = -0.00908636 is negative.

Checking parameters for BSIM 4.5 model xarr.xpex.xn49:nshort_model.48
Warning: Eta0 = -0.0261666 is negative.

Checking parameters for BSIM 4.5 model xarr.xpex.xn48:nshort_model.48
Warning: Eta0 = -0.0261666 is negative.

Checking parameters for BSIM 4.5 model xarr.xpex.xn47:nshort_model.48
Warning: Eta0 = -0.0261666 is negative.

Checking parameters for BSIM 4.5 model xarr.xpex.xn46:nshort_model.48
Warning: Eta0 = -0.0261666 is negative.

Checking parameters for BSIM 4.5 model xarr.xpex.xn45:nshort_model.48
Warning: Eta0 = -0.0261666 is negative.

Checking parameters for BSIM 4.5 model xarr.xpex.xn44:nshort_model.48
Warning: Eta0 = -0.0261666 is negative.

Checking parameters for BSIM 4.5 model xarr.xpex.xn43:nshort_model.48
Warning: Eta0 = -0.0261666 is negative.

Checking parameters for BSIM 4.5 model xarr.xpex.xn42:nshort_model.48
Warning: Eta0 = -0.0261666 is negative.

Checking parameters for BSIM 4.5 model xarr.xpex.xn41:nshort_model.48
Warning: Eta0 = -0.0261666 is negative.

Checking parameters for BSIM 4.5 model xarr.xpex.xn40:nshort_model.48
Warning: Eta0 = -0.0261666 is negative.

Checking parameters for BSIM 4.5 model xarr.xpex.xn39:nshort_model.48
Warning: Eta0 = -0.0261666 is negative.

Checking parameters for BSIM 4.5 model xarr.xpex.xn38:nshort_model.48
Warning: Eta0 = -0.0261666 is negative.

Checking parameters for BSIM 4.5 model xarr.xpex.xn37:nshort_model.48
Warning: Eta0 = -0.0261666 is negative.

Checking parameters for BSIM 4.5 model xarr.xpex.xn35:nshort_model.48
Warning: Eta0 = -0.0261666 is negative.

Checking parameters for BSIM 4.5 model xarr.xpex.xn33:nshort_model.48
Warning: Eta0 = -0.0261666 is negative.

Checking parameters for BSIM 4.5 model xarr.xpex.xn31:nshort_model.48
Warning: Eta0 = -0.0261666 is negative.

Checking parameters for BSIM 4.5 model xarr.xpex.xn28:nshort_model.48
Warning: Eta0 = -0.0261666 is negative.

Checking parameters for BSIM 4.5 model xarr.xpex.xn27:nshort_model.48
Warning: Eta0 = -0.0261666 is negative.

Checking parameters for BSIM 4.5 model xarr.xpex.xn25:nshort_model.48
Warning: Eta0 = -0.0261666 is negative.

Checking parameters for BSIM 4.5 model xarr.xpex.xn23:nshort_model.48
Warning: Eta0 = -0.0261666 is negative.

Checking parameters for BSIM 4.5 model xarr.xpex.xn21:nshort_model.48
Warning: Eta0 = -0.0261666 is negative.

Checking parameters for BSIM 4.5 model xarr.xpex.xn8:nshort_model.40
Warning: Eta0 = -0.00908636 is negative.

Checking parameters for BSIM 4.5 model xarr.xpex.xn7:nshort_model.40
Warning: Eta0 = -0.00908636 is negative.

Checking parameters for BSIM 4.5 model xarr.xpex.xn6:nshort_model.40
Warning: Eta0 = -0.00908636 is negative.

Checking parameters for BSIM 4.5 model xarr.xpex.xn5:nshort_model.40
Warning: Eta0 = -0.00908636 is negative.

Checking parameters for BSIM 4.5 model xarr.xpex.xn4:nshort_model.40
Warning: Eta0 = -0.00908636 is negative.

Checking parameters for BSIM 4.5 model xarr.xpex.xn3:nshort_model.40
Warning: Eta0 = -0.00908636 is negative.

Checking parameters for BSIM 4.5 model xarr.xpex.xn2:nshort_model.40
Warning: Eta0 = -0.00908636 is negative.

Checking parameters for BSIM 4.5 model xarr.xpex.xn1:nshort_model.40
Warning: Eta0 = -0.00908636 is negative.

