OpenROAD 26Q3-1510-g6cb3f2b704 
Features included (+) or not (-): +GPU +GUI +Python
This program is licensed under the BSD-3 license. See the LICENSE file for details.
Components of this program may be licensed under more restrictive licenses which must be honored.
[INFO DRT-0149] Reading tech and libs.
[WARNING DRT-0349] LEF58_ENCLOSURE with no CUTCLASS is not supported. Skipping for layer mcon
[WARNING DRT-0349] LEF58_ENCLOSURE with no CUTCLASS is not supported. Skipping for layer mcon
[WARNING DRT-0349] LEF58_ENCLOSURE with no CUTCLASS is not supported. Skipping for layer via
[WARNING DRT-0349] LEF58_ENCLOSURE with no CUTCLASS is not supported. Skipping for layer via
[WARNING DRT-0349] LEF58_ENCLOSURE with no CUTCLASS is not supported. Skipping for layer via2
[WARNING DRT-0349] LEF58_ENCLOSURE with no CUTCLASS is not supported. Skipping for layer via2
[WARNING DRT-0349] LEF58_ENCLOSURE with no CUTCLASS is not supported. Skipping for layer via3
[WARNING DRT-0349] LEF58_ENCLOSURE with no CUTCLASS is not supported. Skipping for layer via3
[WARNING DRT-0349] LEF58_ENCLOSURE with no CUTCLASS is not supported. Skipping for layer via4
[WARNING DRT-0349] LEF58_ENCLOSURE with no CUTCLASS is not supported. Skipping for layer via4

Units:                1000
Number of layers:     13
Number of macros:     437
Number of vias:       29
Number of viarulegen: 25

[INFO DRT-0150] Reading design.
[WARNING DRT-0120] Large net rst_n has 457 pins which may impact routing performance. Consider optimization.

Design:                   trng_digital
Die area:                 ( 0 0 ) ( 210455 210455 )
Number of track patterns: 12
Number of DEF vias:       0
Number of components:     2845
Number of terminals:      113
Number of snets:          2
Number of nets:           2307

[INFO DRT-0167] List of default vias:
  Layer via
    default via: M1M2_PR
  Layer via2
    default via: M2M3_PR
  Layer via3
    default via: M3M4_PR
  Layer via4
    default via: M4M5_PR
[INFO DRT-0162] Library cell analysis.
[INFO DRT-0163] Instance analysis.
[INFO DRT-0164] Number of unique instances = 104.
[INFO DRT-0168] Init region query.
[INFO DRT-0024]   Complete FR_MASTERSLICE.
[INFO DRT-0024]   Complete licon.
[INFO DRT-0024]   Complete li1.
[INFO DRT-0024]   Complete mcon.
[INFO DRT-0024]   Complete met1.
[INFO DRT-0024]   Complete via.
[INFO DRT-0024]   Complete met2.
[INFO DRT-0024]   Complete via2.
[INFO DRT-0024]   Complete met3.
[INFO DRT-0024]   Complete via3.
[INFO DRT-0024]   Complete met4.
[INFO DRT-0024]   Complete via4.
[INFO DRT-0024]   Complete met5.
[INFO DRT-0033] FR_MASTERSLICE shape region query size = 0.
[INFO DRT-0033] licon shape region query size = 0.
[INFO DRT-0033] li1 shape region query size = 76131.
[INFO DRT-0033] mcon shape region query size = 0.
[INFO DRT-0033] met1 shape region query size = 12698.
[INFO DRT-0033] via shape region query size = 2590.
[INFO DRT-0033] met2 shape region query size = 1583.
[INFO DRT-0033] via2 shape region query size = 2072.
[INFO DRT-0033] met3 shape region query size = 1636.
[INFO DRT-0033] via3 shape region query size = 2072.
[INFO DRT-0033] met4 shape region query size = 630.
[INFO DRT-0033] via4 shape region query size = 98.
[INFO DRT-0033] met5 shape region query size = 126.
[INFO DRT-0165] Start pin access.
[INFO DRT-0078]   Complete 837 pins.
[INFO DRT-0079]   Complete 100 unique inst patterns.
[INFO DRT-0081]   Complete 104 unique inst patterns.
[INFO DRT-0084]   Complete 1743 groups.
#scanned instances     = 2845
#unique  instances     = 104
#stdCellGenAp          = 3130
#stdCellValidPlanarAp  = 18
#stdCellValidViaAp     = 2496
#stdCellPinNoAp        = 0
#stdCellPinCnt         = 8358
#instTermValidViaApCnt = 0
#macroGenAp            = 0
#macroValidPlanarAp    = 0
#macroValidViaAp       = 0
#macroNoAp             = 0
[INFO DRT-0166] Complete pin access.
[INFO DRT-0267] cpu time = 00:00:45, elapsed time = 00:00:45, memory = 245.98 (MB), peak = 245.73 (MB)

[INFO DRT-0157] Number of guides:     17479

[INFO DRT-0169] Post process guides.
[INFO DRT-0176] GCELLGRID X 0 DO 30 STEP 6900 ;
[INFO DRT-0177] GCELLGRID Y 0 DO 30 STEP 6900 ;
[INFO DRT-0028]   Complete FR_MASTERSLICE.
[INFO DRT-0028]   Complete licon.
[INFO DRT-0028]   Complete li1.
[INFO DRT-0028]   Complete mcon.
[INFO DRT-0028]   Complete met1.
[INFO DRT-0028]   Complete via.
[INFO DRT-0028]   Complete met2.
[INFO DRT-0028]   Complete via2.
[INFO DRT-0028]   Complete met3.
[INFO DRT-0028]   Complete via3.
[INFO DRT-0028]   Complete met4.
[INFO DRT-0028]   Complete via4.
[INFO DRT-0028]   Complete met5.
[INFO DRT-0178] Init guide query.
[INFO DRT-0035]   Complete FR_MASTERSLICE (guide).
[INFO DRT-0035]   Complete licon (guide).
[INFO DRT-0035]   Complete li1 (guide).
[INFO DRT-0035]   Complete mcon (guide).
[INFO DRT-0035]   Complete met1 (guide).
[INFO DRT-0035]   Complete via (guide).
[INFO DRT-0035]   Complete met2 (guide).
[INFO DRT-0035]   Complete via2 (guide).
[INFO DRT-0035]   Complete met3 (guide).
[INFO DRT-0035]   Complete via3 (guide).
[INFO DRT-0035]   Complete met4 (guide).
[INFO DRT-0035]   Complete via4 (guide).
[INFO DRT-0035]   Complete met5 (guide).
[INFO DRT-0036] FR_MASTERSLICE guide region query size = 0.
[INFO DRT-0036] licon guide region query size = 0.
[INFO DRT-0036] li1 guide region query size = 6210.
[INFO DRT-0036] mcon guide region query size = 0.
[INFO DRT-0036] met1 guide region query size = 5548.
[INFO DRT-0036] via guide region query size = 0.
[INFO DRT-0036] met2 guide region query size = 2741.
[INFO DRT-0036] via2 guide region query size = 0.
[INFO DRT-0036] met3 guide region query size = 111.
[INFO DRT-0036] via3 guide region query size = 0.
[INFO DRT-0036] met4 guide region query size = 11.
[INFO DRT-0036] via4 guide region query size = 0.
[INFO DRT-0036] met5 guide region query size = 0.
[INFO DRT-0179] Init gr pin query.
[INFO DRT-0267] cpu time = 00:00:00, elapsed time = 00:00:00, memory = 251.46 (MB), peak = 251.15 (MB)
[INFO DRT-0245] skipped writing guide updates to database.
[INFO DRT-0181] Start track assignment.
[INFO DRT-0184] Done with 8962 vertical wires in 1 frboxes and 5659 horizontal wires in 1 frboxes.
[INFO DRT-0186] Done with 1155 vertical wires in 1 frboxes and 1853 horizontal wires in 1 frboxes.
[INFO DRT-0182] Complete track assignment.
[INFO DRT-0267] cpu time = 00:00:00, elapsed time = 00:00:00, memory = 271.05 (MB), peak = 270.65 (MB)
[INFO DRT-0187] Start routing data preparation.
[INFO DRT-0267] cpu time = 00:00:00, elapsed time = 00:00:00, memory = 271.05 (MB), peak = 270.65 (MB)
[INFO DRT-0194] Start detail routing.
[INFO DRT-0195] Start 0th optimization iteration.
    Completing 10% with 0 violations.
    elapsed time = 00:00:05, memory = 282.82 (MB).
    Completing 20% with 0 violations.
    elapsed time = 00:00:14, memory = 314.71 (MB).
    Completing 30% with 0 violations.
    elapsed time = 00:00:15, memory = 320.66 (MB).
    Completing 40% with 265 violations.
    elapsed time = 00:00:18, memory = 344.16 (MB).
    Completing 50% with 265 violations.
    elapsed time = 00:00:31, memory = 344.16 (MB).
    Completing 60% with 265 violations.
    elapsed time = 00:00:32, memory = 344.16 (MB).
    Completing 70% with 643 violations.
    elapsed time = 00:00:50, memory = 352.03 (MB).
    Completing 80% with 643 violations.
    elapsed time = 00:01:00, memory = 352.03 (MB).
    Completing 90% with 1044 violations.
    elapsed time = 00:01:14, memory = 352.03 (MB).
    Completing 100% with 1381 violations.
    elapsed time = 00:01:23, memory = 352.03 (MB).
[INFO DRT-0199]   Number of violations = 1884.
Viol/Layer         li1   mcon   met1    via   met2   met3
Cut Spacing          0      6      0      0      0      0
Metal Spacing        0      0    306      0     82      1
Min Hole             0      0      3      0      0      0
Recheck              7      0    337      0    156      3
Short                0      0    849      3    131      0
[INFO DRT-0267] cpu time = 00:01:23, elapsed time = 00:01:23, memory = 633.49 (MB), peak = 633.01 (MB)
Total wire length = 65257 um.
Total wire length on LAYER li1 = 0 um.
Total wire length on LAYER met1 = 30733 um.
Total wire length on LAYER met2 = 30758 um.
Total wire length on LAYER met3 = 3202 um.
Total wire length on LAYER met4 = 563 um.
Total wire length on LAYER met5 = 0 um.
Total number of vias = 17375.
Up-via summary (total 17375):

------------------------
 FR_MASTERSLICE        0
            li1     7972
           met1     9157
           met2      220
           met3       26
           met4        0
------------------------
               17375


[INFO DRT-0195] Start 1st optimization iteration.
    Completing 10% with 1884 violations.
    elapsed time = 00:00:02, memory = 633.49 (MB).
    Completing 20% with 1884 violations.
    elapsed time = 00:00:13, memory = 633.49 (MB).
    Completing 30% with 1884 violations.
    elapsed time = 00:00:16, memory = 633.49 (MB).
    Completing 40% with 1621 violations.
    elapsed time = 00:00:17, memory = 633.50 (MB).
    Completing 50% with 1621 violations.
    elapsed time = 00:00:28, memory = 633.50 (MB).
    Completing 60% with 1621 violations.
    elapsed time = 00:00:31, memory = 633.50 (MB).
    Completing 70% with 1327 violations.
    elapsed time = 00:00:45, memory = 633.50 (MB).
    Completing 80% with 1327 violations.
    elapsed time = 00:00:52, memory = 633.50 (MB).
    Completing 90% with 1059 violations.
    elapsed time = 00:01:06, memory = 633.50 (MB).
    Completing 100% with 773 violations.
    elapsed time = 00:01:15, memory = 633.50 (MB).
[INFO DRT-0199]   Number of violations = 773.
Viol/Layer        mcon   met1   met2   met3
Cut Spacing          1      0      0      0
Metal Spacing        0    146     36      1
Short                0    558     31      0
[INFO DRT-0267] cpu time = 00:01:15, elapsed time = 00:01:16, memory = 633.50 (MB), peak = 633.13 (MB)
Total wire length = 64454 um.
Total wire length on LAYER li1 = 0 um.
Total wire length on LAYER met1 = 30251 um.
Total wire length on LAYER met2 = 30350 um.
Total wire length on LAYER met3 = 3286 um.
Total wire length on LAYER met4 = 566 um.
Total wire length on LAYER met5 = 0 um.
Total number of vias = 17166.
Up-via summary (total 17166):

------------------------
 FR_MASTERSLICE        0
            li1     7970
           met1     8954
           met2      216
           met3       26
           met4        0
------------------------
               17166


[INFO DRT-0195] Start 2nd optimization iteration.
    Completing 10% with 773 violations.
    elapsed time = 00:00:00, memory = 633.50 (MB).
    Completing 20% with 773 violations.
    elapsed time = 00:00:11, memory = 633.50 (MB).
    Completing 30% with 773 violations.
    elapsed time = 00:00:18, memory = 633.50 (MB).
    Completing 40% with 772 violations.
    elapsed time = 00:00:20, memory = 633.51 (MB).
    Completing 50% with 772 violations.
    elapsed time = 00:00:31, memory = 633.51 (MB).
    Completing 60% with 772 violations.
    elapsed time = 00:00:36, memory = 633.51 (MB).
    Completing 70% with 714 violations.
    elapsed time = 00:00:45, memory = 633.51 (MB).
    Completing 80% with 714 violations.
    elapsed time = 00:00:50, memory = 633.51 (MB).
    Completing 90% with 635 violations.
    elapsed time = 00:01:04, memory = 633.51 (MB).
    Completing 100% with 630 violations.
    elapsed time = 00:01:13, memory = 633.51 (MB).
[INFO DRT-0199]   Number of violations = 630.
Viol/Layer        mcon   met1   met2
Cut Spacing          1      0      0
Metal Spacing        0    106     29
Short                0    451     43
[INFO DRT-0267] cpu time = 00:01:13, elapsed time = 00:01:13, memory = 633.82 (MB), peak = 633.38 (MB)
Total wire length = 64350 um.
Total wire length on LAYER li1 = 0 um.
Total wire length on LAYER met1 = 30043 um.
Total wire length on LAYER met2 = 30535 um.
Total wire length on LAYER met3 = 3303 um.
Total wire length on LAYER met4 = 467 um.
Total wire length on LAYER met5 = 0 um.
Total number of vias = 17173.
Up-via summary (total 17173):

------------------------
 FR_MASTERSLICE        0
            li1     7970
           met1     8969
           met2      216
           met3       18
           met4        0
------------------------
               17173


[INFO DRT-0195] Start 3rd optimization iteration.
    Completing 10% with 630 violations.
    elapsed time = 00:00:04, memory = 633.82 (MB).
    Completing 20% with 630 violations.
    elapsed time = 00:00:10, memory = 633.82 (MB).
    Completing 30% with 630 violations.
    elapsed time = 00:00:12, memory = 633.82 (MB).
    Completing 40% with 562 violations.
    elapsed time = 00:00:14, memory = 633.82 (MB).
    Completing 50% with 562 violations.
    elapsed time = 00:00:28, memory = 633.82 (MB).
    Completing 60% with 562 violations.
    elapsed time = 00:00:29, memory = 633.82 (MB).
    Completing 70% with 405 violations.
    elapsed time = 00:00:37, memory = 633.82 (MB).
    Completing 80% with 405 violations.
    elapsed time = 00:00:47, memory = 633.82 (MB).
    Completing 90% with 208 violations.
    elapsed time = 00:00:53, memory = 633.82 (MB).
    Completing 100% with 90 violations.
    elapsed time = 00:00:58, memory = 633.82 (MB).
[INFO DRT-0199]   Number of violations = 90.
Viol/Layer        met1   met2
Metal Spacing       17      4
Short               69      0
[INFO DRT-0267] cpu time = 00:00:59, elapsed time = 00:00:59, memory = 633.82 (MB), peak = 633.38 (MB)
Total wire length = 64284 um.
Total wire length on LAYER li1 = 0 um.
Total wire length on LAYER met1 = 28453 um.
Total wire length on LAYER met2 = 30512 um.
Total wire length on LAYER met3 = 4709 um.
Total wire length on LAYER met4 = 609 um.
Total wire length on LAYER met5 = 0 um.
Total number of vias = 17434.
Up-via summary (total 17434):

------------------------
 FR_MASTERSLICE        0
            li1     7964
           met1     8990
           met2      442
           met3       38
           met4        0
------------------------
               17434


[INFO DRT-0195] Start 4th guides tiles iteration.
    Completing 10% with 90 violations.
    elapsed time = 00:00:01, memory = 633.82 (MB).
    Completing 20% with 90 violations.
    elapsed time = 00:00:02, memory = 633.82 (MB).
    Completing 30% with 90 violations.
    elapsed time = 00:00:02, memory = 633.82 (MB).
    Completing 40% with 90 violations.
    elapsed time = 00:00:02, memory = 633.82 (MB).
    Completing 50% with 90 violations.
    elapsed time = 00:00:02, memory = 633.82 (MB).
    Completing 60% with 43 violations.
    elapsed time = 00:00:03, memory = 633.82 (MB).
    Completing 70% with 43 violations.
    elapsed time = 00:00:03, memory = 633.82 (MB).
    Completing 80% with 43 violations.
    elapsed time = 00:00:04, memory = 633.82 (MB).
    Completing 90% with 6 violations.
    elapsed time = 00:00:04, memory = 633.82 (MB).
    Completing 100% with 0 violations.
    elapsed time = 00:00:04, memory = 633.82 (MB).
[INFO DRT-0199]   Number of violations = 0.
[INFO DRT-0267] cpu time = 00:00:04, elapsed time = 00:00:04, memory = 633.82 (MB), peak = 633.38 (MB)
Total wire length = 64296 um.
Total wire length on LAYER li1 = 0 um.
Total wire length on LAYER met1 = 28423 um.
Total wire length on LAYER met2 = 30491 um.
Total wire length on LAYER met3 = 4737 um.
Total wire length on LAYER met4 = 643 um.
Total wire length on LAYER met5 = 0 um.
Total number of vias = 17455.
Up-via summary (total 17455):

------------------------
 FR_MASTERSLICE        0
            li1     7963
           met1     8998
           met2      453
           met3       41
           met4        0
------------------------
               17455


[INFO DRT-0198] Complete detail routing.
Total wire length = 64296 um.
Total wire length on LAYER li1 = 0 um.
Total wire length on LAYER met1 = 28423 um.
Total wire length on LAYER met2 = 30491 um.
Total wire length on LAYER met3 = 4737 um.
Total wire length on LAYER met4 = 643 um.
Total wire length on LAYER met5 = 0 um.
Total number of vias = 17455.
Up-via summary (total 17455):

------------------------
 FR_MASTERSLICE        0
            li1     7963
           met1     8998
           met2      453
           met3       41
           met4        0
------------------------
               17455


[INFO DRT-0267] cpu time = 00:04:57, elapsed time = 00:04:57, memory = 633.82 (MB), peak = 633.38 (MB)

[INFO DRT-0180] Post processing.
[INFO DRT-0501] Runtime: 344.57s
[INFO GRT-0012] Found 1 antenna violations.
[INFO DPL-0006] Core area: 39731.86 um^2
[INFO DPL-0007] Movable instances area: 0.00 um^2
[INFO DPL-0008] Fixed instances area within core: 23188.49 um^2
[INFO DPL-0009] Utilization: 58.4%
[INFO DPL-0005] Diamond search max displacement: +/- 500 sites horizontally, +/- 100 rows vertically.
[INFO DPL-1102] Legalizing using negotiation legalizer.
[INFO DPL-1103] Negotiation base search window: +/-20 sites horizontally, +/-5 rows vertically 
	Automatic search window extension enabled.
	Search window extendable up to the max displacement cap of +/-500 sites, +/-100 rows near walls.
[INFO DPL-1104] NegotiationLegalizer DRC penalty: 5.
[INFO DPL-0392] Negotiation cell height distribution (1 unique row-count(s)):
[INFO DPL-0393]   height 1 row(s): 2846 cells
[INFO DPL-0500] Runtime: 0.01s
[INFO GRT-0015] Inserted 1 diodes.
[WARNING DRT-0120] Large net rst_n has 457 pins which may impact routing performance. Consider optimization.
[INFO DRT-0024]   Complete FR_MASTERSLICE.
[INFO DRT-0024]   Complete licon.
[INFO DRT-0024]   Complete li1.
[INFO DRT-0024]   Complete mcon.
[INFO DRT-0024]   Complete met1.
[INFO DRT-0024]   Complete via.
[INFO DRT-0024]   Complete met2.
[INFO DRT-0024]   Complete via2.
[INFO DRT-0024]   Complete met3.
[INFO DRT-0024]   Complete via3.
[INFO DRT-0024]   Complete met4.
[INFO DRT-0024]   Complete via4.
[INFO DRT-0024]   Complete met5.
[INFO DRT-0165] Start pin access.
[INFO DRT-0078]   Complete 842 pins.
[INFO DRT-0079]   Complete 100 unique inst patterns.
[INFO DRT-0081]   Complete 105 unique inst patterns.
[INFO DRT-0084]   Complete 1743 groups.
#scanned instances     = 2846
#unique  instances     = 105
#stdCellGenAp          = 3142
#stdCellValidPlanarAp  = 18
#stdCellValidViaAp     = 2508
#stdCellPinNoAp        = 0
#stdCellPinCnt         = 8358
#instTermValidViaApCnt = 0
#macroGenAp            = 0
#macroValidPlanarAp    = 0
#macroValidViaAp       = 0
#macroNoAp             = 0
[INFO DRT-0166] Complete pin access.
[INFO DRT-0267] cpu time = 00:00:42, elapsed time = 00:00:42, memory = 543.36 (MB), peak = 633.63 (MB)

[INFO DRT-0157] Number of guides:     17479

[INFO DRT-0169] Post process guides.
[INFO DRT-0176] GCELLGRID X 0 DO 30 STEP 6900 ;
[INFO DRT-0177] GCELLGRID Y 0 DO 30 STEP 6900 ;
[INFO DRT-0028]   Complete FR_MASTERSLICE.
[INFO DRT-0028]   Complete licon.
[INFO DRT-0028]   Complete li1.
[INFO DRT-0028]   Complete mcon.
[INFO DRT-0028]   Complete met1.
[INFO DRT-0028]   Complete via.
[INFO DRT-0028]   Complete met2.
[INFO DRT-0028]   Complete via2.
[INFO DRT-0028]   Complete met3.
[INFO DRT-0028]   Complete via3.
[INFO DRT-0028]   Complete met4.
[INFO DRT-0028]   Complete via4.
[INFO DRT-0028]   Complete met5.
[INFO DRT-0178] Init guide query.
[INFO DRT-0035]   Complete FR_MASTERSLICE (guide).
[INFO DRT-0035]   Complete licon (guide).
[INFO DRT-0035]   Complete li1 (guide).
[INFO DRT-0035]   Complete mcon (guide).
[INFO DRT-0035]   Complete met1 (guide).
[INFO DRT-0035]   Complete via (guide).
[INFO DRT-0035]   Complete met2 (guide).
[INFO DRT-0035]   Complete via2 (guide).
[INFO DRT-0035]   Complete met3 (guide).
[INFO DRT-0035]   Complete via3 (guide).
[INFO DRT-0035]   Complete met4 (guide).
[INFO DRT-0035]   Complete via4 (guide).
[INFO DRT-0035]   Complete met5 (guide).
[INFO DRT-0036] FR_MASTERSLICE guide region query size = 0.
[INFO DRT-0036] licon guide region query size = 0.
[INFO DRT-0036] li1 guide region query size = 6210.
[INFO DRT-0036] mcon guide region query size = 0.
[INFO DRT-0036] met1 guide region query size = 5548.
[INFO DRT-0036] via guide region query size = 0.
[INFO DRT-0036] met2 guide region query size = 2741.
[INFO DRT-0036] via2 guide region query size = 0.
[INFO DRT-0036] met3 guide region query size = 111.
[INFO DRT-0036] via3 guide region query size = 0.
[INFO DRT-0036] met4 guide region query size = 11.
[INFO DRT-0036] via4 guide region query size = 0.
[INFO DRT-0036] met5 guide region query size = 0.
[INFO DRT-0179] Init gr pin query.
[INFO DRT-0267] cpu time = 00:00:00, elapsed time = 00:00:00, memory = 543.36 (MB), peak = 633.63 (MB)
[INFO DRT-0245] skipped writing guide updates to database.
[INFO DRT-0181] Start track assignment.
[INFO DRT-0184] Done with 8962 vertical wires in 1 frboxes and 5659 horizontal wires in 1 frboxes.
[INFO DRT-0186] Done with 1150 vertical wires in 1 frboxes and 1844 horizontal wires in 1 frboxes.
[INFO DRT-0182] Complete track assignment.
[INFO DRT-0267] cpu time = 00:00:00, elapsed time = 00:00:00, memory = 543.36 (MB), peak = 633.63 (MB)
[INFO DRT-0187] Start routing data preparation.
[INFO DRT-0267] cpu time = 00:00:00, elapsed time = 00:00:00, memory = 543.36 (MB), peak = 633.63 (MB)
[INFO DRT-0194] Start detail routing.
[INFO DRT-0195] Start 0th optimization iteration.
    Completing 10% with 0 violations.
    elapsed time = 00:00:02, memory = 543.36 (MB).
    Completing 20% with 0 violations.
    elapsed time = 00:00:05, memory = 543.36 (MB).
    Completing 30% with 0 violations.
    elapsed time = 00:00:06, memory = 543.36 (MB).
    Completing 40% with 75 violations.
    elapsed time = 00:00:07, memory = 543.36 (MB).
    Completing 50% with 75 violations.
    elapsed time = 00:00:09, memory = 543.36 (MB).
    Completing 60% with 75 violations.
    elapsed time = 00:00:10, memory = 543.36 (MB).
    Completing 70% with 83 violations.
    elapsed time = 00:00:16, memory = 543.36 (MB).
    Completing 80% with 83 violations.
    elapsed time = 00:00:18, memory = 543.36 (MB).
    Completing 90% with 194 violations.
    elapsed time = 00:00:21, memory = 543.36 (MB).
    Completing 100% with 197 violations.
    elapsed time = 00:00:23, memory = 543.36 (MB).
[INFO DRT-0199]   Number of violations = 204.
Viol/Layer        met1   met2   met3
Metal Spacing       52     71      7
Recheck              2      5      0
Short               29     35      3
[INFO DRT-0267] cpu time = 00:00:23, elapsed time = 00:00:23, memory = 628.84 (MB), peak = 633.63 (MB)
Total wire length = 64320 um.
Total wire length on LAYER li1 = 0 um.
Total wire length on LAYER met1 = 28498 um.
Total wire length on LAYER met2 = 30561 um.
Total wire length on LAYER met3 = 4609 um.
Total wire length on LAYER met4 = 609 um.
Total wire length on LAYER met5 = 41 um.
Total number of vias = 17460.
Up-via summary (total 17460):

------------------------
 FR_MASTERSLICE        0
            li1     7964
           met1     9005
           met2      449
           met3       40
           met4        2
------------------------
               17460


[INFO DRT-0195] Start 1st optimization iteration.
    Completing 10% with 204 violations.
    elapsed time = 00:00:00, memory = 628.84 (MB).
    Completing 20% with 204 violations.
    elapsed time = 00:00:04, memory = 628.84 (MB).
    Completing 30% with 204 violations.
    elapsed time = 00:00:05, memory = 628.84 (MB).
    Completing 40% with 137 violations.
    elapsed time = 00:00:05, memory = 543.23 (MB).
    Completing 50% with 137 violations.
    elapsed time = 00:00:07, memory = 543.23 (MB).
    Completing 60% with 137 violations.
    elapsed time = 00:00:08, memory = 543.23 (MB).
    Completing 70% with 137 violations.
    elapsed time = 00:00:11, memory = 543.23 (MB).
    Completing 80% with 137 violations.
    elapsed time = 00:00:12, memory = 543.23 (MB).
    Completing 90% with 19 violations.
    elapsed time = 00:00:16, memory = 543.23 (MB).
    Completing 100% with 16 violations.
    elapsed time = 00:00:18, memory = 543.23 (MB).
[INFO DRT-0199]   Number of violations = 16.
Viol/Layer        met1
Metal Spacing       10
Short                6
[INFO DRT-0267] cpu time = 00:00:18, elapsed time = 00:00:18, memory = 628.78 (MB), peak = 633.63 (MB)
Total wire length = 64288 um.
Total wire length on LAYER li1 = 0 um.
Total wire length on LAYER met1 = 28466 um.
Total wire length on LAYER met2 = 30524 um.
Total wire length on LAYER met3 = 4619 um.
Total wire length on LAYER met4 = 617 um.
Total wire length on LAYER met5 = 61 um.
Total number of vias = 17448.
Up-via summary (total 17448):

------------------------
 FR_MASTERSLICE        0
            li1     7964
           met1     8997
           met2      445
           met3       40
           met4        2
------------------------
               17448


[INFO DRT-0195] Start 2nd optimization iteration.
    Completing 10% with 16 violations.
    elapsed time = 00:00:00, memory = 628.78 (MB).
    Completing 20% with 16 violations.
    elapsed time = 00:00:00, memory = 628.78 (MB).
    Completing 30% with 16 violations.
    elapsed time = 00:00:00, memory = 628.78 (MB).
    Completing 40% with 16 violations.
    elapsed time = 00:00:00, memory = 628.78 (MB).
    Completing 50% with 16 violations.
    elapsed time = 00:00:00, memory = 628.78 (MB).
    Completing 60% with 16 violations.
    elapsed time = 00:00:00, memory = 628.78 (MB).
    Completing 70% with 16 violations.
    elapsed time = 00:00:00, memory = 628.78 (MB).
    Completing 80% with 16 violations.
    elapsed time = 00:00:00, memory = 628.78 (MB).
    Completing 90% with 16 violations.
    elapsed time = 00:00:01, memory = 628.78 (MB).
    Completing 100% with 3 violations.
    elapsed time = 00:00:02, memory = 543.23 (MB).
[INFO DRT-0199]   Number of violations = 3.
Viol/Layer        met1
Metal Spacing        1
Short                2
[INFO DRT-0267] cpu time = 00:00:02, elapsed time = 00:00:02, memory = 628.77 (MB), peak = 633.63 (MB)
Total wire length = 64290 um.
Total wire length on LAYER li1 = 0 um.
Total wire length on LAYER met1 = 28460 um.
Total wire length on LAYER met2 = 30523 um.
Total wire length on LAYER met3 = 4627 um.
Total wire length on LAYER met4 = 617 um.
Total wire length on LAYER met5 = 61 um.
Total number of vias = 17450.
Up-via summary (total 17450):

------------------------
 FR_MASTERSLICE        0
            li1     7964
           met1     8997
           met2      447
           met3       40
           met4        2
------------------------
               17450


[INFO DRT-0195] Start 3rd guides tiles iteration.
    Completing 50% with 3 violations.
    elapsed time = 00:00:00, memory = 628.77 (MB).
    Completing 100% with 0 violations.
    elapsed time = 00:00:00, memory = 628.77 (MB).
[INFO DRT-0199]   Number of violations = 0.
[INFO DRT-0267] cpu time = 00:00:00, elapsed time = 00:00:00, memory = 628.77 (MB), peak = 633.63 (MB)
Total wire length = 64298 um.
Total wire length on LAYER li1 = 0 um.
Total wire length on LAYER met1 = 28460 um.
Total wire length on LAYER met2 = 30479 um.
Total wire length on LAYER met3 = 4635 um.
Total wire length on LAYER met4 = 660 um.
Total wire length on LAYER met5 = 61 um.
Total number of vias = 17458.
Up-via summary (total 17458):

------------------------
 FR_MASTERSLICE        0
            li1     7964
           met1     8996
           met2      453
           met3       43
           met4        2
------------------------
               17458


[INFO DRT-0198] Complete detail routing.
Total wire length = 64298 um.
Total wire length on LAYER li1 = 0 um.
Total wire length on LAYER met1 = 28460 um.
Total wire length on LAYER met2 = 30479 um.
Total wire length on LAYER met3 = 4635 um.
Total wire length on LAYER met4 = 660 um.
Total wire length on LAYER met5 = 61 um.
Total number of vias = 17458.
Up-via summary (total 17458):

------------------------
 FR_MASTERSLICE        0
            li1     7964
           met1     8996
           met2      453
           met3       43
           met4        2
------------------------
               17458


[INFO DRT-0267] cpu time = 00:00:45, elapsed time = 00:00:45, memory = 628.77 (MB), peak = 633.63 (MB)

[INFO DRT-0180] Post processing.
[INFO DRT-0501] Runtime: 88.97s
===KLT_ANTENNA_VIOLATIONS_BEGIN===
[INFO ANT-0002] Found 0 net violations.
[INFO ANT-0001] Found 0 pin violations.
===KLT_ANTENNA_VIOLATIONS_END===
[INFO DPL-0001] Placed 3758 filler instances.
[WARNING EST-0026] Missing route to pin _1930_/Y in net _0003_[6].
[WARNING EST-0026] Missing route to pin _3381_/D in net _0004_[14].
[WARNING EST-0026] Missing route to pin _2202_/Y in net _0006_[11].
[WARNING EST-0026] Missing route to pin _3147_/Y in net _0006_[15].
[WARNING EST-0026] Missing route to pin _2227_/Y in net _0006_[3].
[WARNING EST-0026] Missing route to pin _3494_/D in net _0007_[2].
[WARNING EST-0026] Missing route to pin _2914_/Y in net _0008_[4].
[WARNING EST-0026] Missing route to pin _3630_/D in net _0008_[5].
[WARNING EST-0026] Missing route to pin _3632_/D in net _0008_[7].
[WARNING EST-0026] Missing route to pin _3657_/D in net _0009_[0].
[WARNING EST-0026] Missing route to pin _3660_/D in net _0009_[3].
[WARNING EST-0026] Missing route to pin _3039_/Y in net _0010_[11].
[WARNING EST-0026] Missing route to pin _3704_/D in net _0010_[15].
[WARNING EST-0026] Missing route to pin _3706_/D in net _0010_[17].
[WARNING EST-0026] Missing route to pin _3030_/Y in net _0010_[19].
[WARNING EST-0026] Missing route to pin _3710_/D in net _0010_[21].
[WARNING EST-0026] Missing route to pin _3019_/Y in net _0010_[29].
[WARNING EST-0026] Missing route to pin _3695_/D in net _0010_[6].
[WARNING EST-0026] Missing route to pin _3722_/D in net _0011_[1].
[WARNING EST-0026] Missing route to pin _1694_/Y in net _0011_[23].
[WARNING EST-0026] Missing route to pin _3745_/D in net _0011_[24].
[WARNING EST-0026] Missing route to pin _1689_/Y in net _0011_[24].
[WARNING EST-0026] Missing route to pin _3749_/D in net _0011_[28].
[WARNING EST-0026] Missing route to pin _3729_/D in net _0011_[8].
[WARNING EST-0026] Missing route to pin _2094_/Y in net _0013_[28].
[WARNING EST-0026] Missing route to pin _2166_/Y in net _0013_[6].
[WARNING EST-0026] Missing route to pin _3485_/D in net _0015_[2].
[WARNING EST-0026] Missing route to pin _2343_/Y in net _0015_[2].
[WARNING EST-0026] Missing route to pin _2340_/Y in net _0015_[3].
[WARNING EST-0026] Missing route to pin _3150_/X in net _0015_[5].
[WARNING EST-0026] Missing route to pin _3510_/D in net _0017_[13].
[WARNING EST-0026] Missing route to pin _3520_/D in net _0017_[23].
[WARNING EST-0026] Missing route to pin _3521_/D in net _0017_[24].
[WARNING EST-0026] Missing route to pin _2467_/Y in net _0017_[27].
[WARNING EST-0026] Missing route to pin _3528_/D in net _0017_[31].
[WARNING EST-0026] Missing route to pin _2572_/Y in net _0017_[8].
[WARNING EST-0026] Missing route to pin _3506_/D in net _0017_[9].
[WARNING EST-0026] Missing route to pin _3554_/D in net _0018_[25].
[WARNING EST-0026] Missing route to pin _3531_/D in net _0018_[2].
[WARNING EST-0026] Missing route to pin _3559_/D in net _0018_[30].
[WARNING EST-0026] Missing route to pin _2722_/Y in net _0018_[4].
[WARNING EST-0026] Missing route to pin _3536_/D in net _0018_[7].
[WARNING EST-0026] Missing route to pin _2776_/X in net _0019_[12].
[WARNING EST-0026] Missing route to pin _2775_/X in net _0019_[13].
[WARNING EST-0026] Missing route to pin _2766_/Y in net _0019_[18].
[WARNING EST-0026] Missing route to pin _3580_/D in net _0019_[19].
[WARNING EST-0026] Missing route to pin _2792_/Y in net _0019_[1].
[WARNING EST-0026] Missing route to pin _2743_/Y in net _0019_[29].
[WARNING EST-0026] Missing route to pin _3565_/D in net _0019_[4].
[WARNING EST-0026] Missing route to pin _3570_/D in net _0019_[9].
[WARNING EST-0026] Missing route to pin _1557_/Y in net _0020_[18].
[WARNING EST-0026] Missing route to pin _3612_/D in net _0020_[19].
[WARNING EST-0026] Missing route to pin _1638_/Y in net _0020_[1].
[WARNING EST-0026] Missing route to pin _1515_/Y in net _0020_[24].
[WARNING EST-0026] Missing route to pin _3595_/D in net _0020_[2].
[WARNING EST-0026] Missing route to pin _3623_/D in net _0020_[30].
[WARNING EST-0026] Missing route to pin _1630_/Y in net _0020_[3].
[WARNING EST-0026] Missing route to pin _2334_/Y in net _0022_[0].
[WARNING EST-0026] Missing route to pin _3462_/D in net _0022_[11].
[WARNING EST-0026] Missing route to pin _2278_/Y in net _0022_[18].
[WARNING EST-0026] Missing route to pin _3470_/D in net _0022_[19].
[WARNING EST-0026] Missing route to pin _2272_/Y in net _0022_[20].
[WARNING EST-0026] Missing route to pin _2266_/Y in net _0022_[22].
[WARNING EST-0026] Missing route to pin _3474_/D in net _0022_[23].
[WARNING EST-0026] Missing route to pin _3125_/Y in net _0023_.
[WARNING EST-0026] Missing route to pin _1891_/Y in net _0024_[1].
[WARNING EST-0026] Missing route to pin _3396_/D in net _0026_[13].
[WARNING EST-0026] Missing route to pin _3385_/D in net _0026_[2].
[WARNING EST-0026] Missing route to pin _2059_/Y in net _0026_[3].
[WARNING EST-0026] Missing route to pin _3387_/D in net _0026_[4].
[WARNING EST-0026] Missing route to pin _2047_/Y in net _0026_[8].
[WARNING EST-0026] Missing route to pin _2367_/Y in net _0027_.
[WARNING EST-0026] Missing route to pin _3205_/Y in net _0034_.
[WARNING EST-0026] Missing route to pin _3321_/D in net _0035_.
[WARNING EST-0026] Missing route to pin _3213_/Y in net _0038_.
[WARNING EST-0026] Missing route to pin _3217_/Y in net _0040_.
[WARNING EST-0026] Missing route to pin _3237_/Y in net _0045_.
[WARNING EST-0026] Missing route to pin _3249_/X in net _0049_.
[WARNING EST-0026] Missing route to pin _3306_/D in net _0050_.
[WARNING EST-0026] Missing route to pin _3305_/D in net _0051_.
[WARNING EST-0026] Missing route to pin _3262_/Y in net _0052_.
[WARNING EST-0026] Missing route to pin _3271_/Y in net _0054_.
[WARNING EST-0026] Missing route to pin _3300_/D in net _0056_.
[WARNING EST-0026] Missing route to pin _3291_/Y in net _0058_.
[WARNING EST-0026] Missing route to pin _1474_/Y in net _0061_.
[WARNING EST-0026] Missing route to pin _1476_/Y in net _0063_.
[WARNING EST-0026] Missing route to pin _1492_/Y in net _0077_.
[WARNING EST-0026] Missing route to pin _1493_/Y in net _0078_.
[WARNING EST-0026] Missing route to pin _1595_/A1 in net _0083_.
[WARNING EST-0026] Missing route to pin _1499_/Y in net _0083_.
[WARNING EST-0026] Missing route to pin _1507_/Y in net _0090_.
[WARNING EST-0026] Missing route to pin _1512_/Y in net _0094_.
[WARNING EST-0026] Missing route to pin _1538_/Y in net _0117_.
[WARNING EST-0026] Missing route to pin _1542_/Y in net _0120_.
[WARNING EST-0026] Missing route to pin _1549_/Y in net _0126_.
[WARNING EST-0026] Missing route to pin _1554_/Y in net _0130_.
[WARNING EST-0026] Missing route to pin _1555_/Y in net _0131_.
[WARNING EST-0026] Missing route to pin _1559_/Y in net _0134_.
[WARNING EST-0026] Missing route to pin _1595_/A2 in net _0141_.
[WARNING EST-0026] Missing route to pin _1952_/A in net net37.
[WARNING EST-0026] Missing route to pin _1576_/Y in net _0148_.
[WARNING EST-0026] Missing route to pin _1595_/B1 in net _0162_.
[WARNING EST-0026] Missing route to pin _1594_/Y in net _0162_.
[WARNING EST-0026] Missing route to pin _1603_/Y in net _0169_.
[WARNING EST-0026] Missing route to pin _1608_/B1 in net _0172_.
[WARNING EST-0026] Missing route to pin _1609_/Y in net _0174_.
[WARNING EST-0026] Missing route to pin _2585_/A1 in net _0177_.
[WARNING EST-0026] Missing route to pin _1628_/B1 in net _0188_.
[WARNING EST-0026] Missing route to pin _1629_/Y in net _0190_.
[WARNING EST-0026] Missing route to pin _1644_/B in net _0199_.
[WARNING EST-0026] Missing route to pin _1644_/X in net _0200_.
[WARNING EST-0026] Missing route to pin _1657_/Y in net _0212_.
[WARNING EST-0026] Missing route to pin _2409_/B in net _0222_.
[WARNING EST-0026] Missing route to pin _1682_/Y in net _0233_.
[WARNING EST-0026] Missing route to pin _1695_/Y in net _0242_.
[WARNING EST-0026] Missing route to pin _1697_/X in net _0244_.
[WARNING EST-0026] Missing route to pin _1701_/Y in net _0246_.
[WARNING EST-0026] Missing route to pin _1705_/Y in net _0248_.
[WARNING EST-0026] Missing route to pin _1728_/Y in net _0263_.
[WARNING EST-0026] Missing route to pin _1729_/X in net _0264_.
[WARNING EST-0026] Missing route to pin _3043_/A1 in net _0271_.
[WARNING EST-0026] Missing route to pin _3047_/A1 in net _0279_.
[WARNING EST-0026] Missing route to pin _1753_/Y in net _0280_.
[WARNING EST-0026] Missing route to pin _1763_/X in net _0288_.
[WARNING EST-0026] Missing route to pin _1790_/X in net _0304_.
[WARNING EST-0026] Missing route to pin _1792_/X in net _0306_.
[WARNING EST-0026] Missing route to pin _1890_/A1 in net _0313_.
[WARNING EST-0026] Missing route to pin _1803_/Y in net _0317_.
[WARNING EST-0026] Missing route to pin _1807_/B in net _0319_.
[WARNING EST-0026] Missing route to pin _3232_/B2 in net net42.
[WARNING EST-0026] Missing route to pin _1839_/B in net _0350_.
[WARNING EST-0026] Missing route to pin _1839_/C in net _0351_.
[WARNING EST-0026] Missing route to pin _1838_/Y in net _0352_.
[WARNING EST-0026] Missing route to pin _1839_/Y in net _0353_.
[WARNING EST-0026] Missing route to pin _1847_/B1 in net _0356_.
[WARNING EST-0026] Missing route to pin _1845_/X in net _0359_.
[WARNING EST-0026] Missing route to pin _2012_/B1 in net _0381_.
[WARNING EST-0026] Missing route to pin _1877_/Y in net _0389_.
[WARNING EST-0026] Missing route to pin _1878_/Y in net _0390_.
[WARNING EST-0026] Missing route to pin _1882_/Y in net _0393_.
[WARNING EST-0026] Missing route to pin _1890_/Y in net _0399_.
[WARNING EST-0026] Missing route to pin _1892_/Y in net _0400_.
[WARNING EST-0026] Missing route to pin _1893_/Y in net _0401_.
[WARNING EST-0026] Missing route to pin _1903_/B in net _0406_.
[WARNING EST-0026] Missing route to pin _1906_/Y in net _0411_.
[WARNING EST-0026] Missing route to pin _1952_/B in net _0416_.
[WARNING EST-0026] Missing route to pin _1914_/Y in net _0417_.
[WARNING EST-0026] Missing route to pin _1919_/Y in net _0421_.
[WARNING EST-0026] Missing route to pin _1925_/Y in net _0426_.
[WARNING EST-0026] Missing route to pin _1929_/Y in net _0428_.
[WARNING EST-0026] Missing route to pin _1933_/Y in net _0430_.
[WARNING EST-0026] Missing route to pin _1952_/Y in net _0443_.
[WARNING EST-0026] Missing route to pin _1965_/Y in net _0452_.
[WARNING EST-0026] Missing route to pin _2012_/B2 in net _0488_.
[WARNING EST-0026] Missing route to pin _2023_/Y in net _0498_.
[WARNING EST-0026] Missing route to pin _2059_/B1 in net _0524_.
[WARNING EST-0026] Missing route to pin _3368_/CLK in net clknet_leaf_42_clk.
[WARNING EST-0026] Missing route to pin _2069_/Y in net _0531_.
[WARNING EST-0026] Missing route to pin _2093_/Y in net _0553_.
[WARNING EST-0026] Missing route to pin _3539_/CLK in net clknet_leaf_39_clk.
[WARNING EST-0026] Missing route to pin _2105_/Y in net _0562_.
[WARNING EST-0026] Missing route to pin _2161_/Y in net _0600_.
[WARNING EST-0026] Missing route to pin _2162_/Y in net _0601_.
[WARNING EST-0026] Missing route to pin _2164_/Y in net _0602_.
[WARNING EST-0026] Missing route to pin _2165_/Y in net _0603_.
[WARNING EST-0026] Missing route to pin _2170_/Y in net _0606_.
[WARNING EST-0026] Missing route to pin _2183_/Y in net _0615_.
[WARNING EST-0026] Missing route to pin _2191_/Y in net _0621_.
[WARNING EST-0026] Missing route to pin _2193_/Y in net _0623_.
[WARNING EST-0026] Missing route to pin _2207_/Y in net _0633_.
[WARNING EST-0026] Missing route to pin _2210_/Y in net _0635_.
[WARNING EST-0026] Missing route to pin _2222_/Y in net _0644_.
[WARNING EST-0026] Missing route to pin _2235_/Y in net _0651_.
[WARNING EST-0026] Missing route to pin _2245_/Y in net _0659_.
[WARNING EST-0026] Missing route to pin _2254_/Y in net _0665_.
[WARNING EST-0026] Missing route to pin _2270_/Y in net _0676_.
[WARNING EST-0026] Missing route to pin _2232_/A2 in net net35.
[WARNING EST-0026] Missing route to pin _2283_/Y in net _0685_.
[WARNING EST-0026] Missing route to pin _2305_/Y in net _0700_.
[WARNING EST-0026] Missing route to pin _2312_/X in net _0705_.
[WARNING EST-0026] Missing route to pin _2326_/Y in net _0714_.
[WARNING EST-0026] Missing route to pin _2336_/Y in net _0721_.
[WARNING EST-0026] Missing route to pin _2347_/B1 in net _0727_.
[WARNING EST-0026] Missing route to pin _2346_/Y in net _0727_.
[WARNING EST-0026] Missing route to pin _2349_/Y in net _0729_.
[WARNING EST-0026] Missing route to pin _2362_/Y in net _0739_.
[WARNING EST-0026] Missing route to pin _2366_/X in net _0743_.
[WARNING EST-0026] Missing route to pin _2394_/Y in net _0767_.
[WARNING EST-0026] Missing route to pin _2431_/Y in net _0800_.
[WARNING EST-0026] Missing route to pin _2443_/Y in net _0812_.
[WARNING EST-0026] Missing route to pin _2464_/Y in net _0830_.
[WARNING EST-0026] Missing route to pin _2471_/Y in net _0836_.
[WARNING EST-0026] Missing route to pin _2501_/A1 in net _0860_.
[WARNING EST-0026] Missing route to pin _2500_/Y in net _0860_.
[WARNING EST-0026] Missing route to pin _2502_/Y in net _0861_.
[WARNING EST-0026] Missing route to pin _2503_/Y in net _0862_.
[WARNING EST-0026] Missing route to pin _2504_/Y in net _0863_.
[WARNING EST-0026] Missing route to pin _2505_/Y in net _0864_.
[WARNING EST-0026] Missing route to pin _3217_/A2 in net _0866_.
[WARNING EST-0026] Missing route to pin _2517_/Y in net _0873_.
[WARNING EST-0026] Missing route to pin _2518_/Y in net _0874_.
[WARNING EST-0026] Missing route to pin _2543_/Y in net _0895_.
[WARNING EST-0026] Missing route to pin _2548_/Y in net _0899_.
[WARNING EST-0026] Missing route to pin _2554_/Y in net _0904_.
[WARNING EST-0026] Missing route to pin _2578_/Y in net _0924_.
[WARNING EST-0026] Missing route to pin _2580_/Y in net _0926_.
[WARNING EST-0026] Missing route to pin _2619_/Y in net _0958_.
[WARNING EST-0026] Missing route to pin _2624_/A2 in net _0959_.
[WARNING EST-0026] Missing route to pin _2622_/Y in net _0961_.
[WARNING EST-0026] Missing route to pin _3494_/CLK in net clknet_leaf_54_clk.
[WARNING EST-0026] Missing route to pin _2632_/Y in net _0969_.
[WARNING EST-0026] Missing route to pin _2652_/Y in net _0983_.
[WARNING EST-0026] Missing route to pin _2654_/A1 in net _0984_.
[WARNING EST-0026] Missing route to pin _2667_/Y in net _0993_.
[WARNING EST-0026] Missing route to pin _2688_/Y in net _1008_.
[WARNING EST-0026] Missing route to pin _2693_/Y in net _1012_.
[WARNING EST-0026] Missing route to pin _2716_/Y in net _1029_.
[WARNING EST-0026] Missing route to pin _2725_/Y in net _1036_.
[WARNING EST-0026] Missing route to pin _1890_/A2 in net net25.
[WARNING EST-0026] Missing route to pin _2791_/Y in net _1069_.
[WARNING EST-0026] Missing route to pin _2795_/Y in net _1071_.
[WARNING EST-0026] Missing route to pin _2822_/Y in net _1094_.
[WARNING EST-0026] Missing route to pin _2840_/A1 in net _1107_.
[WARNING EST-0026] Missing route to pin _2839_/Y in net _1107_.
[WARNING EST-0026] Missing route to pin _2873_/Y in net _1131_.
[WARNING EST-0026] Missing route to pin _2884_/Y in net _1140_.
[WARNING EST-0026] Missing route to pin _2900_/A1 in net _1152_.
[WARNING EST-0026] Missing route to pin _2920_/Y in net _1168_.
[WARNING EST-0026] Missing route to pin _2946_/Y in net _1187_.
[WARNING EST-0026] Missing route to pin _2947_/Y in net _1188_.
[WARNING EST-0026] Missing route to pin _2807_/S in net net28.
[WARNING EST-0026] Missing route to pin _2978_/Y in net _1206_.
[WARNING EST-0026] Missing route to pin _3004_/Y in net _1223_.
[WARNING EST-0026] Missing route to pin _3015_/Y in net _1230_.
[WARNING EST-0026] Missing route to pin _3066_/B in net _1242_.
[WARNING EST-0026] Missing route to pin _3065_/Y in net _1242_.
[WARNING EST-0026] Missing route to pin place38/X in net net38.
[WARNING EST-0026] Missing route to pin _3114_/B in net _1268_.
[WARNING EST-0026] Missing route to pin _3113_/Y in net _1268_.
[WARNING EST-0026] Missing route to pin _3137_/Y in net _1282_.
[WARNING EST-0026] Missing route to pin _3161_/Y in net _1297_.
[WARNING EST-0026] Missing route to pin place27/X in net net27.
[WARNING EST-0026] Missing route to pin _3187_/Y in net _1315_.
[WARNING EST-0026] Missing route to pin place20/X in net net20.
[WARNING EST-0026] Missing route to pin _3195_/Y in net _1322_.
[WARNING EST-0026] Missing route to pin _3214_/Y in net _1332_.
[WARNING EST-0026] Missing route to pin _3236_/Y in net _1348_.
[WARNING EST-0026] Missing route to pin _3247_/Y in net _1355_.
[WARNING EST-0026] Missing route to pin _3265_/Y in net _1369_.
[WARNING EST-0026] Missing route to pin _3270_/Y in net _1373_.
[WARNING EST-0026] Missing route to pin clkbuf_leaf_10_clk/X in net clknet_leaf_10_clk.
[WARNING EST-0026] Missing route to pin _3657_/CLK in net clknet_leaf_4_clk.
[WARNING EST-0026] Missing route to pin _3686_/CLK in net clknet_leaf_3_clk.
[WARNING EST-0026] Missing route to pin _1483_/B in net _1417_.
[WARNING EST-0026] Missing route to pin _1492_/C in net _1422_.
[WARNING EST-0026] Missing route to pin _1753_/B in net net39.
[WARNING EST-0026] Missing route to pin _1733_/B in net net39.
[WARNING EST-0026] Missing route to pin _1467_/Y in net _1428_.
[WARNING EST-0026] Missing route to pin _3402_/Q in net al_startup.
[WARNING EST-0026] Missing route to pin _2349_/A1 in net al_startup.
[WARNING EST-0026] Missing route to pin _1643_/Y in net alarm.
[WARNING EST-0026] Missing route to pin _3380_/Q in net apt_matches[13].
[WARNING EST-0026] Missing route to pin _3368_/Q in net apt_matches[1].
[WARNING EST-0026] Missing route to pin _3369_/Q in net apt_matches[2].
[WARNING EST-0026] Missing route to pin _3226_/A in net bus_rdata_r[17].
[WARNING EST-0026] Missing route to pin _3323_/Q in net bus_rdata_r[26].
[WARNING EST-0026] Missing route to pin _3324_/Q in net bus_rdata_r[27].
[WARNING EST-0026] Missing route to pin _3259_/A1 in net bus_rdata_r[8].
[WARNING EST-0026] Missing route to pin _3445_/Q in net cond_count[10].
[WARNING EST-0026] Missing route to pin _3448_/Q in net cond_count[13].
[WARNING EST-0026] Missing route to pin _3636_/Q in net cond_mem\[0\][11].
[WARNING EST-0026] Missing route to pin _3630_/Q in net cond_mem\[0\][5].
[WARNING EST-0026] Missing route to pin _3633_/Q in net cond_mem\[0\][8].
[WARNING EST-0026] Missing route to pin _3660_/Q in net cond_mem\[1\][3].
[WARNING EST-0026] Missing route to pin _3689_/Q in net cond_mem\[2\][0].
[WARNING EST-0026] Missing route to pin _2978_/A1 in net cond_mem\[2\][13].
[WARNING EST-0026] Missing route to pin _3691_/Q in net cond_mem\[2\][2].
[WARNING EST-0026] Missing route to pin _3719_/Q in net cond_mem\[2\][30].
[WARNING EST-0026] Missing route to pin _1705_/A1 in net cond_mem\[3\][18].
[WARNING EST-0026] Missing route to pin _1701_/A1 in net cond_mem\[3\][20].
[WARNING EST-0026] Missing route to pin _3728_/Q in net cond_mem\[3\][7].
[WARNING EST-0026] Missing route to pin _3414_/Q in net crc_state[11].
[WARNING EST-0026] Missing route to pin _3425_/Q in net crc_state[22].
[WARNING EST-0026] Missing route to pin _3405_/Q in net crc_state[2].
[WARNING EST-0026] Missing route to pin _3406_/Q in net crc_state[3].
[WARNING EST-0026] Missing route to pin _3411_/Q in net crc_state[8].
[WARNING EST-0026] Missing route to pin _3082_/Y in net out_data[18].
[WARNING EST-0026] Missing route to pin _3078_/Y in net out_data[20].
[WARNING EST-0026] Missing route to pin _3074_/Y in net out_data[22].
[WARNING EST-0026] Missing route to pin _3071_/Y in net out_data[23].
[WARNING EST-0026] Missing route to pin _3066_/Y in net out_data[25].
[WARNING EST-0026] Missing route to pin _3064_/Y in net out_data[26].
[WARNING EST-0026] Missing route to pin _3114_/Y in net out_data[3].
[WARNING EST-0026] Missing route to pin _3110_/Y in net out_data[5].
[WARNING EST-0026] Missing route to pin _3108_/Y in net out_data[6].
[WARNING EST-0026] Missing route to pin _2347_/A1 in net raw_count[0].
[WARNING EST-0026] Missing route to pin _3485_/Q in net raw_count[2].
[WARNING EST-0026] Missing route to pin _1542_/A in net raw_count[3].
[WARNING EST-0026] Missing route to pin _3509_/Q in net raw_mem\[0\][12].
[WARNING EST-0026] Missing route to pin _3516_/Q in net raw_mem\[0\][19].
[WARNING EST-0026] Missing route to pin _3520_/Q in net raw_mem\[0\][23].
[WARNING EST-0026] Missing route to pin _3539_/Q in net raw_mem\[1\][10].
[WARNING EST-0026] Missing route to pin _2510_/A1 in net raw_mem\[1\][19].
[WARNING EST-0026] Missing route to pin _3549_/Q in net raw_mem\[1\][20].
[WARNING EST-0026] Missing route to pin _3532_/Q in net raw_mem\[1\][3].
[WARNING EST-0026] Missing route to pin _3575_/Q in net raw_mem\[2\][14].
[WARNING EST-0026] Missing route to pin _2671_/A1 in net raw_mem\[2\][17].
[WARNING EST-0026] Missing route to pin _3570_/Q in net raw_mem\[2\][9].
[WARNING EST-0026] Missing route to pin _3619_/Q in net raw_mem\[3\][26].
[WARNING EST-0026] Missing route to pin _3595_/Q in net raw_mem\[3\][2].
[WARNING EST-0026] Missing route to pin _3601_/Q in net raw_mem\[3\][8].
[WARNING EST-0026] Missing route to pin _2293_/A1 in net raw_sr[13].
[WARNING EST-0026] Missing route to pin _3477_/Q in net raw_sr[26].
[WARNING EST-0026] Missing route to pin _2249_/A1 in net raw_sr[27].
[WARNING EST-0026] Missing route to pin _1608_/A1 in net raw_sr[7].
[WARNING EST-0026] Missing route to pin _1885_/A1 in net rct_count[1].
[WARNING EST-0026] Missing route to pin _1790_/C in net rct_count[2].
[WARNING EST-0026] Missing route to pin _3340_/Q in net rct_count[6].
[WARNING EST-0026] Missing route to pin _3752_/RESET_B in net rst_n.
[WARNING EST-0026] Missing route to pin _3744_/RESET_B in net rst_n.
[WARNING EST-0026] Missing route to pin _3724_/RESET_B in net rst_n.
[WARNING EST-0026] Missing route to pin _3720_/RESET_B in net rst_n.
[WARNING EST-0026] Missing route to pin _3710_/RESET_B in net rst_n.
[WARNING EST-0026] Missing route to pin _3706_/RESET_B in net rst_n.
[WARNING EST-0026] Missing route to pin _3701_/RESET_B in net rst_n.
[WARNING EST-0026] Missing route to pin _3688_/RESET_B in net rst_n.
[WARNING EST-0026] Missing route to pin _3672_/RESET_B in net rst_n.
[WARNING EST-0026] Missing route to pin _3664_/RESET_B in net rst_n.
[WARNING EST-0026] Missing route to pin _3661_/RESET_B in net rst_n.
[WARNING EST-0026] Missing route to pin _3650_/RESET_B in net rst_n.
[WARNING EST-0026] Missing route to pin _3646_/RESET_B in net rst_n.
[WARNING EST-0026] Missing route to pin _3617_/RESET_B in net rst_n.
[WARNING EST-0026] Missing route to pin _3614_/RESET_B in net rst_n.
[WARNING EST-0026] Missing route to pin _3610_/RESET_B in net rst_n.
[WARNING EST-0026] Missing route to pin _3601_/RESET_B in net rst_n.
[WARNING EST-0026] Missing route to pin _3585_/RESET_B in net rst_n.
[WARNING EST-0026] Missing route to pin _3583_/RESET_B in net rst_n.
[WARNING EST-0026] Missing route to pin _3578_/RESET_B in net rst_n.
[WARNING EST-0026] Missing route to pin _3571_/RESET_B in net rst_n.
[WARNING EST-0026] Missing route to pin _3570_/RESET_B in net rst_n.
[WARNING EST-0026] Missing route to pin _3569_/RESET_B in net rst_n.
[WARNING EST-0026] Missing route to pin _3559_/RESET_B in net rst_n.
[WARNING EST-0026] Missing route to pin _3547_/RESET_B in net rst_n.
[WARNING EST-0026] Missing route to pin _3540_/RESET_B in net rst_n.
[WARNING EST-0026] Missing route to pin _3538_/RESET_B in net rst_n.
[WARNING EST-0026] Missing route to pin _3536_/RESET_B in net rst_n.
[WARNING EST-0026] Missing route to pin _3534_/RESET_B in net rst_n.
[WARNING EST-0026] Missing route to pin _3528_/RESET_B in net rst_n.
[WARNING EST-0026] Missing route to pin _3519_/RESET_B in net rst_n.
[WARNING EST-0026] Missing route to pin _3516_/RESET_B in net rst_n.
[WARNING EST-0026] Missing route to pin _3506_/RESET_B in net rst_n.
[WARNING EST-0026] Missing route to pin _3505_/RESET_B in net rst_n.
[WARNING EST-0026] Missing route to pin _3503_/RESET_B in net rst_n.
[WARNING EST-0026] Missing route to pin _3502_/RESET_B in net rst_n.
[WARNING EST-0026] Missing route to pin _3494_/RESET_B in net rst_n.
[WARNING EST-0026] Missing route to pin _3492_/RESET_B in net rst_n.
[WARNING EST-0026] Missing route to pin _3487_/RESET_B in net rst_n.
[WARNING EST-0026] Missing route to pin _3477_/RESET_B in net rst_n.
[WARNING EST-0026] Missing route to pin _3466_/RESET_B in net rst_n.
[WARNING EST-0026] Missing route to pin _3464_/RESET_B in net rst_n.
[WARNING EST-0026] Missing route to pin _3448_/RESET_B in net rst_n.
[WARNING EST-0026] Missing route to pin _3447_/RESET_B in net rst_n.
[WARNING EST-0026] Missing route to pin _3436_/RESET_B in net rst_n.
[WARNING EST-0026] Missing route to pin _3430_/SET_B in net rst_n.
[WARNING EST-0026] Missing route to pin _3425_/SET_B in net rst_n.
[WARNING EST-0026] Missing route to pin _3422_/SET_B in net rst_n.
[WARNING EST-0026] Missing route to pin _3412_/SET_B in net rst_n.
[WARNING EST-0026] Missing route to pin _3404_/SET_B in net rst_n.
[WARNING EST-0026] Missing route to pin _3397_/RESET_B in net rst_n.
[WARNING EST-0026] Missing route to pin _3394_/RESET_B in net rst_n.
[WARNING EST-0026] Missing route to pin _3391_/RESET_B in net rst_n.
[WARNING EST-0026] Missing route to pin _3390_/RESET_B in net rst_n.
[WARNING EST-0026] Missing route to pin _3389_/RESET_B in net rst_n.
[WARNING EST-0026] Missing route to pin _3384_/RESET_B in net rst_n.
[WARNING EST-0026] Missing route to pin _3376_/RESET_B in net rst_n.
[WARNING EST-0026] Missing route to pin _3375_/RESET_B in net rst_n.
[WARNING EST-0026] Missing route to pin _3374_/RESET_B in net rst_n.
[WARNING EST-0026] Missing route to pin _3372_/RESET_B in net rst_n.
[WARNING EST-0026] Missing route to pin _3371_/RESET_B in net rst_n.
[WARNING EST-0026] Missing route to pin _3370_/RESET_B in net rst_n.
[WARNING EST-0026] Missing route to pin _3362_/RESET_B in net rst_n.
[WARNING EST-0026] Missing route to pin _3358_/RESET_B in net rst_n.
[WARNING EST-0026] Missing route to pin _3357_/RESET_B in net rst_n.
[WARNING EST-0026] Missing route to pin _3356_/RESET_B in net rst_n.
[WARNING EST-0026] Missing route to pin _3355_/RESET_B in net rst_n.
[WARNING EST-0026] Missing route to pin _3352_/RESET_B in net rst_n.
[WARNING EST-0026] Missing route to pin _3348_/RESET_B in net rst_n.
[WARNING EST-0026] Missing route to pin _3347_/RESET_B in net rst_n.
[WARNING EST-0026] Missing route to pin _3346_/RESET_B in net rst_n.
[WARNING EST-0026] Missing route to pin _3345_/RESET_B in net rst_n.
[WARNING EST-0026] Missing route to pin _3343_/RESET_B in net rst_n.
[WARNING EST-0026] Missing route to pin _3338_/RESET_B in net rst_n.
[WARNING EST-0026] Missing route to pin _3337_/RESET_B in net rst_n.
[WARNING EST-0026] Missing route to pin _3303_/RESET_B in net rst_n.
[WARNING EST-0026] Missing route to pin _2012_/A1 in net startup_count[14].
[WARNING EST-0026] Missing route to pin _1644_/A in net startup_done_r.
[WARNING EST-0026] Missing route to pin _2561_/S in net net22.
[WARNING EST-0026] Missing route to pin _2556_/S in net net22.
[WARNING EST-0026] Missing route to pin _2786_/S in net net23.
===KLT_SETUP_VIOLATIONS_BEGIN===
No paths found.

===KLT_SETUP_VIOLATIONS_END===
===KLT_HOLD_VIOLATIONS_BEGIN===
No paths found.

===KLT_HOLD_VIOLATIONS_END===
