|* Post-layout sampler_core (whole composed cell -- four skewed rings, four
|* output buffers, the three-xor2 combining tree, AND all six sampler_dff
|* instances) with the shared substrate node left FLOATING -- the
|* sampler_core-scope sibling of
|* sim/post-layout-ro-array-core/testbench/tb_post_layout_ro_array_core_substrate_float.spice,
|* now with the six-instance digitizer bank physically present on the same
|* shared substrate for the first time (the array-scope deck it extends from
|* has no samplers at all, in its netlist or in its extraction).
|*
|* Purpose (DR-0003 section 8's inter-ring decorrelation gap; DR-0006's own
|* "Follow-up required" section names sampler_core as the one remaining
|* hierarchy level with no substrate-coupling measurement of its own). This
|* deck differs from
|* sim/post-layout-sampler-core/testbench/tb_post_layout_sampler_core.spice's
|* post-layout half in exactly one respect: that deck ties `vsubs` hard to 0
|* (`Vsub vsubs 0 dc 0`), this one does not tie it at all, leaving it on
|* layout/pex-sampler-core/sampler_core_pex.spice's own
|* `Rvsubs_dctie vsubs 0 1e+12` (klayout-tools#1503). The pair brackets the
|* real answer the same way DR-0005 (ring scope) and DR-0006 (array scope)
|* did:
|*
|*   TIED   (sim/post-layout-sampler-core/'s own already-landed records) --
|*          ideal zero-impedance substrate, no inter-ring coupling possible
|*          by construction.
|*   FLOAT  (this deck) -- ideal infinite-impedance shared substrate: every
|*          ring's (and every sampler's) switching current is forced through
|*          the shared node's capacitance and into every other block sharing
|*          it.
|*
|* No pre-layout control: a pre-layout netlist has no substrate node, so it
|* has nothing to say about this question (same choice every prior
|* substrate-bracket deck in this repo makes). Dropping the pre-layout half
|* is also what makes this deck roughly half the cost of the tied deck it is
|* compared against, at no loss of comparability -- the tied deck's own
|* post-layout measurements are taken on the same nodes, with the same
|* estimators, in the same deck-local time windows.
|*
|* Stimulus is copied verbatim from tb_post_layout_sampler_core.spice's own
|* post-layout half (same en1-4/rst_n/clk timeline), so the six samplers see
|* an identical reset-release and clock history in TIED/FLOAT/SOLO. Their own
|* switching activity is then common to all three decks and cancels out of
|* the loading/coupling decomposition the sibling _solo deck computes,
|* isolating the ring-to-ring term DR-0003 section 8 actually asks about.
|*
|* TWO measurement windows, and the honest statement of what each contains.
|* The primary period estimator (`p_tr1`-`p_tr4`, rise=3 -> rise=13) is
|* copied verbatim from the tied deck so the three decks are comparable line
|* for line -- but at this design's post-layout ring periods (3.8-11.7 ns,
|* per the tied deck's own committed records) those thirteen rising edges all
|* fall inside the first ~100 ns of the run, i.e. BEFORE `rst_n` releases at
|* 300 ns and before `clk` starts at 320 ns. In that window the six samplers
|* are held in reset: their real `d`-pin fan-out load, their real extracted
|* capacitance to the shared substrate, and their real physical placement
|* beside the array are all present, but they are not switching. That window
|* is therefore a strictly-larger-scope repeat of DR-0006's array-scope
|* bracket (same measurement, more silicon on the shared node), not a
|* measurement of a new mechanism.
|*
|* The second estimator (`p_tr1_clk`-`p_tr4_clk`) is the new one: a
|* ten-period average taken from the first rising edge after 400 ns, i.e.
|* squarely inside the clocked window (clk rises at 320/420/520/620/720 ns),
|* with all six sampler_dff instances actually latching. It is written with
|* `TRIG`/`TARG ... TD=400n` rather than a fixed rise index on purpose: the
|* ring period varies 3.1x across this repo's PVT grid, so no single rise
|* index lands inside the clocked window at every corner, while a
|* time-gated trigger does. There is no TIED counterpart for this second
|* estimator (the tied records are already minted and are not re-run here),
|* so it yields a `coupling` figure -- float minus solo, both measured here
|* -- but no `loading` figure. That asymmetry is stated in the record rather
|* than papered over.
|*
|* Global substrate addressing, corrected. DR-0006's own array-scope
|* discovery ("A testbench defect, caught and documented rather than
|* silently fixed"): `vsubs` is `.global`-declared in
|* layout/pex-sampler-core/sampler_core_pex.spice (klayout-tools#1503's own
|* workaround), so it is the SAME node everywhere in this deck and must be
|* addressed as `v(vsubs)` directly, never `v(xarr.vsubs)` -- the
|* hierarchical form silently resolves to "no such vector" and DR-0006's own
|* array-scope float/solo decks paid that cost (their own substrate swing
|* measurement did not resolve). This deck uses the corrected form from the
|* start, and splits the swing into two windows so the reset-held one
|* (100-300 ns: rings running, samplers static) is directly comparable with
|* DR-0005's own ring-scope figures, while the clocked one (400-600 ns) adds
|* what the digitizer bank's own switching puts onto the same node.
|*
|* Window / memory. Without an explicit `.save`, ngspice retains a
|* full-resolution trace for every parasitic-star leg node this flat
|* extraction introduces -- confirmed to exhaust available process memory
|* outright during the tied deck's own development. `.save` below keeps only
|* the traces the `.meas` statements read.
|*
|* This file is a TEMPLATE: sim/bin/corner-run.py substitutes /Users/rwalters/.volare/volare/sky130/versions/c6d73a35f524070e85faff4a6a9eef49553ebc2b/sky130A/libs.tech/combined/sky130.lib.spice,
|* ss, -40.0, 1.98 and 5p. As committed it is not a
|* runnable deck. Invoke with
|* `--pex-lib layout/pex-sampler-core/sampler_core_pex.spice` (no
|* --ro-ring5 needed: this deck includes only the post-layout library).
|
|.option scale=1u
|.lib "/Users/rwalters/.volare/volare/sky130/versions/c6d73a35f524070e85faff4a6a9eef49553ebc2b/sky130A/libs.tech/combined/sky130.lib.spice" ss
|
|* post-layout WHOLE-CELL subcircuit library only -- no pre-layout control,
|* see header for why.
|.include "/Users/rwalters/GitHub/sky130-trng/.loom/worktrees/issue-22/layout/pex-sampler-core/sampler_core_pex.spice"
|
|.temp -40.0
|
|* --- substrate return node: FLOATING (see header) -- no Vsub source ----
|
|Vddrp1 pvddr1 0 dc 1.98
|Vddrp2 pvddr2 0 dc 1.98
|Vddrp3 pvddr3 0 dc 1.98
|Vddrp4 pvddr4 0 dc 1.98
|Vddp pvdd 0 dc 1.98
|Venp1 pen1 0 PULSE(0 1.98 5n 100p 100p 1u 2u)
|Venp2 pen2 0 PULSE(0 1.98 5n 100p 100p 1u 2u)
|Venp3 pen3 0 PULSE(0 1.98 5n 100p 100p 1u 2u)
|Venp4 pen4 0 PULSE(0 1.98 5n 100p 100p 1u 2u)
|Vrstnp prst_n 0 PULSE(0 1.98 300n 100p 100p 10u 20u)
|Vclkp pclk 0 PULSE(0 1.98 320n 100p 100p 49.8n 100n)
|xarr pen1 pen2 pen3 pen4 pvddr1 pvddr2 pvddr3 pvddr4 pvdd 0 pclk prst_n
|+ praw_bit praw_valid pring_bit1 pring_bit2 pring_bit3 pring_bit4
|+ sampler_core_pex
|
|.ic v(xarr.ro1)=0 v(xarr.ro2)=0 v(xarr.ro3)=0 v(xarr.ro4)=0
|
|.save v(xarr.ro1) v(xarr.ro2) v(xarr.ro3) v(xarr.ro4) v(vsubs)
|
|* tstop is 600 ns, not the tied deck's 800 ns: every measurement below
|* completes by ~530 ns even at the slowest corner on this repo's grid
|* (`ss` / -40 degC / 1.62 V, post-layout ring period 11.7 ns per the tied
|* deck's own records: first rising edge past 400 ns, plus ten periods).
|* A transient is causal, so truncating the run after the last measurement
|* cannot move any number this deck reports -- in particular `p_tr1`-`p_tr4`,
|* which are measured before 100 ns and are therefore bit-for-bit the same
|* quantity the tied deck's own 800 ns run measured. The truncation buys
|* back ~25% of a run that costs ~an hour per corner under load.
|.tran 5p 600n uic
|
|.control
|run
|
|* --- primary estimator: identical to the tied deck's own p_tr1-p_tr4, so
|* the tied/float/solo bracket is comparable line for line. Reset-held
|* window (see header): samplers loaded and placed, not switching. -------
|meas tran pt1a when v(xarr.ro1)=0.5*1.98 rise=3
|meas tran pt1b when v(xarr.ro1)=0.5*1.98 rise=13
|let p_tr1 = (pt1b - pt1a)/10
|meas tran pt2a when v(xarr.ro2)=0.5*1.98 rise=3
|meas tran pt2b when v(xarr.ro2)=0.5*1.98 rise=13
|let p_tr2 = (pt2b - pt2a)/10
|meas tran pt3a when v(xarr.ro3)=0.5*1.98 rise=3
|meas tran pt3b when v(xarr.ro3)=0.5*1.98 rise=13
|let p_tr3 = (pt3b - pt3a)/10
|meas tran pt4a when v(xarr.ro4)=0.5*1.98 rise=3
|meas tran pt4b when v(xarr.ro4)=0.5*1.98 rise=13
|let p_tr4 = (pt4b - pt4a)/10
|let p_skew_span = p_tr1/p_tr4
|
|* --- second estimator: ten periods from the first rising edge past 400 ns,
|* i.e. inside the clocked window, all six samplers latching. Time-gated
|* (TD=400n) rather than rise-indexed, because the ring period varies 3.1x
|* across this repo's PVT grid (see header). ------------------------------
|meas tran pd1_clk TRIG v(xarr.ro1) VAL=0.5*1.98 RISE=1 TD=400n
|+ TARG v(xarr.ro1) VAL=0.5*1.98 RISE=11 TD=400n
|let p_tr1_clk = pd1_clk/10
|meas tran pd2_clk TRIG v(xarr.ro2) VAL=0.5*1.98 RISE=1 TD=400n
|+ TARG v(xarr.ro2) VAL=0.5*1.98 RISE=11 TD=400n
|let p_tr2_clk = pd2_clk/10
|meas tran pd3_clk TRIG v(xarr.ro3) VAL=0.5*1.98 RISE=1 TD=400n
|+ TARG v(xarr.ro3) VAL=0.5*1.98 RISE=11 TD=400n
|let p_tr3_clk = pd3_clk/10
|meas tran pd4_clk TRIG v(xarr.ro4) VAL=0.5*1.98 RISE=1 TD=400n
|+ TARG v(xarr.ro4) VAL=0.5*1.98 RISE=11 TD=400n
|let p_tr4_clk = pd4_clk/10
|let p_skew_span_clk = p_tr1_clk/p_tr4_clk
|
|* --- shared substrate node's own excursion, two windows (see header) ----
|meas tran vsub_rst_max MAX v(vsubs) from=100n to=300n
|meas tran vsub_rst_min MIN v(vsubs) from=100n to=300n
|let vsub_swing_rst = (vsub_rst_max - vsub_rst_min) / 1.98
|meas tran vsub_clk_max MAX v(vsubs) from=400n to=600n
|meas tran vsub_clk_min MIN v(vsubs) from=400n to=600n
|let vsub_swing_clk = (vsub_clk_max - vsub_clk_min) / 1.98
|
|print p_tr1
|print p_tr2
|print p_tr3
|print p_tr4
|print p_skew_span
|print p_tr1_clk
|print p_tr2_clk
|print p_tr3_clk
|print p_tr4_clk
|print p_skew_span_clk
|print vsub_swing_rst
|print vsub_swing_clk
|.endc
|.end
|

----- stdout -----

Note: Compatibility modes selected: hs a


Circuit: * post-layout sampler_core (whole composed cell -- four skewed rings, four

option SCALE: Scale is set to 1e-06 for instance and model parameters
option SCALE: Scale is set to 1e-06 for instance and model parameters
option SCALE: Scale is set to 1e-06 for instance and model parameters
option SCALE: Scale is set to 1e-06 for instance and model parameters
option SCALE: Scale is set to 1e-06 for instance and model parameters
Doing analysis at TEMP = -40.000000 and TNOM = 27.000000

Using SPARSE 1.3 as Direct Linear Solver
Operating point simulation skipped by 'uic',
  now using transient initial conditions.
 Reference value :  5.00000e-14
 Reference value :  3.57326e-10
 Reference value :  9.12326e-10
 Reference value :  1.46733e-09
 Reference value :  2.02733e-09
 Reference value :  2.58733e-09
 Reference value :  3.14233e-09
 Reference value :  3.70233e-09
 Reference value :  4.26233e-09
 Reference value :  4.81733e-09
 Reference value :  5.29250e-09
 Reference value :  5.84250e-09
 Reference value :  6.37750e-09
 Reference value :  6.92250e-09
 Reference value :  7.46750e-09
 Reference value :  8.00250e-09
 Reference value :  8.54250e-09
 Reference value :  9.08250e-09
 Reference value :  9.62750e-09
 Reference value :  1.01725e-08
 Reference value :  1.07125e-08
 Reference value :  1.12425e-08
 Reference value :  1.17925e-08
 Reference value :  1.23275e-08
 Reference value :  1.28725e-08
 Reference value :  1.34125e-08
 Reference value :  1.39475e-08
 Reference value :  1.44875e-08
 Reference value :  1.50325e-08
 Reference value :  1.55825e-08
 Reference value :  1.61275e-08
 Reference value :  1.66625e-08
 Reference value :  1.71975e-08
 Reference value :  1.77275e-08
 Reference value :  1.82675e-08
 Reference value :  1.88075e-08
 Reference value :  1.93525e-08
 Reference value :  1.98925e-08
 Reference value :  2.04275e-08
 Reference value :  2.09725e-08
 Reference value :  2.14925e-08
 Reference value :  2.20125e-08
 Reference value :  2.25175e-08
 Reference value :  2.30575e-08
 Reference value :  2.35925e-08
 Reference value :  2.41525e-08
 Reference value :  2.46975e-08
 Reference value :  2.52225e-08
 Reference value :  2.57375e-08
 Reference value :  2.62625e-08
 Reference value :  2.67725e-08
 Reference value :  2.72925e-08
 Reference value :  2.77975e-08
 Reference value :  2.83225e-08
 Reference value :  2.88625e-08
 Reference value :  2.93875e-08
 Reference value :  2.99275e-08
 Reference value :  3.04175e-08
 Reference value :  3.09525e-08
 Reference value :  3.14625e-08
 Reference value :  3.19675e-08
 Reference value :  3.24525e-08
 Reference value :  3.29325e-08
 Reference value :  3.34575e-08
 Reference value :  3.39875e-08
 Reference value :  3.45275e-08
 Reference value :  3.50525e-08
 Reference value :  3.55925e-08
 Reference value :  3.61075e-08
 Reference value :  3.66225e-08
 Reference value :  3.71325e-08
 Reference value :  3.76325e-08
 Reference value :  3.81425e-08
 Reference value :  3.86625e-08
 Reference value :  3.91775e-08
 Reference value :  3.96975e-08
 Reference value :  4.01675e-08
 Reference value :  4.07125e-08
 Reference value :  4.12025e-08
 Reference value :  4.17475e-08
 Reference value :  4.22825e-08
 Reference value :  4.27675e-08
 Reference value :  4.32375e-08
 Reference value :  4.37325e-08
 Reference value :  4.42525e-08
 Reference value :  4.47675e-08
 Reference value :  4.52875e-08
 Reference value :  4.57975e-08
 Reference value :  4.63125e-08
 Reference value :  4.68425e-08
 Reference value :  4.73725e-08
 Reference value :  4.78225e-08
 Reference value :  4.82575e-08
 Reference value :  4.87575e-08
 Reference value :  4.92725e-08
 Reference value :  4.97725e-08
 Reference value :  5.03025e-08
 Reference value :  5.07875e-08
 Reference value :  5.13025e-08
 Reference value :  5.18375e-08
 Reference value :  5.23525e-08
 Reference value :  5.28275e-08
 Reference value :  5.33275e-08
 Reference value :  5.38475e-08
 Reference value :  5.43325e-08
 Reference value :  5.48425e-08
 Reference value :  5.53775e-08
 Reference value :  5.58325e-08
 Reference value :  5.63625e-08
 Reference value :  5.68975e-08
 Reference value :  5.74225e-08
 Reference value :  5.78875e-08
 Reference value :  5.83475e-08
 Reference value :  5.88675e-08
 Reference value :  5.93625e-08
 Reference value :  5.98925e-08
 Reference value :  6.04175e-08
 Reference value :  6.08975e-08
 Reference value :  6.14425e-08
 Reference value :  6.19775e-08
 Reference value :  6.24875e-08
 Reference value :  6.29775e-08
 Reference value :  6.34325e-08
 Reference value :  6.39375e-08
 Reference value :  6.44475e-08
 Reference value :  6.49625e-08
 Reference value :  6.54875e-08
 Reference value :  6.60025e-08
 Reference value :  6.65325e-08
 Reference value :  6.70775e-08
 Reference value :  6.75875e-08
 Reference value :  6.81025e-08
 Reference value :  6.86025e-08
 Reference value :  6.91275e-08
 Reference value :  6.96175e-08
 Reference value :  7.01375e-08
 Reference value :  7.06775e-08
 Reference value :  7.12025e-08
 Reference value :  7.17275e-08
 Reference value :  7.22625e-08
 Reference value :  7.27625e-08
 Reference value :  7.32775e-08
 Reference value :  7.37975e-08
 Reference value :  7.43175e-08
 Reference value :  7.48375e-08
 Reference value :  7.53725e-08
 Reference value :  7.59175e-08
 Reference value :  7.64425e-08
 Reference value :  7.69675e-08
 Reference value :  7.74725e-08
 Reference value :  7.79675e-08
 Reference value :  7.84675e-08
 Reference value :  7.90075e-08
 Reference value :  7.95325e-08
 Reference value :  8.00375e-08
 Reference value :  8.05725e-08
 Reference value :  8.11075e-08
 Reference value :  8.16475e-08
 Reference value :  8.21675e-08
 Reference value :  8.26825e-08
 Reference value :  8.31425e-08
 Reference value :  8.36775e-08
 Reference value :  8.42125e-08
 Reference value :  8.47175e-08
 Reference value :  8.52275e-08
 Reference value :  8.57525e-08
 Reference value :  8.62925e-08
 Reference value :  8.68325e-08
 Reference value :  8.73375e-08
 Reference value :  8.78375e-08
 Reference value :  8.82975e-08
 Reference value :  8.88325e-08
 Reference value :  8.93725e-08
 Reference value :  8.98775e-08
 Reference value :  9.04075e-08
 Reference value :  9.09625e-08
 Reference value :  9.15025e-08
 Reference value :  9.20375e-08
 Reference value :  9.25425e-08
 Reference value :  9.30575e-08
 Reference value :  9.35875e-08
 Reference value :  9.40775e-08
 Reference value :  9.45775e-08
 Reference value :  9.50525e-08
 Reference value :  9.55625e-08
 Reference value :  9.60925e-08
 Reference value :  9.66375e-08
 Reference value :  9.72525e-08
 Reference value :  9.78075e-08
 Reference value :  9.83025e-08
 Reference value :  9.87475e-08
 Reference value :  9.92325e-08
 Reference value :  9.97425e-08
 Reference value :  1.00258e-07
 Reference value :  1.00763e-07
 Reference value :  1.01268e-07
 Reference value :  1.01798e-07
 Reference value :  1.02308e-07
 Reference value :  1.02808e-07
 Reference value :  1.03323e-07
 Reference value :  1.03823e-07
 Reference value :  1.04308e-07
 Reference value :  1.04723e-07
 Reference value :  1.05183e-07
 Reference value :  1.05683e-07
 Reference value :  1.06188e-07
 Reference value :  1.06718e-07
 Reference value :  1.07218e-07
 Reference value :  1.07748e-07
 Reference value :  1.08268e-07
 Reference value :  1.08763e-07
 Reference value :  1.09253e-07
 Reference value :  1.09758e-07
 Reference value :  1.10238e-07
 Reference value :  1.10743e-07
 Reference value :  1.11283e-07
 Reference value :  1.11793e-07
 Reference value :  1.12308e-07
 Reference value :  1.12848e-07
 Reference value :  1.13373e-07
 Reference value :  1.13898e-07
 Reference value :  1.14423e-07
 Reference value :  1.14923e-07
 Reference value :  1.15428e-07
 Reference value :  1.15963e-07
 Reference value :  1.16498e-07
 Reference value :  1.17003e-07
 Reference value :  1.17528e-07
 Reference value :  1.18043e-07
 Reference value :  1.18563e-07
 Reference value :  1.19043e-07
 Reference value :  1.19488e-07
 Reference value :  1.19998e-07
 Reference value :  1.20508e-07
 Reference value :  1.21038e-07
 Reference value :  1.21568e-07
 Reference value :  1.22068e-07
 Reference value :  1.22618e-07
 Reference value :  1.23153e-07
 Reference value :  1.23648e-07
 Reference value :  1.24078e-07
 Reference value :  1.24518e-07
 Reference value :  1.24998e-07
 Reference value :  1.25513e-07
 Reference value :  1.26028e-07
 Reference value :  1.26553e-07
 Reference value :  1.27038e-07
 Reference value :  1.27518e-07
 Reference value :  1.28043e-07
 Reference value :  1.28533e-07
 Reference value :  1.28973e-07
 Reference value :  1.29418e-07
 Reference value :  1.29898e-07
 Reference value :  1.30438e-07
 Reference value :  1.30953e-07
 Reference value :  1.31473e-07
 Reference value :  1.31988e-07
 Reference value :  1.32508e-07
 Reference value :  1.33048e-07
 Reference value :  1.33558e-07
 Reference value :  1.34063e-07
 Reference value :  1.34603e-07
 Reference value :  1.35128e-07
 Reference value :  1.35663e-07
 Reference value :  1.36178e-07
 Reference value :  1.36688e-07
 Reference value :  1.37233e-07
 Reference value :  1.37758e-07
 Reference value :  1.38263e-07
 Reference value :  1.38718e-07
 Reference value :  1.39193e-07
 Reference value :  1.39698e-07
 Reference value :  1.40228e-07
 Reference value :  1.40773e-07
 Reference value :  1.41278e-07
 Reference value :  1.41818e-07
 Reference value :  1.42353e-07
 Reference value :  1.42878e-07
 Reference value :  1.43368e-07
 Reference value :  1.43808e-07
 Reference value :  1.44308e-07
 Reference value :  1.44818e-07
 Reference value :  1.45328e-07
 Reference value :  1.45858e-07
 Reference value :  1.46358e-07
 Reference value :  1.46898e-07
 Reference value :  1.47433e-07
 Reference value :  1.47948e-07
 Reference value :  1.48478e-07
 Reference value :  1.49023e-07
 Reference value :  1.49523e-07
 Reference value :  1.50013e-07
 Reference value :  1.50538e-07
 Reference value :  1.51043e-07
 Reference value :  1.51578e-07
 Reference value :  1.52118e-07
 Reference value :  1.52658e-07
 Reference value :  1.53168e-07
 Reference value :  1.53698e-07
 Reference value :  1.54228e-07
 Reference value :  1.54738e-07
 Reference value :  1.55248e-07
 Reference value :  1.55778e-07
 Reference value :  1.56258e-07
 Reference value :  1.56793e-07
 Reference value :  1.57338e-07
 Reference value :  1.57848e-07
 Reference value :  1.58393e-07
 Reference value :  1.58913e-07
 Reference value :  1.59433e-07
 Reference value :  1.59953e-07
 Reference value :  1.60458e-07
 Reference value :  1.60963e-07
 Reference value :  1.61428e-07
 Reference value :  1.61968e-07
 Reference value :  1.62513e-07
 Reference value :  1.63033e-07
 Reference value :  1.63573e-07
 Reference value :  1.64093e-07
 Reference value :  1.64598e-07
 Reference value :  1.65143e-07
 Reference value :  1.65633e-07
 Reference value :  1.66128e-07
 Reference value :  1.66618e-07
 Reference value :  1.67158e-07
 Reference value :  1.67673e-07
 Reference value :  1.68213e-07
 Reference value :  1.68753e-07
 Reference value :  1.69268e-07
 Reference value :  1.69778e-07
 Reference value :  1.70318e-07
 Reference value :  1.70818e-07
 Reference value :  1.71338e-07
 Reference value :  1.71868e-07
 Reference value :  1.72388e-07
 Reference value :  1.72918e-07
 Reference value :  1.73458e-07
 Reference value :  1.73983e-07
 Reference value :  1.74503e-07
 Reference value :  1.75008e-07
 Reference value :  1.75538e-07
 Reference value :  1.76048e-07
 Reference value :  1.76553e-07
 Reference value :  1.77093e-07
 Reference value :  1.77593e-07
 Reference value :  1.78133e-07
 Reference value :  1.78673e-07
 Reference value :  1.79183e-07
 Reference value :  1.79718e-07
 Reference value :  1.80223e-07
 Reference value :  1.80733e-07
 Reference value :  1.81248e-07
 Reference value :  1.81758e-07
 Reference value :  1.82273e-07
 Reference value :  1.82863e-07
 Reference value :  1.83403e-07
 Reference value :  1.83938e-07
 Reference value :  1.84473e-07
 Reference value :  1.84993e-07
 Reference value :  1.85473e-07
 Reference value :  1.85993e-07
 Reference value :  1.86518e-07
 Reference value :  1.87058e-07
 Reference value :  1.87578e-07
 Reference value :  1.88123e-07
 Reference value :  1.88668e-07
 Reference value :  1.89203e-07
 Reference value :  1.89733e-07
 Reference value :  1.90233e-07
 Reference value :  1.90728e-07
 Reference value :  1.91258e-07
 Reference value :  1.91793e-07
 Reference value :  1.92298e-07
 Reference value :  1.92838e-07
 Reference value :  1.93378e-07
 Reference value :  1.93913e-07
 Reference value :  1.94448e-07
 Reference value :  1.94983e-07
 Reference value :  1.95458e-07
 Reference value :  1.95978e-07
 Reference value :  1.96523e-07
 Reference value :  1.97058e-07
 Reference value :  1.97593e-07
 Reference value :  1.98128e-07
 Reference value :  1.98663e-07
 Reference value :  1.99188e-07
 Reference value :  1.99718e-07
 Reference value :  2.00223e-07
 Reference value :  2.00713e-07
 Reference value :  2.01253e-07
 Reference value :  2.01778e-07
 Reference value :  2.02303e-07
 Reference value :  2.02848e-07
 Reference value :  2.03388e-07
 Reference value :  2.03923e-07
 Reference value :  2.04483e-07
 Reference value :  2.04988e-07
 Reference value :  2.05513e-07
 Reference value :  2.06043e-07
 Reference value :  2.06583e-07
 Reference value :  2.07098e-07
 Reference value :  2.07643e-07
 Reference value :  2.08198e-07
 Reference value :  2.08738e-07
 Reference value :  2.09263e-07
 Reference value :  2.09783e-07
 Reference value :  2.10293e-07
 Reference value :  2.10818e-07
 Reference value :  2.11353e-07
 Reference value :  2.11873e-07
 Reference value :  2.12398e-07
 Reference value :  2.12938e-07
 Reference value :  2.13468e-07
 Reference value :  2.13998e-07
 Reference value :  2.14513e-07
 Reference value :  2.15028e-07
 Reference value :  2.15538e-07
 Reference value :  2.16083e-07
 Reference value :  2.16603e-07
 Reference value :  2.17168e-07
 Reference value :  2.17743e-07
 Reference value :  2.18283e-07
 Reference value :  2.18828e-07
 Reference value :  2.19358e-07
 Reference value :  2.19868e-07
 Reference value :  2.20393e-07
 Reference value :  2.20933e-07
 Reference value :  2.21453e-07
 Reference value :  2.21993e-07
 Reference value :  2.22533e-07
 Reference value :  2.23053e-07
 Reference value :  2.23583e-07
 Reference value :  2.24093e-07
 Reference value :  2.24608e-07
 Reference value :  2.25143e-07
 Reference value :  2.25673e-07
 Reference value :  2.26173e-07
 Reference value :  2.26718e-07
 Reference value :  2.27263e-07
 Reference value :  2.27803e-07
 Reference value :  2.28343e-07
 Reference value :  2.28843e-07
 Reference value :  2.29358e-07
 Reference value :  2.29908e-07
 Reference value :  2.30453e-07
 Reference value :  2.30993e-07
 Reference value :  2.31478e-07
 Reference value :  2.31988e-07
 Reference value :  2.32533e-07
 Reference value :  2.33063e-07
 Reference value :  2.33573e-07
 Reference value :  2.34058e-07
 Reference value :  2.34603e-07
 Reference value :  2.35143e-07
 Reference value :  2.35668e-07
 Reference value :  2.36198e-07
 Reference value :  2.36718e-07
 Reference value :  2.37248e-07
 Reference value :  2.37778e-07
 Reference value :  2.38303e-07
 Reference value :  2.38843e-07
 Reference value :  2.39383e-07
 Reference value :  2.39928e-07
 Reference value :  2.40468e-07
 Reference value :  2.41013e-07
 Reference value :  2.41533e-07
 Reference value :  2.42058e-07
 Reference value :  2.42598e-07
 Reference value :  2.43113e-07
 Reference value :  2.43628e-07
 Reference value :  2.44128e-07
 Reference value :  2.44673e-07
 Reference value :  2.45208e-07
 Reference value :  2.45748e-07
 Reference value :  2.46263e-07
 Reference value :  2.46778e-07
 Reference value :  2.47303e-07
 Reference value :  2.47828e-07
 Reference value :  2.48343e-07
 Reference value :  2.48878e-07
 Reference value :  2.49388e-07
 Reference value :  2.49923e-07
 Reference value :  2.50463e-07
 Reference value :  2.51003e-07
 Reference value :  2.51483e-07
 Reference value :  2.52008e-07
 Reference value :  2.52538e-07
 Reference value :  2.53053e-07
 Reference value :  2.53573e-07
 Reference value :  2.54103e-07
 Reference value :  2.54638e-07
 Reference value :  2.55183e-07
 Reference value :  2.55718e-07
 Reference value :  2.56253e-07
 Reference value :  2.56743e-07
 Reference value :  2.57273e-07
 Reference value :  2.57793e-07
 Reference value :  2.58323e-07
 Reference value :  2.58848e-07
 Reference value :  2.59383e-07
 Reference value :  2.59898e-07
 Reference value :  2.60443e-07
 Reference value :  2.60988e-07
 Reference value :  2.61493e-07
 Reference value :  2.61993e-07
 Reference value :  2.62533e-07
 Reference value :  2.63033e-07
 Reference value :  2.63548e-07
 Reference value :  2.64083e-07
 Reference value :  2.64623e-07
 Reference value :  2.65148e-07
 Reference value :  2.65688e-07
 Reference value :  2.66223e-07
 Reference value :  2.66713e-07
 Reference value :  2.67193e-07
 Reference value :  2.67718e-07
 Reference value :  2.68213e-07
 Reference value :  2.68733e-07
 Reference value :  2.69278e-07
 Reference value :  2.69823e-07
 Reference value :  2.70338e-07
 Reference value :  2.70898e-07
 Reference value :  2.71413e-07
 Reference value :  2.71878e-07
 Reference value :  2.72358e-07
 Reference value :  2.72888e-07
 Reference value :  2.73383e-07
 Reference value :  2.73918e-07
 Reference value :  2.74453e-07
 Reference value :  2.74993e-07
 Reference value :  2.75503e-07
 Reference value :  2.76038e-07
 Reference value :  2.76553e-07
 Reference value :  2.77038e-07
 Reference value :  2.77558e-07
 Reference value :  2.78053e-07
 Reference value :  2.78583e-07
 Reference value :  2.79113e-07
 Reference value :  2.79643e-07
 Reference value :  2.80183e-07
 Reference value :  2.80703e-07
 Reference value :  2.81238e-07
 Reference value :  2.81738e-07
 Reference value :  2.82248e-07
 Reference value :  2.82788e-07
 Reference value :  2.83293e-07
 Reference value :  2.83813e-07
 Reference value :  2.84323e-07
 Reference value :  2.84833e-07
 Reference value :  2.85367e-07
 Reference value :  2.85892e-07
 Reference value :  2.86412e-07
 Reference value :  2.86907e-07
 Reference value :  2.87447e-07
 Reference value :  2.87957e-07
 Reference value :  2.88457e-07
 Reference value :  2.88967e-07
 Reference value :  2.89482e-07
 Reference value :  2.90002e-07
 Reference value :  2.90542e-07
 Reference value :  2.91077e-07
 Reference value :  2.91592e-07
 Reference value :  2.92097e-07
 Reference value :  2.92632e-07
 Reference value :  2.93122e-07
 Reference value :  2.93627e-07
 Reference value :  2.94167e-07
 Reference value :  2.94687e-07
 Reference value :  2.95152e-07
 Reference value :  2.95577e-07
 Reference value :  2.96077e-07
 Reference value :  2.96562e-07
 Reference value :  2.97052e-07
 Reference value :  2.97547e-07
 Reference value :  2.98062e-07
 Reference value :  2.98552e-07
 Reference value :  2.99092e-07
 Reference value :  2.99617e-07
 Reference value :  3.00087e-07
 Reference value :  3.00552e-07
 Reference value :  3.01082e-07
 Reference value :  3.01547e-07
 Reference value :  3.02017e-07
 Reference value :  3.02542e-07
 Reference value :  3.02992e-07
 Reference value :  3.03497e-07
 Reference value :  3.04027e-07
 Reference value :  3.04557e-07
 Reference value :  3.05042e-07
 Reference value :  3.05542e-07
 Reference value :  3.06042e-07
 Reference value :  3.06527e-07
 Reference value :  3.06977e-07
 Reference value :  3.07512e-07
 Reference value :  3.07997e-07
 Reference value :  3.08517e-07
 Reference value :  3.09032e-07
 Reference value :  3.09547e-07
 Reference value :  3.10042e-07
 Reference value :  3.10527e-07
 Reference value :  3.11007e-07
 Reference value :  3.11517e-07
 Reference value :  3.12012e-07
 Reference value :  3.12527e-07
 Reference value :  3.13012e-07
 Reference value :  3.13552e-07
 Reference value :  3.14057e-07
 Reference value :  3.14587e-07
 Reference value :  3.15072e-07
 Reference value :  3.15542e-07
 Reference value :  3.16057e-07
 Reference value :  3.16592e-07
 Reference value :  3.17072e-07
 Reference value :  3.17547e-07
 Reference value :  3.18037e-07
 Reference value :  3.18587e-07
 Reference value :  3.19087e-07
 Reference value :  3.19607e-07
 Reference value :  3.20077e-07
 Reference value :  3.20497e-07
 Reference value :  3.20952e-07
 Reference value :  3.21447e-07
 Reference value :  3.21952e-07
 Reference value :  3.22452e-07
 Reference value :  3.22972e-07
 Reference value :  3.23597e-07
 Reference value :  3.24117e-07
 Reference value :  3.24642e-07
 Reference value :  3.25152e-07
 Reference value :  3.25642e-07
 Reference value :  3.26172e-07
 Reference value :  3.26702e-07
 Reference value :  3.27172e-07
 Reference value :  3.27687e-07
 Reference value :  3.28202e-07
 Reference value :  3.28737e-07
 Reference value :  3.29252e-07
 Reference value :  3.29762e-07
 Reference value :  3.30287e-07
 Reference value :  3.30812e-07
 Reference value :  3.31312e-07
 Reference value :  3.31817e-07
 Reference value :  3.32312e-07
 Reference value :  3.32812e-07
 Reference value :  3.33332e-07
 Reference value :  3.33857e-07
 Reference value :  3.34377e-07
 Reference value :  3.34902e-07
 Reference value :  3.35442e-07
 Reference value :  3.35967e-07
 Reference value :  3.36467e-07
 Reference value :  3.36937e-07
 Reference value :  3.37397e-07
 Reference value :  3.37912e-07
 Reference value :  3.38432e-07
 Reference value :  3.38977e-07
 Reference value :  3.39467e-07
 Reference value :  3.39982e-07
 Reference value :  3.40517e-07
 Reference value :  3.41047e-07
 Reference value :  3.41547e-07
 Reference value :  3.42052e-07
 Reference value :  3.42547e-07
 Reference value :  3.43077e-07
 Reference value :  3.43587e-07
 Reference value :  3.44122e-07
 Reference value :  3.44607e-07
 Reference value :  3.45127e-07
 Reference value :  3.45642e-07
 Reference value :  3.46162e-07
 Reference value :  3.46692e-07
 Reference value :  3.47232e-07
 Reference value :  3.47727e-07
 Reference value :  3.48267e-07
 Reference value :  3.48787e-07
 Reference value :  3.49287e-07
 Reference value :  3.49817e-07
 Reference value :  3.50352e-07
 Reference value :  3.50887e-07
 Reference value :  3.51392e-07
 Reference value :  3.51917e-07
 Reference value :  3.52447e-07
 Reference value :  3.52972e-07
 Reference value :  3.53502e-07
 Reference value :  3.54012e-07
 Reference value :  3.54492e-07
 Reference value :  3.55007e-07
 Reference value :  3.55522e-07
 Reference value :  3.56037e-07
 Reference value :  3.56577e-07
 Reference value :  3.57092e-07
 Reference value :  3.57622e-07
 Reference value :  3.58137e-07
 Reference value :  3.58667e-07
 Reference value :  3.59197e-07
 Reference value :  3.59752e-07
 Reference value :  3.60287e-07
 Reference value :  3.60812e-07
 Reference value :  3.61347e-07
 Reference value :  3.61892e-07
 Reference value :  3.62402e-07
 Reference value :  3.62922e-07
 Reference value :  3.63442e-07
 Reference value :  3.63967e-07
 Reference value :  3.64452e-07
 Reference value :  3.64927e-07
 Reference value :  3.65467e-07
 Reference value :  3.65972e-07
 Reference value :  3.66512e-07
 Reference value :  3.67057e-07
 Reference value :  3.67577e-07
 Reference value :  3.68097e-07
 Reference value :  3.68637e-07
 Reference value :  3.69147e-07
 Reference value :  3.69672e-07
 Reference value :  3.70137e-07
 Reference value :  3.70592e-07
 Reference value :  3.71077e-07
 Reference value :  3.71637e-07
 Reference value :  3.72177e-07
 Reference value :  3.72687e-07
 Reference value :  3.73182e-07
 Reference value :  3.73677e-07
 Reference value :  3.74182e-07
 Reference value :  3.74697e-07
 Reference value :  3.75222e-07
 Reference value :  3.75717e-07
 Reference value :  3.76207e-07
 Reference value :  3.76767e-07
 Reference value :  3.77267e-07
 Reference value :  3.77777e-07
 Reference value :  3.78302e-07
 Reference value :  3.78772e-07
 Reference value :  3.79282e-07
 Reference value :  3.79802e-07
 Reference value :  3.80287e-07
 Reference value :  3.80762e-07
 Reference value :  3.81282e-07
 Reference value :  3.81822e-07
 Reference value :  3.82327e-07
 Reference value :  3.82832e-07
 Reference value :  3.83342e-07
 Reference value :  3.83832e-07
 Reference value :  3.84377e-07
 Reference value :  3.84907e-07
 Reference value :  3.85372e-07
 Reference value :  3.85862e-07
 Reference value :  3.86402e-07
 Reference value :  3.86897e-07
 Reference value :  3.87407e-07
 Reference value :  3.87947e-07
 Reference value :  3.88442e-07
 Reference value :  3.88942e-07
 Reference value :  3.89477e-07
 Reference value :  3.90012e-07
 Reference value :  3.90487e-07
 Reference value :  3.91007e-07
 Reference value :  3.91542e-07
 Reference value :  3.92047e-07
 Reference value :  3.92547e-07
 Reference value :  3.93082e-07
 Reference value :  3.93572e-07
 Reference value :  3.94062e-07
 Reference value :  3.94607e-07
 Reference value :  3.95102e-07
 Reference value :  3.95582e-07
 Reference value :  3.96077e-07
 Reference value :  3.96617e-07
 Reference value :  3.97137e-07
 Reference value :  3.97667e-07
 Reference value :  3.98267e-07
 Reference value :  3.98847e-07
 Reference value :  3.99477e-07
 Reference value :  4.00057e-07
 Reference value :  4.00632e-07
 Reference value :  4.01302e-07
 Reference value :  4.01982e-07
 Reference value :  4.02597e-07
 Reference value :  4.03212e-07
 Reference value :  4.03737e-07
 Reference value :  4.04272e-07
 Reference value :  4.04842e-07
 Reference value :  4.05572e-07
 Reference value :  4.06177e-07
 Reference value :  4.06732e-07
 Reference value :  4.07257e-07
 Reference value :  4.07827e-07
 Reference value :  4.08437e-07
 Reference value :  4.09017e-07
 Reference value :  4.09552e-07
 Reference value :  4.10107e-07
 Reference value :  4.10722e-07
 Reference value :  4.11332e-07
 Reference value :  4.11902e-07
 Reference value :  4.12462e-07
 Reference value :  4.13012e-07
 Reference value :  4.13572e-07
 Reference value :  4.14177e-07
 Reference value :  4.14767e-07
 Reference value :  4.15367e-07
 Reference value :  4.16052e-07
 Reference value :  4.16642e-07
 Reference value :  4.17252e-07
 Reference value :  4.17827e-07
 Reference value :  4.18397e-07
 Reference value :  4.19002e-07
 Reference value :  4.19622e-07
 Reference value :  4.20108e-07
 Reference value :  4.20667e-07
 Reference value :  4.21292e-07
 Reference value :  4.22052e-07
 Reference value :  4.22752e-07
 Reference value :  4.23527e-07
 Reference value :  4.24237e-07
 Reference value :  4.24862e-07
 Reference value :  4.25577e-07
 Reference value :  4.26337e-07
 Reference value :  4.27017e-07
 Reference value :  4.27732e-07
 Reference value :  4.28432e-07
 Reference value :  4.29082e-07
 Reference value :  4.29702e-07
 Reference value :  4.30292e-07
 Reference value :  4.30977e-07
 Reference value :  4.31597e-07
 Reference value :  4.32187e-07
 Reference value :  4.32807e-07
 Reference value :  4.33407e-07
 Reference value :  4.33997e-07
 Reference value :  4.34597e-07
 Reference value :  4.35227e-07
 Reference value :  4.35857e-07
 Reference value :  4.36427e-07
 Reference value :  4.37097e-07
 Reference value :  4.37777e-07
 Reference value :  4.38492e-07
 Reference value :  4.39217e-07
 Reference value :  4.39837e-07
 Reference value :  4.40387e-07
 Reference value :  4.40977e-07
 Reference value :  4.41497e-07
 Reference value :  4.42122e-07
 Reference value :  4.42747e-07
 Reference value :  4.43322e-07
 Reference value :  4.43987e-07
 Reference value :  4.44732e-07
 Reference value :  4.45312e-07
 Reference value :  4.45897e-07
 Reference value :  4.46457e-07
 Reference value :  4.46957e-07
 Reference value :  4.47452e-07
 Reference value :  4.47997e-07
 Reference value :  4.48617e-07
 Reference value :  4.49232e-07
 Reference value :  4.49797e-07
 Reference value :  4.50327e-07
 Reference value :  4.50927e-07
 Reference value :  4.51512e-07
 Reference value :  4.52127e-07
 Reference value :  4.52742e-07
 Reference value :  4.53312e-07
 Reference value :  4.53927e-07
 Reference value :  4.54512e-07
 Reference value :  4.55037e-07
 Reference value :  4.55592e-07
 Reference value :  4.56182e-07
 Reference value :  4.56782e-07
 Reference value :  4.57392e-07
 Reference value :  4.58007e-07
 Reference value :  4.58587e-07
 Reference value :  4.59197e-07
 Reference value :  4.59757e-07
 Reference value :  4.60352e-07
 Reference value :  4.60962e-07
 Reference value :  4.61552e-07
 Reference value :  4.62177e-07
 Reference value :  4.62782e-07
 Reference value :  4.63397e-07
 Reference value :  4.63997e-07
 Reference value :  4.64582e-07
 Reference value :  4.65102e-07
 Reference value :  4.65662e-07
 Reference value :  4.66272e-07
 Reference value :  4.66877e-07
 Reference value :  4.67467e-07
 Reference value :  4.68087e-07
 Reference value :  4.68677e-07
 Reference value :  4.69197e-07
 Reference value :  4.69687e-07
 Reference value :  4.70132e-07
 Reference value :  4.70637e-07
 Reference value :  4.71142e-07
 Reference value :  4.71632e-07
 Reference value :  4.72137e-07
 Reference value :  4.72622e-07
 Reference value :  4.73142e-07
 Reference value :  4.73667e-07
 Reference value :  4.74202e-07
 Reference value :  4.74682e-07
 Reference value :  4.75212e-07
 Reference value :  4.75727e-07
 Reference value :  4.76237e-07
 Reference value :  4.76742e-07
 Reference value :  4.77242e-07
 Reference value :  4.77747e-07
 Reference value :  4.78272e-07
 Reference value :  4.78802e-07
 Reference value :  4.79362e-07
 Reference value :  4.79842e-07
 Reference value :  4.80327e-07
 Reference value :  4.80797e-07
 Reference value :  4.81293e-07
 Reference value :  4.81778e-07
 Reference value :  4.82288e-07
 Reference value :  4.82808e-07
 Reference value :  4.83323e-07
 Reference value :  4.83843e-07
 Reference value :  4.84388e-07
 Reference value :  4.84928e-07
 Reference value :  4.85598e-07
 Reference value :  4.86173e-07
 Reference value :  4.86743e-07
 Reference value :  4.87373e-07
 Reference value :  4.87888e-07
 Reference value :  4.88393e-07
 Reference value :  4.88913e-07
 Reference value :  4.89453e-07
 Reference value :  4.89923e-07
 Reference value :  4.90423e-07
 Reference value :  4.90898e-07
 Reference value :  4.91408e-07
 Reference value :  4.91898e-07
 Reference value :  4.92413e-07
 Reference value :  4.92903e-07
 Reference value :  4.93413e-07
 Reference value :  4.93928e-07
 Reference value :  4.94453e-07
 Reference value :  4.94908e-07
 Reference value :  4.95378e-07
 Reference value :  4.95868e-07
 Reference value :  4.96368e-07
 Reference value :  4.96918e-07
 Reference value :  4.97423e-07
 Reference value :  4.97998e-07
 Reference value :  4.98683e-07
 Reference value :  4.99393e-07
 Reference value :  5.00148e-07
 Reference value :  5.00698e-07
 Reference value :  5.01258e-07
 Reference value :  5.01798e-07
 Reference value :  5.02423e-07
 Reference value :  5.02918e-07
 Reference value :  5.03463e-07
 Reference value :  5.04058e-07
 Reference value :  5.04678e-07
 Reference value :  5.05393e-07
 Reference value :  5.06018e-07
 Reference value :  5.06773e-07
 Reference value :  5.07533e-07
 Reference value :  5.08193e-07
 Reference value :  5.08728e-07
 Reference value :  5.09308e-07
 Reference value :  5.10048e-07
 Reference value :  5.10648e-07
 Reference value :  5.11478e-07
 Reference value :  5.12113e-07
 Reference value :  5.12918e-07
 Reference value :  5.13698e-07
 Reference value :  5.14148e-07
 Reference value :  5.14683e-07
 Reference value :  5.15313e-07
 Reference value :  5.15883e-07
 Reference value :  5.16483e-07
 Reference value :  5.17168e-07
 Reference value :  5.17753e-07
 Reference value :  5.18373e-07
 Reference value :  5.18923e-07
 Reference value :  5.19418e-07
 Reference value :  5.19898e-07
 Reference value :  5.20358e-07
 Reference value :  5.21133e-07
 Reference value :  5.21918e-07
 Reference value :  5.22728e-07
 Reference value :  5.23488e-07
 Reference value :  5.24108e-07
 Reference value :  5.24733e-07
 Reference value :  5.25358e-07
 Reference value :  5.25863e-07
 Reference value :  5.26428e-07
 Reference value :  5.27143e-07
 Reference value :  5.27738e-07
 Reference value :  5.28318e-07
 Reference value :  5.29013e-07
 Reference value :  5.29618e-07
 Reference value :  5.30228e-07
 Reference value :  5.30798e-07
 Reference value :  5.31338e-07
 Reference value :  5.31883e-07
 Reference value :  5.32713e-07
 Reference value :  5.33503e-07
 Reference value :  5.34428e-07
 Reference value :  5.35343e-07
 Reference value :  5.36148e-07
 Reference value :  5.36798e-07
 Reference value :  5.37533e-07
 Reference value :  5.38028e-07
 Reference value :  5.38608e-07
 Reference value :  5.39578e-07
 Reference value :  5.40413e-07
 Reference value :  5.41023e-07
 Reference value :  5.41638e-07
 Reference value :  5.42303e-07
 Reference value :  5.43033e-07
 Reference value :  5.43698e-07
 Reference value :  5.44243e-07
 Reference value :  5.44793e-07
 Reference value :  5.45633e-07
 Reference value :  5.46238e-07
 Reference value :  5.46868e-07
 Reference value :  5.47498e-07
 Reference value :  5.48098e-07
 Reference value :  5.48923e-07
 Reference value :  5.49728e-07
 Reference value :  5.50293e-07
 Reference value :  5.50868e-07
 Reference value :  5.51538e-07
 Reference value :  5.52113e-07
 Reference value :  5.52758e-07
 Reference value :  5.53563e-07
 Reference value :  5.54298e-07
 Reference value :  5.55118e-07
 Reference value :  5.55933e-07
 Reference value :  5.56473e-07
 Reference value :  5.56998e-07
 Reference value :  5.57898e-07
 Reference value :  5.58558e-07
 Reference value :  5.59378e-07
 Reference value :  5.60153e-07
 Reference value :  5.61093e-07
 Reference value :  5.61768e-07
 Reference value :  5.62498e-07
 Reference value :  5.63028e-07
 Reference value :  5.63603e-07
 Reference value :  5.64343e-07
 Reference value :  5.65123e-07
 Reference value :  5.65828e-07
 Reference value :  5.66608e-07
 Reference value :  5.67253e-07
 Reference value :  5.67973e-07
 Reference value :  5.68628e-07
 Reference value :  5.69253e-07
 Reference value :  5.69968e-07
 Reference value :  5.70728e-07
 Reference value :  5.71678e-07
 Reference value :  5.72553e-07
 Reference value :  5.73303e-07
 Reference value :  5.74013e-07
 Reference value :  5.74638e-07
 Reference value :  5.75363e-07
 Reference value :  5.76023e-07
 Reference value :  5.76683e-07
 Reference value :  5.77388e-07
 Reference value :  5.78193e-07
 Reference value :  5.78963e-07
 Reference value :  5.79553e-07
 Reference value :  5.80273e-07
 Reference value :  5.80898e-07
 Reference value :  5.81613e-07
 Reference value :  5.82248e-07
 Reference value :  5.82988e-07
 Reference value :  5.83658e-07
 Reference value :  5.84223e-07
 Reference value :  5.84833e-07
 Reference value :  5.85558e-07
 Reference value :  5.86138e-07
 Reference value :  5.86793e-07
 Reference value :  5.87358e-07
 Reference value :  5.87873e-07
 Reference value :  5.88503e-07
 Reference value :  5.89108e-07
 Reference value :  5.89663e-07
 Reference value :  5.90303e-07
 Reference value :  5.90903e-07
 Reference value :  5.91548e-07
 Reference value :  5.92078e-07
 Reference value :  5.92623e-07
 Reference value :  5.93248e-07
 Reference value :  5.93768e-07
 Reference value :  5.94403e-07
 Reference value :  5.94958e-07
 Reference value :  5.95668e-07
 Reference value :  5.96593e-07
 Reference value :  5.97488e-07
 Reference value :  5.98358e-07
 Reference value :  5.98968e-07
 Reference value :  5.99478e-07
No. of Data Rows : 120066
pt1a                =  1.83404e-08
pt1b                =  7.09066e-08
pt2a                =  1.79506e-08
pt2b                =  6.91785e-08
pt3a                =  1.76158e-08
pt3b                =  6.70566e-08
pt4a                =  1.72334e-08
pt4b                =  6.51760e-08
pd1_clk             =  5.21786e-08 targ=  4.52790e-07 trig=  4.00611e-07
pd2_clk             =  5.06625e-08 targ=  4.50962e-07 trig=  4.00300e-07
pd3_clk             =  4.94596e-08 targ=  4.52377e-07 trig=  4.02918e-07
pd4_clk             =  4.83474e-08 targ=  4.52598e-07 trig=  4.04251e-07
vsub_rst_max        =  1.11078e+00 at=  2.80243e-07
vsub_rst_min        =  8.36089e-01 at=  1.85043e-07
vsub_clk_max        =  1.16117e+00 at=  4.58137e-07
vsub_clk_min        =  9.30392e-01 at=  5.10253e-07
p_tr1 = 5.256619e-09
p_tr2 = 5.122784e-09
p_tr3 = 4.944088e-09
p_tr4 = 4.794265e-09
p_skew_span = 1.096439e+00
p_tr1_clk = 5.217861e-09
p_tr2_clk = 5.066254e-09
p_tr3_clk = 4.945964e-09
p_tr4_clk = 4.834741e-09
p_skew_span_clk = 1.079243e+00
vsub_swing_rst = 1.387317e-01
vsub_swing_clk = 1.165552e-01
Note: Simulation executed from .control section 

----- stderr -----

Checking parameters for BSIM 4.5 model xarr.xpex.xn132:nshort_model.48
Warning: Eta0 = -0.0286127 is negative.

Checking parameters for BSIM 4.5 model xarr.xpex.xn131:nshort_model.48
Warning: Eta0 = -0.0286127 is negative.

Checking parameters for BSIM 4.5 model xarr.xpex.xn129:nshort_model.48
Warning: Eta0 = -0.0286127 is negative.

Checking parameters for BSIM 4.5 model xarr.xpex.xn127:nshort_model.48
Warning: Eta0 = -0.0286127 is negative.

Checking parameters for BSIM 4.5 model xarr.xpex.xn125:nshort_model.48
Warning: Eta0 = -0.0286127 is negative.

Checking parameters for BSIM 4.5 model xarr.xpex.xn120:nshort_model.48
Warning: Eta0 = -0.0286127 is negative.

Checking parameters for BSIM 4.5 model xarr.xpex.xn119:nshort_model.48
Warning: Eta0 = -0.0286127 is negative.

Checking parameters for BSIM 4.5 model xarr.xpex.xn117:nshort_model.48
Warning: Eta0 = -0.0286127 is negative.

Checking parameters for BSIM 4.5 model xarr.xpex.xn115:nshort_model.48
Warning: Eta0 = -0.0286127 is negative.

Checking parameters for BSIM 4.5 model xarr.xpex.xn113:nshort_model.48
Warning: Eta0 = -0.0286127 is negative.

Checking parameters for BSIM 4.5 model xarr.xpex.xn108:nshort_model.48
Warning: Eta0 = -0.0286127 is negative.

Checking parameters for BSIM 4.5 model xarr.xpex.xn107:nshort_model.48
Warning: Eta0 = -0.0286127 is negative.

Checking parameters for BSIM 4.5 model xarr.xpex.xn105:nshort_model.48
Warning: Eta0 = -0.0286127 is negative.

Checking parameters for BSIM 4.5 model xarr.xpex.xn103:nshort_model.48
Warning: Eta0 = -0.0286127 is negative.

Checking parameters for BSIM 4.5 model xarr.xpex.xn102:nshort_model.48
Warning: Eta0 = -0.0286127 is negative.

Checking parameters for BSIM 4.5 model xarr.xpex.xn98:nshort_model.48
Warning: Eta0 = -0.0286127 is negative.

Checking parameters for BSIM 4.5 model xarr.xpex.xn94:nshort_model.48
Warning: Eta0 = -0.0286127 is negative.

Checking parameters for BSIM 4.5 model xarr.xpex.xn90:nshort_model.48
Warning: Eta0 = -0.0286127 is negative.

Checking parameters for BSIM 4.5 model xarr.xpex.xn89:nshort_model.48
Warning: Eta0 = -0.0286127 is negative.

Checking parameters for BSIM 4.5 model xarr.xpex.xn86:nshort_model.48
Warning: Eta0 = -0.0286127 is negative.

Checking parameters for BSIM 4.5 model xarr.xpex.xn82:nshort_model.48
Warning: Eta0 = -0.0286127 is negative.

Checking parameters for BSIM 4.5 model xarr.xpex.xn81:nshort_model.48
Warning: Eta0 = -0.0286127 is negative.

Checking parameters for BSIM 4.5 model xarr.xpex.xn79:nshort_model.48
Warning: Eta0 = -0.0286127 is negative.

Checking parameters for BSIM 4.5 model xarr.xpex.xn78:nshort_model.48
Warning: Eta0 = -0.0286127 is negative.

Checking parameters for BSIM 4.5 model xarr.xpex.xn76:nshort_model.48
Warning: Eta0 = -0.0286127 is negative.

Checking parameters for BSIM 4.5 model xarr.xpex.xn68:nshort_model.48
Warning: Eta0 = -0.0286127 is negative.

Checking parameters for BSIM 4.5 model xarr.xpex.xn66:nshort_model.48
Warning: Eta0 = -0.0286127 is negative.

Checking parameters for BSIM 4.5 model xarr.xpex.xn65:nshort_model.48
Warning: Eta0 = -0.0286127 is negative.

Checking parameters for BSIM 4.5 model xarr.xpex.xn64:nshort_model.48
Warning: Eta0 = -0.0286127 is negative.

Checking parameters for BSIM 4.5 model xarr.xpex.xn63:nshort_model.48
Warning: Eta0 = -0.0286127 is negative.

Checking parameters for BSIM 4.5 model xarr.xpex.xn62:nshort_model.48
Warning: Eta0 = -0.0286127 is negative.

Checking parameters for BSIM 4.5 model xarr.xpex.xn61:nshort_model.48
Warning: Eta0 = -0.0286127 is negative.

Checking parameters for BSIM 4.5 model xarr.xpex.xn60:nshort_model.48
Warning: Eta0 = -0.0286127 is negative.

Checking parameters for BSIM 4.5 model xarr.xpex.xn59:nshort_model.48
Warning: Eta0 = -0.0286127 is negative.

Checking parameters for BSIM 4.5 model xarr.xpex.xn58:nshort_model.48
Warning: Eta0 = -0.0286127 is negative.

Checking parameters for BSIM 4.5 model xarr.xpex.xn57:nshort_model.48
Warning: Eta0 = -0.0286127 is negative.

Checking parameters for BSIM 4.5 model xarr.xpex.xn56:nshort_model.48
Warning: Eta0 = -0.0286127 is negative.

Checking parameters for BSIM 4.5 model xarr.xpex.xn55:nshort_model.48
Warning: Eta0 = -0.0286127 is negative.

Checking parameters for BSIM 4.5 model xarr.xpex.xn54:nshort_model.48
Warning: Eta0 = -0.0286127 is negative.

Checking parameters for BSIM 4.5 model xarr.xpex.xn53:nshort_model.48
Warning: Eta0 = -0.0286127 is negative.

Checking parameters for BSIM 4.5 model xarr.xpex.xn52:nshort_model.48
Warning: Eta0 = -0.0286127 is negative.

Checking parameters for BSIM 4.5 model xarr.xpex.xn51:nshort_model.48
Warning: Eta0 = -0.0286127 is negative.

Checking parameters for BSIM 4.5 model xarr.xpex.xn50:nshort_model.48
Warning: Eta0 = -0.0286127 is negative.

Checking parameters for BSIM 4.5 model xarr.xpex.xn49:nshort_model.48
Warning: Eta0 = -0.0286127 is negative.

Checking parameters for BSIM 4.5 model xarr.xpex.xn48:nshort_model.48
Warning: Eta0 = -0.0286127 is negative.

Checking parameters for BSIM 4.5 model xarr.xpex.xn47:nshort_model.48
Warning: Eta0 = -0.0286127 is negative.

Checking parameters for BSIM 4.5 model xarr.xpex.xn46:nshort_model.48
Warning: Eta0 = -0.0286127 is negative.

Checking parameters for BSIM 4.5 model xarr.xpex.xn45:nshort_model.48
Warning: Eta0 = -0.0286127 is negative.

Checking parameters for BSIM 4.5 model xarr.xpex.xn44:nshort_model.48
Warning: Eta0 = -0.0286127 is negative.

Checking parameters for BSIM 4.5 model xarr.xpex.xn43:nshort_model.48
Warning: Eta0 = -0.0286127 is negative.

Checking parameters for BSIM 4.5 model xarr.xpex.xn42:nshort_model.48
Warning: Eta0 = -0.0286127 is negative.

Checking parameters for BSIM 4.5 model xarr.xpex.xn41:nshort_model.48
Warning: Eta0 = -0.0286127 is negative.

Checking parameters for BSIM 4.5 model xarr.xpex.xn40:nshort_model.48
Warning: Eta0 = -0.0286127 is negative.

Checking parameters for BSIM 4.5 model xarr.xpex.xn39:nshort_model.48
Warning: Eta0 = -0.0286127 is negative.

Checking parameters for BSIM 4.5 model xarr.xpex.xn38:nshort_model.48
Warning: Eta0 = -0.0286127 is negative.

Checking parameters for BSIM 4.5 model xarr.xpex.xn37:nshort_model.48
Warning: Eta0 = -0.0286127 is negative.

Checking parameters for BSIM 4.5 model xarr.xpex.xn36:nshort_model.48
Warning: Eta0 = -0.0286127 is negative.

Checking parameters for BSIM 4.5 model xarr.xpex.xn35:nshort_model.48
Warning: Eta0 = -0.0286127 is negative.

Checking parameters for BSIM 4.5 model xarr.xpex.xn34:nshort_model.48
Warning: Eta0 = -0.0286127 is negative.

Checking parameters for BSIM 4.5 model xarr.xpex.xn33:nshort_model.48
Warning: Eta0 = -0.0286127 is negative.

Checking parameters for BSIM 4.5 model xarr.xpex.xn32:nshort_model.48
Warning: Eta0 = -0.0286127 is negative.

Checking parameters for BSIM 4.5 model xarr.xpex.xn31:nshort_model.48
Warning: Eta0 = -0.0286127 is negative.

Checking parameters for BSIM 4.5 model xarr.xpex.xn30:nshort_model.48
Warning: Eta0 = -0.0286127 is negative.

Checking parameters for BSIM 4.5 model xarr.xpex.xn29:nshort_model.48
Warning: Eta0 = -0.0286127 is negative.

Checking parameters for BSIM 4.5 model xarr.xpex.xn28:nshort_model.48
Warning: Eta0 = -0.0286127 is negative.

Checking parameters for BSIM 4.5 model xarr.xpex.xn27:nshort_model.48
Warning: Eta0 = -0.0286127 is negative.

Checking parameters for BSIM 4.5 model xarr.xpex.xn26:nshort_model.48
Warning: Eta0 = -0.0286127 is negative.

Checking parameters for BSIM 4.5 model xarr.xpex.xn25:nshort_model.48
Warning: Eta0 = -0.0286127 is negative.

