|* Post-layout ro_array_core (whole array, real inter-ring wiring), FLOATING
|* substrate, rings 2-4 PRESENT BUT STOPPED (en2/en3/en4 held at 0 for the
|* whole run) -- the array-scale sibling of
|* sim/post-layout-ro-ring5/testbench/tb_post_layout_substrate_float_solo.spice.
|*
|* Purpose: separate LOADING (the floating node's own capacitance/impedance,
|* present even with no other ring switching) from COUPLING (ring 1's period
|* moving because rings 2-4 are actually driving the same shared node), the
|* same three-way decomposition DR-0005 finding 3 used at ring scope:
|*
|*   loading  = t(this deck)                         - t(tied, sibling deck)
|*   coupling = t(substrate_float, all 4 running)     - t(this deck)
|*
|* Same array GDS extraction as the other two decks in this directory (real
|* physical ring-to-ring proximity, not four separately-placed leaf cells),
|* so this is the strongest available bound on the substrate mechanism this
|* repo has produced -- still not the physical answer (the extractor emits
|* no substrate or tap resistance at all; klayout-tools#1503), but bracketing
|* the terminals of a real, physically-placed layout's own shared node
|* rather than a hand-tied approximation of one.
|*
|* With en2/en3/en4 held at 0, ro_nand2's own defined-output-on-disable state
|* (design/README.md; DR-0003) pins ring2/3/4's node ro_ring5 outputs high --
|* a defined, non-switching state, not a floating one -- so rn2/rn3/rn4 (and
|* therefore ro2/ro3/ro4 and the XOR tree downstream of them) settle and stay
|* put; only ring 1 free-runs.
|*
|* This file is a TEMPLATE: sim/bin/corner-run.py substitutes /Users/rwalters/.volare/volare/sky130/versions/c6d73a35f524070e85faff4a6a9eef49553ebc2b/sky130A/libs.tech/combined/sky130.lib.spice,
|* ff, /Users/rwalters/GitHub/sky130-trng/.loom/worktrees/issue-22/layout/pex-array/ro_array_core_pex.spice, 125.0 and 1.98. As committed it is not a
|* runnable deck. Invoke with
|* `--pex-lib layout/pex-array/ro_array_core_pex.spice`.
|
|.option scale=1u
|.lib "/Users/rwalters/.volare/volare/sky130/versions/c6d73a35f524070e85faff4a6a9eef49553ebc2b/sky130A/libs.tech/combined/sky130.lib.spice" ff
|
|.include "/Users/rwalters/GitHub/sky130-trng/.loom/worktrees/issue-22/layout/pex-array/ro_array_core_pex.spice"
|
|.temp 125.0
|
|* --- substrate return node: FLOATING (see header) -- no Vsub source ----
|
|Vddrp1 pvddr1 0 dc 1.98
|Vddrp2 pvddr2 0 dc 1.98
|Vddrp3 pvddr3 0 dc 1.98
|Vddrp4 pvddr4 0 dc 1.98
|Vddp pvdd 0 dc 1.98
|Venp1 pen1 0 PULSE(0 1.98 5n 100p 100p 1u 2u)
|* rings 2-4: held at 0 for the whole run -- present, but never released.
|Venp2 pen2 0 dc 0
|Venp3 pen3 0 dc 0
|Venp4 pen4 0 dc 0
|xarr pen1 pen2 pen3 pen4 pvddr1 pvddr2 pvddr3 pvddr4 pvdd 0 pxo pro1 pro2 pro3 pro4 ro_array_core_pex
|
|.ic v(pro1)=0
|.ic v(pro2)=0
|.ic v(pro3)=0
|.ic v(pro4)=0
|
|.save v(pro1) v(xarr.vsubs)
|.save i(Vddrp1)
|
|.tran 5p 800n uic
|
|.control
|run
|
|meas tran pt1a when v(pro1)=0.5*1.98 rise=3
|meas tran pt1b when v(pro1)=0.5*1.98 rise=13
|let p_tr1 = (pt1b - pt1a)/10
|
|meas tran vsub_max MAX v(xarr.vsubs) from=100n to=800n
|meas tran vsub_min MIN v(xarr.vsubs) from=100n to=800n
|let vsub_swing_frac = (vsub_max - vsub_min) / 1.98
|
|print p_tr1
|print vsub_swing_frac
|.endc
|.end
|

----- stdout -----

Note: Compatibility modes selected: hs a


Circuit: * post-layout ro_array_core (whole array, real inter-ring wiring), floating

option SCALE: Scale is set to 1e-06 for instance and model parameters
option SCALE: Scale is set to 1e-06 for instance and model parameters
option SCALE: Scale is set to 1e-06 for instance and model parameters
option SCALE: Scale is set to 1e-06 for instance and model parameters
option SCALE: Scale is set to 1e-06 for instance and model parameters
Doing analysis at TEMP = 125.000000 and TNOM = 27.000000

Using SPARSE 1.3 as Direct Linear Solver
Operating point simulation skipped by 'uic',
  now using transient initial conditions.
 Reference value :  5.00000e-14
 Reference value :  1.34735e-09
 Reference value :  2.97235e-09
 Reference value :  4.56735e-09
 Reference value :  6.19250e-09
 Reference value :  7.90750e-09
 Reference value :  9.40250e-09
 Reference value :  1.09425e-08
 Reference value :  1.24575e-08
 Reference value :  1.39125e-08
 Reference value :  1.54425e-08
 Reference value :  1.69325e-08
 Reference value :  1.84175e-08
 Reference value :  1.98525e-08
 Reference value :  2.12575e-08
 Reference value :  2.26525e-08
 Reference value :  2.40475e-08
 Reference value :  2.55775e-08
 Reference value :  2.69125e-08
 Reference value :  2.82575e-08
 Reference value :  2.95775e-08
 Reference value :  3.10175e-08
 Reference value :  3.24075e-08
 Reference value :  3.38425e-08
 Reference value :  3.52325e-08
 Reference value :  3.65925e-08
 Reference value :  3.80225e-08
 Reference value :  3.94175e-08
 Reference value :  4.07575e-08
 Reference value :  4.21925e-08
 Reference value :  4.37325e-08
 Reference value :  4.51475e-08
 Reference value :  4.67325e-08
 Reference value :  4.82275e-08
 Reference value :  4.97425e-08
 Reference value :  5.12125e-08
 Reference value :  5.27475e-08
 Reference value :  5.41175e-08
 Reference value :  5.55775e-08
 Reference value :  5.71125e-08
 Reference value :  5.88025e-08
 Reference value :  6.02875e-08
 Reference value :  6.17475e-08
 Reference value :  6.32625e-08
 Reference value :  6.47425e-08
 Reference value :  6.61875e-08
 Reference value :  6.77125e-08
 Reference value :  6.90425e-08
 Reference value :  7.04175e-08
 Reference value :  7.17975e-08
 Reference value :  7.32375e-08
 Reference value :  7.46175e-08
 Reference value :  7.60275e-08
 Reference value :  7.73875e-08
 Reference value :  7.87825e-08
 Reference value :  8.01425e-08
 Reference value :  8.15525e-08
 Reference value :  8.29175e-08
 Reference value :  8.44275e-08
 Reference value :  8.58525e-08
 Reference value :  8.72675e-08
 Reference value :  8.87525e-08
 Reference value :  9.02675e-08
 Reference value :  9.16225e-08
 Reference value :  9.29725e-08
 Reference value :  9.44125e-08
 Reference value :  9.58125e-08
 Reference value :  9.72225e-08
 Reference value :  9.86425e-08
 Reference value :  1.00098e-07
 Reference value :  1.01593e-07
 Reference value :  1.02958e-07
 Reference value :  1.04273e-07
 Reference value :  1.05578e-07
 Reference value :  1.06948e-07
 Reference value :  1.08283e-07
 Reference value :  1.09738e-07
 Reference value :  1.11108e-07
 Reference value :  1.12643e-07
 Reference value :  1.14053e-07
 Reference value :  1.15568e-07
 Reference value :  1.17108e-07
 Reference value :  1.18563e-07
 Reference value :  1.19998e-07
 Reference value :  1.21463e-07
 Reference value :  1.22903e-07
 Reference value :  1.24343e-07
 Reference value :  1.25913e-07
 Reference value :  1.27433e-07
 Reference value :  1.28958e-07
 Reference value :  1.30513e-07
 Reference value :  1.32088e-07
 Reference value :  1.33583e-07
 Reference value :  1.35163e-07
 Reference value :  1.36673e-07
 Reference value :  1.38188e-07
 Reference value :  1.39613e-07
 Reference value :  1.41133e-07
 Reference value :  1.42618e-07
 Reference value :  1.44078e-07
 Reference value :  1.45523e-07
 Reference value :  1.47003e-07
 Reference value :  1.48578e-07
 Reference value :  1.50038e-07
 Reference value :  1.51503e-07
 Reference value :  1.52983e-07
 Reference value :  1.54438e-07
 Reference value :  1.55828e-07
 Reference value :  1.57293e-07
 Reference value :  1.58738e-07
 Reference value :  1.60138e-07
 Reference value :  1.61558e-07
 Reference value :  1.63008e-07
 Reference value :  1.64558e-07
 Reference value :  1.65943e-07
 Reference value :  1.67458e-07
 Reference value :  1.68928e-07
 Reference value :  1.70473e-07
 Reference value :  1.71933e-07
 Reference value :  1.73458e-07
 Reference value :  1.74928e-07
 Reference value :  1.76383e-07
 Reference value :  1.77863e-07
 Reference value :  1.79388e-07
 Reference value :  1.80878e-07
 Reference value :  1.82228e-07
 Reference value :  1.83608e-07
 Reference value :  1.84948e-07
 Reference value :  1.86318e-07
 Reference value :  1.87703e-07
 Reference value :  1.89063e-07
 Reference value :  1.90443e-07
 Reference value :  1.91878e-07
 Reference value :  1.93323e-07
 Reference value :  1.94823e-07
 Reference value :  1.96198e-07
 Reference value :  1.97558e-07
 Reference value :  1.98978e-07
 Reference value :  2.00463e-07
 Reference value :  2.01933e-07
 Reference value :  2.03423e-07
 Reference value :  2.04863e-07
 Reference value :  2.06258e-07
 Reference value :  2.07753e-07
 Reference value :  2.09093e-07
 Reference value :  2.10498e-07
 Reference value :  2.11873e-07
 Reference value :  2.13278e-07
 Reference value :  2.14748e-07
 Reference value :  2.16218e-07
 Reference value :  2.17583e-07
 Reference value :  2.18963e-07
 Reference value :  2.20378e-07
 Reference value :  2.21748e-07
 Reference value :  2.23263e-07
 Reference value :  2.24678e-07
 Reference value :  2.26198e-07
 Reference value :  2.27658e-07
 Reference value :  2.29113e-07
 Reference value :  2.30608e-07
 Reference value :  2.32088e-07
 Reference value :  2.33608e-07
 Reference value :  2.35083e-07
 Reference value :  2.36593e-07
 Reference value :  2.38028e-07
 Reference value :  2.39398e-07
 Reference value :  2.40803e-07
 Reference value :  2.42258e-07
 Reference value :  2.43698e-07
 Reference value :  2.45138e-07
 Reference value :  2.46698e-07
 Reference value :  2.48108e-07
 Reference value :  2.49458e-07
 Reference value :  2.50863e-07
 Reference value :  2.52263e-07
 Reference value :  2.53603e-07
 Reference value :  2.54983e-07
 Reference value :  2.56368e-07
 Reference value :  2.57783e-07
 Reference value :  2.59203e-07
 Reference value :  2.60583e-07
 Reference value :  2.61913e-07
 Reference value :  2.63273e-07
 Reference value :  2.64738e-07
 Reference value :  2.66043e-07
 Reference value :  2.67498e-07
 Reference value :  2.68943e-07
 Reference value :  2.70478e-07
 Reference value :  2.71913e-07
 Reference value :  2.73428e-07
 Reference value :  2.74873e-07
 Reference value :  2.76298e-07
 Reference value :  2.77753e-07
 Reference value :  2.79148e-07
 Reference value :  2.80558e-07
 Reference value :  2.81988e-07
 Reference value :  2.83493e-07
 Reference value :  2.84988e-07
 Reference value :  2.86427e-07
 Reference value :  2.87807e-07
 Reference value :  2.89237e-07
 Reference value :  2.90622e-07
 Reference value :  2.92042e-07
 Reference value :  2.93472e-07
 Reference value :  2.94942e-07
 Reference value :  2.96367e-07
 Reference value :  2.97867e-07
 Reference value :  2.99347e-07
 Reference value :  3.00802e-07
 Reference value :  3.02267e-07
 Reference value :  3.03687e-07
 Reference value :  3.05182e-07
 Reference value :  3.06672e-07
 Reference value :  3.08117e-07
 Reference value :  3.09677e-07
 Reference value :  3.11137e-07
 Reference value :  3.12577e-07
 Reference value :  3.13932e-07
 Reference value :  3.15352e-07
 Reference value :  3.16717e-07
 Reference value :  3.18117e-07
 Reference value :  3.19502e-07
 Reference value :  3.20892e-07
 Reference value :  3.22277e-07
 Reference value :  3.23667e-07
 Reference value :  3.25157e-07
 Reference value :  3.26647e-07
 Reference value :  3.28122e-07
 Reference value :  3.29532e-07
 Reference value :  3.31092e-07
 Reference value :  3.32587e-07
 Reference value :  3.34062e-07
 Reference value :  3.35552e-07
 Reference value :  3.37122e-07
 Reference value :  3.38532e-07
 Reference value :  3.39962e-07
 Reference value :  3.41472e-07
 Reference value :  3.42952e-07
 Reference value :  3.44402e-07
 Reference value :  3.45772e-07
 Reference value :  3.47222e-07
 Reference value :  3.48657e-07
 Reference value :  3.50077e-07
 Reference value :  3.51537e-07
 Reference value :  3.52962e-07
 Reference value :  3.54442e-07
 Reference value :  3.55827e-07
 Reference value :  3.57322e-07
 Reference value :  3.58822e-07
 Reference value :  3.60282e-07
 Reference value :  3.61762e-07
 Reference value :  3.63287e-07
 Reference value :  3.64687e-07
 Reference value :  3.66152e-07
 Reference value :  3.67647e-07
 Reference value :  3.68987e-07
 Reference value :  3.70407e-07
 Reference value :  3.71812e-07
 Reference value :  3.73242e-07
 Reference value :  3.74707e-07
 Reference value :  3.76197e-07
 Reference value :  3.77692e-07
 Reference value :  3.79142e-07
 Reference value :  3.80662e-07
 Reference value :  3.82097e-07
 Reference value :  3.83622e-07
 Reference value :  3.85132e-07
 Reference value :  3.86602e-07
 Reference value :  3.88157e-07
 Reference value :  3.89912e-07
 Reference value :  3.91352e-07
 Reference value :  3.92797e-07
 Reference value :  3.94387e-07
 Reference value :  3.95792e-07
 Reference value :  3.97267e-07
 Reference value :  3.98737e-07
 Reference value :  4.00232e-07
 Reference value :  4.01722e-07
 Reference value :  4.03217e-07
 Reference value :  4.04687e-07
 Reference value :  4.06142e-07
 Reference value :  4.07602e-07
 Reference value :  4.09057e-07
 Reference value :  4.10537e-07
 Reference value :  4.11847e-07
 Reference value :  4.13202e-07
 Reference value :  4.14617e-07
 Reference value :  4.16142e-07
 Reference value :  4.17557e-07
 Reference value :  4.18952e-07
 Reference value :  4.20417e-07
 Reference value :  4.21887e-07
 Reference value :  4.23357e-07
 Reference value :  4.24797e-07
 Reference value :  4.26302e-07
 Reference value :  4.27737e-07
 Reference value :  4.29182e-07
 Reference value :  4.30617e-07
 Reference value :  4.32057e-07
 Reference value :  4.33562e-07
 Reference value :  4.34907e-07
 Reference value :  4.36392e-07
 Reference value :  4.37907e-07
 Reference value :  4.39382e-07
 Reference value :  4.40912e-07
 Reference value :  4.42452e-07
 Reference value :  4.43997e-07
 Reference value :  4.45467e-07
 Reference value :  4.46957e-07
 Reference value :  4.48357e-07
 Reference value :  4.49682e-07
 Reference value :  4.51037e-07
 Reference value :  4.52487e-07
 Reference value :  4.53912e-07
 Reference value :  4.55352e-07
 Reference value :  4.56912e-07
 Reference value :  4.58402e-07
 Reference value :  4.59917e-07
 Reference value :  4.61302e-07
 Reference value :  4.62752e-07
 Reference value :  4.64172e-07
 Reference value :  4.65497e-07
 Reference value :  4.66842e-07
 Reference value :  4.68227e-07
 Reference value :  4.69597e-07
 Reference value :  4.70977e-07
 Reference value :  4.72362e-07
 Reference value :  4.73827e-07
 Reference value :  4.75252e-07
 Reference value :  4.76857e-07
 Reference value :  4.78362e-07
 Reference value :  4.79927e-07
 Reference value :  4.81402e-07
 Reference value :  4.82907e-07
 Reference value :  4.84462e-07
 Reference value :  4.85982e-07
 Reference value :  4.87477e-07
 Reference value :  4.89037e-07
 Reference value :  4.90537e-07
 Reference value :  4.91942e-07
 Reference value :  4.93337e-07
 Reference value :  4.94762e-07
 Reference value :  4.96122e-07
 Reference value :  4.97522e-07
 Reference value :  4.99052e-07
 Reference value :  5.00547e-07
 Reference value :  5.01982e-07
 Reference value :  5.03372e-07
 Reference value :  5.04832e-07
 Reference value :  5.06262e-07
 Reference value :  5.07692e-07
 Reference value :  5.09177e-07
 Reference value :  5.10657e-07
 Reference value :  5.12047e-07
 Reference value :  5.13447e-07
 Reference value :  5.14902e-07
 Reference value :  5.16307e-07
 Reference value :  5.17747e-07
 Reference value :  5.19127e-07
 Reference value :  5.20667e-07
 Reference value :  5.22157e-07
 Reference value :  5.23662e-07
 Reference value :  5.25102e-07
 Reference value :  5.26497e-07
 Reference value :  5.27842e-07
 Reference value :  5.29217e-07
 Reference value :  5.30717e-07
 Reference value :  5.32187e-07
 Reference value :  5.33642e-07
 Reference value :  5.35017e-07
 Reference value :  5.36392e-07
 Reference value :  5.37772e-07
 Reference value :  5.39147e-07
 Reference value :  5.40532e-07
 Reference value :  5.41957e-07
 Reference value :  5.43292e-07
 Reference value :  5.44627e-07
 Reference value :  5.46072e-07
 Reference value :  5.47587e-07
 Reference value :  5.48987e-07
 Reference value :  5.50387e-07
 Reference value :  5.51882e-07
 Reference value :  5.53337e-07
 Reference value :  5.54832e-07
 Reference value :  5.56327e-07
 Reference value :  5.57657e-07
 Reference value :  5.58967e-07
 Reference value :  5.60217e-07
 Reference value :  5.61592e-07
 Reference value :  5.62952e-07
 Reference value :  5.64292e-07
 Reference value :  5.65737e-07
 Reference value :  5.67152e-07
 Reference value :  5.68577e-07
 Reference value :  5.69917e-07
 Reference value :  5.71237e-07
 Reference value :  5.72632e-07
 Reference value :  5.74137e-07
 Reference value :  5.75617e-07
 Reference value :  5.76987e-07
 Reference value :  5.78392e-07
 Reference value :  5.79777e-07
 Reference value :  5.81227e-07
 Reference value :  5.82642e-07
 Reference value :  5.84132e-07
 Reference value :  5.85537e-07
 Reference value :  5.86902e-07
 Reference value :  5.88367e-07
 Reference value :  5.89857e-07
 Reference value :  5.91347e-07
 Reference value :  5.92762e-07
 Reference value :  5.94262e-07
 Reference value :  5.95717e-07
 Reference value :  5.97312e-07
 Reference value :  5.98807e-07
 Reference value :  6.00292e-07
 Reference value :  6.01763e-07
 Reference value :  6.03208e-07
 Reference value :  6.04648e-07
 Reference value :  6.06063e-07
 Reference value :  6.07753e-07
 Reference value :  6.09253e-07
 Reference value :  6.10788e-07
 Reference value :  6.12293e-07
 Reference value :  6.13648e-07
 Reference value :  6.15048e-07
 Reference value :  6.16368e-07
 Reference value :  6.17848e-07
 Reference value :  6.19248e-07
 Reference value :  6.20683e-07
 Reference value :  6.22008e-07
 Reference value :  6.23298e-07
 Reference value :  6.24668e-07
 Reference value :  6.26043e-07
 Reference value :  6.27328e-07
 Reference value :  6.28638e-07
 Reference value :  6.29968e-07
 Reference value :  6.31308e-07
 Reference value :  6.32573e-07
 Reference value :  6.33853e-07
 Reference value :  6.35168e-07
 Reference value :  6.36363e-07
 Reference value :  6.37683e-07
 Reference value :  6.38958e-07
 Reference value :  6.40238e-07
 Reference value :  6.41618e-07
 Reference value :  6.42843e-07
 Reference value :  6.44238e-07
 Reference value :  6.45548e-07
 Reference value :  6.46863e-07
 Reference value :  6.48228e-07
 Reference value :  6.49518e-07
 Reference value :  6.50808e-07
 Reference value :  6.52153e-07
 Reference value :  6.53878e-07
 Reference value :  6.55433e-07
 Reference value :  6.56858e-07
 Reference value :  6.58288e-07
 Reference value :  6.59783e-07
 Reference value :  6.61068e-07
 Reference value :  6.62433e-07
 Reference value :  6.63693e-07
 Reference value :  6.65048e-07
 Reference value :  6.66323e-07
 Reference value :  6.67618e-07
 Reference value :  6.68853e-07
 Reference value :  6.70148e-07
 Reference value :  6.71403e-07
 Reference value :  6.72598e-07
 Reference value :  6.73738e-07
 Reference value :  6.74688e-07
 Reference value :  6.75743e-07
 Reference value :  6.76863e-07
 Reference value :  6.78088e-07
 Reference value :  6.79183e-07
 Reference value :  6.80418e-07
 Reference value :  6.81613e-07
 Reference value :  6.83028e-07
 Reference value :  6.84313e-07
 Reference value :  6.85463e-07
 Reference value :  6.86608e-07
 Reference value :  6.87813e-07
 Reference value :  6.89083e-07
 Reference value :  6.90308e-07
 Reference value :  6.91998e-07
 Reference value :  6.93363e-07
 Reference value :  6.94538e-07
 Reference value :  6.95648e-07
 Reference value :  6.96798e-07
 Reference value :  6.97953e-07
 Reference value :  6.99038e-07
 Reference value :  7.00163e-07
 Reference value :  7.01373e-07
 Reference value :  7.02553e-07
 Reference value :  7.03923e-07
 Reference value :  7.05508e-07
 Reference value :  7.07033e-07
 Reference value :  7.08448e-07
 Reference value :  7.09893e-07
 Reference value :  7.11208e-07
 Reference value :  7.12563e-07
 Reference value :  7.14043e-07
 Reference value :  7.15823e-07
 Reference value :  7.17333e-07
 Reference value :  7.18863e-07
 Reference value :  7.20313e-07
 Reference value :  7.21473e-07
 Reference value :  7.22733e-07
 Reference value :  7.24058e-07
 Reference value :  7.25318e-07
 Reference value :  7.26398e-07
 Reference value :  7.27528e-07
 Reference value :  7.28753e-07
 Reference value :  7.30203e-07
 Reference value :  7.31663e-07
 Reference value :  7.33158e-07
 Reference value :  7.34498e-07
 Reference value :  7.36033e-07
 Reference value :  7.38243e-07
 Reference value :  7.39798e-07
 Reference value :  7.41253e-07
 Reference value :  7.42678e-07
 Reference value :  7.44173e-07
 Reference value :  7.45618e-07
 Reference value :  7.47103e-07
 Reference value :  7.48488e-07
 Reference value :  7.49833e-07
 Reference value :  7.51333e-07
 Reference value :  7.52748e-07
 Reference value :  7.54078e-07
 Reference value :  7.55328e-07
 Reference value :  7.56538e-07
 Reference value :  7.57723e-07
 Reference value :  7.58938e-07
 Reference value :  7.60223e-07
 Reference value :  7.61393e-07
 Reference value :  7.62553e-07
 Reference value :  7.63678e-07
 Reference value :  7.64873e-07
 Reference value :  7.66223e-07
 Reference value :  7.67638e-07
 Reference value :  7.69013e-07
 Reference value :  7.70433e-07
 Reference value :  7.71818e-07
 Reference value :  7.73248e-07
 Reference value :  7.74673e-07
 Reference value :  7.76078e-07
 Reference value :  7.77473e-07
 Reference value :  7.78903e-07
 Reference value :  7.80263e-07
 Reference value :  7.81568e-07
 Reference value :  7.82973e-07
 Reference value :  7.84343e-07
 Reference value :  7.85743e-07
 Reference value :  7.87153e-07
 Reference value :  7.88593e-07
 Reference value :  7.89928e-07
 Reference value :  7.91323e-07
 Reference value :  7.92628e-07
 Reference value :  7.94033e-07
 Reference value :  7.95428e-07
 Reference value :  7.96828e-07
 Reference value :  7.98123e-07
 Reference value :  7.99518e-07
No. of Data Rows : 160024
pt1a                =  1.81942e-08
pt1b                =  7.07986e-08
 meas tran vsub_max max v(xarr.vsubs) from=100n to=800n failed!

 meas tran vsub_min min v(xarr.vsubs) from=100n to=800n failed!

p_tr1 = 5.260434e-09
Note: Simulation executed from .control section 

----- stderr -----

Checking parameters for BSIM 4.5 model xarr.xpex.xn132:pshort_model.43
Warning: Eta0 = -0.000373202 is negative.

Checking parameters for BSIM 4.5 model xarr.xpex.xn131:pshort_model.43
Warning: Eta0 = -0.000373202 is negative.

Checking parameters for BSIM 4.5 model xarr.xpex.xn130:pshort_model.43
Warning: Eta0 = -0.000373202 is negative.

Checking parameters for BSIM 4.5 model xarr.xpex.xn129:pshort_model.43
Warning: Eta0 = -0.000373202 is negative.

Checking parameters for BSIM 4.5 model xarr.xpex.xn128:pshort_model.43
Warning: Eta0 = -0.000373202 is negative.

Checking parameters for BSIM 4.5 model xarr.xpex.xn127:pshort_model.43
Warning: Eta0 = -0.000373202 is negative.

Checking parameters for BSIM 4.5 model xarr.xpex.xn126:pshort_model.43
Warning: Eta0 = -0.000373202 is negative.

Checking parameters for BSIM 4.5 model xarr.xpex.xn125:pshort_model.43
Warning: Eta0 = -0.000373202 is negative.

Checking parameters for BSIM 4.5 model xarr.xpex.xn124:pshort_model.43
Warning: Eta0 = -0.000373202 is negative.

Checking parameters for BSIM 4.5 model xarr.xpex.xn123:pshort_model.43
Warning: Eta0 = -0.000373202 is negative.

Checking parameters for BSIM 4.5 model xarr.xpex.xn122:pshort_model.43
Warning: Eta0 = -0.000373202 is negative.

Checking parameters for BSIM 4.5 model xarr.xpex.xn121:pshort_model.43
Warning: Eta0 = -0.000373202 is negative.

Checking parameters for BSIM 4.5 model xarr.xpex.xn120:pshort_model.40
Warning: A2 = 1.0885 is larger than 1. A2 is set to 1 and A1 is set to 0.
Warning: Pdibl1 = -0.00669442 is negative.

Checking parameters for BSIM 4.5 model xarr.xpex.xn119:pshort_model.43
Warning: Eta0 = -0.000373202 is negative.

Checking parameters for BSIM 4.5 model xarr.xpex.xn118:pshort_model.32
Warning: A2 = 1.14662 is larger than 1. A2 is set to 1 and A1 is set to 0.
Warning: Pdibl1 = -0.0493749 is negative.
Warning: Pdibl2 = -0.000925472 is negative.

Checking parameters for BSIM 4.5 model xarr.xpex.xn117:pshort_model.32
Warning: A2 = 1.14662 is larger than 1. A2 is set to 1 and A1 is set to 0.
Warning: Pdibl1 = -0.0493749 is negative.
Warning: Pdibl2 = -0.000925472 is negative.

Checking parameters for BSIM 4.5 model xarr.xpex.xn116:pshort_model.43
Warning: Eta0 = -0.000373202 is negative.

Checking parameters for BSIM 4.5 model xarr.xpex.xn115:pshort_model.32
Warning: A2 = 1.14662 is larger than 1. A2 is set to 1 and A1 is set to 0.
Warning: Pdibl1 = -0.0493749 is negative.
Warning: Pdibl2 = -0.000925472 is negative.

Checking parameters for BSIM 4.5 model xarr.xpex.xn114:pshort_model.32
Warning: A2 = 1.14662 is larger than 1. A2 is set to 1 and A1 is set to 0.
Warning: Pdibl1 = -0.0493749 is negative.
Warning: Pdibl2 = -0.000925472 is negative.

Checking parameters for BSIM 4.5 model xarr.xpex.xn113:pshort_model.40
Warning: A2 = 1.0885 is larger than 1. A2 is set to 1 and A1 is set to 0.
Warning: Pdibl1 = -0.00669442 is negative.

Checking parameters for BSIM 4.5 model xarr.xpex.xn112:pshort_model.43
Warning: Eta0 = -0.000373202 is negative.

Checking parameters for BSIM 4.5 model xarr.xpex.xn111:pshort_model.40
Warning: A2 = 1.0885 is larger than 1. A2 is set to 1 and A1 is set to 0.
Warning: Pdibl1 = -0.00669442 is negative.

Checking parameters for BSIM 4.5 model xarr.xpex.xn110:pshort_model.32
Warning: A2 = 1.14662 is larger than 1. A2 is set to 1 and A1 is set to 0.
Warning: Pdibl1 = -0.0493749 is negative.
Warning: Pdibl2 = -0.000925472 is negative.

Checking parameters for BSIM 4.5 model xarr.xpex.xn109:pshort_model.32
Warning: A2 = 1.14662 is larger than 1. A2 is set to 1 and A1 is set to 0.
Warning: Pdibl1 = -0.0493749 is negative.
Warning: Pdibl2 = -0.000925472 is negative.

Checking parameters for BSIM 4.5 model xarr.xpex.xn108:pshort_model.43
Warning: Eta0 = -0.000373202 is negative.

Checking parameters for BSIM 4.5 model xarr.xpex.xn107:pshort_model.32
Warning: A2 = 1.14662 is larger than 1. A2 is set to 1 and A1 is set to 0.
Warning: Pdibl1 = -0.0493749 is negative.
Warning: Pdibl2 = -0.000925472 is negative.

Checking parameters for BSIM 4.5 model xarr.xpex.xn106:pshort_model.32
Warning: A2 = 1.14662 is larger than 1. A2 is set to 1 and A1 is set to 0.
Warning: Pdibl1 = -0.0493749 is negative.
Warning: Pdibl2 = -0.000925472 is negative.

Checking parameters for BSIM 4.5 model xarr.xpex.xn105:pshort_model.40
Warning: A2 = 1.0885 is larger than 1. A2 is set to 1 and A1 is set to 0.
Warning: Pdibl1 = -0.00669442 is negative.

Checking parameters for BSIM 4.5 model xarr.xpex.xn104:pshort_model.43
Warning: Eta0 = -0.000373202 is negative.

Checking parameters for BSIM 4.5 model xarr.xpex.xn103:pshort_model.40
Warning: A2 = 1.0885 is larger than 1. A2 is set to 1 and A1 is set to 0.
Warning: Pdibl1 = -0.00669442 is negative.

Checking parameters for BSIM 4.5 model xarr.xpex.xn102:pshort_model.43
Warning: Eta0 = -0.000373202 is negative.

Checking parameters for BSIM 4.5 model xarr.xpex.xn101:pshort_model.32
Warning: A2 = 1.14662 is larger than 1. A2 is set to 1 and A1 is set to 0.
Warning: Pdibl1 = -0.0493749 is negative.
Warning: Pdibl2 = -0.000925472 is negative.

Checking parameters for BSIM 4.5 model xarr.xpex.xn100:pshort_model.32
Warning: A2 = 1.14662 is larger than 1. A2 is set to 1 and A1 is set to 0.
Warning: Pdibl1 = -0.0493749 is negative.
Warning: Pdibl2 = -0.000925472 is negative.

Checking parameters for BSIM 4.5 model xarr.xpex.xn99:pshort_model.43
Warning: Eta0 = -0.000373202 is negative.

Checking parameters for BSIM 4.5 model xarr.xpex.xn98:pshort_model.32
Warning: A2 = 1.14662 is larger than 1. A2 is set to 1 and A1 is set to 0.
Warning: Pdibl1 = -0.0493749 is negative.
Warning: Pdibl2 = -0.000925472 is negative.

Checking parameters for BSIM 4.5 model xarr.xpex.xn97:pshort_model.32
Warning: A2 = 1.14662 is larger than 1. A2 is set to 1 and A1 is set to 0.
Warning: Pdibl1 = -0.0493749 is negative.
Warning: Pdibl2 = -0.000925472 is negative.

Checking parameters for BSIM 4.5 model xarr.xpex.xn96:pshort_model.40
Warning: A2 = 1.0885 is larger than 1. A2 is set to 1 and A1 is set to 0.
Warning: Pdibl1 = -0.00669442 is negative.

Checking parameters for BSIM 4.5 model xarr.xpex.xn95:pshort_model.43
Warning: Eta0 = -0.000373202 is negative.

Checking parameters for BSIM 4.5 model xarr.xpex.xn94:pshort_model.40
Warning: A2 = 1.0885 is larger than 1. A2 is set to 1 and A1 is set to 0.
Warning: Pdibl1 = -0.00669442 is negative.

Checking parameters for BSIM 4.5 model xarr.xpex.xn93:pshort_model.40
Warning: A2 = 1.0885 is larger than 1. A2 is set to 1 and A1 is set to 0.
Warning: Pdibl1 = -0.00669442 is negative.

Checking parameters for BSIM 4.5 model xarr.xpex.xn92:pshort_model.40
Warning: A2 = 1.0885 is larger than 1. A2 is set to 1 and A1 is set to 0.
Warning: Pdibl1 = -0.00669442 is negative.

Checking parameters for BSIM 4.5 model xarr.xpex.xn91:pshort_model.40
Warning: A2 = 1.0885 is larger than 1. A2 is set to 1 and A1 is set to 0.
Warning: Pdibl1 = -0.00669442 is negative.

Checking parameters for BSIM 4.5 model xarr.xpex.xn90:pshort_model.40
Warning: A2 = 1.0885 is larger than 1. A2 is set to 1 and A1 is set to 0.
Warning: Pdibl1 = -0.00669442 is negative.

Checking parameters for BSIM 4.5 model xarr.xpex.xn89:pshort_model.40
Warning: A2 = 1.0885 is larger than 1. A2 is set to 1 and A1 is set to 0.
Warning: Pdibl1 = -0.00669442 is negative.

Checking parameters for BSIM 4.5 model xarr.xpex.xn88:pshort_model.40
Warning: A2 = 1.0885 is larger than 1. A2 is set to 1 and A1 is set to 0.
Warning: Pdibl1 = -0.00669442 is negative.

Checking parameters for BSIM 4.5 model xarr.xpex.xn87:pshort_model.40
Warning: A2 = 1.0885 is larger than 1. A2 is set to 1 and A1 is set to 0.
Warning: Pdibl1 = -0.00669442 is negative.

Checking parameters for BSIM 4.5 model xarr.xpex.xn86:pshort_model.40
Warning: A2 = 1.0885 is larger than 1. A2 is set to 1 and A1 is set to 0.
Warning: Pdibl1 = -0.00669442 is negative.

Checking parameters for BSIM 4.5 model xarr.xpex.xn85:pshort_model.40
Warning: A2 = 1.0885 is larger than 1. A2 is set to 1 and A1 is set to 0.
Warning: Pdibl1 = -0.00669442 is negative.

Checking parameters for BSIM 4.5 model xarr.xpex.xn84:pshort_model.40
Warning: A2 = 1.0885 is larger than 1. A2 is set to 1 and A1 is set to 0.
Warning: Pdibl1 = -0.00669442 is negative.

Checking parameters for BSIM 4.5 model xarr.xpex.xn83:pshort_model.40
Warning: A2 = 1.0885 is larger than 1. A2 is set to 1 and A1 is set to 0.
Warning: Pdibl1 = -0.00669442 is negative.

Checking parameters for BSIM 4.5 model xarr.xpex.xn82:pshort_model.40
Warning: A2 = 1.0885 is larger than 1. A2 is set to 1 and A1 is set to 0.
Warning: Pdibl1 = -0.00669442 is negative.

Checking parameters for BSIM 4.5 model xarr.xpex.xn81:pshort_model.40
Warning: A2 = 1.0885 is larger than 1. A2 is set to 1 and A1 is set to 0.
Warning: Pdibl1 = -0.00669442 is negative.

Checking parameters for BSIM 4.5 model xarr.xpex.xn80:pshort_model.40
Warning: A2 = 1.0885 is larger than 1. A2 is set to 1 and A1 is set to 0.
Warning: Pdibl1 = -0.00669442 is negative.

Checking parameters for BSIM 4.5 model xarr.xpex.xn79:pshort_model.40
Warning: A2 = 1.0885 is larger than 1. A2 is set to 1 and A1 is set to 0.
Warning: Pdibl1 = -0.00669442 is negative.

Checking parameters for BSIM 4.5 model xarr.xpex.xn78:pshort_model.40
Warning: A2 = 1.0885 is larger than 1. A2 is set to 1 and A1 is set to 0.
Warning: Pdibl1 = -0.00669442 is negative.

Checking parameters for BSIM 4.5 model xarr.xpex.xn77:pshort_model.40
Warning: A2 = 1.0885 is larger than 1. A2 is set to 1 and A1 is set to 0.
Warning: Pdibl1 = -0.00669442 is negative.

Checking parameters for BSIM 4.5 model xarr.xpex.xn76:pshort_model.40
Warning: A2 = 1.0885 is larger than 1. A2 is set to 1 and A1 is set to 0.
Warning: Pdibl1 = -0.00669442 is negative.

Checking parameters for BSIM 4.5 model xarr.xpex.xn75:pshort_model.40
Warning: A2 = 1.0885 is larger than 1. A2 is set to 1 and A1 is set to 0.
Warning: Pdibl1 = -0.00669442 is negative.

Checking parameters for BSIM 4.5 model xarr.xpex.xn74:pshort_model.40
Warning: A2 = 1.0885 is larger than 1. A2 is set to 1 and A1 is set to 0.
Warning: Pdibl1 = -0.00669442 is negative.

Checking parameters for BSIM 4.5 model xarr.xpex.xn73:pshort_model.40
Warning: A2 = 1.0885 is larger than 1. A2 is set to 1 and A1 is set to 0.
Warning: Pdibl1 = -0.00669442 is negative.

Checking parameters for BSIM 4.5 model xarr.xpex.xn72:pshort_model.40
Warning: A2 = 1.0885 is larger than 1. A2 is set to 1 and A1 is set to 0.
Warning: Pdibl1 = -0.00669442 is negative.

Checking parameters for BSIM 4.5 model xarr.xpex.xn71:pshort_model.40
Warning: A2 = 1.0885 is larger than 1. A2 is set to 1 and A1 is set to 0.
Warning: Pdibl1 = -0.00669442 is negative.

Checking parameters for BSIM 4.5 model xarr.xpex.xn70:pshort_model.40
Warning: A2 = 1.0885 is larger than 1. A2 is set to 1 and A1 is set to 0.
Warning: Pdibl1 = -0.00669442 is negative.

Checking parameters for BSIM 4.5 model xarr.xpex.xn69:pshort_model.40
Warning: A2 = 1.0885 is larger than 1. A2 is set to 1 and A1 is set to 0.
Warning: Pdibl1 = -0.00669442 is negative.

Checking parameters for BSIM 4.5 model xarr.xpex.xn68:pshort_model.40
Warning: A2 = 1.0885 is larger than 1. A2 is set to 1 and A1 is set to 0.
Warning: Pdibl1 = -0.00669442 is negative.

Checking parameters for BSIM 4.5 model xarr.xpex.xn67:pshort_model.40
Warning: A2 = 1.0885 is larger than 1. A2 is set to 1 and A1 is set to 0.
Warning: Pdibl1 = -0.00669442 is negative.

Checking parameters for BSIM 4.5 model xarr.xpex.xn66:nshort_model.48
Warning: Eta0 = -0.0261666 is negative.

Checking parameters for BSIM 4.5 model xarr.xpex.xn65:nshort_model.40
Warning: Eta0 = -0.00908636 is negative.

Checking parameters for BSIM 4.5 model xarr.xpex.xn64:nshort_model.40
Warning: Eta0 = -0.00908636 is negative.

Checking parameters for BSIM 4.5 model xarr.xpex.xn63:nshort_model.40
Warning: Eta0 = -0.00908636 is negative.

Checking parameters for BSIM 4.5 model xarr.xpex.xn62:nshort_model.40
Warning: Eta0 = -0.00908636 is negative.

Checking parameters for BSIM 4.5 model xarr.xpex.xn61:nshort_model.48
Warning: Eta0 = -0.0261666 is negative.

Checking parameters for BSIM 4.5 model xarr.xpex.xn60:nshort_model.48
Warning: Eta0 = -0.0261666 is negative.

Checking parameters for BSIM 4.5 model xarr.xpex.xn59:nshort_model.40
Warning: Eta0 = -0.00908636 is negative.

Checking parameters for BSIM 4.5 model xarr.xpex.xn58:nshort_model.40
Warning: Eta0 = -0.00908636 is negative.

Checking parameters for BSIM 4.5 model xarr.xpex.xn57:nshort_model.40
Warning: Eta0 = -0.00908636 is negative.

Checking parameters for BSIM 4.5 model xarr.xpex.xn56:nshort_model.40
Warning: Eta0 = -0.00908636 is negative.

Checking parameters for BSIM 4.5 model xarr.xpex.xn55:nshort_model.48
Warning: Eta0 = -0.0261666 is negative.

Checking parameters for BSIM 4.5 model xarr.xpex.xn54:nshort_model.48
Warning: Eta0 = -0.0261666 is negative.

Checking parameters for BSIM 4.5 model xarr.xpex.xn53:nshort_model.40
Warning: Eta0 = -0.00908636 is negative.

Checking parameters for BSIM 4.5 model xarr.xpex.xn52:nshort_model.40
Warning: Eta0 = -0.00908636 is negative.

Checking parameters for BSIM 4.5 model xarr.xpex.xn51:nshort_model.40
Warning: Eta0 = -0.00908636 is negative.

Checking parameters for BSIM 4.5 model xarr.xpex.xn50:nshort_model.40
Warning: Eta0 = -0.00908636 is negative.

Checking parameters for BSIM 4.5 model xarr.xpex.xn49:nshort_model.48
Warning: Eta0 = -0.0261666 is negative.

Checking parameters for BSIM 4.5 model xarr.xpex.xn48:nshort_model.48
Warning: Eta0 = -0.0261666 is negative.

Checking parameters for BSIM 4.5 model xarr.xpex.xn47:nshort_model.48
Warning: Eta0 = -0.0261666 is negative.

Checking parameters for BSIM 4.5 model xarr.xpex.xn46:nshort_model.48
Warning: Eta0 = -0.0261666 is negative.

Checking parameters for BSIM 4.5 model xarr.xpex.xn45:nshort_model.48
Warning: Eta0 = -0.0261666 is negative.

Checking parameters for BSIM 4.5 model xarr.xpex.xn44:nshort_model.48
Warning: Eta0 = -0.0261666 is negative.

Checking parameters for BSIM 4.5 model xarr.xpex.xn43:nshort_model.48
Warning: Eta0 = -0.0261666 is negative.

Checking parameters for BSIM 4.5 model xarr.xpex.xn42:nshort_model.48
Warning: Eta0 = -0.0261666 is negative.

Checking parameters for BSIM 4.5 model xarr.xpex.xn41:nshort_model.48
Warning: Eta0 = -0.0261666 is negative.

Checking parameters for BSIM 4.5 model xarr.xpex.xn40:nshort_model.48
Warning: Eta0 = -0.0261666 is negative.

Checking parameters for BSIM 4.5 model xarr.xpex.xn39:nshort_model.48
Warning: Eta0 = -0.0261666 is negative.

Checking parameters for BSIM 4.5 model xarr.xpex.xn38:nshort_model.48
Warning: Eta0 = -0.0261666 is negative.

Checking parameters for BSIM 4.5 model xarr.xpex.xn37:nshort_model.48
Warning: Eta0 = -0.0261666 is negative.

Checking parameters for BSIM 4.5 model xarr.xpex.xn35:nshort_model.48
Warning: Eta0 = -0.0261666 is negative.

Checking parameters for BSIM 4.5 model xarr.xpex.xn33:nshort_model.48
Warning: Eta0 = -0.0261666 is negative.

Checking parameters for BSIM 4.5 model xarr.xpex.xn31:nshort_model.48
Warning: Eta0 = -0.0261666 is negative.

Checking parameters for BSIM 4.5 model xarr.xpex.xn28:nshort_model.48
Warning: Eta0 = -0.0261666 is negative.

Checking parameters for BSIM 4.5 model xarr.xpex.xn27:nshort_model.48
Warning: Eta0 = -0.0261666 is negative.

Checking parameters for BSIM 4.5 model xarr.xpex.xn25:nshort_model.48
Warning: Eta0 = -0.0261666 is negative.

Checking parameters for BSIM 4.5 model xarr.xpex.xn23:nshort_model.48
Warning: Eta0 = -0.0261666 is negative.

Checking parameters for BSIM 4.5 model xarr.xpex.xn21:nshort_model.48
Warning: Eta0 = -0.0261666 is negative.

Checking parameters for BSIM 4.5 model xarr.xpex.xn8:nshort_model.40
Warning: Eta0 = -0.00908636 is negative.

Checking parameters for BSIM 4.5 model xarr.xpex.xn7:nshort_model.40
Warning: Eta0 = -0.00908636 is negative.

Checking parameters for BSIM 4.5 model xarr.xpex.xn6:nshort_model.40
Warning: Eta0 = -0.00908636 is negative.

Checking parameters for BSIM 4.5 model xarr.xpex.xn5:nshort_model.40
Warning: Eta0 = -0.00908636 is negative.

Checking parameters for BSIM 4.5 model xarr.xpex.xn4:nshort_model.40
Warning: Eta0 = -0.00908636 is negative.

Checking parameters for BSIM 4.5 model xarr.xpex.xn3:nshort_model.40
Warning: Eta0 = -0.00908636 is negative.

Checking parameters for BSIM 4.5 model xarr.xpex.xn2:nshort_model.40
Warning: Eta0 = -0.00908636 is negative.

Checking parameters for BSIM 4.5 model xarr.xpex.xn1:nshort_model.40
Warning: Eta0 = -0.00908636 is negative.

Error: measure  vsub_max  max(TRIG) : no such vector as 'v(xarr.vsubs)'

Error: measure  vsub_min  min(TRIG) : no such vector as 'v(xarr.vsubs)'
Warning from checkvalid: vector vsub_max is not available or has zero length.
Error: RHS "(vsub_max - vsub_min) / 1.98" invalid
Warning from checkvalid: vector vsub_swing_frac is not available or has zero length.

