|* Post-layout ro_array_core (whole array, real inter-ring wiring), FLOATING
|* substrate, rings 2-4 PRESENT BUT STOPPED (en2/en3/en4 held at 0 for the
|* whole run) -- the array-scale sibling of
|* sim/post-layout-ro-ring5/testbench/tb_post_layout_substrate_float_solo.spice.
|*
|* Purpose: separate LOADING (the floating node's own capacitance/impedance,
|* present even with no other ring switching) from COUPLING (ring 1's period
|* moving because rings 2-4 are actually driving the same shared node), the
|* same three-way decomposition DR-0005 finding 3 used at ring scope:
|*
|*   loading  = t(this deck)                         - t(tied, sibling deck)
|*   coupling = t(substrate_float, all 4 running)     - t(this deck)
|*
|* Same array GDS extraction as the other two decks in this directory (real
|* physical ring-to-ring proximity, not four separately-placed leaf cells),
|* so this is the strongest available bound on the substrate mechanism this
|* repo has produced -- still not the physical answer (the extractor emits
|* no substrate or tap resistance at all; klayout-tools#1503), but bracketing
|* the terminals of a real, physically-placed layout's own shared node
|* rather than a hand-tied approximation of one.
|*
|* With en2/en3/en4 held at 0, ro_nand2's own defined-output-on-disable state
|* (design/README.md; DR-0003) pins ring2/3/4's node ro_ring5 outputs high --
|* a defined, non-switching state, not a floating one -- so rn2/rn3/rn4 (and
|* therefore ro2/ro3/ro4 and the XOR tree downstream of them) settle and stay
|* put; only ring 1 free-runs.
|*
|* This file is a TEMPLATE: sim/bin/corner-run.py substitutes /Users/rwalters/.volare/volare/sky130/versions/c6d73a35f524070e85faff4a6a9eef49553ebc2b/sky130A/libs.tech/combined/sky130.lib.spice,
|* tt, /Users/rwalters/GitHub/sky130-trng/.loom/worktrees/issue-22/layout/pex-array/ro_array_core_pex.spice, 125.0 and 1.98. As committed it is not a
|* runnable deck. Invoke with
|* `--pex-lib layout/pex-array/ro_array_core_pex.spice`.
|
|.option scale=1u
|.lib "/Users/rwalters/.volare/volare/sky130/versions/c6d73a35f524070e85faff4a6a9eef49553ebc2b/sky130A/libs.tech/combined/sky130.lib.spice" tt
|
|.include "/Users/rwalters/GitHub/sky130-trng/.loom/worktrees/issue-22/layout/pex-array/ro_array_core_pex.spice"
|
|.temp 125.0
|
|* --- substrate return node: FLOATING (see header) -- no Vsub source ----
|
|Vddrp1 pvddr1 0 dc 1.98
|Vddrp2 pvddr2 0 dc 1.98
|Vddrp3 pvddr3 0 dc 1.98
|Vddrp4 pvddr4 0 dc 1.98
|Vddp pvdd 0 dc 1.98
|Venp1 pen1 0 PULSE(0 1.98 5n 100p 100p 1u 2u)
|* rings 2-4: held at 0 for the whole run -- present, but never released.
|Venp2 pen2 0 dc 0
|Venp3 pen3 0 dc 0
|Venp4 pen4 0 dc 0
|xarr pen1 pen2 pen3 pen4 pvddr1 pvddr2 pvddr3 pvddr4 pvdd 0 pxo pro1 pro2 pro3 pro4 ro_array_core_pex
|
|.ic v(pro1)=0
|.ic v(pro2)=0
|.ic v(pro3)=0
|.ic v(pro4)=0
|
|.save v(pro1) v(xarr.vsubs)
|.save i(Vddrp1)
|
|.tran 5p 800n uic
|
|.control
|run
|
|meas tran pt1a when v(pro1)=0.5*1.98 rise=3
|meas tran pt1b when v(pro1)=0.5*1.98 rise=13
|let p_tr1 = (pt1b - pt1a)/10
|
|meas tran vsub_max MAX v(xarr.vsubs) from=100n to=800n
|meas tran vsub_min MIN v(xarr.vsubs) from=100n to=800n
|let vsub_swing_frac = (vsub_max - vsub_min) / 1.98
|
|print p_tr1
|print vsub_swing_frac
|.endc
|.end
|

----- stdout -----

Note: Compatibility modes selected: hs a


Circuit: * post-layout ro_array_core (whole array, real inter-ring wiring), floating

option SCALE: Scale is set to 1e-06 for instance and model parameters
option SCALE: Scale is set to 1e-06 for instance and model parameters
option SCALE: Scale is set to 1e-06 for instance and model parameters
option SCALE: Scale is set to 1e-06 for instance and model parameters
option SCALE: Scale is set to 1e-06 for instance and model parameters
Doing analysis at TEMP = 125.000000 and TNOM = 27.000000

Using SPARSE 1.3 as Direct Linear Solver
Operating point simulation skipped by 'uic',
  now using transient initial conditions.
 Reference value :  5.00000e-14
 Reference value :  1.27242e-09
 Reference value :  2.77742e-09
 Reference value :  4.42742e-09
 Reference value :  5.91250e-09
 Reference value :  7.45750e-09
 Reference value :  8.95750e-09
 Reference value :  1.05025e-08
 Reference value :  1.19975e-08
 Reference value :  1.35075e-08
 Reference value :  1.49975e-08
 Reference value :  1.66075e-08
 Reference value :  1.80975e-08
 Reference value :  1.95525e-08
 Reference value :  2.09575e-08
 Reference value :  2.23875e-08
 Reference value :  2.37925e-08
 Reference value :  2.51525e-08
 Reference value :  2.66025e-08
 Reference value :  2.79525e-08
 Reference value :  2.93525e-08
 Reference value :  3.07775e-08
 Reference value :  3.21475e-08
 Reference value :  3.34425e-08
 Reference value :  3.47825e-08
 Reference value :  3.61425e-08
 Reference value :  3.74875e-08
 Reference value :  3.88125e-08
 Reference value :  4.01675e-08
 Reference value :  4.15875e-08
 Reference value :  4.29975e-08
 Reference value :  4.44525e-08
 Reference value :  4.58275e-08
 Reference value :  4.72725e-08
 Reference value :  4.86875e-08
 Reference value :  5.02475e-08
 Reference value :  5.17075e-08
 Reference value :  5.32425e-08
 Reference value :  5.47475e-08
 Reference value :  5.62125e-08
 Reference value :  5.77325e-08
 Reference value :  5.92725e-08
 Reference value :  6.08375e-08
 Reference value :  6.23475e-08
 Reference value :  6.38475e-08
 Reference value :  6.53525e-08
 Reference value :  6.68875e-08
 Reference value :  6.84225e-08
 Reference value :  6.99425e-08
 Reference value :  7.13875e-08
 Reference value :  7.29025e-08
 Reference value :  7.43625e-08
 Reference value :  7.58075e-08
 Reference value :  7.72575e-08
 Reference value :  7.88025e-08
 Reference value :  8.02925e-08
 Reference value :  8.18075e-08
 Reference value :  8.33675e-08
 Reference value :  8.48375e-08
 Reference value :  8.62775e-08
 Reference value :  8.76225e-08
 Reference value :  8.90075e-08
 Reference value :  9.04475e-08
 Reference value :  9.19275e-08
 Reference value :  9.34475e-08
 Reference value :  9.49075e-08
 Reference value :  9.64025e-08
 Reference value :  9.79225e-08
 Reference value :  9.94475e-08
 Reference value :  1.00933e-07
 Reference value :  1.02358e-07
 Reference value :  1.04138e-07
 Reference value :  1.05623e-07
 Reference value :  1.07173e-07
 Reference value :  1.08738e-07
 Reference value :  1.10278e-07
 Reference value :  1.11873e-07
 Reference value :  1.13378e-07
 Reference value :  1.14888e-07
 Reference value :  1.16443e-07
 Reference value :  1.17943e-07
 Reference value :  1.19428e-07
 Reference value :  1.20883e-07
 Reference value :  1.22373e-07
 Reference value :  1.23888e-07
 Reference value :  1.25403e-07
 Reference value :  1.26873e-07
 Reference value :  1.28318e-07
 Reference value :  1.29668e-07
 Reference value :  1.31068e-07
 Reference value :  1.32423e-07
 Reference value :  1.33848e-07
 Reference value :  1.35268e-07
 Reference value :  1.36738e-07
 Reference value :  1.38208e-07
 Reference value :  1.39738e-07
 Reference value :  1.41308e-07
 Reference value :  1.42858e-07
 Reference value :  1.44438e-07
 Reference value :  1.45993e-07
 Reference value :  1.47543e-07
 Reference value :  1.49033e-07
 Reference value :  1.50568e-07
 Reference value :  1.52073e-07
 Reference value :  1.53663e-07
 Reference value :  1.55178e-07
 Reference value :  1.56738e-07
 Reference value :  1.58223e-07
 Reference value :  1.59758e-07
 Reference value :  1.61223e-07
 Reference value :  1.62583e-07
 Reference value :  1.63988e-07
 Reference value :  1.65358e-07
 Reference value :  1.66738e-07
 Reference value :  1.68128e-07
 Reference value :  1.69473e-07
 Reference value :  1.70838e-07
 Reference value :  1.72263e-07
 Reference value :  1.73778e-07
 Reference value :  1.75188e-07
 Reference value :  1.76593e-07
 Reference value :  1.78018e-07
 Reference value :  1.79403e-07
 Reference value :  1.80888e-07
 Reference value :  1.82338e-07
 Reference value :  1.83823e-07
 Reference value :  1.85293e-07
 Reference value :  1.86813e-07
 Reference value :  1.88243e-07
 Reference value :  1.89733e-07
 Reference value :  1.91233e-07
 Reference value :  1.92763e-07
 Reference value :  1.94298e-07
 Reference value :  1.95823e-07
 Reference value :  1.97373e-07
 Reference value :  1.98878e-07
 Reference value :  2.00338e-07
 Reference value :  2.01873e-07
 Reference value :  2.03363e-07
 Reference value :  2.04828e-07
 Reference value :  2.06273e-07
 Reference value :  2.08028e-07
 Reference value :  2.09548e-07
 Reference value :  2.11148e-07
 Reference value :  2.12693e-07
 Reference value :  2.14263e-07
 Reference value :  2.15793e-07
 Reference value :  2.17293e-07
 Reference value :  2.18793e-07
 Reference value :  2.20313e-07
 Reference value :  2.21883e-07
 Reference value :  2.23403e-07
 Reference value :  2.24818e-07
 Reference value :  2.26278e-07
 Reference value :  2.27713e-07
 Reference value :  2.29143e-07
 Reference value :  2.30658e-07
 Reference value :  2.32133e-07
 Reference value :  2.33678e-07
 Reference value :  2.35103e-07
 Reference value :  2.36603e-07
 Reference value :  2.38078e-07
 Reference value :  2.39633e-07
 Reference value :  2.41128e-07
 Reference value :  2.42693e-07
 Reference value :  2.44158e-07
 Reference value :  2.45673e-07
 Reference value :  2.47173e-07
 Reference value :  2.48663e-07
 Reference value :  2.50148e-07
 Reference value :  2.51658e-07
 Reference value :  2.53183e-07
 Reference value :  2.54653e-07
 Reference value :  2.56038e-07
 Reference value :  2.57558e-07
 Reference value :  2.59058e-07
 Reference value :  2.60588e-07
 Reference value :  2.62033e-07
 Reference value :  2.63623e-07
 Reference value :  2.65218e-07
 Reference value :  2.66773e-07
 Reference value :  2.68248e-07
 Reference value :  2.69813e-07
 Reference value :  2.71408e-07
 Reference value :  2.72973e-07
 Reference value :  2.74463e-07
 Reference value :  2.76008e-07
 Reference value :  2.77563e-07
 Reference value :  2.79038e-07
 Reference value :  2.80488e-07
 Reference value :  2.81993e-07
 Reference value :  2.83443e-07
 Reference value :  2.84963e-07
 Reference value :  2.86587e-07
 Reference value :  2.88077e-07
 Reference value :  2.89582e-07
 Reference value :  2.91077e-07
 Reference value :  2.92612e-07
 Reference value :  2.94137e-07
 Reference value :  2.95672e-07
 Reference value :  2.97187e-07
 Reference value :  2.98717e-07
 Reference value :  3.00207e-07
 Reference value :  3.01687e-07
 Reference value :  3.03102e-07
 Reference value :  3.04477e-07
 Reference value :  3.05882e-07
 Reference value :  3.07267e-07
 Reference value :  3.08727e-07
 Reference value :  3.10357e-07
 Reference value :  3.11827e-07
 Reference value :  3.13352e-07
 Reference value :  3.14892e-07
 Reference value :  3.16462e-07
 Reference value :  3.17957e-07
 Reference value :  3.19492e-07
 Reference value :  3.21047e-07
 Reference value :  3.22532e-07
 Reference value :  3.24072e-07
 Reference value :  3.25582e-07
 Reference value :  3.27107e-07
 Reference value :  3.28672e-07
 Reference value :  3.30202e-07
 Reference value :  3.31612e-07
 Reference value :  3.33007e-07
 Reference value :  3.34362e-07
 Reference value :  3.35722e-07
 Reference value :  3.37137e-07
 Reference value :  3.38602e-07
 Reference value :  3.40072e-07
 Reference value :  3.41487e-07
 Reference value :  3.42862e-07
 Reference value :  3.44282e-07
 Reference value :  3.45772e-07
 Reference value :  3.47252e-07
 Reference value :  3.48687e-07
 Reference value :  3.50197e-07
 Reference value :  3.51677e-07
 Reference value :  3.53142e-07
 Reference value :  3.54607e-07
 Reference value :  3.56107e-07
 Reference value :  3.57612e-07
 Reference value :  3.59052e-07
 Reference value :  3.60517e-07
 Reference value :  3.61967e-07
 Reference value :  3.63457e-07
 Reference value :  3.64927e-07
 Reference value :  3.66392e-07
 Reference value :  3.67867e-07
 Reference value :  3.69412e-07
 Reference value :  3.70872e-07
 Reference value :  3.72322e-07
 Reference value :  3.73692e-07
 Reference value :  3.75157e-07
 Reference value :  3.76607e-07
 Reference value :  3.78027e-07
 Reference value :  3.79392e-07
 Reference value :  3.80842e-07
 Reference value :  3.82322e-07
 Reference value :  3.83742e-07
 Reference value :  3.85242e-07
 Reference value :  3.86737e-07
 Reference value :  3.88247e-07
 Reference value :  3.89717e-07
 Reference value :  3.91192e-07
 Reference value :  3.92747e-07
 Reference value :  3.94242e-07
 Reference value :  3.95707e-07
 Reference value :  3.97187e-07
 Reference value :  3.98657e-07
 Reference value :  4.00142e-07
 Reference value :  4.01792e-07
 Reference value :  4.03282e-07
 Reference value :  4.04742e-07
 Reference value :  4.06257e-07
 Reference value :  4.07727e-07
 Reference value :  4.09272e-07
 Reference value :  4.10747e-07
 Reference value :  4.12287e-07
 Reference value :  4.13797e-07
 Reference value :  4.15337e-07
 Reference value :  4.16927e-07
 Reference value :  4.18472e-07
 Reference value :  4.19967e-07
 Reference value :  4.21477e-07
 Reference value :  4.23002e-07
 Reference value :  4.24547e-07
 Reference value :  4.26062e-07
 Reference value :  4.27482e-07
 Reference value :  4.28902e-07
 Reference value :  4.30407e-07
 Reference value :  4.31892e-07
 Reference value :  4.33322e-07
 Reference value :  4.34822e-07
 Reference value :  4.36312e-07
 Reference value :  4.37837e-07
 Reference value :  4.39282e-07
 Reference value :  4.40822e-07
 Reference value :  4.42267e-07
 Reference value :  4.43737e-07
 Reference value :  4.45187e-07
 Reference value :  4.46592e-07
 Reference value :  4.47992e-07
 Reference value :  4.49417e-07
 Reference value :  4.50932e-07
 Reference value :  4.52437e-07
 Reference value :  4.53907e-07
 Reference value :  4.55482e-07
 Reference value :  4.56997e-07
 Reference value :  4.58532e-07
 Reference value :  4.60022e-07
 Reference value :  4.61537e-07
 Reference value :  4.63027e-07
 Reference value :  4.64492e-07
 Reference value :  4.65962e-07
 Reference value :  4.67447e-07
 Reference value :  4.68977e-07
 Reference value :  4.70472e-07
 Reference value :  4.71952e-07
 Reference value :  4.73377e-07
 Reference value :  4.74932e-07
 Reference value :  4.76392e-07
 Reference value :  4.77867e-07
 Reference value :  4.79352e-07
 Reference value :  4.80872e-07
 Reference value :  4.82387e-07
 Reference value :  4.83907e-07
 Reference value :  4.85417e-07
 Reference value :  4.86997e-07
 Reference value :  4.88487e-07
 Reference value :  4.90002e-07
 Reference value :  4.91502e-07
 Reference value :  4.93057e-07
 Reference value :  4.94557e-07
 Reference value :  4.96082e-07
 Reference value :  4.97522e-07
 Reference value :  4.99047e-07
 Reference value :  5.00542e-07
 Reference value :  5.02032e-07
 Reference value :  5.03487e-07
 Reference value :  5.04992e-07
 Reference value :  5.06642e-07
 Reference value :  5.08142e-07
 Reference value :  5.09677e-07
 Reference value :  5.11317e-07
 Reference value :  5.12847e-07
 Reference value :  5.14342e-07
 Reference value :  5.15822e-07
 Reference value :  5.17387e-07
 Reference value :  5.18862e-07
 Reference value :  5.20287e-07
 Reference value :  5.21707e-07
 Reference value :  5.23402e-07
 Reference value :  5.24917e-07
 Reference value :  5.26392e-07
 Reference value :  5.27877e-07
 Reference value :  5.29532e-07
 Reference value :  5.31022e-07
 Reference value :  5.32482e-07
 Reference value :  5.34017e-07
 Reference value :  5.35557e-07
 Reference value :  5.37042e-07
 Reference value :  5.38502e-07
 Reference value :  5.39987e-07
 Reference value :  5.41487e-07
 Reference value :  5.43057e-07
 Reference value :  5.44537e-07
 Reference value :  5.46057e-07
 Reference value :  5.47602e-07
 Reference value :  5.49162e-07
 Reference value :  5.50692e-07
 Reference value :  5.52187e-07
 Reference value :  5.53717e-07
 Reference value :  5.55317e-07
 Reference value :  5.56832e-07
 Reference value :  5.58422e-07
 Reference value :  5.59957e-07
 Reference value :  5.61467e-07
 Reference value :  5.62957e-07
 Reference value :  5.64522e-07
 Reference value :  5.66037e-07
 Reference value :  5.67642e-07
 Reference value :  5.69202e-07
 Reference value :  5.70717e-07
 Reference value :  5.72237e-07
 Reference value :  5.73752e-07
 Reference value :  5.75257e-07
 Reference value :  5.76792e-07
 Reference value :  5.78287e-07
 Reference value :  5.79807e-07
 Reference value :  5.81307e-07
 Reference value :  5.82837e-07
 Reference value :  5.84337e-07
 Reference value :  5.85787e-07
 Reference value :  5.87277e-07
 Reference value :  5.88717e-07
 Reference value :  5.90192e-07
 Reference value :  5.91702e-07
 Reference value :  5.93197e-07
 Reference value :  5.94967e-07
 Reference value :  5.96462e-07
 Reference value :  5.97897e-07
 Reference value :  5.99392e-07
 Reference value :  6.00803e-07
 Reference value :  6.02138e-07
 Reference value :  6.03558e-07
 Reference value :  6.05133e-07
 Reference value :  6.06608e-07
 Reference value :  6.08143e-07
 Reference value :  6.09723e-07
 Reference value :  6.11343e-07
 Reference value :  6.12858e-07
 Reference value :  6.14378e-07
 Reference value :  6.15868e-07
 Reference value :  6.17378e-07
 Reference value :  6.18873e-07
 Reference value :  6.20193e-07
 Reference value :  6.21603e-07
 Reference value :  6.23048e-07
 Reference value :  6.24518e-07
 Reference value :  6.25958e-07
 Reference value :  6.27378e-07
 Reference value :  6.28913e-07
 Reference value :  6.30398e-07
 Reference value :  6.31963e-07
 Reference value :  6.33483e-07
 Reference value :  6.34943e-07
 Reference value :  6.36443e-07
 Reference value :  6.37973e-07
 Reference value :  6.39453e-07
 Reference value :  6.40888e-07
 Reference value :  6.42303e-07
 Reference value :  6.43753e-07
 Reference value :  6.45208e-07
 Reference value :  6.46623e-07
 Reference value :  6.48048e-07
 Reference value :  6.49443e-07
 Reference value :  6.50798e-07
 Reference value :  6.52183e-07
 Reference value :  6.53568e-07
 Reference value :  6.54903e-07
 Reference value :  6.56268e-07
 Reference value :  6.57703e-07
 Reference value :  6.59178e-07
 Reference value :  6.60733e-07
 Reference value :  6.62223e-07
 Reference value :  6.63693e-07
 Reference value :  6.65243e-07
 Reference value :  6.66898e-07
 Reference value :  6.68423e-07
 Reference value :  6.69913e-07
 Reference value :  6.71488e-07
 Reference value :  6.72998e-07
 Reference value :  6.74493e-07
 Reference value :  6.76113e-07
 Reference value :  6.77753e-07
 Reference value :  6.79413e-07
 Reference value :  6.80908e-07
 Reference value :  6.82393e-07
 Reference value :  6.83883e-07
 Reference value :  6.85388e-07
 Reference value :  6.86843e-07
 Reference value :  6.88543e-07
 Reference value :  6.90048e-07
 Reference value :  6.91548e-07
 Reference value :  6.93063e-07
 Reference value :  6.94583e-07
 Reference value :  6.96208e-07
 Reference value :  6.97773e-07
 Reference value :  6.99273e-07
 Reference value :  7.00728e-07
 Reference value :  7.02218e-07
 Reference value :  7.03693e-07
 Reference value :  7.05108e-07
 Reference value :  7.06543e-07
 Reference value :  7.07978e-07
 Reference value :  7.09493e-07
 Reference value :  7.10953e-07
 Reference value :  7.12428e-07
 Reference value :  7.13898e-07
 Reference value :  7.15408e-07
 Reference value :  7.16928e-07
 Reference value :  7.18418e-07
 Reference value :  7.19973e-07
 Reference value :  7.21653e-07
 Reference value :  7.23133e-07
 Reference value :  7.24578e-07
 Reference value :  7.26038e-07
 Reference value :  7.27528e-07
 Reference value :  7.28993e-07
 Reference value :  7.30498e-07
 Reference value :  7.31953e-07
 Reference value :  7.33413e-07
 Reference value :  7.34833e-07
 Reference value :  7.36203e-07
 Reference value :  7.37588e-07
 Reference value :  7.38983e-07
 Reference value :  7.40423e-07
 Reference value :  7.41898e-07
 Reference value :  7.43363e-07
 Reference value :  7.44738e-07
 Reference value :  7.46178e-07
 Reference value :  7.47598e-07
 Reference value :  7.49028e-07
 Reference value :  7.50478e-07
 Reference value :  7.51933e-07
 Reference value :  7.53423e-07
 Reference value :  7.54913e-07
 Reference value :  7.56263e-07
 Reference value :  7.57723e-07
 Reference value :  7.59238e-07
 Reference value :  7.60648e-07
 Reference value :  7.62073e-07
 Reference value :  7.63468e-07
 Reference value :  7.64823e-07
 Reference value :  7.66333e-07
 Reference value :  7.67723e-07
 Reference value :  7.69143e-07
 Reference value :  7.70563e-07
 Reference value :  7.72048e-07
 Reference value :  7.73488e-07
 Reference value :  7.74953e-07
 Reference value :  7.76583e-07
 Reference value :  7.78093e-07
 Reference value :  7.79618e-07
 Reference value :  7.81128e-07
 Reference value :  7.82818e-07
 Reference value :  7.84343e-07
 Reference value :  7.85843e-07
 Reference value :  7.87363e-07
 Reference value :  7.88923e-07
 Reference value :  7.90448e-07
 Reference value :  7.91958e-07
 Reference value :  7.93403e-07
 Reference value :  7.94933e-07
 Reference value :  7.96473e-07
 Reference value :  7.97893e-07
 Reference value :  7.99313e-07
No. of Data Rows : 160024
pt1a                =  2.04683e-08
pt1b                =  8.22512e-08
 meas tran vsub_max max v(xarr.vsubs) from=100n to=800n failed!

 meas tran vsub_min min v(xarr.vsubs) from=100n to=800n failed!

p_tr1 = 6.178293e-09
Note: Simulation executed from .control section 

----- stderr -----

Error: measure  vsub_max  max(TRIG) : no such vector as 'v(xarr.vsubs)'

Error: measure  vsub_min  min(TRIG) : no such vector as 'v(xarr.vsubs)'
Warning from checkvalid: vector vsub_max is not available or has zero length.
Error: RHS "(vsub_max - vsub_min) / 1.98" invalid
Warning from checkvalid: vector vsub_swing_frac is not available or has zero length.

