|* Post-layout ro_array_core (whole array, real inter-ring wiring), FLOATING
|* substrate, rings 2-4 PRESENT BUT STOPPED (en2/en3/en4 held at 0 for the
|* whole run) -- the array-scale sibling of
|* sim/post-layout-ro-ring5/testbench/tb_post_layout_substrate_float_solo.spice.
|*
|* Purpose: separate LOADING (the floating node's own capacitance/impedance,
|* present even with no other ring switching) from COUPLING (ring 1's period
|* moving because rings 2-4 are actually driving the same shared node), the
|* same three-way decomposition DR-0005 finding 3 used at ring scope:
|*
|*   loading  = t(this deck)                         - t(tied, sibling deck)
|*   coupling = t(substrate_float, all 4 running)     - t(this deck)
|*
|* Same array GDS extraction as the other two decks in this directory (real
|* physical ring-to-ring proximity, not four separately-placed leaf cells),
|* so this is the strongest available bound on the substrate mechanism this
|* repo has produced -- still not the physical answer (the extractor emits
|* no substrate or tap resistance at all; klayout-tools#1503), but bracketing
|* the terminals of a real, physically-placed layout's own shared node
|* rather than a hand-tied approximation of one.
|*
|* With en2/en3/en4 held at 0, ro_nand2's own defined-output-on-disable state
|* (design/README.md; DR-0003) pins ring2/3/4's node ro_ring5 outputs high --
|* a defined, non-switching state, not a floating one -- so rn2/rn3/rn4 (and
|* therefore ro2/ro3/ro4 and the XOR tree downstream of them) settle and stay
|* put; only ring 1 free-runs.
|*
|* This file is a TEMPLATE: sim/bin/corner-run.py substitutes /Users/rwalters/.volare/volare/sky130/versions/c6d73a35f524070e85faff4a6a9eef49553ebc2b/sky130A/libs.tech/combined/sky130.lib.spice,
|* tt, /Users/rwalters/GitHub/sky130-trng/.loom/worktrees/issue-22/layout/pex-array/ro_array_core_pex.spice, -40.0 and 1.62. As committed it is not a
|* runnable deck. Invoke with
|* `--pex-lib layout/pex-array/ro_array_core_pex.spice`.
|
|.option scale=1u
|.lib "/Users/rwalters/.volare/volare/sky130/versions/c6d73a35f524070e85faff4a6a9eef49553ebc2b/sky130A/libs.tech/combined/sky130.lib.spice" tt
|
|.include "/Users/rwalters/GitHub/sky130-trng/.loom/worktrees/issue-22/layout/pex-array/ro_array_core_pex.spice"
|
|.temp -40.0
|
|* --- substrate return node: FLOATING (see header) -- no Vsub source ----
|
|Vddrp1 pvddr1 0 dc 1.62
|Vddrp2 pvddr2 0 dc 1.62
|Vddrp3 pvddr3 0 dc 1.62
|Vddrp4 pvddr4 0 dc 1.62
|Vddp pvdd 0 dc 1.62
|Venp1 pen1 0 PULSE(0 1.62 5n 100p 100p 1u 2u)
|* rings 2-4: held at 0 for the whole run -- present, but never released.
|Venp2 pen2 0 dc 0
|Venp3 pen3 0 dc 0
|Venp4 pen4 0 dc 0
|xarr pen1 pen2 pen3 pen4 pvddr1 pvddr2 pvddr3 pvddr4 pvdd 0 pxo pro1 pro2 pro3 pro4 ro_array_core_pex
|
|.ic v(pro1)=0
|.ic v(pro2)=0
|.ic v(pro3)=0
|.ic v(pro4)=0
|
|.save v(pro1) v(xarr.vsubs)
|.save i(Vddrp1)
|
|.tran 5p 800n uic
|
|.control
|run
|
|meas tran pt1a when v(pro1)=0.5*1.62 rise=3
|meas tran pt1b when v(pro1)=0.5*1.62 rise=13
|let p_tr1 = (pt1b - pt1a)/10
|
|meas tran vsub_max MAX v(xarr.vsubs) from=100n to=800n
|meas tran vsub_min MIN v(xarr.vsubs) from=100n to=800n
|let vsub_swing_frac = (vsub_max - vsub_min) / 1.62
|
|print p_tr1
|print vsub_swing_frac
|.endc
|.end
|

----- stdout -----

Note: Compatibility modes selected: hs a


Circuit: * post-layout ro_array_core (whole array, real inter-ring wiring), floating

option SCALE: Scale is set to 1e-06 for instance and model parameters
option SCALE: Scale is set to 1e-06 for instance and model parameters
option SCALE: Scale is set to 1e-06 for instance and model parameters
option SCALE: Scale is set to 1e-06 for instance and model parameters
option SCALE: Scale is set to 1e-06 for instance and model parameters
Doing analysis at TEMP = -40.000000 and TNOM = 27.000000

Using SPARSE 1.3 as Direct Linear Solver
Operating point simulation skipped by 'uic',
  now using transient initial conditions.
 Reference value :  5.00000e-14
 Reference value :  1.26192e-09
 Reference value :  2.80692e-09
 Reference value :  4.34192e-09
 Reference value :  5.81750e-09
 Reference value :  7.34750e-09
 Reference value :  8.88250e-09
 Reference value :  1.03625e-08
 Reference value :  1.18575e-08
 Reference value :  1.33575e-08
 Reference value :  1.48475e-08
 Reference value :  1.62825e-08
 Reference value :  1.77425e-08
 Reference value :  1.91775e-08
 Reference value :  2.06175e-08
 Reference value :  2.20325e-08
 Reference value :  2.34575e-08
 Reference value :  2.49475e-08
 Reference value :  2.64275e-08
 Reference value :  2.79625e-08
 Reference value :  2.94375e-08
 Reference value :  3.09525e-08
 Reference value :  3.24825e-08
 Reference value :  3.39975e-08
 Reference value :  3.54875e-08
 Reference value :  3.69975e-08
 Reference value :  3.84675e-08
 Reference value :  3.99775e-08
 Reference value :  4.15025e-08
 Reference value :  4.29325e-08
 Reference value :  4.43075e-08
 Reference value :  4.57425e-08
 Reference value :  4.71875e-08
 Reference value :  4.86725e-08
 Reference value :  5.02075e-08
 Reference value :  5.17775e-08
 Reference value :  5.33725e-08
 Reference value :  5.48925e-08
 Reference value :  5.63975e-08
 Reference value :  5.79825e-08
 Reference value :  5.94575e-08
 Reference value :  6.09975e-08
 Reference value :  6.24475e-08
 Reference value :  6.39325e-08
 Reference value :  6.54075e-08
 Reference value :  6.69175e-08
 Reference value :  6.84525e-08
 Reference value :  6.99475e-08
 Reference value :  7.14325e-08
 Reference value :  7.29375e-08
 Reference value :  7.44925e-08
 Reference value :  7.60125e-08
 Reference value :  7.75625e-08
 Reference value :  7.91025e-08
 Reference value :  8.06175e-08
 Reference value :  8.21275e-08
 Reference value :  8.36275e-08
 Reference value :  8.50375e-08
 Reference value :  8.65025e-08
 Reference value :  8.80175e-08
 Reference value :  8.95875e-08
 Reference value :  9.11125e-08
 Reference value :  9.26725e-08
 Reference value :  9.42025e-08
 Reference value :  9.57625e-08
 Reference value :  9.73425e-08
 Reference value :  9.89475e-08
 Reference value :  1.00458e-07
 Reference value :  1.01933e-07
 Reference value :  1.03398e-07
 Reference value :  1.04918e-07
 Reference value :  1.06418e-07
 Reference value :  1.07983e-07
 Reference value :  1.09428e-07
 Reference value :  1.10968e-07
 Reference value :  1.12558e-07
 Reference value :  1.14088e-07
 Reference value :  1.15633e-07
 Reference value :  1.17198e-07
 Reference value :  1.18733e-07
 Reference value :  1.20253e-07
 Reference value :  1.21783e-07
 Reference value :  1.23323e-07
 Reference value :  1.25003e-07
 Reference value :  1.26468e-07
 Reference value :  1.28023e-07
 Reference value :  1.29503e-07
 Reference value :  1.31043e-07
 Reference value :  1.32608e-07
 Reference value :  1.34088e-07
 Reference value :  1.35548e-07
 Reference value :  1.37038e-07
 Reference value :  1.38468e-07
 Reference value :  1.40003e-07
 Reference value :  1.41518e-07
 Reference value :  1.43068e-07
 Reference value :  1.44653e-07
 Reference value :  1.46238e-07
 Reference value :  1.47813e-07
 Reference value :  1.49438e-07
 Reference value :  1.50948e-07
 Reference value :  1.52478e-07
 Reference value :  1.53978e-07
 Reference value :  1.55488e-07
 Reference value :  1.56913e-07
 Reference value :  1.58383e-07
 Reference value :  1.59938e-07
 Reference value :  1.61483e-07
 Reference value :  1.62893e-07
 Reference value :  1.64313e-07
 Reference value :  1.65758e-07
 Reference value :  1.67263e-07
 Reference value :  1.68778e-07
 Reference value :  1.70263e-07
 Reference value :  1.71863e-07
 Reference value :  1.73418e-07
 Reference value :  1.74943e-07
 Reference value :  1.76473e-07
 Reference value :  1.78008e-07
 Reference value :  1.79523e-07
 Reference value :  1.81048e-07
 Reference value :  1.82548e-07
 Reference value :  1.83978e-07
 Reference value :  1.85438e-07
 Reference value :  1.86878e-07
 Reference value :  1.88388e-07
 Reference value :  1.89933e-07
 Reference value :  1.91488e-07
 Reference value :  1.92993e-07
 Reference value :  1.94473e-07
 Reference value :  1.95918e-07
 Reference value :  1.97358e-07
 Reference value :  1.98833e-07
 Reference value :  2.00283e-07
 Reference value :  2.01778e-07
 Reference value :  2.03178e-07
 Reference value :  2.04698e-07
 Reference value :  2.06268e-07
 Reference value :  2.07748e-07
 Reference value :  2.09273e-07
 Reference value :  2.10768e-07
 Reference value :  2.12278e-07
 Reference value :  2.13723e-07
 Reference value :  2.15168e-07
 Reference value :  2.16663e-07
 Reference value :  2.18213e-07
 Reference value :  2.19753e-07
 Reference value :  2.21158e-07
 Reference value :  2.22573e-07
 Reference value :  2.23973e-07
 Reference value :  2.25438e-07
 Reference value :  2.26993e-07
 Reference value :  2.28563e-07
 Reference value :  2.30098e-07
 Reference value :  2.31583e-07
 Reference value :  2.33128e-07
 Reference value :  2.34678e-07
 Reference value :  2.36173e-07
 Reference value :  2.37678e-07
 Reference value :  2.39308e-07
 Reference value :  2.40828e-07
 Reference value :  2.42293e-07
 Reference value :  2.43708e-07
 Reference value :  2.45108e-07
 Reference value :  2.46543e-07
 Reference value :  2.48123e-07
 Reference value :  2.49618e-07
 Reference value :  2.51208e-07
 Reference value :  2.52733e-07
 Reference value :  2.54213e-07
 Reference value :  2.55758e-07
 Reference value :  2.57268e-07
 Reference value :  2.58798e-07
 Reference value :  2.60283e-07
 Reference value :  2.61808e-07
 Reference value :  2.63393e-07
 Reference value :  2.64923e-07
 Reference value :  2.66473e-07
 Reference value :  2.68003e-07
 Reference value :  2.69473e-07
 Reference value :  2.71043e-07
 Reference value :  2.72528e-07
 Reference value :  2.74013e-07
 Reference value :  2.75543e-07
 Reference value :  2.77093e-07
 Reference value :  2.78593e-07
 Reference value :  2.80093e-07
 Reference value :  2.81563e-07
 Reference value :  2.83008e-07
 Reference value :  2.84483e-07
 Reference value :  2.86107e-07
 Reference value :  2.87632e-07
 Reference value :  2.89162e-07
 Reference value :  2.90732e-07
 Reference value :  2.92232e-07
 Reference value :  2.93737e-07
 Reference value :  2.95262e-07
 Reference value :  2.96782e-07
 Reference value :  2.98407e-07
 Reference value :  2.99947e-07
 Reference value :  3.01437e-07
 Reference value :  3.02992e-07
 Reference value :  3.04557e-07
 Reference value :  3.06007e-07
 Reference value :  3.07432e-07
 Reference value :  3.08927e-07
 Reference value :  3.10537e-07
 Reference value :  3.12057e-07
 Reference value :  3.13562e-07
 Reference value :  3.15037e-07
 Reference value :  3.16472e-07
 Reference value :  3.17947e-07
 Reference value :  3.19447e-07
 Reference value :  3.20952e-07
 Reference value :  3.22717e-07
 Reference value :  3.24312e-07
 Reference value :  3.25752e-07
 Reference value :  3.27227e-07
 Reference value :  3.28737e-07
 Reference value :  3.30272e-07
 Reference value :  3.31822e-07
 Reference value :  3.33322e-07
 Reference value :  3.34797e-07
 Reference value :  3.36297e-07
 Reference value :  3.37817e-07
 Reference value :  3.39342e-07
 Reference value :  3.40912e-07
 Reference value :  3.42452e-07
 Reference value :  3.43937e-07
 Reference value :  3.45437e-07
 Reference value :  3.47032e-07
 Reference value :  3.48547e-07
 Reference value :  3.50067e-07
 Reference value :  3.51537e-07
 Reference value :  3.53012e-07
 Reference value :  3.54477e-07
 Reference value :  3.55982e-07
 Reference value :  3.57502e-07
 Reference value :  3.59002e-07
 Reference value :  3.60492e-07
 Reference value :  3.61957e-07
 Reference value :  3.63337e-07
 Reference value :  3.64842e-07
 Reference value :  3.66267e-07
 Reference value :  3.67687e-07
 Reference value :  3.69267e-07
 Reference value :  3.70782e-07
 Reference value :  3.72302e-07
 Reference value :  3.73802e-07
 Reference value :  3.75327e-07
 Reference value :  3.76867e-07
 Reference value :  3.78402e-07
 Reference value :  3.79942e-07
 Reference value :  3.81532e-07
 Reference value :  3.83067e-07
 Reference value :  3.84527e-07
 Reference value :  3.85972e-07
 Reference value :  3.87447e-07
 Reference value :  3.88997e-07
 Reference value :  3.90547e-07
 Reference value :  3.92002e-07
 Reference value :  3.93597e-07
 Reference value :  3.95092e-07
 Reference value :  3.96587e-07
 Reference value :  3.98102e-07
 Reference value :  3.99512e-07
 Reference value :  4.00887e-07
 Reference value :  4.02357e-07
 Reference value :  4.03902e-07
 Reference value :  4.05377e-07
 Reference value :  4.06822e-07
 Reference value :  4.08302e-07
 Reference value :  4.09752e-07
 Reference value :  4.11197e-07
 Reference value :  4.12607e-07
 Reference value :  4.14032e-07
 Reference value :  4.15547e-07
 Reference value :  4.17057e-07
 Reference value :  4.18577e-07
 Reference value :  4.20032e-07
 Reference value :  4.21567e-07
 Reference value :  4.23022e-07
 Reference value :  4.24442e-07
 Reference value :  4.25927e-07
 Reference value :  4.27377e-07
 Reference value :  4.28857e-07
 Reference value :  4.30357e-07
 Reference value :  4.31892e-07
 Reference value :  4.33452e-07
 Reference value :  4.34992e-07
 Reference value :  4.36552e-07
 Reference value :  4.38082e-07
 Reference value :  4.39627e-07
 Reference value :  4.41127e-07
 Reference value :  4.42647e-07
 Reference value :  4.44197e-07
 Reference value :  4.45722e-07
 Reference value :  4.47202e-07
 Reference value :  4.48697e-07
 Reference value :  4.50292e-07
 Reference value :  4.51832e-07
 Reference value :  4.53372e-07
 Reference value :  4.54892e-07
 Reference value :  4.56482e-07
 Reference value :  4.57997e-07
 Reference value :  4.59552e-07
 Reference value :  4.61092e-07
 Reference value :  4.62777e-07
 Reference value :  4.64347e-07
 Reference value :  4.65867e-07
 Reference value :  4.67412e-07
 Reference value :  4.68927e-07
 Reference value :  4.70472e-07
 Reference value :  4.71982e-07
 Reference value :  4.73497e-07
 Reference value :  4.75132e-07
 Reference value :  4.76627e-07
 Reference value :  4.78132e-07
 Reference value :  4.79637e-07
 Reference value :  4.81142e-07
 Reference value :  4.82662e-07
 Reference value :  4.84182e-07
 Reference value :  4.85652e-07
 Reference value :  4.87252e-07
 Reference value :  4.88792e-07
 Reference value :  4.90362e-07
 Reference value :  4.91907e-07
 Reference value :  4.93482e-07
 Reference value :  4.94972e-07
 Reference value :  4.96527e-07
 Reference value :  4.98067e-07
 Reference value :  4.99737e-07
 Reference value :  5.01297e-07
 Reference value :  5.02852e-07
 Reference value :  5.04352e-07
 Reference value :  5.05877e-07
 Reference value :  5.07342e-07
 Reference value :  5.08752e-07
 Reference value :  5.10222e-07
 Reference value :  5.11722e-07
 Reference value :  5.13162e-07
 Reference value :  5.14652e-07
 Reference value :  5.16082e-07
 Reference value :  5.17667e-07
 Reference value :  5.19217e-07
 Reference value :  5.20732e-07
 Reference value :  5.22262e-07
 Reference value :  5.23697e-07
 Reference value :  5.25132e-07
 Reference value :  5.26612e-07
 Reference value :  5.28112e-07
 Reference value :  5.29627e-07
 Reference value :  5.31117e-07
 Reference value :  5.32582e-07
 Reference value :  5.34182e-07
 Reference value :  5.35637e-07
 Reference value :  5.37182e-07
 Reference value :  5.38737e-07
 Reference value :  5.40252e-07
 Reference value :  5.41742e-07
 Reference value :  5.43272e-07
 Reference value :  5.44737e-07
 Reference value :  5.46352e-07
 Reference value :  5.47812e-07
 Reference value :  5.49277e-07
 Reference value :  5.50637e-07
 Reference value :  5.52082e-07
 Reference value :  5.53502e-07
 Reference value :  5.54977e-07
 Reference value :  5.56512e-07
 Reference value :  5.57967e-07
 Reference value :  5.59377e-07
 Reference value :  5.60857e-07
 Reference value :  5.62367e-07
 Reference value :  5.63897e-07
 Reference value :  5.65457e-07
 Reference value :  5.66992e-07
 Reference value :  5.68637e-07
 Reference value :  5.70137e-07
 Reference value :  5.71697e-07
 Reference value :  5.73247e-07
 Reference value :  5.74737e-07
 Reference value :  5.76157e-07
 Reference value :  5.77602e-07
 Reference value :  5.78982e-07
 Reference value :  5.80532e-07
 Reference value :  5.82017e-07
 Reference value :  5.83572e-07
 Reference value :  5.85112e-07
 Reference value :  5.86687e-07
 Reference value :  5.88172e-07
 Reference value :  5.89687e-07
 Reference value :  5.91207e-07
 Reference value :  5.92782e-07
 Reference value :  5.94322e-07
 Reference value :  5.96047e-07
 Reference value :  5.97557e-07
 Reference value :  5.99062e-07
 Reference value :  6.00547e-07
 Reference value :  6.02053e-07
 Reference value :  6.03653e-07
 Reference value :  6.05163e-07
 Reference value :  6.06638e-07
 Reference value :  6.08088e-07
 Reference value :  6.09588e-07
 Reference value :  6.11073e-07
 Reference value :  6.12583e-07
 Reference value :  6.14108e-07
 Reference value :  6.15633e-07
 Reference value :  6.17063e-07
 Reference value :  6.18558e-07
 Reference value :  6.19978e-07
 Reference value :  6.21523e-07
 Reference value :  6.23043e-07
 Reference value :  6.24543e-07
 Reference value :  6.25983e-07
 Reference value :  6.27578e-07
 Reference value :  6.29053e-07
 Reference value :  6.30568e-07
 Reference value :  6.32073e-07
 Reference value :  6.33613e-07
 Reference value :  6.35093e-07
 Reference value :  6.36583e-07
 Reference value :  6.38078e-07
 Reference value :  6.39673e-07
 Reference value :  6.41193e-07
 Reference value :  6.42763e-07
 Reference value :  6.44218e-07
 Reference value :  6.45738e-07
 Reference value :  6.47243e-07
 Reference value :  6.48768e-07
 Reference value :  6.50273e-07
 Reference value :  6.51778e-07
 Reference value :  6.53298e-07
 Reference value :  6.54823e-07
 Reference value :  6.56353e-07
 Reference value :  6.57848e-07
 Reference value :  6.59368e-07
 Reference value :  6.60888e-07
 Reference value :  6.62408e-07
 Reference value :  6.63893e-07
 Reference value :  6.65323e-07
 Reference value :  6.66833e-07
 Reference value :  6.68308e-07
 Reference value :  6.69848e-07
 Reference value :  6.71318e-07
 Reference value :  6.72728e-07
 Reference value :  6.74303e-07
 Reference value :  6.75788e-07
 Reference value :  6.77288e-07
 Reference value :  6.78768e-07
 Reference value :  6.80363e-07
 Reference value :  6.81803e-07
 Reference value :  6.83298e-07
 Reference value :  6.84693e-07
 Reference value :  6.86203e-07
 Reference value :  6.87663e-07
 Reference value :  6.89218e-07
 Reference value :  6.90698e-07
 Reference value :  6.92278e-07
 Reference value :  6.93828e-07
 Reference value :  6.95278e-07
 Reference value :  6.96773e-07
 Reference value :  6.98358e-07
 Reference value :  6.99913e-07
 Reference value :  7.01433e-07
 Reference value :  7.02983e-07
 Reference value :  7.04533e-07
 Reference value :  7.06068e-07
 Reference value :  7.07613e-07
 Reference value :  7.09178e-07
 Reference value :  7.10768e-07
 Reference value :  7.12303e-07
 Reference value :  7.13838e-07
 Reference value :  7.15333e-07
 Reference value :  7.16858e-07
 Reference value :  7.18388e-07
 Reference value :  7.19888e-07
 Reference value :  7.21453e-07
 Reference value :  7.23018e-07
 Reference value :  7.24573e-07
 Reference value :  7.26128e-07
 Reference value :  7.27673e-07
 Reference value :  7.29143e-07
 Reference value :  7.30703e-07
 Reference value :  7.32223e-07
 Reference value :  7.33773e-07
 Reference value :  7.35243e-07
 Reference value :  7.36743e-07
 Reference value :  7.38243e-07
 Reference value :  7.39778e-07
 Reference value :  7.41288e-07
 Reference value :  7.42858e-07
 Reference value :  7.44378e-07
 Reference value :  7.45973e-07
 Reference value :  7.47438e-07
 Reference value :  7.48938e-07
 Reference value :  7.50408e-07
 Reference value :  7.51968e-07
 Reference value :  7.53493e-07
 Reference value :  7.55078e-07
 Reference value :  7.56483e-07
 Reference value :  7.58088e-07
 Reference value :  7.59613e-07
 Reference value :  7.61143e-07
 Reference value :  7.62693e-07
 Reference value :  7.64248e-07
 Reference value :  7.65778e-07
 Reference value :  7.67298e-07
 Reference value :  7.68833e-07
 Reference value :  7.70418e-07
 Reference value :  7.71958e-07
 Reference value :  7.73443e-07
 Reference value :  7.74888e-07
 Reference value :  7.76363e-07
 Reference value :  7.77808e-07
 Reference value :  7.79253e-07
 Reference value :  7.80743e-07
 Reference value :  7.82278e-07
 Reference value :  7.83813e-07
 Reference value :  7.85283e-07
 Reference value :  7.86853e-07
 Reference value :  7.88418e-07
 Reference value :  7.89958e-07
 Reference value :  7.91688e-07
 Reference value :  7.93218e-07
 Reference value :  7.94698e-07
 Reference value :  7.96393e-07
 Reference value :  7.97888e-07
 Reference value :  7.99403e-07
No. of Data Rows : 160024
pt1a                =  2.79501e-08
pt1b                =  1.21686e-07
 meas tran vsub_max max v(xarr.vsubs) from=100n to=800n failed!

 meas tran vsub_min min v(xarr.vsubs) from=100n to=800n failed!

p_tr1 = 9.373539e-09
Note: Simulation executed from .control section 

----- stderr -----

Error: measure  vsub_max  max(TRIG) : no such vector as 'v(xarr.vsubs)'

Error: measure  vsub_min  min(TRIG) : no such vector as 'v(xarr.vsubs)'
Warning from checkvalid: vector vsub_max is not available or has zero length.
Error: RHS "(vsub_max - vsub_min) / 1.62" invalid
Warning from checkvalid: vector vsub_swing_frac is not available or has zero length.

