|* Post-layout ro_ring5, ASSEMBLED: the four-ring wstv frequency ladder from
|* ONE flat `klt extract --parasitics` of each ring's own composed, DRC-clean
|* and LVS-clean GDS (layout/ro_ring5*/ro_ring5*.gds) -- real inter-gate metal
|* routing included, not the ideal wires sim/post-layout-ro-ring5/'s own
|* leaf-cell composition (layout/pex/ro_ring5_pex.spice: separate ro_nand2/
|* ro_stage extractions, wired together by the testbench itself) assumes
|* between gates.
|*
|* Purpose (issue #22, layout/README.md's "Newly possible, not yet done" note
|* under step 5). Every ring-level number recorded so far is either
|* pre-layout (design/*.spice, no physical interconnect at all) or a
|* leaf-cell post-layout composition (layout/pex/ro_ring5_pex.spice, five
|* separately-extracted cells wired by IDEAL testbench nets). Now that
|* layout/ro_ring5*/ exist as single composed, DRC/LVS-clean GDS files with
|* the inter-gate n1-n4/ro routing and vddr/vss rail busing actually drawn
|* (issue #22, PR #51), extracting THAT GDS directly for the first time
|* includes real inter-gate wiring in the ring's own period/swing/current
|* numbers -- a strictly better answer than the leaf-cell composition, per
|* layout/pex/README.md's own stated limitation.
|*
|* This deck is a two-way, same-corner comparison (assembled post-layout vs.
|* pre-layout control), NOT a three-way rerun against the leaf-cell
|* composition -- sim/bin/corner-run.py substitutes exactly one /Users/rwalters/GitHub/sky130-trng/.loom/worktrees/issue-22/layout/pex-ring/ro_ring5_assembled_pex.spice
|* token, and adding a second templated library path is a runner change out
|* of this record's own scope. A reader wanting "how much did drawing the
|* real inter-gate wires cost, beyond the leaf composition's ideal-wire
|* assumption" compares THIS record's t_asm_* figures against
|* sim/post-layout-ro-ring5/'s own t_pex_* figures directly (both are
|* 27.0/1.8/tt-matched PVT points, just not the same ngspice
|* process) -- see sim/post-layout-ro-ring5-assembled/README.md.
|*
|* Topology. Four rings, each now a SINGLE subcircuit call (the composed GDS
|* IS design/xschem/ro_ring5.sch's own hierarchy, already wired) on its own
|* independent supply so each ring's own supply current stays separately
|* measurable:
|*
|*   r1..r4  POST-LAYOUT ASSEMBLED, wstv = 0.42 / 0.44 / 0.46 / 0.48 um --
|*           one physical, flat-extracted cell per ring, from
|*           layout/ro_ring5[_wstv0p4x]/ro_ring5*.gds via
|*           layout/pex-ring/pex.json + layout/bin/pex-netlist.py (shared,
|*           unmodified, with sim/post-layout-ro-ring5's own leaf-cell
|*           descriptor).
|*   q1..q4  PRE-LAYOUT control, the identical ladder from
|*           design/ro_array_core.spice's parameterized .subckt ro_ring5.
|*
|* Every ring drives its own output buffer -- ro_buf_pex (this library's own
|* copy, see layout/pex-ring/pex.json's _comment) for r1..r4, pre-layout
|* ro_buf for q1..q4 -- on one block supply per side, matching
|* sim/post-layout-ro-ring5's own buffering discipline (buffering ALL four
|* rings, not just one, is what makes the four periods a comparable ladder
|* rather than a mix of loaded/unloaded numbers -- see that slug's entry in
|* sim/README.md for the regression this avoids).
|*
|* The substrate tie. layout/pex-ring/ro_ring5_assembled_pex.spice declares
|* the extractor's substrate return node `vsubs` .global, same as
|* layout/pex/ro_ring5_pex.spice (klayout-tools#1503). This deck ties it HARD
|* to 0, the same physically-motivated choice sim/post-layout-ro-ring5's own
|* primary deck uses (every composed cell's own psub guard ring is tied to
|* vss, and vss is 0 here) -- inter-ring coupling through a floating
|* substrate is that slug's own separate question, not re-litigated here.
|*
|* PVT: the same four (temp, supply) points sim/post-layout-ro-ring5/ uses:
|*   -40 degC / 1.62 V   the measured entropy-binding corner (ss)
|*    27 degC / 1.80 V   nominal
|*   125 degC / 1.98 V   the worst five-stage ring swing in #10's grid
|*   -40 degC / 1.98 V   the fastest ring measured anywhere in that grid
|*
|* tstop/timestep match sim/post-layout-ro-ring5's own primary deck (160 ns,
|* 5p default 5p) -- the assembled ring's total R/C
|* (layout/pex-ring/pex.json's own build log: ~10.3-10.4 kOhm total series R,
|* ~42.2-42.3 fF total ground C per ring) is the same order of magnitude as
|* the leaf-cell composition's own per-cell totals summed, so no separate
|* re-derivation of the window was needed; confirmed by inspection of the
|* first run below rather than assumed.
|*
|* This file is a TEMPLATE: sim/bin/corner-run.py substitutes /Users/rwalters/.volare/volare/sky130/versions/c6d73a35f524070e85faff4a6a9eef49553ebc2b/sky130A/libs.tech/combined/sky130.lib.spice,
|* tt, /Users/rwalters/GitHub/sky130-trng/.loom/worktrees/issue-22/design/ro_array_core.spice, /Users/rwalters/GitHub/sky130-trng/.loom/worktrees/issue-22/layout/pex-ring/ro_ring5_assembled_pex.spice, 27.0, 1.8 and 5p. As
|* committed it is not a runnable deck. Invoke with
|* `--ro-ring5 design/ro_array_core.spice` (for its ro_buf subckt, alongside
|* the ro_ring5 subckt design/ro_ring5.spice would also provide) and
|* `--pex-lib layout/pex-ring/ro_ring5_assembled_pex.spice`.
|
|.option scale=1u
|.lib "/Users/rwalters/.volare/volare/sky130/versions/c6d73a35f524070e85faff4a6a9eef49553ebc2b/sky130A/libs.tech/combined/sky130.lib.spice" tt
|
|* pre-layout subcircuit library (ro_ring5 / ro_nand2 / ro_stage / ro_buf)
|.include "/Users/rwalters/GitHub/sky130-trng/.loom/worktrees/issue-22/design/ro_array_core.spice"
|* post-layout ASSEMBLED subcircuit library (ro_ring5_assembled_pex_* +
|* its own ro_buf_pex), generated from layout/ro_ring5*/'s composed GDS
|.include "/Users/rwalters/GitHub/sky130-trng/.loom/worktrees/issue-22/layout/pex-ring/ro_ring5_assembled_pex.spice"
|
|.temp 27.0
|
|* --- substrate return node: hard tie (see header) ----------------------
|Vsub vsubs 0 dc 0
|
|* --- post-layout ASSEMBLED rings, one flat-extracted cell per wstv -----
|Vddrr1 vddrr1 0 dc 1.8
|Venr1 enr1 0 dc 1.8
|xr1 enr1 r1o vddrr1 0 ro_ring5_assembled_pex_wstv0p42
|
|Vddrr2 vddrr2 0 dc 1.8
|Venr2 enr2 0 dc 1.8
|xr2 enr2 r2o vddrr2 0 ro_ring5_assembled_pex_wstv0p44
|
|Vddrr3 vddrr3 0 dc 1.8
|Venr3 enr3 0 dc 1.8
|xr3 enr3 r3o vddrr3 0 ro_ring5_assembled_pex_wstv0p46
|
|Vddrr4 vddrr4 0 dc 1.8
|Venr4 enr4 0 dc 1.8
|xr4 enr4 r4o vddrr4 0 ro_ring5_assembled_pex_wstv0p48
|
|* --- pre-layout control rings, identical topology, single-call subckt --
|Vddrq1 vddrq1 0 dc 1.8
|Venq1 enq1 0 dc 1.8
|xq1 enq1 q1o vddrq1 0 ro_ring5 wstv=0.42 lstv=2 cld=0.5f
|
|Vddrq2 vddrq2 0 dc 1.8
|Venq2 enq2 0 dc 1.8
|xq2 enq2 q2o vddrq2 0 ro_ring5 wstv=0.44 lstv=2 cld=0.5f
|
|Vddrq3 vddrq3 0 dc 1.8
|Venq3 enq3 0 dc 1.8
|xq3 enq3 q3o vddrq3 0 ro_ring5 wstv=0.46 lstv=2 cld=0.5f
|
|Vddrq4 vddrq4 0 dc 1.8
|Venq4 enq4 0 dc 1.8
|xq4 enq4 q4o vddrq4 0 ro_ring5 wstv=0.48 lstv=2 cld=0.5f
|
|* --- output buffers: one per ring, on a block supply per side ----------
|Vddr vddr 0 dc 1.8
|xbr1 r1o r1ob vddr 0 ro_buf_pex
|xbr2 r2o r2ob vddr 0 ro_buf_pex
|xbr3 r3o r3ob vddr 0 ro_buf_pex
|xbr4 r4o r4ob vddr 0 ro_buf_pex
|Vddq vddq 0 dc 1.8
|xbq1 q1o q1ob vddq 0 ro_buf
|xbq2 q2o q2ob vddq 0 ro_buf
|xbq3 q3o q3ob vddq 0 ro_buf
|xbq4 q4o q4ob vddq 0 ro_buf
|
|.ic v(r1o)=0
|.ic v(r2o)=0
|.ic v(r3o)=0
|.ic v(r4o)=0
|.ic v(q1o)=0
|.ic v(q2o)=0
|.ic v(q3o)=0
|.ic v(q4o)=0
|
|* Limit the saved transient trace set to exactly what the .meas statements
|* below need. Without this, ngspice keeps a full-resolution voltage history
|* for every node in the deck -- including every per-terminal parasitic-star
|* leg node the flat ring extraction introduces beyond the leaf-cell
|* composition's own intra-cell-only nodes (see this file's header) -- and at
|* the ff corner's shorter, stiffer timesteps that history exhausted process
|* memory outright (`Error: memory required ... is more than memory
|* available`) rather than merely running slowly. None of those internal
|* leg voltages are read by any .meas below.
|.save v(r1o) v(r2o) v(r3o) v(r4o) v(r1ob)
|.save v(q1o) v(q2o) v(q3o) v(q4o) v(q1ob)
|.save i(Vddrr1) i(Vddrr4) i(Vddrq1) i(Vddrq4)
|
|.tran 5p 160n uic
|
|.control
|run
|
|* Period of every ring, from 8 whole periods with the first two rising
|* edges discarded as start-up -- the same estimator
|* sim/post-layout-ro-ring5/'s own primary deck uses, so the two campaigns'
|* periods are directly comparable across their shared PVT grid.
|meas tran tr1a when v(r1o)=0.5*1.8 rise=3
|meas tran tr1b when v(r1o)=0.5*1.8 rise=11
|let t_asm_wstv0p42 = (tr1b - tr1a)/8
|meas tran tr2a when v(r2o)=0.5*1.8 rise=3
|meas tran tr2b when v(r2o)=0.5*1.8 rise=11
|let t_asm_wstv0p44 = (tr2b - tr2a)/8
|meas tran tr3a when v(r3o)=0.5*1.8 rise=3
|meas tran tr3b when v(r3o)=0.5*1.8 rise=11
|let t_asm_wstv0p46 = (tr3b - tr3a)/8
|meas tran tr4a when v(r4o)=0.5*1.8 rise=3
|meas tran tr4b when v(r4o)=0.5*1.8 rise=11
|let t_asm_wstv0p48 = (tr4b - tr4a)/8
|
|meas tran tq1a when v(q1o)=0.5*1.8 rise=3
|meas tran tq1b when v(q1o)=0.5*1.8 rise=11
|let t_pre_wstv0p42 = (tq1b - tq1a)/8
|meas tran tq2a when v(q2o)=0.5*1.8 rise=3
|meas tran tq2b when v(q2o)=0.5*1.8 rise=11
|let t_pre_wstv0p44 = (tq2b - tq2a)/8
|meas tran tq3a when v(q3o)=0.5*1.8 rise=3
|meas tran tq3b when v(q3o)=0.5*1.8 rise=11
|let t_pre_wstv0p46 = (tq3b - tq3a)/8
|meas tran tq4a when v(q4o)=0.5*1.8 rise=3
|meas tran tq4b when v(q4o)=0.5*1.8 rise=11
|let t_pre_wstv0p48 = (tq4b - tq4a)/8
|
|* The headline ratio: same ring, same corner, real inter-gate wiring vs.
|* pre-layout (no interconnect at all).
|let slowdown_wstv0p42 = t_asm_wstv0p42 / t_pre_wstv0p42
|let slowdown_wstv0p44 = t_asm_wstv0p44 / t_pre_wstv0p44
|let slowdown_wstv0p46 = t_asm_wstv0p46 / t_pre_wstv0p46
|let slowdown_wstv0p48 = t_asm_wstv0p48 / t_pre_wstv0p48
|
|* Ladder span (DR-0003 section 8's skew_span, re-measured with real
|* inter-gate wiring). Stated as slowest/fastest ring under the ladder's
|* expected monotone ordering; the four periods above are printed
|* individually so a reader can confirm that ordering rather than take it on
|* trust.
|let skew_span_asm = t_asm_wstv0p42 / t_asm_wstv0p48
|let skew_span_pre = t_pre_wstv0p42 / t_pre_wstv0p48
|
|* Swing, ring node and buffered output, post-layout (assembled) vs.
|* pre-layout. Steady-state window: 20 ns of start-up discarded.
|meas tran vmaxr MAX v(r1o) from=20n to=160n
|meas tran vminr MIN v(r1o) from=20n to=160n
|meas tran vmaxrb MAX v(r1ob) from=20n to=160n
|meas tran vminrb MIN v(r1ob) from=20n to=160n
|meas tran vmaxq MAX v(q1o) from=20n to=160n
|meas tran vminq MIN v(q1o) from=20n to=160n
|meas tran vmaxqb MAX v(q1ob) from=20n to=160n
|meas tran vminqb MIN v(q1ob) from=20n to=160n
|let swing_frac_asm_ring = (vmaxr - vminr) / 1.8
|let swing_frac_asm_buf = (vmaxrb - vminrb) / 1.8
|let swing_frac_pre_ring = (vmaxq - vminq) / 1.8
|let swing_frac_pre_buf = (vmaxqb - vminqb) / 1.8
|
|* Per-ring supply current, running. i(Vsrc) is negative for current
|* delivered by the source, so the printed figures are sign-flipped to read
|* as consumed current.
|meas tran ir1raw AVG i(Vddrr1) from=20n to=160n
|meas tran ir4raw AVG i(Vddrr4) from=20n to=160n
|meas tran iq1raw AVG i(Vddrq1) from=20n to=160n
|meas tran iq4raw AVG i(Vddrq4) from=20n to=160n
|let i_asm_wstv0p42 = -ir1raw
|let i_asm_wstv0p48 = -ir4raw
|let i_pre_wstv0p42 = -iq1raw
|let i_pre_wstv0p48 = -iq4raw
|
|print t_asm_wstv0p42
|print t_asm_wstv0p44
|print t_asm_wstv0p46
|print t_asm_wstv0p48
|print t_pre_wstv0p42
|print t_pre_wstv0p44
|print t_pre_wstv0p46
|print t_pre_wstv0p48
|print slowdown_wstv0p42
|print slowdown_wstv0p44
|print slowdown_wstv0p46
|print slowdown_wstv0p48
|print skew_span_asm
|print skew_span_pre
|print swing_frac_asm_ring
|print swing_frac_asm_buf
|print swing_frac_pre_ring
|print swing_frac_pre_buf
|print i_asm_wstv0p42
|print i_asm_wstv0p48
|print i_pre_wstv0p42
|print i_pre_wstv0p48
|.endc
|.end
|

----- stdout -----

Note: Compatibility modes selected: hs a


Circuit: * post-layout ro_ring5, assembled: the four-ring wstv frequency ladder from

option SCALE: Scale is set to 1e-06 for instance and model parameters
option SCALE: Scale is set to 1e-06 for instance and model parameters
option SCALE: Scale is set to 1e-06 for instance and model parameters
option SCALE: Scale is set to 1e-06 for instance and model parameters
option SCALE: Scale is set to 1e-06 for instance and model parameters
Doing analysis at TEMP = 27.000000 and TNOM = 27.000000

Using SPARSE 1.3 as Direct Linear Solver
Operating point simulation skipped by 'uic',
  now using transient initial conditions.
 Reference value :  5.00000e-14
 Reference value :  9.67119e-10
 Reference value :  1.98212e-09
 Reference value :  3.07212e-09
 Reference value :  4.05212e-09
 Reference value :  5.08712e-09
 Reference value :  6.10212e-09
 Reference value :  7.09212e-09
 Reference value :  8.13212e-09
 Reference value :  9.14212e-09
 Reference value :  1.01321e-08
 Reference value :  1.11071e-08
 Reference value :  1.21271e-08
 Reference value :  1.31321e-08
 Reference value :  1.41571e-08
 Reference value :  1.52421e-08
 Reference value :  1.63321e-08
 Reference value :  1.74921e-08
 Reference value :  1.86171e-08
 Reference value :  1.96921e-08
 Reference value :  2.08921e-08
 Reference value :  2.19521e-08
 Reference value :  2.30521e-08
 Reference value :  2.41821e-08
 Reference value :  2.53021e-08
 Reference value :  2.64471e-08
 Reference value :  2.76471e-08
 Reference value :  2.88121e-08
 Reference value :  2.99421e-08
 Reference value :  3.10921e-08
 Reference value :  3.22071e-08
 Reference value :  3.32821e-08
 Reference value :  3.45721e-08
 Reference value :  3.56571e-08
 Reference value :  3.67571e-08
 Reference value :  3.77971e-08
 Reference value :  3.88571e-08
 Reference value :  3.99121e-08
 Reference value :  4.11071e-08
 Reference value :  4.22021e-08
 Reference value :  4.33921e-08
 Reference value :  4.45221e-08
 Reference value :  4.56371e-08
 Reference value :  4.68571e-08
 Reference value :  4.79321e-08
 Reference value :  4.90771e-08
 Reference value :  5.02221e-08
 Reference value :  5.12821e-08
 Reference value :  5.24671e-08
 Reference value :  5.35221e-08
 Reference value :  5.46871e-08
 Reference value :  5.57071e-08
 Reference value :  5.67471e-08
 Reference value :  5.77521e-08
 Reference value :  5.87971e-08
 Reference value :  5.97971e-08
 Reference value :  6.07771e-08
 Reference value :  6.17621e-08
 Reference value :  6.27671e-08
 Reference value :  6.37571e-08
 Reference value :  6.48121e-08
 Reference value :  6.58471e-08
 Reference value :  6.69571e-08
 Reference value :  6.80921e-08
 Reference value :  6.92371e-08
 Reference value :  7.03921e-08
 Reference value :  7.15371e-08
 Reference value :  7.26521e-08
 Reference value :  7.38121e-08
 Reference value :  7.49071e-08
 Reference value :  7.60471e-08
 Reference value :  7.72021e-08
 Reference value :  7.83421e-08
 Reference value :  7.95171e-08
 Reference value :  8.06471e-08
 Reference value :  8.17871e-08
 Reference value :  8.29021e-08
 Reference value :  8.39671e-08
 Reference value :  8.50021e-08
 Reference value :  8.60621e-08
 Reference value :  8.70921e-08
 Reference value :  8.81271e-08
 Reference value :  8.92321e-08
 Reference value :  9.02871e-08
 Reference value :  9.15171e-08
 Reference value :  9.25321e-08
 Reference value :  9.36071e-08
 Reference value :  9.46221e-08
 Reference value :  9.56321e-08
 Reference value :  9.66971e-08
 Reference value :  9.77071e-08
 Reference value :  9.87471e-08
 Reference value :  9.98321e-08
 Reference value :  1.00987e-07
 Reference value :  1.02057e-07
 Reference value :  1.03052e-07
 Reference value :  1.04102e-07
 Reference value :  1.05162e-07
 Reference value :  1.06212e-07
 Reference value :  1.07287e-07
 Reference value :  1.08352e-07
 Reference value :  1.09457e-07
 Reference value :  1.10557e-07
 Reference value :  1.11647e-07
 Reference value :  1.12787e-07
 Reference value :  1.13977e-07
 Reference value :  1.15127e-07
 Reference value :  1.16157e-07
 Reference value :  1.17242e-07
 Reference value :  1.18297e-07
 Reference value :  1.19367e-07
 Reference value :  1.20497e-07
 Reference value :  1.21652e-07
 Reference value :  1.22797e-07
 Reference value :  1.23967e-07
 Reference value :  1.25092e-07
 Reference value :  1.26227e-07
 Reference value :  1.27387e-07
 Reference value :  1.28522e-07
 Reference value :  1.29642e-07
 Reference value :  1.30812e-07
 Reference value :  1.31917e-07
 Reference value :  1.33002e-07
 Reference value :  1.34102e-07
 Reference value :  1.35187e-07
 Reference value :  1.36247e-07
 Reference value :  1.37267e-07
 Reference value :  1.38327e-07
 Reference value :  1.39327e-07
 Reference value :  1.40472e-07
 Reference value :  1.41552e-07
 Reference value :  1.42652e-07
 Reference value :  1.43762e-07
 Reference value :  1.44842e-07
 Reference value :  1.46002e-07
 Reference value :  1.47137e-07
 Reference value :  1.48312e-07
 Reference value :  1.49467e-07
 Reference value :  1.50612e-07
 Reference value :  1.51767e-07
 Reference value :  1.52892e-07
 Reference value :  1.54102e-07
 Reference value :  1.55252e-07
 Reference value :  1.56537e-07
 Reference value :  1.57722e-07
 Reference value :  1.58967e-07
No. of Data Rows : 32018
tr1a                =  1.28171e-08
tr1b                =  6.43913e-08
tr2a                =  1.22861e-08
tr2b                =  6.16087e-08
tr3a                =  1.18026e-08
tr3b                =  5.90724e-08
tr4a                =  1.13599e-08
tr4b                =  5.67473e-08
tq1a                =  2.65002e-09
tq1b                =  2.59602e-08
tq2a                =  2.54018e-09
tq2b                =  2.45400e-08
tq3a                =  2.44105e-09
tq3b                =  2.32513e-08
tq4a                =  2.35112e-09
tq4b                =  2.20779e-08
vmaxr               =  1.59455e+00 at=  5.35271e-08
vminr               =  -8.49010e-03 at=  8.86821e-08
vmaxrb              =  1.80379e+00 at=  1.27662e-07
vminrb              =  -1.38140e-03 at=  9.90021e-08
vmaxq               =  1.51901e+00 at=  1.58052e-07
vminq               =  -1.12644e-02 at=  1.59427e-07
vmaxqb              =  1.81267e+00 at=  1.59602e-07
vminqb              =  -3.48485e-03 at=  2.11771e-08
ir1raw              =  -9.53694e-06 from=  2.00000e-08 to=  1.60000e-07
ir4raw              =  -1.06802e-05 from=  2.00000e-08 to=  1.60000e-07
iq1raw              =  -1.09578e-05 from=  2.00000e-08 to=  1.60000e-07
iq4raw              =  -1.24866e-05 from=  2.00000e-08 to=  1.60000e-07
t_asm_wstv0p42 = 6.446773e-09
t_asm_wstv0p44 = 6.165327e-09
t_asm_wstv0p46 = 5.908725e-09
t_asm_wstv0p48 = 5.673425e-09
t_pre_wstv0p42 = 2.913771e-09
t_pre_wstv0p44 = 2.749981e-09
t_pre_wstv0p46 = 2.601277e-09
t_pre_wstv0p48 = 2.465847e-09
slowdown_wstv0p42 = 2.212519e+00
slowdown_wstv0p44 = 2.241953e+00
slowdown_wstv0p46 = 2.271471e+00
slowdown_wstv0p48 = 2.300802e+00
skew_span_asm = 1.136311e+00
skew_span_pre = 1.181651e+00
swing_frac_asm_ring = 8.905795e-01
swing_frac_asm_buf = 1.002870e+00
swing_frac_pre_ring = 8.501547e-01
swing_frac_pre_buf = 1.008977e+00
i_asm_wstv0p42 = 9.536944e-06
i_asm_wstv0p48 = 1.068022e-05
i_pre_wstv0p42 = 1.095784e-05
i_pre_wstv0p48 = 1.248662e-05
Note: Simulation executed from .control section 

----- stderr -----

