|* Post-layout ro_ring5, ASSEMBLED: the four-ring wstv frequency ladder from
|* ONE flat `klt extract --parasitics` of each ring's own composed, DRC-clean
|* and LVS-clean GDS (layout/ro_ring5*/ro_ring5*.gds) -- real inter-gate metal
|* routing included, not the ideal wires sim/post-layout-ro-ring5/'s own
|* leaf-cell composition (layout/pex/ro_ring5_pex.spice: separate ro_nand2/
|* ro_stage extractions, wired together by the testbench itself) assumes
|* between gates.
|*
|* Purpose (issue #22, layout/README.md's "Newly possible, not yet done" note
|* under step 5). Every ring-level number recorded so far is either
|* pre-layout (design/*.spice, no physical interconnect at all) or a
|* leaf-cell post-layout composition (layout/pex/ro_ring5_pex.spice, five
|* separately-extracted cells wired by IDEAL testbench nets). Now that
|* layout/ro_ring5*/ exist as single composed, DRC/LVS-clean GDS files with
|* the inter-gate n1-n4/ro routing and vddr/vss rail busing actually drawn
|* (issue #22, PR #51), extracting THAT GDS directly for the first time
|* includes real inter-gate wiring in the ring's own period/swing/current
|* numbers -- a strictly better answer than the leaf-cell composition, per
|* layout/pex/README.md's own stated limitation.
|*
|* This deck is a two-way, same-corner comparison (assembled post-layout vs.
|* pre-layout control), NOT a three-way rerun against the leaf-cell
|* composition -- sim/bin/corner-run.py substitutes exactly one /Users/rwalters/GitHub/sky130-trng/.loom/worktrees/issue-22/layout/pex-ring/ro_ring5_assembled_pex.spice
|* token, and adding a second templated library path is a runner change out
|* of this record's own scope. A reader wanting "how much did drawing the
|* real inter-gate wires cost, beyond the leaf composition's ideal-wire
|* assumption" compares THIS record's t_asm_* figures against
|* sim/post-layout-ro-ring5/'s own t_pex_* figures directly (both are
|* -40.0/1.98/tt-matched PVT points, just not the same ngspice
|* process) -- see sim/post-layout-ro-ring5-assembled/README.md.
|*
|* Topology. Four rings, each now a SINGLE subcircuit call (the composed GDS
|* IS design/xschem/ro_ring5.sch's own hierarchy, already wired) on its own
|* independent supply so each ring's own supply current stays separately
|* measurable:
|*
|*   r1..r4  POST-LAYOUT ASSEMBLED, wstv = 0.42 / 0.44 / 0.46 / 0.48 um --
|*           one physical, flat-extracted cell per ring, from
|*           layout/ro_ring5[_wstv0p4x]/ro_ring5*.gds via
|*           layout/pex-ring/pex.json + layout/bin/pex-netlist.py (shared,
|*           unmodified, with sim/post-layout-ro-ring5's own leaf-cell
|*           descriptor).
|*   q1..q4  PRE-LAYOUT control, the identical ladder from
|*           design/ro_array_core.spice's parameterized .subckt ro_ring5.
|*
|* Every ring drives its own output buffer -- ro_buf_pex (this library's own
|* copy, see layout/pex-ring/pex.json's _comment) for r1..r4, pre-layout
|* ro_buf for q1..q4 -- on one block supply per side, matching
|* sim/post-layout-ro-ring5's own buffering discipline (buffering ALL four
|* rings, not just one, is what makes the four periods a comparable ladder
|* rather than a mix of loaded/unloaded numbers -- see that slug's entry in
|* sim/README.md for the regression this avoids).
|*
|* The substrate tie. layout/pex-ring/ro_ring5_assembled_pex.spice declares
|* the extractor's substrate return node `vsubs` .global, same as
|* layout/pex/ro_ring5_pex.spice (klayout-tools#1503). This deck ties it HARD
|* to 0, the same physically-motivated choice sim/post-layout-ro-ring5's own
|* primary deck uses (every composed cell's own psub guard ring is tied to
|* vss, and vss is 0 here) -- inter-ring coupling through a floating
|* substrate is that slug's own separate question, not re-litigated here.
|*
|* PVT: the same four (temp, supply) points sim/post-layout-ro-ring5/ uses:
|*   -40 degC / 1.62 V   the measured entropy-binding corner (ss)
|*    27 degC / 1.80 V   nominal
|*   125 degC / 1.98 V   the worst five-stage ring swing in #10's grid
|*   -40 degC / 1.98 V   the fastest ring measured anywhere in that grid
|*
|* tstop/timestep match sim/post-layout-ro-ring5's own primary deck (160 ns,
|* 5p default 5p) -- the assembled ring's total R/C
|* (layout/pex-ring/pex.json's own build log: ~10.3-10.4 kOhm total series R,
|* ~42.2-42.3 fF total ground C per ring) is the same order of magnitude as
|* the leaf-cell composition's own per-cell totals summed, so no separate
|* re-derivation of the window was needed; confirmed by inspection of the
|* first run below rather than assumed.
|*
|* This file is a TEMPLATE: sim/bin/corner-run.py substitutes /Users/rwalters/.volare/volare/sky130/versions/c6d73a35f524070e85faff4a6a9eef49553ebc2b/sky130A/libs.tech/combined/sky130.lib.spice,
|* tt, /Users/rwalters/GitHub/sky130-trng/.loom/worktrees/issue-22/design/ro_array_core.spice, /Users/rwalters/GitHub/sky130-trng/.loom/worktrees/issue-22/layout/pex-ring/ro_ring5_assembled_pex.spice, -40.0, 1.98 and 5p. As
|* committed it is not a runnable deck. Invoke with
|* `--ro-ring5 design/ro_array_core.spice` (for its ro_buf subckt, alongside
|* the ro_ring5 subckt design/ro_ring5.spice would also provide) and
|* `--pex-lib layout/pex-ring/ro_ring5_assembled_pex.spice`.
|
|.option scale=1u
|.lib "/Users/rwalters/.volare/volare/sky130/versions/c6d73a35f524070e85faff4a6a9eef49553ebc2b/sky130A/libs.tech/combined/sky130.lib.spice" tt
|
|* pre-layout subcircuit library (ro_ring5 / ro_nand2 / ro_stage / ro_buf)
|.include "/Users/rwalters/GitHub/sky130-trng/.loom/worktrees/issue-22/design/ro_array_core.spice"
|* post-layout ASSEMBLED subcircuit library (ro_ring5_assembled_pex_* +
|* its own ro_buf_pex), generated from layout/ro_ring5*/'s composed GDS
|.include "/Users/rwalters/GitHub/sky130-trng/.loom/worktrees/issue-22/layout/pex-ring/ro_ring5_assembled_pex.spice"
|
|.temp -40.0
|
|* --- substrate return node: hard tie (see header) ----------------------
|Vsub vsubs 0 dc 0
|
|* --- post-layout ASSEMBLED rings, one flat-extracted cell per wstv -----
|Vddrr1 vddrr1 0 dc 1.98
|Venr1 enr1 0 dc 1.98
|xr1 enr1 r1o vddrr1 0 ro_ring5_assembled_pex_wstv0p42
|
|Vddrr2 vddrr2 0 dc 1.98
|Venr2 enr2 0 dc 1.98
|xr2 enr2 r2o vddrr2 0 ro_ring5_assembled_pex_wstv0p44
|
|Vddrr3 vddrr3 0 dc 1.98
|Venr3 enr3 0 dc 1.98
|xr3 enr3 r3o vddrr3 0 ro_ring5_assembled_pex_wstv0p46
|
|Vddrr4 vddrr4 0 dc 1.98
|Venr4 enr4 0 dc 1.98
|xr4 enr4 r4o vddrr4 0 ro_ring5_assembled_pex_wstv0p48
|
|* --- pre-layout control rings, identical topology, single-call subckt --
|Vddrq1 vddrq1 0 dc 1.98
|Venq1 enq1 0 dc 1.98
|xq1 enq1 q1o vddrq1 0 ro_ring5 wstv=0.42 lstv=2 cld=0.5f
|
|Vddrq2 vddrq2 0 dc 1.98
|Venq2 enq2 0 dc 1.98
|xq2 enq2 q2o vddrq2 0 ro_ring5 wstv=0.44 lstv=2 cld=0.5f
|
|Vddrq3 vddrq3 0 dc 1.98
|Venq3 enq3 0 dc 1.98
|xq3 enq3 q3o vddrq3 0 ro_ring5 wstv=0.46 lstv=2 cld=0.5f
|
|Vddrq4 vddrq4 0 dc 1.98
|Venq4 enq4 0 dc 1.98
|xq4 enq4 q4o vddrq4 0 ro_ring5 wstv=0.48 lstv=2 cld=0.5f
|
|* --- output buffers: one per ring, on a block supply per side ----------
|Vddr vddr 0 dc 1.98
|xbr1 r1o r1ob vddr 0 ro_buf_pex
|xbr2 r2o r2ob vddr 0 ro_buf_pex
|xbr3 r3o r3ob vddr 0 ro_buf_pex
|xbr4 r4o r4ob vddr 0 ro_buf_pex
|Vddq vddq 0 dc 1.98
|xbq1 q1o q1ob vddq 0 ro_buf
|xbq2 q2o q2ob vddq 0 ro_buf
|xbq3 q3o q3ob vddq 0 ro_buf
|xbq4 q4o q4ob vddq 0 ro_buf
|
|.ic v(r1o)=0
|.ic v(r2o)=0
|.ic v(r3o)=0
|.ic v(r4o)=0
|.ic v(q1o)=0
|.ic v(q2o)=0
|.ic v(q3o)=0
|.ic v(q4o)=0
|
|* Limit the saved transient trace set to exactly what the .meas statements
|* below need. Without this, ngspice keeps a full-resolution voltage history
|* for every node in the deck -- including every per-terminal parasitic-star
|* leg node the flat ring extraction introduces beyond the leaf-cell
|* composition's own intra-cell-only nodes (see this file's header) -- and at
|* the ff corner's shorter, stiffer timesteps that history exhausted process
|* memory outright (`Error: memory required ... is more than memory
|* available`) rather than merely running slowly. None of those internal
|* leg voltages are read by any .meas below.
|.save v(r1o) v(r2o) v(r3o) v(r4o) v(r1ob)
|.save v(q1o) v(q2o) v(q3o) v(q4o) v(q1ob)
|.save i(Vddrr1) i(Vddrr4) i(Vddrq1) i(Vddrq4)
|
|.tran 5p 160n uic
|
|.control
|run
|
|* Period of every ring, from 8 whole periods with the first two rising
|* edges discarded as start-up -- the same estimator
|* sim/post-layout-ro-ring5/'s own primary deck uses, so the two campaigns'
|* periods are directly comparable across their shared PVT grid.
|meas tran tr1a when v(r1o)=0.5*1.98 rise=3
|meas tran tr1b when v(r1o)=0.5*1.98 rise=11
|let t_asm_wstv0p42 = (tr1b - tr1a)/8
|meas tran tr2a when v(r2o)=0.5*1.98 rise=3
|meas tran tr2b when v(r2o)=0.5*1.98 rise=11
|let t_asm_wstv0p44 = (tr2b - tr2a)/8
|meas tran tr3a when v(r3o)=0.5*1.98 rise=3
|meas tran tr3b when v(r3o)=0.5*1.98 rise=11
|let t_asm_wstv0p46 = (tr3b - tr3a)/8
|meas tran tr4a when v(r4o)=0.5*1.98 rise=3
|meas tran tr4b when v(r4o)=0.5*1.98 rise=11
|let t_asm_wstv0p48 = (tr4b - tr4a)/8
|
|meas tran tq1a when v(q1o)=0.5*1.98 rise=3
|meas tran tq1b when v(q1o)=0.5*1.98 rise=11
|let t_pre_wstv0p42 = (tq1b - tq1a)/8
|meas tran tq2a when v(q2o)=0.5*1.98 rise=3
|meas tran tq2b when v(q2o)=0.5*1.98 rise=11
|let t_pre_wstv0p44 = (tq2b - tq2a)/8
|meas tran tq3a when v(q3o)=0.5*1.98 rise=3
|meas tran tq3b when v(q3o)=0.5*1.98 rise=11
|let t_pre_wstv0p46 = (tq3b - tq3a)/8
|meas tran tq4a when v(q4o)=0.5*1.98 rise=3
|meas tran tq4b when v(q4o)=0.5*1.98 rise=11
|let t_pre_wstv0p48 = (tq4b - tq4a)/8
|
|* The headline ratio: same ring, same corner, real inter-gate wiring vs.
|* pre-layout (no interconnect at all).
|let slowdown_wstv0p42 = t_asm_wstv0p42 / t_pre_wstv0p42
|let slowdown_wstv0p44 = t_asm_wstv0p44 / t_pre_wstv0p44
|let slowdown_wstv0p46 = t_asm_wstv0p46 / t_pre_wstv0p46
|let slowdown_wstv0p48 = t_asm_wstv0p48 / t_pre_wstv0p48
|
|* Ladder span (DR-0003 section 8's skew_span, re-measured with real
|* inter-gate wiring). Stated as slowest/fastest ring under the ladder's
|* expected monotone ordering; the four periods above are printed
|* individually so a reader can confirm that ordering rather than take it on
|* trust.
|let skew_span_asm = t_asm_wstv0p42 / t_asm_wstv0p48
|let skew_span_pre = t_pre_wstv0p42 / t_pre_wstv0p48
|
|* Swing, ring node and buffered output, post-layout (assembled) vs.
|* pre-layout. Steady-state window: 20 ns of start-up discarded.
|meas tran vmaxr MAX v(r1o) from=20n to=160n
|meas tran vminr MIN v(r1o) from=20n to=160n
|meas tran vmaxrb MAX v(r1ob) from=20n to=160n
|meas tran vminrb MIN v(r1ob) from=20n to=160n
|meas tran vmaxq MAX v(q1o) from=20n to=160n
|meas tran vminq MIN v(q1o) from=20n to=160n
|meas tran vmaxqb MAX v(q1ob) from=20n to=160n
|meas tran vminqb MIN v(q1ob) from=20n to=160n
|let swing_frac_asm_ring = (vmaxr - vminr) / 1.98
|let swing_frac_asm_buf = (vmaxrb - vminrb) / 1.98
|let swing_frac_pre_ring = (vmaxq - vminq) / 1.98
|let swing_frac_pre_buf = (vmaxqb - vminqb) / 1.98
|
|* Per-ring supply current, running. i(Vsrc) is negative for current
|* delivered by the source, so the printed figures are sign-flipped to read
|* as consumed current.
|meas tran ir1raw AVG i(Vddrr1) from=20n to=160n
|meas tran ir4raw AVG i(Vddrr4) from=20n to=160n
|meas tran iq1raw AVG i(Vddrq1) from=20n to=160n
|meas tran iq4raw AVG i(Vddrq4) from=20n to=160n
|let i_asm_wstv0p42 = -ir1raw
|let i_asm_wstv0p48 = -ir4raw
|let i_pre_wstv0p42 = -iq1raw
|let i_pre_wstv0p48 = -iq4raw
|
|print t_asm_wstv0p42
|print t_asm_wstv0p44
|print t_asm_wstv0p46
|print t_asm_wstv0p48
|print t_pre_wstv0p42
|print t_pre_wstv0p44
|print t_pre_wstv0p46
|print t_pre_wstv0p48
|print slowdown_wstv0p42
|print slowdown_wstv0p44
|print slowdown_wstv0p46
|print slowdown_wstv0p48
|print skew_span_asm
|print skew_span_pre
|print swing_frac_asm_ring
|print swing_frac_asm_buf
|print swing_frac_pre_ring
|print swing_frac_pre_buf
|print i_asm_wstv0p42
|print i_asm_wstv0p48
|print i_pre_wstv0p42
|print i_pre_wstv0p48
|.endc
|.end
|

----- stdout -----

Note: Compatibility modes selected: hs a


Circuit: * post-layout ro_ring5, assembled: the four-ring wstv frequency ladder from

option SCALE: Scale is set to 1e-06 for instance and model parameters
option SCALE: Scale is set to 1e-06 for instance and model parameters
option SCALE: Scale is set to 1e-06 for instance and model parameters
option SCALE: Scale is set to 1e-06 for instance and model parameters
option SCALE: Scale is set to 1e-06 for instance and model parameters
Doing analysis at TEMP = -40.000000 and TNOM = 27.000000

Using SPARSE 1.3 as Direct Linear Solver
Operating point simulation skipped by 'uic',
  now using transient initial conditions.
 Reference value :  5.00000e-14
 Reference value :  7.91433e-10
 Reference value :  1.75643e-09
 Reference value :  2.69143e-09
 Reference value :  3.72143e-09
 Reference value :  4.75643e-09
 Reference value :  5.82643e-09
 Reference value :  6.72643e-09
 Reference value :  7.67143e-09
 Reference value :  8.66143e-09
 Reference value :  9.68143e-09
 Reference value :  1.07564e-08
 Reference value :  1.18364e-08
 Reference value :  1.28764e-08
 Reference value :  1.40314e-08
 Reference value :  1.50714e-08
 Reference value :  1.61964e-08
 Reference value :  1.73414e-08
 Reference value :  1.83464e-08
 Reference value :  1.94264e-08
 Reference value :  2.04214e-08
 Reference value :  2.14914e-08
 Reference value :  2.25664e-08
 Reference value :  2.36164e-08
 Reference value :  2.46714e-08
 Reference value :  2.57064e-08
 Reference value :  2.67464e-08
 Reference value :  2.77264e-08
 Reference value :  2.86864e-08
 Reference value :  2.96914e-08
 Reference value :  3.06814e-08
 Reference value :  3.17264e-08
 Reference value :  3.27614e-08
 Reference value :  3.38064e-08
 Reference value :  3.47414e-08
 Reference value :  3.57214e-08
 Reference value :  3.67014e-08
 Reference value :  3.77414e-08
 Reference value :  3.87814e-08
 Reference value :  3.97064e-08
 Reference value :  4.07264e-08
 Reference value :  4.16414e-08
 Reference value :  4.27114e-08
 Reference value :  4.36214e-08
 Reference value :  4.46014e-08
 Reference value :  4.54964e-08
 Reference value :  4.64564e-08
 Reference value :  4.74664e-08
 Reference value :  4.84664e-08
 Reference value :  4.94564e-08
 Reference value :  5.05064e-08
 Reference value :  5.14864e-08
 Reference value :  5.24214e-08
 Reference value :  5.33064e-08
 Reference value :  5.42664e-08
 Reference value :  5.51664e-08
 Reference value :  5.60214e-08
 Reference value :  5.69664e-08
 Reference value :  5.78614e-08
 Reference value :  5.88764e-08
 Reference value :  5.98214e-08
 Reference value :  6.07714e-08
 Reference value :  6.17764e-08
 Reference value :  6.27964e-08
 Reference value :  6.37964e-08
 Reference value :  6.48364e-08
 Reference value :  6.58464e-08
 Reference value :  6.68514e-08
 Reference value :  6.78714e-08
 Reference value :  6.88514e-08
 Reference value :  6.99114e-08
 Reference value :  7.09014e-08
 Reference value :  7.18614e-08
 Reference value :  7.28314e-08
 Reference value :  7.37764e-08
 Reference value :  7.47664e-08
 Reference value :  7.58014e-08
 Reference value :  7.67614e-08
 Reference value :  7.78014e-08
 Reference value :  7.87614e-08
 Reference value :  7.98214e-08
 Reference value :  8.08364e-08
 Reference value :  8.18664e-08
 Reference value :  8.28114e-08
 Reference value :  8.37764e-08
 Reference value :  8.47364e-08
 Reference value :  8.57514e-08
 Reference value :  8.67364e-08
 Reference value :  8.77164e-08
 Reference value :  8.86814e-08
 Reference value :  8.97114e-08
 Reference value :  9.07164e-08
 Reference value :  9.17914e-08
 Reference value :  9.28214e-08
 Reference value :  9.38714e-08
 Reference value :  9.49364e-08
 Reference value :  9.60064e-08
 Reference value :  9.69964e-08
 Reference value :  9.80714e-08
 Reference value :  9.91264e-08
 Reference value :  1.00106e-07
 Reference value :  1.01141e-07
 Reference value :  1.02166e-07
 Reference value :  1.03096e-07
 Reference value :  1.04056e-07
 Reference value :  1.05006e-07
 Reference value :  1.06006e-07
 Reference value :  1.06946e-07
 Reference value :  1.07951e-07
 Reference value :  1.08971e-07
 Reference value :  1.09961e-07
 Reference value :  1.10906e-07
 Reference value :  1.11951e-07
 Reference value :  1.12966e-07
 Reference value :  1.14001e-07
 Reference value :  1.15076e-07
 Reference value :  1.16121e-07
 Reference value :  1.17201e-07
 Reference value :  1.18246e-07
 Reference value :  1.19301e-07
 Reference value :  1.20346e-07
 Reference value :  1.21396e-07
 Reference value :  1.22511e-07
 Reference value :  1.23481e-07
 Reference value :  1.24511e-07
 Reference value :  1.25556e-07
 Reference value :  1.26636e-07
 Reference value :  1.27706e-07
 Reference value :  1.28746e-07
 Reference value :  1.29796e-07
 Reference value :  1.30816e-07
 Reference value :  1.31976e-07
 Reference value :  1.33041e-07
 Reference value :  1.34111e-07
 Reference value :  1.35156e-07
 Reference value :  1.36246e-07
 Reference value :  1.37281e-07
 Reference value :  1.38376e-07
 Reference value :  1.39356e-07
 Reference value :  1.40401e-07
 Reference value :  1.41416e-07
 Reference value :  1.42486e-07
 Reference value :  1.43471e-07
 Reference value :  1.44471e-07
 Reference value :  1.45516e-07
 Reference value :  1.46616e-07
 Reference value :  1.47661e-07
 Reference value :  1.48751e-07
 Reference value :  1.49776e-07
 Reference value :  1.50856e-07
 Reference value :  1.51906e-07
 Reference value :  1.53006e-07
 Reference value :  1.54121e-07
 Reference value :  1.55196e-07
 Reference value :  1.56236e-07
 Reference value :  1.57251e-07
 Reference value :  1.58226e-07
 Reference value :  1.59266e-07
No. of Data Rows : 32018
tr1a                =  8.69567e-09
tr1b                =  4.32208e-08
tr2a                =  8.42493e-09
tr2b                =  4.17767e-08
tr3a                =  8.16074e-09
tr3b                =  4.03696e-08
tr4a                =  7.90654e-09
tr4b                =  3.90166e-08
tq1a                =  1.86933e-09
tq1b                =  1.74263e-08
tq2a                =  1.81014e-09
tq2b                =  1.66355e-08
tq3a                =  1.75353e-09
tq3b                =  1.58891e-08
tq4a                =  1.69999e-09
tq4b                =  1.51911e-08
vmaxr               =  1.73636e+00 at=  4.02314e-08
vminr               =  -1.38985e-02 at=  7.67214e-08
vmaxrb              =  1.98555e+00 at=  9.84814e-08
vminrb              =  -2.59395e-03 at=  1.52726e-07
vmaxq               =  1.65064e+00 at=  1.56121e-07
vminq               =  -2.17319e-02 at=  1.37591e-07
vmaxqb              =  1.99803e+00 at=  3.85014e-08
vminqb              =  -6.13516e-03 at=  3.17464e-08
ir1raw              =  -1.48147e-05 from=  2.00000e-08 to=  1.60000e-07
ir4raw              =  -1.61951e-05 from=  2.00000e-08 to=  1.60000e-07
iq1raw              =  -1.68439e-05 from=  2.00000e-08 to=  1.60000e-07
iq4raw              =  -1.87697e-05 from=  2.00000e-08 to=  1.60000e-07
t_asm_wstv0p42 = 4.315639e-09
t_asm_wstv0p44 = 4.168965e-09
t_asm_wstv0p46 = 4.026106e-09
t_asm_wstv0p48 = 3.888760e-09
t_pre_wstv0p42 = 1.944624e-09
t_pre_wstv0p44 = 1.853167e-09
t_pre_wstv0p46 = 1.766945e-09
t_pre_wstv0p48 = 1.686387e-09
slowdown_wstv0p42 = 2.219267e+00
slowdown_wstv0p44 = 2.249644e+00
slowdown_wstv0p46 = 2.278569e+00
slowdown_wstv0p48 = 2.305972e+00
skew_span_asm = 1.109773e+00
skew_span_pre = 1.153131e+00
swing_frac_asm_ring = 8.839715e-01
swing_frac_asm_buf = 1.004113e+00
swing_frac_pre_ring = 8.446303e-01
swing_frac_pre_buf = 1.012205e+00
i_asm_wstv0p42 = 1.481473e-05
i_asm_wstv0p48 = 1.619508e-05
i_pre_wstv0p42 = 1.684390e-05
i_pre_wstv0p48 = 1.876971e-05
Note: Simulation executed from .control section 

----- stderr -----

