|* Post-layout ro_array_core: the whole entropy source (four non-identical
|* rings + four output buffers + the three-xor2 combining tree), extracted
|* FLAT from ONE `klt extract --parasitics` run over
|* layout/ro_array_core-placement-poc/ro_array_core_signal9_poc.gds -- the
|* same DRC-clean (0 violations), klt-lvs-MATCHING (132/132 devices, 96/96
|* nets against design/ro_array_core.spice's own .subckt ro_array_core) GDS
|* that PoC directory's own README documents ("Increment 8"). Real inter-ring
|* wiring is included for the first time: the ring->buffer signal chain, the
|* buffer->XOR fan-in, the XOR combining tree's own t1/t2 routing, and the
|* array-wide vdd bus for the four buffers + three xor2 instances -- none of
|* which sim/post-layout-ro-ring5-assembled/ (one ring at a time, ideal
|* wires between rings) could include, and none of which
|* sim/ro-array-core-combining/ (pre-layout, no physical interconnect at
|* all) could include either.
|*
|* Purpose (issue #22's acceptance bar: "Post-layout PVT simulation results
|* land under sim/, extracted parasitics included" plus the DR-0003 section
|* 8 wstv inter-ring decorrelation re-evaluation). This is a two-way,
|* same-corner comparison (post-layout array vs. pre-layout control, the
|* SAME topology sim/ro-array-core-combining/'s own testbench drives),
|* matching sim/post-layout-ro-ring5-assembled/'s own comparison discipline
|* one hierarchy level up. It reuses that record's own measurement set
|* (per-ring periods, combining fidelity in both the edge-retention and
|* value-fidelity senses, and array supply current) rather than inventing a
|* new one, so every number here is directly comparable to
|* sim/ro-array-core-combining/'s own pre-layout record by name.
|*
|* Topology, post-layout side (prefix p): xarr is ONE flat-extracted cell --
|* design/xschem/ro_array_core.sch's own hierarchy, already wired, sourced
|* from layout/pex-array/ro_array_core_pex.spice via
|* layout/bin/pex-netlist.py (shared, unmodified, with
|* layout/pex/pex.json's and layout/pex-ring/pex.json's own leaf/ring
|* descriptors). t1/t2 (the XOR tree's own inter-stage nets) are internal to
|* the wrapper subckt at the SAME literal names design/ro_array_core.spice's
|* own .subckt ro_array_core uses internally, so they are reachable exactly
|* the way sim/ro-array-core-combining/'s own testbench reaches them
|* (`v(xarr.t1)`, one level of hierarchy) -- confirmed by this deck's own
|* first successful run, not assumed.
|*
|* Topology, pre-layout side (no prefix, matching
|* sim/ro-array-core-combining/'s own testbench net names exactly): xctl is
|* the identical topology from design/ro_array_core.spice's parameterized
|* .subckt ro_array_core, same-deck same-corner control.
|*
|* The substrate tie. layout/pex-array/ro_array_core_pex.spice declares the
|* extractor's substrate return node `vsubs` .global (klayout-tools#1503,
|* same as every other post-layout deck in this repo). This deck ties it
|* HARD to 0, the same physically-motivated choice
|* sim/post-layout-ro-ring5-assembled/ and sim/post-layout-ro-ring5/ both
|* use -- every composed cell's own psub guard ring is tied to vss, and vss
|* is 0 here. Inter-ring coupling through a floating substrate is a
|* different, separately-bracketed question (spec/decision-records/DR-0005)
|* and is not re-litigated by this deck's own hard tie.
|*
|* PVT: the same four (temp, supply) points
|* sim/post-layout-ro-ring5-assembled/ uses, each bundling the tt/ss/ff
|* process axis:
|*   -40 degC / 1.62 V   the measured entropy-binding corner (ss)
|*    27 degC / 1.80 V   nominal
|*   125 degC / 1.98 V   the worst five-stage ring swing in #10's grid
|*   -40 degC / 1.98 V   the fastest ring measured anywhere in that grid
|*
|* Window. Post-layout parasitics measurably slow the array (every prior
|* post-layout ring record in this repo reports 1.4x-2.4x slowdown over
|* pre-layout, and the array adds inter-ring wiring + XOR-tree loading on
|* top), so this deck's tstop is 4x sim/ro-array-core-combining/'s own 200n
|* -- 800n -- with the same 5 ns enable-release point and the same
|* 10-period ring / 48-edge combining-node estimators (rise=3..13 for
|* periods, rise=2..50 at the combining nodes), now measured from a 700 ns
|* window (100 ns to 800 ns) rather than that deck's 60-200 ns, to keep the
|* same edge counts reachable at the slowest corner. Confirmed sufficient by
|* this deck's own first run at every corner (every meas below resolved,
|* not "no value found"), not assumed from the pre-layout deck's own margin.
|*
|* This file is a TEMPLATE: sim/bin/corner-run.py substitutes /Users/rwalters/.volare/volare/sky130/versions/c6d73a35f524070e85faff4a6a9eef49553ebc2b/sky130A/libs.tech/combined/sky130.lib.spice,
|* ss, /Users/rwalters/GitHub/sky130-trng/.loom/worktrees/issue-22/design/ro_array_core.spice, /Users/rwalters/GitHub/sky130-trng/.loom/worktrees/issue-22/layout/pex-array/ro_array_core_pex.spice, 125.0, 1.98 and 5p. As
|* committed it is not a runnable deck. Invoke with
|* `--ro-ring5 design/ro_array_core.spice` and
|* `--pex-lib layout/pex-array/ro_array_core_pex.spice`.
|
|.option scale=1u
|.lib "/Users/rwalters/.volare/volare/sky130/versions/c6d73a35f524070e85faff4a6a9eef49553ebc2b/sky130A/libs.tech/combined/sky130.lib.spice" ss
|
|* pre-layout subcircuit library (ro_array_core / ro_ring5 / ro_buf / xor2)
|.include "/Users/rwalters/GitHub/sky130-trng/.loom/worktrees/issue-22/design/ro_array_core.spice"
|* post-layout ARRAY subcircuit library (ro_array_core_pex, flat-extracted
|* from the whole composed, DRC-clean and LVS-clean array GDS)
|.include "/Users/rwalters/GitHub/sky130-trng/.loom/worktrees/issue-22/layout/pex-array/ro_array_core_pex.spice"
|
|.temp 125.0
|
|* --- substrate return node: hard tie (see header) ----------------------
|Vsub vsubs 0 dc 0
|
|* --- post-layout ARRAY, one flat-extracted cell for the whole block ----
|Vddrp1 pvddr1 0 dc 1.98
|Vddrp2 pvddr2 0 dc 1.98
|Vddrp3 pvddr3 0 dc 1.98
|Vddrp4 pvddr4 0 dc 1.98
|Vddp pvdd 0 dc 1.98
|Venp1 pen1 0 PULSE(0 1.98 5n 100p 100p 1u 2u)
|Venp2 pen2 0 PULSE(0 1.98 5n 100p 100p 1u 2u)
|Venp3 pen3 0 PULSE(0 1.98 5n 100p 100p 1u 2u)
|Venp4 pen4 0 PULSE(0 1.98 5n 100p 100p 1u 2u)
|xarr pen1 pen2 pen3 pen4 pvddr1 pvddr2 pvddr3 pvddr4 pvdd 0 pxo pro1 pro2 pro3 pro4 ro_array_core_pex
|
|* --- pre-layout control, identical topology, single-call subckt --------
|Vddr1 vddr1 0 dc 1.98
|Vddr2 vddr2 0 dc 1.98
|Vddr3 vddr3 0 dc 1.98
|Vddr4 vddr4 0 dc 1.98
|Vdd vdd 0 dc 1.98
|Ven1 en1 0 PULSE(0 1.98 5n 100p 100p 1u 2u)
|Ven2 en2 0 PULSE(0 1.98 5n 100p 100p 1u 2u)
|Ven3 en3 0 PULSE(0 1.98 5n 100p 100p 1u 2u)
|Ven4 en4 0 PULSE(0 1.98 5n 100p 100p 1u 2u)
|xctl en1 en2 en3 en4 vddr1 vddr2 vddr3 vddr4 vdd 0 xo ro1 ro2 ro3 ro4 ro_array_core
|
|.ic v(pro1)=0
|.ic v(pro2)=0
|.ic v(pro3)=0
|.ic v(pro4)=0
|.ic v(ro1)=0
|.ic v(ro2)=0
|.ic v(ro3)=0
|.ic v(ro4)=0
|
|* Limit the saved transient trace set to exactly what the .meas statements
|* below need. Without this, ngspice keeps a full-resolution voltage history
|* for every node in the deck -- including every per-terminal parasitic-star
|* leg node the flat ARRAY extraction introduces (132 devices' worth, an
|* order of magnitude more than one ring alone) -- and
|* sim/post-layout-ro-ring5-assembled/'s own header records this exhausting
|* process memory outright at the ff corner's shorter timesteps. None of
|* those internal leg voltages are read by any .meas below.
|.save v(pro1) v(pro2) v(pro3) v(pro4) v(pxo) v(xarr.t1)
|.save v(ro1) v(ro2) v(ro3) v(ro4) v(xo) v(xctl.t1)
|.save i(Vddrp1) i(Vddrp2) i(Vddrp3) i(Vddrp4) i(Vddp)
|.save i(Vddr1) i(Vddr2) i(Vddr3) i(Vddr4) i(Vdd)
|
|.tran 5p 800n uic
|
|.control
|run
|
|* --- post-layout ARRAY: per-ring periods, 10 whole periods each, first
|* two rising edges discarded as start-up ------------------------------
|meas tran pt1a when v(pro1)=0.5*1.98 rise=3
|meas tran pt1b when v(pro1)=0.5*1.98 rise=13
|let p_tr1 = (pt1b - pt1a)/10
|meas tran pt2a when v(pro2)=0.5*1.98 rise=3
|meas tran pt2b when v(pro2)=0.5*1.98 rise=13
|let p_tr2 = (pt2b - pt2a)/10
|meas tran pt3a when v(pro3)=0.5*1.98 rise=3
|meas tran pt3b when v(pro3)=0.5*1.98 rise=13
|let p_tr3 = (pt3b - pt3a)/10
|meas tran pt4a when v(pro4)=0.5*1.98 rise=3
|meas tran pt4b when v(pro4)=0.5*1.98 rise=13
|let p_tr4 = (pt4b - pt4a)/10
|let p_f_ideal2 = 1/p_tr1 + 1/p_tr2
|let p_f_ideal = 1/p_tr1 + 1/p_tr2 + 1/p_tr3 + 1/p_tr4
|let p_skew_span = p_tr1/p_tr4
|
|* --- post-layout ARRAY combining node: swing and realized edge rate ---
|meas tran pvxo_max MAX v(pxo) from=100n to=800n
|meas tran pvxo_min MIN v(pxo) from=100n to=800n
|let p_swing_frac_xo = (pvxo_max - pvxo_min) / 1.98
|meas tran ptxo_a when v(pxo)=0.5*1.98 rise=2
|meas tran ptxo_b when v(pxo)=0.5*1.98 rise=50
|let p_f_xo = 48/(ptxo_b - ptxo_a)
|let p_edge_retention = p_f_xo / p_f_ideal
|meas tran ptt1a when v(xarr.t1)=0.5*1.98 rise=2
|meas tran ptt1b when v(xarr.t1)=0.5*1.98 rise=50
|let p_f_t1 = 48/(ptt1b - ptt1a)
|let p_retention_n2 = p_f_t1 / p_f_ideal2
|let p_retention_n4 = p_edge_retention
|
|* --- post-layout ARRAY value fidelity + supply current -----------------
|meas tran pvxo_avg AVG v(pxo) from=100n to=800n
|meas tran pvt1_avg AVG v(xarr.t1) from=100n to=800n
|let p_bias_xo = pvxo_avg / 1.98
|let p_bias_t1 = pvt1_avg / 1.98
|meas tran pi1 AVG i(Vddrp1) from=100n to=800n
|meas tran pi2 AVG i(Vddrp2) from=100n to=800n
|meas tran pi3 AVG i(Vddrp3) from=100n to=800n
|meas tran pi4 AVG i(Vddrp4) from=100n to=800n
|meas tran pib AVG i(Vddp) from=100n to=800n
|let p_i_rings = -(pi1 + pi2 + pi3 + pi4)
|let p_i_block = -pib
|let p_i_array_total = p_i_rings + p_i_block
|let p_p_array_total = p_i_array_total * 1.98
|
|* --- pre-layout CONTROL: identical estimators, identical node names as
|* sim/ro-array-core-combining/'s own testbench ---------------------------
|meas tran t1a when v(ro1)=0.5*1.98 rise=3
|meas tran t1b when v(ro1)=0.5*1.98 rise=13
|let tr1 = (t1b - t1a)/10
|meas tran t2a when v(ro2)=0.5*1.98 rise=3
|meas tran t2b when v(ro2)=0.5*1.98 rise=13
|let tr2 = (t2b - t2a)/10
|meas tran t3a when v(ro3)=0.5*1.98 rise=3
|meas tran t3b when v(ro3)=0.5*1.98 rise=13
|let tr3 = (t3b - t3a)/10
|meas tran t4a when v(ro4)=0.5*1.98 rise=3
|meas tran t4b when v(ro4)=0.5*1.98 rise=13
|let tr4 = (t4b - t4a)/10
|let f_ideal2 = 1/tr1 + 1/tr2
|let f_ideal = 1/tr1 + 1/tr2 + 1/tr3 + 1/tr4
|let skew_span = tr1/tr4
|
|meas tran vxo_max MAX v(xo) from=100n to=800n
|meas tran vxo_min MIN v(xo) from=100n to=800n
|let swing_frac_xo = (vxo_max - vxo_min) / 1.98
|meas tran txo_a when v(xo)=0.5*1.98 rise=2
|meas tran txo_b when v(xo)=0.5*1.98 rise=50
|let f_xo = 48/(txo_b - txo_a)
|let edge_retention = f_xo / f_ideal
|meas tran tt1a when v(xctl.t1)=0.5*1.98 rise=2
|meas tran tt1b when v(xctl.t1)=0.5*1.98 rise=50
|let f_t1 = 48/(tt1b - tt1a)
|let retention_n2 = f_t1 / f_ideal2
|let retention_n4 = edge_retention
|
|meas tran vxo_avg AVG v(xo) from=100n to=800n
|meas tran vt1_avg AVG v(xctl.t1) from=100n to=800n
|let bias_xo = vxo_avg / 1.98
|let bias_t1 = vt1_avg / 1.98
|meas tran i1 AVG i(Vddr1) from=100n to=800n
|meas tran i2 AVG i(Vddr2) from=100n to=800n
|meas tran i3 AVG i(Vddr3) from=100n to=800n
|meas tran i4 AVG i(Vddr4) from=100n to=800n
|meas tran ib AVG i(Vdd) from=100n to=800n
|let i_rings = -(i1 + i2 + i3 + i4)
|let i_block = -ib
|let i_array_total = i_rings + i_block
|let p_array_total_pre = i_array_total * 1.98
|
|* --- headline ratios: same block, same corner, real inter-ring wiring
|* (plus real intra-cell parasitics) vs. pre-layout (no interconnect,
|* ideal devices only) ----------------------------------------------------
|let slowdown_r1 = p_tr1 / tr1
|let slowdown_r2 = p_tr2 / tr2
|let slowdown_r3 = p_tr3 / tr3
|let slowdown_r4 = p_tr4 / tr4
|
|print p_tr1
|print p_tr2
|print p_tr3
|print p_tr4
|print p_skew_span
|print p_f_ideal
|print p_f_xo
|print p_edge_retention
|print p_retention_n2
|print p_retention_n4
|print p_bias_t1
|print p_bias_xo
|print p_swing_frac_xo
|print p_i_rings
|print p_i_block
|print p_i_array_total
|print p_p_array_total
|print tr1
|print tr2
|print tr3
|print tr4
|print skew_span
|print f_ideal
|print f_xo
|print edge_retention
|print retention_n2
|print retention_n4
|print bias_t1
|print bias_xo
|print swing_frac_xo
|print i_rings
|print i_block
|print i_array_total
|print p_array_total_pre
|print slowdown_r1
|print slowdown_r2
|print slowdown_r3
|print slowdown_r4
|.endc
|.end
|

----- stdout -----

Note: Compatibility modes selected: hs a


Circuit: * post-layout ro_array_core: the whole entropy source (four non-identical

option SCALE: Scale is set to 1e-06 for instance and model parameters
option SCALE: Scale is set to 1e-06 for instance and model parameters
option SCALE: Scale is set to 1e-06 for instance and model parameters
option SCALE: Scale is set to 1e-06 for instance and model parameters
option SCALE: Scale is set to 1e-06 for instance and model parameters
Doing analysis at TEMP = 125.000000 and TNOM = 27.000000

Using SPARSE 1.3 as Direct Linear Solver
Operating point simulation skipped by 'uic',
  now using transient initial conditions.
 Reference value :  5.00000e-14
 Reference value :  5.46183e-10
 Reference value :  1.32118e-09
 Reference value :  2.12118e-09
 Reference value :  2.92618e-09
 Reference value :  3.70118e-09
 Reference value :  4.43618e-09
 Reference value :  5.11250e-09
 Reference value :  5.83250e-09
 Reference value :  6.56250e-09
 Reference value :  7.26250e-09
 Reference value :  8.13250e-09
 Reference value :  8.82250e-09
 Reference value :  9.52250e-09
 Reference value :  1.01825e-08
 Reference value :  1.09175e-08
 Reference value :  1.15375e-08
 Reference value :  1.22075e-08
 Reference value :  1.29125e-08
 Reference value :  1.36275e-08
 Reference value :  1.42975e-08
 Reference value :  1.49225e-08
 Reference value :  1.54825e-08
 Reference value :  1.60575e-08
 Reference value :  1.66225e-08
 Reference value :  1.72125e-08
 Reference value :  1.78875e-08
 Reference value :  1.84075e-08
 Reference value :  1.89425e-08
 Reference value :  1.94625e-08
 Reference value :  2.00325e-08
 Reference value :  2.06725e-08
 Reference value :  2.12475e-08
 Reference value :  2.18075e-08
 Reference value :  2.24475e-08
 Reference value :  2.31525e-08
 Reference value :  2.38225e-08
 Reference value :  2.43725e-08
 Reference value :  2.49825e-08
 Reference value :  2.56925e-08
 Reference value :  2.64275e-08
 Reference value :  2.71425e-08
 Reference value :  2.78075e-08
 Reference value :  2.84475e-08
 Reference value :  2.91325e-08
 Reference value :  2.96475e-08
 Reference value :  3.02475e-08
 Reference value :  3.07825e-08
 Reference value :  3.14475e-08
 Reference value :  3.20225e-08
 Reference value :  3.26725e-08
 Reference value :  3.33025e-08
 Reference value :  3.40975e-08
 Reference value :  3.47325e-08
 Reference value :  3.53775e-08
 Reference value :  3.60025e-08
 Reference value :  3.66425e-08
 Reference value :  3.72775e-08
 Reference value :  3.78875e-08
 Reference value :  3.85575e-08
 Reference value :  3.92675e-08
 Reference value :  3.97975e-08
 Reference value :  4.03625e-08
 Reference value :  4.09375e-08
 Reference value :  4.15875e-08
 Reference value :  4.22225e-08
 Reference value :  4.28275e-08
 Reference value :  4.35025e-08
 Reference value :  4.41925e-08
 Reference value :  4.48375e-08
 Reference value :  4.54725e-08
 Reference value :  4.60825e-08
 Reference value :  4.66775e-08
 Reference value :  4.72425e-08
 Reference value :  4.77725e-08
 Reference value :  4.83275e-08
 Reference value :  4.88725e-08
 Reference value :  4.94375e-08
 Reference value :  5.00075e-08
 Reference value :  5.05525e-08
 Reference value :  5.10775e-08
 Reference value :  5.16525e-08
 Reference value :  5.22225e-08
 Reference value :  5.27375e-08
 Reference value :  5.32725e-08
 Reference value :  5.38225e-08
 Reference value :  5.43425e-08
 Reference value :  5.48825e-08
 Reference value :  5.54125e-08
 Reference value :  5.59025e-08
 Reference value :  5.65025e-08
 Reference value :  5.69775e-08
 Reference value :  5.74925e-08
 Reference value :  5.80775e-08
 Reference value :  5.86575e-08
 Reference value :  5.93275e-08
 Reference value :  5.98875e-08
 Reference value :  6.05175e-08
 Reference value :  6.11175e-08
 Reference value :  6.17575e-08
 Reference value :  6.23525e-08
 Reference value :  6.28575e-08
 Reference value :  6.34025e-08
 Reference value :  6.39525e-08
 Reference value :  6.46025e-08
 Reference value :  6.52075e-08
 Reference value :  6.57325e-08
 Reference value :  6.62525e-08
 Reference value :  6.68125e-08
 Reference value :  6.74975e-08
 Reference value :  6.81225e-08
 Reference value :  6.86775e-08
 Reference value :  6.91575e-08
 Reference value :  6.97125e-08
 Reference value :  7.02775e-08
 Reference value :  7.08525e-08
 Reference value :  7.14075e-08
 Reference value :  7.20225e-08
 Reference value :  7.26025e-08
 Reference value :  7.31725e-08
 Reference value :  7.37525e-08
 Reference value :  7.42425e-08
 Reference value :  7.47875e-08
 Reference value :  7.53425e-08
 Reference value :  7.59075e-08
 Reference value :  7.64525e-08
 Reference value :  7.70575e-08
 Reference value :  7.76475e-08
 Reference value :  7.81675e-08
 Reference value :  7.86975e-08
 Reference value :  7.92525e-08
 Reference value :  7.98775e-08
 Reference value :  8.04375e-08
 Reference value :  8.10075e-08
 Reference value :  8.15675e-08
 Reference value :  8.21225e-08
 Reference value :  8.26775e-08
 Reference value :  8.32125e-08
 Reference value :  8.38375e-08
 Reference value :  8.43675e-08
 Reference value :  8.50175e-08
 Reference value :  8.56275e-08
 Reference value :  8.61725e-08
 Reference value :  8.66675e-08
 Reference value :  8.72275e-08
 Reference value :  8.77625e-08
 Reference value :  8.83725e-08
 Reference value :  8.89175e-08
 Reference value :  8.94525e-08
 Reference value :  9.00175e-08
 Reference value :  9.05725e-08
 Reference value :  9.11425e-08
 Reference value :  9.17125e-08
 Reference value :  9.22925e-08
 Reference value :  9.28275e-08
 Reference value :  9.33975e-08
 Reference value :  9.38925e-08
 Reference value :  9.44625e-08
 Reference value :  9.50075e-08
 Reference value :  9.55025e-08
 Reference value :  9.60075e-08
 Reference value :  9.64825e-08
 Reference value :  9.70625e-08
 Reference value :  9.76875e-08
 Reference value :  9.82625e-08
 Reference value :  9.87475e-08
 Reference value :  9.92975e-08
 Reference value :  9.98525e-08
 Reference value :  1.00458e-07
 Reference value :  1.01038e-07
 Reference value :  1.01528e-07
 Reference value :  1.02003e-07
 Reference value :  1.02578e-07
 Reference value :  1.03233e-07
 Reference value :  1.03803e-07
 Reference value :  1.04273e-07
 Reference value :  1.04753e-07
 Reference value :  1.05303e-07
 Reference value :  1.05918e-07
 Reference value :  1.06473e-07
 Reference value :  1.07093e-07
 Reference value :  1.07623e-07
 Reference value :  1.08138e-07
 Reference value :  1.08763e-07
 Reference value :  1.09303e-07
 Reference value :  1.09883e-07
 Reference value :  1.10433e-07
 Reference value :  1.11003e-07
 Reference value :  1.11513e-07
 Reference value :  1.12033e-07
 Reference value :  1.12588e-07
 Reference value :  1.13138e-07
 Reference value :  1.13678e-07
 Reference value :  1.14198e-07
 Reference value :  1.14723e-07
 Reference value :  1.15268e-07
 Reference value :  1.15838e-07
 Reference value :  1.16418e-07
 Reference value :  1.17018e-07
 Reference value :  1.17593e-07
 Reference value :  1.18233e-07
 Reference value :  1.18793e-07
 Reference value :  1.19343e-07
 Reference value :  1.19928e-07
 Reference value :  1.20448e-07
 Reference value :  1.20993e-07
 Reference value :  1.21553e-07
 Reference value :  1.22073e-07
 Reference value :  1.22648e-07
 Reference value :  1.23183e-07
 Reference value :  1.23823e-07
 Reference value :  1.24463e-07
 Reference value :  1.25288e-07
 Reference value :  1.25913e-07
 Reference value :  1.26478e-07
 Reference value :  1.27023e-07
 Reference value :  1.27623e-07
 Reference value :  1.28323e-07
 Reference value :  1.28893e-07
 Reference value :  1.29438e-07
 Reference value :  1.29953e-07
 Reference value :  1.30498e-07
 Reference value :  1.31203e-07
 Reference value :  1.31768e-07
 Reference value :  1.32238e-07
 Reference value :  1.32753e-07
 Reference value :  1.33313e-07
 Reference value :  1.33908e-07
 Reference value :  1.34418e-07
 Reference value :  1.34918e-07
 Reference value :  1.35453e-07
 Reference value :  1.36083e-07
 Reference value :  1.36728e-07
 Reference value :  1.37283e-07
 Reference value :  1.37783e-07
 Reference value :  1.38363e-07
 Reference value :  1.39013e-07
 Reference value :  1.39603e-07
 Reference value :  1.40113e-07
 Reference value :  1.40608e-07
 Reference value :  1.41188e-07
 Reference value :  1.41813e-07
 Reference value :  1.42323e-07
 Reference value :  1.42838e-07
 Reference value :  1.43313e-07
 Reference value :  1.43823e-07
 Reference value :  1.44433e-07
 Reference value :  1.45008e-07
 Reference value :  1.45598e-07
 Reference value :  1.46108e-07
 Reference value :  1.46608e-07
 Reference value :  1.47203e-07
 Reference value :  1.47718e-07
 Reference value :  1.48258e-07
 Reference value :  1.48813e-07
 Reference value :  1.49408e-07
 Reference value :  1.49918e-07
 Reference value :  1.50498e-07
 Reference value :  1.51053e-07
 Reference value :  1.51658e-07
 Reference value :  1.52188e-07
 Reference value :  1.52753e-07
 Reference value :  1.53293e-07
 Reference value :  1.53858e-07
 Reference value :  1.54468e-07
 Reference value :  1.55053e-07
 Reference value :  1.55638e-07
 Reference value :  1.56223e-07
 Reference value :  1.56928e-07
 Reference value :  1.57528e-07
 Reference value :  1.58058e-07
 Reference value :  1.58603e-07
 Reference value :  1.59143e-07
 Reference value :  1.59778e-07
 Reference value :  1.60308e-07
 Reference value :  1.60838e-07
 Reference value :  1.61353e-07
 Reference value :  1.61923e-07
 Reference value :  1.62548e-07
 Reference value :  1.63118e-07
 Reference value :  1.63673e-07
 Reference value :  1.64278e-07
 Reference value :  1.64963e-07
 Reference value :  1.65908e-07
 Reference value :  1.66813e-07
 Reference value :  1.67668e-07
 Reference value :  1.68528e-07
 Reference value :  1.69358e-07
 Reference value :  1.70273e-07
 Reference value :  1.71203e-07
 Reference value :  1.72288e-07
 Reference value :  1.73168e-07
 Reference value :  1.74128e-07
 Reference value :  1.75148e-07
 Reference value :  1.76028e-07
 Reference value :  1.76958e-07
 Reference value :  1.77988e-07
 Reference value :  1.78848e-07
 Reference value :  1.79718e-07
 Reference value :  1.80788e-07
 Reference value :  1.81708e-07
 Reference value :  1.82573e-07
 Reference value :  1.83538e-07
 Reference value :  1.84498e-07
 Reference value :  1.85373e-07
 Reference value :  1.86363e-07
 Reference value :  1.87218e-07
 Reference value :  1.88138e-07
 Reference value :  1.88968e-07
 Reference value :  1.89798e-07
 Reference value :  1.90843e-07
 Reference value :  1.91913e-07
 Reference value :  1.92998e-07
 Reference value :  1.93903e-07
 Reference value :  1.94803e-07
 Reference value :  1.95873e-07
 Reference value :  1.96878e-07
 Reference value :  1.97733e-07
 Reference value :  1.98633e-07
 Reference value :  1.99593e-07
 Reference value :  2.00458e-07
 Reference value :  2.01423e-07
 Reference value :  2.02363e-07
 Reference value :  2.03143e-07
 Reference value :  2.03938e-07
 Reference value :  2.04933e-07
 Reference value :  2.05723e-07
 Reference value :  2.06383e-07
 Reference value :  2.07078e-07
 Reference value :  2.08133e-07
 Reference value :  2.09058e-07
 Reference value :  2.09718e-07
 Reference value :  2.10323e-07
 Reference value :  2.10973e-07
 Reference value :  2.11498e-07
 Reference value :  2.11978e-07
 Reference value :  2.12473e-07
 Reference value :  2.12993e-07
 Reference value :  2.13603e-07
 Reference value :  2.14178e-07
 Reference value :  2.14718e-07
 Reference value :  2.15253e-07
 Reference value :  2.15948e-07
 Reference value :  2.16698e-07
 Reference value :  2.17233e-07
 Reference value :  2.17663e-07
 Reference value :  2.18148e-07
 Reference value :  2.18878e-07
 Reference value :  2.19473e-07
 Reference value :  2.20053e-07
 Reference value :  2.20568e-07
 Reference value :  2.21053e-07
 Reference value :  2.21613e-07
 Reference value :  2.22158e-07
 Reference value :  2.22698e-07
 Reference value :  2.23218e-07
 Reference value :  2.23663e-07
 Reference value :  2.24188e-07
 Reference value :  2.24743e-07
 Reference value :  2.25323e-07
 Reference value :  2.25883e-07
 Reference value :  2.26368e-07
 Reference value :  2.26868e-07
 Reference value :  2.27458e-07
 Reference value :  2.27988e-07
 Reference value :  2.28628e-07
 Reference value :  2.29123e-07
 Reference value :  2.29633e-07
 Reference value :  2.30168e-07
 Reference value :  2.30783e-07
 Reference value :  2.31393e-07
 Reference value :  2.31978e-07
 Reference value :  2.32483e-07
 Reference value :  2.33073e-07
 Reference value :  2.33633e-07
 Reference value :  2.34223e-07
 Reference value :  2.34763e-07
 Reference value :  2.35283e-07
 Reference value :  2.35813e-07
 Reference value :  2.36388e-07
 Reference value :  2.37053e-07
 Reference value :  2.37653e-07
 Reference value :  2.38158e-07
 Reference value :  2.38658e-07
 Reference value :  2.39153e-07
 Reference value :  2.39683e-07
 Reference value :  2.40208e-07
 Reference value :  2.40783e-07
 Reference value :  2.41403e-07
 Reference value :  2.41998e-07
 Reference value :  2.42553e-07
 Reference value :  2.43008e-07
 Reference value :  2.43538e-07
 Reference value :  2.44133e-07
 Reference value :  2.44718e-07
 Reference value :  2.45213e-07
 Reference value :  2.45713e-07
 Reference value :  2.46338e-07
 Reference value :  2.46933e-07
 Reference value :  2.47618e-07
 Reference value :  2.48288e-07
 Reference value :  2.48873e-07
 Reference value :  2.49533e-07
 Reference value :  2.50073e-07
 Reference value :  2.50668e-07
 Reference value :  2.51218e-07
 Reference value :  2.52003e-07
 Reference value :  2.52573e-07
 Reference value :  2.53058e-07
 Reference value :  2.53553e-07
 Reference value :  2.54053e-07
 Reference value :  2.54583e-07
 Reference value :  2.55183e-07
 Reference value :  2.55653e-07
 Reference value :  2.56168e-07
 Reference value :  2.56643e-07
 Reference value :  2.57163e-07
 Reference value :  2.57758e-07
 Reference value :  2.58233e-07
 Reference value :  2.58773e-07
 Reference value :  2.59218e-07
 Reference value :  2.59738e-07
 Reference value :  2.60323e-07
 Reference value :  2.60893e-07
 Reference value :  2.61393e-07
 Reference value :  2.61868e-07
 Reference value :  2.62348e-07
 Reference value :  2.62888e-07
 Reference value :  2.63478e-07
 Reference value :  2.63983e-07
 Reference value :  2.64593e-07
 Reference value :  2.65118e-07
 Reference value :  2.65753e-07
 Reference value :  2.66483e-07
 Reference value :  2.67148e-07
 Reference value :  2.67728e-07
 Reference value :  2.68328e-07
 Reference value :  2.68868e-07
 Reference value :  2.69473e-07
 Reference value :  2.70083e-07
 Reference value :  2.70663e-07
 Reference value :  2.71183e-07
 Reference value :  2.71708e-07
 Reference value :  2.72178e-07
 Reference value :  2.72658e-07
 Reference value :  2.73173e-07
 Reference value :  2.73658e-07
 Reference value :  2.74163e-07
 Reference value :  2.74648e-07
 Reference value :  2.75148e-07
 Reference value :  2.75678e-07
 Reference value :  2.76138e-07
 Reference value :  2.76633e-07
 Reference value :  2.77313e-07
 Reference value :  2.77858e-07
 Reference value :  2.78323e-07
 Reference value :  2.78788e-07
 Reference value :  2.79398e-07
 Reference value :  2.79953e-07
 Reference value :  2.80528e-07
 Reference value :  2.81148e-07
 Reference value :  2.81833e-07
 Reference value :  2.82443e-07
 Reference value :  2.83098e-07
 Reference value :  2.83628e-07
 Reference value :  2.84268e-07
 Reference value :  2.84913e-07
 Reference value :  2.85547e-07
 Reference value :  2.86082e-07
 Reference value :  2.86622e-07
 Reference value :  2.87122e-07
 Reference value :  2.87697e-07
 Reference value :  2.88377e-07
 Reference value :  2.88872e-07
 Reference value :  2.89367e-07
 Reference value :  2.89877e-07
 Reference value :  2.90372e-07
 Reference value :  2.90902e-07
 Reference value :  2.91442e-07
 Reference value :  2.92092e-07
 Reference value :  2.92577e-07
 Reference value :  2.93142e-07
 Reference value :  2.93742e-07
 Reference value :  2.94247e-07
 Reference value :  2.94677e-07
 Reference value :  2.95172e-07
 Reference value :  2.95652e-07
 Reference value :  2.96232e-07
 Reference value :  2.96787e-07
 Reference value :  2.97322e-07
 Reference value :  2.97842e-07
 Reference value :  2.98202e-07
 Reference value :  2.98752e-07
 Reference value :  2.99342e-07
 Reference value :  2.99847e-07
 Reference value :  3.00382e-07
 Reference value :  3.00947e-07
 Reference value :  3.01492e-07
 Reference value :  3.01937e-07
 Reference value :  3.02452e-07
 Reference value :  3.03047e-07
 Reference value :  3.03582e-07
 Reference value :  3.04117e-07
 Reference value :  3.04587e-07
 Reference value :  3.05122e-07
 Reference value :  3.05747e-07
 Reference value :  3.06287e-07
 Reference value :  3.06797e-07
 Reference value :  3.07292e-07
 Reference value :  3.07787e-07
 Reference value :  3.08402e-07
 Reference value :  3.08957e-07
 Reference value :  3.09372e-07
 Reference value :  3.09842e-07
 Reference value :  3.10317e-07
 Reference value :  3.10907e-07
 Reference value :  3.11517e-07
 Reference value :  3.12007e-07
 Reference value :  3.12502e-07
 Reference value :  3.13007e-07
 Reference value :  3.13437e-07
 Reference value :  3.13992e-07
 Reference value :  3.14532e-07
 Reference value :  3.15052e-07
 Reference value :  3.15557e-07
 Reference value :  3.15957e-07
 Reference value :  3.16437e-07
 Reference value :  3.17022e-07
 Reference value :  3.17547e-07
 Reference value :  3.18062e-07
 Reference value :  3.18677e-07
 Reference value :  3.19257e-07
 Reference value :  3.19792e-07
 Reference value :  3.20237e-07
 Reference value :  3.20727e-07
 Reference value :  3.21217e-07
 Reference value :  3.21732e-07
 Reference value :  3.22217e-07
 Reference value :  3.22617e-07
 Reference value :  3.23152e-07
 Reference value :  3.23772e-07
 Reference value :  3.24322e-07
 Reference value :  3.24812e-07
 Reference value :  3.25192e-07
 Reference value :  3.25637e-07
 Reference value :  3.26112e-07
 Reference value :  3.26682e-07
 Reference value :  3.27207e-07
 Reference value :  3.27687e-07
 Reference value :  3.28192e-07
 Reference value :  3.28722e-07
 Reference value :  3.29317e-07
 Reference value :  3.29837e-07
 Reference value :  3.30342e-07
 Reference value :  3.30847e-07
 Reference value :  3.31387e-07
 Reference value :  3.31927e-07
 Reference value :  3.32452e-07
 Reference value :  3.32947e-07
 Reference value :  3.33377e-07
 Reference value :  3.33932e-07
 Reference value :  3.34472e-07
 Reference value :  3.35057e-07
 Reference value :  3.35572e-07
 Reference value :  3.36117e-07
 Reference value :  3.36637e-07
 Reference value :  3.37227e-07
 Reference value :  3.37707e-07
 Reference value :  3.38187e-07
 Reference value :  3.38647e-07
 Reference value :  3.39122e-07
 Reference value :  3.39637e-07
 Reference value :  3.40167e-07
 Reference value :  3.40687e-07
 Reference value :  3.41187e-07
 Reference value :  3.41767e-07
 Reference value :  3.42322e-07
 Reference value :  3.42882e-07
 Reference value :  3.43372e-07
 Reference value :  3.43852e-07
 Reference value :  3.44397e-07
 Reference value :  3.44952e-07
 Reference value :  3.45577e-07
 Reference value :  3.46162e-07
 Reference value :  3.46682e-07
 Reference value :  3.47282e-07
 Reference value :  3.47857e-07
 Reference value :  3.48372e-07
 Reference value :  3.48792e-07
 Reference value :  3.49312e-07
 Reference value :  3.49797e-07
 Reference value :  3.50307e-07
 Reference value :  3.50832e-07
 Reference value :  3.51342e-07
 Reference value :  3.51907e-07
 Reference value :  3.52482e-07
 Reference value :  3.53042e-07
 Reference value :  3.53552e-07
 Reference value :  3.54072e-07
 Reference value :  3.54637e-07
 Reference value :  3.55272e-07
 Reference value :  3.55822e-07
 Reference value :  3.56312e-07
 Reference value :  3.56802e-07
 Reference value :  3.57392e-07
 Reference value :  3.57907e-07
 Reference value :  3.58417e-07
 Reference value :  3.58912e-07
 Reference value :  3.59487e-07
 Reference value :  3.60117e-07
 Reference value :  3.60662e-07
 Reference value :  3.61107e-07
 Reference value :  3.61652e-07
 Reference value :  3.62237e-07
 Reference value :  3.62822e-07
 Reference value :  3.63362e-07
 Reference value :  3.63772e-07
 Reference value :  3.64282e-07
 Reference value :  3.64842e-07
 Reference value :  3.65482e-07
 Reference value :  3.66007e-07
 Reference value :  3.66512e-07
 Reference value :  3.67032e-07
 Reference value :  3.67537e-07
 Reference value :  3.68062e-07
 Reference value :  3.68582e-07
 Reference value :  3.69122e-07
 Reference value :  3.69647e-07
 Reference value :  3.70242e-07
 Reference value :  3.70802e-07
 Reference value :  3.71297e-07
 Reference value :  3.71782e-07
 Reference value :  3.72272e-07
 Reference value :  3.72827e-07
 Reference value :  3.73362e-07
 Reference value :  3.73922e-07
 Reference value :  3.74447e-07
 Reference value :  3.74912e-07
 Reference value :  3.75367e-07
 Reference value :  3.75922e-07
 Reference value :  3.76517e-07
 Reference value :  3.77052e-07
 Reference value :  3.77612e-07
 Reference value :  3.78407e-07
 Reference value :  3.79037e-07
 Reference value :  3.79632e-07
 Reference value :  3.80272e-07
 Reference value :  3.80782e-07
 Reference value :  3.81292e-07
 Reference value :  3.81882e-07
 Reference value :  3.82462e-07
 Reference value :  3.83122e-07
 Reference value :  3.83737e-07
 Reference value :  3.84312e-07
 Reference value :  3.84887e-07
 Reference value :  3.85452e-07
 Reference value :  3.86102e-07
 Reference value :  3.86637e-07
 Reference value :  3.87177e-07
 Reference value :  3.87732e-07
 Reference value :  3.88322e-07
 Reference value :  3.88917e-07
 Reference value :  3.89487e-07
 Reference value :  3.90012e-07
 Reference value :  3.90612e-07
 Reference value :  3.91207e-07
 Reference value :  3.91787e-07
 Reference value :  3.92287e-07
 Reference value :  3.92837e-07
 Reference value :  3.93437e-07
 Reference value :  3.93982e-07
 Reference value :  3.94542e-07
 Reference value :  3.95147e-07
 Reference value :  3.95772e-07
 Reference value :  3.96447e-07
 Reference value :  3.97257e-07
 Reference value :  3.97962e-07
 Reference value :  3.98687e-07
 Reference value :  3.99317e-07
 Reference value :  3.99892e-07
 Reference value :  4.00542e-07
 Reference value :  4.01172e-07
 Reference value :  4.01762e-07
 Reference value :  4.02312e-07
 Reference value :  4.02897e-07
 Reference value :  4.03627e-07
 Reference value :  4.04292e-07
 Reference value :  4.04842e-07
 Reference value :  4.05427e-07
 Reference value :  4.05952e-07
 Reference value :  4.06502e-07
 Reference value :  4.07062e-07
 Reference value :  4.07587e-07
 Reference value :  4.08187e-07
 Reference value :  4.08742e-07
 Reference value :  4.09362e-07
 Reference value :  4.09982e-07
 Reference value :  4.10497e-07
 Reference value :  4.11137e-07
 Reference value :  4.11752e-07
 Reference value :  4.12482e-07
 Reference value :  4.13102e-07
 Reference value :  4.13627e-07
 Reference value :  4.14327e-07
 Reference value :  4.15057e-07
 Reference value :  4.15647e-07
 Reference value :  4.16252e-07
 Reference value :  4.16762e-07
 Reference value :  4.17367e-07
 Reference value :  4.17992e-07
 Reference value :  4.18642e-07
 Reference value :  4.19227e-07
 Reference value :  4.19722e-07
 Reference value :  4.20262e-07
 Reference value :  4.20802e-07
 Reference value :  4.21402e-07
 Reference value :  4.22067e-07
 Reference value :  4.22707e-07
 Reference value :  4.23307e-07
 Reference value :  4.23867e-07
 Reference value :  4.24472e-07
 Reference value :  4.25072e-07
 Reference value :  4.25642e-07
 Reference value :  4.26162e-07
 Reference value :  4.26782e-07
 Reference value :  4.27337e-07
 Reference value :  4.27932e-07
 Reference value :  4.28527e-07
 Reference value :  4.29137e-07
 Reference value :  4.29812e-07
 Reference value :  4.30397e-07
 Reference value :  4.30977e-07
 Reference value :  4.31557e-07
 Reference value :  4.32152e-07
 Reference value :  4.32687e-07
 Reference value :  4.33202e-07
 Reference value :  4.33812e-07
 Reference value :  4.34487e-07
 Reference value :  4.35112e-07
 Reference value :  4.35687e-07
 Reference value :  4.36322e-07
 Reference value :  4.36927e-07
 Reference value :  4.37602e-07
 Reference value :  4.38157e-07
 Reference value :  4.38722e-07
 Reference value :  4.39317e-07
 Reference value :  4.39937e-07
 Reference value :  4.40532e-07
 Reference value :  4.41012e-07
 Reference value :  4.41587e-07
 Reference value :  4.42182e-07
 Reference value :  4.42812e-07
 Reference value :  4.43342e-07
 Reference value :  4.43957e-07
 Reference value :  4.44542e-07
 Reference value :  4.45142e-07
 Reference value :  4.45712e-07
 Reference value :  4.46247e-07
 Reference value :  4.46857e-07
 Reference value :  4.47462e-07
 Reference value :  4.48087e-07
 Reference value :  4.48682e-07
 Reference value :  4.49217e-07
 Reference value :  4.49797e-07
 Reference value :  4.50402e-07
 Reference value :  4.51017e-07
 Reference value :  4.51582e-07
 Reference value :  4.52202e-07
 Reference value :  4.53102e-07
 Reference value :  4.53752e-07
 Reference value :  4.54357e-07
 Reference value :  4.54957e-07
 Reference value :  4.55457e-07
 Reference value :  4.56042e-07
 Reference value :  4.56672e-07
 Reference value :  4.57272e-07
 Reference value :  4.57847e-07
 Reference value :  4.58467e-07
 Reference value :  4.59077e-07
 Reference value :  4.59632e-07
 Reference value :  4.60302e-07
 Reference value :  4.60952e-07
 Reference value :  4.61547e-07
 Reference value :  4.62072e-07
 Reference value :  4.62672e-07
 Reference value :  4.63327e-07
 Reference value :  4.63867e-07
 Reference value :  4.64427e-07
 Reference value :  4.65017e-07
 Reference value :  4.65602e-07
 Reference value :  4.66182e-07
 Reference value :  4.66702e-07
 Reference value :  4.67217e-07
 Reference value :  4.67827e-07
 Reference value :  4.68447e-07
 Reference value :  4.69002e-07
 Reference value :  4.69517e-07
 Reference value :  4.70112e-07
 Reference value :  4.70752e-07
 Reference value :  4.71667e-07
 Reference value :  4.72302e-07
 Reference value :  4.72912e-07
 Reference value :  4.73542e-07
 Reference value :  4.74097e-07
 Reference value :  4.74637e-07
 Reference value :  4.75262e-07
 Reference value :  4.75992e-07
 Reference value :  4.76637e-07
 Reference value :  4.77212e-07
 Reference value :  4.77842e-07
 Reference value :  4.78497e-07
 Reference value :  4.79122e-07
 Reference value :  4.79732e-07
 Reference value :  4.80347e-07
 Reference value :  4.80927e-07
 Reference value :  4.81552e-07
 Reference value :  4.82122e-07
 Reference value :  4.82707e-07
 Reference value :  4.83312e-07
 Reference value :  4.83942e-07
 Reference value :  4.84547e-07
 Reference value :  4.85142e-07
 Reference value :  4.85757e-07
 Reference value :  4.86377e-07
 Reference value :  4.86987e-07
 Reference value :  4.87497e-07
 Reference value :  4.88007e-07
 Reference value :  4.88587e-07
 Reference value :  4.89137e-07
 Reference value :  4.89737e-07
 Reference value :  4.90332e-07
 Reference value :  4.90967e-07
 Reference value :  4.91597e-07
 Reference value :  4.92242e-07
 Reference value :  4.92932e-07
 Reference value :  4.93547e-07
 Reference value :  4.94077e-07
 Reference value :  4.94687e-07
 Reference value :  4.95357e-07
 Reference value :  4.95987e-07
 Reference value :  4.96577e-07
 Reference value :  4.97117e-07
 Reference value :  4.97732e-07
 Reference value :  4.98327e-07
 Reference value :  4.98982e-07
 Reference value :  4.99602e-07
 Reference value :  5.00182e-07
 Reference value :  5.00737e-07
 Reference value :  5.01322e-07
 Reference value :  5.01962e-07
 Reference value :  5.02477e-07
 Reference value :  5.03022e-07
 Reference value :  5.03602e-07
 Reference value :  5.04192e-07
 Reference value :  5.04757e-07
 Reference value :  5.05262e-07
 Reference value :  5.05862e-07
 Reference value :  5.06507e-07
 Reference value :  5.07137e-07
 Reference value :  5.07722e-07
 Reference value :  5.08327e-07
 Reference value :  5.08977e-07
 Reference value :  5.09647e-07
 Reference value :  5.10232e-07
 Reference value :  5.10857e-07
 Reference value :  5.11462e-07
 Reference value :  5.12077e-07
 Reference value :  5.12622e-07
 Reference value :  5.13182e-07
 Reference value :  5.13827e-07
 Reference value :  5.14482e-07
 Reference value :  5.15097e-07
 Reference value :  5.15717e-07
 Reference value :  5.16312e-07
 Reference value :  5.16902e-07
 Reference value :  5.17492e-07
 Reference value :  5.18077e-07
 Reference value :  5.18647e-07
 Reference value :  5.19222e-07
 Reference value :  5.19822e-07
 Reference value :  5.20377e-07
 Reference value :  5.20977e-07
 Reference value :  5.21507e-07
 Reference value :  5.22112e-07
 Reference value :  5.22722e-07
 Reference value :  5.23287e-07
 Reference value :  5.23877e-07
 Reference value :  5.24482e-07
 Reference value :  5.25102e-07
 Reference value :  5.25687e-07
 Reference value :  5.26212e-07
 Reference value :  5.26757e-07
 Reference value :  5.27307e-07
 Reference value :  5.27887e-07
 Reference value :  5.28497e-07
 Reference value :  5.29077e-07
 Reference value :  5.29762e-07
 Reference value :  5.30372e-07
 Reference value :  5.30977e-07
 Reference value :  5.31582e-07
 Reference value :  5.32177e-07
 Reference value :  5.32677e-07
 Reference value :  5.33247e-07
 Reference value :  5.33907e-07
 Reference value :  5.34557e-07
 Reference value :  5.35237e-07
 Reference value :  5.35762e-07
 Reference value :  5.36437e-07
 Reference value :  5.37052e-07
 Reference value :  5.37787e-07
 Reference value :  5.38362e-07
 Reference value :  5.38982e-07
 Reference value :  5.39647e-07
 Reference value :  5.40292e-07
 Reference value :  5.40912e-07
 Reference value :  5.41517e-07
 Reference value :  5.42162e-07
 Reference value :  5.42797e-07
 Reference value :  5.43417e-07
 Reference value :  5.44037e-07
 Reference value :  5.44637e-07
 Reference value :  5.45257e-07
 Reference value :  5.45847e-07
 Reference value :  5.46382e-07
 Reference value :  5.47022e-07
 Reference value :  5.47697e-07
 Reference value :  5.48302e-07
 Reference value :  5.48987e-07
 Reference value :  5.49612e-07
 Reference value :  5.50252e-07
 Reference value :  5.50887e-07
 Reference value :  5.51442e-07
 Reference value :  5.52137e-07
 Reference value :  5.52862e-07
 Reference value :  5.53592e-07
 Reference value :  5.54332e-07
 Reference value :  5.54992e-07
 Reference value :  5.55687e-07
 Reference value :  5.56287e-07
 Reference value :  5.56902e-07
 Reference value :  5.57537e-07
 Reference value :  5.58162e-07
 Reference value :  5.58832e-07
 Reference value :  5.59482e-07
 Reference value :  5.60107e-07
 Reference value :  5.60777e-07
 Reference value :  5.61412e-07
 Reference value :  5.62027e-07
 Reference value :  5.62567e-07
 Reference value :  5.63107e-07
 Reference value :  5.63722e-07
 Reference value :  5.64307e-07
 Reference value :  5.64852e-07
 Reference value :  5.65422e-07
 Reference value :  5.65992e-07
 Reference value :  5.66652e-07
 Reference value :  5.67267e-07
 Reference value :  5.67837e-07
 Reference value :  5.68467e-07
 Reference value :  5.69007e-07
 Reference value :  5.69597e-07
 Reference value :  5.70177e-07
 Reference value :  5.70742e-07
 Reference value :  5.71247e-07
 Reference value :  5.71817e-07
 Reference value :  5.72437e-07
 Reference value :  5.73037e-07
 Reference value :  5.73647e-07
 Reference value :  5.74132e-07
 Reference value :  5.74687e-07
 Reference value :  5.75262e-07
 Reference value :  5.75917e-07
 Reference value :  5.76632e-07
 Reference value :  5.77257e-07
 Reference value :  5.77872e-07
 Reference value :  5.78527e-07
 Reference value :  5.79127e-07
 Reference value :  5.79652e-07
 Reference value :  5.80242e-07
 Reference value :  5.80857e-07
 Reference value :  5.81582e-07
 Reference value :  5.82177e-07
 Reference value :  5.82782e-07
 Reference value :  5.83517e-07
 Reference value :  5.84152e-07
 Reference value :  5.84697e-07
 Reference value :  5.85247e-07
 Reference value :  5.85872e-07
 Reference value :  5.86522e-07
 Reference value :  5.87087e-07
 Reference value :  5.87662e-07
 Reference value :  5.88242e-07
 Reference value :  5.88887e-07
 Reference value :  5.89527e-07
 Reference value :  5.90037e-07
 Reference value :  5.90727e-07
 Reference value :  5.91342e-07
 Reference value :  5.92037e-07
 Reference value :  5.92637e-07
 Reference value :  5.93282e-07
 Reference value :  5.93987e-07
 Reference value :  5.94682e-07
 Reference value :  5.95372e-07
 Reference value :  5.96037e-07
 Reference value :  5.96817e-07
 Reference value :  5.97482e-07
 Reference value :  5.98052e-07
 Reference value :  5.98632e-07
 Reference value :  5.99282e-07
 Reference value :  5.99872e-07
 Reference value :  6.00467e-07
 Reference value :  6.01023e-07
 Reference value :  6.01588e-07
 Reference value :  6.02223e-07
 Reference value :  6.02878e-07
 Reference value :  6.03488e-07
 Reference value :  6.04118e-07
 Reference value :  6.04728e-07
 Reference value :  6.05463e-07
 Reference value :  6.06123e-07
 Reference value :  6.06728e-07
 Reference value :  6.07318e-07
 Reference value :  6.07898e-07
 Reference value :  6.08543e-07
 Reference value :  6.09158e-07
 Reference value :  6.09683e-07
 Reference value :  6.10208e-07
 Reference value :  6.10783e-07
 Reference value :  6.11383e-07
 Reference value :  6.11988e-07
 Reference value :  6.12533e-07
 Reference value :  6.13063e-07
 Reference value :  6.13608e-07
 Reference value :  6.14223e-07
 Reference value :  6.14858e-07
 Reference value :  6.15438e-07
 Reference value :  6.15973e-07
 Reference value :  6.16613e-07
 Reference value :  6.17213e-07
 Reference value :  6.17758e-07
 Reference value :  6.18288e-07
 Reference value :  6.18918e-07
 Reference value :  6.19498e-07
 Reference value :  6.20088e-07
 Reference value :  6.20663e-07
 Reference value :  6.21278e-07
 Reference value :  6.21903e-07
 Reference value :  6.22573e-07
 Reference value :  6.23203e-07
 Reference value :  6.23763e-07
 Reference value :  6.24323e-07
 Reference value :  6.24958e-07
 Reference value :  6.25578e-07
 Reference value :  6.26078e-07
 Reference value :  6.26673e-07
 Reference value :  6.27443e-07
 Reference value :  6.28048e-07
 Reference value :  6.28683e-07
 Reference value :  6.29293e-07
 Reference value :  6.29838e-07
 Reference value :  6.30428e-07
 Reference value :  6.30958e-07
 Reference value :  6.31563e-07
 Reference value :  6.32193e-07
 Reference value :  6.32858e-07
 Reference value :  6.33413e-07
 Reference value :  6.33988e-07
 Reference value :  6.34563e-07
 Reference value :  6.35263e-07
 Reference value :  6.35863e-07
 Reference value :  6.36443e-07
 Reference value :  6.37073e-07
 Reference value :  6.37693e-07
 Reference value :  6.38253e-07
 Reference value :  6.38833e-07
 Reference value :  6.39383e-07
 Reference value :  6.39993e-07
 Reference value :  6.40633e-07
 Reference value :  6.41308e-07
 Reference value :  6.41958e-07
 Reference value :  6.42598e-07
 Reference value :  6.43208e-07
 Reference value :  6.43853e-07
 Reference value :  6.44448e-07
 Reference value :  6.45043e-07
 Reference value :  6.45538e-07
 Reference value :  6.46123e-07
 Reference value :  6.46718e-07
 Reference value :  6.47303e-07
 Reference value :  6.47913e-07
 Reference value :  6.48418e-07
 Reference value :  6.48993e-07
 Reference value :  6.49628e-07
 Reference value :  6.50318e-07
 Reference value :  6.50973e-07
 Reference value :  6.51573e-07
 Reference value :  6.52228e-07
 Reference value :  6.52883e-07
 Reference value :  6.53578e-07
 Reference value :  6.54113e-07
 Reference value :  6.54623e-07
 Reference value :  6.55173e-07
 Reference value :  6.55823e-07
 Reference value :  6.56393e-07
 Reference value :  6.56943e-07
 Reference value :  6.57513e-07
 Reference value :  6.58093e-07
 Reference value :  6.58688e-07
 Reference value :  6.59233e-07
 Reference value :  6.59758e-07
 Reference value :  6.60358e-07
 Reference value :  6.60963e-07
 Reference value :  6.61568e-07
 Reference value :  6.62053e-07
 Reference value :  6.62648e-07
 Reference value :  6.63238e-07
 Reference value :  6.63908e-07
 Reference value :  6.64453e-07
 Reference value :  6.65043e-07
 Reference value :  6.65643e-07
 Reference value :  6.66318e-07
 Reference value :  6.66853e-07
 Reference value :  6.67523e-07
 Reference value :  6.68123e-07
 Reference value :  6.68688e-07
 Reference value :  6.69258e-07
 Reference value :  6.69798e-07
 Reference value :  6.70323e-07
 Reference value :  6.70998e-07
 Reference value :  6.71628e-07
 Reference value :  6.72213e-07
 Reference value :  6.72813e-07
 Reference value :  6.73498e-07
 Reference value :  6.74188e-07
 Reference value :  6.74833e-07
 Reference value :  6.75378e-07
 Reference value :  6.75983e-07
 Reference value :  6.76658e-07
 Reference value :  6.77233e-07
 Reference value :  6.77773e-07
 Reference value :  6.78388e-07
 Reference value :  6.78993e-07
 Reference value :  6.79608e-07
 Reference value :  6.80193e-07
 Reference value :  6.80768e-07
 Reference value :  6.81343e-07
 Reference value :  6.81908e-07
 Reference value :  6.82488e-07
 Reference value :  6.83083e-07
 Reference value :  6.83633e-07
 Reference value :  6.84163e-07
 Reference value :  6.84713e-07
 Reference value :  6.85313e-07
 Reference value :  6.85893e-07
 Reference value :  6.86498e-07
 Reference value :  6.87018e-07
 Reference value :  6.87593e-07
 Reference value :  6.88198e-07
 Reference value :  6.88823e-07
 Reference value :  6.89463e-07
 Reference value :  6.90053e-07
 Reference value :  6.90673e-07
 Reference value :  6.91288e-07
 Reference value :  6.91958e-07
 Reference value :  6.92548e-07
 Reference value :  6.93018e-07
 Reference value :  6.93598e-07
 Reference value :  6.94273e-07
 Reference value :  6.94823e-07
 Reference value :  6.95403e-07
 Reference value :  6.95943e-07
 Reference value :  6.96578e-07
 Reference value :  6.97253e-07
 Reference value :  6.97828e-07
 Reference value :  6.98383e-07
 Reference value :  6.98958e-07
 Reference value :  6.99593e-07
 Reference value :  7.00208e-07
 Reference value :  7.00728e-07
 Reference value :  7.01328e-07
 Reference value :  7.01933e-07
 Reference value :  7.02603e-07
 Reference value :  7.03178e-07
 Reference value :  7.03818e-07
 Reference value :  7.04498e-07
 Reference value :  7.05128e-07
 Reference value :  7.05718e-07
 Reference value :  7.06348e-07
 Reference value :  7.06978e-07
 Reference value :  7.07683e-07
 Reference value :  7.08283e-07
 Reference value :  7.08883e-07
 Reference value :  7.09563e-07
 Reference value :  7.10233e-07
 Reference value :  7.10878e-07
 Reference value :  7.11463e-07
 Reference value :  7.12028e-07
 Reference value :  7.12688e-07
 Reference value :  7.13313e-07
 Reference value :  7.13863e-07
 Reference value :  7.14513e-07
 Reference value :  7.15203e-07
 Reference value :  7.15913e-07
 Reference value :  7.16538e-07
 Reference value :  7.17133e-07
 Reference value :  7.17733e-07
 Reference value :  7.18423e-07
 Reference value :  7.19038e-07
 Reference value :  7.19563e-07
 Reference value :  7.20193e-07
 Reference value :  7.20758e-07
 Reference value :  7.21328e-07
 Reference value :  7.21858e-07
 Reference value :  7.22408e-07
 Reference value :  7.22988e-07
 Reference value :  7.23533e-07
 Reference value :  7.24018e-07
 Reference value :  7.24588e-07
 Reference value :  7.25178e-07
 Reference value :  7.25663e-07
 Reference value :  7.26163e-07
 Reference value :  7.26693e-07
 Reference value :  7.27288e-07
 Reference value :  7.27873e-07
 Reference value :  7.28423e-07
 Reference value :  7.28918e-07
 Reference value :  7.29468e-07
 Reference value :  7.30128e-07
 Reference value :  7.30758e-07
 Reference value :  7.31273e-07
 Reference value :  7.31808e-07
 Reference value :  7.32398e-07
 Reference value :  7.33018e-07
 Reference value :  7.33613e-07
 Reference value :  7.34133e-07
 Reference value :  7.34643e-07
 Reference value :  7.35218e-07
 Reference value :  7.35833e-07
 Reference value :  7.36348e-07
 Reference value :  7.36883e-07
 Reference value :  7.37393e-07
 Reference value :  7.38023e-07
 Reference value :  7.38603e-07
 Reference value :  7.39088e-07
 Reference value :  7.39643e-07
 Reference value :  7.40148e-07
 Reference value :  7.40723e-07
 Reference value :  7.41313e-07
 Reference value :  7.41968e-07
 Reference value :  7.42518e-07
 Reference value :  7.43078e-07
 Reference value :  7.43633e-07
 Reference value :  7.44138e-07
 Reference value :  7.44778e-07
 Reference value :  7.45293e-07
 Reference value :  7.45848e-07
 Reference value :  7.46413e-07
 Reference value :  7.46983e-07
 Reference value :  7.47538e-07
 Reference value :  7.48193e-07
 Reference value :  7.48813e-07
 Reference value :  7.49403e-07
 Reference value :  7.49968e-07
 Reference value :  7.50548e-07
 Reference value :  7.51193e-07
 Reference value :  7.51758e-07
 Reference value :  7.52278e-07
 Reference value :  7.52873e-07
 Reference value :  7.53383e-07
 Reference value :  7.54013e-07
 Reference value :  7.54688e-07
 Reference value :  7.55248e-07
 Reference value :  7.55833e-07
 Reference value :  7.56418e-07
 Reference value :  7.56953e-07
 Reference value :  7.57568e-07
 Reference value :  7.58098e-07
 Reference value :  7.58703e-07
 Reference value :  7.59248e-07
 Reference value :  7.59833e-07
 Reference value :  7.60403e-07
 Reference value :  7.60983e-07
 Reference value :  7.61553e-07
 Reference value :  7.62068e-07
 Reference value :  7.62613e-07
 Reference value :  7.63213e-07
 Reference value :  7.63828e-07
 Reference value :  7.64338e-07
 Reference value :  7.64878e-07
 Reference value :  7.65428e-07
 Reference value :  7.66098e-07
 Reference value :  7.66763e-07
 Reference value :  7.67393e-07
 Reference value :  7.68013e-07
 Reference value :  7.68633e-07
 Reference value :  7.69293e-07
 Reference value :  7.69843e-07
 Reference value :  7.70418e-07
 Reference value :  7.71048e-07
 Reference value :  7.71638e-07
 Reference value :  7.72213e-07
 Reference value :  7.72843e-07
 Reference value :  7.73403e-07
 Reference value :  7.74048e-07
 Reference value :  7.74688e-07
 Reference value :  7.75203e-07
 Reference value :  7.75848e-07
 Reference value :  7.76508e-07
 Reference value :  7.77158e-07
 Reference value :  7.77723e-07
 Reference value :  7.78323e-07
 Reference value :  7.78883e-07
 Reference value :  7.79573e-07
 Reference value :  7.80163e-07
 Reference value :  7.80808e-07
 Reference value :  7.81473e-07
 Reference value :  7.82053e-07
 Reference value :  7.82658e-07
 Reference value :  7.83303e-07
 Reference value :  7.83898e-07
 Reference value :  7.84478e-07
 Reference value :  7.85063e-07
 Reference value :  7.85623e-07
 Reference value :  7.86203e-07
 Reference value :  7.86853e-07
 Reference value :  7.87453e-07
 Reference value :  7.88023e-07
 Reference value :  7.88578e-07
 Reference value :  7.89153e-07
 Reference value :  7.89743e-07
 Reference value :  7.90393e-07
 Reference value :  7.91028e-07
 Reference value :  7.91713e-07
 Reference value :  7.92378e-07
 Reference value :  7.93063e-07
 Reference value :  7.93698e-07
 Reference value :  7.94338e-07
 Reference value :  7.94938e-07
 Reference value :  7.95488e-07
 Reference value :  7.96168e-07
 Reference value :  7.96738e-07
 Reference value :  7.97318e-07
 Reference value :  7.97878e-07
 Reference value :  7.98508e-07
 Reference value :  7.99123e-07
 Reference value :  7.99688e-07
No. of Data Rows : 160024
pt1a                =  1.61509e-08
pt1b                =  9.07749e-08
pt2a                =  1.55378e-08
pt2b                =  8.57514e-08
pt3a                =  1.51147e-08
pt3b                =  8.17666e-08
pt4a                =  1.46644e-08
pt4b                =  7.79241e-08
pvxo_max            =  2.04814e+00 at=  3.41642e-07
pvxo_min            =  -4.65745e-02 at=  2.23688e-07
ptxo_a              =  1.26867e-08
ptxo_b              =  1.15626e-07
ptt1a               =  1.59258e-08
ptt1b               =  2.17959e-07
pvxo_avg            =  8.98873e-01 from=  1.00000e-07 to=  8.00000e-07
pvt1_avg            =  9.24977e-01 from=  1.00000e-07 to=  8.00000e-07
pi1                 =  -1.07747e-05 from=  1.00000e-07 to=  8.00000e-07
pi2                 =  -1.13689e-05 from=  1.00000e-07 to=  8.00000e-07
pi3                 =  -1.19312e-05 from=  1.00000e-07 to=  8.00000e-07
pi4                 =  -1.24816e-05 from=  1.00000e-07 to=  8.00000e-07
pib                 =  -8.36807e-05 from=  1.00000e-07 to=  8.00000e-07
t1a                 =  1.34606e-08
t1b                 =  4.56274e-08
t2a                 =  1.28741e-08
t2b                 =  4.25918e-08
t3a                 =  1.23485e-08
t3b                 =  3.99622e-08
t4a                 =  1.18968e-08
t4b                 =  3.76021e-08
vxo_max             =  2.12736e+00 at=  1.47358e-07
vxo_min             =  -1.24050e-01 at=  4.46482e-07
txo_a               =  8.54649e-09
txo_b               =  6.67344e-08
tt1a                =  1.00546e-08
tt1b                =  9.80202e-08
vxo_avg             =  1.03271e+00 from=  1.00000e-07 to=  8.00000e-07
vt1_avg             =  9.22399e-01 from=  1.00000e-07 to=  8.00000e-07
i1                  =  -1.28755e-05 from=  1.00000e-07 to=  8.00000e-07
i2                  =  -1.36598e-05 from=  1.00000e-07 to=  8.00000e-07
i3                  =  -1.44199e-05 from=  1.00000e-07 to=  8.00000e-07
i4                  =  -1.51805e-05 from=  1.00000e-07 to=  8.00000e-07
ib                  =  -8.64823e-05 from=  1.00000e-07 to=  8.00000e-07
p_tr1 = 7.462405e-09
p_tr2 = 7.021352e-09
p_tr3 = 6.665183e-09
p_tr4 = 6.325974e-09
p_skew_span = 1.179645e+00
p_f_ideal = 5.845396e+08
p_f_xo = 4.662928e+08
p_edge_retention = 7.977095e-01
p_retention_n2 = 8.594810e-01
p_retention_n4 = 7.977095e-01
p_bias_t1 = 4.671599e-01
p_bias_xo = 4.539761e-01
p_swing_frac_xo = 1.057939e+00
p_i_rings = 4.655626e-05
p_i_block = 8.368067e-05
p_i_array_total = 1.302369e-04
p_p_array_total = 2.578691e-04
tr1 = 3.216679e-09
tr2 = 2.971762e-09
tr3 = 2.761367e-09
tr4 = 2.570528e-09
skew_span = 1.251369e+00
f_ideal = 1.398545e+09
f_xo = 8.249135e+08
edge_retention = 5.898370e-01
retention_n2 = 8.428864e-01
retention_n4 = 5.898370e-01
bias_t1 = 4.658580e-01
bias_xo = 5.215692e-01
swing_frac_xo = 1.137077e+00
i_rings = 5.613582e-05
i_block = 8.648235e-05
i_array_total = 1.426182e-04
p_array_total_pre = 2.823840e-04
slowdown_r1 = 2.319910e+00
slowdown_r2 = 2.362690e+00
slowdown_r3 = 2.413726e+00
slowdown_r4 = 2.460963e+00
Note: Simulation executed from .control section 

----- stderr -----

Checking parameters for BSIM 4.5 model xctl.xa3.xmnib:nshort_model.48
Warning: Eta0 = -0.0286127 is negative.

Checking parameters for BSIM 4.5 model xctl.xa3.xmnia:nshort_model.48
Warning: Eta0 = -0.0286127 is negative.

Checking parameters for BSIM 4.5 model xctl.xa2.xmnib:nshort_model.48
Warning: Eta0 = -0.0286127 is negative.

Checking parameters for BSIM 4.5 model xctl.xa2.xmnia:nshort_model.48
Warning: Eta0 = -0.0286127 is negative.

Checking parameters for BSIM 4.5 model xctl.xa1.xmnib:nshort_model.48
Warning: Eta0 = -0.0286127 is negative.

Checking parameters for BSIM 4.5 model xctl.xa1.xmnia:nshort_model.48
Warning: Eta0 = -0.0286127 is negative.

Checking parameters for BSIM 4.5 model xctl.xb4.xmn:nshort_model.48
Warning: Eta0 = -0.0286127 is negative.

Checking parameters for BSIM 4.5 model xctl.xb3.xmn:nshort_model.48
Warning: Eta0 = -0.0286127 is negative.

Checking parameters for BSIM 4.5 model xctl.xb2.xmn:nshort_model.48
Warning: Eta0 = -0.0286127 is negative.

Checking parameters for BSIM 4.5 model xctl.xb1.xmn:nshort_model.48
Warning: Eta0 = -0.0286127 is negative.

Checking parameters for BSIM 4.5 model xctl.xr4.x4.xmn:nshort_model.48
Warning: Eta0 = -0.0286127 is negative.

Checking parameters for BSIM 4.5 model xctl.xr4.x4.xmph:pshort_model.44
Warning: Eta0 = -0.00221468 is negative.

Checking parameters for BSIM 4.5 model xctl.xr4.x3.xmn:nshort_model.48
Warning: Eta0 = -0.0286127 is negative.

Checking parameters for BSIM 4.5 model xctl.xr4.x3.xmph:pshort_model.44
Warning: Eta0 = -0.00221468 is negative.

Checking parameters for BSIM 4.5 model xctl.xr4.x2.xmn:nshort_model.48
Warning: Eta0 = -0.0286127 is negative.

Checking parameters for BSIM 4.5 model xctl.xr4.x2.xmph:pshort_model.44
Warning: Eta0 = -0.00221468 is negative.

Checking parameters for BSIM 4.5 model xctl.xr4.x1.xmn:nshort_model.48
Warning: Eta0 = -0.0286127 is negative.

Checking parameters for BSIM 4.5 model xctl.xr4.x1.xmph:pshort_model.44
Warning: Eta0 = -0.00221468 is negative.

Checking parameters for BSIM 4.5 model xctl.xr4.xg.xmph:pshort_model.44
Warning: Eta0 = -0.00221468 is negative.

Checking parameters for BSIM 4.5 model xctl.xr3.x4.xmn:nshort_model.48
Warning: Eta0 = -0.0286127 is negative.

Checking parameters for BSIM 4.5 model xctl.xr3.x4.xmph:pshort_model.44
Warning: Eta0 = -0.00221468 is negative.

Checking parameters for BSIM 4.5 model xctl.xr3.x3.xmn:nshort_model.48
Warning: Eta0 = -0.0286127 is negative.

Checking parameters for BSIM 4.5 model xctl.xr3.x3.xmph:pshort_model.44
Warning: Eta0 = -0.00221468 is negative.

Checking parameters for BSIM 4.5 model xctl.xr3.x2.xmn:nshort_model.48
Warning: Eta0 = -0.0286127 is negative.

Checking parameters for BSIM 4.5 model xctl.xr3.x2.xmph:pshort_model.44
Warning: Eta0 = -0.00221468 is negative.

Checking parameters for BSIM 4.5 model xctl.xr3.x1.xmn:nshort_model.48
Warning: Eta0 = -0.0286127 is negative.

Checking parameters for BSIM 4.5 model xctl.xr3.x1.xmph:pshort_model.44
Warning: Eta0 = -0.00221468 is negative.

Checking parameters for BSIM 4.5 model xctl.xr3.xg.xmph:pshort_model.44
Warning: Eta0 = -0.00221468 is negative.

Checking parameters for BSIM 4.5 model xctl.xr2.x4.xmn:nshort_model.48
Warning: Eta0 = -0.0286127 is negative.

Checking parameters for BSIM 4.5 model xctl.xr2.x4.xmph:pshort_model.44
Warning: Eta0 = -0.00221468 is negative.

Checking parameters for BSIM 4.5 model xctl.xr2.x3.xmn:nshort_model.48
Warning: Eta0 = -0.0286127 is negative.

Checking parameters for BSIM 4.5 model xctl.xr2.x3.xmph:pshort_model.44
Warning: Eta0 = -0.00221468 is negative.

Checking parameters for BSIM 4.5 model xctl.xr2.x2.xmn:nshort_model.48
Warning: Eta0 = -0.0286127 is negative.

Checking parameters for BSIM 4.5 model xctl.xr2.x2.xmph:pshort_model.44
Warning: Eta0 = -0.00221468 is negative.

Checking parameters for BSIM 4.5 model xctl.xr2.x1.xmn:nshort_model.48
Warning: Eta0 = -0.0286127 is negative.

Checking parameters for BSIM 4.5 model xctl.xr2.x1.xmph:pshort_model.44
Warning: Eta0 = -0.00221468 is negative.

Checking parameters for BSIM 4.5 model xctl.xr2.xg.xmph:pshort_model.44
Warning: Eta0 = -0.00221468 is negative.

Checking parameters for BSIM 4.5 model xctl.xr1.x4.xmn:nshort_model.48
Warning: Eta0 = -0.0286127 is negative.

Checking parameters for BSIM 4.5 model xctl.xr1.x4.xmph:pshort_model.44
Warning: Eta0 = -0.00221468 is negative.

Checking parameters for BSIM 4.5 model xctl.xr1.x3.xmn:nshort_model.48
Warning: Eta0 = -0.0286127 is negative.

Checking parameters for BSIM 4.5 model xctl.xr1.x3.xmph:pshort_model.44
Warning: Eta0 = -0.00221468 is negative.

Checking parameters for BSIM 4.5 model xctl.xr1.x2.xmn:nshort_model.48
Warning: Eta0 = -0.0286127 is negative.

Checking parameters for BSIM 4.5 model xctl.xr1.x2.xmph:pshort_model.44
Warning: Eta0 = -0.00221468 is negative.

Checking parameters for BSIM 4.5 model xctl.xr1.x1.xmn:nshort_model.48
Warning: Eta0 = -0.0286127 is negative.

Checking parameters for BSIM 4.5 model xctl.xr1.x1.xmph:pshort_model.44
Warning: Eta0 = -0.00221468 is negative.

Checking parameters for BSIM 4.5 model xctl.xr1.xg.xmph:pshort_model.44
Warning: Eta0 = -0.00221468 is negative.

Checking parameters for BSIM 4.5 model xarr.xpex.xn66:nshort_model.48
Warning: Eta0 = -0.0286127 is negative.

Checking parameters for BSIM 4.5 model xarr.xpex.xn61:nshort_model.48
Warning: Eta0 = -0.0286127 is negative.

Checking parameters for BSIM 4.5 model xarr.xpex.xn60:nshort_model.48
Warning: Eta0 = -0.0286127 is negative.

Checking parameters for BSIM 4.5 model xarr.xpex.xn55:nshort_model.48
Warning: Eta0 = -0.0286127 is negative.

Checking parameters for BSIM 4.5 model xarr.xpex.xn54:nshort_model.48
Warning: Eta0 = -0.0286127 is negative.

Checking parameters for BSIM 4.5 model xarr.xpex.xn49:nshort_model.48
Warning: Eta0 = -0.0286127 is negative.

Checking parameters for BSIM 4.5 model xarr.xpex.xn48:nshort_model.48
Warning: Eta0 = -0.0286127 is negative.

Checking parameters for BSIM 4.5 model xarr.xpex.xn47:nshort_model.48
Warning: Eta0 = -0.0286127 is negative.

Checking parameters for BSIM 4.5 model xarr.xpex.xn46:nshort_model.48
Warning: Eta0 = -0.0286127 is negative.

Checking parameters for BSIM 4.5 model xarr.xpex.xn45:nshort_model.48
Warning: Eta0 = -0.0286127 is negative.

Checking parameters for BSIM 4.5 model xarr.xpex.xn44:nshort_model.48
Warning: Eta0 = -0.0286127 is negative.

Checking parameters for BSIM 4.5 model xarr.xpex.xn43:nshort_model.48
Warning: Eta0 = -0.0286127 is negative.

Checking parameters for BSIM 4.5 model xarr.xpex.xn42:nshort_model.48
Warning: Eta0 = -0.0286127 is negative.

Checking parameters for BSIM 4.5 model xarr.xpex.xn41:nshort_model.48
Warning: Eta0 = -0.0286127 is negative.

Checking parameters for BSIM 4.5 model xarr.xpex.xn40:nshort_model.48
Warning: Eta0 = -0.0286127 is negative.

Checking parameters for BSIM 4.5 model xarr.xpex.xn39:nshort_model.48
Warning: Eta0 = -0.0286127 is negative.

Checking parameters for BSIM 4.5 model xarr.xpex.xn38:nshort_model.48
Warning: Eta0 = -0.0286127 is negative.

Checking parameters for BSIM 4.5 model xarr.xpex.xn37:nshort_model.48
Warning: Eta0 = -0.0286127 is negative.

Checking parameters for BSIM 4.5 model xarr.xpex.xn35:nshort_model.48
Warning: Eta0 = -0.0286127 is negative.

Checking parameters for BSIM 4.5 model xarr.xpex.xn33:nshort_model.48
Warning: Eta0 = -0.0286127 is negative.

Checking parameters for BSIM 4.5 model xarr.xpex.xn31:nshort_model.48
Warning: Eta0 = -0.0286127 is negative.

Checking parameters for BSIM 4.5 model xarr.xpex.xn28:nshort_model.48
Warning: Eta0 = -0.0286127 is negative.

Checking parameters for BSIM 4.5 model xarr.xpex.xn27:nshort_model.48
Warning: Eta0 = -0.0286127 is negative.

Checking parameters for BSIM 4.5 model xarr.xpex.xn25:nshort_model.48
Warning: Eta0 = -0.0286127 is negative.

Checking parameters for BSIM 4.5 model xarr.xpex.xn23:nshort_model.48
Warning: Eta0 = -0.0286127 is negative.

Checking parameters for BSIM 4.5 model xarr.xpex.xn21:nshort_model.48
Warning: Eta0 = -0.0286127 is negative.

