|* Post-layout ro_array_core: the whole entropy source (four non-identical
|* rings + four output buffers + the three-xor2 combining tree), extracted
|* FLAT from ONE `klt extract --parasitics` run over
|* layout/ro_array_core-placement-poc/ro_array_core_signal9_poc.gds -- the
|* same DRC-clean (0 violations), klt-lvs-MATCHING (132/132 devices, 96/96
|* nets against design/ro_array_core.spice's own .subckt ro_array_core) GDS
|* that PoC directory's own README documents ("Increment 8"). Real inter-ring
|* wiring is included for the first time: the ring->buffer signal chain, the
|* buffer->XOR fan-in, the XOR combining tree's own t1/t2 routing, and the
|* array-wide vdd bus for the four buffers + three xor2 instances -- none of
|* which sim/post-layout-ro-ring5-assembled/ (one ring at a time, ideal
|* wires between rings) could include, and none of which
|* sim/ro-array-core-combining/ (pre-layout, no physical interconnect at
|* all) could include either.
|*
|* Purpose (issue #22's acceptance bar: "Post-layout PVT simulation results
|* land under sim/, extracted parasitics included" plus the DR-0003 section
|* 8 wstv inter-ring decorrelation re-evaluation). This is a two-way,
|* same-corner comparison (post-layout array vs. pre-layout control, the
|* SAME topology sim/ro-array-core-combining/'s own testbench drives),
|* matching sim/post-layout-ro-ring5-assembled/'s own comparison discipline
|* one hierarchy level up. It reuses that record's own measurement set
|* (per-ring periods, combining fidelity in both the edge-retention and
|* value-fidelity senses, and array supply current) rather than inventing a
|* new one, so every number here is directly comparable to
|* sim/ro-array-core-combining/'s own pre-layout record by name.
|*
|* Topology, post-layout side (prefix p): xarr is ONE flat-extracted cell --
|* design/xschem/ro_array_core.sch's own hierarchy, already wired, sourced
|* from layout/pex-array/ro_array_core_pex.spice via
|* layout/bin/pex-netlist.py (shared, unmodified, with
|* layout/pex/pex.json's and layout/pex-ring/pex.json's own leaf/ring
|* descriptors). t1/t2 (the XOR tree's own inter-stage nets) are internal to
|* the wrapper subckt at the SAME literal names design/ro_array_core.spice's
|* own .subckt ro_array_core uses internally, so they are reachable exactly
|* the way sim/ro-array-core-combining/'s own testbench reaches them
|* (`v(xarr.t1)`, one level of hierarchy) -- confirmed by this deck's own
|* first successful run, not assumed.
|*
|* Topology, pre-layout side (no prefix, matching
|* sim/ro-array-core-combining/'s own testbench net names exactly): xctl is
|* the identical topology from design/ro_array_core.spice's parameterized
|* .subckt ro_array_core, same-deck same-corner control.
|*
|* The substrate tie. layout/pex-array/ro_array_core_pex.spice declares the
|* extractor's substrate return node `vsubs` .global (klayout-tools#1503,
|* same as every other post-layout deck in this repo). This deck ties it
|* HARD to 0, the same physically-motivated choice
|* sim/post-layout-ro-ring5-assembled/ and sim/post-layout-ro-ring5/ both
|* use -- every composed cell's own psub guard ring is tied to vss, and vss
|* is 0 here. Inter-ring coupling through a floating substrate is a
|* different, separately-bracketed question (spec/decision-records/DR-0005)
|* and is not re-litigated by this deck's own hard tie.
|*
|* PVT: the same four (temp, supply) points
|* sim/post-layout-ro-ring5-assembled/ uses, each bundling the tt/ss/ff
|* process axis:
|*   -40 degC / 1.62 V   the measured entropy-binding corner (ss)
|*    27 degC / 1.80 V   nominal
|*   125 degC / 1.98 V   the worst five-stage ring swing in #10's grid
|*   -40 degC / 1.98 V   the fastest ring measured anywhere in that grid
|*
|* Window. Post-layout parasitics measurably slow the array (every prior
|* post-layout ring record in this repo reports 1.4x-2.4x slowdown over
|* pre-layout, and the array adds inter-ring wiring + XOR-tree loading on
|* top), so this deck's tstop is 4x sim/ro-array-core-combining/'s own 200n
|* -- 800n -- with the same 5 ns enable-release point and the same
|* 10-period ring / 48-edge combining-node estimators (rise=3..13 for
|* periods, rise=2..50 at the combining nodes), now measured from a 700 ns
|* window (100 ns to 800 ns) rather than that deck's 60-200 ns, to keep the
|* same edge counts reachable at the slowest corner. Confirmed sufficient by
|* this deck's own first run at every corner (every meas below resolved,
|* not "no value found"), not assumed from the pre-layout deck's own margin.
|*
|* This file is a TEMPLATE: sim/bin/corner-run.py substitutes /Users/rwalters/.volare/volare/sky130/versions/c6d73a35f524070e85faff4a6a9eef49553ebc2b/sky130A/libs.tech/combined/sky130.lib.spice,
|* tt, /Users/rwalters/GitHub/sky130-trng/.loom/worktrees/issue-22/design/ro_array_core.spice, /Users/rwalters/GitHub/sky130-trng/.loom/worktrees/issue-22/layout/pex-array/ro_array_core_pex.spice, 125.0, 1.98 and 5p. As
|* committed it is not a runnable deck. Invoke with
|* `--ro-ring5 design/ro_array_core.spice` and
|* `--pex-lib layout/pex-array/ro_array_core_pex.spice`.
|
|.option scale=1u
|.lib "/Users/rwalters/.volare/volare/sky130/versions/c6d73a35f524070e85faff4a6a9eef49553ebc2b/sky130A/libs.tech/combined/sky130.lib.spice" tt
|
|* pre-layout subcircuit library (ro_array_core / ro_ring5 / ro_buf / xor2)
|.include "/Users/rwalters/GitHub/sky130-trng/.loom/worktrees/issue-22/design/ro_array_core.spice"
|* post-layout ARRAY subcircuit library (ro_array_core_pex, flat-extracted
|* from the whole composed, DRC-clean and LVS-clean array GDS)
|.include "/Users/rwalters/GitHub/sky130-trng/.loom/worktrees/issue-22/layout/pex-array/ro_array_core_pex.spice"
|
|.temp 125.0
|
|* --- substrate return node: hard tie (see header) ----------------------
|Vsub vsubs 0 dc 0
|
|* --- post-layout ARRAY, one flat-extracted cell for the whole block ----
|Vddrp1 pvddr1 0 dc 1.98
|Vddrp2 pvddr2 0 dc 1.98
|Vddrp3 pvddr3 0 dc 1.98
|Vddrp4 pvddr4 0 dc 1.98
|Vddp pvdd 0 dc 1.98
|Venp1 pen1 0 PULSE(0 1.98 5n 100p 100p 1u 2u)
|Venp2 pen2 0 PULSE(0 1.98 5n 100p 100p 1u 2u)
|Venp3 pen3 0 PULSE(0 1.98 5n 100p 100p 1u 2u)
|Venp4 pen4 0 PULSE(0 1.98 5n 100p 100p 1u 2u)
|xarr pen1 pen2 pen3 pen4 pvddr1 pvddr2 pvddr3 pvddr4 pvdd 0 pxo pro1 pro2 pro3 pro4 ro_array_core_pex
|
|* --- pre-layout control, identical topology, single-call subckt --------
|Vddr1 vddr1 0 dc 1.98
|Vddr2 vddr2 0 dc 1.98
|Vddr3 vddr3 0 dc 1.98
|Vddr4 vddr4 0 dc 1.98
|Vdd vdd 0 dc 1.98
|Ven1 en1 0 PULSE(0 1.98 5n 100p 100p 1u 2u)
|Ven2 en2 0 PULSE(0 1.98 5n 100p 100p 1u 2u)
|Ven3 en3 0 PULSE(0 1.98 5n 100p 100p 1u 2u)
|Ven4 en4 0 PULSE(0 1.98 5n 100p 100p 1u 2u)
|xctl en1 en2 en3 en4 vddr1 vddr2 vddr3 vddr4 vdd 0 xo ro1 ro2 ro3 ro4 ro_array_core
|
|.ic v(pro1)=0
|.ic v(pro2)=0
|.ic v(pro3)=0
|.ic v(pro4)=0
|.ic v(ro1)=0
|.ic v(ro2)=0
|.ic v(ro3)=0
|.ic v(ro4)=0
|
|* Limit the saved transient trace set to exactly what the .meas statements
|* below need. Without this, ngspice keeps a full-resolution voltage history
|* for every node in the deck -- including every per-terminal parasitic-star
|* leg node the flat ARRAY extraction introduces (132 devices' worth, an
|* order of magnitude more than one ring alone) -- and
|* sim/post-layout-ro-ring5-assembled/'s own header records this exhausting
|* process memory outright at the ff corner's shorter timesteps. None of
|* those internal leg voltages are read by any .meas below.
|.save v(pro1) v(pro2) v(pro3) v(pro4) v(pxo) v(xarr.t1)
|.save v(ro1) v(ro2) v(ro3) v(ro4) v(xo) v(xctl.t1)
|.save i(Vddrp1) i(Vddrp2) i(Vddrp3) i(Vddrp4) i(Vddp)
|.save i(Vddr1) i(Vddr2) i(Vddr3) i(Vddr4) i(Vdd)
|
|.tran 5p 800n uic
|
|.control
|run
|
|* --- post-layout ARRAY: per-ring periods, 10 whole periods each, first
|* two rising edges discarded as start-up ------------------------------
|meas tran pt1a when v(pro1)=0.5*1.98 rise=3
|meas tran pt1b when v(pro1)=0.5*1.98 rise=13
|let p_tr1 = (pt1b - pt1a)/10
|meas tran pt2a when v(pro2)=0.5*1.98 rise=3
|meas tran pt2b when v(pro2)=0.5*1.98 rise=13
|let p_tr2 = (pt2b - pt2a)/10
|meas tran pt3a when v(pro3)=0.5*1.98 rise=3
|meas tran pt3b when v(pro3)=0.5*1.98 rise=13
|let p_tr3 = (pt3b - pt3a)/10
|meas tran pt4a when v(pro4)=0.5*1.98 rise=3
|meas tran pt4b when v(pro4)=0.5*1.98 rise=13
|let p_tr4 = (pt4b - pt4a)/10
|let p_f_ideal2 = 1/p_tr1 + 1/p_tr2
|let p_f_ideal = 1/p_tr1 + 1/p_tr2 + 1/p_tr3 + 1/p_tr4
|let p_skew_span = p_tr1/p_tr4
|
|* --- post-layout ARRAY combining node: swing and realized edge rate ---
|meas tran pvxo_max MAX v(pxo) from=100n to=800n
|meas tran pvxo_min MIN v(pxo) from=100n to=800n
|let p_swing_frac_xo = (pvxo_max - pvxo_min) / 1.98
|meas tran ptxo_a when v(pxo)=0.5*1.98 rise=2
|meas tran ptxo_b when v(pxo)=0.5*1.98 rise=50
|let p_f_xo = 48/(ptxo_b - ptxo_a)
|let p_edge_retention = p_f_xo / p_f_ideal
|meas tran ptt1a when v(xarr.t1)=0.5*1.98 rise=2
|meas tran ptt1b when v(xarr.t1)=0.5*1.98 rise=50
|let p_f_t1 = 48/(ptt1b - ptt1a)
|let p_retention_n2 = p_f_t1 / p_f_ideal2
|let p_retention_n4 = p_edge_retention
|
|* --- post-layout ARRAY value fidelity + supply current -----------------
|meas tran pvxo_avg AVG v(pxo) from=100n to=800n
|meas tran pvt1_avg AVG v(xarr.t1) from=100n to=800n
|let p_bias_xo = pvxo_avg / 1.98
|let p_bias_t1 = pvt1_avg / 1.98
|meas tran pi1 AVG i(Vddrp1) from=100n to=800n
|meas tran pi2 AVG i(Vddrp2) from=100n to=800n
|meas tran pi3 AVG i(Vddrp3) from=100n to=800n
|meas tran pi4 AVG i(Vddrp4) from=100n to=800n
|meas tran pib AVG i(Vddp) from=100n to=800n
|let p_i_rings = -(pi1 + pi2 + pi3 + pi4)
|let p_i_block = -pib
|let p_i_array_total = p_i_rings + p_i_block
|let p_p_array_total = p_i_array_total * 1.98
|
|* --- pre-layout CONTROL: identical estimators, identical node names as
|* sim/ro-array-core-combining/'s own testbench ---------------------------
|meas tran t1a when v(ro1)=0.5*1.98 rise=3
|meas tran t1b when v(ro1)=0.5*1.98 rise=13
|let tr1 = (t1b - t1a)/10
|meas tran t2a when v(ro2)=0.5*1.98 rise=3
|meas tran t2b when v(ro2)=0.5*1.98 rise=13
|let tr2 = (t2b - t2a)/10
|meas tran t3a when v(ro3)=0.5*1.98 rise=3
|meas tran t3b when v(ro3)=0.5*1.98 rise=13
|let tr3 = (t3b - t3a)/10
|meas tran t4a when v(ro4)=0.5*1.98 rise=3
|meas tran t4b when v(ro4)=0.5*1.98 rise=13
|let tr4 = (t4b - t4a)/10
|let f_ideal2 = 1/tr1 + 1/tr2
|let f_ideal = 1/tr1 + 1/tr2 + 1/tr3 + 1/tr4
|let skew_span = tr1/tr4
|
|meas tran vxo_max MAX v(xo) from=100n to=800n
|meas tran vxo_min MIN v(xo) from=100n to=800n
|let swing_frac_xo = (vxo_max - vxo_min) / 1.98
|meas tran txo_a when v(xo)=0.5*1.98 rise=2
|meas tran txo_b when v(xo)=0.5*1.98 rise=50
|let f_xo = 48/(txo_b - txo_a)
|let edge_retention = f_xo / f_ideal
|meas tran tt1a when v(xctl.t1)=0.5*1.98 rise=2
|meas tran tt1b when v(xctl.t1)=0.5*1.98 rise=50
|let f_t1 = 48/(tt1b - tt1a)
|let retention_n2 = f_t1 / f_ideal2
|let retention_n4 = edge_retention
|
|meas tran vxo_avg AVG v(xo) from=100n to=800n
|meas tran vt1_avg AVG v(xctl.t1) from=100n to=800n
|let bias_xo = vxo_avg / 1.98
|let bias_t1 = vt1_avg / 1.98
|meas tran i1 AVG i(Vddr1) from=100n to=800n
|meas tran i2 AVG i(Vddr2) from=100n to=800n
|meas tran i3 AVG i(Vddr3) from=100n to=800n
|meas tran i4 AVG i(Vddr4) from=100n to=800n
|meas tran ib AVG i(Vdd) from=100n to=800n
|let i_rings = -(i1 + i2 + i3 + i4)
|let i_block = -ib
|let i_array_total = i_rings + i_block
|let p_array_total_pre = i_array_total * 1.98
|
|* --- headline ratios: same block, same corner, real inter-ring wiring
|* (plus real intra-cell parasitics) vs. pre-layout (no interconnect,
|* ideal devices only) ----------------------------------------------------
|let slowdown_r1 = p_tr1 / tr1
|let slowdown_r2 = p_tr2 / tr2
|let slowdown_r3 = p_tr3 / tr3
|let slowdown_r4 = p_tr4 / tr4
|
|print p_tr1
|print p_tr2
|print p_tr3
|print p_tr4
|print p_skew_span
|print p_f_ideal
|print p_f_xo
|print p_edge_retention
|print p_retention_n2
|print p_retention_n4
|print p_bias_t1
|print p_bias_xo
|print p_swing_frac_xo
|print p_i_rings
|print p_i_block
|print p_i_array_total
|print p_p_array_total
|print tr1
|print tr2
|print tr3
|print tr4
|print skew_span
|print f_ideal
|print f_xo
|print edge_retention
|print retention_n2
|print retention_n4
|print bias_t1
|print bias_xo
|print swing_frac_xo
|print i_rings
|print i_block
|print i_array_total
|print p_array_total_pre
|print slowdown_r1
|print slowdown_r2
|print slowdown_r3
|print slowdown_r4
|.endc
|.end
|

----- stdout -----

Note: Compatibility modes selected: hs a


Circuit: * post-layout ro_array_core: the whole entropy source (four non-identical

option SCALE: Scale is set to 1e-06 for instance and model parameters
option SCALE: Scale is set to 1e-06 for instance and model parameters
option SCALE: Scale is set to 1e-06 for instance and model parameters
option SCALE: Scale is set to 1e-06 for instance and model parameters
option SCALE: Scale is set to 1e-06 for instance and model parameters
Doing analysis at TEMP = 125.000000 and TNOM = 27.000000

Using SPARSE 1.3 as Direct Linear Solver
Operating point simulation skipped by 'uic',
  now using transient initial conditions.
 Reference value :  5.00000e-14
 Reference value :  5.66241e-10
 Reference value :  1.36124e-09
 Reference value :  2.13124e-09
 Reference value :  2.89124e-09
 Reference value :  3.66624e-09
 Reference value :  4.40624e-09
 Reference value :  5.07250e-09
 Reference value :  5.71250e-09
 Reference value :  6.45250e-09
 Reference value :  7.12750e-09
 Reference value :  7.85250e-09
 Reference value :  8.43250e-09
 Reference value :  8.98750e-09
 Reference value :  9.54250e-09
 Reference value :  1.02025e-08
 Reference value :  1.08125e-08
 Reference value :  1.13475e-08
 Reference value :  1.18875e-08
 Reference value :  1.24525e-08
 Reference value :  1.30575e-08
 Reference value :  1.36075e-08
 Reference value :  1.41975e-08
 Reference value :  1.47725e-08
 Reference value :  1.53475e-08
 Reference value :  1.59175e-08
 Reference value :  1.64525e-08
 Reference value :  1.69875e-08
 Reference value :  1.75825e-08
 Reference value :  1.82025e-08
 Reference value :  1.87375e-08
 Reference value :  1.92575e-08
 Reference value :  1.98375e-08
 Reference value :  2.05075e-08
 Reference value :  2.10825e-08
 Reference value :  2.16025e-08
 Reference value :  2.21875e-08
 Reference value :  2.28675e-08
 Reference value :  2.35325e-08
 Reference value :  2.40375e-08
 Reference value :  2.45425e-08
 Reference value :  2.51725e-08
 Reference value :  2.57925e-08
 Reference value :  2.63275e-08
 Reference value :  2.68925e-08
 Reference value :  2.75575e-08
 Reference value :  2.81775e-08
 Reference value :  2.88525e-08
 Reference value :  2.94525e-08
 Reference value :  3.01175e-08
 Reference value :  3.07575e-08
 Reference value :  3.13925e-08
 Reference value :  3.20775e-08
 Reference value :  3.27625e-08
 Reference value :  3.34675e-08
 Reference value :  3.41025e-08
 Reference value :  3.47075e-08
 Reference value :  3.53025e-08
 Reference value :  3.59825e-08
 Reference value :  3.66125e-08
 Reference value :  3.71775e-08
 Reference value :  3.78625e-08
 Reference value :  3.84875e-08
 Reference value :  3.91525e-08
 Reference value :  3.97625e-08
 Reference value :  4.04775e-08
 Reference value :  4.11025e-08
 Reference value :  4.16825e-08
 Reference value :  4.22275e-08
 Reference value :  4.27525e-08
 Reference value :  4.33475e-08
 Reference value :  4.40125e-08
 Reference value :  4.46525e-08
 Reference value :  4.51925e-08
 Reference value :  4.57075e-08
 Reference value :  4.62425e-08
 Reference value :  4.68175e-08
 Reference value :  4.74625e-08
 Reference value :  4.80625e-08
 Reference value :  4.87475e-08
 Reference value :  4.93825e-08
 Reference value :  4.99725e-08
 Reference value :  5.06625e-08
 Reference value :  5.13525e-08
 Reference value :  5.19475e-08
 Reference value :  5.25575e-08
 Reference value :  5.32825e-08
 Reference value :  5.38825e-08
 Reference value :  5.45175e-08
 Reference value :  5.51925e-08
 Reference value :  5.58725e-08
 Reference value :  5.64775e-08
 Reference value :  5.70875e-08
 Reference value :  5.78625e-08
 Reference value :  5.84925e-08
 Reference value :  5.92375e-08
 Reference value :  5.97875e-08
 Reference value :  6.05475e-08
 Reference value :  6.12775e-08
 Reference value :  6.18725e-08
 Reference value :  6.25375e-08
 Reference value :  6.32275e-08
 Reference value :  6.38775e-08
 Reference value :  6.45975e-08
 Reference value :  6.52875e-08
 Reference value :  6.59025e-08
 Reference value :  6.65375e-08
 Reference value :  6.71775e-08
 Reference value :  6.78575e-08
 Reference value :  6.86325e-08
 Reference value :  6.93275e-08
 Reference value :  6.99725e-08
 Reference value :  7.06825e-08
 Reference value :  7.13025e-08
 Reference value :  7.19775e-08
 Reference value :  7.25875e-08
 Reference value :  7.33075e-08
 Reference value :  7.39375e-08
 Reference value :  7.46225e-08
 Reference value :  7.53475e-08
 Reference value :  7.59875e-08
 Reference value :  7.65725e-08
 Reference value :  7.72075e-08
 Reference value :  7.78175e-08
 Reference value :  7.83275e-08
 Reference value :  7.88475e-08
 Reference value :  7.94075e-08
 Reference value :  8.00025e-08
 Reference value :  8.05875e-08
 Reference value :  8.12075e-08
 Reference value :  8.17925e-08
 Reference value :  8.23125e-08
 Reference value :  8.28275e-08
 Reference value :  8.34125e-08
 Reference value :  8.39825e-08
 Reference value :  8.45175e-08
 Reference value :  8.50625e-08
 Reference value :  8.56425e-08
 Reference value :  8.63625e-08
 Reference value :  8.68925e-08
 Reference value :  8.75025e-08
 Reference value :  8.81225e-08
 Reference value :  8.87675e-08
 Reference value :  8.92925e-08
 Reference value :  8.98825e-08
 Reference value :  9.06025e-08
 Reference value :  9.12325e-08
 Reference value :  9.18175e-08
 Reference value :  9.23325e-08
 Reference value :  9.29875e-08
 Reference value :  9.35025e-08
 Reference value :  9.40775e-08
 Reference value :  9.46125e-08
 Reference value :  9.52125e-08
 Reference value :  9.57575e-08
 Reference value :  9.63375e-08
 Reference value :  9.70575e-08
 Reference value :  9.76525e-08
 Reference value :  9.82175e-08
 Reference value :  9.88525e-08
 Reference value :  9.93725e-08
 Reference value :  9.99275e-08
 Reference value :  1.00513e-07
 Reference value :  1.01108e-07
 Reference value :  1.01678e-07
 Reference value :  1.02238e-07
 Reference value :  1.02783e-07
 Reference value :  1.03438e-07
 Reference value :  1.03988e-07
 Reference value :  1.04513e-07
 Reference value :  1.05033e-07
 Reference value :  1.05653e-07
 Reference value :  1.06238e-07
 Reference value :  1.06853e-07
 Reference value :  1.07393e-07
 Reference value :  1.08023e-07
 Reference value :  1.08608e-07
 Reference value :  1.09158e-07
 Reference value :  1.09738e-07
 Reference value :  1.10373e-07
 Reference value :  1.10908e-07
 Reference value :  1.11478e-07
 Reference value :  1.12098e-07
 Reference value :  1.12623e-07
 Reference value :  1.13113e-07
 Reference value :  1.13728e-07
 Reference value :  1.14318e-07
 Reference value :  1.14893e-07
 Reference value :  1.15383e-07
 Reference value :  1.16013e-07
 Reference value :  1.16673e-07
 Reference value :  1.17223e-07
 Reference value :  1.17748e-07
 Reference value :  1.18248e-07
 Reference value :  1.18888e-07
 Reference value :  1.19413e-07
 Reference value :  1.19988e-07
 Reference value :  1.20503e-07
 Reference value :  1.21098e-07
 Reference value :  1.21688e-07
 Reference value :  1.22188e-07
 Reference value :  1.22698e-07
 Reference value :  1.23293e-07
 Reference value :  1.23843e-07
 Reference value :  1.24363e-07
 Reference value :  1.24838e-07
 Reference value :  1.25338e-07
 Reference value :  1.25938e-07
 Reference value :  1.26448e-07
 Reference value :  1.26988e-07
 Reference value :  1.27503e-07
 Reference value :  1.28013e-07
 Reference value :  1.28503e-07
 Reference value :  1.29048e-07
 Reference value :  1.29548e-07
 Reference value :  1.30088e-07
 Reference value :  1.30698e-07
 Reference value :  1.31283e-07
 Reference value :  1.31948e-07
 Reference value :  1.32603e-07
 Reference value :  1.33238e-07
 Reference value :  1.33923e-07
 Reference value :  1.34543e-07
 Reference value :  1.35183e-07
 Reference value :  1.35853e-07
 Reference value :  1.36583e-07
 Reference value :  1.37203e-07
 Reference value :  1.37783e-07
 Reference value :  1.38503e-07
 Reference value :  1.39143e-07
 Reference value :  1.39798e-07
 Reference value :  1.40383e-07
 Reference value :  1.40938e-07
 Reference value :  1.41538e-07
 Reference value :  1.42043e-07
 Reference value :  1.42638e-07
 Reference value :  1.43253e-07
 Reference value :  1.43788e-07
 Reference value :  1.44333e-07
 Reference value :  1.44918e-07
 Reference value :  1.45498e-07
 Reference value :  1.46043e-07
 Reference value :  1.46763e-07
 Reference value :  1.47423e-07
 Reference value :  1.48013e-07
 Reference value :  1.48718e-07
 Reference value :  1.49468e-07
 Reference value :  1.50158e-07
 Reference value :  1.50843e-07
 Reference value :  1.51573e-07
 Reference value :  1.52188e-07
 Reference value :  1.52803e-07
 Reference value :  1.53433e-07
 Reference value :  1.54153e-07
 Reference value :  1.54768e-07
 Reference value :  1.55358e-07
 Reference value :  1.56003e-07
 Reference value :  1.56608e-07
 Reference value :  1.57153e-07
 Reference value :  1.57693e-07
 Reference value :  1.58328e-07
 Reference value :  1.58958e-07
 Reference value :  1.59548e-07
 Reference value :  1.60128e-07
 Reference value :  1.60733e-07
 Reference value :  1.61363e-07
 Reference value :  1.61953e-07
 Reference value :  1.62673e-07
 Reference value :  1.63268e-07
 Reference value :  1.63943e-07
 Reference value :  1.64578e-07
 Reference value :  1.65113e-07
 Reference value :  1.65808e-07
 Reference value :  1.66498e-07
 Reference value :  1.67218e-07
 Reference value :  1.67863e-07
 Reference value :  1.68443e-07
 Reference value :  1.69178e-07
 Reference value :  1.69808e-07
 Reference value :  1.70413e-07
 Reference value :  1.71133e-07
 Reference value :  1.71773e-07
 Reference value :  1.72413e-07
 Reference value :  1.73068e-07
 Reference value :  1.73843e-07
 Reference value :  1.74458e-07
 Reference value :  1.75078e-07
 Reference value :  1.75743e-07
 Reference value :  1.76323e-07
 Reference value :  1.76943e-07
 Reference value :  1.77693e-07
 Reference value :  1.78348e-07
 Reference value :  1.79023e-07
 Reference value :  1.79768e-07
 Reference value :  1.80458e-07
 Reference value :  1.81078e-07
 Reference value :  1.81813e-07
 Reference value :  1.82573e-07
 Reference value :  1.83123e-07
 Reference value :  1.83743e-07
 Reference value :  1.84393e-07
 Reference value :  1.85013e-07
 Reference value :  1.85643e-07
 Reference value :  1.86323e-07
 Reference value :  1.87018e-07
 Reference value :  1.87578e-07
 Reference value :  1.88138e-07
 Reference value :  1.88713e-07
 Reference value :  1.89313e-07
 Reference value :  1.89823e-07
 Reference value :  1.90313e-07
 Reference value :  1.90833e-07
 Reference value :  1.91428e-07
 Reference value :  1.91978e-07
 Reference value :  1.92498e-07
 Reference value :  1.93008e-07
 Reference value :  1.93663e-07
 Reference value :  1.94348e-07
 Reference value :  1.94998e-07
 Reference value :  1.95623e-07
 Reference value :  1.96298e-07
 Reference value :  1.97013e-07
 Reference value :  1.97503e-07
 Reference value :  1.98033e-07
 Reference value :  1.98588e-07
 Reference value :  1.99228e-07
 Reference value :  1.99808e-07
 Reference value :  2.00403e-07
 Reference value :  2.01068e-07
 Reference value :  2.01803e-07
 Reference value :  2.02438e-07
 Reference value :  2.03038e-07
 Reference value :  2.03798e-07
 Reference value :  2.04363e-07
 Reference value :  2.04938e-07
 Reference value :  2.05538e-07
 Reference value :  2.06168e-07
 Reference value :  2.06778e-07
 Reference value :  2.07308e-07
 Reference value :  2.07833e-07
 Reference value :  2.08483e-07
 Reference value :  2.09058e-07
 Reference value :  2.09693e-07
 Reference value :  2.10383e-07
 Reference value :  2.10968e-07
 Reference value :  2.11543e-07
 Reference value :  2.12233e-07
 Reference value :  2.12903e-07
 Reference value :  2.13418e-07
 Reference value :  2.14018e-07
 Reference value :  2.14643e-07
 Reference value :  2.15283e-07
 Reference value :  2.15873e-07
 Reference value :  2.16533e-07
 Reference value :  2.17218e-07
 Reference value :  2.17798e-07
 Reference value :  2.18463e-07
 Reference value :  2.19098e-07
 Reference value :  2.19768e-07
 Reference value :  2.20403e-07
 Reference value :  2.21068e-07
 Reference value :  2.21758e-07
 Reference value :  2.22408e-07
 Reference value :  2.23043e-07
 Reference value :  2.23693e-07
 Reference value :  2.24363e-07
 Reference value :  2.24968e-07
 Reference value :  2.25528e-07
 Reference value :  2.26118e-07
 Reference value :  2.26808e-07
 Reference value :  2.27363e-07
 Reference value :  2.27878e-07
 Reference value :  2.28478e-07
 Reference value :  2.29138e-07
 Reference value :  2.29788e-07
 Reference value :  2.30293e-07
 Reference value :  2.30813e-07
 Reference value :  2.31433e-07
 Reference value :  2.32123e-07
 Reference value :  2.32723e-07
 Reference value :  2.33358e-07
 Reference value :  2.33993e-07
 Reference value :  2.34568e-07
 Reference value :  2.35148e-07
 Reference value :  2.35758e-07
 Reference value :  2.36413e-07
 Reference value :  2.37133e-07
 Reference value :  2.37698e-07
 Reference value :  2.38318e-07
 Reference value :  2.38938e-07
 Reference value :  2.39463e-07
 Reference value :  2.39978e-07
 Reference value :  2.40628e-07
 Reference value :  2.41193e-07
 Reference value :  2.41748e-07
 Reference value :  2.42358e-07
 Reference value :  2.43008e-07
 Reference value :  2.43633e-07
 Reference value :  2.44243e-07
 Reference value :  2.44843e-07
 Reference value :  2.45573e-07
 Reference value :  2.46128e-07
 Reference value :  2.46763e-07
 Reference value :  2.47438e-07
 Reference value :  2.48133e-07
 Reference value :  2.48783e-07
 Reference value :  2.49433e-07
 Reference value :  2.50083e-07
 Reference value :  2.50738e-07
 Reference value :  2.51378e-07
 Reference value :  2.52083e-07
 Reference value :  2.52683e-07
 Reference value :  2.53353e-07
 Reference value :  2.53973e-07
 Reference value :  2.54653e-07
 Reference value :  2.55328e-07
 Reference value :  2.56028e-07
 Reference value :  2.56703e-07
 Reference value :  2.57368e-07
 Reference value :  2.57998e-07
 Reference value :  2.58613e-07
 Reference value :  2.59298e-07
 Reference value :  2.59998e-07
 Reference value :  2.60548e-07
 Reference value :  2.61178e-07
 Reference value :  2.61728e-07
 Reference value :  2.62403e-07
 Reference value :  2.62993e-07
 Reference value :  2.63548e-07
 Reference value :  2.64153e-07
 Reference value :  2.64778e-07
 Reference value :  2.65408e-07
 Reference value :  2.66013e-07
 Reference value :  2.66658e-07
 Reference value :  2.67398e-07
 Reference value :  2.68023e-07
 Reference value :  2.68658e-07
 Reference value :  2.69328e-07
 Reference value :  2.69948e-07
 Reference value :  2.70553e-07
 Reference value :  2.71218e-07
 Reference value :  2.71888e-07
 Reference value :  2.72468e-07
 Reference value :  2.73093e-07
 Reference value :  2.73798e-07
 Reference value :  2.74403e-07
 Reference value :  2.75083e-07
 Reference value :  2.75798e-07
 Reference value :  2.76448e-07
 Reference value :  2.77078e-07
 Reference value :  2.77743e-07
 Reference value :  2.78438e-07
 Reference value :  2.79038e-07
 Reference value :  2.79743e-07
 Reference value :  2.80458e-07
 Reference value :  2.81093e-07
 Reference value :  2.81773e-07
 Reference value :  2.82453e-07
 Reference value :  2.83078e-07
 Reference value :  2.83763e-07
 Reference value :  2.84538e-07
 Reference value :  2.85223e-07
 Reference value :  2.85797e-07
 Reference value :  2.86482e-07
 Reference value :  2.87182e-07
 Reference value :  2.87847e-07
 Reference value :  2.88517e-07
 Reference value :  2.89117e-07
 Reference value :  2.89787e-07
 Reference value :  2.90407e-07
 Reference value :  2.91107e-07
 Reference value :  2.91807e-07
 Reference value :  2.92537e-07
 Reference value :  2.93207e-07
 Reference value :  2.93822e-07
 Reference value :  2.94372e-07
 Reference value :  2.95022e-07
 Reference value :  2.95652e-07
 Reference value :  2.96217e-07
 Reference value :  2.96807e-07
 Reference value :  2.97452e-07
 Reference value :  2.98087e-07
 Reference value :  2.98687e-07
 Reference value :  2.99307e-07
 Reference value :  2.99952e-07
 Reference value :  3.00552e-07
 Reference value :  3.01082e-07
 Reference value :  3.01722e-07
 Reference value :  3.02327e-07
 Reference value :  3.02912e-07
 Reference value :  3.03562e-07
 Reference value :  3.04252e-07
 Reference value :  3.04942e-07
 Reference value :  3.05537e-07
 Reference value :  3.06292e-07
 Reference value :  3.06957e-07
 Reference value :  3.07517e-07
 Reference value :  3.08122e-07
 Reference value :  3.08797e-07
 Reference value :  3.09447e-07
 Reference value :  3.10067e-07
 Reference value :  3.10737e-07
 Reference value :  3.11342e-07
 Reference value :  3.12012e-07
 Reference value :  3.12667e-07
 Reference value :  3.13317e-07
 Reference value :  3.13892e-07
 Reference value :  3.14577e-07
 Reference value :  3.15312e-07
 Reference value :  3.15932e-07
 Reference value :  3.16592e-07
 Reference value :  3.17287e-07
 Reference value :  3.17857e-07
 Reference value :  3.18432e-07
 Reference value :  3.19067e-07
 Reference value :  3.19702e-07
 Reference value :  3.20392e-07
 Reference value :  3.20982e-07
 Reference value :  3.21592e-07
 Reference value :  3.22402e-07
 Reference value :  3.23107e-07
 Reference value :  3.23852e-07
 Reference value :  3.24447e-07
 Reference value :  3.25127e-07
 Reference value :  3.25882e-07
 Reference value :  3.26552e-07
 Reference value :  3.27192e-07
 Reference value :  3.27847e-07
 Reference value :  3.28487e-07
 Reference value :  3.29102e-07
 Reference value :  3.29762e-07
 Reference value :  3.30527e-07
 Reference value :  3.31142e-07
 Reference value :  3.31772e-07
 Reference value :  3.32462e-07
 Reference value :  3.33112e-07
 Reference value :  3.33727e-07
 Reference value :  3.34377e-07
 Reference value :  3.35107e-07
 Reference value :  3.35667e-07
 Reference value :  3.36292e-07
 Reference value :  3.36992e-07
 Reference value :  3.37557e-07
 Reference value :  3.38147e-07
 Reference value :  3.38737e-07
 Reference value :  3.39387e-07
 Reference value :  3.40057e-07
 Reference value :  3.40692e-07
 Reference value :  3.41487e-07
 Reference value :  3.42062e-07
 Reference value :  3.42677e-07
 Reference value :  3.43302e-07
 Reference value :  3.43957e-07
 Reference value :  3.44612e-07
 Reference value :  3.45252e-07
 Reference value :  3.45937e-07
 Reference value :  3.46512e-07
 Reference value :  3.47152e-07
 Reference value :  3.47837e-07
 Reference value :  3.48487e-07
 Reference value :  3.48977e-07
 Reference value :  3.49562e-07
 Reference value :  3.50187e-07
 Reference value :  3.50782e-07
 Reference value :  3.51322e-07
 Reference value :  3.52062e-07
 Reference value :  3.52682e-07
 Reference value :  3.53402e-07
 Reference value :  3.54152e-07
 Reference value :  3.54867e-07
 Reference value :  3.55587e-07
 Reference value :  3.56262e-07
 Reference value :  3.56937e-07
 Reference value :  3.57582e-07
 Reference value :  3.58127e-07
 Reference value :  3.58687e-07
 Reference value :  3.59327e-07
 Reference value :  3.59867e-07
 Reference value :  3.60447e-07
 Reference value :  3.61017e-07
 Reference value :  3.61587e-07
 Reference value :  3.62157e-07
 Reference value :  3.62807e-07
 Reference value :  3.63447e-07
 Reference value :  3.63977e-07
 Reference value :  3.64457e-07
 Reference value :  3.65057e-07
 Reference value :  3.65697e-07
 Reference value :  3.66252e-07
 Reference value :  3.66862e-07
 Reference value :  3.67502e-07
 Reference value :  3.68102e-07
 Reference value :  3.68637e-07
 Reference value :  3.69172e-07
 Reference value :  3.69737e-07
 Reference value :  3.70232e-07
 Reference value :  3.70722e-07
 Reference value :  3.71247e-07
 Reference value :  3.71797e-07
 Reference value :  3.72302e-07
 Reference value :  3.72792e-07
 Reference value :  3.73322e-07
 Reference value :  3.73922e-07
 Reference value :  3.74447e-07
 Reference value :  3.75027e-07
 Reference value :  3.75562e-07
 Reference value :  3.76097e-07
 Reference value :  3.76727e-07
 Reference value :  3.77362e-07
 Reference value :  3.77942e-07
 Reference value :  3.78577e-07
 Reference value :  3.79202e-07
 Reference value :  3.79947e-07
 Reference value :  3.80652e-07
 Reference value :  3.81307e-07
 Reference value :  3.81862e-07
 Reference value :  3.82607e-07
 Reference value :  3.83252e-07
 Reference value :  3.83857e-07
 Reference value :  3.84452e-07
 Reference value :  3.85217e-07
 Reference value :  3.85817e-07
 Reference value :  3.86322e-07
 Reference value :  3.86887e-07
 Reference value :  3.87467e-07
 Reference value :  3.88057e-07
 Reference value :  3.88642e-07
 Reference value :  3.89317e-07
 Reference value :  3.89862e-07
 Reference value :  3.90427e-07
 Reference value :  3.90947e-07
 Reference value :  3.91522e-07
 Reference value :  3.92072e-07
 Reference value :  3.92597e-07
 Reference value :  3.93127e-07
 Reference value :  3.93657e-07
 Reference value :  3.94182e-07
 Reference value :  3.94682e-07
 Reference value :  3.95132e-07
 Reference value :  3.95642e-07
 Reference value :  3.96142e-07
 Reference value :  3.96662e-07
 Reference value :  3.97182e-07
 Reference value :  3.97877e-07
 Reference value :  3.98522e-07
 Reference value :  3.99012e-07
 Reference value :  3.99582e-07
 Reference value :  4.00262e-07
 Reference value :  4.00802e-07
 Reference value :  4.01367e-07
 Reference value :  4.02057e-07
 Reference value :  4.02722e-07
 Reference value :  4.03277e-07
 Reference value :  4.03947e-07
 Reference value :  4.04577e-07
 Reference value :  4.05247e-07
 Reference value :  4.06027e-07
 Reference value :  4.06562e-07
 Reference value :  4.07172e-07
 Reference value :  4.07947e-07
 Reference value :  4.08632e-07
 Reference value :  4.09137e-07
 Reference value :  4.09642e-07
 Reference value :  4.10252e-07
 Reference value :  4.10737e-07
 Reference value :  4.11292e-07
 Reference value :  4.11852e-07
 Reference value :  4.12432e-07
 Reference value :  4.13192e-07
 Reference value :  4.13822e-07
 Reference value :  4.14402e-07
 Reference value :  4.15107e-07
 Reference value :  4.15787e-07
 Reference value :  4.16457e-07
 Reference value :  4.17077e-07
 Reference value :  4.17822e-07
 Reference value :  4.18567e-07
 Reference value :  4.19242e-07
 Reference value :  4.19902e-07
 Reference value :  4.20557e-07
 Reference value :  4.21227e-07
 Reference value :  4.21972e-07
 Reference value :  4.22612e-07
 Reference value :  4.23257e-07
 Reference value :  4.23907e-07
 Reference value :  4.24562e-07
 Reference value :  4.25082e-07
 Reference value :  4.25642e-07
 Reference value :  4.26292e-07
 Reference value :  4.26817e-07
 Reference value :  4.27357e-07
 Reference value :  4.27877e-07
 Reference value :  4.28502e-07
 Reference value :  4.29112e-07
 Reference value :  4.29717e-07
 Reference value :  4.30417e-07
 Reference value :  4.31067e-07
 Reference value :  4.31602e-07
 Reference value :  4.32197e-07
 Reference value :  4.32917e-07
 Reference value :  4.33532e-07
 Reference value :  4.34117e-07
 Reference value :  4.34677e-07
 Reference value :  4.35312e-07
 Reference value :  4.35822e-07
 Reference value :  4.36412e-07
 Reference value :  4.36962e-07
 Reference value :  4.37592e-07
 Reference value :  4.38277e-07
 Reference value :  4.38857e-07
 Reference value :  4.39432e-07
 Reference value :  4.40062e-07
 Reference value :  4.40672e-07
 Reference value :  4.41272e-07
 Reference value :  4.41817e-07
 Reference value :  4.42407e-07
 Reference value :  4.43007e-07
 Reference value :  4.43587e-07
 Reference value :  4.44137e-07
 Reference value :  4.44672e-07
 Reference value :  4.45277e-07
 Reference value :  4.45952e-07
 Reference value :  4.46557e-07
 Reference value :  4.47227e-07
 Reference value :  4.47987e-07
 Reference value :  4.48547e-07
 Reference value :  4.49167e-07
 Reference value :  4.49782e-07
 Reference value :  4.50432e-07
 Reference value :  4.51092e-07
 Reference value :  4.51682e-07
 Reference value :  4.52312e-07
 Reference value :  4.53002e-07
 Reference value :  4.53617e-07
 Reference value :  4.54162e-07
 Reference value :  4.54747e-07
 Reference value :  4.55302e-07
 Reference value :  4.55867e-07
 Reference value :  4.56417e-07
 Reference value :  4.57047e-07
 Reference value :  4.57592e-07
 Reference value :  4.58162e-07
 Reference value :  4.58817e-07
 Reference value :  4.59477e-07
 Reference value :  4.60167e-07
 Reference value :  4.60897e-07
 Reference value :  4.61597e-07
 Reference value :  4.62227e-07
 Reference value :  4.62827e-07
 Reference value :  4.63542e-07
 Reference value :  4.64142e-07
 Reference value :  4.64712e-07
 Reference value :  4.65317e-07
 Reference value :  4.65947e-07
 Reference value :  4.66427e-07
 Reference value :  4.66957e-07
 Reference value :  4.67552e-07
 Reference value :  4.68172e-07
 Reference value :  4.68692e-07
 Reference value :  4.69257e-07
 Reference value :  4.69792e-07
 Reference value :  4.70372e-07
 Reference value :  4.70957e-07
 Reference value :  4.71527e-07
 Reference value :  4.72152e-07
 Reference value :  4.72762e-07
 Reference value :  4.73342e-07
 Reference value :  4.73957e-07
 Reference value :  4.74607e-07
 Reference value :  4.75262e-07
 Reference value :  4.75957e-07
 Reference value :  4.76672e-07
 Reference value :  4.77247e-07
 Reference value :  4.77857e-07
 Reference value :  4.78582e-07
 Reference value :  4.79252e-07
 Reference value :  4.79877e-07
 Reference value :  4.80597e-07
 Reference value :  4.81242e-07
 Reference value :  4.81807e-07
 Reference value :  4.82422e-07
 Reference value :  4.83052e-07
 Reference value :  4.83632e-07
 Reference value :  4.84272e-07
 Reference value :  4.84837e-07
 Reference value :  4.85527e-07
 Reference value :  4.86132e-07
 Reference value :  4.86757e-07
 Reference value :  4.87372e-07
 Reference value :  4.87997e-07
 Reference value :  4.88697e-07
 Reference value :  4.89352e-07
 Reference value :  4.90042e-07
 Reference value :  4.90657e-07
 Reference value :  4.91382e-07
 Reference value :  4.92087e-07
 Reference value :  4.92687e-07
 Reference value :  4.93387e-07
 Reference value :  4.93952e-07
 Reference value :  4.94557e-07
 Reference value :  4.95162e-07
 Reference value :  4.95832e-07
 Reference value :  4.96487e-07
 Reference value :  4.97027e-07
 Reference value :  4.97657e-07
 Reference value :  4.98377e-07
 Reference value :  4.98992e-07
 Reference value :  4.99557e-07
 Reference value :  5.00257e-07
 Reference value :  5.00917e-07
 Reference value :  5.01472e-07
 Reference value :  5.01997e-07
 Reference value :  5.02572e-07
 Reference value :  5.03177e-07
 Reference value :  5.03807e-07
 Reference value :  5.04417e-07
 Reference value :  5.04987e-07
 Reference value :  5.05537e-07
 Reference value :  5.06157e-07
 Reference value :  5.06767e-07
 Reference value :  5.07267e-07
 Reference value :  5.07842e-07
 Reference value :  5.08442e-07
 Reference value :  5.09087e-07
 Reference value :  5.09582e-07
 Reference value :  5.10117e-07
 Reference value :  5.10637e-07
 Reference value :  5.11392e-07
 Reference value :  5.12022e-07
 Reference value :  5.12577e-07
 Reference value :  5.13252e-07
 Reference value :  5.13917e-07
 Reference value :  5.14602e-07
 Reference value :  5.15227e-07
 Reference value :  5.15942e-07
 Reference value :  5.16592e-07
 Reference value :  5.17102e-07
 Reference value :  5.17782e-07
 Reference value :  5.18372e-07
 Reference value :  5.18907e-07
 Reference value :  5.19447e-07
 Reference value :  5.20042e-07
 Reference value :  5.20582e-07
 Reference value :  5.21127e-07
 Reference value :  5.21707e-07
 Reference value :  5.22282e-07
 Reference value :  5.22777e-07
 Reference value :  5.23397e-07
 Reference value :  5.23972e-07
 Reference value :  5.24557e-07
 Reference value :  5.25092e-07
 Reference value :  5.25632e-07
 Reference value :  5.26277e-07
 Reference value :  5.26867e-07
 Reference value :  5.27407e-07
 Reference value :  5.27972e-07
 Reference value :  5.28652e-07
 Reference value :  5.29277e-07
 Reference value :  5.29842e-07
 Reference value :  5.30417e-07
 Reference value :  5.31067e-07
 Reference value :  5.31662e-07
 Reference value :  5.32212e-07
 Reference value :  5.32807e-07
 Reference value :  5.33472e-07
 Reference value :  5.34032e-07
 Reference value :  5.34647e-07
 Reference value :  5.35207e-07
 Reference value :  5.35822e-07
 Reference value :  5.36432e-07
 Reference value :  5.36982e-07
 Reference value :  5.37507e-07
 Reference value :  5.38092e-07
 Reference value :  5.38662e-07
 Reference value :  5.39317e-07
 Reference value :  5.39907e-07
 Reference value :  5.40472e-07
 Reference value :  5.41007e-07
 Reference value :  5.41637e-07
 Reference value :  5.42197e-07
 Reference value :  5.42792e-07
 Reference value :  5.43417e-07
 Reference value :  5.44122e-07
 Reference value :  5.44682e-07
 Reference value :  5.45192e-07
 Reference value :  5.45762e-07
 Reference value :  5.46377e-07
 Reference value :  5.46962e-07
 Reference value :  5.47527e-07
 Reference value :  5.48077e-07
 Reference value :  5.48697e-07
 Reference value :  5.49257e-07
 Reference value :  5.49852e-07
 Reference value :  5.50517e-07
 Reference value :  5.51187e-07
 Reference value :  5.51812e-07
 Reference value :  5.52387e-07
 Reference value :  5.52952e-07
 Reference value :  5.53502e-07
 Reference value :  5.54017e-07
 Reference value :  5.54587e-07
 Reference value :  5.55132e-07
 Reference value :  5.55662e-07
 Reference value :  5.56192e-07
 Reference value :  5.56807e-07
 Reference value :  5.57437e-07
 Reference value :  5.57957e-07
 Reference value :  5.58522e-07
 Reference value :  5.59217e-07
 Reference value :  5.59757e-07
 Reference value :  5.60262e-07
 Reference value :  5.60792e-07
 Reference value :  5.61442e-07
 Reference value :  5.62047e-07
 Reference value :  5.62567e-07
 Reference value :  5.63132e-07
 Reference value :  5.63742e-07
 Reference value :  5.64337e-07
 Reference value :  5.64842e-07
 Reference value :  5.65457e-07
 Reference value :  5.66017e-07
 Reference value :  5.66562e-07
 Reference value :  5.67142e-07
 Reference value :  5.67687e-07
 Reference value :  5.68262e-07
 Reference value :  5.68872e-07
 Reference value :  5.69447e-07
 Reference value :  5.70007e-07
 Reference value :  5.70592e-07
 Reference value :  5.71152e-07
 Reference value :  5.71777e-07
 Reference value :  5.72427e-07
 Reference value :  5.72952e-07
 Reference value :  5.73527e-07
 Reference value :  5.74142e-07
 Reference value :  5.74797e-07
 Reference value :  5.75412e-07
 Reference value :  5.75997e-07
 Reference value :  5.76667e-07
 Reference value :  5.77272e-07
 Reference value :  5.77812e-07
 Reference value :  5.78447e-07
 Reference value :  5.79207e-07
 Reference value :  5.79812e-07
 Reference value :  5.80377e-07
 Reference value :  5.80977e-07
 Reference value :  5.81602e-07
 Reference value :  5.82237e-07
 Reference value :  5.82807e-07
 Reference value :  5.83382e-07
 Reference value :  5.83977e-07
 Reference value :  5.84567e-07
 Reference value :  5.85142e-07
 Reference value :  5.85697e-07
 Reference value :  5.86262e-07
 Reference value :  5.86832e-07
 Reference value :  5.87457e-07
 Reference value :  5.88077e-07
 Reference value :  5.88727e-07
 Reference value :  5.89392e-07
 Reference value :  5.90067e-07
 Reference value :  5.90662e-07
 Reference value :  5.91302e-07
 Reference value :  5.92112e-07
 Reference value :  5.92717e-07
 Reference value :  5.93257e-07
 Reference value :  5.93872e-07
 Reference value :  5.94552e-07
 Reference value :  5.95077e-07
 Reference value :  5.95642e-07
 Reference value :  5.96252e-07
 Reference value :  5.96902e-07
 Reference value :  5.97482e-07
 Reference value :  5.98112e-07
 Reference value :  5.98677e-07
 Reference value :  5.99277e-07
 Reference value :  5.99847e-07
 Reference value :  6.00487e-07
 Reference value :  6.01163e-07
 Reference value :  6.01758e-07
 Reference value :  6.02388e-07
 Reference value :  6.02948e-07
 Reference value :  6.03533e-07
 Reference value :  6.04068e-07
 Reference value :  6.04668e-07
 Reference value :  6.05178e-07
 Reference value :  6.05703e-07
 Reference value :  6.06248e-07
 Reference value :  6.06818e-07
 Reference value :  6.07443e-07
 Reference value :  6.07938e-07
 Reference value :  6.08538e-07
 Reference value :  6.09118e-07
 Reference value :  6.09703e-07
 Reference value :  6.10273e-07
 Reference value :  6.10793e-07
 Reference value :  6.11333e-07
 Reference value :  6.11948e-07
 Reference value :  6.12518e-07
 Reference value :  6.13088e-07
 Reference value :  6.13718e-07
 Reference value :  6.14323e-07
 Reference value :  6.14933e-07
 Reference value :  6.15448e-07
 Reference value :  6.15998e-07
 Reference value :  6.16578e-07
 Reference value :  6.17158e-07
 Reference value :  6.17703e-07
 Reference value :  6.18213e-07
 Reference value :  6.18753e-07
 Reference value :  6.19283e-07
 Reference value :  6.19878e-07
 Reference value :  6.20393e-07
 Reference value :  6.20933e-07
 Reference value :  6.21428e-07
 Reference value :  6.22023e-07
 Reference value :  6.22623e-07
 Reference value :  6.23113e-07
 Reference value :  6.23603e-07
 Reference value :  6.24218e-07
 Reference value :  6.24873e-07
 Reference value :  6.25388e-07
 Reference value :  6.25908e-07
 Reference value :  6.26478e-07
 Reference value :  6.27143e-07
 Reference value :  6.27678e-07
 Reference value :  6.28218e-07
 Reference value :  6.28773e-07
 Reference value :  6.29433e-07
 Reference value :  6.29948e-07
 Reference value :  6.30513e-07
 Reference value :  6.31068e-07
 Reference value :  6.31673e-07
 Reference value :  6.32203e-07
 Reference value :  6.32763e-07
 Reference value :  6.33478e-07
 Reference value :  6.34023e-07
 Reference value :  6.34623e-07
 Reference value :  6.35183e-07
 Reference value :  6.35753e-07
 Reference value :  6.36268e-07
 Reference value :  6.36838e-07
 Reference value :  6.37493e-07
 Reference value :  6.38068e-07
 Reference value :  6.38638e-07
 Reference value :  6.39223e-07
 Reference value :  6.39893e-07
 Reference value :  6.40493e-07
 Reference value :  6.41138e-07
 Reference value :  6.41758e-07
 Reference value :  6.42488e-07
 Reference value :  6.43073e-07
 Reference value :  6.43638e-07
 Reference value :  6.44168e-07
 Reference value :  6.44763e-07
 Reference value :  6.45303e-07
 Reference value :  6.45833e-07
 Reference value :  6.46413e-07
 Reference value :  6.46933e-07
 Reference value :  6.47498e-07
 Reference value :  6.48008e-07
 Reference value :  6.48573e-07
 Reference value :  6.49123e-07
 Reference value :  6.49723e-07
 Reference value :  6.50273e-07
 Reference value :  6.50918e-07
 Reference value :  6.51453e-07
 Reference value :  6.52063e-07
 Reference value :  6.52658e-07
 Reference value :  6.53273e-07
 Reference value :  6.53823e-07
 Reference value :  6.54363e-07
 Reference value :  6.55003e-07
 Reference value :  6.55573e-07
 Reference value :  6.56103e-07
 Reference value :  6.56673e-07
 Reference value :  6.57328e-07
 Reference value :  6.57933e-07
 Reference value :  6.58538e-07
 Reference value :  6.59148e-07
 Reference value :  6.59828e-07
 Reference value :  6.60428e-07
 Reference value :  6.61103e-07
 Reference value :  6.61753e-07
 Reference value :  6.62403e-07
 Reference value :  6.63028e-07
 Reference value :  6.63638e-07
 Reference value :  6.64318e-07
 Reference value :  6.64958e-07
 Reference value :  6.65673e-07
 Reference value :  6.66378e-07
 Reference value :  6.67073e-07
 Reference value :  6.67683e-07
 Reference value :  6.68338e-07
 Reference value :  6.68923e-07
 Reference value :  6.69578e-07
 Reference value :  6.70293e-07
 Reference value :  6.70928e-07
 Reference value :  6.71603e-07
 Reference value :  6.72238e-07
 Reference value :  6.72913e-07
 Reference value :  6.73513e-07
 Reference value :  6.74283e-07
 Reference value :  6.75223e-07
 Reference value :  6.75848e-07
 Reference value :  6.76478e-07
 Reference value :  6.77198e-07
 Reference value :  6.77918e-07
 Reference value :  6.78533e-07
 Reference value :  6.79163e-07
 Reference value :  6.79773e-07
 Reference value :  6.80423e-07
 Reference value :  6.80963e-07
 Reference value :  6.81593e-07
 Reference value :  6.82198e-07
 Reference value :  6.82743e-07
 Reference value :  6.83303e-07
 Reference value :  6.83863e-07
 Reference value :  6.84423e-07
 Reference value :  6.85073e-07
 Reference value :  6.85663e-07
 Reference value :  6.86188e-07
 Reference value :  6.86698e-07
 Reference value :  6.87288e-07
 Reference value :  6.87993e-07
 Reference value :  6.88613e-07
 Reference value :  6.89283e-07
 Reference value :  6.89948e-07
 Reference value :  6.90628e-07
 Reference value :  6.91168e-07
 Reference value :  6.91763e-07
 Reference value :  6.92363e-07
 Reference value :  6.92948e-07
 Reference value :  6.93583e-07
 Reference value :  6.94283e-07
 Reference value :  6.94918e-07
 Reference value :  6.95473e-07
 Reference value :  6.96048e-07
 Reference value :  6.96648e-07
 Reference value :  6.97283e-07
 Reference value :  6.97948e-07
 Reference value :  6.98668e-07
 Reference value :  6.99273e-07
 Reference value :  6.99938e-07
 Reference value :  7.00658e-07
 Reference value :  7.01398e-07
 Reference value :  7.02113e-07
 Reference value :  7.02843e-07
 Reference value :  7.03503e-07
 Reference value :  7.04243e-07
 Reference value :  7.04958e-07
 Reference value :  7.06038e-07
 Reference value :  7.06783e-07
 Reference value :  7.07568e-07
 Reference value :  7.08343e-07
 Reference value :  7.08968e-07
 Reference value :  7.09608e-07
 Reference value :  7.10273e-07
 Reference value :  7.10873e-07
 Reference value :  7.11433e-07
 Reference value :  7.12023e-07
 Reference value :  7.12618e-07
 Reference value :  7.13188e-07
 Reference value :  7.13753e-07
 Reference value :  7.14458e-07
 Reference value :  7.15103e-07
 Reference value :  7.15718e-07
 Reference value :  7.16333e-07
 Reference value :  7.16983e-07
 Reference value :  7.17613e-07
 Reference value :  7.18313e-07
 Reference value :  7.19013e-07
 Reference value :  7.19653e-07
 Reference value :  7.20348e-07
 Reference value :  7.20958e-07
 Reference value :  7.21508e-07
 Reference value :  7.22113e-07
 Reference value :  7.22728e-07
 Reference value :  7.23333e-07
 Reference value :  7.23958e-07
 Reference value :  7.24653e-07
 Reference value :  7.25298e-07
 Reference value :  7.25828e-07
 Reference value :  7.26388e-07
 Reference value :  7.26958e-07
 Reference value :  7.27558e-07
 Reference value :  7.28103e-07
 Reference value :  7.28648e-07
 Reference value :  7.29263e-07
 Reference value :  7.29918e-07
 Reference value :  7.30498e-07
 Reference value :  7.31123e-07
 Reference value :  7.31748e-07
 Reference value :  7.32358e-07
 Reference value :  7.33038e-07
 Reference value :  7.33713e-07
 Reference value :  7.34428e-07
 Reference value :  7.35223e-07
 Reference value :  7.35993e-07
 Reference value :  7.36673e-07
 Reference value :  7.37338e-07
 Reference value :  7.38053e-07
 Reference value :  7.38753e-07
 Reference value :  7.39383e-07
 Reference value :  7.39998e-07
 Reference value :  7.40738e-07
 Reference value :  7.41393e-07
 Reference value :  7.42018e-07
 Reference value :  7.42668e-07
 Reference value :  7.43258e-07
 Reference value :  7.43833e-07
 Reference value :  7.44408e-07
 Reference value :  7.44943e-07
 Reference value :  7.45448e-07
 Reference value :  7.45958e-07
 Reference value :  7.46508e-07
 Reference value :  7.47028e-07
 Reference value :  7.47518e-07
 Reference value :  7.48068e-07
 Reference value :  7.48658e-07
 Reference value :  7.49188e-07
 Reference value :  7.49748e-07
 Reference value :  7.50318e-07
 Reference value :  7.50938e-07
 Reference value :  7.51583e-07
 Reference value :  7.52133e-07
 Reference value :  7.52823e-07
 Reference value :  7.53408e-07
 Reference value :  7.54028e-07
 Reference value :  7.54568e-07
 Reference value :  7.55143e-07
 Reference value :  7.55818e-07
 Reference value :  7.56348e-07
 Reference value :  7.56928e-07
 Reference value :  7.57628e-07
 Reference value :  7.58328e-07
 Reference value :  7.58938e-07
 Reference value :  7.59563e-07
 Reference value :  7.60193e-07
 Reference value :  7.60763e-07
 Reference value :  7.61303e-07
 Reference value :  7.61798e-07
 Reference value :  7.62398e-07
 Reference value :  7.62948e-07
 Reference value :  7.63513e-07
 Reference value :  7.64113e-07
 Reference value :  7.64693e-07
 Reference value :  7.65348e-07
 Reference value :  7.65953e-07
 Reference value :  7.66643e-07
 Reference value :  7.67223e-07
 Reference value :  7.67843e-07
 Reference value :  7.68453e-07
 Reference value :  7.69053e-07
 Reference value :  7.69628e-07
 Reference value :  7.70208e-07
 Reference value :  7.70883e-07
 Reference value :  7.71483e-07
 Reference value :  7.72013e-07
 Reference value :  7.72568e-07
 Reference value :  7.73208e-07
 Reference value :  7.73703e-07
 Reference value :  7.74288e-07
 Reference value :  7.74858e-07
 Reference value :  7.75548e-07
 Reference value :  7.76143e-07
 Reference value :  7.76798e-07
 Reference value :  7.77418e-07
 Reference value :  7.78073e-07
 Reference value :  7.78748e-07
 Reference value :  7.79398e-07
 Reference value :  7.79988e-07
 Reference value :  7.80568e-07
 Reference value :  7.81238e-07
 Reference value :  7.82003e-07
 Reference value :  7.82588e-07
 Reference value :  7.83213e-07
 Reference value :  7.83808e-07
 Reference value :  7.84333e-07
 Reference value :  7.84913e-07
 Reference value :  7.85563e-07
 Reference value :  7.86173e-07
 Reference value :  7.86688e-07
 Reference value :  7.87283e-07
 Reference value :  7.87933e-07
 Reference value :  7.88543e-07
 Reference value :  7.89133e-07
 Reference value :  7.89763e-07
 Reference value :  7.90358e-07
 Reference value :  7.91003e-07
 Reference value :  7.91608e-07
 Reference value :  7.92203e-07
 Reference value :  7.92898e-07
 Reference value :  7.93578e-07
 Reference value :  7.94123e-07
 Reference value :  7.94663e-07
 Reference value :  7.95253e-07
 Reference value :  7.95833e-07
 Reference value :  7.96393e-07
 Reference value :  7.97018e-07
 Reference value :  7.97618e-07
 Reference value :  7.98278e-07
 Reference value :  7.98948e-07
 Reference value :  7.99583e-07
No. of Data Rows : 160024
pt1a                =  1.42968e-08
pt1b                =  7.62525e-08
pt2a                =  1.38422e-08
pt2b                =  7.25243e-08
pt3a                =  1.35319e-08
pt3b                =  6.95466e-08
pt4a                =  1.31913e-08
pt4b                =  6.65916e-08
pvxo_max            =  2.04705e+00 at=  4.60037e-07
pvxo_min            =  -4.27223e-02 at=  2.99282e-07
ptxo_a              =  1.14476e-08
ptxo_b              =  9.79722e-08
ptt1a               =  1.41606e-08
ptt1b               =  1.85488e-07
pvxo_avg            =  8.22853e-01 from=  1.00000e-07 to=  8.00000e-07
pvt1_avg            =  9.04346e-01 from=  1.00000e-07 to=  8.00000e-07
pi1                 =  -1.37387e-05 from=  1.00000e-07 to=  8.00000e-07
pi2                 =  -1.44103e-05 from=  1.00000e-07 to=  8.00000e-07
pi3                 =  -1.50412e-05 from=  1.00000e-07 to=  8.00000e-07
pi4                 =  -1.56732e-05 from=  1.00000e-07 to=  8.00000e-07
pib                 =  -1.10144e-04 from=  1.00000e-07 to=  8.00000e-07
t1a                 =  1.21736e-08
t1b                 =  3.93148e-08
t2a                 =  1.17084e-08
t2b                 =  3.68749e-08
t3a                 =  1.12812e-08
t3b                 =  3.47091e-08
t4a                 =  1.09046e-08
t4b                 =  3.27114e-08
vxo_max             =  2.12721e+00 at=  5.53852e-07
vxo_min             =  -1.26562e-01 at=  1.74418e-07
txo_a               =  8.02386e-09
txo_b               =  4.81993e-08
tt1a                =  8.25910e-09
tt1b                =  8.37965e-08
vxo_avg             =  9.62823e-01 from=  1.00000e-07 to=  8.00000e-07
vt1_avg             =  9.37467e-01 from=  1.00000e-07 to=  8.00000e-07
i1                  =  -1.63558e-05 from=  1.00000e-07 to=  8.00000e-07
i2                  =  -1.72599e-05 from=  1.00000e-07 to=  8.00000e-07
i3                  =  -1.81545e-05 from=  1.00000e-07 to=  8.00000e-07
i4                  =  -1.90562e-05 from=  1.00000e-07 to=  8.00000e-07
ib                  =  -1.14675e-04 from=  1.00000e-07 to=  8.00000e-07
p_tr1 = 6.195566e-09
p_tr2 = 5.868206e-09
p_tr3 = 5.601474e-09
p_tr4 = 5.340026e-09
p_skew_span = 1.160213e+00
p_f_ideal = 6.976050e+08
p_f_xo = 5.547554e+08
p_edge_retention = 7.952285e-01
p_retention_n2 = 8.443390e-01
p_retention_n4 = 7.952285e-01
p_bias_t1 = 4.567404e-01
p_bias_xo = 4.155826e-01
p_swing_frac_xo = 1.055439e+00
p_i_rings = 5.886337e-05
p_i_block = 1.101435e-04
p_i_array_total = 1.690069e-04
p_p_array_total = 3.346336e-04
tr1 = 2.714125e-09
tr2 = 2.516643e-09
tr3 = 2.342784e-09
tr4 = 2.180681e-09
skew_span = 1.244623e+00
f_ideal = 1.651213e+09
f_xo = 1.194759e+09
edge_retention = 7.235644e-01
retention_n2 = 8.297847e-01
retention_n4 = 7.235644e-01
bias_t1 = 4.734680e-01
bias_xo = 4.862741e-01
swing_frac_xo = 1.138269e+00
i_rings = 7.082645e-05
i_block = 1.146748e-04
i_array_total = 1.855013e-04
p_array_total_pre = 3.672925e-04
slowdown_r1 = 2.282712e+00
slowdown_r2 = 2.331759e+00
slowdown_r3 = 2.390948e+00
slowdown_r4 = 2.448788e+00
Note: Simulation executed from .control section 

----- stderr -----

