|* Post-layout sampler_core (whole composed cell -- four skewed rings, four
|* output buffers, the three-xor2 combining tree, AND all six sampler_dff
|* instances) with the shared substrate node left FLOATING -- the
|* sampler_core-scope sibling of
|* sim/post-layout-ro-array-core/testbench/tb_post_layout_ro_array_core_substrate_float.spice,
|* now with the six-instance digitizer bank physically present on the same
|* shared substrate for the first time (the array-scope deck it extends from
|* has no samplers at all, in its netlist or in its extraction).
|*
|* Purpose (DR-0003 section 8's inter-ring decorrelation gap; DR-0006's own
|* "Follow-up required" section names sampler_core as the one remaining
|* hierarchy level with no substrate-coupling measurement of its own). This
|* deck differs from
|* sim/post-layout-sampler-core/testbench/tb_post_layout_sampler_core.spice's
|* post-layout half in exactly one respect: that deck ties `vsubs` hard to 0
|* (`Vsub vsubs 0 dc 0`), this one does not tie it at all, leaving it on
|* layout/pex-sampler-core/sampler_core_pex.spice's own
|* `Rvsubs_dctie vsubs 0 1e+12` (klayout-tools#1503). The pair brackets the
|* real answer the same way DR-0005 (ring scope) and DR-0006 (array scope)
|* did:
|*
|*   TIED   (sim/post-layout-sampler-core/'s own already-landed records) --
|*          ideal zero-impedance substrate, no inter-ring coupling possible
|*          by construction.
|*   FLOAT  (this deck) -- ideal infinite-impedance shared substrate: every
|*          ring's (and every sampler's) switching current is forced through
|*          the shared node's capacitance and into every other block sharing
|*          it.
|*
|* No pre-layout control: a pre-layout netlist has no substrate node, so it
|* has nothing to say about this question (same choice every prior
|* substrate-bracket deck in this repo makes). Dropping the pre-layout half
|* is also what makes this deck roughly half the cost of the tied deck it is
|* compared against, at no loss of comparability -- the tied deck's own
|* post-layout measurements are taken on the same nodes, with the same
|* estimators, in the same deck-local time windows.
|*
|* Stimulus is copied verbatim from tb_post_layout_sampler_core.spice's own
|* post-layout half (same en1-4/rst_n/clk timeline), so the six samplers see
|* an identical reset-release and clock history in TIED/FLOAT/SOLO. Their own
|* switching activity is then common to all three decks and cancels out of
|* the loading/coupling decomposition the sibling _solo deck computes,
|* isolating the ring-to-ring term DR-0003 section 8 actually asks about.
|*
|* TWO measurement windows, and the honest statement of what each contains.
|* The primary period estimator (`p_tr1`-`p_tr4`, rise=3 -> rise=13) is
|* copied verbatim from the tied deck so the three decks are comparable line
|* for line -- but at this design's post-layout ring periods (3.8-11.7 ns,
|* per the tied deck's own committed records) those thirteen rising edges all
|* fall inside the first ~100 ns of the run, i.e. BEFORE `rst_n` releases at
|* 300 ns and before `clk` starts at 320 ns. In that window the six samplers
|* are held in reset: their real `d`-pin fan-out load, their real extracted
|* capacitance to the shared substrate, and their real physical placement
|* beside the array are all present, but they are not switching. That window
|* is therefore a strictly-larger-scope repeat of DR-0006's array-scope
|* bracket (same measurement, more silicon on the shared node), not a
|* measurement of a new mechanism.
|*
|* The second estimator (`p_tr1_clk`-`p_tr4_clk`) is the new one: a
|* ten-period average taken from the first rising edge after 400 ns, i.e.
|* squarely inside the clocked window (clk rises at 320/420/520/620/720 ns),
|* with all six sampler_dff instances actually latching. It is written with
|* `TRIG`/`TARG ... TD=400n` rather than a fixed rise index on purpose: the
|* ring period varies 3.1x across this repo's PVT grid, so no single rise
|* index lands inside the clocked window at every corner, while a
|* time-gated trigger does. There is no TIED counterpart for this second
|* estimator (the tied records are already minted and are not re-run here),
|* so it yields a `coupling` figure -- float minus solo, both measured here
|* -- but no `loading` figure. That asymmetry is stated in the record rather
|* than papered over.
|*
|* Global substrate addressing, corrected. DR-0006's own array-scope
|* discovery ("A testbench defect, caught and documented rather than
|* silently fixed"): `vsubs` is `.global`-declared in
|* layout/pex-sampler-core/sampler_core_pex.spice (klayout-tools#1503's own
|* workaround), so it is the SAME node everywhere in this deck and must be
|* addressed as `v(vsubs)` directly, never `v(xarr.vsubs)` -- the
|* hierarchical form silently resolves to "no such vector" and DR-0006's own
|* array-scope float/solo decks paid that cost (their own substrate swing
|* measurement did not resolve). This deck uses the corrected form from the
|* start, and splits the swing into two windows so the reset-held one
|* (100-300 ns: rings running, samplers static) is directly comparable with
|* DR-0005's own ring-scope figures, while the clocked one (400-600 ns) adds
|* what the digitizer bank's own switching puts onto the same node.
|*
|* Window / memory. Without an explicit `.save`, ngspice retains a
|* full-resolution trace for every parasitic-star leg node this flat
|* extraction introduces -- confirmed to exhaust available process memory
|* outright during the tied deck's own development. `.save` below keeps only
|* the traces the `.meas` statements read.
|*
|* This file is a TEMPLATE: sim/bin/corner-run.py substitutes /Users/rwalters/.volare/volare/sky130/versions/c6d73a35f524070e85faff4a6a9eef49553ebc2b/sky130A/libs.tech/combined/sky130.lib.spice,
|* tt, 125.0, 1.98 and 5p. As committed it is not a
|* runnable deck. Invoke with
|* `--pex-lib layout/pex-sampler-core/sampler_core_pex.spice` (no
|* --ro-ring5 needed: this deck includes only the post-layout library).
|
|.option scale=1u
|.lib "/Users/rwalters/.volare/volare/sky130/versions/c6d73a35f524070e85faff4a6a9eef49553ebc2b/sky130A/libs.tech/combined/sky130.lib.spice" tt
|
|* post-layout WHOLE-CELL subcircuit library only -- no pre-layout control,
|* see header for why.
|.include "/Users/rwalters/GitHub/sky130-trng/.loom/worktrees/issue-22/layout/pex-sampler-core/sampler_core_pex.spice"
|
|.temp 125.0
|
|* --- substrate return node: FLOATING (see header) -- no Vsub source ----
|
|Vddrp1 pvddr1 0 dc 1.98
|Vddrp2 pvddr2 0 dc 1.98
|Vddrp3 pvddr3 0 dc 1.98
|Vddrp4 pvddr4 0 dc 1.98
|Vddp pvdd 0 dc 1.98
|Venp1 pen1 0 PULSE(0 1.98 5n 100p 100p 1u 2u)
|Venp2 pen2 0 PULSE(0 1.98 5n 100p 100p 1u 2u)
|Venp3 pen3 0 PULSE(0 1.98 5n 100p 100p 1u 2u)
|Venp4 pen4 0 PULSE(0 1.98 5n 100p 100p 1u 2u)
|Vrstnp prst_n 0 PULSE(0 1.98 300n 100p 100p 10u 20u)
|Vclkp pclk 0 PULSE(0 1.98 320n 100p 100p 49.8n 100n)
|xarr pen1 pen2 pen3 pen4 pvddr1 pvddr2 pvddr3 pvddr4 pvdd 0 pclk prst_n
|+ praw_bit praw_valid pring_bit1 pring_bit2 pring_bit3 pring_bit4
|+ sampler_core_pex
|
|.ic v(xarr.ro1)=0 v(xarr.ro2)=0 v(xarr.ro3)=0 v(xarr.ro4)=0
|
|.save v(xarr.ro1) v(xarr.ro2) v(xarr.ro3) v(xarr.ro4) v(vsubs)
|
|* tstop is 600 ns, not the tied deck's 800 ns: every measurement below
|* completes by ~530 ns even at the slowest corner on this repo's grid
|* (`ss` / -40 degC / 1.62 V, post-layout ring period 11.7 ns per the tied
|* deck's own records: first rising edge past 400 ns, plus ten periods).
|* A transient is causal, so truncating the run after the last measurement
|* cannot move any number this deck reports -- in particular `p_tr1`-`p_tr4`,
|* which are measured before 100 ns and are therefore bit-for-bit the same
|* quantity the tied deck's own 800 ns run measured. The truncation buys
|* back ~25% of a run that costs ~an hour per corner under load.
|.tran 5p 600n uic
|
|.control
|run
|
|* --- primary estimator: identical to the tied deck's own p_tr1-p_tr4, so
|* the tied/float/solo bracket is comparable line for line. Reset-held
|* window (see header): samplers loaded and placed, not switching. -------
|meas tran pt1a when v(xarr.ro1)=0.5*1.98 rise=3
|meas tran pt1b when v(xarr.ro1)=0.5*1.98 rise=13
|let p_tr1 = (pt1b - pt1a)/10
|meas tran pt2a when v(xarr.ro2)=0.5*1.98 rise=3
|meas tran pt2b when v(xarr.ro2)=0.5*1.98 rise=13
|let p_tr2 = (pt2b - pt2a)/10
|meas tran pt3a when v(xarr.ro3)=0.5*1.98 rise=3
|meas tran pt3b when v(xarr.ro3)=0.5*1.98 rise=13
|let p_tr3 = (pt3b - pt3a)/10
|meas tran pt4a when v(xarr.ro4)=0.5*1.98 rise=3
|meas tran pt4b when v(xarr.ro4)=0.5*1.98 rise=13
|let p_tr4 = (pt4b - pt4a)/10
|let p_skew_span = p_tr1/p_tr4
|
|* --- second estimator: ten periods from the first rising edge past 400 ns,
|* i.e. inside the clocked window, all six samplers latching. Time-gated
|* (TD=400n) rather than rise-indexed, because the ring period varies 3.1x
|* across this repo's PVT grid (see header). ------------------------------
|meas tran pd1_clk TRIG v(xarr.ro1) VAL=0.5*1.98 RISE=1 TD=400n
|+ TARG v(xarr.ro1) VAL=0.5*1.98 RISE=11 TD=400n
|let p_tr1_clk = pd1_clk/10
|meas tran pd2_clk TRIG v(xarr.ro2) VAL=0.5*1.98 RISE=1 TD=400n
|+ TARG v(xarr.ro2) VAL=0.5*1.98 RISE=11 TD=400n
|let p_tr2_clk = pd2_clk/10
|meas tran pd3_clk TRIG v(xarr.ro3) VAL=0.5*1.98 RISE=1 TD=400n
|+ TARG v(xarr.ro3) VAL=0.5*1.98 RISE=11 TD=400n
|let p_tr3_clk = pd3_clk/10
|meas tran pd4_clk TRIG v(xarr.ro4) VAL=0.5*1.98 RISE=1 TD=400n
|+ TARG v(xarr.ro4) VAL=0.5*1.98 RISE=11 TD=400n
|let p_tr4_clk = pd4_clk/10
|let p_skew_span_clk = p_tr1_clk/p_tr4_clk
|
|* --- shared substrate node's own excursion, two windows (see header) ----
|meas tran vsub_rst_max MAX v(vsubs) from=100n to=300n
|meas tran vsub_rst_min MIN v(vsubs) from=100n to=300n
|let vsub_swing_rst = (vsub_rst_max - vsub_rst_min) / 1.98
|meas tran vsub_clk_max MAX v(vsubs) from=400n to=600n
|meas tran vsub_clk_min MIN v(vsubs) from=400n to=600n
|let vsub_swing_clk = (vsub_clk_max - vsub_clk_min) / 1.98
|
|print p_tr1
|print p_tr2
|print p_tr3
|print p_tr4
|print p_skew_span
|print p_tr1_clk
|print p_tr2_clk
|print p_tr3_clk
|print p_tr4_clk
|print p_skew_span_clk
|print vsub_swing_rst
|print vsub_swing_clk
|.endc
|.end
|

----- stdout -----

Note: Compatibility modes selected: hs a


Circuit: * post-layout sampler_core (whole composed cell -- four skewed rings, four

option SCALE: Scale is set to 1e-06 for instance and model parameters
option SCALE: Scale is set to 1e-06 for instance and model parameters
option SCALE: Scale is set to 1e-06 for instance and model parameters
option SCALE: Scale is set to 1e-06 for instance and model parameters
option SCALE: Scale is set to 1e-06 for instance and model parameters
Doing analysis at TEMP = 125.000000 and TNOM = 27.000000

Using SPARSE 1.3 as Direct Linear Solver
Operating point simulation skipped by 'uic',
  now using transient initial conditions.
 Reference value :  5.00000e-14
 Reference value :  2.67530e-10
 Reference value :  7.47530e-10
 Reference value :  1.23253e-09
 Reference value :  1.70253e-09
 Reference value :  2.18753e-09
 Reference value :  2.66253e-09
 Reference value :  3.14753e-09
 Reference value :  3.62253e-09
 Reference value :  4.09753e-09
 Reference value :  4.54753e-09
 Reference value :  4.98753e-09
 Reference value :  5.37750e-09
 Reference value :  5.83250e-09
 Reference value :  6.26250e-09
 Reference value :  6.71250e-09
 Reference value :  7.14250e-09
 Reference value :  7.56250e-09
 Reference value :  8.00250e-09
 Reference value :  8.44750e-09
 Reference value :  8.90250e-09
 Reference value :  9.33750e-09
 Reference value :  9.76250e-09
 Reference value :  1.01875e-08
 Reference value :  1.06375e-08
 Reference value :  1.10925e-08
 Reference value :  1.15325e-08
 Reference value :  1.19675e-08
 Reference value :  1.23875e-08
 Reference value :  1.28125e-08
 Reference value :  1.32325e-08
 Reference value :  1.36525e-08
 Reference value :  1.40975e-08
 Reference value :  1.45675e-08
 Reference value :  1.50675e-08
 Reference value :  1.55075e-08
 Reference value :  1.59525e-08
 Reference value :  1.64075e-08
 Reference value :  1.68475e-08
 Reference value :  1.72925e-08
 Reference value :  1.77025e-08
 Reference value :  1.81125e-08
 Reference value :  1.85575e-08
 Reference value :  1.89675e-08
 Reference value :  1.94025e-08
 Reference value :  1.98275e-08
 Reference value :  2.02925e-08
 Reference value :  2.08275e-08
 Reference value :  2.12825e-08
 Reference value :  2.17325e-08
 Reference value :  2.21225e-08
 Reference value :  2.25425e-08
 Reference value :  2.29475e-08
 Reference value :  2.33525e-08
 Reference value :  2.37825e-08
 Reference value :  2.42075e-08
 Reference value :  2.46525e-08
 Reference value :  2.50775e-08
 Reference value :  2.55175e-08
 Reference value :  2.59675e-08
 Reference value :  2.63925e-08
 Reference value :  2.68275e-08
 Reference value :  2.72525e-08
 Reference value :  2.76725e-08
 Reference value :  2.81125e-08
 Reference value :  2.85225e-08
 Reference value :  2.89175e-08
 Reference value :  2.93325e-08
 Reference value :  2.97375e-08
 Reference value :  3.01625e-08
 Reference value :  3.05925e-08
 Reference value :  3.10175e-08
 Reference value :  3.14625e-08
 Reference value :  3.18775e-08
 Reference value :  3.22975e-08
 Reference value :  3.27225e-08
 Reference value :  3.31675e-08
 Reference value :  3.35925e-08
 Reference value :  3.40375e-08
 Reference value :  3.44575e-08
 Reference value :  3.48875e-08
 Reference value :  3.53175e-08
 Reference value :  3.57375e-08
 Reference value :  3.61475e-08
 Reference value :  3.65225e-08
 Reference value :  3.68825e-08
 Reference value :  3.73875e-08
 Reference value :  3.78175e-08
 Reference value :  3.82175e-08
 Reference value :  3.86775e-08
 Reference value :  3.91275e-08
 Reference value :  3.95975e-08
 Reference value :  4.00125e-08
 Reference value :  4.04475e-08
 Reference value :  4.08825e-08
 Reference value :  4.13275e-08
 Reference value :  4.17425e-08
 Reference value :  4.21425e-08
 Reference value :  4.24975e-08
 Reference value :  4.28775e-08
 Reference value :  4.32875e-08
 Reference value :  4.37125e-08
 Reference value :  4.42025e-08
 Reference value :  4.47175e-08
 Reference value :  4.52275e-08
 Reference value :  4.57375e-08
 Reference value :  4.62625e-08
 Reference value :  4.67675e-08
 Reference value :  4.72625e-08
 Reference value :  4.77675e-08
 Reference value :  4.82825e-08
 Reference value :  4.87725e-08
 Reference value :  4.92725e-08
 Reference value :  4.97875e-08
 Reference value :  5.02925e-08
 Reference value :  5.07975e-08
 Reference value :  5.13075e-08
 Reference value :  5.18275e-08
 Reference value :  5.23325e-08
 Reference value :  5.28475e-08
 Reference value :  5.33275e-08
 Reference value :  5.38025e-08
 Reference value :  5.43175e-08
 Reference value :  5.48275e-08
 Reference value :  5.53375e-08
 Reference value :  5.58425e-08
 Reference value :  5.63525e-08
 Reference value :  5.68675e-08
 Reference value :  5.73825e-08
 Reference value :  5.79025e-08
 Reference value :  5.84125e-08
 Reference value :  5.88975e-08
 Reference value :  5.93825e-08
 Reference value :  5.98975e-08
 Reference value :  6.04125e-08
 Reference value :  6.09275e-08
 Reference value :  6.14225e-08
 Reference value :  6.19325e-08
 Reference value :  6.24475e-08
 Reference value :  6.29675e-08
 Reference value :  6.34875e-08
 Reference value :  6.40025e-08
 Reference value :  6.45025e-08
 Reference value :  6.49825e-08
 Reference value :  6.54975e-08
 Reference value :  6.60175e-08
 Reference value :  6.65225e-08
 Reference value :  6.69975e-08
 Reference value :  6.74975e-08
 Reference value :  6.80075e-08
 Reference value :  6.85175e-08
 Reference value :  6.90375e-08
 Reference value :  6.95575e-08
 Reference value :  7.00575e-08
 Reference value :  7.05575e-08
 Reference value :  7.10675e-08
 Reference value :  7.15775e-08
 Reference value :  7.20675e-08
 Reference value :  7.24975e-08
 Reference value :  7.29525e-08
 Reference value :  7.34525e-08
 Reference value :  7.39675e-08
 Reference value :  7.44625e-08
 Reference value :  7.49775e-08
 Reference value :  7.54825e-08
 Reference value :  7.59825e-08
 Reference value :  7.64825e-08
 Reference value :  7.69975e-08
 Reference value :  7.74825e-08
 Reference value :  7.79075e-08
 Reference value :  7.83575e-08
 Reference value :  7.88425e-08
 Reference value :  7.93575e-08
 Reference value :  7.98675e-08
 Reference value :  8.03775e-08
 Reference value :  8.08625e-08
 Reference value :  8.13775e-08
 Reference value :  8.18975e-08
 Reference value :  8.23925e-08
 Reference value :  8.28675e-08
 Reference value :  8.33775e-08
 Reference value :  8.38875e-08
 Reference value :  8.43875e-08
 Reference value :  8.48875e-08
 Reference value :  8.53975e-08
 Reference value :  8.58975e-08
 Reference value :  8.64175e-08
 Reference value :  8.69225e-08
 Reference value :  8.74325e-08
 Reference value :  8.79325e-08
 Reference value :  8.84075e-08
 Reference value :  8.89175e-08
 Reference value :  8.93875e-08
 Reference value :  8.99075e-08
 Reference value :  9.04225e-08
 Reference value :  9.09175e-08
 Reference value :  9.14025e-08
 Reference value :  9.19125e-08
 Reference value :  9.24225e-08
 Reference value :  9.29225e-08
 Reference value :  9.34125e-08
 Reference value :  9.38675e-08
 Reference value :  9.43475e-08
 Reference value :  9.48575e-08
 Reference value :  9.53275e-08
 Reference value :  9.58375e-08
 Reference value :  9.63425e-08
 Reference value :  9.68225e-08
 Reference value :  9.73275e-08
 Reference value :  9.78425e-08
 Reference value :  9.83625e-08
 Reference value :  9.88475e-08
 Reference value :  9.93525e-08
 Reference value :  9.98675e-08
 Reference value :  1.00378e-07
 Reference value :  1.00868e-07
 Reference value :  1.01373e-07
 Reference value :  1.01883e-07
 Reference value :  1.02348e-07
 Reference value :  1.02853e-07
 Reference value :  1.03363e-07
 Reference value :  1.03883e-07
 Reference value :  1.04378e-07
 Reference value :  1.04893e-07
 Reference value :  1.05428e-07
 Reference value :  1.05928e-07
 Reference value :  1.06418e-07
 Reference value :  1.06928e-07
 Reference value :  1.07423e-07
 Reference value :  1.07918e-07
 Reference value :  1.08423e-07
 Reference value :  1.08928e-07
 Reference value :  1.09443e-07
 Reference value :  1.09943e-07
 Reference value :  1.10473e-07
 Reference value :  1.10988e-07
 Reference value :  1.11483e-07
 Reference value :  1.11988e-07
 Reference value :  1.12503e-07
 Reference value :  1.12993e-07
 Reference value :  1.13473e-07
 Reference value :  1.14008e-07
 Reference value :  1.14518e-07
 Reference value :  1.15018e-07
 Reference value :  1.15523e-07
 Reference value :  1.16043e-07
 Reference value :  1.16568e-07
 Reference value :  1.17078e-07
 Reference value :  1.17588e-07
 Reference value :  1.18098e-07
 Reference value :  1.18588e-07
 Reference value :  1.19118e-07
 Reference value :  1.19638e-07
 Reference value :  1.20158e-07
 Reference value :  1.20648e-07
 Reference value :  1.21163e-07
 Reference value :  1.21678e-07
 Reference value :  1.22188e-07
 Reference value :  1.22698e-07
 Reference value :  1.23208e-07
 Reference value :  1.23718e-07
 Reference value :  1.24218e-07
 Reference value :  1.24748e-07
 Reference value :  1.25248e-07
 Reference value :  1.25763e-07
 Reference value :  1.26273e-07
 Reference value :  1.26798e-07
 Reference value :  1.27313e-07
 Reference value :  1.27833e-07
 Reference value :  1.28358e-07
 Reference value :  1.28873e-07
 Reference value :  1.29358e-07
 Reference value :  1.29868e-07
 Reference value :  1.30388e-07
 Reference value :  1.30893e-07
 Reference value :  1.31388e-07
 Reference value :  1.31888e-07
 Reference value :  1.32383e-07
 Reference value :  1.32923e-07
 Reference value :  1.33438e-07
 Reference value :  1.33938e-07
 Reference value :  1.34433e-07
 Reference value :  1.34928e-07
 Reference value :  1.35453e-07
 Reference value :  1.35948e-07
 Reference value :  1.36433e-07
 Reference value :  1.36938e-07
 Reference value :  1.37458e-07
 Reference value :  1.37978e-07
 Reference value :  1.38473e-07
 Reference value :  1.38983e-07
 Reference value :  1.39483e-07
 Reference value :  1.39963e-07
 Reference value :  1.40473e-07
 Reference value :  1.40978e-07
 Reference value :  1.41488e-07
 Reference value :  1.41988e-07
 Reference value :  1.42483e-07
 Reference value :  1.42983e-07
 Reference value :  1.43468e-07
 Reference value :  1.43983e-07
 Reference value :  1.44493e-07
 Reference value :  1.44988e-07
 Reference value :  1.45503e-07
 Reference value :  1.46023e-07
 Reference value :  1.46538e-07
 Reference value :  1.47028e-07
 Reference value :  1.47543e-07
 Reference value :  1.48058e-07
 Reference value :  1.48553e-07
 Reference value :  1.49048e-07
 Reference value :  1.49543e-07
 Reference value :  1.50058e-07
 Reference value :  1.50553e-07
 Reference value :  1.51063e-07
 Reference value :  1.51578e-07
 Reference value :  1.52093e-07
 Reference value :  1.52593e-07
 Reference value :  1.53103e-07
 Reference value :  1.53618e-07
 Reference value :  1.54123e-07
 Reference value :  1.54623e-07
 Reference value :  1.55108e-07
 Reference value :  1.55613e-07
 Reference value :  1.56113e-07
 Reference value :  1.56623e-07
 Reference value :  1.57118e-07
 Reference value :  1.57623e-07
 Reference value :  1.58108e-07
 Reference value :  1.58618e-07
 Reference value :  1.59113e-07
 Reference value :  1.59628e-07
 Reference value :  1.60148e-07
 Reference value :  1.60648e-07
 Reference value :  1.61123e-07
 Reference value :  1.61633e-07
 Reference value :  1.62143e-07
 Reference value :  1.62663e-07
 Reference value :  1.63153e-07
 Reference value :  1.63703e-07
 Reference value :  1.64203e-07
 Reference value :  1.64683e-07
 Reference value :  1.65193e-07
 Reference value :  1.65703e-07
 Reference value :  1.66198e-07
 Reference value :  1.66668e-07
 Reference value :  1.67163e-07
 Reference value :  1.67673e-07
 Reference value :  1.68178e-07
 Reference value :  1.68663e-07
 Reference value :  1.69173e-07
 Reference value :  1.69668e-07
 Reference value :  1.70163e-07
 Reference value :  1.70663e-07
 Reference value :  1.71173e-07
 Reference value :  1.71653e-07
 Reference value :  1.72163e-07
 Reference value :  1.72678e-07
 Reference value :  1.73168e-07
 Reference value :  1.73673e-07
 Reference value :  1.74173e-07
 Reference value :  1.74698e-07
 Reference value :  1.75203e-07
 Reference value :  1.75708e-07
 Reference value :  1.76178e-07
 Reference value :  1.76673e-07
 Reference value :  1.77158e-07
 Reference value :  1.77673e-07
 Reference value :  1.78193e-07
 Reference value :  1.78678e-07
 Reference value :  1.79158e-07
 Reference value :  1.79663e-07
 Reference value :  1.80178e-07
 Reference value :  1.80688e-07
 Reference value :  1.81198e-07
 Reference value :  1.81708e-07
 Reference value :  1.82183e-07
 Reference value :  1.82723e-07
 Reference value :  1.83233e-07
 Reference value :  1.83743e-07
 Reference value :  1.84223e-07
 Reference value :  1.84723e-07
 Reference value :  1.85233e-07
 Reference value :  1.85733e-07
 Reference value :  1.86223e-07
 Reference value :  1.86668e-07
 Reference value :  1.87108e-07
 Reference value :  1.87578e-07
 Reference value :  1.88098e-07
 Reference value :  1.88613e-07
 Reference value :  1.89138e-07
 Reference value :  1.89638e-07
 Reference value :  1.90148e-07
 Reference value :  1.90668e-07
 Reference value :  1.91188e-07
 Reference value :  1.91683e-07
 Reference value :  1.92183e-07
 Reference value :  1.92693e-07
 Reference value :  1.93193e-07
 Reference value :  1.93663e-07
 Reference value :  1.94158e-07
 Reference value :  1.94658e-07
 Reference value :  1.95183e-07
 Reference value :  1.95668e-07
 Reference value :  1.96173e-07
 Reference value :  1.96688e-07
 Reference value :  1.97193e-07
 Reference value :  1.97663e-07
 Reference value :  1.98138e-07
 Reference value :  1.98653e-07
 Reference value :  1.99163e-07
 Reference value :  1.99668e-07
 Reference value :  2.00178e-07
 Reference value :  2.00673e-07
 Reference value :  2.01193e-07
 Reference value :  2.01698e-07
 Reference value :  2.02208e-07
 Reference value :  2.02723e-07
 Reference value :  2.03213e-07
 Reference value :  2.03698e-07
 Reference value :  2.04213e-07
 Reference value :  2.04728e-07
 Reference value :  2.05213e-07
 Reference value :  2.05713e-07
 Reference value :  2.06208e-07
 Reference value :  2.06723e-07
 Reference value :  2.07238e-07
 Reference value :  2.07738e-07
 Reference value :  2.08258e-07
 Reference value :  2.08763e-07
 Reference value :  2.09278e-07
 Reference value :  2.09793e-07
 Reference value :  2.10303e-07
 Reference value :  2.10788e-07
 Reference value :  2.11283e-07
 Reference value :  2.11798e-07
 Reference value :  2.12278e-07
 Reference value :  2.12798e-07
 Reference value :  2.13303e-07
 Reference value :  2.13818e-07
 Reference value :  2.14318e-07
 Reference value :  2.14833e-07
 Reference value :  2.15348e-07
 Reference value :  2.15848e-07
 Reference value :  2.16353e-07
 Reference value :  2.16778e-07
 Reference value :  2.17283e-07
 Reference value :  2.17758e-07
 Reference value :  2.18258e-07
 Reference value :  2.18768e-07
 Reference value :  2.19253e-07
 Reference value :  2.19763e-07
 Reference value :  2.20278e-07
 Reference value :  2.20788e-07
 Reference value :  2.21303e-07
 Reference value :  2.21793e-07
 Reference value :  2.22303e-07
 Reference value :  2.22803e-07
 Reference value :  2.23298e-07
 Reference value :  2.23818e-07
 Reference value :  2.24328e-07
 Reference value :  2.24808e-07
 Reference value :  2.25283e-07
 Reference value :  2.25798e-07
 Reference value :  2.26308e-07
 Reference value :  2.26808e-07
 Reference value :  2.27308e-07
 Reference value :  2.27813e-07
 Reference value :  2.28298e-07
 Reference value :  2.28793e-07
 Reference value :  2.29303e-07
 Reference value :  2.29813e-07
 Reference value :  2.30308e-07
 Reference value :  2.30778e-07
 Reference value :  2.31288e-07
 Reference value :  2.31803e-07
 Reference value :  2.32303e-07
 Reference value :  2.32823e-07
 Reference value :  2.33333e-07
 Reference value :  2.33848e-07
 Reference value :  2.34358e-07
 Reference value :  2.34868e-07
 Reference value :  2.35383e-07
 Reference value :  2.35863e-07
 Reference value :  2.36373e-07
 Reference value :  2.36888e-07
 Reference value :  2.37413e-07
 Reference value :  2.37908e-07
 Reference value :  2.38433e-07
 Reference value :  2.38958e-07
 Reference value :  2.39478e-07
 Reference value :  2.39993e-07
 Reference value :  2.40518e-07
 Reference value :  2.41038e-07
 Reference value :  2.41533e-07
 Reference value :  2.42088e-07
 Reference value :  2.42613e-07
 Reference value :  2.43128e-07
 Reference value :  2.43618e-07
 Reference value :  2.44123e-07
 Reference value :  2.44633e-07
 Reference value :  2.45143e-07
 Reference value :  2.45648e-07
 Reference value :  2.46158e-07
 Reference value :  2.46628e-07
 Reference value :  2.47143e-07
 Reference value :  2.47648e-07
 Reference value :  2.48158e-07
 Reference value :  2.48648e-07
 Reference value :  2.49133e-07
 Reference value :  2.49643e-07
 Reference value :  2.50158e-07
 Reference value :  2.50673e-07
 Reference value :  2.51173e-07
 Reference value :  2.51683e-07
 Reference value :  2.52168e-07
 Reference value :  2.52633e-07
 Reference value :  2.53113e-07
 Reference value :  2.53633e-07
 Reference value :  2.54108e-07
 Reference value :  2.54613e-07
 Reference value :  2.55123e-07
 Reference value :  2.55628e-07
 Reference value :  2.56143e-07
 Reference value :  2.56638e-07
 Reference value :  2.57148e-07
 Reference value :  2.57643e-07
 Reference value :  2.58148e-07
 Reference value :  2.58653e-07
 Reference value :  2.59133e-07
 Reference value :  2.59608e-07
 Reference value :  2.60108e-07
 Reference value :  2.60628e-07
 Reference value :  2.61138e-07
 Reference value :  2.61648e-07
 Reference value :  2.62133e-07
 Reference value :  2.62638e-07
 Reference value :  2.63133e-07
 Reference value :  2.63643e-07
 Reference value :  2.64138e-07
 Reference value :  2.64628e-07
 Reference value :  2.65138e-07
 Reference value :  2.65648e-07
 Reference value :  2.66138e-07
 Reference value :  2.66653e-07
 Reference value :  2.67168e-07
 Reference value :  2.67678e-07
 Reference value :  2.68173e-07
 Reference value :  2.68693e-07
 Reference value :  2.69208e-07
 Reference value :  2.69708e-07
 Reference value :  2.70203e-07
 Reference value :  2.70718e-07
 Reference value :  2.71233e-07
 Reference value :  2.71718e-07
 Reference value :  2.72208e-07
 Reference value :  2.72718e-07
 Reference value :  2.73223e-07
 Reference value :  2.73718e-07
 Reference value :  2.74228e-07
 Reference value :  2.74753e-07
 Reference value :  2.75243e-07
 Reference value :  2.75743e-07
 Reference value :  2.76258e-07
 Reference value :  2.76788e-07
 Reference value :  2.77308e-07
 Reference value :  2.77803e-07
 Reference value :  2.78293e-07
 Reference value :  2.78813e-07
 Reference value :  2.79333e-07
 Reference value :  2.79853e-07
 Reference value :  2.80363e-07
 Reference value :  2.80873e-07
 Reference value :  2.81353e-07
 Reference value :  2.81853e-07
 Reference value :  2.82378e-07
 Reference value :  2.82898e-07
 Reference value :  2.83408e-07
 Reference value :  2.83913e-07
 Reference value :  2.84428e-07
 Reference value :  2.84943e-07
 Reference value :  2.85457e-07
 Reference value :  2.85982e-07
 Reference value :  2.86487e-07
 Reference value :  2.86992e-07
 Reference value :  2.87472e-07
 Reference value :  2.87987e-07
 Reference value :  2.88502e-07
 Reference value :  2.89022e-07
 Reference value :  2.89522e-07
 Reference value :  2.90032e-07
 Reference value :  2.90547e-07
 Reference value :  2.91067e-07
 Reference value :  2.91582e-07
 Reference value :  2.92102e-07
 Reference value :  2.92622e-07
 Reference value :  2.93112e-07
 Reference value :  2.93612e-07
 Reference value :  2.94127e-07
 Reference value :  2.94637e-07
 Reference value :  2.95127e-07
 Reference value :  2.95637e-07
 Reference value :  2.96142e-07
 Reference value :  2.96657e-07
 Reference value :  2.97177e-07
 Reference value :  2.97702e-07
 Reference value :  2.98222e-07
 Reference value :  2.98717e-07
 Reference value :  2.99242e-07
 Reference value :  2.99742e-07
 Reference value :  3.00162e-07
 Reference value :  3.00637e-07
 Reference value :  3.01107e-07
 Reference value :  3.01597e-07
 Reference value :  3.02082e-07
 Reference value :  3.02567e-07
 Reference value :  3.03082e-07
 Reference value :  3.03597e-07
 Reference value :  3.04117e-07
 Reference value :  3.04587e-07
 Reference value :  3.05077e-07
 Reference value :  3.05577e-07
 Reference value :  3.06062e-07
 Reference value :  3.06537e-07
 Reference value :  3.07017e-07
 Reference value :  3.07492e-07
 Reference value :  3.07977e-07
 Reference value :  3.08442e-07
 Reference value :  3.08957e-07
 Reference value :  3.09477e-07
 Reference value :  3.09992e-07
 Reference value :  3.10472e-07
 Reference value :  3.10952e-07
 Reference value :  3.11467e-07
 Reference value :  3.11927e-07
 Reference value :  3.12387e-07
 Reference value :  3.12842e-07
 Reference value :  3.13362e-07
 Reference value :  3.13837e-07
 Reference value :  3.14307e-07
 Reference value :  3.14792e-07
 Reference value :  3.15277e-07
 Reference value :  3.15772e-07
 Reference value :  3.16242e-07
 Reference value :  3.16742e-07
 Reference value :  3.17237e-07
 Reference value :  3.17677e-07
 Reference value :  3.18192e-07
 Reference value :  3.18667e-07
 Reference value :  3.19187e-07
 Reference value :  3.19652e-07
 Reference value :  3.20092e-07
 Reference value :  3.20502e-07
 Reference value :  3.20992e-07
 Reference value :  3.21482e-07
 Reference value :  3.21972e-07
 Reference value :  3.22482e-07
 Reference value :  3.22972e-07
 Reference value :  3.23452e-07
 Reference value :  3.23977e-07
 Reference value :  3.24477e-07
 Reference value :  3.24987e-07
 Reference value :  3.25482e-07
 Reference value :  3.25997e-07
 Reference value :  3.26487e-07
 Reference value :  3.27002e-07
 Reference value :  3.27517e-07
 Reference value :  3.28002e-07
 Reference value :  3.28497e-07
 Reference value :  3.29012e-07
 Reference value :  3.29512e-07
 Reference value :  3.30017e-07
 Reference value :  3.30512e-07
 Reference value :  3.31007e-07
 Reference value :  3.31517e-07
 Reference value :  3.32002e-07
 Reference value :  3.32512e-07
 Reference value :  3.33032e-07
 Reference value :  3.33552e-07
 Reference value :  3.34037e-07
 Reference value :  3.34552e-07
 Reference value :  3.35082e-07
 Reference value :  3.35597e-07
 Reference value :  3.36102e-07
 Reference value :  3.36597e-07
 Reference value :  3.37097e-07
 Reference value :  3.37607e-07
 Reference value :  3.38117e-07
 Reference value :  3.38632e-07
 Reference value :  3.39112e-07
 Reference value :  3.39582e-07
 Reference value :  3.40082e-07
 Reference value :  3.40597e-07
 Reference value :  3.41117e-07
 Reference value :  3.41632e-07
 Reference value :  3.42112e-07
 Reference value :  3.42622e-07
 Reference value :  3.43137e-07
 Reference value :  3.43657e-07
 Reference value :  3.44177e-07
 Reference value :  3.44672e-07
 Reference value :  3.45182e-07
 Reference value :  3.45687e-07
 Reference value :  3.46202e-07
 Reference value :  3.46712e-07
 Reference value :  3.47227e-07
 Reference value :  3.47717e-07
 Reference value :  3.48227e-07
 Reference value :  3.48747e-07
 Reference value :  3.49262e-07
 Reference value :  3.49742e-07
 Reference value :  3.50257e-07
 Reference value :  3.50772e-07
 Reference value :  3.51277e-07
 Reference value :  3.51792e-07
 Reference value :  3.52317e-07
 Reference value :  3.52837e-07
 Reference value :  3.53342e-07
 Reference value :  3.53852e-07
 Reference value :  3.54367e-07
 Reference value :  3.54882e-07
 Reference value :  3.55367e-07
 Reference value :  3.55882e-07
 Reference value :  3.56387e-07
 Reference value :  3.56897e-07
 Reference value :  3.57402e-07
 Reference value :  3.57897e-07
 Reference value :  3.58407e-07
 Reference value :  3.58917e-07
 Reference value :  3.59427e-07
 Reference value :  3.59932e-07
 Reference value :  3.60432e-07
 Reference value :  3.60922e-07
 Reference value :  3.61437e-07
 Reference value :  3.61932e-07
 Reference value :  3.62447e-07
 Reference value :  3.62937e-07
 Reference value :  3.63442e-07
 Reference value :  3.63917e-07
 Reference value :  3.64427e-07
 Reference value :  3.64927e-07
 Reference value :  3.65422e-07
 Reference value :  3.65907e-07
 Reference value :  3.66417e-07
 Reference value :  3.66937e-07
 Reference value :  3.67427e-07
 Reference value :  3.67947e-07
 Reference value :  3.68467e-07
 Reference value :  3.68972e-07
 Reference value :  3.69452e-07
 Reference value :  3.69937e-07
 Reference value :  3.70352e-07
 Reference value :  3.70842e-07
 Reference value :  3.71327e-07
 Reference value :  3.71772e-07
 Reference value :  3.72197e-07
 Reference value :  3.72662e-07
 Reference value :  3.73127e-07
 Reference value :  3.73602e-07
 Reference value :  3.74117e-07
 Reference value :  3.74617e-07
 Reference value :  3.75067e-07
 Reference value :  3.75542e-07
 Reference value :  3.76047e-07
 Reference value :  3.76542e-07
 Reference value :  3.77002e-07
 Reference value :  3.77492e-07
 Reference value :  3.77987e-07
 Reference value :  3.78482e-07
 Reference value :  3.78977e-07
 Reference value :  3.79492e-07
 Reference value :  3.79992e-07
 Reference value :  3.80462e-07
 Reference value :  3.80922e-07
 Reference value :  3.81442e-07
 Reference value :  3.81942e-07
 Reference value :  3.82422e-07
 Reference value :  3.82862e-07
 Reference value :  3.83357e-07
 Reference value :  3.83837e-07
 Reference value :  3.84312e-07
 Reference value :  3.84872e-07
 Reference value :  3.85407e-07
 Reference value :  3.85967e-07
 Reference value :  3.86547e-07
 Reference value :  3.87017e-07
 Reference value :  3.87502e-07
 Reference value :  3.87927e-07
 Reference value :  3.88407e-07
 Reference value :  3.88872e-07
 Reference value :  3.89342e-07
 Reference value :  3.89837e-07
 Reference value :  3.90337e-07
 Reference value :  3.90827e-07
 Reference value :  3.91342e-07
 Reference value :  3.91832e-07
 Reference value :  3.92332e-07
 Reference value :  3.92807e-07
 Reference value :  3.93322e-07
 Reference value :  3.93847e-07
 Reference value :  3.94342e-07
 Reference value :  3.94802e-07
 Reference value :  3.95302e-07
 Reference value :  3.95827e-07
 Reference value :  3.96297e-07
 Reference value :  3.96782e-07
 Reference value :  3.97262e-07
 Reference value :  3.97777e-07
 Reference value :  3.98232e-07
 Reference value :  3.98742e-07
 Reference value :  3.99262e-07
 Reference value :  3.99777e-07
 Reference value :  4.00282e-07
 Reference value :  4.00762e-07
 Reference value :  4.01242e-07
 Reference value :  4.01722e-07
 Reference value :  4.02227e-07
 Reference value :  4.02737e-07
 Reference value :  4.03192e-07
 Reference value :  4.03652e-07
 Reference value :  4.04122e-07
 Reference value :  4.04582e-07
 Reference value :  4.05097e-07
 Reference value :  4.05607e-07
 Reference value :  4.06107e-07
 Reference value :  4.06592e-07
 Reference value :  4.07062e-07
 Reference value :  4.07567e-07
 Reference value :  4.08077e-07
 Reference value :  4.08567e-07
 Reference value :  4.09057e-07
 Reference value :  4.09497e-07
 Reference value :  4.09972e-07
 Reference value :  4.10472e-07
 Reference value :  4.10987e-07
 Reference value :  4.11487e-07
 Reference value :  4.11982e-07
 Reference value :  4.12427e-07
 Reference value :  4.12947e-07
 Reference value :  4.13447e-07
 Reference value :  4.13947e-07
 Reference value :  4.14447e-07
 Reference value :  4.14952e-07
 Reference value :  4.15462e-07
 Reference value :  4.15912e-07
 Reference value :  4.16427e-07
 Reference value :  4.16942e-07
 Reference value :  4.17422e-07
 Reference value :  4.17867e-07
 Reference value :  4.18327e-07
 Reference value :  4.18847e-07
 Reference value :  4.19337e-07
 Reference value :  4.19832e-07
 Reference value :  4.20242e-07
 Reference value :  4.20702e-07
 Reference value :  4.21217e-07
 Reference value :  4.21722e-07
 Reference value :  4.22207e-07
 Reference value :  4.22727e-07
 Reference value :  4.23247e-07
 Reference value :  4.23727e-07
 Reference value :  4.24247e-07
 Reference value :  4.24762e-07
 Reference value :  4.25272e-07
 Reference value :  4.25762e-07
 Reference value :  4.26277e-07
 Reference value :  4.26792e-07
 Reference value :  4.27287e-07
 Reference value :  4.27797e-07
 Reference value :  4.28272e-07
 Reference value :  4.28787e-07
 Reference value :  4.29302e-07
 Reference value :  4.29822e-07
 Reference value :  4.30337e-07
 Reference value :  4.30842e-07
 Reference value :  4.31362e-07
 Reference value :  4.31857e-07
 Reference value :  4.32372e-07
 Reference value :  4.32877e-07
 Reference value :  4.33377e-07
 Reference value :  4.33882e-07
 Reference value :  4.34377e-07
 Reference value :  4.34902e-07
 Reference value :  4.35437e-07
 Reference value :  4.35947e-07
 Reference value :  4.36492e-07
 Reference value :  4.37032e-07
 Reference value :  4.37567e-07
 Reference value :  4.38132e-07
 Reference value :  4.38677e-07
 Reference value :  4.39162e-07
 Reference value :  4.39662e-07
 Reference value :  4.40172e-07
 Reference value :  4.40677e-07
 Reference value :  4.41142e-07
 Reference value :  4.41642e-07
 Reference value :  4.42157e-07
 Reference value :  4.42672e-07
 Reference value :  4.43192e-07
 Reference value :  4.43712e-07
 Reference value :  4.44207e-07
 Reference value :  4.44697e-07
 Reference value :  4.45217e-07
 Reference value :  4.45742e-07
 Reference value :  4.46247e-07
 Reference value :  4.46762e-07
 Reference value :  4.47272e-07
 Reference value :  4.47797e-07
 Reference value :  4.48317e-07
 Reference value :  4.48832e-07
 Reference value :  4.49362e-07
 Reference value :  4.49847e-07
 Reference value :  4.50367e-07
 Reference value :  4.50867e-07
 Reference value :  4.51377e-07
 Reference value :  4.51897e-07
 Reference value :  4.52422e-07
 Reference value :  4.52907e-07
 Reference value :  4.53427e-07
 Reference value :  4.53942e-07
 Reference value :  4.54457e-07
 Reference value :  4.54947e-07
 Reference value :  4.55467e-07
 Reference value :  4.55987e-07
 Reference value :  4.56477e-07
 Reference value :  4.56972e-07
 Reference value :  4.57477e-07
 Reference value :  4.57987e-07
 Reference value :  4.58472e-07
 Reference value :  4.58977e-07
 Reference value :  4.59497e-07
 Reference value :  4.60002e-07
 Reference value :  4.60502e-07
 Reference value :  4.61017e-07
 Reference value :  4.61527e-07
 Reference value :  4.62007e-07
 Reference value :  4.62502e-07
 Reference value :  4.63017e-07
 Reference value :  4.63532e-07
 Reference value :  4.64027e-07
 Reference value :  4.64537e-07
 Reference value :  4.65052e-07
 Reference value :  4.65552e-07
 Reference value :  4.66037e-07
 Reference value :  4.66552e-07
 Reference value :  4.67072e-07
 Reference value :  4.67547e-07
 Reference value :  4.68042e-07
 Reference value :  4.68552e-07
 Reference value :  4.69047e-07
 Reference value :  4.69547e-07
 Reference value :  4.70007e-07
 Reference value :  4.70462e-07
 Reference value :  4.70957e-07
 Reference value :  4.71447e-07
 Reference value :  4.71957e-07
 Reference value :  4.72492e-07
 Reference value :  4.72972e-07
 Reference value :  4.73522e-07
 Reference value :  4.74057e-07
 Reference value :  4.74582e-07
 Reference value :  4.75042e-07
 Reference value :  4.75507e-07
 Reference value :  4.76017e-07
 Reference value :  4.76467e-07
 Reference value :  4.76982e-07
 Reference value :  4.77472e-07
 Reference value :  4.77967e-07
 Reference value :  4.78452e-07
 Reference value :  4.78972e-07
 Reference value :  4.79492e-07
 Reference value :  4.79967e-07
 Reference value :  4.80432e-07
 Reference value :  4.80872e-07
 Reference value :  4.81338e-07
 Reference value :  4.81778e-07
 Reference value :  4.82258e-07
 Reference value :  4.82723e-07
 Reference value :  4.83223e-07
 Reference value :  4.83688e-07
 Reference value :  4.84153e-07
 Reference value :  4.84668e-07
 Reference value :  4.85173e-07
 Reference value :  4.85663e-07
 Reference value :  4.86143e-07
 Reference value :  4.86553e-07
 Reference value :  4.87033e-07
 Reference value :  4.87503e-07
 Reference value :  4.87973e-07
 Reference value :  4.88448e-07
 Reference value :  4.88948e-07
 Reference value :  4.89443e-07
 Reference value :  4.89913e-07
 Reference value :  4.90388e-07
 Reference value :  4.90913e-07
 Reference value :  4.91408e-07
 Reference value :  4.91863e-07
 Reference value :  4.92338e-07
 Reference value :  4.92828e-07
 Reference value :  4.93338e-07
 Reference value :  4.93823e-07
 Reference value :  4.94328e-07
 Reference value :  4.94808e-07
 Reference value :  4.95288e-07
 Reference value :  4.95798e-07
 Reference value :  4.96283e-07
 Reference value :  4.96788e-07
 Reference value :  4.97258e-07
 Reference value :  4.97693e-07
 Reference value :  4.98208e-07
 Reference value :  4.98728e-07
 Reference value :  4.99238e-07
 Reference value :  4.99728e-07
 Reference value :  5.00193e-07
 Reference value :  5.00698e-07
 Reference value :  5.01193e-07
 Reference value :  5.01708e-07
 Reference value :  5.02208e-07
 Reference value :  5.02673e-07
 Reference value :  5.03133e-07
 Reference value :  5.03633e-07
 Reference value :  5.04133e-07
 Reference value :  5.04658e-07
 Reference value :  5.05173e-07
 Reference value :  5.05648e-07
 Reference value :  5.06138e-07
 Reference value :  5.06673e-07
 Reference value :  5.07198e-07
 Reference value :  5.07728e-07
 Reference value :  5.08238e-07
 Reference value :  5.08773e-07
 Reference value :  5.09298e-07
 Reference value :  5.09788e-07
 Reference value :  5.10283e-07
 Reference value :  5.10773e-07
 Reference value :  5.11253e-07
 Reference value :  5.11718e-07
 Reference value :  5.12213e-07
 Reference value :  5.12718e-07
 Reference value :  5.13238e-07
 Reference value :  5.13723e-07
 Reference value :  5.14238e-07
 Reference value :  5.14718e-07
 Reference value :  5.15193e-07
 Reference value :  5.15668e-07
 Reference value :  5.16108e-07
 Reference value :  5.16548e-07
 Reference value :  5.17018e-07
 Reference value :  5.17508e-07
 Reference value :  5.18023e-07
 Reference value :  5.18533e-07
 Reference value :  5.19008e-07
 Reference value :  5.19513e-07
 Reference value :  5.20007e-07
 Reference value :  5.20448e-07
 Reference value :  5.20938e-07
 Reference value :  5.21383e-07
 Reference value :  5.21808e-07
 Reference value :  5.22293e-07
 Reference value :  5.22813e-07
 Reference value :  5.23323e-07
 Reference value :  5.23843e-07
 Reference value :  5.24343e-07
 Reference value :  5.24848e-07
 Reference value :  5.25368e-07
 Reference value :  5.25893e-07
 Reference value :  5.26398e-07
 Reference value :  5.26903e-07
 Reference value :  5.27383e-07
 Reference value :  5.27888e-07
 Reference value :  5.28398e-07
 Reference value :  5.28898e-07
 Reference value :  5.29418e-07
 Reference value :  5.29898e-07
 Reference value :  5.30403e-07
 Reference value :  5.30913e-07
 Reference value :  5.31428e-07
 Reference value :  5.31913e-07
 Reference value :  5.32408e-07
 Reference value :  5.32913e-07
 Reference value :  5.33388e-07
 Reference value :  5.33898e-07
 Reference value :  5.34408e-07
 Reference value :  5.34908e-07
 Reference value :  5.35408e-07
 Reference value :  5.35908e-07
 Reference value :  5.36423e-07
 Reference value :  5.36933e-07
 Reference value :  5.37398e-07
 Reference value :  5.37823e-07
 Reference value :  5.38283e-07
 Reference value :  5.38808e-07
 Reference value :  5.39293e-07
 Reference value :  5.39808e-07
 Reference value :  5.40318e-07
 Reference value :  5.40798e-07
 Reference value :  5.41308e-07
 Reference value :  5.41818e-07
 Reference value :  5.42333e-07
 Reference value :  5.42813e-07
 Reference value :  5.43323e-07
 Reference value :  5.43848e-07
 Reference value :  5.44348e-07
 Reference value :  5.44843e-07
 Reference value :  5.45338e-07
 Reference value :  5.45833e-07
 Reference value :  5.46313e-07
 Reference value :  5.46813e-07
 Reference value :  5.47323e-07
 Reference value :  5.47833e-07
 Reference value :  5.48318e-07
 Reference value :  5.48828e-07
 Reference value :  5.49338e-07
 Reference value :  5.49848e-07
 Reference value :  5.50353e-07
 Reference value :  5.50873e-07
 Reference value :  5.51358e-07
 Reference value :  5.51808e-07
 Reference value :  5.52293e-07
 Reference value :  5.52803e-07
 Reference value :  5.53303e-07
 Reference value :  5.53813e-07
 Reference value :  5.54343e-07
 Reference value :  5.54863e-07
 Reference value :  5.55383e-07
 Reference value :  5.55908e-07
 Reference value :  5.56468e-07
 Reference value :  5.56988e-07
 Reference value :  5.57533e-07
 Reference value :  5.58053e-07
 Reference value :  5.58628e-07
 Reference value :  5.59153e-07
 Reference value :  5.59698e-07
 Reference value :  5.60253e-07
 Reference value :  5.60798e-07
 Reference value :  5.61353e-07
 Reference value :  5.61893e-07
 Reference value :  5.62428e-07
 Reference value :  5.62993e-07
 Reference value :  5.63543e-07
 Reference value :  5.64098e-07
 Reference value :  5.64628e-07
 Reference value :  5.65198e-07
 Reference value :  5.65753e-07
 Reference value :  5.66313e-07
 Reference value :  5.66888e-07
 Reference value :  5.67458e-07
 Reference value :  5.68038e-07
 Reference value :  5.68613e-07
 Reference value :  5.69198e-07
 Reference value :  5.69748e-07
 Reference value :  5.70238e-07
 Reference value :  5.70823e-07
 Reference value :  5.71413e-07
 Reference value :  5.71993e-07
 Reference value :  5.72568e-07
 Reference value :  5.73113e-07
 Reference value :  5.73638e-07
 Reference value :  5.74178e-07
 Reference value :  5.74738e-07
 Reference value :  5.75293e-07
 Reference value :  5.75853e-07
 Reference value :  5.76358e-07
 Reference value :  5.76928e-07
 Reference value :  5.77503e-07
 Reference value :  5.78058e-07
 Reference value :  5.78598e-07
 Reference value :  5.79148e-07
 Reference value :  5.79673e-07
 Reference value :  5.80208e-07
 Reference value :  5.80753e-07
 Reference value :  5.81318e-07
 Reference value :  5.81873e-07
 Reference value :  5.82413e-07
 Reference value :  5.82953e-07
 Reference value :  5.83508e-07
 Reference value :  5.84073e-07
 Reference value :  5.84638e-07
 Reference value :  5.85178e-07
 Reference value :  5.85703e-07
 Reference value :  5.86238e-07
 Reference value :  5.86768e-07
 Reference value :  5.87318e-07
 Reference value :  5.87843e-07
 Reference value :  5.88373e-07
 Reference value :  5.88878e-07
 Reference value :  5.89413e-07
 Reference value :  5.89973e-07
 Reference value :  5.90543e-07
 Reference value :  5.91078e-07
 Reference value :  5.91583e-07
 Reference value :  5.92148e-07
 Reference value :  5.92678e-07
 Reference value :  5.93218e-07
 Reference value :  5.93753e-07
 Reference value :  5.94263e-07
 Reference value :  5.94778e-07
 Reference value :  5.95373e-07
 Reference value :  5.95968e-07
 Reference value :  5.96568e-07
 Reference value :  5.97108e-07
 Reference value :  5.97658e-07
 Reference value :  5.98248e-07
 Reference value :  5.98798e-07
 Reference value :  5.99318e-07
 Reference value :  5.99878e-07
No. of Data Rows : 120066
pt1a                =  1.45194e-08
pt1b                =  7.63234e-08
pt2a                =  8.13958e-09
pt2b                =  6.67614e-08
pt3a                =  8.08603e-09
pt3b                =  6.37282e-08
pt4a                =  1.32496e-08
pt4b                =  6.62212e-08
pd1_clk             =  6.16892e-08 targ=  4.64630e-07 trig=  4.02941e-07
pd2_clk             =  5.81648e-08 targ=  4.58316e-07 trig=  4.00151e-07
pd3_clk             =  5.55187e-08 targ=  4.57811e-07 trig=  4.02292e-07
pd4_clk             =  5.34320e-08 targ=  4.56611e-07 trig=  4.03179e-07
vsub_rst_max        =  1.11110e+00 at=  1.37993e-07
vsub_rst_min        =  8.11440e-01 at=  1.24233e-07
vsub_clk_max        =  1.22035e+00 at=  4.20100e-07
vsub_clk_min        =  8.91691e-01 at=  4.45357e-07
p_tr1 = 6.180397e-09
p_tr2 = 5.862187e-09
p_tr3 = 5.564217e-09
p_tr4 = 5.297163e-09
p_skew_span = 1.166737e+00
p_tr1_clk = 6.168915e-09
p_tr2_clk = 5.816475e-09
p_tr3_clk = 5.551869e-09
p_tr4_clk = 5.343195e-09
p_skew_span_clk = 1.154537e+00
vsub_swing_rst = 1.513426e-01
vsub_swing_clk = 1.659871e-01
Note: Simulation executed from .control section 

----- stderr -----

