|* Post-layout ro_array_core: the whole entropy source (four non-identical
|* rings + four output buffers + the three-xor2 combining tree), extracted
|* FLAT from ONE `klt extract --parasitics` run over
|* layout/ro_array_core-placement-poc/ro_array_core_signal9_poc.gds -- the
|* same DRC-clean (0 violations), klt-lvs-MATCHING (132/132 devices, 96/96
|* nets against design/ro_array_core.spice's own .subckt ro_array_core) GDS
|* that PoC directory's own README documents ("Increment 8"). Real inter-ring
|* wiring is included for the first time: the ring->buffer signal chain, the
|* buffer->XOR fan-in, the XOR combining tree's own t1/t2 routing, and the
|* array-wide vdd bus for the four buffers + three xor2 instances -- none of
|* which sim/post-layout-ro-ring5-assembled/ (one ring at a time, ideal
|* wires between rings) could include, and none of which
|* sim/ro-array-core-combining/ (pre-layout, no physical interconnect at
|* all) could include either.
|*
|* Purpose (issue #22's acceptance bar: "Post-layout PVT simulation results
|* land under sim/, extracted parasitics included" plus the DR-0003 section
|* 8 wstv inter-ring decorrelation re-evaluation). This is a two-way,
|* same-corner comparison (post-layout array vs. pre-layout control, the
|* SAME topology sim/ro-array-core-combining/'s own testbench drives),
|* matching sim/post-layout-ro-ring5-assembled/'s own comparison discipline
|* one hierarchy level up. It reuses that record's own measurement set
|* (per-ring periods, combining fidelity in both the edge-retention and
|* value-fidelity senses, and array supply current) rather than inventing a
|* new one, so every number here is directly comparable to
|* sim/ro-array-core-combining/'s own pre-layout record by name.
|*
|* Topology, post-layout side (prefix p): xarr is ONE flat-extracted cell --
|* design/xschem/ro_array_core.sch's own hierarchy, already wired, sourced
|* from layout/pex-array/ro_array_core_pex.spice via
|* layout/bin/pex-netlist.py (shared, unmodified, with
|* layout/pex/pex.json's and layout/pex-ring/pex.json's own leaf/ring
|* descriptors). t1/t2 (the XOR tree's own inter-stage nets) are internal to
|* the wrapper subckt at the SAME literal names design/ro_array_core.spice's
|* own .subckt ro_array_core uses internally, so they are reachable exactly
|* the way sim/ro-array-core-combining/'s own testbench reaches them
|* (`v(xarr.t1)`, one level of hierarchy) -- confirmed by this deck's own
|* first successful run, not assumed.
|*
|* Topology, pre-layout side (no prefix, matching
|* sim/ro-array-core-combining/'s own testbench net names exactly): xctl is
|* the identical topology from design/ro_array_core.spice's parameterized
|* .subckt ro_array_core, same-deck same-corner control.
|*
|* The substrate tie. layout/pex-array/ro_array_core_pex.spice declares the
|* extractor's substrate return node `vsubs` .global (klayout-tools#1503,
|* same as every other post-layout deck in this repo). This deck ties it
|* HARD to 0, the same physically-motivated choice
|* sim/post-layout-ro-ring5-assembled/ and sim/post-layout-ro-ring5/ both
|* use -- every composed cell's own psub guard ring is tied to vss, and vss
|* is 0 here. Inter-ring coupling through a floating substrate is a
|* different, separately-bracketed question (spec/decision-records/DR-0005)
|* and is not re-litigated by this deck's own hard tie.
|*
|* PVT: the same four (temp, supply) points
|* sim/post-layout-ro-ring5-assembled/ uses, each bundling the tt/ss/ff
|* process axis:
|*   -40 degC / 1.62 V   the measured entropy-binding corner (ss)
|*    27 degC / 1.80 V   nominal
|*   125 degC / 1.98 V   the worst five-stage ring swing in #10's grid
|*   -40 degC / 1.98 V   the fastest ring measured anywhere in that grid
|*
|* Window. Post-layout parasitics measurably slow the array (every prior
|* post-layout ring record in this repo reports 1.4x-2.4x slowdown over
|* pre-layout, and the array adds inter-ring wiring + XOR-tree loading on
|* top), so this deck's tstop is 4x sim/ro-array-core-combining/'s own 200n
|* -- 800n -- with the same 5 ns enable-release point and the same
|* 10-period ring / 48-edge combining-node estimators (rise=3..13 for
|* periods, rise=2..50 at the combining nodes), now measured from a 700 ns
|* window (100 ns to 800 ns) rather than that deck's 60-200 ns, to keep the
|* same edge counts reachable at the slowest corner. Confirmed sufficient by
|* this deck's own first run at every corner (every meas below resolved,
|* not "no value found"), not assumed from the pre-layout deck's own margin.
|*
|* This file is a TEMPLATE: sim/bin/corner-run.py substitutes /Users/rwalters/.volare/volare/sky130/versions/c6d73a35f524070e85faff4a6a9eef49553ebc2b/sky130A/libs.tech/combined/sky130.lib.spice,
|* ss, /Users/rwalters/GitHub/sky130-trng/.loom/worktrees/issue-22/design/ro_array_core.spice, /Users/rwalters/GitHub/sky130-trng/.loom/worktrees/issue-22/layout/pex-array/ro_array_core_pex.spice, -40.0, 1.98 and 5p. As
|* committed it is not a runnable deck. Invoke with
|* `--ro-ring5 design/ro_array_core.spice` and
|* `--pex-lib layout/pex-array/ro_array_core_pex.spice`.
|
|.option scale=1u
|.lib "/Users/rwalters/.volare/volare/sky130/versions/c6d73a35f524070e85faff4a6a9eef49553ebc2b/sky130A/libs.tech/combined/sky130.lib.spice" ss
|
|* pre-layout subcircuit library (ro_array_core / ro_ring5 / ro_buf / xor2)
|.include "/Users/rwalters/GitHub/sky130-trng/.loom/worktrees/issue-22/design/ro_array_core.spice"
|* post-layout ARRAY subcircuit library (ro_array_core_pex, flat-extracted
|* from the whole composed, DRC-clean and LVS-clean array GDS)
|.include "/Users/rwalters/GitHub/sky130-trng/.loom/worktrees/issue-22/layout/pex-array/ro_array_core_pex.spice"
|
|.temp -40.0
|
|* --- substrate return node: hard tie (see header) ----------------------
|Vsub vsubs 0 dc 0
|
|* --- post-layout ARRAY, one flat-extracted cell for the whole block ----
|Vddrp1 pvddr1 0 dc 1.98
|Vddrp2 pvddr2 0 dc 1.98
|Vddrp3 pvddr3 0 dc 1.98
|Vddrp4 pvddr4 0 dc 1.98
|Vddp pvdd 0 dc 1.98
|Venp1 pen1 0 PULSE(0 1.98 5n 100p 100p 1u 2u)
|Venp2 pen2 0 PULSE(0 1.98 5n 100p 100p 1u 2u)
|Venp3 pen3 0 PULSE(0 1.98 5n 100p 100p 1u 2u)
|Venp4 pen4 0 PULSE(0 1.98 5n 100p 100p 1u 2u)
|xarr pen1 pen2 pen3 pen4 pvddr1 pvddr2 pvddr3 pvddr4 pvdd 0 pxo pro1 pro2 pro3 pro4 ro_array_core_pex
|
|* --- pre-layout control, identical topology, single-call subckt --------
|Vddr1 vddr1 0 dc 1.98
|Vddr2 vddr2 0 dc 1.98
|Vddr3 vddr3 0 dc 1.98
|Vddr4 vddr4 0 dc 1.98
|Vdd vdd 0 dc 1.98
|Ven1 en1 0 PULSE(0 1.98 5n 100p 100p 1u 2u)
|Ven2 en2 0 PULSE(0 1.98 5n 100p 100p 1u 2u)
|Ven3 en3 0 PULSE(0 1.98 5n 100p 100p 1u 2u)
|Ven4 en4 0 PULSE(0 1.98 5n 100p 100p 1u 2u)
|xctl en1 en2 en3 en4 vddr1 vddr2 vddr3 vddr4 vdd 0 xo ro1 ro2 ro3 ro4 ro_array_core
|
|.ic v(pro1)=0
|.ic v(pro2)=0
|.ic v(pro3)=0
|.ic v(pro4)=0
|.ic v(ro1)=0
|.ic v(ro2)=0
|.ic v(ro3)=0
|.ic v(ro4)=0
|
|* Limit the saved transient trace set to exactly what the .meas statements
|* below need. Without this, ngspice keeps a full-resolution voltage history
|* for every node in the deck -- including every per-terminal parasitic-star
|* leg node the flat ARRAY extraction introduces (132 devices' worth, an
|* order of magnitude more than one ring alone) -- and
|* sim/post-layout-ro-ring5-assembled/'s own header records this exhausting
|* process memory outright at the ff corner's shorter timesteps. None of
|* those internal leg voltages are read by any .meas below.
|.save v(pro1) v(pro2) v(pro3) v(pro4) v(pxo) v(xarr.t1)
|.save v(ro1) v(ro2) v(ro3) v(ro4) v(xo) v(xctl.t1)
|.save i(Vddrp1) i(Vddrp2) i(Vddrp3) i(Vddrp4) i(Vddp)
|.save i(Vddr1) i(Vddr2) i(Vddr3) i(Vddr4) i(Vdd)
|
|.tran 5p 800n uic
|
|.control
|run
|
|* --- post-layout ARRAY: per-ring periods, 10 whole periods each, first
|* two rising edges discarded as start-up ------------------------------
|meas tran pt1a when v(pro1)=0.5*1.98 rise=3
|meas tran pt1b when v(pro1)=0.5*1.98 rise=13
|let p_tr1 = (pt1b - pt1a)/10
|meas tran pt2a when v(pro2)=0.5*1.98 rise=3
|meas tran pt2b when v(pro2)=0.5*1.98 rise=13
|let p_tr2 = (pt2b - pt2a)/10
|meas tran pt3a when v(pro3)=0.5*1.98 rise=3
|meas tran pt3b when v(pro3)=0.5*1.98 rise=13
|let p_tr3 = (pt3b - pt3a)/10
|meas tran pt4a when v(pro4)=0.5*1.98 rise=3
|meas tran pt4b when v(pro4)=0.5*1.98 rise=13
|let p_tr4 = (pt4b - pt4a)/10
|let p_f_ideal2 = 1/p_tr1 + 1/p_tr2
|let p_f_ideal = 1/p_tr1 + 1/p_tr2 + 1/p_tr3 + 1/p_tr4
|let p_skew_span = p_tr1/p_tr4
|
|* --- post-layout ARRAY combining node: swing and realized edge rate ---
|meas tran pvxo_max MAX v(pxo) from=100n to=800n
|meas tran pvxo_min MIN v(pxo) from=100n to=800n
|let p_swing_frac_xo = (pvxo_max - pvxo_min) / 1.98
|meas tran ptxo_a when v(pxo)=0.5*1.98 rise=2
|meas tran ptxo_b when v(pxo)=0.5*1.98 rise=50
|let p_f_xo = 48/(ptxo_b - ptxo_a)
|let p_edge_retention = p_f_xo / p_f_ideal
|meas tran ptt1a when v(xarr.t1)=0.5*1.98 rise=2
|meas tran ptt1b when v(xarr.t1)=0.5*1.98 rise=50
|let p_f_t1 = 48/(ptt1b - ptt1a)
|let p_retention_n2 = p_f_t1 / p_f_ideal2
|let p_retention_n4 = p_edge_retention
|
|* --- post-layout ARRAY value fidelity + supply current -----------------
|meas tran pvxo_avg AVG v(pxo) from=100n to=800n
|meas tran pvt1_avg AVG v(xarr.t1) from=100n to=800n
|let p_bias_xo = pvxo_avg / 1.98
|let p_bias_t1 = pvt1_avg / 1.98
|meas tran pi1 AVG i(Vddrp1) from=100n to=800n
|meas tran pi2 AVG i(Vddrp2) from=100n to=800n
|meas tran pi3 AVG i(Vddrp3) from=100n to=800n
|meas tran pi4 AVG i(Vddrp4) from=100n to=800n
|meas tran pib AVG i(Vddp) from=100n to=800n
|let p_i_rings = -(pi1 + pi2 + pi3 + pi4)
|let p_i_block = -pib
|let p_i_array_total = p_i_rings + p_i_block
|let p_p_array_total = p_i_array_total * 1.98
|
|* --- pre-layout CONTROL: identical estimators, identical node names as
|* sim/ro-array-core-combining/'s own testbench ---------------------------
|meas tran t1a when v(ro1)=0.5*1.98 rise=3
|meas tran t1b when v(ro1)=0.5*1.98 rise=13
|let tr1 = (t1b - t1a)/10
|meas tran t2a when v(ro2)=0.5*1.98 rise=3
|meas tran t2b when v(ro2)=0.5*1.98 rise=13
|let tr2 = (t2b - t2a)/10
|meas tran t3a when v(ro3)=0.5*1.98 rise=3
|meas tran t3b when v(ro3)=0.5*1.98 rise=13
|let tr3 = (t3b - t3a)/10
|meas tran t4a when v(ro4)=0.5*1.98 rise=3
|meas tran t4b when v(ro4)=0.5*1.98 rise=13
|let tr4 = (t4b - t4a)/10
|let f_ideal2 = 1/tr1 + 1/tr2
|let f_ideal = 1/tr1 + 1/tr2 + 1/tr3 + 1/tr4
|let skew_span = tr1/tr4
|
|meas tran vxo_max MAX v(xo) from=100n to=800n
|meas tran vxo_min MIN v(xo) from=100n to=800n
|let swing_frac_xo = (vxo_max - vxo_min) / 1.98
|meas tran txo_a when v(xo)=0.5*1.98 rise=2
|meas tran txo_b when v(xo)=0.5*1.98 rise=50
|let f_xo = 48/(txo_b - txo_a)
|let edge_retention = f_xo / f_ideal
|meas tran tt1a when v(xctl.t1)=0.5*1.98 rise=2
|meas tran tt1b when v(xctl.t1)=0.5*1.98 rise=50
|let f_t1 = 48/(tt1b - tt1a)
|let retention_n2 = f_t1 / f_ideal2
|let retention_n4 = edge_retention
|
|meas tran vxo_avg AVG v(xo) from=100n to=800n
|meas tran vt1_avg AVG v(xctl.t1) from=100n to=800n
|let bias_xo = vxo_avg / 1.98
|let bias_t1 = vt1_avg / 1.98
|meas tran i1 AVG i(Vddr1) from=100n to=800n
|meas tran i2 AVG i(Vddr2) from=100n to=800n
|meas tran i3 AVG i(Vddr3) from=100n to=800n
|meas tran i4 AVG i(Vddr4) from=100n to=800n
|meas tran ib AVG i(Vdd) from=100n to=800n
|let i_rings = -(i1 + i2 + i3 + i4)
|let i_block = -ib
|let i_array_total = i_rings + i_block
|let p_array_total_pre = i_array_total * 1.98
|
|* --- headline ratios: same block, same corner, real inter-ring wiring
|* (plus real intra-cell parasitics) vs. pre-layout (no interconnect,
|* ideal devices only) ----------------------------------------------------
|let slowdown_r1 = p_tr1 / tr1
|let slowdown_r2 = p_tr2 / tr2
|let slowdown_r3 = p_tr3 / tr3
|let slowdown_r4 = p_tr4 / tr4
|
|print p_tr1
|print p_tr2
|print p_tr3
|print p_tr4
|print p_skew_span
|print p_f_ideal
|print p_f_xo
|print p_edge_retention
|print p_retention_n2
|print p_retention_n4
|print p_bias_t1
|print p_bias_xo
|print p_swing_frac_xo
|print p_i_rings
|print p_i_block
|print p_i_array_total
|print p_p_array_total
|print tr1
|print tr2
|print tr3
|print tr4
|print skew_span
|print f_ideal
|print f_xo
|print edge_retention
|print retention_n2
|print retention_n4
|print bias_t1
|print bias_xo
|print swing_frac_xo
|print i_rings
|print i_block
|print i_array_total
|print p_array_total_pre
|print slowdown_r1
|print slowdown_r2
|print slowdown_r3
|print slowdown_r4
|.endc
|.end
|

----- stdout -----

Note: Compatibility modes selected: hs a


Circuit: * post-layout ro_array_core: the whole entropy source (four non-identical

option SCALE: Scale is set to 1e-06 for instance and model parameters
option SCALE: Scale is set to 1e-06 for instance and model parameters
option SCALE: Scale is set to 1e-06 for instance and model parameters
option SCALE: Scale is set to 1e-06 for instance and model parameters
option SCALE: Scale is set to 1e-06 for instance and model parameters
Doing analysis at TEMP = -40.000000 and TNOM = 27.000000

Using SPARSE 1.3 as Direct Linear Solver
Operating point simulation skipped by 'uic',
  now using transient initial conditions.
 Reference value :  5.00000e-14
 Reference value :  4.45813e-10
 Reference value :  1.07581e-09
 Reference value :  1.73081e-09
 Reference value :  2.29581e-09
 Reference value :  2.82581e-09
 Reference value :  3.28081e-09
 Reference value :  3.78581e-09
 Reference value :  4.37081e-09
 Reference value :  5.00150e-09
 Reference value :  5.57250e-09
 Reference value :  6.18250e-09
 Reference value :  6.74750e-09
 Reference value :  7.38250e-09
 Reference value :  7.91250e-09
 Reference value :  8.43750e-09
 Reference value :  8.96750e-09
 Reference value :  9.59250e-09
 Reference value :  1.00925e-08
 Reference value :  1.05775e-08
 Reference value :  1.10775e-08
 Reference value :  1.15925e-08
 Reference value :  1.21025e-08
 Reference value :  1.25975e-08
 Reference value :  1.31125e-08
 Reference value :  1.36375e-08
 Reference value :  1.41425e-08
 Reference value :  1.46325e-08
 Reference value :  1.51425e-08
 Reference value :  1.56325e-08
 Reference value :  1.61525e-08
 Reference value :  1.66675e-08
 Reference value :  1.71625e-08
 Reference value :  1.76675e-08
 Reference value :  1.81625e-08
 Reference value :  1.86875e-08
 Reference value :  1.92025e-08
 Reference value :  1.97125e-08
 Reference value :  2.01975e-08
 Reference value :  2.06675e-08
 Reference value :  2.11825e-08
 Reference value :  2.16675e-08
 Reference value :  2.21375e-08
 Reference value :  2.26375e-08
 Reference value :  2.31525e-08
 Reference value :  2.36425e-08
 Reference value :  2.41025e-08
 Reference value :  2.45625e-08
 Reference value :  2.50625e-08
 Reference value :  2.55425e-08
 Reference value :  2.60275e-08
 Reference value :  2.65025e-08
 Reference value :  2.69775e-08
 Reference value :  2.74425e-08
 Reference value :  2.79575e-08
 Reference value :  2.84425e-08
 Reference value :  2.89025e-08
 Reference value :  2.93775e-08
 Reference value :  2.99175e-08
 Reference value :  3.04175e-08
 Reference value :  3.08825e-08
 Reference value :  3.13625e-08
 Reference value :  3.19075e-08
 Reference value :  3.24375e-08
 Reference value :  3.28925e-08
 Reference value :  3.33525e-08
 Reference value :  3.39275e-08
 Reference value :  3.44575e-08
 Reference value :  3.49575e-08
 Reference value :  3.54075e-08
 Reference value :  3.58975e-08
 Reference value :  3.64775e-08
 Reference value :  3.69775e-08
 Reference value :  3.74575e-08
 Reference value :  3.79175e-08
 Reference value :  3.84925e-08
 Reference value :  3.91225e-08
 Reference value :  3.96325e-08
 Reference value :  4.01375e-08
 Reference value :  4.06875e-08
 Reference value :  4.12025e-08
 Reference value :  4.16825e-08
 Reference value :  4.21425e-08
 Reference value :  4.26725e-08
 Reference value :  4.31525e-08
 Reference value :  4.36825e-08
 Reference value :  4.41925e-08
 Reference value :  4.47025e-08
 Reference value :  4.51925e-08
 Reference value :  4.57275e-08
 Reference value :  4.62475e-08
 Reference value :  4.67675e-08
 Reference value :  4.72525e-08
 Reference value :  4.77425e-08
 Reference value :  4.82225e-08
 Reference value :  4.87425e-08
 Reference value :  4.92525e-08
 Reference value :  4.97375e-08
 Reference value :  5.02475e-08
 Reference value :  5.07725e-08
 Reference value :  5.12675e-08
 Reference value :  5.17525e-08
 Reference value :  5.22125e-08
 Reference value :  5.27025e-08
 Reference value :  5.32225e-08
 Reference value :  5.37125e-08
 Reference value :  5.41825e-08
 Reference value :  5.46925e-08
 Reference value :  5.51975e-08
 Reference value :  5.57125e-08
 Reference value :  5.62275e-08
 Reference value :  5.67475e-08
 Reference value :  5.72525e-08
 Reference value :  5.77675e-08
 Reference value :  5.82675e-08
 Reference value :  5.88625e-08
 Reference value :  5.94275e-08
 Reference value :  5.99475e-08
 Reference value :  6.04475e-08
 Reference value :  6.10025e-08
 Reference value :  6.15425e-08
 Reference value :  6.20775e-08
 Reference value :  6.25875e-08
 Reference value :  6.30775e-08
 Reference value :  6.36275e-08
 Reference value :  6.41275e-08
 Reference value :  6.46425e-08
 Reference value :  6.51225e-08
 Reference value :  6.55875e-08
 Reference value :  6.61025e-08
 Reference value :  6.65775e-08
 Reference value :  6.71075e-08
 Reference value :  6.76175e-08
 Reference value :  6.80875e-08
 Reference value :  6.85825e-08
 Reference value :  6.90875e-08
 Reference value :  6.95375e-08
 Reference value :  7.00025e-08
 Reference value :  7.04925e-08
 Reference value :  7.09675e-08
 Reference value :  7.15125e-08
 Reference value :  7.19875e-08
 Reference value :  7.24775e-08
 Reference value :  7.29475e-08
 Reference value :  7.34225e-08
 Reference value :  7.39225e-08
 Reference value :  7.43825e-08
 Reference value :  7.49125e-08
 Reference value :  7.54075e-08
 Reference value :  7.58775e-08
 Reference value :  7.63825e-08
 Reference value :  7.69075e-08
 Reference value :  7.74525e-08
 Reference value :  7.79375e-08
 Reference value :  7.83975e-08
 Reference value :  7.89125e-08
 Reference value :  7.94775e-08
 Reference value :  7.99725e-08
 Reference value :  8.04375e-08
 Reference value :  8.09275e-08
 Reference value :  8.14475e-08
 Reference value :  8.20025e-08
 Reference value :  8.24675e-08
 Reference value :  8.29375e-08
 Reference value :  8.34175e-08
 Reference value :  8.39475e-08
 Reference value :  8.44625e-08
 Reference value :  8.49175e-08
 Reference value :  8.53975e-08
 Reference value :  8.59475e-08
 Reference value :  8.64475e-08
 Reference value :  8.69175e-08
 Reference value :  8.73775e-08
 Reference value :  8.78425e-08
 Reference value :  8.85825e-08
 Reference value :  8.90725e-08
 Reference value :  8.95075e-08
 Reference value :  9.00525e-08
 Reference value :  9.05625e-08
 Reference value :  9.10225e-08
 Reference value :  9.14525e-08
 Reference value :  9.18775e-08
 Reference value :  9.23575e-08
 Reference value :  9.28075e-08
 Reference value :  9.32425e-08
 Reference value :  9.36525e-08
 Reference value :  9.40775e-08
 Reference value :  9.45325e-08
 Reference value :  9.49675e-08
 Reference value :  9.54225e-08
 Reference value :  9.58425e-08
 Reference value :  9.62725e-08
 Reference value :  9.67075e-08
 Reference value :  9.71475e-08
 Reference value :  9.76125e-08
 Reference value :  9.80525e-08
 Reference value :  9.84775e-08
 Reference value :  9.89525e-08
 Reference value :  9.93875e-08
 Reference value :  9.98825e-08
 Reference value :  1.00328e-07
 Reference value :  1.00763e-07
 Reference value :  1.01233e-07
 Reference value :  1.01683e-07
 Reference value :  1.02218e-07
 Reference value :  1.02653e-07
 Reference value :  1.03088e-07
 Reference value :  1.03518e-07
 Reference value :  1.03983e-07
 Reference value :  1.04513e-07
 Reference value :  1.04958e-07
 Reference value :  1.05428e-07
 Reference value :  1.05838e-07
 Reference value :  1.06288e-07
 Reference value :  1.06808e-07
 Reference value :  1.07238e-07
 Reference value :  1.07678e-07
 Reference value :  1.08093e-07
 Reference value :  1.08538e-07
 Reference value :  1.09008e-07
 Reference value :  1.09453e-07
 Reference value :  1.09868e-07
 Reference value :  1.10303e-07
 Reference value :  1.10713e-07
 Reference value :  1.11148e-07
 Reference value :  1.11603e-07
 Reference value :  1.12038e-07
 Reference value :  1.12498e-07
 Reference value :  1.12978e-07
 Reference value :  1.13413e-07
 Reference value :  1.13833e-07
 Reference value :  1.14273e-07
 Reference value :  1.14698e-07
 Reference value :  1.15108e-07
 Reference value :  1.15543e-07
 Reference value :  1.15983e-07
 Reference value :  1.16433e-07
 Reference value :  1.16858e-07
 Reference value :  1.17273e-07
 Reference value :  1.17723e-07
 Reference value :  1.18168e-07
 Reference value :  1.18643e-07
 Reference value :  1.19068e-07
 Reference value :  1.19528e-07
 Reference value :  1.20013e-07
 Reference value :  1.20438e-07
 Reference value :  1.20908e-07
 Reference value :  1.21333e-07
 Reference value :  1.21748e-07
 Reference value :  1.22198e-07
 Reference value :  1.22628e-07
 Reference value :  1.23103e-07
 Reference value :  1.23528e-07
 Reference value :  1.23938e-07
 Reference value :  1.24433e-07
 Reference value :  1.24923e-07
 Reference value :  1.25378e-07
 Reference value :  1.25803e-07
 Reference value :  1.26263e-07
 Reference value :  1.26768e-07
 Reference value :  1.27198e-07
 Reference value :  1.27648e-07
 Reference value :  1.28068e-07
 Reference value :  1.28498e-07
 Reference value :  1.29083e-07
 Reference value :  1.29528e-07
 Reference value :  1.30003e-07
 Reference value :  1.30453e-07
 Reference value :  1.30948e-07
 Reference value :  1.31458e-07
 Reference value :  1.31893e-07
 Reference value :  1.32328e-07
 Reference value :  1.32778e-07
 Reference value :  1.33313e-07
 Reference value :  1.33773e-07
 Reference value :  1.34183e-07
 Reference value :  1.34608e-07
 Reference value :  1.35043e-07
 Reference value :  1.35553e-07
 Reference value :  1.36003e-07
 Reference value :  1.36423e-07
 Reference value :  1.36893e-07
 Reference value :  1.37323e-07
 Reference value :  1.37823e-07
 Reference value :  1.38253e-07
 Reference value :  1.38663e-07
 Reference value :  1.39083e-07
 Reference value :  1.39563e-07
 Reference value :  1.40033e-07
 Reference value :  1.40523e-07
 Reference value :  1.40933e-07
 Reference value :  1.41363e-07
 Reference value :  1.41838e-07
 Reference value :  1.42283e-07
 Reference value :  1.42738e-07
 Reference value :  1.43153e-07
 Reference value :  1.43583e-07
 Reference value :  1.44013e-07
 Reference value :  1.44443e-07
 Reference value :  1.44878e-07
 Reference value :  1.45288e-07
 Reference value :  1.45718e-07
 Reference value :  1.46163e-07
 Reference value :  1.46633e-07
 Reference value :  1.47083e-07
 Reference value :  1.47513e-07
 Reference value :  1.47933e-07
 Reference value :  1.48378e-07
 Reference value :  1.48818e-07
 Reference value :  1.49278e-07
 Reference value :  1.49718e-07
 Reference value :  1.50123e-07
 Reference value :  1.50583e-07
 Reference value :  1.51033e-07
 Reference value :  1.51528e-07
 Reference value :  1.51983e-07
 Reference value :  1.52408e-07
 Reference value :  1.52883e-07
 Reference value :  1.53368e-07
 Reference value :  1.53883e-07
 Reference value :  1.54313e-07
 Reference value :  1.54748e-07
 Reference value :  1.55183e-07
 Reference value :  1.55648e-07
 Reference value :  1.56158e-07
 Reference value :  1.56583e-07
 Reference value :  1.57023e-07
 Reference value :  1.57488e-07
 Reference value :  1.57983e-07
 Reference value :  1.58498e-07
 Reference value :  1.58958e-07
 Reference value :  1.59413e-07
 Reference value :  1.59843e-07
 Reference value :  1.60328e-07
 Reference value :  1.60813e-07
 Reference value :  1.61258e-07
 Reference value :  1.61713e-07
 Reference value :  1.62153e-07
 Reference value :  1.62623e-07
 Reference value :  1.63078e-07
 Reference value :  1.63523e-07
 Reference value :  1.63968e-07
 Reference value :  1.64393e-07
 Reference value :  1.64833e-07
 Reference value :  1.65303e-07
 Reference value :  1.65728e-07
 Reference value :  1.66178e-07
 Reference value :  1.66608e-07
 Reference value :  1.67048e-07
 Reference value :  1.67513e-07
 Reference value :  1.67958e-07
 Reference value :  1.68388e-07
 Reference value :  1.68838e-07
 Reference value :  1.69273e-07
 Reference value :  1.69713e-07
 Reference value :  1.70138e-07
 Reference value :  1.70578e-07
 Reference value :  1.71018e-07
 Reference value :  1.71438e-07
 Reference value :  1.71868e-07
 Reference value :  1.72328e-07
 Reference value :  1.72778e-07
 Reference value :  1.73258e-07
 Reference value :  1.73783e-07
 Reference value :  1.74213e-07
 Reference value :  1.74698e-07
 Reference value :  1.75138e-07
 Reference value :  1.75553e-07
 Reference value :  1.75998e-07
 Reference value :  1.76413e-07
 Reference value :  1.76898e-07
 Reference value :  1.77363e-07
 Reference value :  1.77883e-07
 Reference value :  1.78403e-07
 Reference value :  1.78933e-07
 Reference value :  1.79378e-07
 Reference value :  1.79793e-07
 Reference value :  1.80258e-07
 Reference value :  1.80768e-07
 Reference value :  1.81213e-07
 Reference value :  1.81638e-07
 Reference value :  1.82063e-07
 Reference value :  1.82513e-07
 Reference value :  1.83028e-07
 Reference value :  1.83483e-07
 Reference value :  1.83903e-07
 Reference value :  1.84338e-07
 Reference value :  1.84803e-07
 Reference value :  1.85333e-07
 Reference value :  1.85753e-07
 Reference value :  1.86193e-07
 Reference value :  1.86633e-07
 Reference value :  1.87103e-07
 Reference value :  1.87548e-07
 Reference value :  1.88033e-07
 Reference value :  1.88493e-07
 Reference value :  1.88943e-07
 Reference value :  1.89463e-07
 Reference value :  1.89883e-07
 Reference value :  1.90323e-07
 Reference value :  1.90738e-07
 Reference value :  1.91178e-07
 Reference value :  1.91668e-07
 Reference value :  1.92113e-07
 Reference value :  1.92553e-07
 Reference value :  1.93003e-07
 Reference value :  1.93468e-07
 Reference value :  1.93948e-07
 Reference value :  1.94408e-07
 Reference value :  1.94823e-07
 Reference value :  1.95248e-07
 Reference value :  1.95703e-07
 Reference value :  1.96163e-07
 Reference value :  1.96608e-07
 Reference value :  1.97048e-07
 Reference value :  1.97513e-07
 Reference value :  1.97948e-07
 Reference value :  1.98413e-07
 Reference value :  1.98863e-07
 Reference value :  1.99308e-07
 Reference value :  1.99763e-07
 Reference value :  2.00188e-07
 Reference value :  2.00628e-07
 Reference value :  2.01113e-07
 Reference value :  2.01553e-07
 Reference value :  2.01983e-07
 Reference value :  2.02418e-07
 Reference value :  2.02863e-07
 Reference value :  2.03358e-07
 Reference value :  2.03803e-07
 Reference value :  2.04263e-07
 Reference value :  2.04748e-07
 Reference value :  2.05253e-07
 Reference value :  2.05743e-07
 Reference value :  2.06208e-07
 Reference value :  2.06713e-07
 Reference value :  2.07253e-07
 Reference value :  2.07783e-07
 Reference value :  2.08268e-07
 Reference value :  2.08733e-07
 Reference value :  2.09173e-07
 Reference value :  2.09713e-07
 Reference value :  2.10218e-07
 Reference value :  2.10673e-07
 Reference value :  2.11148e-07
 Reference value :  2.11603e-07
 Reference value :  2.12183e-07
 Reference value :  2.12638e-07
 Reference value :  2.13088e-07
 Reference value :  2.13558e-07
 Reference value :  2.14048e-07
 Reference value :  2.14533e-07
 Reference value :  2.14983e-07
 Reference value :  2.15428e-07
 Reference value :  2.15873e-07
 Reference value :  2.16323e-07
 Reference value :  2.16828e-07
 Reference value :  2.17263e-07
 Reference value :  2.17718e-07
 Reference value :  2.18213e-07
 Reference value :  2.18673e-07
 Reference value :  2.19128e-07
 Reference value :  2.19568e-07
 Reference value :  2.20043e-07
 Reference value :  2.20513e-07
 Reference value :  2.20958e-07
 Reference value :  2.21413e-07
 Reference value :  2.21863e-07
 Reference value :  2.22343e-07
 Reference value :  2.22803e-07
 Reference value :  2.23248e-07
 Reference value :  2.23723e-07
 Reference value :  2.24178e-07
 Reference value :  2.24638e-07
 Reference value :  2.25093e-07
 Reference value :  2.25538e-07
 Reference value :  2.25973e-07
 Reference value :  2.26443e-07
 Reference value :  2.26883e-07
 Reference value :  2.27328e-07
 Reference value :  2.27803e-07
 Reference value :  2.28303e-07
 Reference value :  2.28798e-07
 Reference value :  2.29228e-07
 Reference value :  2.29683e-07
 Reference value :  2.30193e-07
 Reference value :  2.30693e-07
 Reference value :  2.31158e-07
 Reference value :  2.31613e-07
 Reference value :  2.32118e-07
 Reference value :  2.32643e-07
 Reference value :  2.33168e-07
 Reference value :  2.33658e-07
 Reference value :  2.34128e-07
 Reference value :  2.34648e-07
 Reference value :  2.35108e-07
 Reference value :  2.35543e-07
 Reference value :  2.35988e-07
 Reference value :  2.36473e-07
 Reference value :  2.37038e-07
 Reference value :  2.37503e-07
 Reference value :  2.38003e-07
 Reference value :  2.38498e-07
 Reference value :  2.39053e-07
 Reference value :  2.39548e-07
 Reference value :  2.40043e-07
 Reference value :  2.40513e-07
 Reference value :  2.41018e-07
 Reference value :  2.41503e-07
 Reference value :  2.41958e-07
 Reference value :  2.42443e-07
 Reference value :  2.42893e-07
 Reference value :  2.43383e-07
 Reference value :  2.43828e-07
 Reference value :  2.44268e-07
 Reference value :  2.44713e-07
 Reference value :  2.45173e-07
 Reference value :  2.45658e-07
 Reference value :  2.46123e-07
 Reference value :  2.46578e-07
 Reference value :  2.47053e-07
 Reference value :  2.47553e-07
 Reference value :  2.48068e-07
 Reference value :  2.48543e-07
 Reference value :  2.49058e-07
 Reference value :  2.49533e-07
 Reference value :  2.50048e-07
 Reference value :  2.50483e-07
 Reference value :  2.50978e-07
 Reference value :  2.51478e-07
 Reference value :  2.51973e-07
 Reference value :  2.52503e-07
 Reference value :  2.52963e-07
 Reference value :  2.53428e-07
 Reference value :  2.53893e-07
 Reference value :  2.54328e-07
 Reference value :  2.54828e-07
 Reference value :  2.55323e-07
 Reference value :  2.55768e-07
 Reference value :  2.56223e-07
 Reference value :  2.56703e-07
 Reference value :  2.57178e-07
 Reference value :  2.57643e-07
 Reference value :  2.58078e-07
 Reference value :  2.58538e-07
 Reference value :  2.59023e-07
 Reference value :  2.59528e-07
 Reference value :  2.60003e-07
 Reference value :  2.60498e-07
 Reference value :  2.60958e-07
 Reference value :  2.61443e-07
 Reference value :  2.61918e-07
 Reference value :  2.62358e-07
 Reference value :  2.62813e-07
 Reference value :  2.63313e-07
 Reference value :  2.63863e-07
 Reference value :  2.64298e-07
 Reference value :  2.64723e-07
 Reference value :  2.65178e-07
 Reference value :  2.65618e-07
 Reference value :  2.66053e-07
 Reference value :  2.66513e-07
 Reference value :  2.66943e-07
 Reference value :  2.67398e-07
 Reference value :  2.67883e-07
 Reference value :  2.68358e-07
 Reference value :  2.68803e-07
 Reference value :  2.69223e-07
 Reference value :  2.69678e-07
 Reference value :  2.70148e-07
 Reference value :  2.70713e-07
 Reference value :  2.71158e-07
 Reference value :  2.71613e-07
 Reference value :  2.72088e-07
 Reference value :  2.72523e-07
 Reference value :  2.72973e-07
 Reference value :  2.73403e-07
 Reference value :  2.73878e-07
 Reference value :  2.74363e-07
 Reference value :  2.74823e-07
 Reference value :  2.75308e-07
 Reference value :  2.75773e-07
 Reference value :  2.76283e-07
 Reference value :  2.76758e-07
 Reference value :  2.77208e-07
 Reference value :  2.77723e-07
 Reference value :  2.78238e-07
 Reference value :  2.78688e-07
 Reference value :  2.79158e-07
 Reference value :  2.79663e-07
 Reference value :  2.80178e-07
 Reference value :  2.80693e-07
 Reference value :  2.81243e-07
 Reference value :  2.81748e-07
 Reference value :  2.82288e-07
 Reference value :  2.82758e-07
 Reference value :  2.83198e-07
 Reference value :  2.83693e-07
 Reference value :  2.84178e-07
 Reference value :  2.84678e-07
 Reference value :  2.85118e-07
 Reference value :  2.85587e-07
 Reference value :  2.86057e-07
 Reference value :  2.86562e-07
 Reference value :  2.87032e-07
 Reference value :  2.87497e-07
 Reference value :  2.87982e-07
 Reference value :  2.88507e-07
 Reference value :  2.88992e-07
 Reference value :  2.89507e-07
 Reference value :  2.89957e-07
 Reference value :  2.90407e-07
 Reference value :  2.90952e-07
 Reference value :  2.91397e-07
 Reference value :  2.91902e-07
 Reference value :  2.92357e-07
 Reference value :  2.92862e-07
 Reference value :  2.93337e-07
 Reference value :  2.93827e-07
 Reference value :  2.94312e-07
 Reference value :  2.94812e-07
 Reference value :  2.95292e-07
 Reference value :  2.95757e-07
 Reference value :  2.96257e-07
 Reference value :  2.96767e-07
 Reference value :  2.97292e-07
 Reference value :  2.97767e-07
 Reference value :  2.98277e-07
 Reference value :  2.98737e-07
 Reference value :  2.99212e-07
 Reference value :  2.99692e-07
 Reference value :  3.00177e-07
 Reference value :  3.00712e-07
 Reference value :  3.01162e-07
 Reference value :  3.01657e-07
 Reference value :  3.02112e-07
 Reference value :  3.02577e-07
 Reference value :  3.03077e-07
 Reference value :  3.03572e-07
 Reference value :  3.04067e-07
 Reference value :  3.04542e-07
 Reference value :  3.05107e-07
 Reference value :  3.05622e-07
 Reference value :  3.06147e-07
 Reference value :  3.06602e-07
 Reference value :  3.07057e-07
 Reference value :  3.07537e-07
 Reference value :  3.08027e-07
 Reference value :  3.08487e-07
 Reference value :  3.08932e-07
 Reference value :  3.09417e-07
 Reference value :  3.09942e-07
 Reference value :  3.10447e-07
 Reference value :  3.10967e-07
 Reference value :  3.11457e-07
 Reference value :  3.11917e-07
 Reference value :  3.12372e-07
 Reference value :  3.12822e-07
 Reference value :  3.13347e-07
 Reference value :  3.13857e-07
 Reference value :  3.14402e-07
 Reference value :  3.14857e-07
 Reference value :  3.15357e-07
 Reference value :  3.15822e-07
 Reference value :  3.16252e-07
 Reference value :  3.16687e-07
 Reference value :  3.17127e-07
 Reference value :  3.17567e-07
 Reference value :  3.18017e-07
 Reference value :  3.18457e-07
 Reference value :  3.18907e-07
 Reference value :  3.19427e-07
 Reference value :  3.19932e-07
 Reference value :  3.20442e-07
 Reference value :  3.20907e-07
 Reference value :  3.21367e-07
 Reference value :  3.21847e-07
 Reference value :  3.22307e-07
 Reference value :  3.22782e-07
 Reference value :  3.23282e-07
 Reference value :  3.23802e-07
 Reference value :  3.24292e-07
 Reference value :  3.24812e-07
 Reference value :  3.25292e-07
 Reference value :  3.25787e-07
 Reference value :  3.26312e-07
 Reference value :  3.26777e-07
 Reference value :  3.27322e-07
 Reference value :  3.27862e-07
 Reference value :  3.28332e-07
 Reference value :  3.28812e-07
 Reference value :  3.29292e-07
 Reference value :  3.29807e-07
 Reference value :  3.30297e-07
 Reference value :  3.30732e-07
 Reference value :  3.31197e-07
 Reference value :  3.31677e-07
 Reference value :  3.32187e-07
 Reference value :  3.32632e-07
 Reference value :  3.33102e-07
 Reference value :  3.33562e-07
 Reference value :  3.34082e-07
 Reference value :  3.34532e-07
 Reference value :  3.34977e-07
 Reference value :  3.35457e-07
 Reference value :  3.35972e-07
 Reference value :  3.36427e-07
 Reference value :  3.36912e-07
 Reference value :  3.37392e-07
 Reference value :  3.37857e-07
 Reference value :  3.38352e-07
 Reference value :  3.38797e-07
 Reference value :  3.39262e-07
 Reference value :  3.39717e-07
 Reference value :  3.40177e-07
 Reference value :  3.40692e-07
 Reference value :  3.41202e-07
 Reference value :  3.41707e-07
 Reference value :  3.42197e-07
 Reference value :  3.42747e-07
 Reference value :  3.43237e-07
 Reference value :  3.43737e-07
 Reference value :  3.44322e-07
 Reference value :  3.44862e-07
 Reference value :  3.45367e-07
 Reference value :  3.45852e-07
 Reference value :  3.46297e-07
 Reference value :  3.46847e-07
 Reference value :  3.47372e-07
 Reference value :  3.47902e-07
 Reference value :  3.48437e-07
 Reference value :  3.48997e-07
 Reference value :  3.49552e-07
 Reference value :  3.50167e-07
 Reference value :  3.50732e-07
 Reference value :  3.51337e-07
 Reference value :  3.51837e-07
 Reference value :  3.52417e-07
 Reference value :  3.52962e-07
 Reference value :  3.53512e-07
 Reference value :  3.54057e-07
 Reference value :  3.54547e-07
 Reference value :  3.54992e-07
 Reference value :  3.55462e-07
 Reference value :  3.55912e-07
 Reference value :  3.56377e-07
 Reference value :  3.56872e-07
 Reference value :  3.57327e-07
 Reference value :  3.57797e-07
 Reference value :  3.58267e-07
 Reference value :  3.58732e-07
 Reference value :  3.59232e-07
 Reference value :  3.59692e-07
 Reference value :  3.60157e-07
 Reference value :  3.60622e-07
 Reference value :  3.61107e-07
 Reference value :  3.61607e-07
 Reference value :  3.62062e-07
 Reference value :  3.62542e-07
 Reference value :  3.63022e-07
 Reference value :  3.63477e-07
 Reference value :  3.63937e-07
 Reference value :  3.64402e-07
 Reference value :  3.64917e-07
 Reference value :  3.65402e-07
 Reference value :  3.65882e-07
 Reference value :  3.66342e-07
 Reference value :  3.66817e-07
 Reference value :  3.67277e-07
 Reference value :  3.67752e-07
 Reference value :  3.68232e-07
 Reference value :  3.68667e-07
 Reference value :  3.69102e-07
 Reference value :  3.69562e-07
 Reference value :  3.69987e-07
 Reference value :  3.70422e-07
 Reference value :  3.70882e-07
 Reference value :  3.71327e-07
 Reference value :  3.71797e-07
 Reference value :  3.72242e-07
 Reference value :  3.72677e-07
 Reference value :  3.73157e-07
 Reference value :  3.73602e-07
 Reference value :  3.74057e-07
 Reference value :  3.74512e-07
 Reference value :  3.74967e-07
 Reference value :  3.75427e-07
 Reference value :  3.75867e-07
 Reference value :  3.76337e-07
 Reference value :  3.76827e-07
 Reference value :  3.77422e-07
 Reference value :  3.77952e-07
 Reference value :  3.78462e-07
 Reference value :  3.78942e-07
 Reference value :  3.79457e-07
 Reference value :  3.79927e-07
 Reference value :  3.80402e-07
 Reference value :  3.80892e-07
 Reference value :  3.81392e-07
 Reference value :  3.81877e-07
 Reference value :  3.82357e-07
 Reference value :  3.82887e-07
 Reference value :  3.83412e-07
 Reference value :  3.83882e-07
 Reference value :  3.84427e-07
 Reference value :  3.84927e-07
 Reference value :  3.85422e-07
 Reference value :  3.85932e-07
 Reference value :  3.86392e-07
 Reference value :  3.86912e-07
 Reference value :  3.87407e-07
 Reference value :  3.87917e-07
 Reference value :  3.88387e-07
 Reference value :  3.88872e-07
 Reference value :  3.89347e-07
 Reference value :  3.89812e-07
 Reference value :  3.90307e-07
 Reference value :  3.90782e-07
 Reference value :  3.91292e-07
 Reference value :  3.91797e-07
 Reference value :  3.92312e-07
 Reference value :  3.92757e-07
 Reference value :  3.93227e-07
 Reference value :  3.93792e-07
 Reference value :  3.94277e-07
 Reference value :  3.94737e-07
 Reference value :  3.95222e-07
 Reference value :  3.95722e-07
 Reference value :  3.96212e-07
 Reference value :  3.96702e-07
 Reference value :  3.97192e-07
 Reference value :  3.97722e-07
 Reference value :  3.98232e-07
 Reference value :  3.98772e-07
 Reference value :  3.99267e-07
 Reference value :  3.99782e-07
 Reference value :  4.00262e-07
 Reference value :  4.00772e-07
 Reference value :  4.01292e-07
 Reference value :  4.01792e-07
 Reference value :  4.02307e-07
 Reference value :  4.02832e-07
 Reference value :  4.03377e-07
 Reference value :  4.04057e-07
 Reference value :  4.04532e-07
 Reference value :  4.05067e-07
 Reference value :  4.05582e-07
 Reference value :  4.06107e-07
 Reference value :  4.06652e-07
 Reference value :  4.07257e-07
 Reference value :  4.07772e-07
 Reference value :  4.08352e-07
 Reference value :  4.09037e-07
 Reference value :  4.09547e-07
 Reference value :  4.10052e-07
 Reference value :  4.10617e-07
 Reference value :  4.11092e-07
 Reference value :  4.11607e-07
 Reference value :  4.12127e-07
 Reference value :  4.12622e-07
 Reference value :  4.13082e-07
 Reference value :  4.13552e-07
 Reference value :  4.14012e-07
 Reference value :  4.14522e-07
 Reference value :  4.14997e-07
 Reference value :  4.15492e-07
 Reference value :  4.16032e-07
 Reference value :  4.16652e-07
 Reference value :  4.17292e-07
 Reference value :  4.17742e-07
 Reference value :  4.18202e-07
 Reference value :  4.18692e-07
 Reference value :  4.19157e-07
 Reference value :  4.19642e-07
 Reference value :  4.20132e-07
 Reference value :  4.20627e-07
 Reference value :  4.21102e-07
 Reference value :  4.21597e-07
 Reference value :  4.22107e-07
 Reference value :  4.22572e-07
 Reference value :  4.23057e-07
 Reference value :  4.23527e-07
 Reference value :  4.24007e-07
 Reference value :  4.24467e-07
 Reference value :  4.24962e-07
 Reference value :  4.25432e-07
 Reference value :  4.25972e-07
 Reference value :  4.26417e-07
 Reference value :  4.26872e-07
 Reference value :  4.27347e-07
 Reference value :  4.27787e-07
 Reference value :  4.28252e-07
 Reference value :  4.28692e-07
 Reference value :  4.29147e-07
 Reference value :  4.29587e-07
 Reference value :  4.30037e-07
 Reference value :  4.30552e-07
 Reference value :  4.31052e-07
 Reference value :  4.31582e-07
 Reference value :  4.32082e-07
 Reference value :  4.32572e-07
 Reference value :  4.33027e-07
 Reference value :  4.33472e-07
 Reference value :  4.33942e-07
 Reference value :  4.34437e-07
 Reference value :  4.34977e-07
 Reference value :  4.35467e-07
 Reference value :  4.35952e-07
 Reference value :  4.36502e-07
 Reference value :  4.37002e-07
 Reference value :  4.37512e-07
 Reference value :  4.38002e-07
 Reference value :  4.38492e-07
 Reference value :  4.38992e-07
 Reference value :  4.39527e-07
 Reference value :  4.40007e-07
 Reference value :  4.40487e-07
 Reference value :  4.40992e-07
 Reference value :  4.41562e-07
 Reference value :  4.42027e-07
 Reference value :  4.42487e-07
 Reference value :  4.43007e-07
 Reference value :  4.43502e-07
 Reference value :  4.44007e-07
 Reference value :  4.44457e-07
 Reference value :  4.44932e-07
 Reference value :  4.45392e-07
 Reference value :  4.45857e-07
 Reference value :  4.46327e-07
 Reference value :  4.46787e-07
 Reference value :  4.47292e-07
 Reference value :  4.47777e-07
 Reference value :  4.48267e-07
 Reference value :  4.48767e-07
 Reference value :  4.49292e-07
 Reference value :  4.49772e-07
 Reference value :  4.50277e-07
 Reference value :  4.50827e-07
 Reference value :  4.51317e-07
 Reference value :  4.51857e-07
 Reference value :  4.52347e-07
 Reference value :  4.52862e-07
 Reference value :  4.53407e-07
 Reference value :  4.53947e-07
 Reference value :  4.54512e-07
 Reference value :  4.55042e-07
 Reference value :  4.55622e-07
 Reference value :  4.56167e-07
 Reference value :  4.56707e-07
 Reference value :  4.57202e-07
 Reference value :  4.57712e-07
 Reference value :  4.58177e-07
 Reference value :  4.58672e-07
 Reference value :  4.59132e-07
 Reference value :  4.59602e-07
 Reference value :  4.60082e-07
 Reference value :  4.60522e-07
 Reference value :  4.61012e-07
 Reference value :  4.61477e-07
 Reference value :  4.61982e-07
 Reference value :  4.62462e-07
 Reference value :  4.62942e-07
 Reference value :  4.63427e-07
 Reference value :  4.63922e-07
 Reference value :  4.64402e-07
 Reference value :  4.64877e-07
 Reference value :  4.65362e-07
 Reference value :  4.65857e-07
 Reference value :  4.66372e-07
 Reference value :  4.66867e-07
 Reference value :  4.67357e-07
 Reference value :  4.67847e-07
 Reference value :  4.68392e-07
 Reference value :  4.68872e-07
 Reference value :  4.69357e-07
 Reference value :  4.69817e-07
 Reference value :  4.70342e-07
 Reference value :  4.70847e-07
 Reference value :  4.71272e-07
 Reference value :  4.71737e-07
 Reference value :  4.72192e-07
 Reference value :  4.72692e-07
 Reference value :  4.73157e-07
 Reference value :  4.73612e-07
 Reference value :  4.74092e-07
 Reference value :  4.74622e-07
 Reference value :  4.75127e-07
 Reference value :  4.75602e-07
 Reference value :  4.76137e-07
 Reference value :  4.76652e-07
 Reference value :  4.77132e-07
 Reference value :  4.77592e-07
 Reference value :  4.78082e-07
 Reference value :  4.78607e-07
 Reference value :  4.79117e-07
 Reference value :  4.79577e-07
 Reference value :  4.80097e-07
 Reference value :  4.80592e-07
 Reference value :  4.81097e-07
 Reference value :  4.81542e-07
 Reference value :  4.81997e-07
 Reference value :  4.82457e-07
 Reference value :  4.82932e-07
 Reference value :  4.83402e-07
 Reference value :  4.83872e-07
 Reference value :  4.84372e-07
 Reference value :  4.84867e-07
 Reference value :  4.85352e-07
 Reference value :  4.85787e-07
 Reference value :  4.86272e-07
 Reference value :  4.86727e-07
 Reference value :  4.87167e-07
 Reference value :  4.87607e-07
 Reference value :  4.88067e-07
 Reference value :  4.88547e-07
 Reference value :  4.89047e-07
 Reference value :  4.89507e-07
 Reference value :  4.89987e-07
 Reference value :  4.90447e-07
 Reference value :  4.90897e-07
 Reference value :  4.91457e-07
 Reference value :  4.92007e-07
 Reference value :  4.92507e-07
 Reference value :  4.93062e-07
 Reference value :  4.93532e-07
 Reference value :  4.93972e-07
 Reference value :  4.94422e-07
 Reference value :  4.94937e-07
 Reference value :  4.95447e-07
 Reference value :  4.95917e-07
 Reference value :  4.96352e-07
 Reference value :  4.96817e-07
 Reference value :  4.97327e-07
 Reference value :  4.97787e-07
 Reference value :  4.98267e-07
 Reference value :  4.98737e-07
 Reference value :  4.99242e-07
 Reference value :  4.99752e-07
 Reference value :  5.00417e-07
 Reference value :  5.00982e-07
 Reference value :  5.01472e-07
 Reference value :  5.01962e-07
 Reference value :  5.02512e-07
 Reference value :  5.03042e-07
 Reference value :  5.03662e-07
 Reference value :  5.04182e-07
 Reference value :  5.04742e-07
 Reference value :  5.05307e-07
 Reference value :  5.05862e-07
 Reference value :  5.06412e-07
 Reference value :  5.06957e-07
 Reference value :  5.07557e-07
 Reference value :  5.08132e-07
 Reference value :  5.08647e-07
 Reference value :  5.09167e-07
 Reference value :  5.09662e-07
 Reference value :  5.10152e-07
 Reference value :  5.10667e-07
 Reference value :  5.11142e-07
 Reference value :  5.11657e-07
 Reference value :  5.12122e-07
 Reference value :  5.12587e-07
 Reference value :  5.13067e-07
 Reference value :  5.13567e-07
 Reference value :  5.14067e-07
 Reference value :  5.14507e-07
 Reference value :  5.14947e-07
 Reference value :  5.15452e-07
 Reference value :  5.15952e-07
 Reference value :  5.16457e-07
 Reference value :  5.16947e-07
 Reference value :  5.17472e-07
 Reference value :  5.18042e-07
 Reference value :  5.18577e-07
 Reference value :  5.19087e-07
 Reference value :  5.19587e-07
 Reference value :  5.20102e-07
 Reference value :  5.20592e-07
 Reference value :  5.21067e-07
 Reference value :  5.21587e-07
 Reference value :  5.22137e-07
 Reference value :  5.22652e-07
 Reference value :  5.23252e-07
 Reference value :  5.23812e-07
 Reference value :  5.24432e-07
 Reference value :  5.24982e-07
 Reference value :  5.25467e-07
 Reference value :  5.26027e-07
 Reference value :  5.26587e-07
 Reference value :  5.27082e-07
 Reference value :  5.27572e-07
 Reference value :  5.28157e-07
 Reference value :  5.28707e-07
 Reference value :  5.29202e-07
 Reference value :  5.29717e-07
 Reference value :  5.30277e-07
 Reference value :  5.30787e-07
 Reference value :  5.31247e-07
 Reference value :  5.31732e-07
 Reference value :  5.32197e-07
 Reference value :  5.32742e-07
 Reference value :  5.33202e-07
 Reference value :  5.33692e-07
 Reference value :  5.34172e-07
 Reference value :  5.34692e-07
 Reference value :  5.35182e-07
 Reference value :  5.35697e-07
 Reference value :  5.36202e-07
 Reference value :  5.36722e-07
 Reference value :  5.37202e-07
 Reference value :  5.37722e-07
 Reference value :  5.38242e-07
 Reference value :  5.38757e-07
 Reference value :  5.39252e-07
 Reference value :  5.39737e-07
 Reference value :  5.40272e-07
 Reference value :  5.40767e-07
 Reference value :  5.41227e-07
 Reference value :  5.41702e-07
 Reference value :  5.42172e-07
 Reference value :  5.42672e-07
 Reference value :  5.43147e-07
 Reference value :  5.43597e-07
 Reference value :  5.44077e-07
 Reference value :  5.44537e-07
 Reference value :  5.45022e-07
 Reference value :  5.45542e-07
 Reference value :  5.46027e-07
 Reference value :  5.46482e-07
 Reference value :  5.46922e-07
 Reference value :  5.47397e-07
 Reference value :  5.47862e-07
 Reference value :  5.48342e-07
 Reference value :  5.48912e-07
 Reference value :  5.49452e-07
 Reference value :  5.49937e-07
 Reference value :  5.50382e-07
 Reference value :  5.50892e-07
 Reference value :  5.51487e-07
 Reference value :  5.52022e-07
 Reference value :  5.52482e-07
 Reference value :  5.52982e-07
 Reference value :  5.53482e-07
 Reference value :  5.54047e-07
 Reference value :  5.54517e-07
 Reference value :  5.55022e-07
 Reference value :  5.55532e-07
 Reference value :  5.56042e-07
 Reference value :  5.56532e-07
 Reference value :  5.56987e-07
 Reference value :  5.57502e-07
 Reference value :  5.58012e-07
 Reference value :  5.58482e-07
 Reference value :  5.58967e-07
 Reference value :  5.59492e-07
 Reference value :  5.59972e-07
 Reference value :  5.60462e-07
 Reference value :  5.60962e-07
 Reference value :  5.61492e-07
 Reference value :  5.62017e-07
 Reference value :  5.62542e-07
 Reference value :  5.63067e-07
 Reference value :  5.63552e-07
 Reference value :  5.64017e-07
 Reference value :  5.64522e-07
 Reference value :  5.65012e-07
 Reference value :  5.65502e-07
 Reference value :  5.65972e-07
 Reference value :  5.66477e-07
 Reference value :  5.66957e-07
 Reference value :  5.67472e-07
 Reference value :  5.67962e-07
 Reference value :  5.68407e-07
 Reference value :  5.68867e-07
 Reference value :  5.69337e-07
 Reference value :  5.69847e-07
 Reference value :  5.70317e-07
 Reference value :  5.70772e-07
 Reference value :  5.71282e-07
 Reference value :  5.71792e-07
 Reference value :  5.72272e-07
 Reference value :  5.72727e-07
 Reference value :  5.73187e-07
 Reference value :  5.73712e-07
 Reference value :  5.74187e-07
 Reference value :  5.74657e-07
 Reference value :  5.75147e-07
 Reference value :  5.75707e-07
 Reference value :  5.76242e-07
 Reference value :  5.76772e-07
 Reference value :  5.77347e-07
 Reference value :  5.77952e-07
 Reference value :  5.78502e-07
 Reference value :  5.79002e-07
 Reference value :  5.79552e-07
 Reference value :  5.80137e-07
 Reference value :  5.80687e-07
 Reference value :  5.81182e-07
 Reference value :  5.81682e-07
 Reference value :  5.82197e-07
 Reference value :  5.82737e-07
 Reference value :  5.83227e-07
 Reference value :  5.83702e-07
 Reference value :  5.84187e-07
 Reference value :  5.84682e-07
 Reference value :  5.85217e-07
 Reference value :  5.85732e-07
 Reference value :  5.86282e-07
 Reference value :  5.86782e-07
 Reference value :  5.87302e-07
 Reference value :  5.87807e-07
 Reference value :  5.88337e-07
 Reference value :  5.88882e-07
 Reference value :  5.89402e-07
 Reference value :  5.89992e-07
 Reference value :  5.90552e-07
 Reference value :  5.91042e-07
 Reference value :  5.91517e-07
 Reference value :  5.91992e-07
 Reference value :  5.92472e-07
 Reference value :  5.92957e-07
 Reference value :  5.93427e-07
 Reference value :  5.93927e-07
 Reference value :  5.94417e-07
 Reference value :  5.94882e-07
 Reference value :  5.95347e-07
 Reference value :  5.95837e-07
 Reference value :  5.96332e-07
 Reference value :  5.96862e-07
 Reference value :  5.97362e-07
 Reference value :  5.97877e-07
 Reference value :  5.98392e-07
 Reference value :  5.98907e-07
 Reference value :  5.99432e-07
 Reference value :  5.99917e-07
 Reference value :  6.00387e-07
 Reference value :  6.00908e-07
 Reference value :  6.01423e-07
 Reference value :  6.01898e-07
 Reference value :  6.02413e-07
 Reference value :  6.02878e-07
 Reference value :  6.03423e-07
 Reference value :  6.03903e-07
 Reference value :  6.04363e-07
 Reference value :  6.04838e-07
 Reference value :  6.05328e-07
 Reference value :  6.05823e-07
 Reference value :  6.06308e-07
 Reference value :  6.06813e-07
 Reference value :  6.07393e-07
 Reference value :  6.07903e-07
 Reference value :  6.08368e-07
 Reference value :  6.08818e-07
 Reference value :  6.09348e-07
 Reference value :  6.09853e-07
 Reference value :  6.10353e-07
 Reference value :  6.10833e-07
 Reference value :  6.11313e-07
 Reference value :  6.11803e-07
 Reference value :  6.12298e-07
 Reference value :  6.12823e-07
 Reference value :  6.13288e-07
 Reference value :  6.13783e-07
 Reference value :  6.14298e-07
 Reference value :  6.14808e-07
 Reference value :  6.15348e-07
 Reference value :  6.15858e-07
 Reference value :  6.16408e-07
 Reference value :  6.16998e-07
 Reference value :  6.17538e-07
 Reference value :  6.18053e-07
 Reference value :  6.18568e-07
 Reference value :  6.19123e-07
 Reference value :  6.19628e-07
 Reference value :  6.20168e-07
 Reference value :  6.20703e-07
 Reference value :  6.21243e-07
 Reference value :  6.21758e-07
 Reference value :  6.22243e-07
 Reference value :  6.22768e-07
 Reference value :  6.23298e-07
 Reference value :  6.23813e-07
 Reference value :  6.24333e-07
 Reference value :  6.24838e-07
 Reference value :  6.25393e-07
 Reference value :  6.25908e-07
 Reference value :  6.26378e-07
 Reference value :  6.26883e-07
 Reference value :  6.27413e-07
 Reference value :  6.27938e-07
 Reference value :  6.28478e-07
 Reference value :  6.29003e-07
 Reference value :  6.29553e-07
 Reference value :  6.30088e-07
 Reference value :  6.30623e-07
 Reference value :  6.31123e-07
 Reference value :  6.31633e-07
 Reference value :  6.32173e-07
 Reference value :  6.32658e-07
 Reference value :  6.33178e-07
 Reference value :  6.33703e-07
 Reference value :  6.34258e-07
 Reference value :  6.34813e-07
 Reference value :  6.35348e-07
 Reference value :  6.35908e-07
 Reference value :  6.36483e-07
 Reference value :  6.37083e-07
 Reference value :  6.37658e-07
 Reference value :  6.38278e-07
 Reference value :  6.38813e-07
 Reference value :  6.39388e-07
 Reference value :  6.39928e-07
 Reference value :  6.40523e-07
 Reference value :  6.41098e-07
 Reference value :  6.41648e-07
 Reference value :  6.42168e-07
 Reference value :  6.42738e-07
 Reference value :  6.43313e-07
 Reference value :  6.43863e-07
 Reference value :  6.44438e-07
 Reference value :  6.45013e-07
 Reference value :  6.45573e-07
 Reference value :  6.46103e-07
 Reference value :  6.46643e-07
 Reference value :  6.47193e-07
 Reference value :  6.47758e-07
 Reference value :  6.48353e-07
 Reference value :  6.48888e-07
 Reference value :  6.49423e-07
 Reference value :  6.49988e-07
 Reference value :  6.50548e-07
 Reference value :  6.51103e-07
 Reference value :  6.51598e-07
 Reference value :  6.52133e-07
 Reference value :  6.52733e-07
 Reference value :  6.53263e-07
 Reference value :  6.53823e-07
 Reference value :  6.54333e-07
 Reference value :  6.54858e-07
 Reference value :  6.55418e-07
 Reference value :  6.55913e-07
 Reference value :  6.56463e-07
 Reference value :  6.56973e-07
 Reference value :  6.57553e-07
 Reference value :  6.58093e-07
 Reference value :  6.58678e-07
 Reference value :  6.59263e-07
 Reference value :  6.59828e-07
 Reference value :  6.60358e-07
 Reference value :  6.60893e-07
 Reference value :  6.61403e-07
 Reference value :  6.61933e-07
 Reference value :  6.62448e-07
 Reference value :  6.62943e-07
 Reference value :  6.63543e-07
 Reference value :  6.64063e-07
 Reference value :  6.64583e-07
 Reference value :  6.65078e-07
 Reference value :  6.65568e-07
 Reference value :  6.66113e-07
 Reference value :  6.66653e-07
 Reference value :  6.67133e-07
 Reference value :  6.67638e-07
 Reference value :  6.68168e-07
 Reference value :  6.68738e-07
 Reference value :  6.69233e-07
 Reference value :  6.69708e-07
 Reference value :  6.70218e-07
 Reference value :  6.70713e-07
 Reference value :  6.71238e-07
 Reference value :  6.71728e-07
 Reference value :  6.72238e-07
 Reference value :  6.72738e-07
 Reference value :  6.73308e-07
 Reference value :  6.73788e-07
 Reference value :  6.74288e-07
 Reference value :  6.74818e-07
 Reference value :  6.75363e-07
 Reference value :  6.75873e-07
 Reference value :  6.76393e-07
 Reference value :  6.76963e-07
 Reference value :  6.77528e-07
 Reference value :  6.78028e-07
 Reference value :  6.78543e-07
 Reference value :  6.79123e-07
 Reference value :  6.79703e-07
 Reference value :  6.80178e-07
 Reference value :  6.80688e-07
 Reference value :  6.81228e-07
 Reference value :  6.81818e-07
 Reference value :  6.82303e-07
 Reference value :  6.82818e-07
 Reference value :  6.83313e-07
 Reference value :  6.83893e-07
 Reference value :  6.84418e-07
 Reference value :  6.84953e-07
 Reference value :  6.85473e-07
 Reference value :  6.86003e-07
 Reference value :  6.86568e-07
 Reference value :  6.87128e-07
 Reference value :  6.87653e-07
 Reference value :  6.88173e-07
 Reference value :  6.88783e-07
 Reference value :  6.89368e-07
 Reference value :  6.89933e-07
 Reference value :  6.90468e-07
 Reference value :  6.91033e-07
 Reference value :  6.91623e-07
 Reference value :  6.92203e-07
 Reference value :  6.92728e-07
 Reference value :  6.93263e-07
 Reference value :  6.93833e-07
 Reference value :  6.94373e-07
 Reference value :  6.94868e-07
 Reference value :  6.95448e-07
 Reference value :  6.96008e-07
 Reference value :  6.96503e-07
 Reference value :  6.96983e-07
 Reference value :  6.97563e-07
 Reference value :  6.98118e-07
 Reference value :  6.98628e-07
 Reference value :  6.99103e-07
 Reference value :  6.99718e-07
 Reference value :  7.00293e-07
 Reference value :  7.00843e-07
 Reference value :  7.01348e-07
 Reference value :  7.01853e-07
 Reference value :  7.02358e-07
 Reference value :  7.02888e-07
 Reference value :  7.03398e-07
 Reference value :  7.03953e-07
 Reference value :  7.04463e-07
 Reference value :  7.04983e-07
 Reference value :  7.05498e-07
 Reference value :  7.06008e-07
 Reference value :  7.06558e-07
 Reference value :  7.07098e-07
 Reference value :  7.07628e-07
 Reference value :  7.08153e-07
 Reference value :  7.08668e-07
 Reference value :  7.09203e-07
 Reference value :  7.09683e-07
 Reference value :  7.10188e-07
 Reference value :  7.10718e-07
 Reference value :  7.11258e-07
 Reference value :  7.11763e-07
 Reference value :  7.12273e-07
 Reference value :  7.12768e-07
 Reference value :  7.13303e-07
 Reference value :  7.13833e-07
 Reference value :  7.14343e-07
 Reference value :  7.14858e-07
 Reference value :  7.15378e-07
 Reference value :  7.15888e-07
 Reference value :  7.16423e-07
 Reference value :  7.16993e-07
 Reference value :  7.17488e-07
 Reference value :  7.17978e-07
 Reference value :  7.18488e-07
 Reference value :  7.18958e-07
 Reference value :  7.19443e-07
 Reference value :  7.19923e-07
 Reference value :  7.20428e-07
 Reference value :  7.20918e-07
 Reference value :  7.21398e-07
 Reference value :  7.21948e-07
 Reference value :  7.22498e-07
 Reference value :  7.23003e-07
 Reference value :  7.23488e-07
 Reference value :  7.24018e-07
 Reference value :  7.24613e-07
 Reference value :  7.25148e-07
 Reference value :  7.25638e-07
 Reference value :  7.26133e-07
 Reference value :  7.26733e-07
 Reference value :  7.27273e-07
 Reference value :  7.27758e-07
 Reference value :  7.28248e-07
 Reference value :  7.28798e-07
 Reference value :  7.29368e-07
 Reference value :  7.29858e-07
 Reference value :  7.30358e-07
 Reference value :  7.30938e-07
 Reference value :  7.31488e-07
 Reference value :  7.31983e-07
 Reference value :  7.32503e-07
 Reference value :  7.33003e-07
 Reference value :  7.33543e-07
 Reference value :  7.34068e-07
 Reference value :  7.34583e-07
 Reference value :  7.35168e-07
 Reference value :  7.35718e-07
 Reference value :  7.36283e-07
 Reference value :  7.36813e-07
 Reference value :  7.37348e-07
 Reference value :  7.37868e-07
 Reference value :  7.38393e-07
 Reference value :  7.38943e-07
 Reference value :  7.39473e-07
 Reference value :  7.39968e-07
 Reference value :  7.40503e-07
 Reference value :  7.41003e-07
 Reference value :  7.41523e-07
 Reference value :  7.42053e-07
 Reference value :  7.42573e-07
 Reference value :  7.43108e-07
 Reference value :  7.43653e-07
 Reference value :  7.44173e-07
 Reference value :  7.44688e-07
 Reference value :  7.45228e-07
 Reference value :  7.45753e-07
 Reference value :  7.46263e-07
 Reference value :  7.46843e-07
 Reference value :  7.47413e-07
 Reference value :  7.47908e-07
 Reference value :  7.48408e-07
 Reference value :  7.48888e-07
 Reference value :  7.49413e-07
 Reference value :  7.49978e-07
 Reference value :  7.50568e-07
 Reference value :  7.51193e-07
 Reference value :  7.51858e-07
 Reference value :  7.52408e-07
 Reference value :  7.52938e-07
 Reference value :  7.53528e-07
 Reference value :  7.54143e-07
 Reference value :  7.54673e-07
 Reference value :  7.55183e-07
 Reference value :  7.55748e-07
 Reference value :  7.56348e-07
 Reference value :  7.56878e-07
 Reference value :  7.57393e-07
 Reference value :  7.57928e-07
 Reference value :  7.58438e-07
 Reference value :  7.58953e-07
 Reference value :  7.59473e-07
 Reference value :  7.60013e-07
 Reference value :  7.60568e-07
 Reference value :  7.61098e-07
 Reference value :  7.61603e-07
 Reference value :  7.62168e-07
 Reference value :  7.62663e-07
 Reference value :  7.63183e-07
 Reference value :  7.63678e-07
 Reference value :  7.64178e-07
 Reference value :  7.64693e-07
 Reference value :  7.65218e-07
 Reference value :  7.65733e-07
 Reference value :  7.66228e-07
 Reference value :  7.66723e-07
 Reference value :  7.67223e-07
 Reference value :  7.67743e-07
 Reference value :  7.68248e-07
 Reference value :  7.68753e-07
 Reference value :  7.69268e-07
 Reference value :  7.69838e-07
 Reference value :  7.70388e-07
 Reference value :  7.70893e-07
 Reference value :  7.71388e-07
 Reference value :  7.71928e-07
 Reference value :  7.72493e-07
 Reference value :  7.72983e-07
 Reference value :  7.73493e-07
 Reference value :  7.74053e-07
 Reference value :  7.74573e-07
 Reference value :  7.75078e-07
 Reference value :  7.75588e-07
 Reference value :  7.76078e-07
 Reference value :  7.76638e-07
 Reference value :  7.77128e-07
 Reference value :  7.77623e-07
 Reference value :  7.78153e-07
 Reference value :  7.78723e-07
 Reference value :  7.79268e-07
 Reference value :  7.79793e-07
 Reference value :  7.80343e-07
 Reference value :  7.80983e-07
 Reference value :  7.81488e-07
 Reference value :  7.81978e-07
 Reference value :  7.82498e-07
 Reference value :  7.83058e-07
 Reference value :  7.83613e-07
 Reference value :  7.84103e-07
 Reference value :  7.84648e-07
 Reference value :  7.85178e-07
 Reference value :  7.85733e-07
 Reference value :  7.86233e-07
 Reference value :  7.86733e-07
 Reference value :  7.87303e-07
 Reference value :  7.87843e-07
 Reference value :  7.88328e-07
 Reference value :  7.88848e-07
 Reference value :  7.89358e-07
 Reference value :  7.89858e-07
 Reference value :  7.90383e-07
 Reference value :  7.90928e-07
 Reference value :  7.91458e-07
 Reference value :  7.91988e-07
 Reference value :  7.92493e-07
 Reference value :  7.93018e-07
 Reference value :  7.93523e-07
 Reference value :  7.94013e-07
 Reference value :  7.94498e-07
 Reference value :  7.95013e-07
 Reference value :  7.95498e-07
 Reference value :  7.96013e-07
 Reference value :  7.96558e-07
 Reference value :  7.97113e-07
 Reference value :  7.97618e-07
 Reference value :  7.98158e-07
 Reference value :  7.98658e-07
 Reference value :  7.99193e-07
 Reference value :  7.99688e-07
No. of Data Rows : 160024
pt1a                =  1.28982e-08
pt1b                =  6.55358e-08
pt2a                =  1.26824e-08
pt2b                =  6.38370e-08
pt3a                =  1.25427e-08
pt3b                =  6.21916e-08
pt4a                =  1.24085e-08
pt4b                =  6.09519e-08
pvxo_max            =  2.06941e+00 at=  1.71123e-07
pvxo_min            =  -1.05462e-01 at=  5.12132e-07
ptxo_a              =  2.56570e-08
ptxo_b              =  1.12185e-07
ptt1a               =  2.12086e-08
ptt1b               =  1.63798e-07
pvxo_avg            =  1.03453e+00 from=  1.00000e-07 to=  8.00000e-07
pvt1_avg            =  8.67050e-01 from=  1.00000e-07 to=  8.00000e-07
pi1                 =  -1.23855e-05 from=  1.00000e-07 to=  8.00000e-07
pi2                 =  -1.26850e-05 from=  1.00000e-07 to=  8.00000e-07
pi3                 =  -1.30099e-05 from=  1.00000e-07 to=  8.00000e-07
pi4                 =  -1.33361e-05 from=  1.00000e-07 to=  8.00000e-07
pib                 =  -8.94684e-05 from=  1.00000e-07 to=  8.00000e-07
t1a                 =  1.10165e-08
t1b                 =  3.44272e-08
t2a                 =  1.07986e-08
t2b                 =  3.32865e-08
t3a                 =  1.05671e-08
t3b                 =  3.21506e-08
t4a                 =  1.03524e-08
t4b                 =  3.10324e-08
vxo_max             =  2.16903e+00 at=  6.14008e-07
vxo_min             =  -2.53436e-01 at=  1.65183e-07
txo_a               =  1.01255e-08
txo_b               =  4.96770e-08
tt1a                =  1.09484e-08
tt1b                =  7.84107e-08
vxo_avg             =  9.03535e-01 from=  1.00000e-07 to=  8.00000e-07
vt1_avg             =  8.90945e-01 from=  1.00000e-07 to=  8.00000e-07
i1                  =  -1.41233e-05 from=  1.00000e-07 to=  8.00000e-07
i2                  =  -1.45365e-05 from=  1.00000e-07 to=  8.00000e-07
i3                  =  -1.50031e-05 from=  1.00000e-07 to=  8.00000e-07
i4                  =  -1.55146e-05 from=  1.00000e-07 to=  8.00000e-07
ib                  =  -8.16231e-05 from=  1.00000e-07 to=  8.00000e-07
p_tr1 = 5.263759e-09
p_tr2 = 5.115463e-09
p_tr3 = 4.964883e-09
p_tr4 = 4.854334e-09
p_skew_span = 1.084342e+00
p_f_ideal = 7.928801e+08
p_f_xo = 5.547339e+08
p_edge_retention = 6.996440e-01
p_retention_n2 = 8.733116e-01
p_retention_n4 = 6.996440e-01
p_bias_t1 = 4.379041e-01
p_bias_xo = 5.224894e-01
p_swing_frac_xo = 1.098421e+00
p_i_rings = 5.141659e-05
p_i_block = 8.946839e-05
p_i_array_total = 1.408850e-04
p_p_array_total = 2.789523e-04
tr1 = 2.341077e-09
tr2 = 2.248798e-09
tr3 = 2.158344e-09
tr4 = 2.068000e-09
skew_span = 1.132049e+00
f_ideal = 1.818713e+09
f_xo = 1.213608e+09
edge_retention = 6.672892e-01
retention_n2 = 8.161034e-01
retention_n4 = 6.672892e-01
bias_t1 = 4.499721e-01
bias_xo = 4.563310e-01
swing_frac_xo = 1.223470e+00
i_rings = 5.917749e-05
i_block = 8.162310e-05
i_array_total = 1.408006e-04
p_array_total_pre = 2.787852e-04
slowdown_r1 = 2.248435e+00
slowdown_r2 = 2.274754e+00
slowdown_r3 = 2.300321e+00
slowdown_r4 = 2.347357e+00
Note: Simulation executed from .control section 

----- stderr -----

Checking parameters for BSIM 4.5 model xctl.xa3.xmnib:nshort_model.48
Warning: Eta0 = -0.0286127 is negative.

Checking parameters for BSIM 4.5 model xctl.xa3.xmnia:nshort_model.48
Warning: Eta0 = -0.0286127 is negative.

Checking parameters for BSIM 4.5 model xctl.xa2.xmnib:nshort_model.48
Warning: Eta0 = -0.0286127 is negative.

Checking parameters for BSIM 4.5 model xctl.xa2.xmnia:nshort_model.48
Warning: Eta0 = -0.0286127 is negative.

Checking parameters for BSIM 4.5 model xctl.xa1.xmnib:nshort_model.48
Warning: Eta0 = -0.0286127 is negative.

Checking parameters for BSIM 4.5 model xctl.xa1.xmnia:nshort_model.48
Warning: Eta0 = -0.0286127 is negative.

Checking parameters for BSIM 4.5 model xctl.xb4.xmn:nshort_model.48
Warning: Eta0 = -0.0286127 is negative.

Checking parameters for BSIM 4.5 model xctl.xb3.xmn:nshort_model.48
Warning: Eta0 = -0.0286127 is negative.

Checking parameters for BSIM 4.5 model xctl.xb2.xmn:nshort_model.48
Warning: Eta0 = -0.0286127 is negative.

Checking parameters for BSIM 4.5 model xctl.xb1.xmn:nshort_model.48
Warning: Eta0 = -0.0286127 is negative.

Checking parameters for BSIM 4.5 model xctl.xr4.x4.xmn:nshort_model.48
Warning: Eta0 = -0.0286127 is negative.

Checking parameters for BSIM 4.5 model xctl.xr4.x4.xmph:pshort_model.44
Warning: Eta0 = -0.00221468 is negative.

Checking parameters for BSIM 4.5 model xctl.xr4.x3.xmn:nshort_model.48
Warning: Eta0 = -0.0286127 is negative.

Checking parameters for BSIM 4.5 model xctl.xr4.x3.xmph:pshort_model.44
Warning: Eta0 = -0.00221468 is negative.

Checking parameters for BSIM 4.5 model xctl.xr4.x2.xmn:nshort_model.48
Warning: Eta0 = -0.0286127 is negative.

Checking parameters for BSIM 4.5 model xctl.xr4.x2.xmph:pshort_model.44
Warning: Eta0 = -0.00221468 is negative.

Checking parameters for BSIM 4.5 model xctl.xr4.x1.xmn:nshort_model.48
Warning: Eta0 = -0.0286127 is negative.

Checking parameters for BSIM 4.5 model xctl.xr4.x1.xmph:pshort_model.44
Warning: Eta0 = -0.00221468 is negative.

Checking parameters for BSIM 4.5 model xctl.xr4.xg.xmph:pshort_model.44
Warning: Eta0 = -0.00221468 is negative.

Checking parameters for BSIM 4.5 model xctl.xr3.x4.xmn:nshort_model.48
Warning: Eta0 = -0.0286127 is negative.

Checking parameters for BSIM 4.5 model xctl.xr3.x4.xmph:pshort_model.44
Warning: Eta0 = -0.00221468 is negative.

Checking parameters for BSIM 4.5 model xctl.xr3.x3.xmn:nshort_model.48
Warning: Eta0 = -0.0286127 is negative.

Checking parameters for BSIM 4.5 model xctl.xr3.x3.xmph:pshort_model.44
Warning: Eta0 = -0.00221468 is negative.

Checking parameters for BSIM 4.5 model xctl.xr3.x2.xmn:nshort_model.48
Warning: Eta0 = -0.0286127 is negative.

Checking parameters for BSIM 4.5 model xctl.xr3.x2.xmph:pshort_model.44
Warning: Eta0 = -0.00221468 is negative.

Checking parameters for BSIM 4.5 model xctl.xr3.x1.xmn:nshort_model.48
Warning: Eta0 = -0.0286127 is negative.

Checking parameters for BSIM 4.5 model xctl.xr3.x1.xmph:pshort_model.44
Warning: Eta0 = -0.00221468 is negative.

Checking parameters for BSIM 4.5 model xctl.xr3.xg.xmph:pshort_model.44
Warning: Eta0 = -0.00221468 is negative.

Checking parameters for BSIM 4.5 model xctl.xr2.x4.xmn:nshort_model.48
Warning: Eta0 = -0.0286127 is negative.

Checking parameters for BSIM 4.5 model xctl.xr2.x4.xmph:pshort_model.44
Warning: Eta0 = -0.00221468 is negative.

Checking parameters for BSIM 4.5 model xctl.xr2.x3.xmn:nshort_model.48
Warning: Eta0 = -0.0286127 is negative.

Checking parameters for BSIM 4.5 model xctl.xr2.x3.xmph:pshort_model.44
Warning: Eta0 = -0.00221468 is negative.

Checking parameters for BSIM 4.5 model xctl.xr2.x2.xmn:nshort_model.48
Warning: Eta0 = -0.0286127 is negative.

Checking parameters for BSIM 4.5 model xctl.xr2.x2.xmph:pshort_model.44
Warning: Eta0 = -0.00221468 is negative.

Checking parameters for BSIM 4.5 model xctl.xr2.x1.xmn:nshort_model.48
Warning: Eta0 = -0.0286127 is negative.

Checking parameters for BSIM 4.5 model xctl.xr2.x1.xmph:pshort_model.44
Warning: Eta0 = -0.00221468 is negative.

Checking parameters for BSIM 4.5 model xctl.xr2.xg.xmph:pshort_model.44
Warning: Eta0 = -0.00221468 is negative.

Checking parameters for BSIM 4.5 model xctl.xr1.x4.xmn:nshort_model.48
Warning: Eta0 = -0.0286127 is negative.

Checking parameters for BSIM 4.5 model xctl.xr1.x4.xmph:pshort_model.44
Warning: Eta0 = -0.00221468 is negative.

Checking parameters for BSIM 4.5 model xctl.xr1.x3.xmn:nshort_model.48
Warning: Eta0 = -0.0286127 is negative.

Checking parameters for BSIM 4.5 model xctl.xr1.x3.xmph:pshort_model.44
Warning: Eta0 = -0.00221468 is negative.

Checking parameters for BSIM 4.5 model xctl.xr1.x2.xmn:nshort_model.48
Warning: Eta0 = -0.0286127 is negative.

Checking parameters for BSIM 4.5 model xctl.xr1.x2.xmph:pshort_model.44
Warning: Eta0 = -0.00221468 is negative.

Checking parameters for BSIM 4.5 model xctl.xr1.x1.xmn:nshort_model.48
Warning: Eta0 = -0.0286127 is negative.

Checking parameters for BSIM 4.5 model xctl.xr1.x1.xmph:pshort_model.44
Warning: Eta0 = -0.00221468 is negative.

Checking parameters for BSIM 4.5 model xctl.xr1.xg.xmph:pshort_model.44
Warning: Eta0 = -0.00221468 is negative.

Checking parameters for BSIM 4.5 model xarr.xpex.xn66:nshort_model.48
Warning: Eta0 = -0.0286127 is negative.

Checking parameters for BSIM 4.5 model xarr.xpex.xn61:nshort_model.48
Warning: Eta0 = -0.0286127 is negative.

Checking parameters for BSIM 4.5 model xarr.xpex.xn60:nshort_model.48
Warning: Eta0 = -0.0286127 is negative.

Checking parameters for BSIM 4.5 model xarr.xpex.xn55:nshort_model.48
Warning: Eta0 = -0.0286127 is negative.

Checking parameters for BSIM 4.5 model xarr.xpex.xn54:nshort_model.48
Warning: Eta0 = -0.0286127 is negative.

Checking parameters for BSIM 4.5 model xarr.xpex.xn49:nshort_model.48
Warning: Eta0 = -0.0286127 is negative.

Checking parameters for BSIM 4.5 model xarr.xpex.xn48:nshort_model.48
Warning: Eta0 = -0.0286127 is negative.

Checking parameters for BSIM 4.5 model xarr.xpex.xn47:nshort_model.48
Warning: Eta0 = -0.0286127 is negative.

Checking parameters for BSIM 4.5 model xarr.xpex.xn46:nshort_model.48
Warning: Eta0 = -0.0286127 is negative.

Checking parameters for BSIM 4.5 model xarr.xpex.xn45:nshort_model.48
Warning: Eta0 = -0.0286127 is negative.

Checking parameters for BSIM 4.5 model xarr.xpex.xn44:nshort_model.48
Warning: Eta0 = -0.0286127 is negative.

Checking parameters for BSIM 4.5 model xarr.xpex.xn43:nshort_model.48
Warning: Eta0 = -0.0286127 is negative.

Checking parameters for BSIM 4.5 model xarr.xpex.xn42:nshort_model.48
Warning: Eta0 = -0.0286127 is negative.

Checking parameters for BSIM 4.5 model xarr.xpex.xn41:nshort_model.48
Warning: Eta0 = -0.0286127 is negative.

Checking parameters for BSIM 4.5 model xarr.xpex.xn40:nshort_model.48
Warning: Eta0 = -0.0286127 is negative.

Checking parameters for BSIM 4.5 model xarr.xpex.xn39:nshort_model.48
Warning: Eta0 = -0.0286127 is negative.

Checking parameters for BSIM 4.5 model xarr.xpex.xn38:nshort_model.48
Warning: Eta0 = -0.0286127 is negative.

Checking parameters for BSIM 4.5 model xarr.xpex.xn37:nshort_model.48
Warning: Eta0 = -0.0286127 is negative.

Checking parameters for BSIM 4.5 model xarr.xpex.xn35:nshort_model.48
Warning: Eta0 = -0.0286127 is negative.

Checking parameters for BSIM 4.5 model xarr.xpex.xn33:nshort_model.48
Warning: Eta0 = -0.0286127 is negative.

Checking parameters for BSIM 4.5 model xarr.xpex.xn31:nshort_model.48
Warning: Eta0 = -0.0286127 is negative.

Checking parameters for BSIM 4.5 model xarr.xpex.xn28:nshort_model.48
Warning: Eta0 = -0.0286127 is negative.

Checking parameters for BSIM 4.5 model xarr.xpex.xn27:nshort_model.48
Warning: Eta0 = -0.0286127 is negative.

Checking parameters for BSIM 4.5 model xarr.xpex.xn25:nshort_model.48
Warning: Eta0 = -0.0286127 is negative.

Checking parameters for BSIM 4.5 model xarr.xpex.xn23:nshort_model.48
Warning: Eta0 = -0.0286127 is negative.

Checking parameters for BSIM 4.5 model xarr.xpex.xn21:nshort_model.48
Warning: Eta0 = -0.0286127 is negative.

